=> Booting WEBrick
=> Rails 4.0.5 application starting in development on http://0.0.0.0:3000
=> Run `rails server -h` for more startup options
=> Ctrl-C to shutdown server


Started POST "/routes" for 122.56.203.213 at 2014-10-26 17:07:58 -0400
  [1m[36mActiveRecord::SchemaMigration Load (0.6ms)[0m  [1mSELECT "schema_migrations".* FROM "schema_migrations"[0m
Processing by RoutesController#create as JS
  Parameters: {"utf8"=>"✓", "url"=>"xpb471xrnxpb974", "route"=>{"startplace_id"=>"471", "startplace_location"=>"POINT (176.35679519594387 -39.276570339781195)", "endplace_id"=>"974", "endplace_location"=>"POINT (176.36364390483539 -39.351390062332925)", "via"=>"test", "datasource"=>"", "location"=>"LINESTRING(-178.69120751835092 -41.39968070361295,174.64130109238815 -45.8735456812329)", "description"=>"", "reverse_description"=>"", "time"=>"2", "distance"=>"733.4859223954478", "importance_id"=>"1", "routetype_id"=>"1", "gradient_id"=>"1", "terrain_id"=>"1", "alpinesummer_id"=>"1", "river_id"=>"1", "alpinewinter_id"=>"1", "winterdescription"=>"", "links"=>""}, "gpxfield"=>"", "save"=>"Save"}
  [1m[35mUser Load (1.1ms)[0m  SELECT "users".* FROM "users" WHERE "users"."remember_token" = '855dacaac992e91185ab7af446ea0a4970757c2d' LIMIT 1
  [1m[36m (0.2ms)[0m  [1mBEGIN[0m
  [1m[35mRole Load (4.3ms)[0m  SELECT "roles".* FROM "roles" WHERE "roles"."id" = $1 LIMIT 1  [["id", 1]]
  [1m[36mUser Exists (1.2ms)[0m  [1mSELECT 1 AS one FROM "users" WHERE (LOWER("users"."name") = LOWER('madpom') AND "users"."id" != 1) LIMIT 1[0m
  [1m[35mUser Exists (0.6ms)[0m  SELECT 1 AS one FROM "users" WHERE (LOWER("users"."email") = LOWER('mattbriggs@yahoo.com') AND "users"."id" != 1) LIMIT 1
  [1m[36mSQL (3.1ms)[0m  [1mUPDATE "users" SET "lastVisited" = $1, "updated_at" = $2 WHERE "users"."id" = 1[0m  [["lastVisited", Mon, 27 Oct 2014 10:07:58 NZDT +13:00], ["updated_at", Mon, 27 Oct 2014 10:07:58 NZDT +13:00]]
  [1m[35m (0.8ms)[0m  COMMIT
Unpermitted parameters: startplace_location, endplace_location
  [1m[36m (3.9ms)[0m  [1mSELECT f_geometry_column,coord_dimension,srid,type FROM geometry_columns WHERE f_table_name='routes'[0m
  [1m[35mDem30 Load (7.4ms)[0m  
 select ST_Value(rast, ST_GeomFromText('POINT(-178.69120751835092 -41.39968070361295)',4326)) rid
 from dem30s
 where ST_Intersects(rast,ST_GeomFromText('POINT(-178.69120751835092 -41.39968070361295)',4326));
  [1m[36mDem30 Load (0.4ms)[0m  [1m
 select ST_Value(rast, ST_GeomFromText('POINT(174.64130109238815 -45.8735456812329)',4326)) rid
 from dem30s
 where ST_Intersects(rast,ST_GeomFromText('POINT(174.64130109238815 -45.8735456812329)',4326));[0m
  [1m[35mRoute Load (1.1ms)[0m  select * from routes where "startplace_id"=471 and "endplace_id"=974 and via='test'
  [1m[36m (0.2ms)[0m  [1mBEGIN[0m
  [1m[35mUser Load (0.6ms)[0m  SELECT "users".* FROM "users" WHERE "users"."id" = $1 LIMIT 1  [["id", 1]]
  [1m[36mRoutetype Load (0.5ms)[0m  [1mSELECT "routetypes".* FROM "routetypes" WHERE "routetypes"."id" = $1 LIMIT 1[0m  [["id", 1]]
  [1m[35mGradient Load (0.5ms)[0m  SELECT "gradients".* FROM "gradients" WHERE "gradients"."id" = $1 LIMIT 1  [["id", 1]]
  [1m[36mTerrain Load (0.5ms)[0m  [1mSELECT "terrains".* FROM "terrains" WHERE "terrains"."id" = $1 LIMIT 1[0m  [["id", 1]]
  [1m[35mAlpine Load (0.5ms)[0m  SELECT "alpines".* FROM "alpines" WHERE "alpines"."id" = $1 LIMIT 1  [["id", 1]]
  [1m[36mAlpinew Load (0.5ms)[0m  [1mSELECT "alpinews".* FROM "alpinews" WHERE "alpinews"."id" = $1 LIMIT 1[0m  [["id", 1]]
  [1m[35mRiver Load (0.5ms)[0m  SELECT "rivers".* FROM "rivers" WHERE "rivers"."id" = $1 LIMIT 1  [["id", 1]]
  [1m[36m (2.6ms)[0m  [1mSELECT f_geometry_column,coord_dimension,srid,type FROM geometry_columns WHERE f_table_name='places'[0m
  [1m[35mPlace Load (0.8ms)[0m  SELECT "places".* FROM "places" WHERE "places"."id" = $1 LIMIT 1  [["id", 471]]
  [1m[36mPlace Load (0.4ms)[0m  [1mSELECT "places".* FROM "places" WHERE "places"."id" = $1 LIMIT 1[0m  [["id", 974]]
  [1m[35mRoute Exists (0.9ms)[0m  SELECT 1 AS one FROM "routes" WHERE "routes"."name" IS NULL LIMIT 1
  [1m[36mSQL (1.5ms)[0m  [1mINSERT INTO "routes" ("alpinesummer_id", "alpinewinter_id", "createdBy_id", "created_at", "datasource", "description", "distance", "endplace_id", "gradient_id", "importance_id", "links", "location", "name", "reverse_description", "river_id", "routetype_id", "startplace_id", "terrain_id", "time", "updatedBy_id", "updated_at", "via", "winterdescription") VALUES ($1, $2, $3, $4, $5, $6, $7, $8, $9, $10, $11, $12, $13, $14, $15, $16, $17, $18, $19, $20, $21, $22, $23) RETURNING "id"[0m  [["alpinesummer_id", 1], ["alpinewinter_id", 1], ["createdBy_id", 1], ["created_at", Mon, 27 Oct 2014 10:07:58 NZDT +13:00], ["datasource", "drawn on map"], ["description", ""], ["distance", #<BigDecimal:2135220,'0.7334859223 954478E3',27(27)>], ["endplace_id", 974], ["gradient_id", 1], ["importance_id", 1], ["links", ""], ["location", #<RGeo::Geographic::SphericalLineStringImpl:0x109a208 "LINESTRING (-178.69120751835092 -41.39968070361295 0.0, 174.64130109238815 -45.8735456812329 0.0)">], ["name", "Back Ridge Hut to The Lakes Carpark via test"], ["reverse_description", ""], ["river_id", 1], ["routetype_id", 1], ["startplace_id", 471], ["terrain_id", 1], ["time", #<BigDecimal:2130108,'0.2E1',9(18)>], ["updatedBy_id", 1], ["updated_at", Mon, 27 Oct 2014 10:07:58 NZDT +13:00], ["via", "test"], ["winterdescription", ""]]
  [1m[35m (1.6ms)[0m  SELECT f_geometry_column,coord_dimension,srid,type FROM geometry_columns WHERE f_table_name='route_instances'
  [1m[36mSQL (1.3ms)[0m  [1mINSERT INTO "route_instances" ("alpinesummer_id", "alpinewinter_id", "createdBy_id", "created_at", "datasource", "description", "distance", "endplace_id", "gradient_id", "importance_id", "links", "location", "name", "reverse_description", "river_id", "route_id", "routetype_id", "startplace_id", "terrain_id", "time", "updatedBy_id", "updated_at", "via", "winterdescription") VALUES ($1, $2, $3, $4, $5, $6, $7, $8, $9, $10, $11, $12, $13, $14, $15, $16, $17, $18, $19, $20, $21, $22, $23, $24) RETURNING "id"[0m  [["alpinesummer_id", 1], ["alpinewinter_id", 1], ["createdBy_id", 1], ["created_at", Mon, 27 Oct 2014 10:07:58 NZDT +13:00], ["datasource", "drawn on map"], ["description", ""], ["distance", #<BigDecimal:2135220,'0.7334859223 954478E3',27(27)>], ["endplace_id", 974], ["gradient_id", 1], ["importance_id", 1], ["links", ""], ["location", #<RGeo::Geographic::SphericalLineStringImpl:0x109a208 "LINESTRING (-178.69120751835092 -41.39968070361295 0.0, 174.64130109238815 -45.8735456812329 0.0)">], ["name", "Back Ridge Hut to The Lakes Carpark via test"], ["reverse_description", ""], ["river_id", 1], ["route_id", 272], ["routetype_id", 1], ["startplace_id", 471], ["terrain_id", 1], ["time", #<BigDecimal:2130108,'0.2E1',9(18)>], ["updatedBy_id", 1], ["updated_at", Mon, 27 Oct 2014 10:07:58 NZDT +13:00], ["via", "test"], ["winterdescription", ""]]
  [1m[35mRouteIndex Load (24.1ms)[0m  SELECT "route_indices".* FROM "route_indices" WHERE (url ~ 'xrv[-]{0,1}272x' or url ~ 'xrv[-]{0,1}272$')
  [1m[36mPlaceType Load (0.5ms)[0m  [1mselect * from place_types where name='Hut'[0m
  [1m[35mPlaceType Load (0.2ms)[0m  select name, "isDest" from place_types
  [1m[36mPlace Load (0.3ms)[0m  [1mSELECT "places".* FROM "places" WHERE "places"."id" = 471 LIMIT 1[0m
  [1m[35mRoute Load (0.3ms)[0m  select * from routes where startplace_id = 471
  [1m[36mRoute Load (0.4ms)[0m  [1mselect * from routes where endplace_id = 471[0m
  [1m[35mPlace Load (0.3ms)[0m  SELECT "places".* FROM "places" WHERE "places"."id" = $1 LIMIT 1  [["id", 471]]
  [1m[36mPlace Load (0.3ms)[0m  [1mSELECT "places".* FROM "places" WHERE "places"."id" = $1 LIMIT 1[0m  [["id", 1119]]
  [1m[35mPlace Load (0.3ms)[0m  SELECT "places".* FROM "places" WHERE "places"."id" = 1119 LIMIT 1
  [1m[36mRoute Load (0.4ms)[0m  [1mselect * from routes where startplace_id = 1119[0m
  [1m[35mRoute Load (0.4ms)[0m  select * from routes where endplace_id = 1119
  [1m[36mCACHE (0.0ms)[0m  [1mSELECT "places".* FROM "places" WHERE "places"."id" = $1 LIMIT 1[0m  [["id", 1119]]
  [1m[35mPlace Load (0.3ms)[0m  SELECT "places".* FROM "places" WHERE "places"."id" = $1 LIMIT 1  [["id", 1120]]
  [1m[36mPlace Load (0.3ms)[0m  [1mSELECT "places".* FROM "places" WHERE "places"."id" = $1 LIMIT 1[0m  [["id", 976]]
  [1m[35mCACHE (0.0ms)[0m  SELECT "places".* FROM "places" WHERE "places"."id" = $1 LIMIT 1  [["id", 471]]
  [1m[36mPlace Load (0.3ms)[0m  [1mSELECT "places".* FROM "places" WHERE "places"."id" = 976 LIMIT 1[0m
  [1m[35mRoute Load (0.3ms)[0m  select * from routes where startplace_id = 976
  [1m[36mRoute Load (0.3ms)[0m  [1mselect * from routes where endplace_id = 976[0m
  [1m[35mCACHE (0.0ms)[0m  SELECT "places".* FROM "places" WHERE "places"."id" = $1 LIMIT 1  [["id", 976]]
  [1m[36mPlace Load (0.2ms)[0m  [1mSELECT "places".* FROM "places" WHERE "places"."id" = $1 LIMIT 1[0m  [["id", 1121]]
  [1m[35mCACHE (0.0ms)[0m  SELECT "places".* FROM "places" WHERE "places"."id" = $1 LIMIT 1  [["id", 976]]
  [1m[36mCACHE (0.0ms)[0m  [1mSELECT "places".* FROM "places" WHERE "places"."id" = $1 LIMIT 1[0m  [["id", 1119]]
  [1m[35mPlace Load (0.2ms)[0m  SELECT "places".* FROM "places" WHERE "places"."id" = $1 LIMIT 1  [["id", 45]]
  [1m[36mPlace Load (0.3ms)[0m  [1mSELECT "places".* FROM "places" WHERE "places"."id" = 1120 LIMIT 1[0m
  [1m[35mRoute Load (0.3ms)[0m  select * from routes where startplace_id = 1120
  [1m[36mRoute Load (0.3ms)[0m  [1mselect * from routes where endplace_id = 1120[0m
  [1m[35mCACHE (0.0ms)[0m  SELECT "places".* FROM "places" WHERE "places"."id" = $1 LIMIT 1  [["id", 1120]]
  [1m[36mPlace Load (0.2ms)[0m  [1mSELECT "places".* FROM "places" WHERE "places"."id" = $1 LIMIT 1[0m  [["id", 1118]]
  [1m[35mCACHE (0.0ms)[0m  SELECT "places".* FROM "places" WHERE "places"."id" = $1 LIMIT 1  [["id", 1119]]
  [1m[36mPlace Load (0.3ms)[0m  [1mSELECT "places".* FROM "places" WHERE "places"."id" = 45 LIMIT 1[0m
  [1m[35mRoute Load (0.3ms)[0m  select * from routes where startplace_id = 45
  [1m[36mRoute Load (0.3ms)[0m  [1mselect * from routes where endplace_id = 45[0m
  [1m[35mCACHE (0.0ms)[0m  SELECT "places".* FROM "places" WHERE "places"."id" = $1 LIMIT 1  [["id", 45]]
  [1m[36mCACHE (0.0ms)[0m  [1mSELECT "places".* FROM "places" WHERE "places"."id" = $1 LIMIT 1[0m  [["id", 976]]
  [1m[35mPlace Load (0.2ms)[0m  SELECT "places".* FROM "places" WHERE "places"."id" = $1 LIMIT 1  [["id", 650]]
  [1m[36mPlace Load (0.3ms)[0m  [1mSELECT "places".* FROM "places" WHERE "places"."id" = 1121 LIMIT 1[0m
  [1m[35mRoute Load (0.3ms)[0m  select * from routes where startplace_id = 1121
  [1m[36mRoute Load (0.3ms)[0m  [1mselect * from routes where endplace_id = 1121[0m
  [1m[35mCACHE (0.0ms)[0m  SELECT "places".* FROM "places" WHERE "places"."id" = $1 LIMIT 1  [["id", 1121]]
  [1m[36mPlace Load (0.2ms)[0m  [1mSELECT "places".* FROM "places" WHERE "places"."id" = $1 LIMIT 1[0m  [["id", 1122]]
  [1m[35mCACHE (0.0ms)[0m  SELECT "places".* FROM "places" WHERE "places"."id" = $1 LIMIT 1  [["id", 976]]
  [1m[36mPlace Load (0.3ms)[0m  [1mSELECT "places".* FROM "places" WHERE "places"."id" = 1118 LIMIT 1[0m
  [1m[35mRoute Load (0.3ms)[0m  select * from routes where startplace_id = 1118
  [1m[36mRoute Load (0.3ms)[0m  [1mselect * from routes where endplace_id = 1118[0m
  [1m[35mCACHE (0.0ms)[0m  SELECT "places".* FROM "places" WHERE "places"."id" = $1 LIMIT 1  [["id", 1118]]
  [1m[36mPlace Load (0.2ms)[0m  [1mSELECT "places".* FROM "places" WHERE "places"."id" = $1 LIMIT 1[0m  [["id", 1117]]
  [1m[35mPlace Load (0.2ms)[0m  SELECT "places".* FROM "places" WHERE "places"."id" = $1 LIMIT 1  [["id", 1134]]
  [1m[36mCACHE (0.0ms)[0m  [1mSELECT "places".* FROM "places" WHERE "places"."id" = $1 LIMIT 1[0m  [["id", 1120]]
  [1m[35mPlace Load (0.3ms)[0m  SELECT "places".* FROM "places" WHERE "places"."id" = 650 LIMIT 1
  [1m[36mRoute Load (0.3ms)[0m  [1mselect * from routes where startplace_id = 650[0m
  [1m[35mRoute Load (0.3ms)[0m  select * from routes where endplace_id = 650
  [1m[36mCACHE (0.0ms)[0m  [1mSELECT "places".* FROM "places" WHERE "places"."id" = $1 LIMIT 1[0m  [["id", 650]]
  [1m[35mCACHE (0.0ms)[0m  SELECT "places".* FROM "places" WHERE "places"."id" = $1 LIMIT 1  [["id", 45]]
  [1m[36mPlace Load (0.2ms)[0m  [1mSELECT "places".* FROM "places" WHERE "places"."id" = $1 LIMIT 1[0m  [["id", 207]]
  [1m[35mPlace Load (0.3ms)[0m  SELECT "places".* FROM "places" WHERE "places"."id" = 1122 LIMIT 1
  [1m[36mRoute Load (0.3ms)[0m  [1mselect * from routes where startplace_id = 1122[0m
  [1m[35mRoute Load (0.3ms)[0m  select * from routes where endplace_id = 1122
  [1m[36mCACHE (0.0ms)[0m  [1mSELECT "places".* FROM "places" WHERE "places"."id" = $1 LIMIT 1[0m  [["id", 1122]]
  [1m[35mPlace Load (0.2ms)[0m  SELECT "places".* FROM "places" WHERE "places"."id" = $1 LIMIT 1  [["id", 975]]
  [1m[36mCACHE (0.0ms)[0m  [1mSELECT "places".* FROM "places" WHERE "places"."id" = $1 LIMIT 1[0m  [["id", 1121]]
  [1m[35mPlace Load (0.3ms)[0m  SELECT "places".* FROM "places" WHERE "places"."id" = 1134 LIMIT 1
  [1m[36mRoute Load (0.3ms)[0m  [1mselect * from routes where startplace_id = 1134[0m
  [1m[35mRoute Load (0.3ms)[0m  select * from routes where endplace_id = 1134
  [1m[36mCACHE (0.0ms)[0m  [1mSELECT "places".* FROM "places" WHERE "places"."id" = $1 LIMIT 1[0m  [["id", 1134]]
  [1m[35mCACHE (0.0ms)[0m  SELECT "places".* FROM "places" WHERE "places"."id" = $1 LIMIT 1  [["id", 1118]]
  [1m[36mPlace Load (0.2ms)[0m  [1mSELECT "places".* FROM "places" WHERE "places"."id" = $1 LIMIT 1[0m  [["id", 1135]]
  [1m[35mPlace Load (0.3ms)[0m  SELECT "places".* FROM "places" WHERE "places"."id" = 1117 LIMIT 1
  [1m[36mRoute Load (0.3ms)[0m  [1mselect * from routes where startplace_id = 1117[0m
  [1m[35mRoute Load (0.3ms)[0m  select * from routes where endplace_id = 1117
  [1m[36mCACHE (0.0ms)[0m  [1mSELECT "places".* FROM "places" WHERE "places"."id" = $1 LIMIT 1[0m  [["id", 1117]]
  [1m[35mPlace Load (0.2ms)[0m  SELECT "places".* FROM "places" WHERE "places"."id" = $1 LIMIT 1  [["id", 58]]
  [1m[36mCACHE (0.0ms)[0m  [1mSELECT "places".* FROM "places" WHERE "places"."id" = $1 LIMIT 1[0m  [["id", 1118]]
  [1m[35mPlace Load (0.2ms)[0m  SELECT "places".* FROM "places" WHERE "places"."id" = $1 LIMIT 1  [["id", 258]]
  [1m[36mPlace Load (0.2ms)[0m  [1mSELECT "places".* FROM "places" WHERE "places"."id" = 207 LIMIT 1[0m
  [1m[35mRoute Load (0.3ms)[0m  select * from routes where startplace_id = 207
  [1m[36mRoute Load (0.4ms)[0m  [1mselect * from routes where endplace_id = 207[0m
  [1m[35mCACHE (0.0ms)[0m  SELECT "places".* FROM "places" WHERE "places"."id" = $1 LIMIT 1  [["id", 207]]
  [1m[36mCACHE (0.0ms)[0m  [1mSELECT "places".* FROM "places" WHERE "places"."id" = $1 LIMIT 1[0m  [["id", 650]]
  [1m[35mCACHE (0.0ms)[0m  SELECT "places".* FROM "places" WHERE "places"."id" = $1 LIMIT 1  [["id", 207]]
  [1m[36mPlace Load (0.2ms)[0m  [1mSELECT "places".* FROM "places" WHERE "places"."id" = $1 LIMIT 1[0m  [["id", 1133]]
  [1m[35mPlace Load (0.2ms)[0m  SELECT "places".* FROM "places" WHERE "places"."id" = $1 LIMIT 1  [["id", 1129]]
  [1m[36mPlace Load (0.3ms)[0m  [1mSELECT "places".* FROM "places" WHERE "places"."id" = 975 LIMIT 1[0m
  [1m[35mRoute Load (0.3ms)[0m  select * from routes where startplace_id = 975
  [1m[36mRoute Load (0.3ms)[0m  [1mselect * from routes where endplace_id = 975[0m
  [1m[35mCACHE (0.0ms)[0m  SELECT "places".* FROM "places" WHERE "places"."id" = $1 LIMIT 1  [["id", 975]]
  [1m[36mCACHE (0.0ms)[0m  [1mSELECT "places".* FROM "places" WHERE "places"."id" = $1 LIMIT 1[0m  [["id", 1129]]
  [1m[35mCACHE (0.0ms)[0m  SELECT "places".* FROM "places" WHERE "places"."id" = $1 LIMIT 1  [["id", 975]]
  [1m[36mPlace Load (0.2ms)[0m  [1mSELECT "places".* FROM "places" WHERE "places"."id" = $1 LIMIT 1[0m  [["id", 1123]]
  [1m[35mCACHE (0.0ms)[0m  SELECT "places".* FROM "places" WHERE "places"."id" = $1 LIMIT 1  [["id", 1122]]
  [1m[36mPlace Load (0.3ms)[0m  [1mSELECT "places".* FROM "places" WHERE "places"."id" = 1135 LIMIT 1[0m
  [1m[35mRoute Load (0.3ms)[0m  select * from routes where startplace_id = 1135
  [1m[36mRoute Load (0.3ms)[0m  [1mselect * from routes where endplace_id = 1135[0m
  [1m[35mCACHE (0.0ms)[0m  SELECT "places".* FROM "places" WHERE "places"."id" = $1 LIMIT 1  [["id", 1135]]
  [1m[36mCACHE (0.0ms)[0m  [1mSELECT "places".* FROM "places" WHERE "places"."id" = $1 LIMIT 1[0m  [["id", 1134]]
  [1m[35mPlace Load (0.2ms)[0m  SELECT "places".* FROM "places" WHERE "places"."id" = $1 LIMIT 1  [["id", 271]]
  [1m[36mPlace Load (0.4ms)[0m  [1mSELECT "places".* FROM "places" WHERE "places"."id" = 258 LIMIT 1[0m
  [1m[35mRoute Load (0.2ms)[0m  select * from routes where startplace_id = 258
  [1m[36mRoute Load (0.3ms)[0m  [1mselect * from routes where endplace_id = 258[0m
  [1m[35mCACHE (0.0ms)[0m  SELECT "places".* FROM "places" WHERE "places"."id" = $1 LIMIT 1  [["id", 258]]
  [1m[36mCACHE (0.0ms)[0m  [1mSELECT "places".* FROM "places" WHERE "places"."id" = $1 LIMIT 1[0m  [["id", 1117]]
  [1m[35mPlace Load (0.3ms)[0m  SELECT "places".* FROM "places" WHERE "places"."id" = 58 LIMIT 1
  [1m[36mRoute Load (0.3ms)[0m  [1mselect * from routes where startplace_id = 58[0m
  [1m[35mRoute Load (0.3ms)[0m  select * from routes where endplace_id = 58
  [1m[36mCACHE (0.0ms)[0m  [1mSELECT "places".* FROM "places" WHERE "places"."id" = $1 LIMIT 1[0m  [["id", 58]]
  [1m[35mPlace Load (0.2ms)[0m  SELECT "places".* FROM "places" WHERE "places"."id" = $1 LIMIT 1  [["id", 1116]]
  [1m[36mCACHE (0.0ms)[0m  [1mSELECT "places".* FROM "places" WHERE "places"."id" = $1 LIMIT 1[0m  [["id", 1117]]
  [1m[35mPlace Load (0.3ms)[0m  SELECT "places".* FROM "places" WHERE "places"."id" = 1129 LIMIT 1
  [1m[36mRoute Load (0.3ms)[0m  [1mselect * from routes where startplace_id = 1129[0m
  [1m[35mRoute Load (0.4ms)[0m  select * from routes where endplace_id = 1129
  [1m[36mCACHE (0.0ms)[0m  [1mSELECT "places".* FROM "places" WHERE "places"."id" = $1 LIMIT 1[0m  [["id", 1129]]
  [1m[35mCACHE (0.0ms)[0m  SELECT "places".* FROM "places" WHERE "places"."id" = $1 LIMIT 1  [["id", 207]]
  [1m[36mPlace Load (0.2ms)[0m  [1mSELECT "places".* FROM "places" WHERE "places"."id" = $1 LIMIT 1[0m  [["id", 1124]]
  [1m[35mCACHE (0.0ms)[0m  SELECT "places".* FROM "places" WHERE "places"."id" = $1 LIMIT 1  [["id", 975]]
  [1m[36mPlace Load (0.3ms)[0m  [1mSELECT "places".* FROM "places" WHERE "places"."id" = 1133 LIMIT 1[0m
  [1m[35mRoute Load (0.3ms)[0m  select * from routes where startplace_id = 1133
  [1m[36mRoute Load (0.3ms)[0m  [1mselect * from routes where endplace_id = 1133[0m
  [1m[35mCACHE (0.0ms)[0m  SELECT "places".* FROM "places" WHERE "places"."id" = $1 LIMIT 1  [["id", 1133]]
  [1m[36mPlace Load (0.2ms)[0m  [1mSELECT "places".* FROM "places" WHERE "places"."id" = $1 LIMIT 1[0m  [["id", 1131]]
  [1m[35mCACHE (0.0ms)[0m  SELECT "places".* FROM "places" WHERE "places"."id" = $1 LIMIT 1  [["id", 207]]
  [1m[36mCACHE (0.0ms)[0m  [1mSELECT "places".* FROM "places" WHERE "places"."id" = 1129 LIMIT 1[0m
  [1m[35mCACHE (0.0ms)[0m  select * from routes where startplace_id = 1129
  [1m[36mCACHE (0.0ms)[0m  [1mselect * from routes where endplace_id = 1129[0m
  [1m[35mCACHE (0.0ms)[0m  SELECT "places".* FROM "places" WHERE "places"."id" = $1 LIMIT 1  [["id", 1129]]
  [1m[36mCACHE (0.0ms)[0m  [1mSELECT "places".* FROM "places" WHERE "places"."id" = $1 LIMIT 1[0m  [["id", 207]]
  [1m[35mCACHE (0.0ms)[0m  SELECT "places".* FROM "places" WHERE "places"."id" = $1 LIMIT 1  [["id", 1124]]
  [1m[36mCACHE (0.0ms)[0m  [1mSELECT "places".* FROM "places" WHERE "places"."id" = $1 LIMIT 1[0m  [["id", 975]]
  [1m[35mPlace Load (0.3ms)[0m  SELECT "places".* FROM "places" WHERE "places"."id" = 1123 LIMIT 1
  [1m[36mRoute Load (0.3ms)[0m  [1mselect * from routes where startplace_id = 1123[0m
  [1m[35mRoute Load (0.3ms)[0m  select * from routes where endplace_id = 1123
  [1m[36mCACHE (0.0ms)[0m  [1mSELECT "places".* FROM "places" WHERE "places"."id" = $1 LIMIT 1[0m  [["id", 1123]]
  [1m[35mCACHE (0.0ms)[0m  SELECT "places".* FROM "places" WHERE "places"."id" = $1 LIMIT 1  [["id", 1124]]
  [1m[36mCACHE (0.0ms)[0m  [1mSELECT "places".* FROM "places" WHERE "places"."id" = $1 LIMIT 1[0m  [["id", 975]]
  [1m[35mPlace Load (0.2ms)[0m  SELECT "places".* FROM "places" WHERE "places"."id" = $1 LIMIT 1  [["id", 1125]]
  [1m[36mPlace Load (0.2ms)[0m  [1mSELECT "places".* FROM "places" WHERE "places"."id" = 271 LIMIT 1[0m
  [1m[35mRoute Load (0.3ms)[0m  select * from routes where startplace_id = 271
  [1m[36mRoute Load (0.3ms)[0m  [1mselect * from routes where endplace_id = 271[0m
  [1m[35mCACHE (0.0ms)[0m  SELECT "places".* FROM "places" WHERE "places"."id" = $1 LIMIT 1  [["id", 271]]
  [1m[36mCACHE (0.0ms)[0m  [1mSELECT "places".* FROM "places" WHERE "places"."id" = $1 LIMIT 1[0m  [["id", 1135]]
  [1m[35mPlace Load (0.3ms)[0m  SELECT "places".* FROM "places" WHERE "places"."id" = 1116 LIMIT 1
  [1m[36mRoute Load (0.4ms)[0m  [1mselect * from routes where startplace_id = 1116[0m
  [1m[35mRoute Load (0.3ms)[0m  select * from routes where endplace_id = 1116
  [1m[36mCACHE (0.0ms)[0m  [1mSELECT "places".* FROM "places" WHERE "places"."id" = $1 LIMIT 1[0m  [["id", 1116]]
  [1m[35mPlace Load (0.2ms)[0m  SELECT "places".* FROM "places" WHERE "places"."id" = $1 LIMIT 1  [["id", 827]]
  [1m[36mPlace Load (0.3ms)[0m  [1mSELECT "places".* FROM "places" WHERE "places"."id" = $1 LIMIT 1[0m  [["id", 528]]
  [1m[35mCACHE (0.0ms)[0m  SELECT "places".* FROM "places" WHERE "places"."id" = $1 LIMIT 1  [["id", 58]]
  [1m[36mPlace Load (0.3ms)[0m  [1mSELECT "places".* FROM "places" WHERE "places"."id" = 1124 LIMIT 1[0m
  [1m[35mRoute Load (0.3ms)[0m  select * from routes where startplace_id = 1124
  [1m[36mRoute Load (0.3ms)[0m  [1mselect * from routes where endplace_id = 1124[0m
  [1m[35mCACHE (0.0ms)[0m  SELECT "places".* FROM "places" WHERE "places"."id" = $1 LIMIT 1  [["id", 1124]]
  [1m[36mCACHE (0.0ms)[0m  [1mSELECT "places".* FROM "places" WHERE "places"."id" = $1 LIMIT 1[0m  [["id", 1129]]
  [1m[35mCACHE (0.0ms)[0m  SELECT "places".* FROM "places" WHERE "places"."id" = $1 LIMIT 1  [["id", 1124]]
  [1m[36mPlace Load (0.2ms)[0m  [1mSELECT "places".* FROM "places" WHERE "places"."id" = $1 LIMIT 1[0m  [["id", 974]]
  [1m[35mCACHE (0.0ms)[0m  SELECT "places".* FROM "places" WHERE "places"."id" = $1 LIMIT 1  [["id", 1123]]
  [1m[36mCACHE (0.0ms)[0m  [1mSELECT "places".* FROM "places" WHERE "places"."id" = 975 LIMIT 1[0m
  [1m[35mCACHE (0.0ms)[0m  select * from routes where startplace_id = 975
  [1m[36mCACHE (0.0ms)[0m  [1mselect * from routes where endplace_id = 975[0m
  [1m[35mCACHE (0.0ms)[0m  SELECT "places".* FROM "places" WHERE "places"."id" = $1 LIMIT 1  [["id", 975]]
  [1m[36mCACHE (0.0ms)[0m  [1mSELECT "places".* FROM "places" WHERE "places"."id" = $1 LIMIT 1[0m  [["id", 1129]]
  [1m[35mCACHE (0.0ms)[0m  SELECT "places".* FROM "places" WHERE "places"."id" = $1 LIMIT 1  [["id", 975]]
  [1m[36mCACHE (0.0ms)[0m  [1mSELECT "places".* FROM "places" WHERE "places"."id" = $1 LIMIT 1[0m  [["id", 1123]]
  [1m[35mCACHE (0.0ms)[0m  SELECT "places".* FROM "places" WHERE "places"."id" = $1 LIMIT 1  [["id", 1122]]
  [1m[36mPlace Load (0.3ms)[0m  [1mSELECT "places".* FROM "places" WHERE "places"."id" = 1131 LIMIT 1[0m
  [1m[35mRoute Load (0.3ms)[0m  select * from routes where startplace_id = 1131
  [1m[36mRoute Load (0.3ms)[0m  [1mselect * from routes where endplace_id = 1131[0m
  [1m[35mCACHE (0.0ms)[0m  SELECT "places".* FROM "places" WHERE "places"."id" = $1 LIMIT 1  [["id", 1131]]
  [1m[36mPlace Load (0.2ms)[0m  [1mSELECT "places".* FROM "places" WHERE "places"."id" = $1 LIMIT 1[0m  [["id", 1132]]
  [1m[35mCACHE (0.0ms)[0m  SELECT "places".* FROM "places" WHERE "places"."id" = $1 LIMIT 1  [["id", 1133]]
  [1m[36mCACHE (0.0ms)[0m  [1mSELECT "places".* FROM "places" WHERE "places"."id" = 1124 LIMIT 1[0m
  [1m[35mCACHE (0.0ms)[0m  select * from routes where startplace_id = 1124
  [1m[36mCACHE (0.0ms)[0m  [1mselect * from routes where endplace_id = 1124[0m
  [1m[35mCACHE (0.0ms)[0m  SELECT "places".* FROM "places" WHERE "places"."id" = $1 LIMIT 1  [["id", 1124]]
  [1m[36mCACHE (0.0ms)[0m  [1mSELECT "places".* FROM "places" WHERE "places"."id" = $1 LIMIT 1[0m  [["id", 1129]]
  [1m[35mCACHE (0.0ms)[0m  SELECT "places".* FROM "places" WHERE "places"."id" = $1 LIMIT 1  [["id", 1124]]
  [1m[36mCACHE (0.0ms)[0m  [1mSELECT "places".* FROM "places" WHERE "places"."id" = $1 LIMIT 1[0m  [["id", 974]]
  [1m[35mCACHE (0.0ms)[0m  SELECT "places".* FROM "places" WHERE "places"."id" = $1 LIMIT 1  [["id", 1123]]
  [1m[36mCACHE (0.0ms)[0m  [1mSELECT "places".* FROM "places" WHERE "places"."id" = 207 LIMIT 1[0m
  [1m[35mCACHE (0.0ms)[0m  select * from routes where startplace_id = 207
  [1m[36mCACHE (0.0ms)[0m  [1mselect * from routes where endplace_id = 207[0m
  [1m[35mCACHE (0.0ms)[0m  SELECT "places".* FROM "places" WHERE "places"."id" = $1 LIMIT 1  [["id", 207]]
  [1m[36mCACHE (0.0ms)[0m  [1mSELECT "places".* FROM "places" WHERE "places"."id" = $1 LIMIT 1[0m  [["id", 650]]
  [1m[35mCACHE (0.0ms)[0m  SELECT "places".* FROM "places" WHERE "places"."id" = $1 LIMIT 1  [["id", 207]]
  [1m[36mCACHE (0.0ms)[0m  [1mSELECT "places".* FROM "places" WHERE "places"."id" = $1 LIMIT 1[0m  [["id", 1133]]
  [1m[35mCACHE (0.0ms)[0m  SELECT "places".* FROM "places" WHERE "places"."id" = $1 LIMIT 1  [["id", 1129]]
  [1m[36mPlace Load (0.7ms)[0m  [1mSELECT "places".* FROM "places" WHERE "places"."id" = 1125 LIMIT 1[0m
  [1m[35mRoute Load (0.3ms)[0m  select * from routes where startplace_id = 1125
  [1m[36mRoute Load (0.3ms)[0m  [1mselect * from routes where endplace_id = 1125[0m
  [1m[35mCACHE (0.0ms)[0m  SELECT "places".* FROM "places" WHERE "places"."id" = $1 LIMIT 1  [["id", 1125]]
  [1m[36mCACHE (0.0ms)[0m  [1mSELECT "places".* FROM "places" WHERE "places"."id" = $1 LIMIT 1[0m  [["id", 1123]]
  [1m[35mPlace Load (0.3ms)[0m  SELECT "places".* FROM "places" WHERE "places"."id" = $1 LIMIT 1  [["id", 769]]
  [1m[36mCACHE (0.0ms)[0m  [1mSELECT "places".* FROM "places" WHERE "places"."id" = 1124 LIMIT 1[0m
  [1m[35mCACHE (0.0ms)[0m  select * from routes where startplace_id = 1124
  [1m[36mCACHE (0.0ms)[0m  [1mselect * from routes where endplace_id = 1124[0m
  [1m[35mCACHE (0.0ms)[0m  SELECT "places".* FROM "places" WHERE "places"."id" = $1 LIMIT 1  [["id", 1124]]
  [1m[36mCACHE (0.0ms)[0m  [1mSELECT "places".* FROM "places" WHERE "places"."id" = $1 LIMIT 1[0m  [["id", 1129]]
  [1m[35mCACHE (0.0ms)[0m  SELECT "places".* FROM "places" WHERE "places"."id" = $1 LIMIT 1  [["id", 1124]]
  [1m[36mCACHE (0.0ms)[0m  [1mSELECT "places".* FROM "places" WHERE "places"."id" = $1 LIMIT 1[0m  [["id", 974]]
  [1m[35mCACHE (0.0ms)[0m  SELECT "places".* FROM "places" WHERE "places"."id" = $1 LIMIT 1  [["id", 1123]]
  [1m[36mPlace Load (0.3ms)[0m  [1mSELECT "places".* FROM "places" WHERE "places"."id" = 528 LIMIT 1[0m
  [1m[35mRoute Load (0.2ms)[0m  select * from routes where startplace_id = 528
  [1m[36mRoute Load (0.3ms)[0m  [1mselect * from routes where endplace_id = 528[0m
  [1m[35mCACHE (0.0ms)[0m  SELECT "places".* FROM "places" WHERE "places"."id" = $1 LIMIT 1  [["id", 528]]
  [1m[36mCACHE (0.0ms)[0m  [1mSELECT "places".* FROM "places" WHERE "places"."id" = $1 LIMIT 1[0m  [["id", 1116]]
  [1m[35mPlace Load (0.3ms)[0m  SELECT "places".* FROM "places" WHERE "places"."id" = 827 LIMIT 1
  [1m[36mRoute Load (0.3ms)[0m  [1mselect * from routes where startplace_id = 827[0m
  [1m[35mRoute Load (0.3ms)[0m  select * from routes where endplace_id = 827
  [1m[36mCACHE (0.0ms)[0m  [1mSELECT "places".* FROM "places" WHERE "places"."id" = $1 LIMIT 1[0m  [["id", 827]]
  [1m[35mPlace Load (0.2ms)[0m  SELECT "places".* FROM "places" WHERE "places"."id" = $1 LIMIT 1  [["id", 397]]
  [1m[36mCACHE (0.0ms)[0m  [1mSELECT "places".* FROM "places" WHERE "places"."id" = $1 LIMIT 1[0m  [["id", 1116]]
  [1m[35mCACHE (0.0ms)[0m  SELECT "places".* FROM "places" WHERE "places"."id" = 1123 LIMIT 1
  [1m[36mCACHE (0.0ms)[0m  [1mselect * from routes where startplace_id = 1123[0m
  [1m[35mCACHE (0.0ms)[0m  select * from routes where endplace_id = 1123
  [1m[36mCACHE (0.0ms)[0m  [1mSELECT "places".* FROM "places" WHERE "places"."id" = $1 LIMIT 1[0m  [["id", 1123]]
  [1m[35mCACHE (0.0ms)[0m  SELECT "places".* FROM "places" WHERE "places"."id" = $1 LIMIT 1  [["id", 1124]]
  [1m[36mCACHE (0.0ms)[0m  [1mSELECT "places".* FROM "places" WHERE "places"."id" = $1 LIMIT 1[0m  [["id", 975]]
  [1m[35mCACHE (0.0ms)[0m  SELECT "places".* FROM "places" WHERE "places"."id" = $1 LIMIT 1  [["id", 1125]]
  [1m[36mPlace Load (0.3ms)[0m  [1mSELECT "places".* FROM "places" WHERE "places"."id" = 974 LIMIT 1[0m
  [1m[35mRoute Load (0.3ms)[0m  select * from routes where startplace_id = 974
  [1m[36mRoute Load (0.3ms)[0m  [1mselect * from routes where endplace_id = 974[0m
  [1m[35mCACHE (0.0ms)[0m  SELECT "places".* FROM "places" WHERE "places"."id" = $1 LIMIT 1  [["id", 974]]
  [1m[36mCACHE (0.0ms)[0m  [1mSELECT "places".* FROM "places" WHERE "places"."id" = $1 LIMIT 1[0m  [["id", 471]]
  [1m[35mPlace Load (0.2ms)[0m  SELECT "places".* FROM "places" WHERE "places"."id" = $1 LIMIT 1  [["id", 1130]]
  [1m[36mCACHE (0.0ms)[0m  [1mSELECT "places".* FROM "places" WHERE "places"."id" = $1 LIMIT 1[0m  [["id", 1124]]
  [1m[35mCACHE (0.0ms)[0m  SELECT "places".* FROM "places" WHERE "places"."id" = 1122 LIMIT 1
  [1m[36mCACHE (0.0ms)[0m  [1mselect * from routes where startplace_id = 1122[0m
  [1m[35mCACHE (0.0ms)[0m  select * from routes where endplace_id = 1122
  [1m[36mCACHE (0.0ms)[0m  [1mSELECT "places".* FROM "places" WHERE "places"."id" = $1 LIMIT 1[0m  [["id", 1122]]
  [1m[35mCACHE (0.0ms)[0m  SELECT "places".* FROM "places" WHERE "places"."id" = $1 LIMIT 1  [["id", 975]]
  [1m[36mCACHE (0.0ms)[0m  [1mSELECT "places".* FROM "places" WHERE "places"."id" = $1 LIMIT 1[0m  [["id", 1121]]
  [1m[35mCACHE (0.0ms)[0m  SELECT "places".* FROM "places" WHERE "places"."id" = 1123 LIMIT 1
  [1m[36mCACHE (0.0ms)[0m  [1mselect * from routes where startplace_id = 1123[0m
  [1m[35mCACHE (0.0ms)[0m  select * from routes where endplace_id = 1123
  [1m[36mCACHE (0.0ms)[0m  [1mSELECT "places".* FROM "places" WHERE "places"."id" = $1 LIMIT 1[0m  [["id", 1123]]
  [1m[35mCACHE (0.0ms)[0m  SELECT "places".* FROM "places" WHERE "places"."id" = $1 LIMIT 1  [["id", 1124]]
  [1m[36mCACHE (0.0ms)[0m  [1mSELECT "places".* FROM "places" WHERE "places"."id" = $1 LIMIT 1[0m  [["id", 975]]
  [1m[35mCACHE (0.0ms)[0m  SELECT "places".* FROM "places" WHERE "places"."id" = $1 LIMIT 1  [["id", 1125]]
  [1m[36mPlace Load (0.3ms)[0m  [1mSELECT "places".* FROM "places" WHERE "places"."id" = 1132 LIMIT 1[0m
  [1m[35mRoute Load (0.3ms)[0m  select * from routes where startplace_id = 1132
  [1m[36mRoute Load (0.2ms)[0m  [1mselect * from routes where endplace_id = 1132[0m
  [1m[35mCACHE (0.0ms)[0m  SELECT "places".* FROM "places" WHERE "places"."id" = $1 LIMIT 1  [["id", 1131]]
  [1m[36mCACHE (0.0ms)[0m  [1mSELECT "places".* FROM "places" WHERE "places"."id" = 1123 LIMIT 1[0m
  [1m[35mCACHE (0.0ms)[0m  select * from routes where startplace_id = 1123
  [1m[36mCACHE (0.0ms)[0m  [1mselect * from routes where endplace_id = 1123[0m
  [1m[35mCACHE (0.0ms)[0m  SELECT "places".* FROM "places" WHERE "places"."id" = $1 LIMIT 1  [["id", 1123]]
  [1m[36mCACHE (0.0ms)[0m  [1mSELECT "places".* FROM "places" WHERE "places"."id" = $1 LIMIT 1[0m  [["id", 1124]]
  [1m[35mCACHE (0.0ms)[0m  SELECT "places".* FROM "places" WHERE "places"."id" = $1 LIMIT 1  [["id", 975]]
  [1m[36mCACHE (0.0ms)[0m  [1mSELECT "places".* FROM "places" WHERE "places"."id" = $1 LIMIT 1[0m  [["id", 1125]]
  [1m[35mCACHE (0.0ms)[0m  SELECT "places".* FROM "places" WHERE "places"."id" = 974 LIMIT 1
  [1m[36mCACHE (0.0ms)[0m  [1mselect * from routes where startplace_id = 974[0m
  [1m[35mCACHE (0.0ms)[0m  select * from routes where endplace_id = 974
  [1m[36mCACHE (0.0ms)[0m  [1mSELECT "places".* FROM "places" WHERE "places"."id" = $1 LIMIT 1[0m  [["id", 974]]
  [1m[35mCACHE (0.0ms)[0m  SELECT "places".* FROM "places" WHERE "places"."id" = $1 LIMIT 1  [["id", 471]]
  [1m[36mCACHE (0.0ms)[0m  [1mSELECT "places".* FROM "places" WHERE "places"."id" = $1 LIMIT 1[0m  [["id", 1130]]
  [1m[35mCACHE (0.0ms)[0m  SELECT "places".* FROM "places" WHERE "places"."id" = $1 LIMIT 1  [["id", 1124]]
  [1m[36mCACHE (0.0ms)[0m  [1mSELECT "places".* FROM "places" WHERE "places"."id" = 650 LIMIT 1[0m
  [1m[35mCACHE (0.0ms)[0m  select * from routes where startplace_id = 650
  [1m[36mCACHE (0.0ms)[0m  [1mselect * from routes where endplace_id = 650[0m
  [1m[35mCACHE (0.0ms)[0m  SELECT "places".* FROM "places" WHERE "places"."id" = $1 LIMIT 1  [["id", 650]]
  [1m[36mCACHE (0.0ms)[0m  [1mSELECT "places".* FROM "places" WHERE "places"."id" = $1 LIMIT 1[0m  [["id", 45]]
  [1m[35mCACHE (0.0ms)[0m  SELECT "places".* FROM "places" WHERE "places"."id" = $1 LIMIT 1  [["id", 207]]
  [1m[36mCACHE (0.0ms)[0m  [1mSELECT "places".* FROM "places" WHERE "places"."id" = 1133 LIMIT 1[0m
  [1m[35mCACHE (0.0ms)[0m  select * from routes where startplace_id = 1133
  [1m[36mCACHE (0.0ms)[0m  [1mselect * from routes where endplace_id = 1133[0m
  [1m[35mCACHE (0.0ms)[0m  SELECT "places".* FROM "places" WHERE "places"."id" = $1 LIMIT 1  [["id", 1133]]
  [1m[36mCACHE (0.0ms)[0m  [1mSELECT "places".* FROM "places" WHERE "places"."id" = $1 LIMIT 1[0m  [["id", 1131]]
  [1m[35mCACHE (0.0ms)[0m  SELECT "places".* FROM "places" WHERE "places"."id" = $1 LIMIT 1  [["id", 207]]
  [1m[36mPlace Load (0.3ms)[0m  [1mSELECT "places".* FROM "places" WHERE "places"."id" = 769 LIMIT 1[0m
  [1m[35mRoute Load (0.3ms)[0m  select * from routes where startplace_id = 769
  [1m[36mRoute Load (0.3ms)[0m  [1mselect * from routes where endplace_id = 769[0m
  [1m[35mCACHE (0.0ms)[0m  SELECT "places".* FROM "places" WHERE "places"."id" = $1 LIMIT 1  [["id", 769]]
  [1m[36mCACHE (0.0ms)[0m  [1mSELECT "places".* FROM "places" WHERE "places"."id" = $1 LIMIT 1[0m  [["id", 1125]]
  [1m[35mPlace Load (0.2ms)[0m  SELECT "places".* FROM "places" WHERE "places"."id" = $1 LIMIT 1  [["id", 1126]]
  [1m[36mCACHE (0.0ms)[0m  [1mSELECT "places".* FROM "places" WHERE "places"."id" = 1129 LIMIT 1[0m
  [1m[35mCACHE (0.0ms)[0m  select * from routes where startplace_id = 1129
  [1m[36mCACHE (0.0ms)[0m  [1mselect * from routes where endplace_id = 1129[0m
  [1m[35mCACHE (0.0ms)[0m  SELECT "places".* FROM "places" WHERE "places"."id" = $1 LIMIT 1  [["id", 1129]]
  [1m[36mCACHE (0.0ms)[0m  [1mSELECT "places".* FROM "places" WHERE "places"."id" = $1 LIMIT 1[0m  [["id", 207]]
  [1m[35mCACHE (0.0ms)[0m  SELECT "places".* FROM "places" WHERE "places"."id" = $1 LIMIT 1  [["id", 1124]]
  [1m[36mCACHE (0.0ms)[0m  [1mSELECT "places".* FROM "places" WHERE "places"."id" = $1 LIMIT 1[0m  [["id", 975]]
  [1m[35mCACHE (0.0ms)[0m  SELECT "places".* FROM "places" WHERE "places"."id" = 974 LIMIT 1
  [1m[36mCACHE (0.0ms)[0m  [1mselect * from routes where startplace_id = 974[0m
  [1m[35mCACHE (0.0ms)[0m  select * from routes where endplace_id = 974
  [1m[36mCACHE (0.0ms)[0m  [1mSELECT "places".* FROM "places" WHERE "places"."id" = $1 LIMIT 1[0m  [["id", 974]]
  [1m[35mCACHE (0.0ms)[0m  SELECT "places".* FROM "places" WHERE "places"."id" = $1 LIMIT 1  [["id", 471]]
  [1m[36mCACHE (0.0ms)[0m  [1mSELECT "places".* FROM "places" WHERE "places"."id" = $1 LIMIT 1[0m  [["id", 1130]]
  [1m[35mCACHE (0.0ms)[0m  SELECT "places".* FROM "places" WHERE "places"."id" = $1 LIMIT 1  [["id", 1124]]
  [1m[36mPlace Load (0.3ms)[0m  [1mSELECT "places".* FROM "places" WHERE "places"."id" = 397 LIMIT 1[0m
  [1m[35mRoute Load (0.3ms)[0m  select * from routes where startplace_id = 397
  [1m[36mRoute Load (0.3ms)[0m  [1mselect * from routes where endplace_id = 397[0m
  [1m[35mCACHE (0.0ms)[0m  SELECT "places".* FROM "places" WHERE "places"."id" = $1 LIMIT 1  [["id", 397]]
  [1m[36mPlace Load (0.2ms)[0m  [1mSELECT "places".* FROM "places" WHERE "places"."id" = $1 LIMIT 1[0m  [["id", 1115]]
  [1m[35mCACHE (0.0ms)[0m  SELECT "places".* FROM "places" WHERE "places"."id" = $1 LIMIT 1  [["id", 827]]
  [1m[36mCACHE (0.0ms)[0m  [1mSELECT "places".* FROM "places" WHERE "places"."id" = 975 LIMIT 1[0m
  [1m[35mCACHE (0.0ms)[0m  select * from routes where startplace_id = 975
  [1m[36mCACHE (0.0ms)[0m  [1mselect * from routes where endplace_id = 975[0m
  [1m[35mCACHE (0.0ms)[0m  SELECT "places".* FROM "places" WHERE "places"."id" = $1 LIMIT 1  [["id", 975]]
  [1m[36mCACHE (0.0ms)[0m  [1mSELECT "places".* FROM "places" WHERE "places"."id" = $1 LIMIT 1[0m  [["id", 1129]]
  [1m[35mCACHE (0.0ms)[0m  SELECT "places".* FROM "places" WHERE "places"."id" = $1 LIMIT 1  [["id", 975]]
  [1m[36mCACHE (0.0ms)[0m  [1mSELECT "places".* FROM "places" WHERE "places"."id" = $1 LIMIT 1[0m  [["id", 1123]]
  [1m[35mCACHE (0.0ms)[0m  SELECT "places".* FROM "places" WHERE "places"."id" = $1 LIMIT 1  [["id", 1122]]
  [1m[36mCACHE (0.0ms)[0m  [1mSELECT "places".* FROM "places" WHERE "places"."id" = 1125 LIMIT 1[0m
  [1m[35mCACHE (0.0ms)[0m  select * from routes where startplace_id = 1125
  [1m[36mCACHE (0.0ms)[0m  [1mselect * from routes where endplace_id = 1125[0m
  [1m[35mCACHE (0.0ms)[0m  SELECT "places".* FROM "places" WHERE "places"."id" = $1 LIMIT 1  [["id", 1125]]
  [1m[36mCACHE (0.0ms)[0m  [1mSELECT "places".* FROM "places" WHERE "places"."id" = $1 LIMIT 1[0m  [["id", 1123]]
  [1m[35mCACHE (0.0ms)[0m  SELECT "places".* FROM "places" WHERE "places"."id" = $1 LIMIT 1  [["id", 769]]
  [1m[36mPlace Load (0.3ms)[0m  [1mSELECT "places".* FROM "places" WHERE "places"."id" = 1130 LIMIT 1[0m
  [1m[35mRoute Load (0.3ms)[0m  select * from routes where startplace_id = 1130
  [1m[36mRoute Load (0.3ms)[0m  [1mselect * from routes where endplace_id = 1130[0m
  [1m[35mCACHE (0.0ms)[0m  SELECT "places".* FROM "places" WHERE "places"."id" = $1 LIMIT 1  [["id", 1130]]
  [1m[36mCACHE (0.0ms)[0m  [1mSELECT "places".* FROM "places" WHERE "places"."id" = $1 LIMIT 1[0m  [["id", 974]]
  [1m[35mCACHE (0.0ms)[0m  SELECT "places".* FROM "places" WHERE "places"."id" = $1 LIMIT 1  [["id", 1126]]
  [1m[36mCACHE (0.0ms)[0m  [1mSELECT "places".* FROM "places" WHERE "places"."id" = 1121 LIMIT 1[0m
  [1m[35mCACHE (0.0ms)[0m  select * from routes where startplace_id = 1121
  [1m[36mCACHE (0.0ms)[0m  [1mselect * from routes where endplace_id = 1121[0m
  [1m[35mCACHE (0.0ms)[0m  SELECT "places".* FROM "places" WHERE "places"."id" = $1 LIMIT 1  [["id", 1121]]
  [1m[36mCACHE (0.0ms)[0m  [1mSELECT "places".* FROM "places" WHERE "places"."id" = $1 LIMIT 1[0m  [["id", 1122]]
  [1m[35mCACHE (0.0ms)[0m  SELECT "places".* FROM "places" WHERE "places"."id" = $1 LIMIT 1  [["id", 976]]
  [1m[36mCACHE (0.0ms)[0m  [1mSELECT "places".* FROM "places" WHERE "places"."id" = 1125 LIMIT 1[0m
  [1m[35mCACHE (0.0ms)[0m  select * from routes where startplace_id = 1125
  [1m[36mCACHE (0.0ms)[0m  [1mselect * from routes where endplace_id = 1125[0m
  [1m[35mCACHE (0.0ms)[0m  SELECT "places".* FROM "places" WHERE "places"."id" = $1 LIMIT 1  [["id", 1125]]
  [1m[36mCACHE (0.0ms)[0m  [1mSELECT "places".* FROM "places" WHERE "places"."id" = $1 LIMIT 1[0m  [["id", 1123]]
  [1m[35mCACHE (0.0ms)[0m  SELECT "places".* FROM "places" WHERE "places"."id" = $1 LIMIT 1  [["id", 769]]
  [1m[36mCACHE (0.0ms)[0m  [1mSELECT "places".* FROM "places" WHERE "places"."id" = 1124 LIMIT 1[0m
  [1m[35mCACHE (0.0ms)[0m  select * from routes where startplace_id = 1124
  [1m[36mCACHE (0.0ms)[0m  [1mselect * from routes where endplace_id = 1124[0m
  [1m[35mCACHE (0.0ms)[0m  SELECT "places".* FROM "places" WHERE "places"."id" = $1 LIMIT 1  [["id", 1124]]
  [1m[36mCACHE (0.0ms)[0m  [1mSELECT "places".* FROM "places" WHERE "places"."id" = $1 LIMIT 1[0m  [["id", 1129]]
  [1m[35mCACHE (0.0ms)[0m  SELECT "places".* FROM "places" WHERE "places"."id" = $1 LIMIT 1  [["id", 1124]]
  [1m[36mCACHE (0.0ms)[0m  [1mSELECT "places".* FROM "places" WHERE "places"."id" = $1 LIMIT 1[0m  [["id", 974]]
  [1m[35mCACHE (0.0ms)[0m  SELECT "places".* FROM "places" WHERE "places"."id" = $1 LIMIT 1  [["id", 1123]]
  [1m[36mCACHE (0.0ms)[0m  [1mSELECT "places".* FROM "places" WHERE "places"."id" = 1125 LIMIT 1[0m
  [1m[35mCACHE (0.0ms)[0m  select * from routes where startplace_id = 1125
  [1m[36mCACHE (0.0ms)[0m  [1mselect * from routes where endplace_id = 1125[0m
  [1m[35mCACHE (0.0ms)[0m  SELECT "places".* FROM "places" WHERE "places"."id" = $1 LIMIT 1  [["id", 1125]]
  [1m[36mCACHE (0.0ms)[0m  [1mSELECT "places".* FROM "places" WHERE "places"."id" = $1 LIMIT 1[0m  [["id", 1123]]
  [1m[35mCACHE (0.0ms)[0m  SELECT "places".* FROM "places" WHERE "places"."id" = $1 LIMIT 1  [["id", 769]]
  [1m[36mCACHE (0.0ms)[0m  [1mSELECT "places".* FROM "places" WHERE "places"."id" = 1130 LIMIT 1[0m
  [1m[35mCACHE (0.0ms)[0m  select * from routes where startplace_id = 1130
  [1m[36mCACHE (0.0ms)[0m  [1mselect * from routes where endplace_id = 1130[0m
  [1m[35mCACHE (0.0ms)[0m  SELECT "places".* FROM "places" WHERE "places"."id" = $1 LIMIT 1  [["id", 1130]]
  [1m[36mCACHE (0.0ms)[0m  [1mSELECT "places".* FROM "places" WHERE "places"."id" = $1 LIMIT 1[0m  [["id", 974]]
  [1m[35mCACHE (0.0ms)[0m  SELECT "places".* FROM "places" WHERE "places"."id" = $1 LIMIT 1  [["id", 1126]]
  [1m[36mCACHE (0.0ms)[0m  [1mSELECT "places".* FROM "places" WHERE "places"."id" = 45 LIMIT 1[0m
  [1m[35mCACHE (0.0ms)[0m  select * from routes where startplace_id = 45
  [1m[36mCACHE (0.0ms)[0m  [1mselect * from routes where endplace_id = 45[0m
  [1m[35mCACHE (0.0ms)[0m  SELECT "places".* FROM "places" WHERE "places"."id" = $1 LIMIT 1  [["id", 45]]
  [1m[36mCACHE (0.0ms)[0m  [1mSELECT "places".* FROM "places" WHERE "places"."id" = $1 LIMIT 1[0m  [["id", 976]]
  [1m[35mCACHE (0.0ms)[0m  SELECT "places".* FROM "places" WHERE "places"."id" = $1 LIMIT 1  [["id", 650]]
  [1m[36mCACHE (0.0ms)[0m  [1mSELECT "places".* FROM "places" WHERE "places"."id" = 1131 LIMIT 1[0m
  [1m[35mCACHE (0.0ms)[0m  select * from routes where startplace_id = 1131
  [1m[36mCACHE (0.0ms)[0m  [1mselect * from routes where endplace_id = 1131[0m
  [1m[35mCACHE (0.0ms)[0m  SELECT "places".* FROM "places" WHERE "places"."id" = $1 LIMIT 1  [["id", 1131]]
  [1m[36mCACHE (0.0ms)[0m  [1mSELECT "places".* FROM "places" WHERE "places"."id" = $1 LIMIT 1[0m  [["id", 1132]]
  [1m[35mCACHE (0.0ms)[0m  SELECT "places".* FROM "places" WHERE "places"."id" = $1 LIMIT 1  [["id", 1133]]
  [1m[36mPlace Load (0.6ms)[0m  [1mSELECT "places".* FROM "places" WHERE "places"."id" = 1126 LIMIT 1[0m
  [1m[35mRoute Load (0.4ms)[0m  select * from routes where startplace_id = 1126
  [1m[36mRoute Load (0.3ms)[0m  [1mselect * from routes where endplace_id = 1126[0m
  [1m[35mCACHE (0.0ms)[0m  SELECT "places".* FROM "places" WHERE "places"."id" = $1 LIMIT 1  [["id", 1126]]
  [1m[36mCACHE (0.0ms)[0m  [1mSELECT "places".* FROM "places" WHERE "places"."id" = $1 LIMIT 1[0m  [["id", 1130]]
  [1m[35mCACHE (0.0ms)[0m  SELECT "places".* FROM "places" WHERE "places"."id" = $1 LIMIT 1  [["id", 1126]]
  [1m[36mCACHE (0.0ms)[0m  [1mSELECT "places".* FROM "places" WHERE "places"."id" = $1 LIMIT 1[0m  [["id", 769]]
  [1m[35mPlace Load (0.2ms)[0m  SELECT "places".* FROM "places" WHERE "places"."id" = $1 LIMIT 1  [["id", 1127]]
  [1m[36mCACHE (0.0ms)[0m  [1mSELECT "places".* FROM "places" WHERE "places"."id" = 207 LIMIT 1[0m
  [1m[35mCACHE (0.0ms)[0m  select * from routes where startplace_id = 207
  [1m[36mCACHE (0.0ms)[0m  [1mselect * from routes where endplace_id = 207[0m
  [1m[35mCACHE (0.0ms)[0m  SELECT "places".* FROM "places" WHERE "places"."id" = $1 LIMIT 1  [["id", 207]]
  [1m[36mCACHE (0.0ms)[0m  [1mSELECT "places".* FROM "places" WHERE "places"."id" = $1 LIMIT 1[0m  [["id", 650]]
  [1m[35mCACHE (0.0ms)[0m  SELECT "places".* FROM "places" WHERE "places"."id" = $1 LIMIT 1  [["id", 207]]
  [1m[36mCACHE (0.0ms)[0m  [1mSELECT "places".* FROM "places" WHERE "places"."id" = $1 LIMIT 1[0m  [["id", 1133]]
  [1m[35mCACHE (0.0ms)[0m  SELECT "places".* FROM "places" WHERE "places"."id" = $1 LIMIT 1  [["id", 1129]]
  [1m[36mCACHE (0.0ms)[0m  [1mSELECT "places".* FROM "places" WHERE "places"."id" = 1130 LIMIT 1[0m
  [1m[35mCACHE (0.0ms)[0m  select * from routes where startplace_id = 1130
  [1m[36mCACHE (0.0ms)[0m  [1mselect * from routes where endplace_id = 1130[0m
  [1m[35mCACHE (0.0ms)[0m  SELECT "places".* FROM "places" WHERE "places"."id" = $1 LIMIT 1  [["id", 1130]]
  [1m[36mCACHE (0.0ms)[0m  [1mSELECT "places".* FROM "places" WHERE "places"."id" = $1 LIMIT 1[0m  [["id", 974]]
  [1m[35mCACHE (0.0ms)[0m  SELECT "places".* FROM "places" WHERE "places"."id" = $1 LIMIT 1  [["id", 1126]]
  [1m[36mPlace Load (0.3ms)[0m  [1mSELECT "places".* FROM "places" WHERE "places"."id" = 1115 LIMIT 1[0m
  [1m[35mRoute Load (0.3ms)[0m  select * from routes where startplace_id = 1115
  [1m[36mRoute Load (0.3ms)[0m  [1mselect * from routes where endplace_id = 1115[0m
  [1m[35mCACHE (0.0ms)[0m  SELECT "places".* FROM "places" WHERE "places"."id" = $1 LIMIT 1  [["id", 1115]]
  [1m[36mPlace Load (0.2ms)[0m  [1mSELECT "places".* FROM "places" WHERE "places"."id" = $1 LIMIT 1[0m  [["id", 343]]
  [1m[35mCACHE (0.0ms)[0m  SELECT "places".* FROM "places" WHERE "places"."id" = $1 LIMIT 1  [["id", 397]]
  [1m[36mCACHE (0.0ms)[0m  [1mSELECT "places".* FROM "places" WHERE "places"."id" = 1122 LIMIT 1[0m
  [1m[35mCACHE (0.0ms)[0m  select * from routes where startplace_id = 1122
  [1m[36mCACHE (0.0ms)[0m  [1mselect * from routes where endplace_id = 1122[0m
  [1m[35mCACHE (0.0ms)[0m  SELECT "places".* FROM "places" WHERE "places"."id" = $1 LIMIT 1  [["id", 1122]]
  [1m[36mCACHE (0.0ms)[0m  [1mSELECT "places".* FROM "places" WHERE "places"."id" = $1 LIMIT 1[0m  [["id", 975]]
  [1m[35mCACHE (0.0ms)[0m  SELECT "places".* FROM "places" WHERE "places"."id" = $1 LIMIT 1  [["id", 1121]]
  [1m[36mCACHE (0.0ms)[0m  [1mSELECT "places".* FROM "places" WHERE "places"."id" = 769 LIMIT 1[0m
  [1m[35mCACHE (0.0ms)[0m  select * from routes where startplace_id = 769
  [1m[36mCACHE (0.0ms)[0m  [1mselect * from routes where endplace_id = 769[0m
  [1m[35mCACHE (0.0ms)[0m  SELECT "places".* FROM "places" WHERE "places"."id" = $1 LIMIT 1  [["id", 769]]
  [1m[36mCACHE (0.0ms)[0m  [1mSELECT "places".* FROM "places" WHERE "places"."id" = $1 LIMIT 1[0m  [["id", 1125]]
  [1m[35mCACHE (0.0ms)[0m  SELECT "places".* FROM "places" WHERE "places"."id" = $1 LIMIT 1  [["id", 1126]]
  [1m[36mCACHE (0.0ms)[0m  [1mSELECT "places".* FROM "places" WHERE "places"."id" = 1126 LIMIT 1[0m
  [1m[35mCACHE (0.0ms)[0m  select * from routes where startplace_id = 1126
  [1m[36mCACHE (0.0ms)[0m  [1mselect * from routes where endplace_id = 1126[0m
  [1m[35mCACHE (0.0ms)[0m  SELECT "places".* FROM "places" WHERE "places"."id" = $1 LIMIT 1  [["id", 1126]]
  [1m[36mCACHE (0.0ms)[0m  [1mSELECT "places".* FROM "places" WHERE "places"."id" = $1 LIMIT 1[0m  [["id", 1130]]
  [1m[35mCACHE (0.0ms)[0m  SELECT "places".* FROM "places" WHERE "places"."id" = $1 LIMIT 1  [["id", 1126]]
  [1m[36mCACHE (0.0ms)[0m  [1mSELECT "places".* FROM "places" WHERE "places"."id" = $1 LIMIT 1[0m  [["id", 769]]
  [1m[35mCACHE (0.0ms)[0m  SELECT "places".* FROM "places" WHERE "places"."id" = $1 LIMIT 1  [["id", 1127]]
  [1m[36mCACHE (0.0ms)[0m  [1mSELECT "places".* FROM "places" WHERE "places"."id" = 769 LIMIT 1[0m
  [1m[35mCACHE (0.0ms)[0m  select * from routes where startplace_id = 769
  [1m[36mCACHE (0.0ms)[0m  [1mselect * from routes where endplace_id = 769[0m
  [1m[35mCACHE (0.0ms)[0m  SELECT "places".* FROM "places" WHERE "places"."id" = $1 LIMIT 1  [["id", 769]]
  [1m[36mCACHE (0.0ms)[0m  [1mSELECT "places".* FROM "places" WHERE "places"."id" = $1 LIMIT 1[0m  [["id", 1125]]
  [1m[35mCACHE (0.0ms)[0m  SELECT "places".* FROM "places" WHERE "places"."id" = $1 LIMIT 1  [["id", 1126]]
  [1m[36mCACHE (0.0ms)[0m  [1mSELECT "places".* FROM "places" WHERE "places"."id" = 974 LIMIT 1[0m
  [1m[35mCACHE (0.0ms)[0m  select * from routes where startplace_id = 974
  [1m[36mCACHE (0.0ms)[0m  [1mselect * from routes where endplace_id = 974[0m
  [1m[35mCACHE (0.0ms)[0m  SELECT "places".* FROM "places" WHERE "places"."id" = $1 LIMIT 1  [["id", 974]]
  [1m[36mCACHE (0.0ms)[0m  [1mSELECT "places".* FROM "places" WHERE "places"."id" = $1 LIMIT 1[0m  [["id", 471]]
  [1m[35mCACHE (0.0ms)[0m  SELECT "places".* FROM "places" WHERE "places"."id" = $1 LIMIT 1  [["id", 1130]]
  [1m[36mCACHE (0.1ms)[0m  [1mSELECT "places".* FROM "places" WHERE "places"."id" = $1 LIMIT 1[0m  [["id", 1124]]
  [1m[35mCACHE (0.0ms)[0m  SELECT "places".* FROM "places" WHERE "places"."id" = 769 LIMIT 1
  [1m[36mCACHE (0.0ms)[0m  [1mselect * from routes where startplace_id = 769[0m
  [1m[35mCACHE (0.0ms)[0m  select * from routes where endplace_id = 769
  [1m[36mCACHE (0.0ms)[0m  [1mSELECT "places".* FROM "places" WHERE "places"."id" = $1 LIMIT 1[0m  [["id", 769]]
  [1m[35mCACHE (0.0ms)[0m  SELECT "places".* FROM "places" WHERE "places"."id" = $1 LIMIT 1  [["id", 1125]]
  [1m[36mCACHE (0.0ms)[0m  [1mSELECT "places".* FROM "places" WHERE "places"."id" = $1 LIMIT 1[0m  [["id", 1126]]
  [1m[35mCACHE (0.0ms)[0m  SELECT "places".* FROM "places" WHERE "places"."id" = 1126 LIMIT 1
  [1m[36mCACHE (0.0ms)[0m  [1mselect * from routes where startplace_id = 1126[0m
  [1m[35mCACHE (0.0ms)[0m  select * from routes where endplace_id = 1126
  [1m[36mCACHE (0.0ms)[0m  [1mSELECT "places".* FROM "places" WHERE "places"."id" = $1 LIMIT 1[0m  [["id", 1126]]
  [1m[35mCACHE (0.0ms)[0m  SELECT "places".* FROM "places" WHERE "places"."id" = $1 LIMIT 1  [["id", 1130]]
  [1m[36mCACHE (0.0ms)[0m  [1mSELECT "places".* FROM "places" WHERE "places"."id" = $1 LIMIT 1[0m  [["id", 1126]]
  [1m[35mCACHE (0.0ms)[0m  SELECT "places".* FROM "places" WHERE "places"."id" = $1 LIMIT 1  [["id", 769]]
  [1m[36mCACHE (0.0ms)[0m  [1mSELECT "places".* FROM "places" WHERE "places"."id" = $1 LIMIT 1[0m  [["id", 1127]]
  [1m[35mCACHE (0.0ms)[0m  SELECT "places".* FROM "places" WHERE "places"."id" = 1132 LIMIT 1
  [1m[36mCACHE (0.0ms)[0m  [1mselect * from routes where startplace_id = 1132[0m
  [1m[35mCACHE (0.0ms)[0m  select * from routes where endplace_id = 1132
  [1m[36mCACHE (0.0ms)[0m  [1mSELECT "places".* FROM "places" WHERE "places"."id" = $1 LIMIT 1[0m  [["id", 1131]]
  [1m[35mPlace Load (0.6ms)[0m  SELECT "places".* FROM "places" WHERE "places"."id" = 1127 LIMIT 1
  [1m[36mRoute Load (0.4ms)[0m  [1mselect * from routes where startplace_id = 1127[0m
  [1m[35mRoute Load (0.3ms)[0m  select * from routes where endplace_id = 1127
  [1m[36mCACHE (0.0ms)[0m  [1mSELECT "places".* FROM "places" WHERE "places"."id" = $1 LIMIT 1[0m  [["id", 1127]]
  [1m[35mCACHE (0.0ms)[0m  SELECT "places".* FROM "places" WHERE "places"."id" = $1 LIMIT 1  [["id", 1126]]
  [1m[36mPlace Load (0.3ms)[0m  [1mSELECT "places".* FROM "places" WHERE "places"."id" = $1 LIMIT 1[0m  [["id", 419]]
  [1m[35mCACHE (0.0ms)[0m  SELECT "places".* FROM "places" WHERE "places"."id" = 1130 LIMIT 1
  [1m[36mCACHE (0.0ms)[0m  [1mselect * from routes where startplace_id = 1130[0m
  [1m[35mCACHE (0.0ms)[0m  select * from routes where endplace_id = 1130
  [1m[36mCACHE (0.0ms)[0m  [1mSELECT "places".* FROM "places" WHERE "places"."id" = $1 LIMIT 1[0m  [["id", 1130]]
  [1m[35mCACHE (0.0ms)[0m  SELECT "places".* FROM "places" WHERE "places"."id" = $1 LIMIT 1  [["id", 974]]
  [1m[36mCACHE (0.0ms)[0m  [1mSELECT "places".* FROM "places" WHERE "places"."id" = $1 LIMIT 1[0m  [["id", 1126]]
  [1m[35mCACHE (0.0ms)[0m  SELECT "places".* FROM "places" WHERE "places"."id" = 650 LIMIT 1
  [1m[36mCACHE (0.0ms)[0m  [1mselect * from routes where startplace_id = 650[0m
  [1m[35mCACHE (0.0ms)[0m  select * from routes where endplace_id = 650
  [1m[36mCACHE (0.0ms)[0m  [1mSELECT "places".* FROM "places" WHERE "places"."id" = $1 LIMIT 1[0m  [["id", 650]]
  [1m[35mCACHE (0.0ms)[0m  SELECT "places".* FROM "places" WHERE "places"."id" = $1 LIMIT 1  [["id", 45]]
  [1m[36mCACHE (0.0ms)[0m  [1mSELECT "places".* FROM "places" WHERE "places"."id" = $1 LIMIT 1[0m  [["id", 207]]
  [1m[35mCACHE (0.0ms)[0m  SELECT "places".* FROM "places" WHERE "places"."id" = 1133 LIMIT 1
  [1m[36mCACHE (0.0ms)[0m  [1mselect * from routes where startplace_id = 1133[0m
  [1m[35mCACHE (0.0ms)[0m  select * from routes where endplace_id = 1133
  [1m[36mCACHE (0.0ms)[0m  [1mSELECT "places".* FROM "places" WHERE "places"."id" = $1 LIMIT 1[0m  [["id", 1133]]
  [1m[35mCACHE (0.0ms)[0m  SELECT "places".* FROM "places" WHERE "places"."id" = $1 LIMIT 1  [["id", 1131]]
  [1m[36mCACHE (0.0ms)[0m  [1mSELECT "places".* FROM "places" WHERE "places"."id" = $1 LIMIT 1[0m  [["id", 207]]
  [1m[35mCACHE (0.0ms)[0m  SELECT "places".* FROM "places" WHERE "places"."id" = 1126 LIMIT 1
  [1m[36mCACHE (0.0ms)[0m  [1mselect * from routes where startplace_id = 1126[0m
  [1m[35mCACHE (0.0ms)[0m  select * from routes where endplace_id = 1126
  [1m[36mCACHE (0.0ms)[0m  [1mSELECT "places".* FROM "places" WHERE "places"."id" = $1 LIMIT 1[0m  [["id", 1126]]
  [1m[35mCACHE (0.0ms)[0m  SELECT "places".* FROM "places" WHERE "places"."id" = $1 LIMIT 1  [["id", 1130]]
  [1m[36mCACHE (0.0ms)[0m  [1mSELECT "places".* FROM "places" WHERE "places"."id" = $1 LIMIT 1[0m  [["id", 1126]]
  [1m[35mCACHE (0.0ms)[0m  SELECT "places".* FROM "places" WHERE "places"."id" = $1 LIMIT 1  [["id", 769]]
  [1m[36mCACHE (0.0ms)[0m  [1mSELECT "places".* FROM "places" WHERE "places"."id" = $1 LIMIT 1[0m  [["id", 1127]]
  [1m[35mPlace Load (0.3ms)[0m  SELECT "places".* FROM "places" WHERE "places"."id" = 343 LIMIT 1
  [1m[36mRoute Load (0.3ms)[0m  [1mselect * from routes where startplace_id = 343[0m
  [1m[35mRoute Load (0.3ms)[0m  select * from routes where endplace_id = 343
  [1m[36mCACHE (0.0ms)[0m  [1mSELECT "places".* FROM "places" WHERE "places"."id" = $1 LIMIT 1[0m  [["id", 343]]
  [1m[35mPlace Load (0.2ms)[0m  SELECT "places".* FROM "places" WHERE "places"."id" = $1 LIMIT 1  [["id", 1114]]
  [1m[36mCACHE (0.0ms)[0m  [1mSELECT "places".* FROM "places" WHERE "places"."id" = $1 LIMIT 1[0m  [["id", 1115]]
  [1m[35mCACHE (0.0ms)[0m  SELECT "places".* FROM "places" WHERE "places"."id" = 1121 LIMIT 1
  [1m[36mCACHE (0.0ms)[0m  [1mselect * from routes where startplace_id = 1121[0m
  [1m[35mCACHE (0.0ms)[0m  select * from routes where endplace_id = 1121
  [1m[36mCACHE (0.0ms)[0m  [1mSELECT "places".* FROM "places" WHERE "places"."id" = $1 LIMIT 1[0m  [["id", 1121]]
  [1m[35mCACHE (0.0ms)[0m  SELECT "places".* FROM "places" WHERE "places"."id" = $1 LIMIT 1  [["id", 1122]]
  [1m[36mCACHE (0.0ms)[0m  [1mSELECT "places".* FROM "places" WHERE "places"."id" = $1 LIMIT 1[0m  [["id", 976]]
  [1m[35mCACHE (0.0ms)[0m  SELECT "places".* FROM "places" WHERE "places"."id" = 1126 LIMIT 1
  [1m[36mCACHE (0.0ms)[0m  [1mselect * from routes where startplace_id = 1126[0m
  [1m[35mCACHE (0.0ms)[0m  select * from routes where endplace_id = 1126
  [1m[36mCACHE (0.0ms)[0m  [1mSELECT "places".* FROM "places" WHERE "places"."id" = $1 LIMIT 1[0m  [["id", 1126]]
  [1m[35mCACHE (0.0ms)[0m  SELECT "places".* FROM "places" WHERE "places"."id" = $1 LIMIT 1  [["id", 1130]]
  [1m[36mCACHE (0.0ms)[0m  [1mSELECT "places".* FROM "places" WHERE "places"."id" = $1 LIMIT 1[0m  [["id", 1126]]
  [1m[35mCACHE (0.0ms)[0m  SELECT "places".* FROM "places" WHERE "places"."id" = $1 LIMIT 1  [["id", 769]]
  [1m[36mCACHE (0.0ms)[0m  [1mSELECT "places".* FROM "places" WHERE "places"."id" = $1 LIMIT 1[0m  [["id", 1127]]
  [1m[35mCACHE (0.0ms)[0m  SELECT "places".* FROM "places" WHERE "places"."id" = 1127 LIMIT 1
  [1m[36mCACHE (0.0ms)[0m  [1mselect * from routes where startplace_id = 1127[0m
  [1m[35mCACHE (0.0ms)[0m  select * from routes where endplace_id = 1127
  [1m[36mCACHE (0.0ms)[0m  [1mSELECT "places".* FROM "places" WHERE "places"."id" = $1 LIMIT 1[0m  [["id", 1127]]
  [1m[35mCACHE (0.0ms)[0m  SELECT "places".* FROM "places" WHERE "places"."id" = $1 LIMIT 1  [["id", 1126]]
  [1m[36mCACHE (0.0ms)[0m  [1mSELECT "places".* FROM "places" WHERE "places"."id" = $1 LIMIT 1[0m  [["id", 419]]
  [1m[35mCACHE (0.0ms)[0m  SELECT "places".* FROM "places" WHERE "places"."id" = 769 LIMIT 1
  [1m[36mCACHE (0.0ms)[0m  [1mselect * from routes where startplace_id = 769[0m
  [1m[35mCACHE (0.0ms)[0m  select * from routes where endplace_id = 769
  [1m[36mCACHE (0.0ms)[0m  [1mSELECT "places".* FROM "places" WHERE "places"."id" = $1 LIMIT 1[0m  [["id", 769]]
  [1m[35mCACHE (0.0ms)[0m  SELECT "places".* FROM "places" WHERE "places"."id" = $1 LIMIT 1  [["id", 1125]]
  [1m[36mCACHE (0.0ms)[0m  [1mSELECT "places".* FROM "places" WHERE "places"."id" = $1 LIMIT 1[0m  [["id", 1126]]
  [1m[35mCACHE (0.0ms)[0m  SELECT "places".* FROM "places" WHERE "places"."id" = 1126 LIMIT 1
  [1m[36mCACHE (0.0ms)[0m  [1mselect * from routes where startplace_id = 1126[0m
  [1m[35mCACHE (0.0ms)[0m  select * from routes where endplace_id = 1126
  [1m[36mCACHE (0.0ms)[0m  [1mSELECT "places".* FROM "places" WHERE "places"."id" = $1 LIMIT 1[0m  [["id", 1126]]
  [1m[35mCACHE (0.0ms)[0m  SELECT "places".* FROM "places" WHERE "places"."id" = $1 LIMIT 1  [["id", 1130]]
  [1m[36mCACHE (0.0ms)[0m  [1mSELECT "places".* FROM "places" WHERE "places"."id" = $1 LIMIT 1[0m  [["id", 1126]]
  [1m[35mCACHE (0.0ms)[0m  SELECT "places".* FROM "places" WHERE "places"."id" = $1 LIMIT 1  [["id", 769]]
  [1m[36mCACHE (0.0ms)[0m  [1mSELECT "places".* FROM "places" WHERE "places"."id" = $1 LIMIT 1[0m  [["id", 1127]]
  [1m[35mCACHE (0.0ms)[0m  SELECT "places".* FROM "places" WHERE "places"."id" = 1130 LIMIT 1
  [1m[36mCACHE (0.0ms)[0m  [1mselect * from routes where startplace_id = 1130[0m
  [1m[35mCACHE (0.0ms)[0m  select * from routes where endplace_id = 1130
  [1m[36mCACHE (0.0ms)[0m  [1mSELECT "places".* FROM "places" WHERE "places"."id" = $1 LIMIT 1[0m  [["id", 1130]]
  [1m[35mCACHE (0.0ms)[0m  SELECT "places".* FROM "places" WHERE "places"."id" = $1 LIMIT 1  [["id", 974]]
  [1m[36mCACHE (0.0ms)[0m  [1mSELECT "places".* FROM "places" WHERE "places"."id" = $1 LIMIT 1[0m  [["id", 1126]]
  [1m[35mCACHE (0.0ms)[0m  SELECT "places".* FROM "places" WHERE "places"."id" = 1126 LIMIT 1
  [1m[36mCACHE (0.0ms)[0m  [1mselect * from routes where startplace_id = 1126[0m
  [1m[35mCACHE (0.0ms)[0m  select * from routes where endplace_id = 1126
  [1m[36mCACHE (0.0ms)[0m  [1mSELECT "places".* FROM "places" WHERE "places"."id" = $1 LIMIT 1[0m  [["id", 1126]]
  [1m[35mCACHE (0.0ms)[0m  SELECT "places".* FROM "places" WHERE "places"."id" = $1 LIMIT 1  [["id", 1130]]
  [1m[36mCACHE (0.0ms)[0m  [1mSELECT "places".* FROM "places" WHERE "places"."id" = $1 LIMIT 1[0m  [["id", 1126]]
  [1m[35mCACHE (0.0ms)[0m  SELECT "places".* FROM "places" WHERE "places"."id" = $1 LIMIT 1  [["id", 769]]
  [1m[36mCACHE (0.0ms)[0m  [1mSELECT "places".* FROM "places" WHERE "places"."id" = $1 LIMIT 1[0m  [["id", 1127]]
  [1m[35mCACHE (0.0ms)[0m  SELECT "places".* FROM "places" WHERE "places"."id" = 1127 LIMIT 1
  [1m[36mCACHE (0.0ms)[0m  [1mselect * from routes where startplace_id = 1127[0m
  [1m[35mCACHE (0.0ms)[0m  select * from routes where endplace_id = 1127
  [1m[36mCACHE (0.0ms)[0m  [1mSELECT "places".* FROM "places" WHERE "places"."id" = $1 LIMIT 1[0m  [["id", 1127]]
  [1m[35mCACHE (0.0ms)[0m  SELECT "places".* FROM "places" WHERE "places"."id" = $1 LIMIT 1  [["id", 1126]]
  [1m[36mCACHE (0.0ms)[0m  [1mSELECT "places".* FROM "places" WHERE "places"."id" = $1 LIMIT 1[0m  [["id", 419]]
  [1m[35mCACHE (0.0ms)[0m  SELECT "places".* FROM "places" WHERE "places"."id" = 769 LIMIT 1
  [1m[36mCACHE (0.0ms)[0m  [1mselect * from routes where startplace_id = 769[0m
  [1m[35mCACHE (0.0ms)[0m  select * from routes where endplace_id = 769
  [1m[36mCACHE (0.0ms)[0m  [1mSELECT "places".* FROM "places" WHERE "places"."id" = $1 LIMIT 1[0m  [["id", 769]]
  [1m[35mCACHE (0.0ms)[0m  SELECT "places".* FROM "places" WHERE "places"."id" = $1 LIMIT 1  [["id", 1125]]
  [1m[36mCACHE (0.0ms)[0m  [1mSELECT "places".* FROM "places" WHERE "places"."id" = $1 LIMIT 1[0m  [["id", 1126]]
  [1m[35mPlace Load (0.5ms)[0m  SELECT "places".* FROM "places" WHERE "places"."id" = 419 LIMIT 1
  [1m[36mRoute Load (0.4ms)[0m  [1mselect * from routes where startplace_id = 419[0m
  [1m[35mRoute Load (0.3ms)[0m  select * from routes where endplace_id = 419
  [1m[36mCACHE (0.0ms)[0m  [1mSELECT "places".* FROM "places" WHERE "places"."id" = $1 LIMIT 1[0m  [["id", 419]]
  [1m[35mCACHE (0.0ms)[0m  SELECT "places".* FROM "places" WHERE "places"."id" = $1 LIMIT 1  [["id", 1127]]
  [1m[36mPlace Load (0.3ms)[0m  [1mSELECT "places".* FROM "places" WHERE "places"."id" = $1 LIMIT 1[0m  [["id", 1128]]
  [1m[35mCACHE (0.0ms)[0m  SELECT "places".* FROM "places" WHERE "places"."id" = 974 LIMIT 1
  [1m[36mCACHE (0.0ms)[0m  [1mselect * from routes where startplace_id = 974[0m
  [1m[35mCACHE (0.0ms)[0m  select * from routes where endplace_id = 974
  [1m[36mCACHE (0.0ms)[0m  [1mSELECT "places".* FROM "places" WHERE "places"."id" = $1 LIMIT 1[0m  [["id", 974]]
  [1m[35mCACHE (0.0ms)[0m  SELECT "places".* FROM "places" WHERE "places"."id" = $1 LIMIT 1  [["id", 471]]
  [1m[36mCACHE (0.0ms)[0m  [1mSELECT "places".* FROM "places" WHERE "places"."id" = $1 LIMIT 1[0m  [["id", 1130]]
  [1m[35mCACHE (0.0ms)[0m  SELECT "places".* FROM "places" WHERE "places"."id" = $1 LIMIT 1  [["id", 1124]]
  [1m[36mCACHE (0.0ms)[0m  [1mSELECT "places".* FROM "places" WHERE "places"."id" = 45 LIMIT 1[0m
  [1m[35mCACHE (0.0ms)[0m  select * from routes where startplace_id = 45
  [1m[36mCACHE (0.0ms)[0m  [1mselect * from routes where endplace_id = 45[0m
  [1m[35mCACHE (0.0ms)[0m  SELECT "places".* FROM "places" WHERE "places"."id" = $1 LIMIT 1  [["id", 45]]
  [1m[36mCACHE (0.0ms)[0m  [1mSELECT "places".* FROM "places" WHERE "places"."id" = $1 LIMIT 1[0m  [["id", 976]]
  [1m[35mCACHE (0.0ms)[0m  SELECT "places".* FROM "places" WHERE "places"."id" = $1 LIMIT 1  [["id", 650]]
  [1m[36mCACHE (0.0ms)[0m  [1mSELECT "places".* FROM "places" WHERE "places"."id" = 1131 LIMIT 1[0m
  [1m[35mCACHE (0.0ms)[0m  select * from routes where startplace_id = 1131
  [1m[36mCACHE (0.0ms)[0m  [1mselect * from routes where endplace_id = 1131[0m
  [1m[35mCACHE (0.0ms)[0m  SELECT "places".* FROM "places" WHERE "places"."id" = $1 LIMIT 1  [["id", 1131]]
  [1m[36mCACHE (0.0ms)[0m  [1mSELECT "places".* FROM "places" WHERE "places"."id" = $1 LIMIT 1[0m  [["id", 1132]]
  [1m[35mCACHE (0.0ms)[0m  SELECT "places".* FROM "places" WHERE "places"."id" = $1 LIMIT 1  [["id", 1133]]
  [1m[36mCACHE (0.0ms)[0m  [1mSELECT "places".* FROM "places" WHERE "places"."id" = 1127 LIMIT 1[0m
  [1m[35mCACHE (0.0ms)[0m  select * from routes where startplace_id = 1127
  [1m[36mCACHE (0.0ms)[0m  [1mselect * from routes where endplace_id = 1127[0m
  [1m[35mCACHE (0.0ms)[0m  SELECT "places".* FROM "places" WHERE "places"."id" = $1 LIMIT 1  [["id", 1127]]
  [1m[36mCACHE (0.0ms)[0m  [1mSELECT "places".* FROM "places" WHERE "places"."id" = $1 LIMIT 1[0m  [["id", 1126]]
  [1m[35mCACHE (0.0ms)[0m  SELECT "places".* FROM "places" WHERE "places"."id" = $1 LIMIT 1  [["id", 419]]
  [1m[36mCACHE (0.0ms)[0m  [1mSELECT "places".* FROM "places" WHERE "places"."id" = 769 LIMIT 1[0m
  [1m[35mCACHE (0.0ms)[0m  select * from routes where startplace_id = 769
  [1m[36mCACHE (0.0ms)[0m  [1mselect * from routes where endplace_id = 769[0m
  [1m[35mCACHE (0.0ms)[0m  SELECT "places".* FROM "places" WHERE "places"."id" = $1 LIMIT 1  [["id", 769]]
  [1m[36mCACHE (0.0ms)[0m  [1mSELECT "places".* FROM "places" WHERE "places"."id" = $1 LIMIT 1[0m  [["id", 1125]]
  [1m[35mCACHE (0.0ms)[0m  SELECT "places".* FROM "places" WHERE "places"."id" = $1 LIMIT 1  [["id", 1126]]
  [1m[36mPlace Load (0.6ms)[0m  [1mSELECT "places".* FROM "places" WHERE "places"."id" = 1114 LIMIT 1[0m
  [1m[35mRoute Load (0.4ms)[0m  select * from routes where startplace_id = 1114
  [1m[36mRoute Load (0.3ms)[0m  [1mselect * from routes where endplace_id = 1114[0m
  [1m[35mCACHE (0.0ms)[0m  SELECT "places".* FROM "places" WHERE "places"."id" = $1 LIMIT 1  [["id", 1114]]
  [1m[36mPlace Load (0.2ms)[0m  [1mSELECT "places".* FROM "places" WHERE "places"."id" = $1 LIMIT 1[0m  [["id", 1113]]
  [1m[35mCACHE (0.0ms)[0m  SELECT "places".* FROM "places" WHERE "places"."id" = $1 LIMIT 1  [["id", 343]]
  [1m[36mCACHE (0.0ms)[0m  [1mSELECT "places".* FROM "places" WHERE "places"."id" = 1127 LIMIT 1[0m
  [1m[35mCACHE (0.0ms)[0m  select * from routes where startplace_id = 1127
  [1m[36mCACHE (0.0ms)[0m  [1mselect * from routes where endplace_id = 1127[0m
  [1m[35mCACHE (0.0ms)[0m  SELECT "places".* FROM "places" WHERE "places"."id" = $1 LIMIT 1  [["id", 1127]]
  [1m[36mCACHE (0.0ms)[0m  [1mSELECT "places".* FROM "places" WHERE "places"."id" = $1 LIMIT 1[0m  [["id", 1126]]
  [1m[35mCACHE (0.0ms)[0m  SELECT "places".* FROM "places" WHERE "places"."id" = $1 LIMIT 1  [["id", 419]]
  [1m[36mCACHE (0.0ms)[0m  [1mSELECT "places".* FROM "places" WHERE "places"."id" = 1130 LIMIT 1[0m
  [1m[35mCACHE (0.0ms)[0m  select * from routes where startplace_id = 1130
  [1m[36mCACHE (0.0ms)[0m  [1mselect * from routes where endplace_id = 1130[0m
  [1m[35mCACHE (0.0ms)[0m  SELECT "places".* FROM "places" WHERE "places"."id" = $1 LIMIT 1  [["id", 1130]]
  [1m[36mCACHE (0.0ms)[0m  [1mSELECT "places".* FROM "places" WHERE "places"."id" = $1 LIMIT 1[0m  [["id", 974]]
  [1m[35mCACHE (0.0ms)[0m  SELECT "places".* FROM "places" WHERE "places"."id" = $1 LIMIT 1  [["id", 1126]]
  [1m[36mCACHE (0.0ms)[0m  [1mSELECT "places".* FROM "places" WHERE "places"."id" = 419 LIMIT 1[0m
  [1m[35mCACHE (0.0ms)[0m  select * from routes where startplace_id = 419
  [1m[36mCACHE (0.0ms)[0m  [1mselect * from routes where endplace_id = 419[0m
  [1m[35mCACHE (0.0ms)[0m  SELECT "places".* FROM "places" WHERE "places"."id" = $1 LIMIT 1  [["id", 419]]
  [1m[36mCACHE (0.0ms)[0m  [1mSELECT "places".* FROM "places" WHERE "places"."id" = $1 LIMIT 1[0m  [["id", 1127]]
  [1m[35mCACHE (0.0ms)[0m  SELECT "places".* FROM "places" WHERE "places"."id" = $1 LIMIT 1  [["id", 1128]]
  [1m[36mCACHE (0.0ms)[0m  [1mSELECT "places".* FROM "places" WHERE "places"."id" = 1125 LIMIT 1[0m
  [1m[35mCACHE (0.0ms)[0m  select * from routes where startplace_id = 1125
  [1m[36mCACHE (0.0ms)[0m  [1mselect * from routes where endplace_id = 1125[0m
  [1m[35mCACHE (0.0ms)[0m  SELECT "places".* FROM "places" WHERE "places"."id" = $1 LIMIT 1  [["id", 1125]]
  [1m[36mCACHE (0.0ms)[0m  [1mSELECT "places".* FROM "places" WHERE "places"."id" = $1 LIMIT 1[0m  [["id", 1123]]
  [1m[35mCACHE (0.0ms)[0m  SELECT "places".* FROM "places" WHERE "places"."id" = $1 LIMIT 1  [["id", 769]]
  [1m[36mCACHE (0.0ms)[0m  [1mSELECT "places".* FROM "places" WHERE "places"."id" = 1127 LIMIT 1[0m
  [1m[35mCACHE (0.0ms)[0m  select * from routes where startplace_id = 1127
  [1m[36mCACHE (0.0ms)[0m  [1mselect * from routes where endplace_id = 1127[0m
  [1m[35mCACHE (0.0ms)[0m  SELECT "places".* FROM "places" WHERE "places"."id" = $1 LIMIT 1  [["id", 1127]]
  [1m[36mCACHE (0.0ms)[0m  [1mSELECT "places".* FROM "places" WHERE "places"."id" = $1 LIMIT 1[0m  [["id", 1126]]
  [1m[35mCACHE (0.0ms)[0m  SELECT "places".* FROM "places" WHERE "places"."id" = $1 LIMIT 1  [["id", 419]]
  [1m[36mCACHE (0.0ms)[0m  [1mSELECT "places".* FROM "places" WHERE "places"."id" = 1130 LIMIT 1[0m
  [1m[35mCACHE (0.0ms)[0m  select * from routes where startplace_id = 1130
  [1m[36mCACHE (0.0ms)[0m  [1mselect * from routes where endplace_id = 1130[0m
  [1m[35mCACHE (0.0ms)[0m  SELECT "places".* FROM "places" WHERE "places"."id" = $1 LIMIT 1  [["id", 1130]]
  [1m[36mCACHE (0.0ms)[0m  [1mSELECT "places".* FROM "places" WHERE "places"."id" = $1 LIMIT 1[0m  [["id", 974]]
  [1m[35mCACHE (0.0ms)[0m  SELECT "places".* FROM "places" WHERE "places"."id" = $1 LIMIT 1  [["id", 1126]]
  [1m[36mCACHE (0.0ms)[0m  [1mSELECT "places".* FROM "places" WHERE "places"."id" = 1126 LIMIT 1[0m
  [1m[35mCACHE (0.0ms)[0m  select * from routes where startplace_id = 1126
  [1m[36mCACHE (0.0ms)[0m  [1mselect * from routes where endplace_id = 1126[0m
  [1m[35mCACHE (0.0ms)[0m  SELECT "places".* FROM "places" WHERE "places"."id" = $1 LIMIT 1  [["id", 1126]]
  [1m[36mCACHE (0.0ms)[0m  [1mSELECT "places".* FROM "places" WHERE "places"."id" = $1 LIMIT 1[0m  [["id", 1130]]
  [1m[35mCACHE (0.0ms)[0m  SELECT "places".* FROM "places" WHERE "places"."id" = $1 LIMIT 1  [["id", 1126]]
  [1m[36mCACHE (0.0ms)[0m  [1mSELECT "places".* FROM "places" WHERE "places"."id" = $1 LIMIT 1[0m  [["id", 769]]
  [1m[35mCACHE (0.0ms)[0m  SELECT "places".* FROM "places" WHERE "places"."id" = $1 LIMIT 1  [["id", 1127]]
  [1m[36mCACHE (0.0ms)[0m  [1mSELECT "places".* FROM "places" WHERE "places"."id" = 1127 LIMIT 1[0m
  [1m[35mCACHE (0.0ms)[0m  select * from routes where startplace_id = 1127
  [1m[36mCACHE (0.0ms)[0m  [1mselect * from routes where endplace_id = 1127[0m
  [1m[35mCACHE (0.0ms)[0m  SELECT "places".* FROM "places" WHERE "places"."id" = $1 LIMIT 1  [["id", 1127]]
  [1m[36mCACHE (0.0ms)[0m  [1mSELECT "places".* FROM "places" WHERE "places"."id" = $1 LIMIT 1[0m  [["id", 1126]]
  [1m[35mCACHE (0.0ms)[0m  SELECT "places".* FROM "places" WHERE "places"."id" = $1 LIMIT 1  [["id", 419]]
  [1m[36mCACHE (0.0ms)[0m  [1mSELECT "places".* FROM "places" WHERE "places"."id" = 1130 LIMIT 1[0m
  [1m[35mCACHE (0.0ms)[0m  select * from routes where startplace_id = 1130
  [1m[36mCACHE (0.0ms)[0m  [1mselect * from routes where endplace_id = 1130[0m
  [1m[35mCACHE (0.0ms)[0m  SELECT "places".* FROM "places" WHERE "places"."id" = $1 LIMIT 1  [["id", 1130]]
  [1m[36mCACHE (0.0ms)[0m  [1mSELECT "places".* FROM "places" WHERE "places"."id" = $1 LIMIT 1[0m  [["id", 974]]
  [1m[35mCACHE (0.0ms)[0m  SELECT "places".* FROM "places" WHERE "places"."id" = $1 LIMIT 1  [["id", 1126]]
  [1m[36mCACHE (0.0ms)[0m  [1mSELECT "places".* FROM "places" WHERE "places"."id" = 419 LIMIT 1[0m
  [1m[35mCACHE (0.0ms)[0m  select * from routes where startplace_id = 419
  [1m[36mCACHE (0.0ms)[0m  [1mselect * from routes where endplace_id = 419[0m
  [1m[35mCACHE (0.0ms)[0m  SELECT "places".* FROM "places" WHERE "places"."id" = $1 LIMIT 1  [["id", 419]]
  [1m[36mCACHE (0.0ms)[0m  [1mSELECT "places".* FROM "places" WHERE "places"."id" = $1 LIMIT 1[0m  [["id", 1127]]
  [1m[35mCACHE (0.0ms)[0m  SELECT "places".* FROM "places" WHERE "places"."id" = $1 LIMIT 1  [["id", 1128]]
  [1m[36mCACHE (0.0ms)[0m  [1mSELECT "places".* FROM "places" WHERE "places"."id" = 1125 LIMIT 1[0m
  [1m[35mCACHE (0.0ms)[0m  select * from routes where startplace_id = 1125
  [1m[36mCACHE (0.0ms)[0m  [1mselect * from routes where endplace_id = 1125[0m
  [1m[35mCACHE (0.0ms)[0m  SELECT "places".* FROM "places" WHERE "places"."id" = $1 LIMIT 1  [["id", 1125]]
  [1m[36mCACHE (0.0ms)[0m  [1mSELECT "places".* FROM "places" WHERE "places"."id" = $1 LIMIT 1[0m  [["id", 1123]]
  [1m[35mCACHE (0.0ms)[0m  SELECT "places".* FROM "places" WHERE "places"."id" = $1 LIMIT 1  [["id", 769]]
  [1m[36mPlace Load (0.6ms)[0m  [1mSELECT "places".* FROM "places" WHERE "places"."id" = 1128 LIMIT 1[0m
  [1m[35mRoute Load (0.3ms)[0m  select * from routes where startplace_id = 1128
  [1m[36mRoute Load (0.4ms)[0m  [1mselect * from routes where endplace_id = 1128[0m
  [1m[35mCACHE (0.0ms)[0m  SELECT "places".* FROM "places" WHERE "places"."id" = $1 LIMIT 1  [["id", 1128]]
  [1m[36mCACHE (0.0ms)[0m  [1mSELECT "places".* FROM "places" WHERE "places"."id" = $1 LIMIT 1[0m  [["id", 419]]
  [1m[35mCACHE (0.0ms)[0m  SELECT "places".* FROM "places" WHERE "places"."id" = 1124 LIMIT 1
  [1m[36mCACHE (0.0ms)[0m  [1mselect * from routes where startplace_id = 1124[0m
  [1m[35mCACHE (0.0ms)[0m  select * from routes where endplace_id = 1124
  [1m[36mCACHE (0.0ms)[0m  [1mSELECT "places".* FROM "places" WHERE "places"."id" = $1 LIMIT 1[0m  [["id", 1124]]
  [1m[35mCACHE (0.0ms)[0m  SELECT "places".* FROM "places" WHERE "places"."id" = $1 LIMIT 1  [["id", 1129]]
  [1m[36mCACHE (0.0ms)[0m  [1mSELECT "places".* FROM "places" WHERE "places"."id" = $1 LIMIT 1[0m  [["id", 1124]]
  [1m[35mCACHE (0.0ms)[0m  SELECT "places".* FROM "places" WHERE "places"."id" = $1 LIMIT 1  [["id", 974]]
  [1m[36mCACHE (0.0ms)[0m  [1mSELECT "places".* FROM "places" WHERE "places"."id" = $1 LIMIT 1[0m  [["id", 1123]]
  [1m[35mCACHE (0.0ms)[0m  SELECT "places".* FROM "places" WHERE "places"."id" = 1132 LIMIT 1
  [1m[36mCACHE (0.0ms)[0m  [1mselect * from routes where startplace_id = 1132[0m
  [1m[35mCACHE (0.0ms)[0m  select * from routes where endplace_id = 1132
  [1m[36mCACHE (0.0ms)[0m  [1mSELECT "places".* FROM "places" WHERE "places"."id" = $1 LIMIT 1[0m  [["id", 1131]]
  [1m[35mCACHE (0.0ms)[0m  SELECT "places".* FROM "places" WHERE "places"."id" = 419 LIMIT 1
  [1m[36mCACHE (0.0ms)[0m  [1mselect * from routes where startplace_id = 419[0m
  [1m[35mCACHE (0.0ms)[0m  select * from routes where endplace_id = 419
  [1m[36mCACHE (0.0ms)[0m  [1mSELECT "places".* FROM "places" WHERE "places"."id" = $1 LIMIT 1[0m  [["id", 419]]
  [1m[35mCACHE (0.0ms)[0m  SELECT "places".* FROM "places" WHERE "places"."id" = $1 LIMIT 1  [["id", 1127]]
  [1m[36mCACHE (0.0ms)[0m  [1mSELECT "places".* FROM "places" WHERE "places"."id" = $1 LIMIT 1[0m  [["id", 1128]]
  [1m[35mCACHE (0.0ms)[0m  SELECT "places".* FROM "places" WHERE "places"."id" = 1125 LIMIT 1
  [1m[36mCACHE (0.0ms)[0m  [1mselect * from routes where startplace_id = 1125[0m
  [1m[35mCACHE (0.0ms)[0m  select * from routes where endplace_id = 1125
  [1m[36mCACHE (0.0ms)[0m  [1mSELECT "places".* FROM "places" WHERE "places"."id" = $1 LIMIT 1[0m  [["id", 1125]]
  [1m[35mCACHE (0.0ms)[0m  SELECT "places".* FROM "places" WHERE "places"."id" = $1 LIMIT 1  [["id", 1123]]
  [1m[36mCACHE (0.0ms)[0m  [1mSELECT "places".* FROM "places" WHERE "places"."id" = $1 LIMIT 1[0m  [["id", 769]]
  [1m[35mPlace Load (0.3ms)[0m  SELECT "places".* FROM "places" WHERE "places"."id" = 1113 LIMIT 1
  [1m[36mRoute Load (0.3ms)[0m  [1mselect * from routes where startplace_id = 1113[0m
  [1m[35mRoute Load (0.3ms)[0m  select * from routes where endplace_id = 1113
  [1m[36mCACHE (0.0ms)[0m  [1mSELECT "places".* FROM "places" WHERE "places"."id" = $1 LIMIT 1[0m  [["id", 1113]]
  [1m[35mPlace Load (0.2ms)[0m  SELECT "places".* FROM "places" WHERE "places"."id" = $1 LIMIT 1  [["id", 624]]
  [1m[36mCACHE (0.0ms)[0m  [1mSELECT "places".* FROM "places" WHERE "places"."id" = $1 LIMIT 1[0m  [["id", 1114]]
  [1m[35mCACHE (0.0ms)[0m  SELECT "places".* FROM "places" WHERE "places"."id" = 419 LIMIT 1
  [1m[36mCACHE (0.0ms)[0m  [1mselect * from routes where startplace_id = 419[0m
  [1m[35mCACHE (0.0ms)[0m  select * from routes where endplace_id = 419
  [1m[36mCACHE (0.0ms)[0m  [1mSELECT "places".* FROM "places" WHERE "places"."id" = $1 LIMIT 1[0m  [["id", 419]]
  [1m[35mCACHE (0.0ms)[0m  SELECT "places".* FROM "places" WHERE "places"."id" = $1 LIMIT 1  [["id", 1127]]
  [1m[36mCACHE (0.0ms)[0m  [1mSELECT "places".* FROM "places" WHERE "places"."id" = $1 LIMIT 1[0m  [["id", 1128]]
  [1m[35mCACHE (0.0ms)[0m  SELECT "places".* FROM "places" WHERE "places"."id" = 974 LIMIT 1
  [1m[36mCACHE (0.0ms)[0m  [1mselect * from routes where startplace_id = 974[0m
  [1m[35mCACHE (0.0ms)[0m  select * from routes where endplace_id = 974
  [1m[36mCACHE (0.0ms)[0m  [1mSELECT "places".* FROM "places" WHERE "places"."id" = $1 LIMIT 1[0m  [["id", 974]]
  [1m[35mCACHE (0.0ms)[0m  SELECT "places".* FROM "places" WHERE "places"."id" = $1 LIMIT 1  [["id", 471]]
  [1m[36mCACHE (0.0ms)[0m  [1mSELECT "places".* FROM "places" WHERE "places"."id" = $1 LIMIT 1[0m  [["id", 1130]]
  [1m[35mCACHE (0.0ms)[0m  SELECT "places".* FROM "places" WHERE "places"."id" = $1 LIMIT 1  [["id", 1124]]
  [1m[36mCACHE (0.0ms)[0m  [1mSELECT "places".* FROM "places" WHERE "places"."id" = 1128 LIMIT 1[0m
  [1m[35mCACHE (0.0ms)[0m  select * from routes where startplace_id = 1128
  [1m[36mCACHE (0.0ms)[0m  [1mselect * from routes where endplace_id = 1128[0m
  [1m[35mCACHE (0.0ms)[0m  SELECT "places".* FROM "places" WHERE "places"."id" = $1 LIMIT 1  [["id", 1128]]
  [1m[36mCACHE (0.0ms)[0m  [1mSELECT "places".* FROM "places" WHERE "places"."id" = $1 LIMIT 1[0m  [["id", 419]]
  [1m[35mCACHE (0.0ms)[0m  SELECT "places".* FROM "places" WHERE "places"."id" = 1123 LIMIT 1
  [1m[36mCACHE (0.0ms)[0m  [1mselect * from routes where startplace_id = 1123[0m
  [1m[35mCACHE (0.0ms)[0m  select * from routes where endplace_id = 1123
  [1m[36mCACHE (0.0ms)[0m  [1mSELECT "places".* FROM "places" WHERE "places"."id" = $1 LIMIT 1[0m  [["id", 1123]]
  [1m[35mCACHE (0.0ms)[0m  SELECT "places".* FROM "places" WHERE "places"."id" = $1 LIMIT 1  [["id", 1124]]
  [1m[36mCACHE (0.0ms)[0m  [1mSELECT "places".* FROM "places" WHERE "places"."id" = $1 LIMIT 1[0m  [["id", 975]]
  [1m[35mCACHE (0.0ms)[0m  SELECT "places".* FROM "places" WHERE "places"."id" = $1 LIMIT 1  [["id", 1125]]
  [1m[36mCACHE (0.0ms)[0m  [1mSELECT "places".* FROM "places" WHERE "places"."id" = 419 LIMIT 1[0m
  [1m[35mCACHE (0.0ms)[0m  select * from routes where startplace_id = 419
  [1m[36mCACHE (0.0ms)[0m  [1mselect * from routes where endplace_id = 419[0m
  [1m[35mCACHE (0.0ms)[0m  SELECT "places".* FROM "places" WHERE "places"."id" = $1 LIMIT 1  [["id", 419]]
  [1m[36mCACHE (0.0ms)[0m  [1mSELECT "places".* FROM "places" WHERE "places"."id" = $1 LIMIT 1[0m  [["id", 1127]]
  [1m[35mCACHE (0.0ms)[0m  SELECT "places".* FROM "places" WHERE "places"."id" = $1 LIMIT 1  [["id", 1128]]
  [1m[36mCACHE (0.0ms)[0m  [1mSELECT "places".* FROM "places" WHERE "places"."id" = 974 LIMIT 1[0m
  [1m[35mCACHE (0.0ms)[0m  select * from routes where startplace_id = 974
  [1m[36mCACHE (0.0ms)[0m  [1mselect * from routes where endplace_id = 974[0m
  [1m[35mCACHE (0.0ms)[0m  SELECT "places".* FROM "places" WHERE "places"."id" = $1 LIMIT 1  [["id", 974]]
  [1m[36mCACHE (0.0ms)[0m  [1mSELECT "places".* FROM "places" WHERE "places"."id" = $1 LIMIT 1[0m  [["id", 471]]
  [1m[35mCACHE (0.0ms)[0m  SELECT "places".* FROM "places" WHERE "places"."id" = $1 LIMIT 1  [["id", 1130]]
  [1m[36mCACHE (0.0ms)[0m  [1mSELECT "places".* FROM "places" WHERE "places"."id" = $1 LIMIT 1[0m  [["id", 1124]]
  [1m[35mCACHE (0.0ms)[0m  SELECT "places".* FROM "places" WHERE "places"."id" = 1127 LIMIT 1
  [1m[36mCACHE (0.0ms)[0m  [1mselect * from routes where startplace_id = 1127[0m
  [1m[35mCACHE (0.0ms)[0m  select * from routes where endplace_id = 1127
  [1m[36mCACHE (0.0ms)[0m  [1mSELECT "places".* FROM "places" WHERE "places"."id" = $1 LIMIT 1[0m  [["id", 1127]]
  [1m[35mCACHE (0.0ms)[0m  SELECT "places".* FROM "places" WHERE "places"."id" = $1 LIMIT 1  [["id", 1126]]
  [1m[36mCACHE (0.0ms)[0m  [1mSELECT "places".* FROM "places" WHERE "places"."id" = $1 LIMIT 1[0m  [["id", 419]]
  [1m[35mCACHE (0.0ms)[0m  SELECT "places".* FROM "places" WHERE "places"."id" = 769 LIMIT 1
  [1m[36mCACHE (0.0ms)[0m  [1mselect * from routes where startplace_id = 769[0m
  [1m[35mCACHE (0.0ms)[0m  select * from routes where endplace_id = 769
  [1m[36mCACHE (0.0ms)[0m  [1mSELECT "places".* FROM "places" WHERE "places"."id" = $1 LIMIT 1[0m  [["id", 769]]
  [1m[35mCACHE (0.0ms)[0m  SELECT "places".* FROM "places" WHERE "places"."id" = $1 LIMIT 1  [["id", 1125]]
  [1m[36mCACHE (0.0ms)[0m  [1mSELECT "places".* FROM "places" WHERE "places"."id" = $1 LIMIT 1[0m  [["id", 1126]]
  [1m[35mCACHE (0.0ms)[0m  SELECT "places".* FROM "places" WHERE "places"."id" = 419 LIMIT 1
  [1m[36mCACHE (0.0ms)[0m  [1mselect * from routes where startplace_id = 419[0m
  [1m[35mCACHE (0.0ms)[0m  select * from routes where endplace_id = 419
  [1m[36mCACHE (0.0ms)[0m  [1mSELECT "places".* FROM "places" WHERE "places"."id" = $1 LIMIT 1[0m  [["id", 419]]
  [1m[35mCACHE (0.0ms)[0m  SELECT "places".* FROM "places" WHERE "places"."id" = $1 LIMIT 1  [["id", 1127]]
  [1m[36mCACHE (0.0ms)[0m  [1mSELECT "places".* FROM "places" WHERE "places"."id" = $1 LIMIT 1[0m  [["id", 1128]]
  [1m[35mCACHE (0.0ms)[0m  SELECT "places".* FROM "places" WHERE "places"."id" = 974 LIMIT 1
  [1m[36mCACHE (0.0ms)[0m  [1mselect * from routes where startplace_id = 974[0m
  [1m[35mCACHE (0.0ms)[0m  select * from routes where endplace_id = 974
  [1m[36mCACHE (0.0ms)[0m  [1mSELECT "places".* FROM "places" WHERE "places"."id" = $1 LIMIT 1[0m  [["id", 974]]
  [1m[35mCACHE (0.0ms)[0m  SELECT "places".* FROM "places" WHERE "places"."id" = $1 LIMIT 1  [["id", 471]]
  [1m[36mCACHE (0.0ms)[0m  [1mSELECT "places".* FROM "places" WHERE "places"."id" = $1 LIMIT 1[0m  [["id", 1130]]
  [1m[35mCACHE (0.0ms)[0m  SELECT "places".* FROM "places" WHERE "places"."id" = $1 LIMIT 1  [["id", 1124]]
  [1m[36mCACHE (0.0ms)[0m  [1mSELECT "places".* FROM "places" WHERE "places"."id" = 1128 LIMIT 1[0m
  [1m[35mCACHE (0.0ms)[0m  select * from routes where startplace_id = 1128
  [1m[36mCACHE (0.0ms)[0m  [1mselect * from routes where endplace_id = 1128[0m
  [1m[35mCACHE (0.0ms)[0m  SELECT "places".* FROM "places" WHERE "places"."id" = $1 LIMIT 1  [["id", 1128]]
  [1m[36mCACHE (0.0ms)[0m  [1mSELECT "places".* FROM "places" WHERE "places"."id" = $1 LIMIT 1[0m  [["id", 419]]
  [1m[35mCACHE (0.0ms)[0m  SELECT "places".* FROM "places" WHERE "places"."id" = 1123 LIMIT 1
  [1m[36mCACHE (0.0ms)[0m  [1mselect * from routes where startplace_id = 1123[0m
  [1m[35mCACHE (0.0ms)[0m  select * from routes where endplace_id = 1123
  [1m[36mCACHE (0.0ms)[0m  [1mSELECT "places".* FROM "places" WHERE "places"."id" = $1 LIMIT 1[0m  [["id", 1123]]
  [1m[35mCACHE (0.0ms)[0m  SELECT "places".* FROM "places" WHERE "places"."id" = $1 LIMIT 1  [["id", 1124]]
  [1m[36mCACHE (0.0ms)[0m  [1mSELECT "places".* FROM "places" WHERE "places"."id" = $1 LIMIT 1[0m  [["id", 975]]
  [1m[35mCACHE (0.0ms)[0m  SELECT "places".* FROM "places" WHERE "places"."id" = $1 LIMIT 1  [["id", 1125]]
  [1m[36mCACHE (0.0ms)[0m  [1mSELECT "places".* FROM "places" WHERE "places"."id" = 1129 LIMIT 1[0m
  [1m[35mCACHE (0.0ms)[0m  select * from routes where startplace_id = 1129
  [1m[36mCACHE (0.0ms)[0m  [1mselect * from routes where endplace_id = 1129[0m
  [1m[35mCACHE (0.0ms)[0m  SELECT "places".* FROM "places" WHERE "places"."id" = $1 LIMIT 1  [["id", 1129]]
  [1m[36mCACHE (0.0ms)[0m  [1mSELECT "places".* FROM "places" WHERE "places"."id" = $1 LIMIT 1[0m  [["id", 207]]
  [1m[35mCACHE (0.0ms)[0m  SELECT "places".* FROM "places" WHERE "places"."id" = $1 LIMIT 1  [["id", 1124]]
  [1m[36mCACHE (0.0ms)[0m  [1mSELECT "places".* FROM "places" WHERE "places"."id" = $1 LIMIT 1[0m  [["id", 975]]
  [1m[35mCACHE (0.0ms)[0m  SELECT "places".* FROM "places" WHERE "places"."id" = 1128 LIMIT 1
  [1m[36mCACHE (0.0ms)[0m  [1mselect * from routes where startplace_id = 1128[0m
  [1m[35mCACHE (0.0ms)[0m  select * from routes where endplace_id = 1128
  [1m[36mCACHE (0.0ms)[0m  [1mSELECT "places".* FROM "places" WHERE "places"."id" = $1 LIMIT 1[0m  [["id", 1128]]
  [1m[35mCACHE (0.0ms)[0m  SELECT "places".* FROM "places" WHERE "places"."id" = $1 LIMIT 1  [["id", 419]]
  [1m[36mPlace Load (0.5ms)[0m  [1mSELECT "places".* FROM "places" WHERE "places"."id" = 624 LIMIT 1[0m
  [1m[35mRoute Load (0.3ms)[0m  select * from routes where startplace_id = 624
  [1m[36mRoute Load (0.3ms)[0m  [1mselect * from routes where endplace_id = 624[0m
  [1m[35mCACHE (0.0ms)[0m  SELECT "places".* FROM "places" WHERE "places"."id" = $1 LIMIT 1  [["id", 624]]
  [1m[36mPlace Load (0.2ms)[0m  [1mSELECT "places".* FROM "places" WHERE "places"."id" = $1 LIMIT 1[0m  [["id", 1112]]
  [1m[35mCACHE (0.0ms)[0m  SELECT "places".* FROM "places" WHERE "places"."id" = $1 LIMIT 1  [["id", 1113]]
  [1m[36mPlaceType Load (0.3ms)[0m  [1mselect * from place_types where name='Roadend'[0m
  [1m[35mCACHE (0.0ms)[0m  select name, "isDest" from place_types
  [1m[36mCACHE (0.0ms)[0m  [1mSELECT "places".* FROM "places" WHERE "places"."id" = 974 LIMIT 1[0m
  [1m[35mCACHE (0.0ms)[0m  select * from routes where startplace_id = 974
  [1m[36mCACHE (0.0ms)[0m  [1mselect * from routes where endplace_id = 974[0m
  [1m[35mCACHE (0.0ms)[0m  SELECT "places".* FROM "places" WHERE "places"."id" = $1 LIMIT 1  [["id", 974]]
  [1m[36mCACHE (0.0ms)[0m  [1mSELECT "places".* FROM "places" WHERE "places"."id" = $1 LIMIT 1[0m  [["id", 471]]
  [1m[35mCACHE (0.0ms)[0m  SELECT "places".* FROM "places" WHERE "places"."id" = $1 LIMIT 1  [["id", 1130]]
  [1m[36mCACHE (0.0ms)[0m  [1mSELECT "places".* FROM "places" WHERE "places"."id" = $1 LIMIT 1[0m  [["id", 1124]]
  [1m[35mCACHE (0.0ms)[0m  SELECT "places".* FROM "places" WHERE "places"."id" = 1130 LIMIT 1
  [1m[36mCACHE (0.0ms)[0m  [1mselect * from routes where startplace_id = 1130[0m
  [1m[35mCACHE (0.0ms)[0m  select * from routes where endplace_id = 1130
  [1m[36mCACHE (0.0ms)[0m  [1mSELECT "places".* FROM "places" WHERE "places"."id" = $1 LIMIT 1[0m  [["id", 1130]]
  [1m[35mCACHE (0.0ms)[0m  SELECT "places".* FROM "places" WHERE "places"."id" = $1 LIMIT 1  [["id", 974]]
  [1m[36mCACHE (0.0ms)[0m  [1mSELECT "places".* FROM "places" WHERE "places"."id" = $1 LIMIT 1[0m  [["id", 1126]]
  [1m[35mCACHE (0.0ms)[0m  SELECT "places".* FROM "places" WHERE "places"."id" = 1124 LIMIT 1
  [1m[36mCACHE (0.0ms)[0m  [1mselect * from routes where startplace_id = 1124[0m
  [1m[35mCACHE (0.0ms)[0m  select * from routes where endplace_id = 1124
  [1m[36mCACHE (0.0ms)[0m  [1mSELECT "places".* FROM "places" WHERE "places"."id" = $1 LIMIT 1[0m  [["id", 1124]]
  [1m[35mCACHE (0.0ms)[0m  SELECT "places".* FROM "places" WHERE "places"."id" = $1 LIMIT 1  [["id", 1129]]
  [1m[36mCACHE (0.0ms)[0m  [1mSELECT "places".* FROM "places" WHERE "places"."id" = $1 LIMIT 1[0m  [["id", 1124]]
  [1m[35mCACHE (0.0ms)[0m  SELECT "places".* FROM "places" WHERE "places"."id" = $1 LIMIT 1  [["id", 974]]
  [1m[36mCACHE (0.0ms)[0m  [1mSELECT "places".* FROM "places" WHERE "places"."id" = $1 LIMIT 1[0m  [["id", 1123]]
  [1m[35mCACHE (0.0ms)[0m  SELECT "places".* FROM "places" WHERE "places"."id" = 1126 LIMIT 1
  [1m[36mCACHE (0.0ms)[0m  [1mselect * from routes where startplace_id = 1126[0m
  [1m[35mCACHE (0.0ms)[0m  select * from routes where endplace_id = 1126
  [1m[36mCACHE (0.0ms)[0m  [1mSELECT "places".* FROM "places" WHERE "places"."id" = $1 LIMIT 1[0m  [["id", 1126]]
  [1m[35mCACHE (0.0ms)[0m  SELECT "places".* FROM "places" WHERE "places"."id" = $1 LIMIT 1  [["id", 1130]]
  [1m[36mCACHE (0.0ms)[0m  [1mSELECT "places".* FROM "places" WHERE "places"."id" = $1 LIMIT 1[0m  [["id", 1126]]
  [1m[35mCACHE (0.0ms)[0m  SELECT "places".* FROM "places" WHERE "places"."id" = $1 LIMIT 1  [["id", 769]]
  [1m[36mCACHE (0.0ms)[0m  [1mSELECT "places".* FROM "places" WHERE "places"."id" = $1 LIMIT 1[0m  [["id", 1127]]
  [1m[35mCACHE (0.0ms)[0m  SELECT "places".* FROM "places" WHERE "places"."id" = 1123 LIMIT 1
  [1m[36mCACHE (0.0ms)[0m  [1mselect * from routes where startplace_id = 1123[0m
  [1m[35mCACHE (0.0ms)[0m  select * from routes where endplace_id = 1123
  [1m[36mCACHE (0.0ms)[0m  [1mSELECT "places".* FROM "places" WHERE "places"."id" = $1 LIMIT 1[0m  [["id", 1123]]
  [1m[35mCACHE (0.0ms)[0m  SELECT "places".* FROM "places" WHERE "places"."id" = $1 LIMIT 1  [["id", 1124]]
  [1m[36mCACHE (0.0ms)[0m  [1mSELECT "places".* FROM "places" WHERE "places"."id" = $1 LIMIT 1[0m  [["id", 975]]
  [1m[35mCACHE (0.0ms)[0m  SELECT "places".* FROM "places" WHERE "places"."id" = $1 LIMIT 1  [["id", 1125]]
  [1m[36mCACHE (0.0ms)[0m  [1mSELECT "places".* FROM "places" WHERE "places"."id" = 1129 LIMIT 1[0m
  [1m[35mCACHE (0.0ms)[0m  select * from routes where startplace_id = 1129
  [1m[36mCACHE (0.0ms)[0m  [1mselect * from routes where endplace_id = 1129[0m
  [1m[35mCACHE (0.0ms)[0m  SELECT "places".* FROM "places" WHERE "places"."id" = $1 LIMIT 1  [["id", 1129]]
  [1m[36mCACHE (0.0ms)[0m  [1mSELECT "places".* FROM "places" WHERE "places"."id" = $1 LIMIT 1[0m  [["id", 207]]
  [1m[35mCACHE (0.0ms)[0m  SELECT "places".* FROM "places" WHERE "places"."id" = $1 LIMIT 1  [["id", 1124]]
  [1m[36mCACHE (0.0ms)[0m  [1mSELECT "places".* FROM "places" WHERE "places"."id" = $1 LIMIT 1[0m  [["id", 975]]
  [1m[35mCACHE (0.0ms)[0m  SELECT "places".* FROM "places" WHERE "places"."id" = 1127 LIMIT 1
  [1m[36mCACHE (0.0ms)[0m  [1mselect * from routes where startplace_id = 1127[0m
  [1m[35mCACHE (0.0ms)[0m  select * from routes where endplace_id = 1127
  [1m[36mCACHE (0.0ms)[0m  [1mSELECT "places".* FROM "places" WHERE "places"."id" = $1 LIMIT 1[0m  [["id", 1127]]
  [1m[35mCACHE (0.0ms)[0m  SELECT "places".* FROM "places" WHERE "places"."id" = $1 LIMIT 1  [["id", 1126]]
  [1m[36mCACHE (0.0ms)[0m  [1mSELECT "places".* FROM "places" WHERE "places"."id" = $1 LIMIT 1[0m  [["id", 419]]
  [1m[35mCACHE (0.0ms)[0m  SELECT "places".* FROM "places" WHERE "places"."id" = 769 LIMIT 1
  [1m[36mCACHE (0.0ms)[0m  [1mselect * from routes where startplace_id = 769[0m
  [1m[35mCACHE (0.0ms)[0m  select * from routes where endplace_id = 769
  [1m[36mCACHE (0.0ms)[0m  [1mSELECT "places".* FROM "places" WHERE "places"."id" = $1 LIMIT 1[0m  [["id", 769]]
  [1m[35mCACHE (0.0ms)[0m  SELECT "places".* FROM "places" WHERE "places"."id" = $1 LIMIT 1  [["id", 1125]]
  [1m[36mCACHE (0.0ms)[0m  [1mSELECT "places".* FROM "places" WHERE "places"."id" = $1 LIMIT 1[0m  [["id", 1126]]
  [1m[35mCACHE (0.0ms)[0m  SELECT "places".* FROM "places" WHERE "places"."id" = 975 LIMIT 1
  [1m[36mCACHE (0.0ms)[0m  [1mselect * from routes where startplace_id = 975[0m
  [1m[35mCACHE (0.0ms)[0m  select * from routes where endplace_id = 975
  [1m[36mCACHE (0.0ms)[0m  [1mSELECT "places".* FROM "places" WHERE "places"."id" = $1 LIMIT 1[0m  [["id", 975]]
  [1m[35mCACHE (0.0ms)[0m  SELECT "places".* FROM "places" WHERE "places"."id" = $1 LIMIT 1  [["id", 1129]]
  [1m[36mCACHE (0.0ms)[0m  [1mSELECT "places".* FROM "places" WHERE "places"."id" = $1 LIMIT 1[0m  [["id", 975]]
  [1m[35mCACHE (0.0ms)[0m  SELECT "places".* FROM "places" WHERE "places"."id" = $1 LIMIT 1  [["id", 1123]]
  [1m[36mCACHE (0.0ms)[0m  [1mSELECT "places".* FROM "places" WHERE "places"."id" = $1 LIMIT 1[0m  [["id", 1122]]
  [1m[35mCACHE (0.0ms)[0m  SELECT "places".* FROM "places" WHERE "places"."id" = 1125 LIMIT 1
  [1m[36mCACHE (0.0ms)[0m  [1mselect * from routes where startplace_id = 1125[0m
  [1m[35mCACHE (0.0ms)[0m  select * from routes where endplace_id = 1125
  [1m[36mCACHE (0.0ms)[0m  [1mSELECT "places".* FROM "places" WHERE "places"."id" = $1 LIMIT 1[0m  [["id", 1125]]
  [1m[35mCACHE (0.0ms)[0m  SELECT "places".* FROM "places" WHERE "places"."id" = $1 LIMIT 1  [["id", 1123]]
  [1m[36mCACHE (0.0ms)[0m  [1mSELECT "places".* FROM "places" WHERE "places"."id" = $1 LIMIT 1[0m  [["id", 769]]
  [1m[35mCACHE (0.0ms)[0m  SELECT "places".* FROM "places" WHERE "places"."id" = 975 LIMIT 1
  [1m[36mCACHE (0.0ms)[0m  [1mselect * from routes where startplace_id = 975[0m
  [1m[35mCACHE (0.0ms)[0m  select * from routes where endplace_id = 975
  [1m[36mCACHE (0.0ms)[0m  [1mSELECT "places".* FROM "places" WHERE "places"."id" = $1 LIMIT 1[0m  [["id", 975]]
  [1m[35mCACHE (0.0ms)[0m  SELECT "places".* FROM "places" WHERE "places"."id" = $1 LIMIT 1  [["id", 1129]]
  [1m[36mCACHE (0.0ms)[0m  [1mSELECT "places".* FROM "places" WHERE "places"."id" = $1 LIMIT 1[0m  [["id", 975]]
  [1m[35mCACHE (0.0ms)[0m  SELECT "places".* FROM "places" WHERE "places"."id" = $1 LIMIT 1  [["id", 1123]]
  [1m[36mCACHE (0.0ms)[0m  [1mSELECT "places".* FROM "places" WHERE "places"."id" = $1 LIMIT 1[0m  [["id", 1122]]
  [1m[35mCACHE (0.0ms)[0m  SELECT "places".* FROM "places" WHERE "places"."id" = 207 LIMIT 1
  [1m[36mCACHE (0.0ms)[0m  [1mselect * from routes where startplace_id = 207[0m
  [1m[35mCACHE (0.0ms)[0m  select * from routes where endplace_id = 207
  [1m[36mCACHE (0.0ms)[0m  [1mSELECT "places".* FROM "places" WHERE "places"."id" = $1 LIMIT 1[0m  [["id", 207]]
  [1m[35mCACHE (0.0ms)[0m  SELECT "places".* FROM "places" WHERE "places"."id" = $1 LIMIT 1  [["id", 650]]
  [1m[36mCACHE (0.0ms)[0m  [1mSELECT "places".* FROM "places" WHERE "places"."id" = $1 LIMIT 1[0m  [["id", 207]]
  [1m[35mCACHE (0.0ms)[0m  SELECT "places".* FROM "places" WHERE "places"."id" = $1 LIMIT 1  [["id", 1133]]
  [1m[36mCACHE (0.0ms)[0m  [1mSELECT "places".* FROM "places" WHERE "places"."id" = $1 LIMIT 1[0m  [["id", 1129]]
  [1m[35mCACHE (0.0ms)[0m  SELECT "places".* FROM "places" WHERE "places"."id" = 419 LIMIT 1
  [1m[36mCACHE (0.0ms)[0m  [1mselect * from routes where startplace_id = 419[0m
  [1m[35mCACHE (0.0ms)[0m  select * from routes where endplace_id = 419
  [1m[36mCACHE (0.0ms)[0m  [1mSELECT "places".* FROM "places" WHERE "places"."id" = $1 LIMIT 1[0m  [["id", 419]]
  [1m[35mCACHE (0.0ms)[0m  SELECT "places".* FROM "places" WHERE "places"."id" = $1 LIMIT 1  [["id", 1127]]
  [1m[36mCACHE (0.0ms)[0m  [1mSELECT "places".* FROM "places" WHERE "places"."id" = $1 LIMIT 1[0m  [["id", 1128]]
  [1m[35mCACHE (0.0ms)[0m  SELECT "places".* FROM "places" WHERE "places"."id" = 1125 LIMIT 1
  [1m[36mCACHE (0.0ms)[0m  [1mselect * from routes where startplace_id = 1125[0m
  [1m[35mCACHE (0.0ms)[0m  select * from routes where endplace_id = 1125
  [1m[36mCACHE (0.0ms)[0m  [1mSELECT "places".* FROM "places" WHERE "places"."id" = $1 LIMIT 1[0m  [["id", 1125]]
  [1m[35mCACHE (0.0ms)[0m  SELECT "places".* FROM "places" WHERE "places"."id" = $1 LIMIT 1  [["id", 1123]]
  [1m[36mCACHE (0.0ms)[0m  [1mSELECT "places".* FROM "places" WHERE "places"."id" = $1 LIMIT 1[0m  [["id", 769]]
  [1m[35mCACHE (0.0ms)[0m  SELECT "places".* FROM "places" WHERE "places"."id" = 1122 LIMIT 1
  [1m[36mCACHE (0.0ms)[0m  [1mselect * from routes where startplace_id = 1122[0m
  [1m[35mCACHE (0.0ms)[0m  select * from routes where endplace_id = 1122
  [1m[36mCACHE (0.0ms)[0m  [1mSELECT "places".* FROM "places" WHERE "places"."id" = $1 LIMIT 1[0m  [["id", 1122]]
  [1m[35mCACHE (0.0ms)[0m  SELECT "places".* FROM "places" WHERE "places"."id" = $1 LIMIT 1  [["id", 975]]
  [1m[36mCACHE (0.0ms)[0m  [1mSELECT "places".* FROM "places" WHERE "places"."id" = $1 LIMIT 1[0m  [["id", 1121]]
  [1m[35mCACHE (0.0ms)[0m  SELECT "places".* FROM "places" WHERE "places"."id" = 1129 LIMIT 1
  [1m[36mCACHE (0.0ms)[0m  [1mselect * from routes where startplace_id = 1129[0m
  [1m[35mCACHE (0.0ms)[0m  select * from routes where endplace_id = 1129
  [1m[36mCACHE (0.0ms)[0m  [1mSELECT "places".* FROM "places" WHERE "places"."id" = $1 LIMIT 1[0m  [["id", 1129]]
  [1m[35mCACHE (0.0ms)[0m  SELECT "places".* FROM "places" WHERE "places"."id" = $1 LIMIT 1  [["id", 207]]
  [1m[36mCACHE (0.0ms)[0m  [1mSELECT "places".* FROM "places" WHERE "places"."id" = $1 LIMIT 1[0m  [["id", 1124]]
  [1m[35mCACHE (0.0ms)[0m  SELECT "places".* FROM "places" WHERE "places"."id" = $1 LIMIT 1  [["id", 975]]
  [1m[36mCACHE (0.0ms)[0m  [1mSELECT "places".* FROM "places" WHERE "places"."id" = 769 LIMIT 1[0m
  [1m[35mCACHE (0.0ms)[0m  select * from routes where startplace_id = 769
  [1m[36mCACHE (0.0ms)[0m  [1mselect * from routes where endplace_id = 769[0m
  [1m[35mCACHE (0.0ms)[0m  SELECT "places".* FROM "places" WHERE "places"."id" = $1 LIMIT 1  [["id", 769]]
  [1m[36mCACHE (0.0ms)[0m  [1mSELECT "places".* FROM "places" WHERE "places"."id" = $1 LIMIT 1[0m  [["id", 1125]]
  [1m[35mCACHE (0.0ms)[0m  SELECT "places".* FROM "places" WHERE "places"."id" = $1 LIMIT 1  [["id", 1126]]
  [1m[36mCACHE (0.0ms)[0m  [1mSELECT "places".* FROM "places" WHERE "places"."id" = 1122 LIMIT 1[0m
  [1m[35mCACHE (0.0ms)[0m  select * from routes where startplace_id = 1122
  [1m[36mCACHE (0.0ms)[0m  [1mselect * from routes where endplace_id = 1122[0m
  [1m[35mCACHE (0.0ms)[0m  SELECT "places".* FROM "places" WHERE "places"."id" = $1 LIMIT 1  [["id", 1122]]
  [1m[36mCACHE (0.0ms)[0m  [1mSELECT "places".* FROM "places" WHERE "places"."id" = $1 LIMIT 1[0m  [["id", 975]]
  [1m[35mCACHE (0.0ms)[0m  SELECT "places".* FROM "places" WHERE "places"."id" = $1 LIMIT 1  [["id", 1121]]
  [1m[36mCACHE (0.0ms)[0m  [1mSELECT "places".* FROM "places" WHERE "places"."id" = 1123 LIMIT 1[0m
  [1m[35mCACHE (0.0ms)[0m  select * from routes where startplace_id = 1123
  [1m[36mCACHE (0.0ms)[0m  [1mselect * from routes where endplace_id = 1123[0m
  [1m[35mCACHE (0.0ms)[0m  SELECT "places".* FROM "places" WHERE "places"."id" = $1 LIMIT 1  [["id", 1123]]
  [1m[36mCACHE (0.0ms)[0m  [1mSELECT "places".* FROM "places" WHERE "places"."id" = $1 LIMIT 1[0m  [["id", 1124]]
  [1m[35mCACHE (0.0ms)[0m  SELECT "places".* FROM "places" WHERE "places"."id" = $1 LIMIT 1  [["id", 975]]
  [1m[36mCACHE (0.0ms)[0m  [1mSELECT "places".* FROM "places" WHERE "places"."id" = $1 LIMIT 1[0m  [["id", 1125]]
  [1m[35mCACHE (0.0ms)[0m  SELECT "places".* FROM "places" WHERE "places"."id" = 650 LIMIT 1
  [1m[36mCACHE (0.0ms)[0m  [1mselect * from routes where startplace_id = 650[0m
  [1m[35mCACHE (0.0ms)[0m  select * from routes where endplace_id = 650
  [1m[36mCACHE (0.0ms)[0m  [1mSELECT "places".* FROM "places" WHERE "places"."id" = $1 LIMIT 1[0m  [["id", 650]]
  [1m[35mCACHE (0.0ms)[0m  SELECT "places".* FROM "places" WHERE "places"."id" = $1 LIMIT 1  [["id", 45]]
  [1m[36mCACHE (0.0ms)[0m  [1mSELECT "places".* FROM "places" WHERE "places"."id" = $1 LIMIT 1[0m  [["id", 207]]
  [1m[35mCACHE (0.0ms)[0m  SELECT "places".* FROM "places" WHERE "places"."id" = 1133 LIMIT 1
  [1m[36mCACHE (0.0ms)[0m  [1mselect * from routes where startplace_id = 1133[0m
  [1m[35mCACHE (0.0ms)[0m  select * from routes where endplace_id = 1133
  [1m[36mCACHE (0.0ms)[0m  [1mSELECT "places".* FROM "places" WHERE "places"."id" = $1 LIMIT 1[0m  [["id", 1133]]
  [1m[35mCACHE (0.0ms)[0m  SELECT "places".* FROM "places" WHERE "places"."id" = $1 LIMIT 1  [["id", 1131]]
  [1m[36mCACHE (0.0ms)[0m  [1mSELECT "places".* FROM "places" WHERE "places"."id" = $1 LIMIT 1[0m  [["id", 207]]
  [1m[35mCACHE (0.0ms)[0m  SELECT "places".* FROM "places" WHERE "places"."id" = 1128 LIMIT 1
  [1m[36mCACHE (0.0ms)[0m  [1mselect * from routes where startplace_id = 1128[0m
  [1m[35mCACHE (0.0ms)[0m  select * from routes where endplace_id = 1128
  [1m[36mCACHE (0.0ms)[0m  [1mSELECT "places".* FROM "places" WHERE "places"."id" = $1 LIMIT 1[0m  [["id", 1128]]
  [1m[35mCACHE (0.0ms)[0m  SELECT "places".* FROM "places" WHERE "places"."id" = $1 LIMIT 1  [["id", 419]]
  [1m[36mCACHE (0.0ms)[0m  [1mSELECT "places".* FROM "places" WHERE "places"."id" = 1123 LIMIT 1[0m
  [1m[35mCACHE (0.0ms)[0m  select * from routes where startplace_id = 1123
  [1m[36mCACHE (0.0ms)[0m  [1mselect * from routes where endplace_id = 1123[0m
  [1m[35mCACHE (0.0ms)[0m  SELECT "places".* FROM "places" WHERE "places"."id" = $1 LIMIT 1  [["id", 1123]]
  [1m[36mCACHE (0.0ms)[0m  [1mSELECT "places".* FROM "places" WHERE "places"."id" = $1 LIMIT 1[0m  [["id", 1124]]
  [1m[35mCACHE (0.0ms)[0m  SELECT "places".* FROM "places" WHERE "places"."id" = $1 LIMIT 1  [["id", 975]]
  [1m[36mCACHE (0.0ms)[0m  [1mSELECT "places".* FROM "places" WHERE "places"."id" = $1 LIMIT 1[0m  [["id", 1125]]
  [1m[35mCACHE (0.0ms)[0m  SELECT "places".* FROM "places" WHERE "places"."id" = 1121 LIMIT 1
  [1m[36mCACHE (0.0ms)[0m  [1mselect * from routes where startplace_id = 1121[0m
  [1m[35mCACHE (0.0ms)[0m  select * from routes where endplace_id = 1121
  [1m[36mCACHE (0.0ms)[0m  [1mSELECT "places".* FROM "places" WHERE "places"."id" = $1 LIMIT 1[0m  [["id", 1121]]
  [1m[35mCACHE (0.0ms)[0m  SELECT "places".* FROM "places" WHERE "places"."id" = $1 LIMIT 1  [["id", 1122]]
  [1m[36mCACHE (0.0ms)[0m  [1mSELECT "places".* FROM "places" WHERE "places"."id" = $1 LIMIT 1[0m  [["id", 976]]
  [1m[35mCACHE (0.0ms)[0m  SELECT "places".* FROM "places" WHERE "places"."id" = 207 LIMIT 1
  [1m[36mCACHE (0.0ms)[0m  [1mselect * from routes where startplace_id = 207[0m
  [1m[35mCACHE (0.0ms)[0m  select * from routes where endplace_id = 207
  [1m[36mCACHE (0.0ms)[0m  [1mSELECT "places".* FROM "places" WHERE "places"."id" = $1 LIMIT 1[0m  [["id", 207]]
  [1m[35mCACHE (0.0ms)[0m  SELECT "places".* FROM "places" WHERE "places"."id" = $1 LIMIT 1  [["id", 650]]
  [1m[36mCACHE (0.0ms)[0m  [1mSELECT "places".* FROM "places" WHERE "places"."id" = $1 LIMIT 1[0m  [["id", 207]]
  [1m[35mCACHE (0.0ms)[0m  SELECT "places".* FROM "places" WHERE "places"."id" = $1 LIMIT 1  [["id", 1133]]
  [1m[36mCACHE (0.0ms)[0m  [1mSELECT "places".* FROM "places" WHERE "places"."id" = $1 LIMIT 1[0m  [["id", 1129]]
  [1m[35mCACHE (0.0ms)[0m  SELECT "places".* FROM "places" WHERE "places"."id" = 1126 LIMIT 1
  [1m[36mCACHE (0.0ms)[0m  [1mselect * from routes where startplace_id = 1126[0m
  [1m[35mCACHE (0.0ms)[0m  select * from routes where endplace_id = 1126
  [1m[36mCACHE (0.0ms)[0m  [1mSELECT "places".* FROM "places" WHERE "places"."id" = $1 LIMIT 1[0m  [["id", 1126]]
  [1m[35mCACHE (0.0ms)[0m  SELECT "places".* FROM "places" WHERE "places"."id" = $1 LIMIT 1  [["id", 1130]]
  [1m[36mCACHE (0.0ms)[0m  [1mSELECT "places".* FROM "places" WHERE "places"."id" = $1 LIMIT 1[0m  [["id", 1126]]
  [1m[35mCACHE (0.0ms)[0m  SELECT "places".* FROM "places" WHERE "places"."id" = $1 LIMIT 1  [["id", 769]]
  [1m[36mCACHE (0.0ms)[0m  [1mSELECT "places".* FROM "places" WHERE "places"."id" = $1 LIMIT 1[0m  [["id", 1127]]
  [1m[35mCACHE (0.0ms)[0m  SELECT "places".* FROM "places" WHERE "places"."id" = 1121 LIMIT 1
  [1m[36mCACHE (0.0ms)[0m  [1mselect * from routes where startplace_id = 1121[0m
  [1m[35mCACHE (0.0ms)[0m  select * from routes where endplace_id = 1121
  [1m[36mCACHE (0.0ms)[0m  [1mSELECT "places".* FROM "places" WHERE "places"."id" = $1 LIMIT 1[0m  [["id", 1121]]
  [1m[35mCACHE (0.0ms)[0m  SELECT "places".* FROM "places" WHERE "places"."id" = $1 LIMIT 1  [["id", 1122]]
  [1m[36mCACHE (0.0ms)[0m  [1mSELECT "places".* FROM "places" WHERE "places"."id" = $1 LIMIT 1[0m  [["id", 976]]
  [1m[35mCACHE (0.0ms)[0m  SELECT "places".* FROM "places" WHERE "places"."id" = 1125 LIMIT 1
  [1m[36mCACHE (0.0ms)[0m  [1mselect * from routes where startplace_id = 1125[0m
  [1m[35mCACHE (0.0ms)[0m  select * from routes where endplace_id = 1125
  [1m[36mCACHE (0.0ms)[0m  [1mSELECT "places".* FROM "places" WHERE "places"."id" = $1 LIMIT 1[0m  [["id", 1125]]
  [1m[35mCACHE (0.0ms)[0m  SELECT "places".* FROM "places" WHERE "places"."id" = $1 LIMIT 1  [["id", 1123]]
  [1m[36mCACHE (0.0ms)[0m  [1mSELECT "places".* FROM "places" WHERE "places"."id" = $1 LIMIT 1[0m  [["id", 769]]
  [1m[35mCACHE (0.0ms)[0m  SELECT "places".* FROM "places" WHERE "places"."id" = 45 LIMIT 1
  [1m[36mCACHE (0.0ms)[0m  [1mselect * from routes where startplace_id = 45[0m
  [1m[35mCACHE (0.0ms)[0m  select * from routes where endplace_id = 45
  [1m[36mCACHE (0.0ms)[0m  [1mSELECT "places".* FROM "places" WHERE "places"."id" = $1 LIMIT 1[0m  [["id", 45]]
  [1m[35mCACHE (0.0ms)[0m  SELECT "places".* FROM "places" WHERE "places"."id" = $1 LIMIT 1  [["id", 976]]
  [1m[36mCACHE (0.0ms)[0m  [1mSELECT "places".* FROM "places" WHERE "places"."id" = $1 LIMIT 1[0m  [["id", 650]]
  [1m[35mCACHE (0.0ms)[0m  SELECT "places".* FROM "places" WHERE "places"."id" = 1131 LIMIT 1
  [1m[36mCACHE (0.0ms)[0m  [1mselect * from routes where startplace_id = 1131[0m
  [1m[35mCACHE (0.0ms)[0m  select * from routes where endplace_id = 1131
  [1m[36mCACHE (0.0ms)[0m  [1mSELECT "places".* FROM "places" WHERE "places"."id" = $1 LIMIT 1[0m  [["id", 1131]]
  [1m[35mCACHE (0.0ms)[0m  SELECT "places".* FROM "places" WHERE "places"."id" = $1 LIMIT 1  [["id", 1132]]
  [1m[36mCACHE (0.0ms)[0m  [1mSELECT "places".* FROM "places" WHERE "places"."id" = $1 LIMIT 1[0m  [["id", 1133]]
  [1m[35mCACHE (0.0ms)[0m  SELECT "places".* FROM "places" WHERE "places"."id" = 975 LIMIT 1
  [1m[36mCACHE (0.0ms)[0m  [1mselect * from routes where startplace_id = 975[0m
  [1m[35mCACHE (0.0ms)[0m  select * from routes where endplace_id = 975
  [1m[36mCACHE (0.0ms)[0m  [1mSELECT "places".* FROM "places" WHERE "places"."id" = $1 LIMIT 1[0m  [["id", 975]]
  [1m[35mCACHE (0.0ms)[0m  SELECT "places".* FROM "places" WHERE "places"."id" = $1 LIMIT 1  [["id", 1129]]
  [1m[36mCACHE (0.0ms)[0m  [1mSELECT "places".* FROM "places" WHERE "places"."id" = $1 LIMIT 1[0m  [["id", 975]]
  [1m[35mCACHE (0.0ms)[0m  SELECT "places".* FROM "places" WHERE "places"."id" = $1 LIMIT 1  [["id", 1123]]
  [1m[36mCACHE (0.0ms)[0m  [1mSELECT "places".* FROM "places" WHERE "places"."id" = $1 LIMIT 1[0m  [["id", 1122]]
  [1m[35mCACHE (0.0ms)[0m  SELECT "places".* FROM "places" WHERE "places"."id" = 1124 LIMIT 1
  [1m[36mCACHE (0.0ms)[0m  [1mselect * from routes where startplace_id = 1124[0m
  [1m[35mCACHE (0.0ms)[0m  select * from routes where endplace_id = 1124
  [1m[36mCACHE (0.0ms)[0m  [1mSELECT "places".* FROM "places" WHERE "places"."id" = $1 LIMIT 1[0m  [["id", 1124]]
  [1m[35mCACHE (0.0ms)[0m  SELECT "places".* FROM "places" WHERE "places"."id" = $1 LIMIT 1  [["id", 1129]]
  [1m[36mCACHE (0.0ms)[0m  [1mSELECT "places".* FROM "places" WHERE "places"."id" = $1 LIMIT 1[0m  [["id", 1124]]
  [1m[35mCACHE (0.0ms)[0m  SELECT "places".* FROM "places" WHERE "places"."id" = $1 LIMIT 1  [["id", 974]]
  [1m[36mCACHE (0.0ms)[0m  [1mSELECT "places".* FROM "places" WHERE "places"."id" = $1 LIMIT 1[0m  [["id", 1123]]
  [1m[35mCACHE (0.0ms)[0m  SELECT "places".* FROM "places" WHERE "places"."id" = 976 LIMIT 1
  [1m[36mCACHE (0.0ms)[0m  [1mselect * from routes where startplace_id = 976[0m
  [1m[35mCACHE (0.0ms)[0m  select * from routes where endplace_id = 976
  [1m[36mCACHE (0.0ms)[0m  [1mSELECT "places".* FROM "places" WHERE "places"."id" = $1 LIMIT 1[0m  [["id", 976]]
  [1m[35mCACHE (0.0ms)[0m  SELECT "places".* FROM "places" WHERE "places"."id" = $1 LIMIT 1  [["id", 1121]]
  [1m[36mCACHE (0.0ms)[0m  [1mSELECT "places".* FROM "places" WHERE "places"."id" = $1 LIMIT 1[0m  [["id", 976]]
  [1m[35mCACHE (0.0ms)[0m  SELECT "places".* FROM "places" WHERE "places"."id" = $1 LIMIT 1  [["id", 1119]]
  [1m[36mCACHE (0.0ms)[0m  [1mSELECT "places".* FROM "places" WHERE "places"."id" = $1 LIMIT 1[0m  [["id", 45]]
  [1m[35mCACHE (0.0ms)[0m  SELECT "places".* FROM "places" WHERE "places"."id" = 650 LIMIT 1
  [1m[36mCACHE (0.0ms)[0m  [1mselect * from routes where startplace_id = 650[0m
  [1m[35mCACHE (0.0ms)[0m  select * from routes where endplace_id = 650
  [1m[36mCACHE (0.0ms)[0m  [1mSELECT "places".* FROM "places" WHERE "places"."id" = $1 LIMIT 1[0m  [["id", 650]]
  [1m[35mCACHE (0.0ms)[0m  SELECT "places".* FROM "places" WHERE "places"."id" = $1 LIMIT 1  [["id", 45]]
  [1m[36mCACHE (0.0ms)[0m  [1mSELECT "places".* FROM "places" WHERE "places"."id" = $1 LIMIT 1[0m  [["id", 207]]
  [1m[35mCACHE (0.0ms)[0m  SELECT "places".* FROM "places" WHERE "places"."id" = 1133 LIMIT 1
  [1m[36mCACHE (0.0ms)[0m  [1mselect * from routes where startplace_id = 1133[0m
  [1m[35mCACHE (0.0ms)[0m  select * from routes where endplace_id = 1133
  [1m[36mCACHE (0.0ms)[0m  [1mSELECT "places".* FROM "places" WHERE "places"."id" = $1 LIMIT 1[0m  [["id", 1133]]
  [1m[35mCACHE (0.0ms)[0m  SELECT "places".* FROM "places" WHERE "places"."id" = $1 LIMIT 1  [["id", 1131]]
  [1m[36mCACHE (0.0ms)[0m  [1mSELECT "places".* FROM "places" WHERE "places"."id" = $1 LIMIT 1[0m  [["id", 207]]
  [1m[35mCACHE (0.0ms)[0m  SELECT "places".* FROM "places" WHERE "places"."id" = 1127 LIMIT 1
  [1m[36mCACHE (0.0ms)[0m  [1mselect * from routes where startplace_id = 1127[0m
  [1m[35mCACHE (0.0ms)[0m  select * from routes where endplace_id = 1127
  [1m[36mCACHE (0.0ms)[0m  [1mSELECT "places".* FROM "places" WHERE "places"."id" = $1 LIMIT 1[0m  [["id", 1127]]
  [1m[35mCACHE (0.0ms)[0m  SELECT "places".* FROM "places" WHERE "places"."id" = $1 LIMIT 1  [["id", 1126]]
  [1m[36mCACHE (0.0ms)[0m  [1mSELECT "places".* FROM "places" WHERE "places"."id" = $1 LIMIT 1[0m  [["id", 419]]
  [1m[35mCACHE (0.0ms)[0m  SELECT "places".* FROM "places" WHERE "places"."id" = 1130 LIMIT 1
  [1m[36mCACHE (0.0ms)[0m  [1mselect * from routes where startplace_id = 1130[0m
  [1m[35mCACHE (0.0ms)[0m  select * from routes where endplace_id = 1130
  [1m[36mCACHE (0.0ms)[0m  [1mSELECT "places".* FROM "places" WHERE "places"."id" = $1 LIMIT 1[0m  [["id", 1130]]
  [1m[35mCACHE (0.0ms)[0m  SELECT "places".* FROM "places" WHERE "places"."id" = $1 LIMIT 1  [["id", 974]]
  [1m[36mCACHE (0.0ms)[0m  [1mSELECT "places".* FROM "places" WHERE "places"."id" = $1 LIMIT 1[0m  [["id", 1126]]
  [1m[35mCACHE (0.0ms)[0m  SELECT "places".* FROM "places" WHERE "places"."id" = 976 LIMIT 1
  [1m[36mCACHE (0.0ms)[0m  [1mselect * from routes where startplace_id = 976[0m
  [1m[35mCACHE (0.0ms)[0m  select * from routes where endplace_id = 976
  [1m[36mCACHE (0.0ms)[0m  [1mSELECT "places".* FROM "places" WHERE "places"."id" = $1 LIMIT 1[0m  [["id", 976]]
  [1m[35mCACHE (0.0ms)[0m  SELECT "places".* FROM "places" WHERE "places"."id" = $1 LIMIT 1  [["id", 1121]]
  [1m[36mCACHE (0.0ms)[0m  [1mSELECT "places".* FROM "places" WHERE "places"."id" = $1 LIMIT 1[0m  [["id", 976]]
  [1m[35mCACHE (0.0ms)[0m  SELECT "places".* FROM "places" WHERE "places"."id" = $1 LIMIT 1  [["id", 1119]]
  [1m[36mCACHE (0.0ms)[0m  [1mSELECT "places".* FROM "places" WHERE "places"."id" = $1 LIMIT 1[0m  [["id", 45]]
  [1m[35mCACHE (0.0ms)[0m  SELECT "places".* FROM "places" WHERE "places"."id" = 769 LIMIT 1
  [1m[36mCACHE (0.0ms)[0m  [1mselect * from routes where startplace_id = 769[0m
  [1m[35mCACHE (0.0ms)[0m  select * from routes where endplace_id = 769
  [1m[36mCACHE (0.0ms)[0m  [1mSELECT "places".* FROM "places" WHERE "places"."id" = $1 LIMIT 1[0m  [["id", 769]]
  [1m[35mCACHE (0.0ms)[0m  SELECT "places".* FROM "places" WHERE "places"."id" = $1 LIMIT 1  [["id", 1125]]
  [1m[36mCACHE (0.0ms)[0m  [1mSELECT "places".* FROM "places" WHERE "places"."id" = $1 LIMIT 1[0m  [["id", 1126]]
  [1m[35mCACHE (0.0ms)[0m  SELECT "places".* FROM "places" WHERE "places"."id" = 976 LIMIT 1
  [1m[36mCACHE (0.0ms)[0m  [1mselect * from routes where startplace_id = 976[0m
  [1m[35mCACHE (0.0ms)[0m  select * from routes where endplace_id = 976
  [1m[36mCACHE (0.0ms)[0m  [1mSELECT "places".* FROM "places" WHERE "places"."id" = $1 LIMIT 1[0m  [["id", 976]]
  [1m[35mCACHE (0.0ms)[0m  SELECT "places".* FROM "places" WHERE "places"."id" = $1 LIMIT 1  [["id", 1121]]
  [1m[36mCACHE (0.0ms)[0m  [1mSELECT "places".* FROM "places" WHERE "places"."id" = $1 LIMIT 1[0m  [["id", 976]]
  [1m[35mCACHE (0.0ms)[0m  SELECT "places".* FROM "places" WHERE "places"."id" = $1 LIMIT 1  [["id", 1119]]
  [1m[36mCACHE (0.0ms)[0m  [1mSELECT "places".* FROM "places" WHERE "places"."id" = $1 LIMIT 1[0m  [["id", 45]]
  [1m[35mCACHE (0.0ms)[0m  SELECT "places".* FROM "places" WHERE "places"."id" = 1132 LIMIT 1
  [1m[36mCACHE (0.0ms)[0m  [1mselect * from routes where startplace_id = 1132[0m
  [1m[35mCACHE (0.0ms)[0m  select * from routes where endplace_id = 1132
  [1m[36mCACHE (0.0ms)[0m  [1mSELECT "places".* FROM "places" WHERE "places"."id" = $1 LIMIT 1[0m  [["id", 1131]]
  [1m[35mCACHE (0.0ms)[0m  SELECT "places".* FROM "places" WHERE "places"."id" = 1122 LIMIT 1
  [1m[36mCACHE (0.0ms)[0m  [1mselect * from routes where startplace_id = 1122[0m
  [1m[35mCACHE (0.0ms)[0m  select * from routes where endplace_id = 1122
  [1m[36mCACHE (0.0ms)[0m  [1mSELECT "places".* FROM "places" WHERE "places"."id" = $1 LIMIT 1[0m  [["id", 1122]]
  [1m[35mCACHE (0.0ms)[0m  SELECT "places".* FROM "places" WHERE "places"."id" = $1 LIMIT 1  [["id", 975]]
  [1m[36mCACHE (0.0ms)[0m  [1mSELECT "places".* FROM "places" WHERE "places"."id" = $1 LIMIT 1[0m  [["id", 1121]]
  [1m[35mCACHE (0.0ms)[0m  SELECT "places".* FROM "places" WHERE "places"."id" = 1129 LIMIT 1
  [1m[36mCACHE (0.0ms)[0m  [1mselect * from routes where startplace_id = 1129[0m
  [1m[35mCACHE (0.0ms)[0m  select * from routes where endplace_id = 1129
  [1m[36mCACHE (0.0ms)[0m  [1mSELECT "places".* FROM "places" WHERE "places"."id" = $1 LIMIT 1[0m  [["id", 1129]]
  [1m[35mCACHE (0.0ms)[0m  SELECT "places".* FROM "places" WHERE "places"."id" = $1 LIMIT 1  [["id", 207]]
  [1m[36mCACHE (0.0ms)[0m  [1mSELECT "places".* FROM "places" WHERE "places"."id" = $1 LIMIT 1[0m  [["id", 1124]]
  [1m[35mCACHE (0.0ms)[0m  SELECT "places".* FROM "places" WHERE "places"."id" = $1 LIMIT 1  [["id", 975]]
  [1m[36mCACHE (0.0ms)[0m  [1mSELECT "places".* FROM "places" WHERE "places"."id" = 1129 LIMIT 1[0m
  [1m[35mCACHE (0.0ms)[0m  select * from routes where startplace_id = 1129
  [1m[36mCACHE (0.0ms)[0m  [1mselect * from routes where endplace_id = 1129[0m
  [1m[35mCACHE (0.0ms)[0m  SELECT "places".* FROM "places" WHERE "places"."id" = $1 LIMIT 1  [["id", 1129]]
  [1m[36mCACHE (0.0ms)[0m  [1mSELECT "places".* FROM "places" WHERE "places"."id" = $1 LIMIT 1[0m  [["id", 207]]
  [1m[35mCACHE (0.0ms)[0m  SELECT "places".* FROM "places" WHERE "places"."id" = $1 LIMIT 1  [["id", 1124]]
  [1m[36mCACHE (0.0ms)[0m  [1mSELECT "places".* FROM "places" WHERE "places"."id" = $1 LIMIT 1[0m  [["id", 975]]
  [1m[35mCACHE (0.0ms)[0m  SELECT "places".* FROM "places" WHERE "places"."id" = 45 LIMIT 1
  [1m[36mCACHE (0.0ms)[0m  [1mselect * from routes where startplace_id = 45[0m
  [1m[35mCACHE (0.0ms)[0m  select * from routes where endplace_id = 45
  [1m[36mCACHE (0.0ms)[0m  [1mSELECT "places".* FROM "places" WHERE "places"."id" = $1 LIMIT 1[0m  [["id", 45]]
  [1m[35mCACHE (0.0ms)[0m  SELECT "places".* FROM "places" WHERE "places"."id" = $1 LIMIT 1  [["id", 976]]
  [1m[36mCACHE (0.0ms)[0m  [1mSELECT "places".* FROM "places" WHERE "places"."id" = $1 LIMIT 1[0m  [["id", 650]]
  [1m[35mCACHE (0.0ms)[0m  SELECT "places".* FROM "places" WHERE "places"."id" = 1119 LIMIT 1
  [1m[36mCACHE (0.0ms)[0m  [1mselect * from routes where startplace_id = 1119[0m
  [1m[35mCACHE (0.0ms)[0m  select * from routes where endplace_id = 1119
  [1m[36mCACHE (0.0ms)[0m  [1mSELECT "places".* FROM "places" WHERE "places"."id" = $1 LIMIT 1[0m  [["id", 1119]]
  [1m[35mCACHE (0.0ms)[0m  SELECT "places".* FROM "places" WHERE "places"."id" = $1 LIMIT 1  [["id", 1120]]
  [1m[36mCACHE (0.0ms)[0m  [1mSELECT "places".* FROM "places" WHERE "places"."id" = $1 LIMIT 1[0m  [["id", 976]]
  [1m[35mCACHE (0.0ms)[0m  SELECT "places".* FROM "places" WHERE "places"."id" = $1 LIMIT 1  [["id", 471]]
  [1m[36mCACHE (0.0ms)[0m  [1mSELECT "places".* FROM "places" WHERE "places"."id" = 45 LIMIT 1[0m
  [1m[35mCACHE (0.0ms)[0m  select * from routes where startplace_id = 45
  [1m[36mCACHE (0.0ms)[0m  [1mselect * from routes where endplace_id = 45[0m
  [1m[35mCACHE (0.0ms)[0m  SELECT "places".* FROM "places" WHERE "places"."id" = $1 LIMIT 1  [["id", 45]]
  [1m[36mCACHE (0.0ms)[0m  [1mSELECT "places".* FROM "places" WHERE "places"."id" = $1 LIMIT 1[0m  [["id", 976]]
  [1m[35mCACHE (0.0ms)[0m  SELECT "places".* FROM "places" WHERE "places"."id" = $1 LIMIT 1  [["id", 650]]
  [1m[36mCACHE (0.0ms)[0m  [1mSELECT "places".* FROM "places" WHERE "places"."id" = 1131 LIMIT 1[0m
  [1m[35mCACHE (0.0ms)[0m  select * from routes where startplace_id = 1131
  [1m[36mCACHE (0.0ms)[0m  [1mselect * from routes where endplace_id = 1131[0m
  [1m[35mCACHE (0.0ms)[0m  SELECT "places".* FROM "places" WHERE "places"."id" = $1 LIMIT 1  [["id", 1131]]
  [1m[36mCACHE (0.0ms)[0m  [1mSELECT "places".* FROM "places" WHERE "places"."id" = $1 LIMIT 1[0m  [["id", 1132]]
  [1m[35mCACHE (0.0ms)[0m  SELECT "places".* FROM "places" WHERE "places"."id" = $1 LIMIT 1  [["id", 1133]]
  [1m[36mCACHE (0.0ms)[0m  [1mSELECT "places".* FROM "places" WHERE "places"."id" = 419 LIMIT 1[0m
  [1m[35mCACHE (0.0ms)[0m  select * from routes where startplace_id = 419
  [1m[36mCACHE (0.0ms)[0m  [1mselect * from routes where endplace_id = 419[0m
  [1m[35mCACHE (0.0ms)[0m  SELECT "places".* FROM "places" WHERE "places"."id" = $1 LIMIT 1  [["id", 419]]
  [1m[36mCACHE (0.0ms)[0m  [1mSELECT "places".* FROM "places" WHERE "places"."id" = $1 LIMIT 1[0m  [["id", 1127]]
  [1m[35mCACHE (0.0ms)[0m  SELECT "places".* FROM "places" WHERE "places"."id" = $1 LIMIT 1  [["id", 1128]]
  [1m[36mCACHE (0.0ms)[0m  [1mSELECT "places".* FROM "places" WHERE "places"."id" = 45 LIMIT 1[0m
  [1m[35mCACHE (0.0ms)[0m  select * from routes where startplace_id = 45
  [1m[36mCACHE (0.0ms)[0m  [1mselect * from routes where endplace_id = 45[0m
  [1m[35mCACHE (0.0ms)[0m  SELECT "places".* FROM "places" WHERE "places"."id" = $1 LIMIT 1  [["id", 45]]
  [1m[36mCACHE (0.0ms)[0m  [1mSELECT "places".* FROM "places" WHERE "places"."id" = $1 LIMIT 1[0m  [["id", 976]]
  [1m[35mCACHE (0.0ms)[0m  SELECT "places".* FROM "places" WHERE "places"."id" = $1 LIMIT 1  [["id", 650]]
  [1m[36mCACHE (0.0ms)[0m  [1mSELECT "places".* FROM "places" WHERE "places"."id" = 1119 LIMIT 1[0m
  [1m[35mCACHE (0.0ms)[0m  select * from routes where startplace_id = 1119
  [1m[36mCACHE (0.0ms)[0m  [1mselect * from routes where endplace_id = 1119[0m
  [1m[35mCACHE (0.0ms)[0m  SELECT "places".* FROM "places" WHERE "places"."id" = $1 LIMIT 1  [["id", 1119]]
  [1m[36mCACHE (0.0ms)[0m  [1mSELECT "places".* FROM "places" WHERE "places"."id" = $1 LIMIT 1[0m  [["id", 1120]]
  [1m[35mCACHE (0.0ms)[0m  SELECT "places".* FROM "places" WHERE "places"."id" = $1 LIMIT 1  [["id", 976]]
  [1m[36mCACHE (0.0ms)[0m  [1mSELECT "places".* FROM "places" WHERE "places"."id" = $1 LIMIT 1[0m  [["id", 471]]
  [1m[35mCACHE (0.0ms)[0m  SELECT "places".* FROM "places" WHERE "places"."id" = 1126 LIMIT 1
  [1m[36mCACHE (0.0ms)[0m  [1mselect * from routes where startplace_id = 1126[0m
  [1m[35mCACHE (0.0ms)[0m  select * from routes where endplace_id = 1126
  [1m[36mCACHE (0.0ms)[0m  [1mSELECT "places".* FROM "places" WHERE "places"."id" = $1 LIMIT 1[0m  [["id", 1126]]
  [1m[35mCACHE (0.0ms)[0m  SELECT "places".* FROM "places" WHERE "places"."id" = $1 LIMIT 1  [["id", 1130]]
  [1m[36mCACHE (0.0ms)[0m  [1mSELECT "places".* FROM "places" WHERE "places"."id" = $1 LIMIT 1[0m  [["id", 1126]]
  [1m[35mCACHE (0.0ms)[0m  SELECT "places".* FROM "places" WHERE "places"."id" = $1 LIMIT 1  [["id", 769]]
  [1m[36mCACHE (0.0ms)[0m  [1mSELECT "places".* FROM "places" WHERE "places"."id" = $1 LIMIT 1[0m  [["id", 1127]]
  [1m[35mCACHE (0.0ms)[0m  SELECT "places".* FROM "places" WHERE "places"."id" = 1121 LIMIT 1
  [1m[36mCACHE (0.0ms)[0m  [1mselect * from routes where startplace_id = 1121[0m
  [1m[35mCACHE (0.0ms)[0m  select * from routes where endplace_id = 1121
  [1m[36mCACHE (0.0ms)[0m  [1mSELECT "places".* FROM "places" WHERE "places"."id" = $1 LIMIT 1[0m  [["id", 1121]]
  [1m[35mCACHE (0.0ms)[0m  SELECT "places".* FROM "places" WHERE "places"."id" = $1 LIMIT 1  [["id", 1122]]
  [1m[36mCACHE (0.0ms)[0m  [1mSELECT "places".* FROM "places" WHERE "places"."id" = $1 LIMIT 1[0m  [["id", 976]]
  [1m[35mCACHE (0.0ms)[0m  SELECT "places".* FROM "places" WHERE "places"."id" = 1119 LIMIT 1
  [1m[36mCACHE (0.0ms)[0m  [1mselect * from routes where startplace_id = 1119[0m
  [1m[35mCACHE (0.0ms)[0m  select * from routes where endplace_id = 1119
  [1m[36mCACHE (0.0ms)[0m  [1mSELECT "places".* FROM "places" WHERE "places"."id" = $1 LIMIT 1[0m  [["id", 1119]]
  [1m[35mCACHE (0.0ms)[0m  SELECT "places".* FROM "places" WHERE "places"."id" = $1 LIMIT 1  [["id", 1120]]
  [1m[36mCACHE (0.0ms)[0m  [1mSELECT "places".* FROM "places" WHERE "places"."id" = $1 LIMIT 1[0m  [["id", 976]]
  [1m[35mCACHE (0.0ms)[0m  SELECT "places".* FROM "places" WHERE "places"."id" = $1 LIMIT 1  [["id", 471]]
  [1m[36mCACHE (0.0ms)[0m  [1mSELECT "places".* FROM "places" WHERE "places"."id" = 1121 LIMIT 1[0m
  [1m[35mCACHE (0.0ms)[0m  select * from routes where startplace_id = 1121
  [1m[36mCACHE (0.0ms)[0m  [1mselect * from routes where endplace_id = 1121[0m
  [1m[35mCACHE (0.0ms)[0m  SELECT "places".* FROM "places" WHERE "places"."id" = $1 LIMIT 1  [["id", 1121]]
  [1m[36mCACHE (0.0ms)[0m  [1mSELECT "places".* FROM "places" WHERE "places"."id" = $1 LIMIT 1[0m  [["id", 1122]]
  [1m[35mCACHE (0.0ms)[0m  SELECT "places".* FROM "places" WHERE "places"."id" = $1 LIMIT 1  [["id", 976]]
  [1m[36mCACHE (0.0ms)[0m  [1mSELECT "places".* FROM "places" WHERE "places"."id" = 1124 LIMIT 1[0m
  [1m[35mCACHE (0.0ms)[0m  select * from routes where startplace_id = 1124
  [1m[36mCACHE (0.0ms)[0m  [1mselect * from routes where endplace_id = 1124[0m
  [1m[35mCACHE (0.0ms)[0m  SELECT "places".* FROM "places" WHERE "places"."id" = $1 LIMIT 1  [["id", 1124]]
  [1m[36mCACHE (0.0ms)[0m  [1mSELECT "places".* FROM "places" WHERE "places"."id" = $1 LIMIT 1[0m  [["id", 1129]]
  [1m[35mCACHE (0.0ms)[0m  SELECT "places".* FROM "places" WHERE "places"."id" = $1 LIMIT 1  [["id", 1124]]
  [1m[36mCACHE (0.0ms)[0m  [1mSELECT "places".* FROM "places" WHERE "places"."id" = $1 LIMIT 1[0m  [["id", 974]]
  [1m[35mCACHE (0.0ms)[0m  SELECT "places".* FROM "places" WHERE "places"."id" = $1 LIMIT 1  [["id", 1123]]
  [1m[36mCACHE (0.0ms)[0m  [1mSELECT "places".* FROM "places" WHERE "places"."id" = 207 LIMIT 1[0m
  [1m[35mCACHE (0.0ms)[0m  select * from routes where startplace_id = 207
  [1m[36mCACHE (0.0ms)[0m  [1mselect * from routes where endplace_id = 207[0m
  [1m[35mCACHE (0.0ms)[0m  SELECT "places".* FROM "places" WHERE "places"."id" = $1 LIMIT 1  [["id", 207]]
  [1m[36mCACHE (0.0ms)[0m  [1mSELECT "places".* FROM "places" WHERE "places"."id" = $1 LIMIT 1[0m  [["id", 650]]
  [1m[35mCACHE (0.0ms)[0m  SELECT "places".* FROM "places" WHERE "places"."id" = $1 LIMIT 1  [["id", 207]]
  [1m[36mCACHE (0.0ms)[0m  [1mSELECT "places".* FROM "places" WHERE "places"."id" = $1 LIMIT 1[0m  [["id", 1133]]
  [1m[35mCACHE (0.0ms)[0m  SELECT "places".* FROM "places" WHERE "places"."id" = $1 LIMIT 1  [["id", 1129]]
  [1m[36mCACHE (0.0ms)[0m  [1mSELECT "places".* FROM "places" WHERE "places"."id" = 975 LIMIT 1[0m
  [1m[35mCACHE (0.0ms)[0m  select * from routes where startplace_id = 975
  [1m[36mCACHE (0.0ms)[0m  [1mselect * from routes where endplace_id = 975[0m
  [1m[35mCACHE (0.0ms)[0m  SELECT "places".* FROM "places" WHERE "places"."id" = $1 LIMIT 1  [["id", 975]]
  [1m[36mCACHE (0.0ms)[0m  [1mSELECT "places".* FROM "places" WHERE "places"."id" = $1 LIMIT 1[0m  [["id", 1129]]
  [1m[35mCACHE (0.0ms)[0m  SELECT "places".* FROM "places" WHERE "places"."id" = $1 LIMIT 1  [["id", 975]]
  [1m[36mCACHE (0.0ms)[0m  [1mSELECT "places".* FROM "places" WHERE "places"."id" = $1 LIMIT 1[0m  [["id", 1123]]
  [1m[35mCACHE (0.0ms)[0m  SELECT "places".* FROM "places" WHERE "places"."id" = $1 LIMIT 1  [["id", 1122]]
  [1m[36mCACHE (0.0ms)[0m  [1mSELECT "places".* FROM "places" WHERE "places"."id" = 207 LIMIT 1[0m
  [1m[35mCACHE (0.0ms)[0m  select * from routes where startplace_id = 207
  [1m[36mCACHE (0.0ms)[0m  [1mselect * from routes where endplace_id = 207[0m
  [1m[35mCACHE (0.0ms)[0m  SELECT "places".* FROM "places" WHERE "places"."id" = $1 LIMIT 1  [["id", 207]]
  [1m[36mCACHE (0.0ms)[0m  [1mSELECT "places".* FROM "places" WHERE "places"."id" = $1 LIMIT 1[0m  [["id", 650]]
  [1m[35mCACHE (0.0ms)[0m  SELECT "places".* FROM "places" WHERE "places"."id" = $1 LIMIT 1  [["id", 207]]
  [1m[36mCACHE (0.0ms)[0m  [1mSELECT "places".* FROM "places" WHERE "places"."id" = $1 LIMIT 1[0m  [["id", 1133]]
  [1m[35mCACHE (0.0ms)[0m  SELECT "places".* FROM "places" WHERE "places"."id" = $1 LIMIT 1  [["id", 1129]]
  [1m[36mCACHE (0.0ms)[0m  [1mSELECT "places".* FROM "places" WHERE "places"."id" = 650 LIMIT 1[0m
  [1m[35mCACHE (0.0ms)[0m  select * from routes where startplace_id = 650
  [1m[36mCACHE (0.0ms)[0m  [1mselect * from routes where endplace_id = 650[0m
  [1m[35mCACHE (0.0ms)[0m  SELECT "places".* FROM "places" WHERE "places"."id" = $1 LIMIT 1  [["id", 650]]
  [1m[36mCACHE (0.0ms)[0m  [1mSELECT "places".* FROM "places" WHERE "places"."id" = $1 LIMIT 1[0m  [["id", 45]]
  [1m[35mCACHE (0.0ms)[0m  SELECT "places".* FROM "places" WHERE "places"."id" = $1 LIMIT 1  [["id", 207]]
  [1m[36mCACHE (0.0ms)[0m  [1mSELECT "places".* FROM "places" WHERE "places"."id" = 471 LIMIT 1[0m
  [1m[35mCACHE (0.0ms)[0m  select * from routes where startplace_id = 471
  [1m[36mCACHE (0.0ms)[0m  [1mselect * from routes where endplace_id = 471[0m
  [1m[35mCACHE (0.0ms)[0m  SELECT "places".* FROM "places" WHERE "places"."id" = $1 LIMIT 1  [["id", 471]]
  [1m[36mCACHE (0.0ms)[0m  [1mSELECT "places".* FROM "places" WHERE "places"."id" = $1 LIMIT 1[0m  [["id", 1119]]
  [1m[35mCACHE (0.0ms)[0m  SELECT "places".* FROM "places" WHERE "places"."id" = 1120 LIMIT 1
  [1m[36mCACHE (0.0ms)[0m  [1mselect * from routes where startplace_id = 1120[0m
  [1m[35mCACHE (0.0ms)[0m  select * from routes where endplace_id = 1120
  [1m[36mCACHE (0.0ms)[0m  [1mSELECT "places".* FROM "places" WHERE "places"."id" = $1 LIMIT 1[0m  [["id", 1120]]
  [1m[35mCACHE (0.0ms)[0m  SELECT "places".* FROM "places" WHERE "places"."id" = $1 LIMIT 1  [["id", 1118]]
  [1m[36mCACHE (0.0ms)[0m  [1mSELECT "places".* FROM "places" WHERE "places"."id" = $1 LIMIT 1[0m  [["id", 1119]]
  [1m[35mCACHE (0.0ms)[0m  SELECT "places".* FROM "places" WHERE "places"."id" = 976 LIMIT 1
  [1m[36mCACHE (0.0ms)[0m  [1mselect * from routes where startplace_id = 976[0m
  [1m[35mCACHE (0.0ms)[0m  select * from routes where endplace_id = 976
  [1m[36mCACHE (0.0ms)[0m  [1mSELECT "places".* FROM "places" WHERE "places"."id" = $1 LIMIT 1[0m  [["id", 976]]
  [1m[35mCACHE (0.0ms)[0m  SELECT "places".* FROM "places" WHERE "places"."id" = $1 LIMIT 1  [["id", 1121]]
  [1m[36mCACHE (0.0ms)[0m  [1mSELECT "places".* FROM "places" WHERE "places"."id" = $1 LIMIT 1[0m  [["id", 976]]
  [1m[35mCACHE (0.0ms)[0m  SELECT "places".* FROM "places" WHERE "places"."id" = $1 LIMIT 1  [["id", 1119]]
  [1m[36mCACHE (0.0ms)[0m  [1mSELECT "places".* FROM "places" WHERE "places"."id" = $1 LIMIT 1[0m  [["id", 45]]
  [1m[35mCACHE (0.0ms)[0m  SELECT "places".* FROM "places" WHERE "places"."id" = 1132 LIMIT 1
  [1m[36mCACHE (0.0ms)[0m  [1mselect * from routes where startplace_id = 1132[0m
  [1m[35mCACHE (0.0ms)[0m  select * from routes where endplace_id = 1132
  [1m[36mCACHE (0.0ms)[0m  [1mSELECT "places".* FROM "places" WHERE "places"."id" = $1 LIMIT 1[0m  [["id", 1131]]
  [1m[35mCACHE (0.0ms)[0m  SELECT "places".* FROM "places" WHERE "places"."id" = 1128 LIMIT 1
  [1m[36mCACHE (0.0ms)[0m  [1mselect * from routes where startplace_id = 1128[0m
  [1m[35mCACHE (0.0ms)[0m  select * from routes where endplace_id = 1128
  [1m[36mCACHE (0.0ms)[0m  [1mSELECT "places".* FROM "places" WHERE "places"."id" = $1 LIMIT 1[0m  [["id", 1128]]
  [1m[35mCACHE (0.0ms)[0m  SELECT "places".* FROM "places" WHERE "places"."id" = $1 LIMIT 1  [["id", 419]]
  [1m[36mCACHE (0.0ms)[0m  [1mSELECT "places".* FROM "places" WHERE "places"."id" = 650 LIMIT 1[0m
  [1m[35mCACHE (0.0ms)[0m  select * from routes where startplace_id = 650
  [1m[36mCACHE (0.0ms)[0m  [1mselect * from routes where endplace_id = 650[0m
  [1m[35mCACHE (0.0ms)[0m  SELECT "places".* FROM "places" WHERE "places"."id" = $1 LIMIT 1  [["id", 650]]
  [1m[36mCACHE (0.0ms)[0m  [1mSELECT "places".* FROM "places" WHERE "places"."id" = $1 LIMIT 1[0m  [["id", 45]]
  [1m[35mCACHE (0.0ms)[0m  SELECT "places".* FROM "places" WHERE "places"."id" = $1 LIMIT 1  [["id", 207]]
  [1m[36mCACHE (0.0ms)[0m  [1mSELECT "places".* FROM "places" WHERE "places"."id" = 471 LIMIT 1[0m
  [1m[35mCACHE (0.0ms)[0m  select * from routes where startplace_id = 471
  [1m[36mCACHE (0.0ms)[0m  [1mselect * from routes where endplace_id = 471[0m
  [1m[35mCACHE (0.0ms)[0m  SELECT "places".* FROM "places" WHERE "places"."id" = $1 LIMIT 1  [["id", 471]]
  [1m[36mCACHE (0.0ms)[0m  [1mSELECT "places".* FROM "places" WHERE "places"."id" = $1 LIMIT 1[0m  [["id", 1119]]
  [1m[35mCACHE (0.0ms)[0m  SELECT "places".* FROM "places" WHERE "places"."id" = 1120 LIMIT 1
  [1m[36mCACHE (0.0ms)[0m  [1mselect * from routes where startplace_id = 1120[0m
  [1m[35mCACHE (0.0ms)[0m  select * from routes where endplace_id = 1120
  [1m[36mCACHE (0.0ms)[0m  [1mSELECT "places".* FROM "places" WHERE "places"."id" = $1 LIMIT 1[0m  [["id", 1120]]
  [1m[35mCACHE (0.0ms)[0m  SELECT "places".* FROM "places" WHERE "places"."id" = $1 LIMIT 1  [["id", 1118]]
  [1m[36mCACHE (0.0ms)[0m  [1mSELECT "places".* FROM "places" WHERE "places"."id" = $1 LIMIT 1[0m  [["id", 1119]]
  [1m[35mCACHE (0.0ms)[0m  SELECT "places".* FROM "places" WHERE "places"."id" = 1127 LIMIT 1
  [1m[36mCACHE (0.0ms)[0m  [1mselect * from routes where startplace_id = 1127[0m
  [1m[35mCACHE (0.0ms)[0m  select * from routes where endplace_id = 1127
  [1m[36mCACHE (0.0ms)[0m  [1mSELECT "places".* FROM "places" WHERE "places"."id" = $1 LIMIT 1[0m  [["id", 1127]]
  [1m[35mCACHE (0.0ms)[0m  SELECT "places".* FROM "places" WHERE "places"."id" = $1 LIMIT 1  [["id", 1126]]
  [1m[36mCACHE (0.0ms)[0m  [1mSELECT "places".* FROM "places" WHERE "places"."id" = $1 LIMIT 1[0m  [["id", 419]]
  [1m[35mCACHE (0.0ms)[0m  SELECT "places".* FROM "places" WHERE "places"."id" = 1130 LIMIT 1
  [1m[36mCACHE (0.0ms)[0m  [1mselect * from routes where startplace_id = 1130[0m
  [1m[35mCACHE (0.0ms)[0m  select * from routes where endplace_id = 1130
  [1m[36mCACHE (0.0ms)[0m  [1mSELECT "places".* FROM "places" WHERE "places"."id" = $1 LIMIT 1[0m  [["id", 1130]]
  [1m[35mCACHE (0.0ms)[0m  SELECT "places".* FROM "places" WHERE "places"."id" = $1 LIMIT 1  [["id", 974]]
  [1m[36mCACHE (0.0ms)[0m  [1mSELECT "places".* FROM "places" WHERE "places"."id" = $1 LIMIT 1[0m  [["id", 1126]]
  [1m[35mCACHE (0.0ms)[0m  SELECT "places".* FROM "places" WHERE "places"."id" = 1122 LIMIT 1
  [1m[36mCACHE (0.0ms)[0m  [1mselect * from routes where startplace_id = 1122[0m
  [1m[35mCACHE (0.0ms)[0m  select * from routes where endplace_id = 1122
  [1m[36mCACHE (0.0ms)[0m  [1mSELECT "places".* FROM "places" WHERE "places"."id" = $1 LIMIT 1[0m  [["id", 1122]]
  [1m[35mCACHE (0.0ms)[0m  SELECT "places".* FROM "places" WHERE "places"."id" = $1 LIMIT 1  [["id", 975]]
  [1m[36mCACHE (0.0ms)[0m  [1mSELECT "places".* FROM "places" WHERE "places"."id" = $1 LIMIT 1[0m  [["id", 1121]]
  [1m[35mCACHE (0.0ms)[0m  SELECT "places".* FROM "places" WHERE "places"."id" = 471 LIMIT 1
  [1m[36mCACHE (0.0ms)[0m  [1mselect * from routes where startplace_id = 471[0m
  [1m[35mCACHE (0.0ms)[0m  select * from routes where endplace_id = 471
  [1m[36mCACHE (0.0ms)[0m  [1mSELECT "places".* FROM "places" WHERE "places"."id" = $1 LIMIT 1[0m  [["id", 471]]
  [1m[35mCACHE (0.0ms)[0m  SELECT "places".* FROM "places" WHERE "places"."id" = $1 LIMIT 1  [["id", 1119]]
  [1m[36mCACHE (0.0ms)[0m  [1mSELECT "places".* FROM "places" WHERE "places"."id" = 1120 LIMIT 1[0m
  [1m[35mCACHE (0.0ms)[0m  select * from routes where startplace_id = 1120
  [1m[36mCACHE (0.0ms)[0m  [1mselect * from routes where endplace_id = 1120[0m
  [1m[35mCACHE (0.0ms)[0m  SELECT "places".* FROM "places" WHERE "places"."id" = $1 LIMIT 1  [["id", 1120]]
  [1m[36mCACHE (0.0ms)[0m  [1mSELECT "places".* FROM "places" WHERE "places"."id" = $1 LIMIT 1[0m  [["id", 1118]]
  [1m[35mCACHE (0.0ms)[0m  SELECT "places".* FROM "places" WHERE "places"."id" = $1 LIMIT 1  [["id", 1119]]
  [1m[36mCACHE (0.0ms)[0m  [1mSELECT "places".* FROM "places" WHERE "places"."id" = 976 LIMIT 1[0m
  [1m[35mCACHE (0.0ms)[0m  select * from routes where startplace_id = 976
  [1m[36mCACHE (0.0ms)[0m  [1mselect * from routes where endplace_id = 976[0m
  [1m[35mCACHE (0.0ms)[0m  SELECT "places".* FROM "places" WHERE "places"."id" = $1 LIMIT 1  [["id", 976]]
  [1m[36mCACHE (0.0ms)[0m  [1mSELECT "places".* FROM "places" WHERE "places"."id" = $1 LIMIT 1[0m  [["id", 1121]]
  [1m[35mCACHE (0.0ms)[0m  SELECT "places".* FROM "places" WHERE "places"."id" = $1 LIMIT 1  [["id", 976]]
  [1m[36mCACHE (0.0ms)[0m  [1mSELECT "places".* FROM "places" WHERE "places"."id" = $1 LIMIT 1[0m  [["id", 1119]]
  [1m[35mCACHE (0.0ms)[0m  SELECT "places".* FROM "places" WHERE "places"."id" = $1 LIMIT 1  [["id", 45]]
  [1m[36mCACHE (0.0ms)[0m  [1mSELECT "places".* FROM "places" WHERE "places"."id" = 650 LIMIT 1[0m
  [1m[35mCACHE (0.0ms)[0m  select * from routes where startplace_id = 650
  [1m[36mCACHE (0.0ms)[0m  [1mselect * from routes where endplace_id = 650[0m
  [1m[35mCACHE (0.0ms)[0m  SELECT "places".* FROM "places" WHERE "places"."id" = $1 LIMIT 1  [["id", 650]]
  [1m[36mCACHE (0.0ms)[0m  [1mSELECT "places".* FROM "places" WHERE "places"."id" = $1 LIMIT 1[0m  [["id", 45]]
  [1m[35mCACHE (0.0ms)[0m  SELECT "places".* FROM "places" WHERE "places"."id" = $1 LIMIT 1  [["id", 207]]
  [1m[36mCACHE (0.0ms)[0m  [1mSELECT "places".* FROM "places" WHERE "places"."id" = 1133 LIMIT 1[0m
  [1m[35mCACHE (0.0ms)[0m  select * from routes where startplace_id = 1133
  [1m[36mCACHE (0.0ms)[0m  [1mselect * from routes where endplace_id = 1133[0m
  [1m[35mCACHE (0.0ms)[0m  SELECT "places".* FROM "places" WHERE "places"."id" = $1 LIMIT 1  [["id", 1133]]
  [1m[36mCACHE (0.0ms)[0m  [1mSELECT "places".* FROM "places" WHERE "places"."id" = $1 LIMIT 1[0m  [["id", 1131]]
  [1m[35mCACHE (0.0ms)[0m  SELECT "places".* FROM "places" WHERE "places"."id" = $1 LIMIT 1  [["id", 207]]
  [1m[36mCACHE (0.0ms)[0m  [1mSELECT "places".* FROM "places" WHERE "places"."id" = 1122 LIMIT 1[0m
  [1m[35mCACHE (0.0ms)[0m  select * from routes where startplace_id = 1122
  [1m[36mCACHE (0.0ms)[0m  [1mselect * from routes where endplace_id = 1122[0m
  [1m[35mCACHE (0.0ms)[0m  SELECT "places".* FROM "places" WHERE "places"."id" = $1 LIMIT 1  [["id", 1122]]
  [1m[36mCACHE (0.0ms)[0m  [1mSELECT "places".* FROM "places" WHERE "places"."id" = $1 LIMIT 1[0m  [["id", 975]]
  [1m[35mCACHE (0.0ms)[0m  SELECT "places".* FROM "places" WHERE "places"."id" = $1 LIMIT 1  [["id", 1121]]
  [1m[36mCACHE (0.0ms)[0m  [1mSELECT "places".* FROM "places" WHERE "places"."id" = 650 LIMIT 1[0m
  [1m[35mCACHE (0.0ms)[0m  select * from routes where startplace_id = 650
  [1m[36mCACHE (0.0ms)[0m  [1mselect * from routes where endplace_id = 650[0m
  [1m[35mCACHE (0.0ms)[0m  SELECT "places".* FROM "places" WHERE "places"."id" = $1 LIMIT 1  [["id", 650]]
  [1m[36mCACHE (0.0ms)[0m  [1mSELECT "places".* FROM "places" WHERE "places"."id" = $1 LIMIT 1[0m  [["id", 45]]
  [1m[35mCACHE (0.0ms)[0m  SELECT "places".* FROM "places" WHERE "places"."id" = $1 LIMIT 1  [["id", 207]]
  [1m[36mCACHE (0.0ms)[0m  [1mSELECT "places".* FROM "places" WHERE "places"."id" = 1133 LIMIT 1[0m
  [1m[35mCACHE (0.0ms)[0m  select * from routes where startplace_id = 1133
  [1m[36mCACHE (0.0ms)[0m  [1mselect * from routes where endplace_id = 1133[0m
  [1m[35mCACHE (0.0ms)[0m  SELECT "places".* FROM "places" WHERE "places"."id" = $1 LIMIT 1  [["id", 1133]]
  [1m[36mCACHE (0.0ms)[0m  [1mSELECT "places".* FROM "places" WHERE "places"."id" = $1 LIMIT 1[0m  [["id", 1131]]
  [1m[35mCACHE (0.0ms)[0m  SELECT "places".* FROM "places" WHERE "places"."id" = $1 LIMIT 1  [["id", 207]]
  [1m[36mCACHE (0.0ms)[0m  [1mSELECT "places".* FROM "places" WHERE "places"."id" = 207 LIMIT 1[0m
  [1m[35mCACHE (0.0ms)[0m  select * from routes where startplace_id = 207
  [1m[36mCACHE (0.0ms)[0m  [1mselect * from routes where endplace_id = 207[0m
  [1m[35mCACHE (0.0ms)[0m  SELECT "places".* FROM "places" WHERE "places"."id" = $1 LIMIT 1  [["id", 207]]
  [1m[36mCACHE (0.0ms)[0m  [1mSELECT "places".* FROM "places" WHERE "places"."id" = $1 LIMIT 1[0m  [["id", 650]]
  [1m[35mCACHE (0.0ms)[0m  SELECT "places".* FROM "places" WHERE "places"."id" = $1 LIMIT 1  [["id", 207]]
  [1m[36mCACHE (0.0ms)[0m  [1mSELECT "places".* FROM "places" WHERE "places"."id" = $1 LIMIT 1[0m  [["id", 1133]]
  [1m[35mCACHE (0.0ms)[0m  SELECT "places".* FROM "places" WHERE "places"."id" = $1 LIMIT 1  [["id", 1129]]
  [1m[36mCACHE (0.0ms)[0m  [1mSELECT "places".* FROM "places" WHERE "places"."id" = 1118 LIMIT 1[0m
  [1m[35mCACHE (0.0ms)[0m  select * from routes where startplace_id = 1118
  [1m[36mCACHE (0.0ms)[0m  [1mselect * from routes where endplace_id = 1118[0m
  [1m[35mCACHE (0.0ms)[0m  SELECT "places".* FROM "places" WHERE "places"."id" = $1 LIMIT 1  [["id", 1118]]
  [1m[36mCACHE (0.0ms)[0m  [1mSELECT "places".* FROM "places" WHERE "places"."id" = $1 LIMIT 1[0m  [["id", 1117]]
  [1m[35mCACHE (0.0ms)[0m  SELECT "places".* FROM "places" WHERE "places"."id" = $1 LIMIT 1  [["id", 1134]]
  [1m[36mCACHE (0.0ms)[0m  [1mSELECT "places".* FROM "places" WHERE "places"."id" = $1 LIMIT 1[0m  [["id", 1120]]
  [1m[35mCACHE (0.0ms)[0m  SELECT "places".* FROM "places" WHERE "places"."id" = 1121 LIMIT 1
  [1m[36mCACHE (0.0ms)[0m  [1mselect * from routes where startplace_id = 1121[0m
  [1m[35mCACHE (0.0ms)[0m  select * from routes where endplace_id = 1121
  [1m[36mCACHE (0.0ms)[0m  [1mSELECT "places".* FROM "places" WHERE "places"."id" = $1 LIMIT 1[0m  [["id", 1121]]
  [1m[35mCACHE (0.0ms)[0m  SELECT "places".* FROM "places" WHERE "places"."id" = $1 LIMIT 1  [["id", 1122]]
  [1m[36mCACHE (0.0ms)[0m  [1mSELECT "places".* FROM "places" WHERE "places"."id" = $1 LIMIT 1[0m  [["id", 976]]
  [1m[35mCACHE (0.0ms)[0m  SELECT "places".* FROM "places" WHERE "places"."id" = 1119 LIMIT 1
  [1m[36mCACHE (0.0ms)[0m  [1mselect * from routes where startplace_id = 1119[0m
  [1m[35mCACHE (0.0ms)[0m  select * from routes where endplace_id = 1119
  [1m[36mCACHE (0.0ms)[0m  [1mSELECT "places".* FROM "places" WHERE "places"."id" = $1 LIMIT 1[0m  [["id", 1119]]
  [1m[35mCACHE (0.0ms)[0m  SELECT "places".* FROM "places" WHERE "places"."id" = $1 LIMIT 1  [["id", 1120]]
  [1m[36mCACHE (0.0ms)[0m  [1mSELECT "places".* FROM "places" WHERE "places"."id" = $1 LIMIT 1[0m  [["id", 976]]
  [1m[35mCACHE (0.0ms)[0m  SELECT "places".* FROM "places" WHERE "places"."id" = $1 LIMIT 1  [["id", 471]]
  [1m[36mCACHE (0.0ms)[0m  [1mSELECT "places".* FROM "places" WHERE "places"."id" = 207 LIMIT 1[0m
  [1m[35mCACHE (0.0ms)[0m  select * from routes where startplace_id = 207
  [1m[36mCACHE (0.0ms)[0m  [1mselect * from routes where endplace_id = 207[0m
  [1m[35mCACHE (0.0ms)[0m  SELECT "places".* FROM "places" WHERE "places"."id" = $1 LIMIT 1  [["id", 207]]
  [1m[36mCACHE (0.0ms)[0m  [1mSELECT "places".* FROM "places" WHERE "places"."id" = $1 LIMIT 1[0m  [["id", 650]]
  [1m[35mCACHE (0.0ms)[0m  SELECT "places".* FROM "places" WHERE "places"."id" = $1 LIMIT 1  [["id", 207]]
  [1m[36mCACHE (0.0ms)[0m  [1mSELECT "places".* FROM "places" WHERE "places"."id" = $1 LIMIT 1[0m  [["id", 1133]]
  [1m[35mCACHE (0.0ms)[0m  SELECT "places".* FROM "places" WHERE "places"."id" = $1 LIMIT 1  [["id", 1129]]
  [1m[36mCACHE (0.0ms)[0m  [1mSELECT "places".* FROM "places" WHERE "places"."id" = 1118 LIMIT 1[0m
  [1m[35mCACHE (0.0ms)[0m  select * from routes where startplace_id = 1118
  [1m[36mCACHE (0.0ms)[0m  [1mselect * from routes where endplace_id = 1118[0m
  [1m[35mCACHE (0.0ms)[0m  SELECT "places".* FROM "places" WHERE "places"."id" = $1 LIMIT 1  [["id", 1118]]
  [1m[36mCACHE (0.0ms)[0m  [1mSELECT "places".* FROM "places" WHERE "places"."id" = $1 LIMIT 1[0m  [["id", 1117]]
  [1m[35mCACHE (0.0ms)[0m  SELECT "places".* FROM "places" WHERE "places"."id" = $1 LIMIT 1  [["id", 1134]]
  [1m[36mCACHE (0.0ms)[0m  [1mSELECT "places".* FROM "places" WHERE "places"."id" = $1 LIMIT 1[0m  [["id", 1120]]
  [1m[35mCACHE (0.0ms)[0m  SELECT "places".* FROM "places" WHERE "places"."id" = 419 LIMIT 1
  [1m[36mCACHE (0.0ms)[0m  [1mselect * from routes where startplace_id = 419[0m
  [1m[35mCACHE (0.0ms)[0m  select * from routes where endplace_id = 419
  [1m[36mCACHE (0.0ms)[0m  [1mSELECT "places".* FROM "places" WHERE "places"."id" = $1 LIMIT 1[0m  [["id", 419]]
  [1m[35mCACHE (0.0ms)[0m  SELECT "places".* FROM "places" WHERE "places"."id" = $1 LIMIT 1  [["id", 1127]]
  [1m[36mCACHE (0.0ms)[0m  [1mSELECT "places".* FROM "places" WHERE "places"."id" = $1 LIMIT 1[0m  [["id", 1128]]
  [1m[35mCACHE (0.1ms)[0m  SELECT "places".* FROM "places" WHERE "places"."id" = 975 LIMIT 1
  [1m[36mCACHE (0.0ms)[0m  [1mselect * from routes where startplace_id = 975[0m
  [1m[35mCACHE (0.0ms)[0m  select * from routes where endplace_id = 975
  [1m[36mCACHE (0.0ms)[0m  [1mSELECT "places".* FROM "places" WHERE "places"."id" = $1 LIMIT 1[0m  [["id", 975]]
  [1m[35mCACHE (0.0ms)[0m  SELECT "places".* FROM "places" WHERE "places"."id" = $1 LIMIT 1  [["id", 1129]]
  [1m[36mCACHE (0.0ms)[0m  [1mSELECT "places".* FROM "places" WHERE "places"."id" = $1 LIMIT 1[0m  [["id", 975]]
  [1m[35mCACHE (0.0ms)[0m  SELECT "places".* FROM "places" WHERE "places"."id" = $1 LIMIT 1  [["id", 1123]]
  [1m[36mCACHE (0.0ms)[0m  [1mSELECT "places".* FROM "places" WHERE "places"."id" = $1 LIMIT 1[0m  [["id", 1122]]
  [1m[35mCACHE (0.0ms)[0m  SELECT "places".* FROM "places" WHERE "places"."id" = 1118 LIMIT 1
  [1m[36mCACHE (0.0ms)[0m  [1mselect * from routes where startplace_id = 1118[0m
  [1m[35mCACHE (0.0ms)[0m  select * from routes where endplace_id = 1118
  [1m[36mCACHE (0.0ms)[0m  [1mSELECT "places".* FROM "places" WHERE "places"."id" = $1 LIMIT 1[0m  [["id", 1118]]
  [1m[35mCACHE (0.0ms)[0m  SELECT "places".* FROM "places" WHERE "places"."id" = $1 LIMIT 1  [["id", 1117]]
  [1m[36mCACHE (0.0ms)[0m  [1mSELECT "places".* FROM "places" WHERE "places"."id" = $1 LIMIT 1[0m  [["id", 1134]]
  [1m[35mCACHE (0.0ms)[0m  SELECT "places".* FROM "places" WHERE "places"."id" = $1 LIMIT 1  [["id", 1120]]
  [1m[36mCACHE (0.0ms)[0m  [1mSELECT "places".* FROM "places" WHERE "places"."id" = 45 LIMIT 1[0m
  [1m[35mCACHE (0.0ms)[0m  select * from routes where startplace_id = 45
  [1m[36mCACHE (0.0ms)[0m  [1mselect * from routes where endplace_id = 45[0m
  [1m[35mCACHE (0.0ms)[0m  SELECT "places".* FROM "places" WHERE "places"."id" = $1 LIMIT 1  [["id", 45]]
  [1m[36mCACHE (0.0ms)[0m  [1mSELECT "places".* FROM "places" WHERE "places"."id" = $1 LIMIT 1[0m  [["id", 976]]
  [1m[35mCACHE (0.0ms)[0m  SELECT "places".* FROM "places" WHERE "places"."id" = $1 LIMIT 1  [["id", 650]]
  [1m[36mCACHE (0.0ms)[0m  [1mSELECT "places".* FROM "places" WHERE "places"."id" = 1119 LIMIT 1[0m
  [1m[35mCACHE (0.0ms)[0m  select * from routes where startplace_id = 1119
  [1m[36mCACHE (0.0ms)[0m  [1mselect * from routes where endplace_id = 1119[0m
  [1m[35mCACHE (0.0ms)[0m  SELECT "places".* FROM "places" WHERE "places"."id" = $1 LIMIT 1  [["id", 1119]]
  [1m[36mCACHE (0.0ms)[0m  [1mSELECT "places".* FROM "places" WHERE "places"."id" = $1 LIMIT 1[0m  [["id", 1120]]
  [1m[35mCACHE (0.0ms)[0m  SELECT "places".* FROM "places" WHERE "places"."id" = $1 LIMIT 1  [["id", 976]]
  [1m[36mCACHE (0.0ms)[0m  [1mSELECT "places".* FROM "places" WHERE "places"."id" = $1 LIMIT 1[0m  [["id", 471]]
  [1m[35mCACHE (0.0ms)[0m  SELECT "places".* FROM "places" WHERE "places"."id" = 45 LIMIT 1
  [1m[36mCACHE (0.0ms)[0m  [1mselect * from routes where startplace_id = 45[0m
  [1m[35mCACHE (0.0ms)[0m  select * from routes where endplace_id = 45
  [1m[36mCACHE (0.0ms)[0m  [1mSELECT "places".* FROM "places" WHERE "places"."id" = $1 LIMIT 1[0m  [["id", 45]]
  [1m[35mCACHE (0.0ms)[0m  SELECT "places".* FROM "places" WHERE "places"."id" = $1 LIMIT 1  [["id", 976]]
  [1m[36mCACHE (0.0ms)[0m  [1mSELECT "places".* FROM "places" WHERE "places"."id" = $1 LIMIT 1[0m  [["id", 650]]
  [1m[35mCACHE (0.0ms)[0m  SELECT "places".* FROM "places" WHERE "places"."id" = 1131 LIMIT 1
  [1m[36mCACHE (0.0ms)[0m  [1mselect * from routes where startplace_id = 1131[0m
  [1m[35mCACHE (0.0ms)[0m  select * from routes where endplace_id = 1131
  [1m[36mCACHE (0.0ms)[0m  [1mSELECT "places".* FROM "places" WHERE "places"."id" = $1 LIMIT 1[0m  [["id", 1131]]
  [1m[35mCACHE (0.0ms)[0m  SELECT "places".* FROM "places" WHERE "places"."id" = $1 LIMIT 1  [["id", 1132]]
  [1m[36mCACHE (0.0ms)[0m  [1mSELECT "places".* FROM "places" WHERE "places"."id" = $1 LIMIT 1[0m  [["id", 1133]]
  [1m[35mCACHE (0.0ms)[0m  SELECT "places".* FROM "places" WHERE "places"."id" = 1121 LIMIT 1
  [1m[36mCACHE (0.0ms)[0m  [1mselect * from routes where startplace_id = 1121[0m
  [1m[35mCACHE (0.0ms)[0m  select * from routes where endplace_id = 1121
  [1m[36mCACHE (0.0ms)[0m  [1mSELECT "places".* FROM "places" WHERE "places"."id" = $1 LIMIT 1[0m  [["id", 1121]]
  [1m[35mCACHE (0.0ms)[0m  SELECT "places".* FROM "places" WHERE "places"."id" = $1 LIMIT 1  [["id", 1122]]
  [1m[36mCACHE (0.0ms)[0m  [1mSELECT "places".* FROM "places" WHERE "places"."id" = $1 LIMIT 1[0m  [["id", 976]]
  [1m[35mCACHE (0.0ms)[0m  SELECT "places".* FROM "places" WHERE "places"."id" = 45 LIMIT 1
  [1m[36mCACHE (0.0ms)[0m  [1mselect * from routes where startplace_id = 45[0m
  [1m[35mCACHE (0.0ms)[0m  select * from routes where endplace_id = 45
  [1m[36mCACHE (0.0ms)[0m  [1mSELECT "places".* FROM "places" WHERE "places"."id" = $1 LIMIT 1[0m  [["id", 45]]
  [1m[35mCACHE (0.0ms)[0m  SELECT "places".* FROM "places" WHERE "places"."id" = $1 LIMIT 1  [["id", 976]]
  [1m[36mCACHE (0.0ms)[0m  [1mSELECT "places".* FROM "places" WHERE "places"."id" = $1 LIMIT 1[0m  [["id", 650]]
  [1m[35mCACHE (0.0ms)[0m  SELECT "places".* FROM "places" WHERE "places"."id" = 1131 LIMIT 1
  [1m[36mCACHE (0.0ms)[0m  [1mselect * from routes where startplace_id = 1131[0m
  [1m[35mCACHE (0.0ms)[0m  select * from routes where endplace_id = 1131
  [1m[36mCACHE (0.0ms)[0m  [1mSELECT "places".* FROM "places" WHERE "places"."id" = $1 LIMIT 1[0m  [["id", 1131]]
  [1m[35mCACHE (0.0ms)[0m  SELECT "places".* FROM "places" WHERE "places"."id" = $1 LIMIT 1  [["id", 1132]]
  [1m[36mCACHE (0.0ms)[0m  [1mSELECT "places".* FROM "places" WHERE "places"."id" = $1 LIMIT 1[0m  [["id", 1133]]
  [1m[35mCACHE (0.0ms)[0m  SELECT "places".* FROM "places" WHERE "places"."id" = 1129 LIMIT 1
  [1m[36mCACHE (0.0ms)[0m  [1mselect * from routes where startplace_id = 1129[0m
  [1m[35mCACHE (0.0ms)[0m  select * from routes where endplace_id = 1129
  [1m[36mCACHE (0.0ms)[0m  [1mSELECT "places".* FROM "places" WHERE "places"."id" = $1 LIMIT 1[0m  [["id", 1129]]
  [1m[35mCACHE (0.0ms)[0m  SELECT "places".* FROM "places" WHERE "places"."id" = $1 LIMIT 1  [["id", 207]]
  [1m[36mCACHE (0.0ms)[0m  [1mSELECT "places".* FROM "places" WHERE "places"."id" = $1 LIMIT 1[0m  [["id", 1124]]
  [1m[35mCACHE (0.0ms)[0m  SELECT "places".* FROM "places" WHERE "places"."id" = $1 LIMIT 1  [["id", 975]]
  [1m[36mCACHE (0.0ms)[0m  [1mSELECT "places".* FROM "places" WHERE "places"."id" = 1133 LIMIT 1[0m
  [1m[35mCACHE (0.0ms)[0m  select * from routes where startplace_id = 1133
  [1m[36mCACHE (0.0ms)[0m  [1mselect * from routes where endplace_id = 1133[0m
  [1m[35mCACHE (0.0ms)[0m  SELECT "places".* FROM "places" WHERE "places"."id" = $1 LIMIT 1  [["id", 1133]]
  [1m[36mCACHE (0.0ms)[0m  [1mSELECT "places".* FROM "places" WHERE "places"."id" = $1 LIMIT 1[0m  [["id", 1131]]
  [1m[35mCACHE (0.0ms)[0m  SELECT "places".* FROM "places" WHERE "places"."id" = $1 LIMIT 1  [["id", 207]]
  [1m[36mCACHE (0.0ms)[0m  [1mSELECT "places".* FROM "places" WHERE "places"."id" = 1134 LIMIT 1[0m
  [1m[35mCACHE (0.0ms)[0m  select * from routes where startplace_id = 1134
  [1m[36mCACHE (0.0ms)[0m  [1mselect * from routes where endplace_id = 1134[0m
  [1m[35mCACHE (0.0ms)[0m  SELECT "places".* FROM "places" WHERE "places"."id" = $1 LIMIT 1  [["id", 1134]]
  [1m[36mCACHE (0.0ms)[0m  [1mSELECT "places".* FROM "places" WHERE "places"."id" = $1 LIMIT 1[0m  [["id", 1118]]
  [1m[35mCACHE (0.0ms)[0m  SELECT "places".* FROM "places" WHERE "places"."id" = $1 LIMIT 1  [["id", 1135]]
  [1m[36mCACHE (0.0ms)[0m  [1mSELECT "places".* FROM "places" WHERE "places"."id" = 1117 LIMIT 1[0m
  [1m[35mCACHE (0.0ms)[0m  select * from routes where startplace_id = 1117
  [1m[36mCACHE (0.0ms)[0m  [1mselect * from routes where endplace_id = 1117[0m
  [1m[35mCACHE (0.0ms)[0m  SELECT "places".* FROM "places" WHERE "places"."id" = $1 LIMIT 1  [["id", 1117]]
  [1m[36mCACHE (0.0ms)[0m  [1mSELECT "places".* FROM "places" WHERE "places"."id" = $1 LIMIT 1[0m  [["id", 58]]
  [1m[35mCACHE (0.0ms)[0m  SELECT "places".* FROM "places" WHERE "places"."id" = $1 LIMIT 1  [["id", 1118]]
  [1m[36mCACHE (0.0ms)[0m  [1mSELECT "places".* FROM "places" WHERE "places"."id" = $1 LIMIT 1[0m  [["id", 258]]
  [1m[35mCACHE (0.0ms)[0m  SELECT "places".* FROM "places" WHERE "places"."id" = 1122 LIMIT 1
  [1m[36mCACHE (0.0ms)[0m  [1mselect * from routes where startplace_id = 1122[0m
  [1m[35mCACHE (0.0ms)[0m  select * from routes where endplace_id = 1122
  [1m[36mCACHE (0.0ms)[0m  [1mSELECT "places".* FROM "places" WHERE "places"."id" = $1 LIMIT 1[0m  [["id", 1122]]
  [1m[35mCACHE (0.0ms)[0m  SELECT "places".* FROM "places" WHERE "places"."id" = $1 LIMIT 1  [["id", 975]]
  [1m[36mCACHE (0.0ms)[0m  [1mSELECT "places".* FROM "places" WHERE "places"."id" = $1 LIMIT 1[0m  [["id", 1121]]
  [1m[35mCACHE (0.0ms)[0m  SELECT "places".* FROM "places" WHERE "places"."id" = 471 LIMIT 1
  [1m[36mCACHE (0.0ms)[0m  [1mselect * from routes where startplace_id = 471[0m
  [1m[35mCACHE (0.0ms)[0m  select * from routes where endplace_id = 471
  [1m[36mCACHE (0.0ms)[0m  [1mSELECT "places".* FROM "places" WHERE "places"."id" = $1 LIMIT 1[0m  [["id", 471]]
  [1m[35mCACHE (0.0ms)[0m  SELECT "places".* FROM "places" WHERE "places"."id" = $1 LIMIT 1  [["id", 1119]]
  [1m[36mCACHE (0.1ms)[0m  [1mSELECT "places".* FROM "places" WHERE "places"."id" = 1120 LIMIT 1[0m
  [1m[35mCACHE (0.0ms)[0m  select * from routes where startplace_id = 1120
  [1m[36mCACHE (0.0ms)[0m  [1mselect * from routes where endplace_id = 1120[0m
  [1m[35mCACHE (0.0ms)[0m  SELECT "places".* FROM "places" WHERE "places"."id" = $1 LIMIT 1  [["id", 1120]]
  [1m[36mCACHE (0.0ms)[0m  [1mSELECT "places".* FROM "places" WHERE "places"."id" = $1 LIMIT 1[0m  [["id", 1118]]
  [1m[35mCACHE (0.0ms)[0m  SELECT "places".* FROM "places" WHERE "places"."id" = $1 LIMIT 1  [["id", 1119]]
  [1m[36mCACHE (0.0ms)[0m  [1mSELECT "places".* FROM "places" WHERE "places"."id" = 1133 LIMIT 1[0m
  [1m[35mCACHE (0.0ms)[0m  select * from routes where startplace_id = 1133
  [1m[36mCACHE (0.0ms)[0m  [1mselect * from routes where endplace_id = 1133[0m
  [1m[35mCACHE (0.0ms)[0m  SELECT "places".* FROM "places" WHERE "places"."id" = $1 LIMIT 1  [["id", 1133]]
  [1m[36mCACHE (0.0ms)[0m  [1mSELECT "places".* FROM "places" WHERE "places"."id" = $1 LIMIT 1[0m  [["id", 1131]]
  [1m[35mCACHE (0.0ms)[0m  SELECT "places".* FROM "places" WHERE "places"."id" = $1 LIMIT 1  [["id", 207]]
  [1m[36mCACHE (0.0ms)[0m  [1mSELECT "places".* FROM "places" WHERE "places"."id" = 1134 LIMIT 1[0m
  [1m[35mCACHE (0.0ms)[0m  select * from routes where startplace_id = 1134
  [1m[36mCACHE (0.0ms)[0m  [1mselect * from routes where endplace_id = 1134[0m
  [1m[35mCACHE (0.0ms)[0m  SELECT "places".* FROM "places" WHERE "places"."id" = $1 LIMIT 1  [["id", 1134]]
  [1m[36mCACHE (0.0ms)[0m  [1mSELECT "places".* FROM "places" WHERE "places"."id" = $1 LIMIT 1[0m  [["id", 1118]]
  [1m[35mCACHE (0.0ms)[0m  SELECT "places".* FROM "places" WHERE "places"."id" = $1 LIMIT 1  [["id", 1135]]
  [1m[36mCACHE (0.0ms)[0m  [1mSELECT "places".* FROM "places" WHERE "places"."id" = 1117 LIMIT 1[0m
  [1m[35mCACHE (0.0ms)[0m  select * from routes where startplace_id = 1117
  [1m[36mCACHE (0.0ms)[0m  [1mselect * from routes where endplace_id = 1117[0m
  [1m[35mCACHE (0.0ms)[0m  SELECT "places".* FROM "places" WHERE "places"."id" = $1 LIMIT 1  [["id", 1117]]
  [1m[36mCACHE (0.0ms)[0m  [1mSELECT "places".* FROM "places" WHERE "places"."id" = $1 LIMIT 1[0m  [["id", 58]]
  [1m[35mCACHE (0.0ms)[0m  SELECT "places".* FROM "places" WHERE "places"."id" = $1 LIMIT 1  [["id", 1118]]
  [1m[36mCACHE (0.0ms)[0m  [1mSELECT "places".* FROM "places" WHERE "places"."id" = $1 LIMIT 1[0m  [["id", 258]]
  [1m[35mCACHE (0.0ms)[0m  SELECT "places".* FROM "places" WHERE "places"."id" = 1128 LIMIT 1
  [1m[36mCACHE (0.0ms)[0m  [1mselect * from routes where startplace_id = 1128[0m
  [1m[35mCACHE (0.0ms)[0m  select * from routes where endplace_id = 1128
  [1m[36mCACHE (0.0ms)[0m  [1mSELECT "places".* FROM "places" WHERE "places"."id" = $1 LIMIT 1[0m  [["id", 1128]]
  [1m[35mCACHE (0.0ms)[0m  SELECT "places".* FROM "places" WHERE "places"."id" = $1 LIMIT 1  [["id", 419]]
  [1m[36mCACHE (0.0ms)[0m  [1mSELECT "places".* FROM "places" WHERE "places"."id" = 1123 LIMIT 1[0m
  [1m[35mCACHE (0.0ms)[0m  select * from routes where startplace_id = 1123
  [1m[36mCACHE (0.0ms)[0m  [1mselect * from routes where endplace_id = 1123[0m
  [1m[35mCACHE (0.0ms)[0m  SELECT "places".* FROM "places" WHERE "places"."id" = $1 LIMIT 1  [["id", 1123]]
  [1m[36mCACHE (0.0ms)[0m  [1mSELECT "places".* FROM "places" WHERE "places"."id" = $1 LIMIT 1[0m  [["id", 1124]]
  [1m[35mCACHE (0.0ms)[0m  SELECT "places".* FROM "places" WHERE "places"."id" = $1 LIMIT 1  [["id", 975]]
  [1m[36mCACHE (0.0ms)[0m  [1mSELECT "places".* FROM "places" WHERE "places"."id" = $1 LIMIT 1[0m  [["id", 1125]]
  [1m[35mCACHE (0.0ms)[0m  SELECT "places".* FROM "places" WHERE "places"."id" = 1134 LIMIT 1
  [1m[36mCACHE (0.0ms)[0m  [1mselect * from routes where startplace_id = 1134[0m
  [1m[35mCACHE (0.0ms)[0m  select * from routes where endplace_id = 1134
  [1m[36mCACHE (0.0ms)[0m  [1mSELECT "places".* FROM "places" WHERE "places"."id" = $1 LIMIT 1[0m  [["id", 1134]]
  [1m[35mCACHE (0.0ms)[0m  SELECT "places".* FROM "places" WHERE "places"."id" = $1 LIMIT 1  [["id", 1118]]
  [1m[36mCACHE (0.0ms)[0m  [1mSELECT "places".* FROM "places" WHERE "places"."id" = $1 LIMIT 1[0m  [["id", 1135]]
  [1m[35mCACHE (0.0ms)[0m  SELECT "places".* FROM "places" WHERE "places"."id" = 1117 LIMIT 1
  [1m[36mCACHE (0.0ms)[0m  [1mselect * from routes where startplace_id = 1117[0m
  [1m[35mCACHE (0.0ms)[0m  select * from routes where endplace_id = 1117
  [1m[36mCACHE (0.0ms)[0m  [1mSELECT "places".* FROM "places" WHERE "places"."id" = $1 LIMIT 1[0m  [["id", 1117]]
  [1m[35mCACHE (0.0ms)[0m  SELECT "places".* FROM "places" WHERE "places"."id" = $1 LIMIT 1  [["id", 58]]
  [1m[36mCACHE (0.0ms)[0m  [1mSELECT "places".* FROM "places" WHERE "places"."id" = $1 LIMIT 1[0m  [["id", 1118]]
  [1m[35mCACHE (0.0ms)[0m  SELECT "places".* FROM "places" WHERE "places"."id" = $1 LIMIT 1  [["id", 258]]
  [1m[36mCACHE (0.0ms)[0m  [1mSELECT "places".* FROM "places" WHERE "places"."id" = 650 LIMIT 1[0m
  [1m[35mCACHE (0.0ms)[0m  select * from routes where startplace_id = 650
  [1m[36mCACHE (0.0ms)[0m  [1mselect * from routes where endplace_id = 650[0m
  [1m[35mCACHE (0.0ms)[0m  SELECT "places".* FROM "places" WHERE "places"."id" = $1 LIMIT 1  [["id", 650]]
  [1m[36mCACHE (0.0ms)[0m  [1mSELECT "places".* FROM "places" WHERE "places"."id" = $1 LIMIT 1[0m  [["id", 45]]
  [1m[35mCACHE (0.0ms)[0m  SELECT "places".* FROM "places" WHERE "places"."id" = $1 LIMIT 1  [["id", 207]]
  [1m[36mCACHE (0.0ms)[0m  [1mSELECT "places".* FROM "places" WHERE "places"."id" = 471 LIMIT 1[0m
  [1m[35mCACHE (0.0ms)[0m  select * from routes where startplace_id = 471
  [1m[36mCACHE (0.0ms)[0m  [1mselect * from routes where endplace_id = 471[0m
  [1m[35mCACHE (0.0ms)[0m  SELECT "places".* FROM "places" WHERE "places"."id" = $1 LIMIT 1  [["id", 471]]
  [1m[36mCACHE (0.0ms)[0m  [1mSELECT "places".* FROM "places" WHERE "places"."id" = $1 LIMIT 1[0m  [["id", 1119]]
  [1m[35mCACHE (0.0ms)[0m  SELECT "places".* FROM "places" WHERE "places"."id" = 1120 LIMIT 1
  [1m[36mCACHE (0.0ms)[0m  [1mselect * from routes where startplace_id = 1120[0m
  [1m[35mCACHE (0.0ms)[0m  select * from routes where endplace_id = 1120
  [1m[36mCACHE (0.0ms)[0m  [1mSELECT "places".* FROM "places" WHERE "places"."id" = $1 LIMIT 1[0m  [["id", 1120]]
  [1m[35mCACHE (0.0ms)[0m  SELECT "places".* FROM "places" WHERE "places"."id" = $1 LIMIT 1  [["id", 1118]]
  [1m[36mCACHE (0.0ms)[0m  [1mSELECT "places".* FROM "places" WHERE "places"."id" = $1 LIMIT 1[0m  [["id", 1119]]
  [1m[35mCACHE (0.0ms)[0m  SELECT "places".* FROM "places" WHERE "places"."id" = 976 LIMIT 1
  [1m[36mCACHE (0.0ms)[0m  [1mselect * from routes where startplace_id = 976[0m
  [1m[35mCACHE (0.0ms)[0m  select * from routes where endplace_id = 976
  [1m[36mCACHE (0.0ms)[0m  [1mSELECT "places".* FROM "places" WHERE "places"."id" = $1 LIMIT 1[0m  [["id", 976]]
  [1m[35mCACHE (0.0ms)[0m  SELECT "places".* FROM "places" WHERE "places"."id" = $1 LIMIT 1  [["id", 1121]]
  [1m[36mCACHE (0.0ms)[0m  [1mSELECT "places".* FROM "places" WHERE "places"."id" = $1 LIMIT 1[0m  [["id", 976]]
  [1m[35mCACHE (0.0ms)[0m  SELECT "places".* FROM "places" WHERE "places"."id" = $1 LIMIT 1  [["id", 1119]]
  [1m[36mCACHE (0.0ms)[0m  [1mSELECT "places".* FROM "places" WHERE "places"."id" = $1 LIMIT 1[0m  [["id", 45]]
  [1m[35mCACHE (0.0ms)[0m  SELECT "places".* FROM "places" WHERE "places"."id" = 1132 LIMIT 1
  [1m[36mCACHE (0.0ms)[0m  [1mselect * from routes where startplace_id = 1132[0m
  [1m[35mCACHE (0.0ms)[0m  select * from routes where endplace_id = 1132
  [1m[36mCACHE (0.0ms)[0m  [1mSELECT "places".* FROM "places" WHERE "places"."id" = $1 LIMIT 1[0m  [["id", 1131]]
  [1m[35mCACHE (0.0ms)[0m  SELECT "places".* FROM "places" WHERE "places"."id" = 976 LIMIT 1
  [1m[36mCACHE (0.0ms)[0m  [1mselect * from routes where startplace_id = 976[0m
  [1m[35mCACHE (0.0ms)[0m  select * from routes where endplace_id = 976
  [1m[36mCACHE (0.0ms)[0m  [1mSELECT "places".* FROM "places" WHERE "places"."id" = $1 LIMIT 1[0m  [["id", 976]]
  [1m[35mCACHE (0.0ms)[0m  SELECT "places".* FROM "places" WHERE "places"."id" = $1 LIMIT 1  [["id", 1121]]
  [1m[36mCACHE (0.0ms)[0m  [1mSELECT "places".* FROM "places" WHERE "places"."id" = $1 LIMIT 1[0m  [["id", 976]]
  [1m[35mCACHE (0.0ms)[0m  SELECT "places".* FROM "places" WHERE "places"."id" = $1 LIMIT 1  [["id", 1119]]
  [1m[36mCACHE (0.0ms)[0m  [1mSELECT "places".* FROM "places" WHERE "places"."id" = $1 LIMIT 1[0m  [["id", 45]]
  [1m[35mCACHE (0.0ms)[0m  SELECT "places".* FROM "places" WHERE "places"."id" = 976 LIMIT 1
  [1m[36mCACHE (0.0ms)[0m  [1mselect * from routes where startplace_id = 976[0m
  [1m[35mCACHE (0.0ms)[0m  select * from routes where endplace_id = 976
  [1m[36mCACHE (0.0ms)[0m  [1mSELECT "places".* FROM "places" WHERE "places"."id" = $1 LIMIT 1[0m  [["id", 976]]
  [1m[35mCACHE (0.0ms)[0m  SELECT "places".* FROM "places" WHERE "places"."id" = $1 LIMIT 1  [["id", 1121]]
  [1m[36mCACHE (0.0ms)[0m  [1mSELECT "places".* FROM "places" WHERE "places"."id" = $1 LIMIT 1[0m  [["id", 976]]
  [1m[35mCACHE (0.0ms)[0m  SELECT "places".* FROM "places" WHERE "places"."id" = $1 LIMIT 1  [["id", 1119]]
  [1m[36mCACHE (0.0ms)[0m  [1mSELECT "places".* FROM "places" WHERE "places"."id" = $1 LIMIT 1[0m  [["id", 45]]
  [1m[35mCACHE (0.0ms)[0m  SELECT "places".* FROM "places" WHERE "places"."id" = 1132 LIMIT 1
  [1m[36mCACHE (0.0ms)[0m  [1mselect * from routes where startplace_id = 1132[0m
  [1m[35mCACHE (0.0ms)[0m  select * from routes where endplace_id = 1132
  [1m[36mCACHE (0.0ms)[0m  [1mSELECT "places".* FROM "places" WHERE "places"."id" = $1 LIMIT 1[0m  [["id", 1131]]
  [1m[35mCACHE (0.0ms)[0m  SELECT "places".* FROM "places" WHERE "places"."id" = 1131 LIMIT 1
  [1m[36mCACHE (0.0ms)[0m  [1mselect * from routes where startplace_id = 1131[0m
  [1m[35mCACHE (0.0ms)[0m  select * from routes where endplace_id = 1131
  [1m[36mCACHE (0.0ms)[0m  [1mSELECT "places".* FROM "places" WHERE "places"."id" = $1 LIMIT 1[0m  [["id", 1131]]
  [1m[35mCACHE (0.0ms)[0m  SELECT "places".* FROM "places" WHERE "places"."id" = $1 LIMIT 1  [["id", 1132]]
  [1m[36mCACHE (0.0ms)[0m  [1mSELECT "places".* FROM "places" WHERE "places"."id" = $1 LIMIT 1[0m  [["id", 1133]]
  [1m[35mCACHE (0.0ms)[0m  SELECT "places".* FROM "places" WHERE "places"."id" = 1135 LIMIT 1
  [1m[36mCACHE (0.0ms)[0m  [1mselect * from routes where startplace_id = 1135[0m
  [1m[35mCACHE (0.0ms)[0m  select * from routes where endplace_id = 1135
  [1m[36mCACHE (0.0ms)[0m  [1mSELECT "places".* FROM "places" WHERE "places"."id" = $1 LIMIT 1[0m  [["id", 1135]]
  [1m[35mCACHE (0.0ms)[0m  SELECT "places".* FROM "places" WHERE "places"."id" = $1 LIMIT 1  [["id", 1134]]
  [1m[36mCACHE (0.0ms)[0m  [1mSELECT "places".* FROM "places" WHERE "places"."id" = $1 LIMIT 1[0m  [["id", 271]]
  [1m[35mCACHE (0.0ms)[0m  SELECT "places".* FROM "places" WHERE "places"."id" = 258 LIMIT 1
  [1m[36mCACHE (0.0ms)[0m  [1mselect * from routes where startplace_id = 258[0m
  [1m[35mCACHE (0.0ms)[0m  select * from routes where endplace_id = 258
  [1m[36mCACHE (0.0ms)[0m  [1mSELECT "places".* FROM "places" WHERE "places"."id" = $1 LIMIT 1[0m  [["id", 258]]
  [1m[35mCACHE (0.0ms)[0m  SELECT "places".* FROM "places" WHERE "places"."id" = $1 LIMIT 1  [["id", 1117]]
  [1m[36mCACHE (0.0ms)[0m  [1mSELECT "places".* FROM "places" WHERE "places"."id" = 58 LIMIT 1[0m
  [1m[35mCACHE (0.0ms)[0m  select * from routes where startplace_id = 58
  [1m[36mCACHE (0.0ms)[0m  [1mselect * from routes where endplace_id = 58[0m
  [1m[35mCACHE (0.0ms)[0m  SELECT "places".* FROM "places" WHERE "places"."id" = $1 LIMIT 1  [["id", 58]]
  [1m[36mCACHE (0.0ms)[0m  [1mSELECT "places".* FROM "places" WHERE "places"."id" = $1 LIMIT 1[0m  [["id", 1116]]
  [1m[35mCACHE (0.0ms)[0m  SELECT "places".* FROM "places" WHERE "places"."id" = $1 LIMIT 1  [["id", 1117]]
  [1m[36mCACHE (0.0ms)[0m  [1mSELECT "places".* FROM "places" WHERE "places"."id" = 1118 LIMIT 1[0m
  [1m[35mCACHE (0.0ms)[0m  select * from routes where startplace_id = 1118
  [1m[36mCACHE (0.0ms)[0m  [1mselect * from routes where endplace_id = 1118[0m
  [1m[35mCACHE (0.0ms)[0m  SELECT "places".* FROM "places" WHERE "places"."id" = $1 LIMIT 1  [["id", 1118]]
  [1m[36mCACHE (0.0ms)[0m  [1mSELECT "places".* FROM "places" WHERE "places"."id" = $1 LIMIT 1[0m  [["id", 1117]]
  [1m[35mCACHE (0.0ms)[0m  SELECT "places".* FROM "places" WHERE "places"."id" = $1 LIMIT 1  [["id", 1134]]
  [1m[36mCACHE (0.0ms)[0m  [1mSELECT "places".* FROM "places" WHERE "places"."id" = $1 LIMIT 1[0m  [["id", 1120]]
  [1m[35mCACHE (0.0ms)[0m  SELECT "places".* FROM "places" WHERE "places"."id" = 1131 LIMIT 1
  [1m[36mCACHE (0.0ms)[0m  [1mselect * from routes where startplace_id = 1131[0m
  [1m[35mCACHE (0.0ms)[0m  select * from routes where endplace_id = 1131
  [1m[36mCACHE (0.0ms)[0m  [1mSELECT "places".* FROM "places" WHERE "places"."id" = $1 LIMIT 1[0m  [["id", 1131]]
  [1m[35mCACHE (0.0ms)[0m  SELECT "places".* FROM "places" WHERE "places"."id" = $1 LIMIT 1  [["id", 1132]]
  [1m[36mCACHE (0.0ms)[0m  [1mSELECT "places".* FROM "places" WHERE "places"."id" = $1 LIMIT 1[0m  [["id", 1133]]
  [1m[35mCACHE (0.0ms)[0m  SELECT "places".* FROM "places" WHERE "places"."id" = 1135 LIMIT 1
  [1m[36mCACHE (0.0ms)[0m  [1mselect * from routes where startplace_id = 1135[0m
  [1m[35mCACHE (0.0ms)[0m  select * from routes where endplace_id = 1135
  [1m[36mCACHE (0.0ms)[0m  [1mSELECT "places".* FROM "places" WHERE "places"."id" = $1 LIMIT 1[0m  [["id", 1135]]
  [1m[35mCACHE (0.0ms)[0m  SELECT "places".* FROM "places" WHERE "places"."id" = $1 LIMIT 1  [["id", 1134]]
  [1m[36mCACHE (0.0ms)[0m  [1mSELECT "places".* FROM "places" WHERE "places"."id" = $1 LIMIT 1[0m  [["id", 271]]
  [1m[35mCACHE (0.0ms)[0m  SELECT "places".* FROM "places" WHERE "places"."id" = 258 LIMIT 1
  [1m[36mCACHE (0.0ms)[0m  [1mselect * from routes where startplace_id = 258[0m
  [1m[35mCACHE (0.0ms)[0m  select * from routes where endplace_id = 258
  [1m[36mCACHE (0.0ms)[0m  [1mSELECT "places".* FROM "places" WHERE "places"."id" = $1 LIMIT 1[0m  [["id", 258]]
  [1m[35mCACHE (0.0ms)[0m  SELECT "places".* FROM "places" WHERE "places"."id" = $1 LIMIT 1  [["id", 1117]]
  [1m[36mCACHE (0.0ms)[0m  [1mSELECT "places".* FROM "places" WHERE "places"."id" = 58 LIMIT 1[0m
  [1m[35mCACHE (0.0ms)[0m  select * from routes where startplace_id = 58
  [1m[36mCACHE (0.0ms)[0m  [1mselect * from routes where endplace_id = 58[0m
  [1m[35mCACHE (0.0ms)[0m  SELECT "places".* FROM "places" WHERE "places"."id" = $1 LIMIT 1  [["id", 58]]
  [1m[36mCACHE (0.0ms)[0m  [1mSELECT "places".* FROM "places" WHERE "places"."id" = $1 LIMIT 1[0m  [["id", 1116]]
  [1m[35mCACHE (0.0ms)[0m  SELECT "places".* FROM "places" WHERE "places"."id" = $1 LIMIT 1  [["id", 1117]]
  [1m[36mCACHE (0.0ms)[0m  [1mSELECT "places".* FROM "places" WHERE "places"."id" = 1125 LIMIT 1[0m
  [1m[35mCACHE (0.0ms)[0m  select * from routes where startplace_id = 1125
  [1m[36mCACHE (0.0ms)[0m  [1mselect * from routes where endplace_id = 1125[0m
  [1m[35mCACHE (0.0ms)[0m  SELECT "places".* FROM "places" WHERE "places"."id" = $1 LIMIT 1  [["id", 1125]]
  [1m[36mCACHE (0.0ms)[0m  [1mSELECT "places".* FROM "places" WHERE "places"."id" = $1 LIMIT 1[0m  [["id", 1123]]
  [1m[35mCACHE (0.0ms)[0m  SELECT "places".* FROM "places" WHERE "places"."id" = $1 LIMIT 1  [["id", 769]]
  [1m[36mCACHE (0.0ms)[0m  [1mSELECT "places".* FROM "places" WHERE "places"."id" = 1135 LIMIT 1[0m
  [1m[35mCACHE (0.0ms)[0m  select * from routes where startplace_id = 1135
  [1m[36mCACHE (0.0ms)[0m  [1mselect * from routes where endplace_id = 1135[0m
  [1m[35mCACHE (0.0ms)[0m  SELECT "places".* FROM "places" WHERE "places"."id" = $1 LIMIT 1  [["id", 1135]]
  [1m[36mCACHE (0.0ms)[0m  [1mSELECT "places".* FROM "places" WHERE "places"."id" = $1 LIMIT 1[0m  [["id", 1134]]
  [1m[35mCACHE (0.0ms)[0m  SELECT "places".* FROM "places" WHERE "places"."id" = $1 LIMIT 1  [["id", 271]]
  [1m[36mCACHE (0.0ms)[0m  [1mSELECT "places".* FROM "places" WHERE "places"."id" = 258 LIMIT 1[0m
  [1m[35mCACHE (0.0ms)[0m  select * from routes where startplace_id = 258
  [1m[36mCACHE (0.0ms)[0m  [1mselect * from routes where endplace_id = 258[0m
  [1m[35mCACHE (0.0ms)[0m  SELECT "places".* FROM "places" WHERE "places"."id" = $1 LIMIT 1  [["id", 258]]
  [1m[36mCACHE (0.0ms)[0m  [1mSELECT "places".* FROM "places" WHERE "places"."id" = $1 LIMIT 1[0m  [["id", 1117]]
  [1m[35mCACHE (0.0ms)[0m  SELECT "places".* FROM "places" WHERE "places"."id" = 58 LIMIT 1
  [1m[36mCACHE (0.0ms)[0m  [1mselect * from routes where startplace_id = 58[0m
  [1m[35mCACHE (0.0ms)[0m  select * from routes where endplace_id = 58
  [1m[36mCACHE (0.0ms)[0m  [1mSELECT "places".* FROM "places" WHERE "places"."id" = $1 LIMIT 1[0m  [["id", 58]]
  [1m[35mCACHE (0.0ms)[0m  SELECT "places".* FROM "places" WHERE "places"."id" = $1 LIMIT 1  [["id", 1116]]
  [1m[36mCACHE (0.0ms)[0m  [1mSELECT "places".* FROM "places" WHERE "places"."id" = $1 LIMIT 1[0m  [["id", 1117]]
  [1m[35mCACHE (0.0ms)[0m  SELECT "places".* FROM "places" WHERE "places"."id" = 207 LIMIT 1
  [1m[36mCACHE (0.0ms)[0m  [1mselect * from routes where startplace_id = 207[0m
  [1m[35mCACHE (0.0ms)[0m  select * from routes where endplace_id = 207
  [1m[36mCACHE (0.0ms)[0m  [1mSELECT "places".* FROM "places" WHERE "places"."id" = $1 LIMIT 1[0m  [["id", 207]]
  [1m[35mCACHE (0.0ms)[0m  SELECT "places".* FROM "places" WHERE "places"."id" = $1 LIMIT 1  [["id", 650]]
  [1m[36mCACHE (0.0ms)[0m  [1mSELECT "places".* FROM "places" WHERE "places"."id" = $1 LIMIT 1[0m  [["id", 207]]
  [1m[35mCACHE (0.0ms)[0m  SELECT "places".* FROM "places" WHERE "places"."id" = $1 LIMIT 1  [["id", 1133]]
  [1m[36mCACHE (0.0ms)[0m  [1mSELECT "places".* FROM "places" WHERE "places"."id" = $1 LIMIT 1[0m  [["id", 1129]]
  [1m[35mCACHE (0.0ms)[0m  SELECT "places".* FROM "places" WHERE "places"."id" = 1118 LIMIT 1
  [1m[36mCACHE (0.0ms)[0m  [1mselect * from routes where startplace_id = 1118[0m
  [1m[35mCACHE (0.0ms)[0m  select * from routes where endplace_id = 1118
  [1m[36mCACHE (0.0ms)[0m  [1mSELECT "places".* FROM "places" WHERE "places"."id" = $1 LIMIT 1[0m  [["id", 1118]]
  [1m[35mCACHE (0.0ms)[0m  SELECT "places".* FROM "places" WHERE "places"."id" = $1 LIMIT 1  [["id", 1117]]
  [1m[36mCACHE (0.0ms)[0m  [1mSELECT "places".* FROM "places" WHERE "places"."id" = $1 LIMIT 1[0m  [["id", 1134]]
  [1m[35mCACHE (0.0ms)[0m  SELECT "places".* FROM "places" WHERE "places"."id" = $1 LIMIT 1  [["id", 1120]]
  [1m[36mCACHE (0.0ms)[0m  [1mSELECT "places".* FROM "places" WHERE "places"."id" = 1121 LIMIT 1[0m
  [1m[35mCACHE (0.0ms)[0m  select * from routes where startplace_id = 1121
  [1m[36mCACHE (0.0ms)[0m  [1mselect * from routes where endplace_id = 1121[0m
  [1m[35mCACHE (0.0ms)[0m  SELECT "places".* FROM "places" WHERE "places"."id" = $1 LIMIT 1  [["id", 1121]]
  [1m[36mCACHE (0.0ms)[0m  [1mSELECT "places".* FROM "places" WHERE "places"."id" = $1 LIMIT 1[0m  [["id", 1122]]
  [1m[35mCACHE (0.0ms)[0m  SELECT "places".* FROM "places" WHERE "places"."id" = $1 LIMIT 1  [["id", 976]]
  [1m[36mCACHE (0.0ms)[0m  [1mSELECT "places".* FROM "places" WHERE "places"."id" = 1119 LIMIT 1[0m
  [1m[35mCACHE (0.0ms)[0m  select * from routes where startplace_id = 1119
  [1m[36mCACHE (0.0ms)[0m  [1mselect * from routes where endplace_id = 1119[0m
  [1m[35mCACHE (0.0ms)[0m  SELECT "places".* FROM "places" WHERE "places"."id" = $1 LIMIT 1  [["id", 1119]]
  [1m[36mCACHE (0.0ms)[0m  [1mSELECT "places".* FROM "places" WHERE "places"."id" = $1 LIMIT 1[0m  [["id", 1120]]
  [1m[35mCACHE (0.0ms)[0m  SELECT "places".* FROM "places" WHERE "places"."id" = $1 LIMIT 1  [["id", 976]]
  [1m[36mCACHE (0.0ms)[0m  [1mSELECT "places".* FROM "places" WHERE "places"."id" = $1 LIMIT 1[0m  [["id", 471]]
  [1m[35mCACHE (0.0ms)[0m  SELECT "places".* FROM "places" WHERE "places"."id" = 45 LIMIT 1
  [1m[36mCACHE (0.0ms)[0m  [1mselect * from routes where startplace_id = 45[0m
  [1m[35mCACHE (0.0ms)[0m  select * from routes where endplace_id = 45
  [1m[36mCACHE (0.0ms)[0m  [1mSELECT "places".* FROM "places" WHERE "places"."id" = $1 LIMIT 1[0m  [["id", 45]]
  [1m[35mCACHE (0.0ms)[0m  SELECT "places".* FROM "places" WHERE "places"."id" = $1 LIMIT 1  [["id", 976]]
  [1m[36mCACHE (0.0ms)[0m  [1mSELECT "places".* FROM "places" WHERE "places"."id" = $1 LIMIT 1[0m  [["id", 650]]
  [1m[35mCACHE (0.0ms)[0m  SELECT "places".* FROM "places" WHERE "places"."id" = 1119 LIMIT 1
  [1m[36mCACHE (0.0ms)[0m  [1mselect * from routes where startplace_id = 1119[0m
  [1m[35mCACHE (0.0ms)[0m  select * from routes where endplace_id = 1119
  [1m[36mCACHE (0.0ms)[0m  [1mSELECT "places".* FROM "places" WHERE "places"."id" = $1 LIMIT 1[0m  [["id", 1119]]
  [1m[35mCACHE (0.0ms)[0m  SELECT "places".* FROM "places" WHERE "places"."id" = $1 LIMIT 1  [["id", 1120]]
  [1m[36mCACHE (0.0ms)[0m  [1mSELECT "places".* FROM "places" WHERE "places"."id" = $1 LIMIT 1[0m  [["id", 976]]
  [1m[35mCACHE (0.0ms)[0m  SELECT "places".* FROM "places" WHERE "places"."id" = $1 LIMIT 1  [["id", 471]]
  [1m[36mCACHE (0.0ms)[0m  [1mSELECT "places".* FROM "places" WHERE "places"."id" = 1121 LIMIT 1[0m
  [1m[35mCACHE (0.0ms)[0m  select * from routes where startplace_id = 1121
  [1m[36mCACHE (0.0ms)[0m  [1mselect * from routes where endplace_id = 1121[0m
  [1m[35mCACHE (0.0ms)[0m  SELECT "places".* FROM "places" WHERE "places"."id" = $1 LIMIT 1  [["id", 1121]]
  [1m[36mCACHE (0.0ms)[0m  [1mSELECT "places".* FROM "places" WHERE "places"."id" = $1 LIMIT 1[0m  [["id", 1122]]
  [1m[35mCACHE (0.0ms)[0m  SELECT "places".* FROM "places" WHERE "places"."id" = $1 LIMIT 1  [["id", 976]]
  [1m[36mCACHE (0.0ms)[0m  [1mSELECT "places".* FROM "places" WHERE "places"."id" = 1119 LIMIT 1[0m
  [1m[35mCACHE (0.0ms)[0m  select * from routes where startplace_id = 1119
  [1m[36mCACHE (0.0ms)[0m  [1mselect * from routes where endplace_id = 1119[0m
  [1m[35mCACHE (0.0ms)[0m  SELECT "places".* FROM "places" WHERE "places"."id" = $1 LIMIT 1  [["id", 1119]]
  [1m[36mCACHE (0.0ms)[0m  [1mSELECT "places".* FROM "places" WHERE "places"."id" = $1 LIMIT 1[0m  [["id", 1120]]
  [1m[35mCACHE (0.0ms)[0m  SELECT "places".* FROM "places" WHERE "places"."id" = $1 LIMIT 1  [["id", 976]]
  [1m[36mCACHE (0.0ms)[0m  [1mSELECT "places".* FROM "places" WHERE "places"."id" = $1 LIMIT 1[0m  [["id", 471]]
  [1m[35mCACHE (0.0ms)[0m  SELECT "places".* FROM "places" WHERE "places"."id" = 1132 LIMIT 1
  [1m[36mCACHE (0.0ms)[0m  [1mselect * from routes where startplace_id = 1132[0m
  [1m[35mCACHE (0.0ms)[0m  select * from routes where endplace_id = 1132
  [1m[36mCACHE (0.0ms)[0m  [1mSELECT "places".* FROM "places" WHERE "places"."id" = $1 LIMIT 1[0m  [["id", 1131]]
  [1m[35mCACHE (0.0ms)[0m  SELECT "places".* FROM "places" WHERE "places"."id" = 271 LIMIT 1
  [1m[36mCACHE (0.0ms)[0m  [1mselect * from routes where startplace_id = 271[0m
  [1m[35mCACHE (0.0ms)[0m  select * from routes where endplace_id = 271
  [1m[36mCACHE (0.0ms)[0m  [1mSELECT "places".* FROM "places" WHERE "places"."id" = $1 LIMIT 1[0m  [["id", 271]]
  [1m[35mCACHE (0.0ms)[0m  SELECT "places".* FROM "places" WHERE "places"."id" = $1 LIMIT 1  [["id", 1135]]
  [1m[36mCACHE (0.0ms)[0m  [1mSELECT "places".* FROM "places" WHERE "places"."id" = 1116 LIMIT 1[0m
  [1m[35mCACHE (0.0ms)[0m  select * from routes where startplace_id = 1116
  [1m[36mCACHE (0.0ms)[0m  [1mselect * from routes where endplace_id = 1116[0m
  [1m[35mCACHE (0.0ms)[0m  SELECT "places".* FROM "places" WHERE "places"."id" = $1 LIMIT 1  [["id", 1116]]
  [1m[36mCACHE (0.0ms)[0m  [1mSELECT "places".* FROM "places" WHERE "places"."id" = $1 LIMIT 1[0m  [["id", 827]]
  [1m[35mCACHE (0.0ms)[0m  SELECT "places".* FROM "places" WHERE "places"."id" = $1 LIMIT 1  [["id", 528]]
  [1m[36mCACHE (0.0ms)[0m  [1mSELECT "places".* FROM "places" WHERE "places"."id" = $1 LIMIT 1[0m  [["id", 58]]
  [1m[35mCACHE (0.0ms)[0m  SELECT "places".* FROM "places" WHERE "places"."id" = 1134 LIMIT 1
  [1m[36mCACHE (0.0ms)[0m  [1mselect * from routes where startplace_id = 1134[0m
  [1m[35mCACHE (0.0ms)[0m  select * from routes where endplace_id = 1134
  [1m[36mCACHE (0.0ms)[0m  [1mSELECT "places".* FROM "places" WHERE "places"."id" = $1 LIMIT 1[0m  [["id", 1134]]
  [1m[35mCACHE (0.0ms)[0m  SELECT "places".* FROM "places" WHERE "places"."id" = $1 LIMIT 1  [["id", 1118]]
  [1m[36mCACHE (0.0ms)[0m  [1mSELECT "places".* FROM "places" WHERE "places"."id" = $1 LIMIT 1[0m  [["id", 1135]]
  [1m[35mCACHE (0.0ms)[0m  SELECT "places".* FROM "places" WHERE "places"."id" = 1117 LIMIT 1
  [1m[36mCACHE (0.0ms)[0m  [1mselect * from routes where startplace_id = 1117[0m
  [1m[35mCACHE (0.0ms)[0m  select * from routes where endplace_id = 1117
  [1m[36mCACHE (0.0ms)[0m  [1mSELECT "places".* FROM "places" WHERE "places"."id" = $1 LIMIT 1[0m  [["id", 1117]]
  [1m[35mCACHE (0.0ms)[0m  SELECT "places".* FROM "places" WHERE "places"."id" = $1 LIMIT 1  [["id", 58]]
  [1m[36mCACHE (0.0ms)[0m  [1mSELECT "places".* FROM "places" WHERE "places"."id" = $1 LIMIT 1[0m  [["id", 1118]]
  [1m[35mCACHE (0.0ms)[0m  SELECT "places".* FROM "places" WHERE "places"."id" = $1 LIMIT 1  [["id", 258]]
  [1m[36mCACHE (0.0ms)[0m  [1mSELECT "places".* FROM "places" WHERE "places"."id" = 1132 LIMIT 1[0m
  [1m[35mCACHE (0.0ms)[0m  select * from routes where startplace_id = 1132
  [1m[36mCACHE (0.0ms)[0m  [1mselect * from routes where endplace_id = 1132[0m
  [1m[35mCACHE (0.0ms)[0m  SELECT "places".* FROM "places" WHERE "places"."id" = $1 LIMIT 1  [["id", 1131]]
  [1m[36mCACHE (0.0ms)[0m  [1mSELECT "places".* FROM "places" WHERE "places"."id" = 271 LIMIT 1[0m
  [1m[35mCACHE (0.0ms)[0m  select * from routes where startplace_id = 271
  [1m[36mCACHE (0.0ms)[0m  [1mselect * from routes where endplace_id = 271[0m
  [1m[35mCACHE (0.0ms)[0m  SELECT "places".* FROM "places" WHERE "places"."id" = $1 LIMIT 1  [["id", 271]]
  [1m[36mCACHE (0.0ms)[0m  [1mSELECT "places".* FROM "places" WHERE "places"."id" = $1 LIMIT 1[0m  [["id", 1135]]
  [1m[35mCACHE (0.0ms)[0m  SELECT "places".* FROM "places" WHERE "places"."id" = 1116 LIMIT 1
  [1m[36mCACHE (0.0ms)[0m  [1mselect * from routes where startplace_id = 1116[0m
  [1m[35mCACHE (0.0ms)[0m  select * from routes where endplace_id = 1116
  [1m[36mCACHE (0.0ms)[0m  [1mSELECT "places".* FROM "places" WHERE "places"."id" = $1 LIMIT 1[0m  [["id", 1116]]
  [1m[35mCACHE (0.0ms)[0m  SELECT "places".* FROM "places" WHERE "places"."id" = $1 LIMIT 1  [["id", 827]]
  [1m[36mCACHE (0.0ms)[0m  [1mSELECT "places".* FROM "places" WHERE "places"."id" = $1 LIMIT 1[0m  [["id", 528]]
  [1m[35mCACHE (0.0ms)[0m  SELECT "places".* FROM "places" WHERE "places"."id" = $1 LIMIT 1  [["id", 58]]
  [1m[36mCACHE (0.0ms)[0m  [1mSELECT "places".* FROM "places" WHERE "places"."id" = 769 LIMIT 1[0m
  [1m[35mCACHE (0.0ms)[0m  select * from routes where startplace_id = 769
  [1m[36mCACHE (0.0ms)[0m  [1mselect * from routes where endplace_id = 769[0m
  [1m[35mCACHE (0.0ms)[0m  SELECT "places".* FROM "places" WHERE "places"."id" = $1 LIMIT 1  [["id", 769]]
  [1m[36mCACHE (0.0ms)[0m  [1mSELECT "places".* FROM "places" WHERE "places"."id" = $1 LIMIT 1[0m  [["id", 1125]]
  [1m[35mCACHE (0.0ms)[0m  SELECT "places".* FROM "places" WHERE "places"."id" = $1 LIMIT 1  [["id", 1126]]
  [1m[36mCACHE (0.0ms)[0m  [1mSELECT "places".* FROM "places" WHERE "places"."id" = 271 LIMIT 1[0m
  [1m[35mCACHE (0.0ms)[0m  select * from routes where startplace_id = 271
  [1m[36mCACHE (0.0ms)[0m  [1mselect * from routes where endplace_id = 271[0m
  [1m[35mCACHE (0.0ms)[0m  SELECT "places".* FROM "places" WHERE "places"."id" = $1 LIMIT 1  [["id", 271]]
  [1m[36mCACHE (0.0ms)[0m  [1mSELECT "places".* FROM "places" WHERE "places"."id" = $1 LIMIT 1[0m  [["id", 1135]]
  [1m[35mCACHE (0.0ms)[0m  SELECT "places".* FROM "places" WHERE "places"."id" = 1116 LIMIT 1
  [1m[36mCACHE (0.0ms)[0m  [1mselect * from routes where startplace_id = 1116[0m
  [1m[35mCACHE (0.0ms)[0m  select * from routes where endplace_id = 1116
  [1m[36mCACHE (0.0ms)[0m  [1mSELECT "places".* FROM "places" WHERE "places"."id" = $1 LIMIT 1[0m  [["id", 1116]]
  [1m[35mCACHE (0.0ms)[0m  SELECT "places".* FROM "places" WHERE "places"."id" = $1 LIMIT 1  [["id", 827]]
  [1m[36mCACHE (0.0ms)[0m  [1mSELECT "places".* FROM "places" WHERE "places"."id" = $1 LIMIT 1[0m  [["id", 528]]
  [1m[35mCACHE (0.0ms)[0m  SELECT "places".* FROM "places" WHERE "places"."id" = $1 LIMIT 1  [["id", 58]]
  [1m[36mCACHE (0.0ms)[0m  [1mSELECT "places".* FROM "places" WHERE "places"."id" = 1129 LIMIT 1[0m
  [1m[35mCACHE (0.0ms)[0m  select * from routes where startplace_id = 1129
  [1m[36mCACHE (0.0ms)[0m  [1mselect * from routes where endplace_id = 1129[0m
  [1m[35mCACHE (0.0ms)[0m  SELECT "places".* FROM "places" WHERE "places"."id" = $1 LIMIT 1  [["id", 1129]]
  [1m[36mCACHE (0.0ms)[0m  [1mSELECT "places".* FROM "places" WHERE "places"."id" = $1 LIMIT 1[0m  [["id", 207]]
  [1m[35mCACHE (0.0ms)[0m  SELECT "places".* FROM "places" WHERE "places"."id" = $1 LIMIT 1  [["id", 1124]]
  [1m[36mCACHE (0.0ms)[0m  [1mSELECT "places".* FROM "places" WHERE "places"."id" = $1 LIMIT 1[0m  [["id", 975]]
  [1m[35mCACHE (0.0ms)[0m  SELECT "places".* FROM "places" WHERE "places"."id" = 1133 LIMIT 1
  [1m[36mCACHE (0.0ms)[0m  [1mselect * from routes where startplace_id = 1133[0m
  [1m[35mCACHE (0.0ms)[0m  select * from routes where endplace_id = 1133
  [1m[36mCACHE (0.0ms)[0m  [1mSELECT "places".* FROM "places" WHERE "places"."id" = $1 LIMIT 1[0m  [["id", 1133]]
  [1m[35mCACHE (0.0ms)[0m  SELECT "places".* FROM "places" WHERE "places"."id" = $1 LIMIT 1  [["id", 1131]]
  [1m[36mCACHE (0.0ms)[0m  [1mSELECT "places".* FROM "places" WHERE "places"."id" = $1 LIMIT 1[0m  [["id", 207]]
  [1m[35mCACHE (0.0ms)[0m  SELECT "places".* FROM "places" WHERE "places"."id" = 1134 LIMIT 1
  [1m[36mCACHE (0.0ms)[0m  [1mselect * from routes where startplace_id = 1134[0m
  [1m[35mCACHE (0.0ms)[0m  select * from routes where endplace_id = 1134
  [1m[36mCACHE (0.0ms)[0m  [1mSELECT "places".* FROM "places" WHERE "places"."id" = $1 LIMIT 1[0m  [["id", 1134]]
  [1m[35mCACHE (0.0ms)[0m  SELECT "places".* FROM "places" WHERE "places"."id" = $1 LIMIT 1  [["id", 1118]]
  [1m[36mCACHE (0.0ms)[0m  [1mSELECT "places".* FROM "places" WHERE "places"."id" = $1 LIMIT 1[0m  [["id", 1135]]
  [1m[35mCACHE (0.0ms)[0m  SELECT "places".* FROM "places" WHERE "places"."id" = 1117 LIMIT 1
  [1m[36mCACHE (0.0ms)[0m  [1mselect * from routes where startplace_id = 1117[0m
  [1m[35mCACHE (0.0ms)[0m  select * from routes where endplace_id = 1117
  [1m[36mCACHE (0.0ms)[0m  [1mSELECT "places".* FROM "places" WHERE "places"."id" = $1 LIMIT 1[0m  [["id", 1117]]
  [1m[35mCACHE (0.0ms)[0m  SELECT "places".* FROM "places" WHERE "places"."id" = $1 LIMIT 1  [["id", 58]]
  [1m[36mCACHE (0.0ms)[0m  [1mSELECT "places".* FROM "places" WHERE "places"."id" = $1 LIMIT 1[0m  [["id", 1118]]
  [1m[35mCACHE (0.0ms)[0m  SELECT "places".* FROM "places" WHERE "places"."id" = $1 LIMIT 1  [["id", 258]]
  [1m[36mCACHE (0.0ms)[0m  [1mSELECT "places".* FROM "places" WHERE "places"."id" = 1122 LIMIT 1[0m
  [1m[35mCACHE (0.0ms)[0m  select * from routes where startplace_id = 1122
  [1m[36mCACHE (0.0ms)[0m  [1mselect * from routes where endplace_id = 1122[0m
  [1m[35mCACHE (0.0ms)[0m  SELECT "places".* FROM "places" WHERE "places"."id" = $1 LIMIT 1  [["id", 1122]]
  [1m[36mCACHE (0.0ms)[0m  [1mSELECT "places".* FROM "places" WHERE "places"."id" = $1 LIMIT 1[0m  [["id", 975]]
  [1m[35mCACHE (0.0ms)[0m  SELECT "places".* FROM "places" WHERE "places"."id" = $1 LIMIT 1  [["id", 1121]]
  [1m[36mCACHE (0.0ms)[0m  [1mSELECT "places".* FROM "places" WHERE "places"."id" = 471 LIMIT 1[0m
  [1m[35mCACHE (0.0ms)[0m  select * from routes where startplace_id = 471
  [1m[36mCACHE (0.0ms)[0m  [1mselect * from routes where endplace_id = 471[0m
  [1m[35mCACHE (0.0ms)[0m  SELECT "places".* FROM "places" WHERE "places"."id" = $1 LIMIT 1  [["id", 471]]
  [1m[36mCACHE (0.0ms)[0m  [1mSELECT "places".* FROM "places" WHERE "places"."id" = $1 LIMIT 1[0m  [["id", 1119]]
  [1m[35mCACHE (0.0ms)[0m  SELECT "places".* FROM "places" WHERE "places"."id" = 1120 LIMIT 1
  [1m[36mCACHE (0.0ms)[0m  [1mselect * from routes where startplace_id = 1120[0m
  [1m[35mCACHE (0.0ms)[0m  select * from routes where endplace_id = 1120
  [1m[36mCACHE (0.0ms)[0m  [1mSELECT "places".* FROM "places" WHERE "places"."id" = $1 LIMIT 1[0m  [["id", 1120]]
  [1m[35mCACHE (0.0ms)[0m  SELECT "places".* FROM "places" WHERE "places"."id" = $1 LIMIT 1  [["id", 1118]]
  [1m[36mCACHE (0.0ms)[0m  [1mSELECT "places".* FROM "places" WHERE "places"."id" = $1 LIMIT 1[0m  [["id", 1119]]
  [1m[35mCACHE (0.0ms)[0m  SELECT "places".* FROM "places" WHERE "places"."id" = 650 LIMIT 1
  [1m[36mCACHE (0.0ms)[0m  [1mselect * from routes where startplace_id = 650[0m
  [1m[35mCACHE (0.0ms)[0m  select * from routes where endplace_id = 650
  [1m[36mCACHE (0.0ms)[0m  [1mSELECT "places".* FROM "places" WHERE "places"."id" = $1 LIMIT 1[0m  [["id", 650]]
  [1m[35mCACHE (0.0ms)[0m  SELECT "places".* FROM "places" WHERE "places"."id" = $1 LIMIT 1  [["id", 45]]
  [1m[36mCACHE (0.0ms)[0m  [1mSELECT "places".* FROM "places" WHERE "places"."id" = $1 LIMIT 1[0m  [["id", 207]]
  [1m[35mCACHE (0.0ms)[0m  SELECT "places".* FROM "places" WHERE "places"."id" = 471 LIMIT 1
  [1m[36mCACHE (0.0ms)[0m  [1mselect * from routes where startplace_id = 471[0m
  [1m[35mCACHE (0.0ms)[0m  select * from routes where endplace_id = 471
  [1m[36mCACHE (0.0ms)[0m  [1mSELECT "places".* FROM "places" WHERE "places"."id" = $1 LIMIT 1[0m  [["id", 471]]
  [1m[35mCACHE (0.0ms)[0m  SELECT "places".* FROM "places" WHERE "places"."id" = $1 LIMIT 1  [["id", 1119]]
  [1m[36mCACHE (0.0ms)[0m  [1mSELECT "places".* FROM "places" WHERE "places"."id" = 1120 LIMIT 1[0m
  [1m[35mCACHE (0.0ms)[0m  select * from routes where startplace_id = 1120
  [1m[36mCACHE (0.0ms)[0m  [1mselect * from routes where endplace_id = 1120[0m
  [1m[35mCACHE (0.0ms)[0m  SELECT "places".* FROM "places" WHERE "places"."id" = $1 LIMIT 1  [["id", 1120]]
  [1m[36mCACHE (0.0ms)[0m  [1mSELECT "places".* FROM "places" WHERE "places"."id" = $1 LIMIT 1[0m  [["id", 1118]]
  [1m[35mCACHE (0.0ms)[0m  SELECT "places".* FROM "places" WHERE "places"."id" = $1 LIMIT 1  [["id", 1119]]
  [1m[36mCACHE (0.0ms)[0m  [1mSELECT "places".* FROM "places" WHERE "places"."id" = 1122 LIMIT 1[0m
  [1m[35mCACHE (0.0ms)[0m  select * from routes where startplace_id = 1122
  [1m[36mCACHE (0.0ms)[0m  [1mselect * from routes where endplace_id = 1122[0m
  [1m[35mCACHE (0.0ms)[0m  SELECT "places".* FROM "places" WHERE "places"."id" = $1 LIMIT 1  [["id", 1122]]
  [1m[36mCACHE (0.0ms)[0m  [1mSELECT "places".* FROM "places" WHERE "places"."id" = $1 LIMIT 1[0m  [["id", 975]]
  [1m[35mCACHE (0.0ms)[0m  SELECT "places".* FROM "places" WHERE "places"."id" = $1 LIMIT 1  [["id", 1121]]
  [1m[36mCACHE (0.0ms)[0m  [1mSELECT "places".* FROM "places" WHERE "places"."id" = 471 LIMIT 1[0m
  [1m[35mCACHE (0.0ms)[0m  select * from routes where startplace_id = 471
  [1m[36mCACHE (0.0ms)[0m  [1mselect * from routes where endplace_id = 471[0m
  [1m[35mCACHE (0.0ms)[0m  SELECT "places".* FROM "places" WHERE "places"."id" = $1 LIMIT 1  [["id", 471]]
  [1m[36mCACHE (0.0ms)[0m  [1mSELECT "places".* FROM "places" WHERE "places"."id" = $1 LIMIT 1[0m  [["id", 1119]]
  [1m[35mCACHE (0.0ms)[0m  SELECT "places".* FROM "places" WHERE "places"."id" = 1120 LIMIT 1
  [1m[36mCACHE (0.0ms)[0m  [1mselect * from routes where startplace_id = 1120[0m
  [1m[35mCACHE (0.0ms)[0m  select * from routes where endplace_id = 1120
  [1m[36mCACHE (0.0ms)[0m  [1mSELECT "places".* FROM "places" WHERE "places"."id" = $1 LIMIT 1[0m  [["id", 1120]]
  [1m[35mCACHE (0.0ms)[0m  SELECT "places".* FROM "places" WHERE "places"."id" = $1 LIMIT 1  [["id", 1118]]
  [1m[36mCACHE (0.0ms)[0m  [1mSELECT "places".* FROM "places" WHERE "places"."id" = $1 LIMIT 1[0m  [["id", 1119]]
  [1m[35mCACHE (0.0ms)[0m  SELECT "places".* FROM "places" WHERE "places"."id" = 528 LIMIT 1
  [1m[36mCACHE (0.0ms)[0m  [1mselect * from routes where startplace_id = 528[0m
  [1m[35mCACHE (0.0ms)[0m  select * from routes where endplace_id = 528
  [1m[36mCACHE (0.0ms)[0m  [1mSELECT "places".* FROM "places" WHERE "places"."id" = $1 LIMIT 1[0m  [["id", 528]]
  [1m[35mCACHE (0.0ms)[0m  SELECT "places".* FROM "places" WHERE "places"."id" = $1 LIMIT 1  [["id", 1116]]
  [1m[36mCACHE (0.0ms)[0m  [1mSELECT "places".* FROM "places" WHERE "places"."id" = 827 LIMIT 1[0m
  [1m[35mCACHE (0.0ms)[0m  select * from routes where startplace_id = 827
  [1m[36mCACHE (0.0ms)[0m  [1mselect * from routes where endplace_id = 827[0m
  [1m[35mCACHE (0.0ms)[0m  SELECT "places".* FROM "places" WHERE "places"."id" = $1 LIMIT 1  [["id", 827]]
  [1m[36mCACHE (0.0ms)[0m  [1mSELECT "places".* FROM "places" WHERE "places"."id" = $1 LIMIT 1[0m  [["id", 397]]
  [1m[35mCACHE (0.0ms)[0m  SELECT "places".* FROM "places" WHERE "places"."id" = $1 LIMIT 1  [["id", 1116]]
  [1m[36mCACHE (0.0ms)[0m  [1mSELECT "places".* FROM "places" WHERE "places"."id" = 1135 LIMIT 1[0m
  [1m[35mCACHE (0.0ms)[0m  select * from routes where startplace_id = 1135
  [1m[36mCACHE (0.0ms)[0m  [1mselect * from routes where endplace_id = 1135[0m
  [1m[35mCACHE (0.0ms)[0m  SELECT "places".* FROM "places" WHERE "places"."id" = $1 LIMIT 1  [["id", 1135]]
  [1m[36mCACHE (0.0ms)[0m  [1mSELECT "places".* FROM "places" WHERE "places"."id" = $1 LIMIT 1[0m  [["id", 1134]]
  [1m[35mCACHE (0.0ms)[0m  SELECT "places".* FROM "places" WHERE "places"."id" = $1 LIMIT 1  [["id", 271]]
  [1m[36mCACHE (0.0ms)[0m  [1mSELECT "places".* FROM "places" WHERE "places"."id" = 258 LIMIT 1[0m
  [1m[35mCACHE (0.0ms)[0m  select * from routes where startplace_id = 258
  [1m[36mCACHE (0.0ms)[0m  [1mselect * from routes where endplace_id = 258[0m
  [1m[35mCACHE (0.0ms)[0m  SELECT "places".* FROM "places" WHERE "places"."id" = $1 LIMIT 1  [["id", 258]]
  [1m[36mCACHE (0.0ms)[0m  [1mSELECT "places".* FROM "places" WHERE "places"."id" = $1 LIMIT 1[0m  [["id", 1117]]
  [1m[35mCACHE (0.0ms)[0m  SELECT "places".* FROM "places" WHERE "places"."id" = 58 LIMIT 1
  [1m[36mCACHE (0.0ms)[0m  [1mselect * from routes where startplace_id = 58[0m
  [1m[35mCACHE (0.0ms)[0m  select * from routes where endplace_id = 58
  [1m[36mCACHE (0.0ms)[0m  [1mSELECT "places".* FROM "places" WHERE "places"."id" = $1 LIMIT 1[0m  [["id", 58]]
  [1m[35mCACHE (0.0ms)[0m  SELECT "places".* FROM "places" WHERE "places"."id" = $1 LIMIT 1  [["id", 1116]]
  [1m[36mCACHE (0.0ms)[0m  [1mSELECT "places".* FROM "places" WHERE "places"."id" = $1 LIMIT 1[0m  [["id", 1117]]
  [1m[35mCACHE (0.0ms)[0m  SELECT "places".* FROM "places" WHERE "places"."id" = 528 LIMIT 1
  [1m[36mCACHE (0.0ms)[0m  [1mselect * from routes where startplace_id = 528[0m
  [1m[35mCACHE (0.0ms)[0m  select * from routes where endplace_id = 528
  [1m[36mCACHE (0.0ms)[0m  [1mSELECT "places".* FROM "places" WHERE "places"."id" = $1 LIMIT 1[0m  [["id", 528]]
  [1m[35mCACHE (0.0ms)[0m  SELECT "places".* FROM "places" WHERE "places"."id" = $1 LIMIT 1  [["id", 1116]]
  [1m[36mCACHE (0.0ms)[0m  [1mSELECT "places".* FROM "places" WHERE "places"."id" = 827 LIMIT 1[0m
  [1m[35mCACHE (0.0ms)[0m  select * from routes where startplace_id = 827
  [1m[36mCACHE (0.0ms)[0m  [1mselect * from routes where endplace_id = 827[0m
  [1m[35mCACHE (0.0ms)[0m  SELECT "places".* FROM "places" WHERE "places"."id" = $1 LIMIT 1  [["id", 827]]
  [1m[36mCACHE (0.0ms)[0m  [1mSELECT "places".* FROM "places" WHERE "places"."id" = $1 LIMIT 1[0m  [["id", 397]]
  [1m[35mCACHE (0.0ms)[0m  SELECT "places".* FROM "places" WHERE "places"."id" = $1 LIMIT 1  [["id", 1116]]
  [1m[36mCACHE (0.0ms)[0m  [1mSELECT "places".* FROM "places" WHERE "places"."id" = 1126 LIMIT 1[0m
  [1m[35mCACHE (0.0ms)[0m  select * from routes where startplace_id = 1126
  [1m[36mCACHE (0.0ms)[0m  [1mselect * from routes where endplace_id = 1126[0m
  [1m[35mCACHE (0.0ms)[0m  SELECT "places".* FROM "places" WHERE "places"."id" = $1 LIMIT 1  [["id", 1126]]
  [1m[36mCACHE (0.0ms)[0m  [1mSELECT "places".* FROM "places" WHERE "places"."id" = $1 LIMIT 1[0m  [["id", 1130]]
  [1m[35mCACHE (0.0ms)[0m  SELECT "places".* FROM "places" WHERE "places"."id" = $1 LIMIT 1  [["id", 1126]]
  [1m[36mCACHE (0.0ms)[0m  [1mSELECT "places".* FROM "places" WHERE "places"."id" = $1 LIMIT 1[0m  [["id", 769]]
  [1m[35mCACHE (0.0ms)[0m  SELECT "places".* FROM "places" WHERE "places"."id" = $1 LIMIT 1  [["id", 1127]]
  [1m[36mCACHE (0.0ms)[0m  [1mSELECT "places".* FROM "places" WHERE "places"."id" = 528 LIMIT 1[0m
  [1m[35mCACHE (0.0ms)[0m  select * from routes where startplace_id = 528
  [1m[36mCACHE (0.0ms)[0m  [1mselect * from routes where endplace_id = 528[0m
  [1m[35mCACHE (0.0ms)[0m  SELECT "places".* FROM "places" WHERE "places"."id" = $1 LIMIT 1  [["id", 528]]
  [1m[36mCACHE (0.0ms)[0m  [1mSELECT "places".* FROM "places" WHERE "places"."id" = $1 LIMIT 1[0m  [["id", 1116]]
  [1m[35mCACHE (0.0ms)[0m  SELECT "places".* FROM "places" WHERE "places"."id" = 827 LIMIT 1
  [1m[36mCACHE (0.0ms)[0m  [1mselect * from routes where startplace_id = 827[0m
  [1m[35mCACHE (0.0ms)[0m  select * from routes where endplace_id = 827
  [1m[36mCACHE (0.0ms)[0m  [1mSELECT "places".* FROM "places" WHERE "places"."id" = $1 LIMIT 1[0m  [["id", 827]]
  [1m[35mCACHE (0.0ms)[0m  SELECT "places".* FROM "places" WHERE "places"."id" = $1 LIMIT 1  [["id", 397]]
  [1m[36mCACHE (0.0ms)[0m  [1mSELECT "places".* FROM "places" WHERE "places"."id" = $1 LIMIT 1[0m  [["id", 1116]]
  [1m[35mRoute Load (0.7ms)[0m  SELECT "routes".* FROM "routes" WHERE "routes"."id" = 22 LIMIT 1
  [1m[36mCACHE (0.0ms)[0m  [1mSELECT "places".* FROM "places" WHERE "places"."id" = $1 LIMIT 1[0m  [["id", 471]]
  [1m[35mCACHE (0.0ms)[0m  SELECT "places".* FROM "places" WHERE "places"."id" = $1 LIMIT 1  [["id", 1119]]
  [1m[36mCACHE (0.0ms)[0m  [1mSELECT "routes".* FROM "routes" WHERE "routes"."id" = 22 LIMIT 1[0m
  [1m[35mCACHE (0.0ms)[0m  SELECT "places".* FROM "places" WHERE "places"."id" = $1 LIMIT 1  [["id", 471]]
  [1m[36mCACHE (0.0ms)[0m  [1mSELECT "places".* FROM "places" WHERE "places"."id" = $1 LIMIT 1[0m  [["id", 1119]]
  [1m[35mCACHE (0.0ms)[0m  SELECT "routes".* FROM "routes" WHERE "routes"."id" = 22 LIMIT 1
  [1m[36mCACHE (0.0ms)[0m  [1mSELECT "places".* FROM "places" WHERE "places"."id" = $1 LIMIT 1[0m  [["id", 471]]
  [1m[35mCACHE (0.0ms)[0m  SELECT "places".* FROM "places" WHERE "places"."id" = $1 LIMIT 1  [["id", 1119]]
  [1m[36mCACHE (0.0ms)[0m  [1mSELECT "routes".* FROM "routes" WHERE "routes"."id" = 22 LIMIT 1[0m
  [1m[35mCACHE (0.0ms)[0m  SELECT "places".* FROM "places" WHERE "places"."id" = $1 LIMIT 1  [["id", 471]]
  [1m[36mCACHE (0.0ms)[0m  [1mSELECT "places".* FROM "places" WHERE "places"."id" = $1 LIMIT 1[0m  [["id", 1119]]
  [1m[35mCACHE (0.0ms)[0m  SELECT "routes".* FROM "routes" WHERE "routes"."id" = 22 LIMIT 1
  [1m[36mCACHE (0.0ms)[0m  [1mSELECT "places".* FROM "places" WHERE "places"."id" = $1 LIMIT 1[0m  [["id", 471]]
  [1m[35mCACHE (0.0ms)[0m  SELECT "places".* FROM "places" WHERE "places"."id" = $1 LIMIT 1  [["id", 1119]]
  [1m[36mCACHE (0.0ms)[0m  [1mSELECT "routes".* FROM "routes" WHERE "routes"."id" = 22 LIMIT 1[0m
  [1m[35mCACHE (0.0ms)[0m  SELECT "places".* FROM "places" WHERE "places"."id" = $1 LIMIT 1  [["id", 471]]
  [1m[36mCACHE (0.0ms)[0m  [1mSELECT "places".* FROM "places" WHERE "places"."id" = $1 LIMIT 1[0m  [["id", 1119]]
  [1m[35mCACHE (0.0ms)[0m  SELECT "routes".* FROM "routes" WHERE "routes"."id" = 22 LIMIT 1
  [1m[36mCACHE (0.0ms)[0m  [1mSELECT "places".* FROM "places" WHERE "places"."id" = $1 LIMIT 1[0m  [["id", 471]]
  [1m[35mCACHE (0.0ms)[0m  SELECT "places".* FROM "places" WHERE "places"."id" = $1 LIMIT 1  [["id", 1119]]
  [1m[36mCACHE (0.0ms)[0m  [1mSELECT "routes".* FROM "routes" WHERE "routes"."id" = 22 LIMIT 1[0m
  [1m[35mCACHE (0.0ms)[0m  SELECT "places".* FROM "places" WHERE "places"."id" = $1 LIMIT 1  [["id", 471]]
  [1m[36mCACHE (0.0ms)[0m  [1mSELECT "places".* FROM "places" WHERE "places"."id" = $1 LIMIT 1[0m  [["id", 1119]]
  [1m[35mCACHE (0.0ms)[0m  SELECT "routes".* FROM "routes" WHERE "routes"."id" = 22 LIMIT 1
  [1m[36mCACHE (0.0ms)[0m  [1mSELECT "places".* FROM "places" WHERE "places"."id" = $1 LIMIT 1[0m  [["id", 471]]
  [1m[35mCACHE (0.0ms)[0m  SELECT "places".* FROM "places" WHERE "places"."id" = $1 LIMIT 1  [["id", 1119]]
  [1m[36mCACHE (0.0ms)[0m  [1mSELECT "routes".* FROM "routes" WHERE "routes"."id" = 22 LIMIT 1[0m
  [1m[35mCACHE (0.0ms)[0m  SELECT "places".* FROM "places" WHERE "places"."id" = $1 LIMIT 1  [["id", 471]]
  [1m[36mCACHE (0.0ms)[0m  [1mSELECT "places".* FROM "places" WHERE "places"."id" = $1 LIMIT 1[0m  [["id", 1119]]
  [1m[35mCACHE (0.0ms)[0m  SELECT "routes".* FROM "routes" WHERE "routes"."id" = 22 LIMIT 1
  [1m[36mCACHE (0.0ms)[0m  [1mSELECT "places".* FROM "places" WHERE "places"."id" = $1 LIMIT 1[0m  [["id", 471]]
  [1m[35mCACHE (0.0ms)[0m  SELECT "places".* FROM "places" WHERE "places"."id" = $1 LIMIT 1  [["id", 1119]]
  [1m[36mCACHE (0.0ms)[0m  [1mSELECT "routes".* FROM "routes" WHERE "routes"."id" = 22 LIMIT 1[0m
  [1m[35mCACHE (0.0ms)[0m  SELECT "places".* FROM "places" WHERE "places"."id" = $1 LIMIT 1  [["id", 471]]
  [1m[36mCACHE (0.0ms)[0m  [1mSELECT "places".* FROM "places" WHERE "places"."id" = $1 LIMIT 1[0m  [["id", 1119]]
  [1m[35mCACHE (0.0ms)[0m  SELECT "routes".* FROM "routes" WHERE "routes"."id" = 22 LIMIT 1
  [1m[36mCACHE (0.0ms)[0m  [1mSELECT "places".* FROM "places" WHERE "places"."id" = $1 LIMIT 1[0m  [["id", 471]]
  [1m[35mCACHE (0.0ms)[0m  SELECT "places".* FROM "places" WHERE "places"."id" = $1 LIMIT 1  [["id", 1119]]
  [1m[36mCACHE (0.0ms)[0m  [1mSELECT "routes".* FROM "routes" WHERE "routes"."id" = 22 LIMIT 1[0m
  [1m[35mCACHE (0.0ms)[0m  SELECT "places".* FROM "places" WHERE "places"."id" = $1 LIMIT 1  [["id", 471]]
  [1m[36mCACHE (0.0ms)[0m  [1mSELECT "places".* FROM "places" WHERE "places"."id" = $1 LIMIT 1[0m  [["id", 1119]]
  [1m[35mCACHE (0.0ms)[0m  SELECT "routes".* FROM "routes" WHERE "routes"."id" = 22 LIMIT 1
  [1m[36mCACHE (0.0ms)[0m  [1mSELECT "places".* FROM "places" WHERE "places"."id" = $1 LIMIT 1[0m  [["id", 471]]
  [1m[35mCACHE (0.0ms)[0m  SELECT "places".* FROM "places" WHERE "places"."id" = $1 LIMIT 1  [["id", 1119]]
  [1m[36mCACHE (0.0ms)[0m  [1mSELECT "routes".* FROM "routes" WHERE "routes"."id" = 22 LIMIT 1[0m
  [1m[35mCACHE (0.0ms)[0m  SELECT "places".* FROM "places" WHERE "places"."id" = $1 LIMIT 1  [["id", 471]]
  [1m[36mCACHE (0.0ms)[0m  [1mSELECT "places".* FROM "places" WHERE "places"."id" = $1 LIMIT 1[0m  [["id", 1119]]
  [1m[35mCACHE (0.0ms)[0m  SELECT "routes".* FROM "routes" WHERE "routes"."id" = 22 LIMIT 1
  [1m[36mCACHE (0.0ms)[0m  [1mSELECT "places".* FROM "places" WHERE "places"."id" = $1 LIMIT 1[0m  [["id", 471]]
  [1m[35mCACHE (0.0ms)[0m  SELECT "places".* FROM "places" WHERE "places"."id" = $1 LIMIT 1  [["id", 1119]]
  [1m[36mCACHE (0.0ms)[0m  [1mSELECT "routes".* FROM "routes" WHERE "routes"."id" = 22 LIMIT 1[0m
  [1m[35mCACHE (0.0ms)[0m  SELECT "places".* FROM "places" WHERE "places"."id" = $1 LIMIT 1  [["id", 471]]
  [1m[36mCACHE (0.0ms)[0m  [1mSELECT "places".* FROM "places" WHERE "places"."id" = $1 LIMIT 1[0m  [["id", 1119]]
  [1m[35mCACHE (0.0ms)[0m  SELECT "routes".* FROM "routes" WHERE "routes"."id" = 22 LIMIT 1
  [1m[36mCACHE (0.0ms)[0m  [1mSELECT "places".* FROM "places" WHERE "places"."id" = $1 LIMIT 1[0m  [["id", 471]]
  [1m[35mCACHE (0.0ms)[0m  SELECT "places".* FROM "places" WHERE "places"."id" = $1 LIMIT 1  [["id", 1119]]
  [1m[36mCACHE (0.0ms)[0m  [1mSELECT "routes".* FROM "routes" WHERE "routes"."id" = 22 LIMIT 1[0m
  [1m[35mCACHE (0.0ms)[0m  SELECT "places".* FROM "places" WHERE "places"."id" = $1 LIMIT 1  [["id", 471]]
  [1m[36mCACHE (0.0ms)[0m  [1mSELECT "places".* FROM "places" WHERE "places"."id" = $1 LIMIT 1[0m  [["id", 1119]]
  [1m[35mCACHE (0.0ms)[0m  SELECT "routes".* FROM "routes" WHERE "routes"."id" = 22 LIMIT 1
  [1m[36mCACHE (0.0ms)[0m  [1mSELECT "places".* FROM "places" WHERE "places"."id" = $1 LIMIT 1[0m  [["id", 471]]
  [1m[35mCACHE (0.0ms)[0m  SELECT "places".* FROM "places" WHERE "places"."id" = $1 LIMIT 1  [["id", 1119]]
  [1m[36mCACHE (0.0ms)[0m  [1mSELECT "routes".* FROM "routes" WHERE "routes"."id" = 22 LIMIT 1[0m
  [1m[35mCACHE (0.0ms)[0m  SELECT "places".* FROM "places" WHERE "places"."id" = $1 LIMIT 1  [["id", 471]]
  [1m[36mCACHE (0.0ms)[0m  [1mSELECT "places".* FROM "places" WHERE "places"."id" = $1 LIMIT 1[0m  [["id", 1119]]
  [1m[35mCACHE (0.0ms)[0m  SELECT "routes".* FROM "routes" WHERE "routes"."id" = 22 LIMIT 1
  [1m[36mCACHE (0.0ms)[0m  [1mSELECT "places".* FROM "places" WHERE "places"."id" = $1 LIMIT 1[0m  [["id", 471]]
  [1m[35mCACHE (0.0ms)[0m  SELECT "places".* FROM "places" WHERE "places"."id" = $1 LIMIT 1  [["id", 1119]]
  [1m[36mCACHE (0.0ms)[0m  [1mSELECT "routes".* FROM "routes" WHERE "routes"."id" = 22 LIMIT 1[0m
  [1m[35mCACHE (0.0ms)[0m  SELECT "places".* FROM "places" WHERE "places"."id" = $1 LIMIT 1  [["id", 471]]
  [1m[36mCACHE (0.0ms)[0m  [1mSELECT "places".* FROM "places" WHERE "places"."id" = $1 LIMIT 1[0m  [["id", 1119]]
  [1m[35mCACHE (0.0ms)[0m  SELECT "routes".* FROM "routes" WHERE "routes"."id" = 22 LIMIT 1
  [1m[36mCACHE (0.0ms)[0m  [1mSELECT "places".* FROM "places" WHERE "places"."id" = $1 LIMIT 1[0m  [["id", 471]]
  [1m[35mCACHE (0.0ms)[0m  SELECT "places".* FROM "places" WHERE "places"."id" = $1 LIMIT 1  [["id", 1119]]
  [1m[36mCACHE (0.0ms)[0m  [1mSELECT "routes".* FROM "routes" WHERE "routes"."id" = 22 LIMIT 1[0m
  [1m[35mCACHE (0.0ms)[0m  SELECT "places".* FROM "places" WHERE "places"."id" = $1 LIMIT 1  [["id", 471]]
  [1m[36mCACHE (0.0ms)[0m  [1mSELECT "places".* FROM "places" WHERE "places"."id" = $1 LIMIT 1[0m  [["id", 1119]]
  [1m[35mCACHE (0.0ms)[0m  SELECT "routes".* FROM "routes" WHERE "routes"."id" = 22 LIMIT 1
  [1m[36mCACHE (0.0ms)[0m  [1mSELECT "places".* FROM "places" WHERE "places"."id" = $1 LIMIT 1[0m  [["id", 471]]
  [1m[35mCACHE (0.0ms)[0m  SELECT "places".* FROM "places" WHERE "places"."id" = $1 LIMIT 1  [["id", 1119]]
  [1m[36mCACHE (0.0ms)[0m  [1mSELECT "routes".* FROM "routes" WHERE "routes"."id" = 22 LIMIT 1[0m
  [1m[35mCACHE (0.0ms)[0m  SELECT "places".* FROM "places" WHERE "places"."id" = $1 LIMIT 1  [["id", 471]]
  [1m[36mCACHE (0.0ms)[0m  [1mSELECT "places".* FROM "places" WHERE "places"."id" = $1 LIMIT 1[0m  [["id", 1119]]
  [1m[35mCACHE (0.0ms)[0m  SELECT "routes".* FROM "routes" WHERE "routes"."id" = 22 LIMIT 1
  [1m[36mCACHE (0.0ms)[0m  [1mSELECT "places".* FROM "places" WHERE "places"."id" = $1 LIMIT 1[0m  [["id", 471]]
  [1m[35mCACHE (0.0ms)[0m  SELECT "places".* FROM "places" WHERE "places"."id" = $1 LIMIT 1  [["id", 1119]]
  [1m[36mCACHE (0.0ms)[0m  [1mSELECT "routes".* FROM "routes" WHERE "routes"."id" = 22 LIMIT 1[0m
  [1m[35mCACHE (0.0ms)[0m  SELECT "places".* FROM "places" WHERE "places"."id" = $1 LIMIT 1  [["id", 471]]
  [1m[36mCACHE (0.0ms)[0m  [1mSELECT "places".* FROM "places" WHERE "places"."id" = $1 LIMIT 1[0m  [["id", 1119]]
  [1m[35mCACHE (0.0ms)[0m  SELECT "routes".* FROM "routes" WHERE "routes"."id" = 22 LIMIT 1
  [1m[36mCACHE (0.0ms)[0m  [1mSELECT "places".* FROM "places" WHERE "places"."id" = $1 LIMIT 1[0m  [["id", 471]]
  [1m[35mCACHE (0.0ms)[0m  SELECT "places".* FROM "places" WHERE "places"."id" = $1 LIMIT 1  [["id", 1119]]
  [1m[36mCACHE (0.0ms)[0m  [1mSELECT "routes".* FROM "routes" WHERE "routes"."id" = 22 LIMIT 1[0m
  [1m[35mCACHE (0.0ms)[0m  SELECT "places".* FROM "places" WHERE "places"."id" = $1 LIMIT 1  [["id", 471]]
  [1m[36mCACHE (0.0ms)[0m  [1mSELECT "places".* FROM "places" WHERE "places"."id" = $1 LIMIT 1[0m  [["id", 1119]]
  [1m[35mCACHE (0.0ms)[0m  SELECT "routes".* FROM "routes" WHERE "routes"."id" = 22 LIMIT 1
  [1m[36mCACHE (0.0ms)[0m  [1mSELECT "places".* FROM "places" WHERE "places"."id" = $1 LIMIT 1[0m  [["id", 471]]
  [1m[35mCACHE (0.0ms)[0m  SELECT "places".* FROM "places" WHERE "places"."id" = $1 LIMIT 1  [["id", 1119]]
  [1m[36mCACHE (0.0ms)[0m  [1mSELECT "routes".* FROM "routes" WHERE "routes"."id" = 22 LIMIT 1[0m
  [1m[35mCACHE (0.0ms)[0m  SELECT "places".* FROM "places" WHERE "places"."id" = $1 LIMIT 1  [["id", 471]]
  [1m[36mCACHE (0.0ms)[0m  [1mSELECT "places".* FROM "places" WHERE "places"."id" = $1 LIMIT 1[0m  [["id", 1119]]
  [1m[35mCACHE (0.0ms)[0m  SELECT "routes".* FROM "routes" WHERE "routes"."id" = 22 LIMIT 1
  [1m[36mCACHE (0.0ms)[0m  [1mSELECT "places".* FROM "places" WHERE "places"."id" = $1 LIMIT 1[0m  [["id", 471]]
  [1m[35mCACHE (0.0ms)[0m  SELECT "places".* FROM "places" WHERE "places"."id" = $1 LIMIT 1  [["id", 1119]]
  [1m[36mCACHE (0.0ms)[0m  [1mSELECT "routes".* FROM "routes" WHERE "routes"."id" = 22 LIMIT 1[0m
  [1m[35mCACHE (0.0ms)[0m  SELECT "places".* FROM "places" WHERE "places"."id" = $1 LIMIT 1  [["id", 471]]
  [1m[36mCACHE (0.0ms)[0m  [1mSELECT "places".* FROM "places" WHERE "places"."id" = $1 LIMIT 1[0m  [["id", 1119]]
  [1m[35mCACHE (0.0ms)[0m  SELECT "routes".* FROM "routes" WHERE "routes"."id" = 22 LIMIT 1
  [1m[36mCACHE (0.0ms)[0m  [1mSELECT "places".* FROM "places" WHERE "places"."id" = $1 LIMIT 1[0m  [["id", 471]]
  [1m[35mCACHE (0.0ms)[0m  SELECT "places".* FROM "places" WHERE "places"."id" = $1 LIMIT 1  [["id", 1119]]
  [1m[36mCACHE (0.0ms)[0m  [1mSELECT "routes".* FROM "routes" WHERE "routes"."id" = 22 LIMIT 1[0m
  [1m[35mCACHE (0.0ms)[0m  SELECT "places".* FROM "places" WHERE "places"."id" = $1 LIMIT 1  [["id", 471]]
  [1m[36mCACHE (0.0ms)[0m  [1mSELECT "places".* FROM "places" WHERE "places"."id" = $1 LIMIT 1[0m  [["id", 1119]]
  [1m[35mCACHE (0.0ms)[0m  SELECT "routes".* FROM "routes" WHERE "routes"."id" = 22 LIMIT 1
  [1m[36mCACHE (0.0ms)[0m  [1mSELECT "places".* FROM "places" WHERE "places"."id" = $1 LIMIT 1[0m  [["id", 471]]
  [1m[35mCACHE (0.0ms)[0m  SELECT "places".* FROM "places" WHERE "places"."id" = $1 LIMIT 1  [["id", 1119]]
  [1m[36mCACHE (0.0ms)[0m  [1mSELECT "routes".* FROM "routes" WHERE "routes"."id" = 22 LIMIT 1[0m
  [1m[35mCACHE (0.0ms)[0m  SELECT "places".* FROM "places" WHERE "places"."id" = $1 LIMIT 1  [["id", 471]]
  [1m[36mCACHE (0.0ms)[0m  [1mSELECT "places".* FROM "places" WHERE "places"."id" = $1 LIMIT 1[0m  [["id", 1119]]
  [1m[35mCACHE (0.0ms)[0m  SELECT "routes".* FROM "routes" WHERE "routes"."id" = 22 LIMIT 1
  [1m[36mCACHE (0.0ms)[0m  [1mSELECT "places".* FROM "places" WHERE "places"."id" = $1 LIMIT 1[0m  [["id", 471]]
  [1m[35mCACHE (0.0ms)[0m  SELECT "places".* FROM "places" WHERE "places"."id" = $1 LIMIT 1  [["id", 1119]]
  [1m[36mCACHE (0.0ms)[0m  [1mSELECT "routes".* FROM "routes" WHERE "routes"."id" = 22 LIMIT 1[0m
  [1m[35mCACHE (0.0ms)[0m  SELECT "places".* FROM "places" WHERE "places"."id" = $1 LIMIT 1  [["id", 471]]
  [1m[36mCACHE (0.0ms)[0m  [1mSELECT "places".* FROM "places" WHERE "places"."id" = $1 LIMIT 1[0m  [["id", 1119]]
  [1m[35mCACHE (0.0ms)[0m  SELECT "routes".* FROM "routes" WHERE "routes"."id" = 22 LIMIT 1
  [1m[36mCACHE (0.0ms)[0m  [1mSELECT "places".* FROM "places" WHERE "places"."id" = $1 LIMIT 1[0m  [["id", 471]]
  [1m[35mCACHE (0.0ms)[0m  SELECT "places".* FROM "places" WHERE "places"."id" = $1 LIMIT 1  [["id", 1119]]
  [1m[36mCACHE (0.0ms)[0m  [1mSELECT "routes".* FROM "routes" WHERE "routes"."id" = 22 LIMIT 1[0m
  [1m[35mCACHE (0.0ms)[0m  SELECT "places".* FROM "places" WHERE "places"."id" = $1 LIMIT 1  [["id", 471]]
  [1m[36mCACHE (0.0ms)[0m  [1mSELECT "places".* FROM "places" WHERE "places"."id" = $1 LIMIT 1[0m  [["id", 1119]]
  [1m[35mCACHE (0.0ms)[0m  SELECT "routes".* FROM "routes" WHERE "routes"."id" = 22 LIMIT 1
  [1m[36mCACHE (0.0ms)[0m  [1mSELECT "places".* FROM "places" WHERE "places"."id" = $1 LIMIT 1[0m  [["id", 471]]
  [1m[35mCACHE (0.0ms)[0m  SELECT "places".* FROM "places" WHERE "places"."id" = $1 LIMIT 1  [["id", 1119]]
  [1m[36mCACHE (0.0ms)[0m  [1mSELECT "routes".* FROM "routes" WHERE "routes"."id" = 22 LIMIT 1[0m
  [1m[35mCACHE (0.0ms)[0m  SELECT "places".* FROM "places" WHERE "places"."id" = $1 LIMIT 1  [["id", 471]]
  [1m[36mCACHE (0.0ms)[0m  [1mSELECT "places".* FROM "places" WHERE "places"."id" = $1 LIMIT 1[0m  [["id", 1119]]
  [1m[35mCACHE (0.0ms)[0m  SELECT "routes".* FROM "routes" WHERE "routes"."id" = 22 LIMIT 1
  [1m[36mCACHE (0.0ms)[0m  [1mSELECT "places".* FROM "places" WHERE "places"."id" = $1 LIMIT 1[0m  [["id", 471]]
  [1m[35mCACHE (0.0ms)[0m  SELECT "places".* FROM "places" WHERE "places"."id" = $1 LIMIT 1  [["id", 1119]]
  [1m[36mCACHE (0.0ms)[0m  [1mSELECT "routes".* FROM "routes" WHERE "routes"."id" = 22 LIMIT 1[0m
  [1m[35mCACHE (0.0ms)[0m  SELECT "places".* FROM "places" WHERE "places"."id" = $1 LIMIT 1  [["id", 471]]
  [1m[36mCACHE (0.0ms)[0m  [1mSELECT "places".* FROM "places" WHERE "places"."id" = $1 LIMIT 1[0m  [["id", 1119]]
  [1m[35mCACHE (0.0ms)[0m  SELECT "routes".* FROM "routes" WHERE "routes"."id" = 22 LIMIT 1
  [1m[36mCACHE (0.0ms)[0m  [1mSELECT "places".* FROM "places" WHERE "places"."id" = $1 LIMIT 1[0m  [["id", 471]]
  [1m[35mCACHE (0.0ms)[0m  SELECT "places".* FROM "places" WHERE "places"."id" = $1 LIMIT 1  [["id", 1119]]
  [1m[36mCACHE (0.0ms)[0m  [1mSELECT "routes".* FROM "routes" WHERE "routes"."id" = 22 LIMIT 1[0m
  [1m[35mCACHE (0.0ms)[0m  SELECT "places".* FROM "places" WHERE "places"."id" = $1 LIMIT 1  [["id", 471]]
  [1m[36mCACHE (0.0ms)[0m  [1mSELECT "places".* FROM "places" WHERE "places"."id" = $1 LIMIT 1[0m  [["id", 1119]]
  [1m[35mCACHE (0.0ms)[0m  SELECT "routes".* FROM "routes" WHERE "routes"."id" = 22 LIMIT 1
  [1m[36mCACHE (0.0ms)[0m  [1mSELECT "places".* FROM "places" WHERE "places"."id" = $1 LIMIT 1[0m  [["id", 471]]
  [1m[35mCACHE (0.0ms)[0m  SELECT "places".* FROM "places" WHERE "places"."id" = $1 LIMIT 1  [["id", 1119]]
  [1m[36mCACHE (0.0ms)[0m  [1mSELECT "routes".* FROM "routes" WHERE "routes"."id" = 22 LIMIT 1[0m
  [1m[35mCACHE (0.0ms)[0m  SELECT "places".* FROM "places" WHERE "places"."id" = $1 LIMIT 1  [["id", 471]]
  [1m[36mCACHE (0.0ms)[0m  [1mSELECT "places".* FROM "places" WHERE "places"."id" = $1 LIMIT 1[0m  [["id", 1119]]
  [1m[35mCACHE (0.0ms)[0m  SELECT "routes".* FROM "routes" WHERE "routes"."id" = 22 LIMIT 1
  [1m[36mCACHE (0.0ms)[0m  [1mSELECT "places".* FROM "places" WHERE "places"."id" = $1 LIMIT 1[0m  [["id", 471]]
  [1m[35mCACHE (0.0ms)[0m  SELECT "places".* FROM "places" WHERE "places"."id" = $1 LIMIT 1  [["id", 1119]]
  [1m[36mCACHE (0.0ms)[0m  [1mSELECT "routes".* FROM "routes" WHERE "routes"."id" = 22 LIMIT 1[0m
  [1m[35mCACHE (0.0ms)[0m  SELECT "places".* FROM "places" WHERE "places"."id" = $1 LIMIT 1  [["id", 471]]
  [1m[36mCACHE (0.0ms)[0m  [1mSELECT "places".* FROM "places" WHERE "places"."id" = $1 LIMIT 1[0m  [["id", 1119]]
  [1m[35mCACHE (0.0ms)[0m  SELECT "routes".* FROM "routes" WHERE "routes"."id" = 22 LIMIT 1
  [1m[36mCACHE (0.0ms)[0m  [1mSELECT "places".* FROM "places" WHERE "places"."id" = $1 LIMIT 1[0m  [["id", 471]]
  [1m[35mCACHE (0.0ms)[0m  SELECT "places".* FROM "places" WHERE "places"."id" = $1 LIMIT 1  [["id", 1119]]
  [1m[36mCACHE (0.0ms)[0m  [1mSELECT "routes".* FROM "routes" WHERE "routes"."id" = 22 LIMIT 1[0m
  [1m[35mCACHE (0.0ms)[0m  SELECT "places".* FROM "places" WHERE "places"."id" = $1 LIMIT 1  [["id", 471]]
  [1m[36mCACHE (0.0ms)[0m  [1mSELECT "places".* FROM "places" WHERE "places"."id" = $1 LIMIT 1[0m  [["id", 1119]]
  [1m[35mCACHE (0.0ms)[0m  SELECT "routes".* FROM "routes" WHERE "routes"."id" = 22 LIMIT 1
  [1m[36mCACHE (0.0ms)[0m  [1mSELECT "places".* FROM "places" WHERE "places"."id" = $1 LIMIT 1[0m  [["id", 471]]
  [1m[35mCACHE (0.0ms)[0m  SELECT "places".* FROM "places" WHERE "places"."id" = $1 LIMIT 1  [["id", 1119]]
  [1m[36mCACHE (0.0ms)[0m  [1mSELECT "routes".* FROM "routes" WHERE "routes"."id" = 22 LIMIT 1[0m
  [1m[35mCACHE (0.0ms)[0m  SELECT "places".* FROM "places" WHERE "places"."id" = $1 LIMIT 1  [["id", 471]]
  [1m[36mCACHE (0.0ms)[0m  [1mSELECT "places".* FROM "places" WHERE "places"."id" = $1 LIMIT 1[0m  [["id", 1119]]
  [1m[35mCACHE (0.0ms)[0m  SELECT "routes".* FROM "routes" WHERE "routes"."id" = 22 LIMIT 1
  [1m[36mCACHE (0.0ms)[0m  [1mSELECT "places".* FROM "places" WHERE "places"."id" = $1 LIMIT 1[0m  [["id", 471]]
  [1m[35mCACHE (0.0ms)[0m  SELECT "places".* FROM "places" WHERE "places"."id" = $1 LIMIT 1  [["id", 1119]]
  [1m[36mCACHE (0.0ms)[0m  [1mSELECT "routes".* FROM "routes" WHERE "routes"."id" = 22 LIMIT 1[0m
  [1m[35mCACHE (0.0ms)[0m  SELECT "places".* FROM "places" WHERE "places"."id" = $1 LIMIT 1  [["id", 471]]
  [1m[36mCACHE (0.0ms)[0m  [1mSELECT "places".* FROM "places" WHERE "places"."id" = $1 LIMIT 1[0m  [["id", 1119]]
  [1m[35mCACHE (0.0ms)[0m  SELECT "routes".* FROM "routes" WHERE "routes"."id" = 22 LIMIT 1
  [1m[36mCACHE (0.0ms)[0m  [1mSELECT "places".* FROM "places" WHERE "places"."id" = $1 LIMIT 1[0m  [["id", 471]]
  [1m[35mCACHE (0.0ms)[0m  SELECT "places".* FROM "places" WHERE "places"."id" = $1 LIMIT 1  [["id", 1119]]
  [1m[36mCACHE (0.0ms)[0m  [1mSELECT "routes".* FROM "routes" WHERE "routes"."id" = 22 LIMIT 1[0m
  [1m[35mCACHE (0.0ms)[0m  SELECT "places".* FROM "places" WHERE "places"."id" = $1 LIMIT 1  [["id", 471]]
  [1m[36mCACHE (0.0ms)[0m  [1mSELECT "places".* FROM "places" WHERE "places"."id" = $1 LIMIT 1[0m  [["id", 1119]]
  [1m[35mCACHE (0.0ms)[0m  SELECT "routes".* FROM "routes" WHERE "routes"."id" = 22 LIMIT 1
  [1m[36mCACHE (0.0ms)[0m  [1mSELECT "places".* FROM "places" WHERE "places"."id" = $1 LIMIT 1[0m  [["id", 471]]
  [1m[35mCACHE (0.0ms)[0m  SELECT "places".* FROM "places" WHERE "places"."id" = $1 LIMIT 1  [["id", 1119]]
  [1m[36mCACHE (0.0ms)[0m  [1mSELECT "routes".* FROM "routes" WHERE "routes"."id" = 22 LIMIT 1[0m
  [1m[35mCACHE (0.0ms)[0m  SELECT "places".* FROM "places" WHERE "places"."id" = $1 LIMIT 1  [["id", 471]]
  [1m[36mCACHE (0.0ms)[0m  [1mSELECT "places".* FROM "places" WHERE "places"."id" = $1 LIMIT 1[0m  [["id", 1119]]
  [1m[35mCACHE (0.0ms)[0m  SELECT "routes".* FROM "routes" WHERE "routes"."id" = 22 LIMIT 1
  [1m[36mCACHE (0.0ms)[0m  [1mSELECT "places".* FROM "places" WHERE "places"."id" = $1 LIMIT 1[0m  [["id", 471]]
  [1m[35mCACHE (0.0ms)[0m  SELECT "places".* FROM "places" WHERE "places"."id" = $1 LIMIT 1  [["id", 1119]]
Star
{:place=>471, :route=>[], :url=>""}
{:place=>976, :route=>[219, -22], :url=>"xrv-22xrv219"}
{:place=>45, :route=>[231, 219, -22], :url=>"xrv-22xrv219xrv231"}
{:place=>650, :route=>[233, 231, 219, -22], :url=>"xrv-22xrv219xrv231xrv233"}
{:place=>207, :route=>[234, 233, 231, 219, -22], :url=>"xrv-22xrv219xrv231xrv233xrv234"}
{:place=>258, :route=>[215, -216, -217, -218, -22], :url=>"xrv-22xrv-218xrv-217xrv-216xrv215"}
{:place=>58, :route=>[-214, -216, -217, -218, -22], :url=>"xrv-22xrv-218xrv-217xrv-216xrv-214"}
{:place=>271, :route=>[246, 245, 244, -217, -218, -22], :url=>"xrv-22xrv-218xrv-217xrv244xrv245xrv246"}
{:place=>207, :route=>[-235, -238, -221, -21, -220, 219, -22], :url=>"xrv-22xrv219xrv-220xrv-21xrv-221xrv-238xrv-235"}
{:place=>1125, :route=>[225, -222, -221, -21, -220, 219, -22], :url=>"xrv-22xrv219xrv-220xrv-21xrv-221xrv-222xrv225"}
{:place=>528, :route=>[212, -213, -214, -216, -217, -218, -22], :url=>"xrv-22xrv-218xrv-217xrv-216xrv-214xrv-213xrv212"}
{:place=>827, :route=>[-211, -213, -214, -216, -217, -218, -22], :url=>"xrv-22xrv-218xrv-217xrv-216xrv-214xrv-213xrv-211"}
{:place=>974, :route=>[-224, 237, 235, 234, 233, 231, 219, -22], :url=>"xrv-22xrv219xrv231xrv233xrv234xrv235xrv237xrv-224"}
{:place=>1132, :route=>[-241, -242, -243, 234, 233, 231, 219, -22], :url=>"xrv-22xrv219xrv231xrv233xrv234xrv-243xrv-242xrv-241"}
{:place=>974, :route=>[-224, 237, -238, -221, -21, -220, 219, -22], :url=>"xrv-22xrv219xrv-220xrv-21xrv-221xrv-238xrv237xrv-224"}
{:place=>650, :route=>[-234, -235, -238, -221, -21, -220, 219, -22], :url=>"xrv-22xrv219xrv-220xrv-21xrv-221xrv-238xrv-235xrv-234"}
{:place=>769, :route=>[226, 225, -222, -221, -21, -220, 219, -22], :url=>"xrv-22xrv219xrv-220xrv-21xrv-221xrv-222xrv225xrv226"}
{:place=>974, :route=>[-224, -223, -222, -221, -21, -220, 219, -22], :url=>"xrv-22xrv219xrv-220xrv-21xrv-221xrv-222xrv-223xrv-224"}
{:place=>397, :route=>[-210, -211, -213, -214, -216, -217, -218, -22], :url=>"xrv-22xrv-218xrv-217xrv-216xrv-214xrv-213xrv-211xrv-210"}
{:place=>1125, :route=>[225, 223, 237, 235, 234, 233, 231, 219, -22], :url=>"xrv-22xrv219xrv231xrv233xrv234xrv235xrv237xrv223xrv225"}
{:place=>1125, :route=>[225, -222, 238, 235, 234, 233, 231, 219, -22], :url=>"xrv-22xrv219xrv231xrv233xrv234xrv235xrv238xrv-222xrv225"}
{:place=>1125, :route=>[225, 223, 237, -238, -221, -21, -220, 219, -22], :url=>"xrv-22xrv219xrv-220xrv-21xrv-221xrv-238xrv237xrv223xrv225"}
{:place=>45, :route=>[-233, -234, -235, -238, -221, -21, -220, 219, -22], :url=>"xrv-22xrv219xrv-220xrv-21xrv-221xrv-238xrv-235xrv-234xrv-233"}
{:place=>207, :route=>[-235, -237, -223, -222, -221, -21, -220, 219, -22], :url=>"xrv-22xrv219xrv-220xrv-21xrv-221xrv-222xrv-223xrv-237xrv-235"}
{:place=>769, :route=>[226, 225, 223, 237, 235, 234, 233, 231, 219, -22], :url=>"xrv-22xrv219xrv231xrv233xrv234xrv235xrv237xrv223xrv225xrv226"}
{:place=>1121, :route=>[21, 221, 238, 235, 234, 233, 231, 219, -22], :url=>"xrv-22xrv219xrv231xrv233xrv234xrv235xrv238xrv221xrv21"}
{:place=>769, :route=>[226, 225, -222, 238, 235, 234, 233, 231, 219, -22], :url=>"xrv-22xrv219xrv231xrv233xrv234xrv235xrv238xrv-222xrv225xrv226"}
{:place=>974, :route=>[-224, -223, -222, 238, 235, 234, 233, 231, 219, -22], :url=>"xrv-22xrv219xrv231xrv233xrv234xrv235xrv238xrv-222xrv-223xrv-224"}
{:place=>769, :route=>[226, 225, 223, 237, -238, -221, -21, -220, 219, -22], :url=>"xrv-22xrv219xrv-220xrv-21xrv-221xrv-238xrv237xrv223xrv225xrv226"}
{:place=>1132, :route=>[-241, -242, -243, -235, -238, -221, -21, -220, 219, -22], :url=>"xrv-22xrv219xrv-220xrv-21xrv-221xrv-238xrv-235xrv-243xrv-242xrv-241"}
{:place=>650, :route=>[-234, -235, -237, -223, -222, -221, -21, -220, 219, -22], :url=>"xrv-22xrv219xrv-220xrv-21xrv-221xrv-222xrv-223xrv-237xrv-235xrv-234"}
{:place=>343, :route=>[-208, -209, -210, -211, -213, -214, -216, -217, -218, -22], :url=>"xrv-22xrv-218xrv-217xrv-216xrv-214xrv-213xrv-211xrv-210xrv-209xrv-208"}
{:place=>769, :route=>[-227, 240, 239, -224, 237, 235, 234, 233, 231, 219, -22], :url=>"xrv-22xrv219xrv231xrv233xrv234xrv235xrv237xrv-224xrv239xrv240xrv-227"}
{:place=>769, :route=>[-227, 240, 239, -224, 237, -238, -221, -21, -220, 219, -22], :url=>"xrv-22xrv219xrv-220xrv-21xrv-221xrv-238xrv237xrv-224xrv239xrv240xrv-227"}
{:place=>419, :route=>[229, 228, 227, 226, 225, -222, -221, -21, -220, 219, -22], :url=>"xrv-22xrv219xrv-220xrv-21xrv-221xrv-222xrv225xrv226xrv227xrv228xrv229"}
{:place=>974, :route=>[-239, -240, 227, 226, 225, -222, -221, -21, -220, 219, -22], :url=>"xrv-22xrv219xrv-220xrv-21xrv-221xrv-222xrv225xrv226xrv227xrv-240xrv-239"}
{:place=>45, :route=>[-233, -234, -235, -237, -223, -222, -221, -21, -220, 219, -22], :url=>"xrv-22xrv219xrv-220xrv-21xrv-221xrv-222xrv-223xrv-237xrv-235xrv-234xrv-233"}
{:place=>769, :route=>[-227, 240, 239, -224, -223, -222, -221, -21, -220, 219, -22], :url=>"xrv-22xrv219xrv-220xrv-21xrv-221xrv-222xrv-223xrv-224xrv239xrv240xrv-227"}
{:place=>1114, :route=>[-207, -208, -209, -210, -211, -213, -214, -216, -217, -218, -22], :url=>"xrv-22xrv-218xrv-217xrv-216xrv-214xrv-213xrv-211xrv-210xrv-209xrv-208xrv-207"}
{:place=>1121, :route=>[21, 221, 222, 223, 237, 235, 234, 233, 231, 219, -22], :url=>"xrv-22xrv219xrv231xrv233xrv234xrv235xrv237xrv223xrv222xrv221xrv21"}
{:place=>419, :route=>[229, 228, 240, 239, -224, 237, 235, 234, 233, 231, 219, -22], :url=>"xrv-22xrv219xrv231xrv233xrv234xrv235xrv237xrv-224xrv239xrv240xrv228xrv229"}
{:place=>1125, :route=>[-226, -227, 240, 239, -224, 237, 235, 234, 233, 231, 219, -22], :url=>"xrv-22xrv219xrv231xrv233xrv234xrv235xrv237xrv-224xrv239xrv240xrv-227xrv-226"}
{:place=>419, :route=>[229, 228, 240, 239, -224, 237, -238, -221, -21, -220, 219, -22], :url=>"xrv-22xrv219xrv-220xrv-21xrv-221xrv-238xrv237xrv-224xrv239xrv240xrv228xrv229"}
{:place=>1125, :route=>[-226, -227, 240, 239, -224, 237, -238, -221, -21, -220, 219, -22], :url=>"xrv-22xrv219xrv-220xrv-21xrv-221xrv-238xrv237xrv-224xrv239xrv240xrv-227xrv-226"}
{:place=>1128, :route=>[230, 229, 228, 227, 226, 225, -222, -221, -21, -220, 219, -22], :url=>"xrv-22xrv219xrv-220xrv-21xrv-221xrv-222xrv225xrv226xrv227xrv228xrv229xrv230"}
{:place=>1132, :route=>[-241, -242, -243, -235, -237, -223, -222, -221, -21, -220, 219, -22], :url=>"xrv-22xrv219xrv-220xrv-21xrv-221xrv-222xrv-223xrv-237xrv-235xrv-243xrv-242xrv-241"}
{:place=>419, :route=>[229, 228, 240, 239, -224, -223, -222, -221, -21, -220, 219, -22], :url=>"xrv-22xrv219xrv-220xrv-21xrv-221xrv-222xrv-223xrv-224xrv239xrv240xrv228xrv229"}
{:place=>1125, :route=>[-226, -227, 240, 239, -224, -223, -222, -221, -21, -220, 219, -22], :url=>"xrv-22xrv219xrv-220xrv-21xrv-221xrv-222xrv-223xrv-224xrv239xrv240xrv-227xrv-226"}
{:place=>419, :route=>[229, 228, 227, 226, 225, 223, 237, 235, 234, 233, 231, 219, -22], :url=>"xrv-22xrv219xrv231xrv233xrv234xrv235xrv237xrv223xrv225xrv226xrv227xrv228xrv229"}
{:place=>974, :route=>[-239, -240, 227, 226, 225, 223, 237, 235, 234, 233, 231, 219, -22], :url=>"xrv-22xrv219xrv231xrv233xrv234xrv235xrv237xrv223xrv225xrv226xrv227xrv-240xrv-239"}
{:place=>1128, :route=>[230, 229, 228, 240, 239, -224, 237, 235, 234, 233, 231, 219, -22], :url=>"xrv-22xrv219xrv231xrv233xrv234xrv235xrv237xrv-224xrv239xrv240xrv228xrv229xrv230"}
{:place=>419, :route=>[229, 228, 227, 226, 225, -222, 238, 235, 234, 233, 231, 219, -22], :url=>"xrv-22xrv219xrv231xrv233xrv234xrv235xrv238xrv-222xrv225xrv226xrv227xrv228xrv229"}
{:place=>974, :route=>[-239, -240, 227, 226, 225, -222, 238, 235, 234, 233, 231, 219, -22], :url=>"xrv-22xrv219xrv231xrv233xrv234xrv235xrv238xrv-222xrv225xrv226xrv227xrv-240xrv-239"}
{:place=>769, :route=>[-227, 240, 239, -224, -223, -222, 238, 235, 234, 233, 231, 219, -22], :url=>"xrv-22xrv219xrv231xrv233xrv234xrv235xrv238xrv-222xrv-223xrv-224xrv239xrv240xrv-227"}
{:place=>419, :route=>[229, 228, 227, 226, 225, 223, 237, -238, -221, -21, -220, 219, -22], :url=>"xrv-22xrv219xrv-220xrv-21xrv-221xrv-238xrv237xrv223xrv225xrv226xrv227xrv228xrv229"}
{:place=>974, :route=>[-239, -240, 227, 226, 225, 223, 237, -238, -221, -21, -220, 219, -22], :url=>"xrv-22xrv219xrv-220xrv-21xrv-221xrv-238xrv237xrv223xrv225xrv226xrv227xrv-240xrv-239"}
{:place=>1128, :route=>[230, 229, 228, 240, 239, -224, 237, -238, -221, -21, -220, 219, -22], :url=>"xrv-22xrv219xrv-220xrv-21xrv-221xrv-238xrv237xrv-224xrv239xrv240xrv228xrv229xrv230"}
{:place=>1128, :route=>[230, 229, 228, 240, 239, -224, -223, -222, -221, -21, -220, 219, -22], :url=>"xrv-22xrv219xrv-220xrv-21xrv-221xrv-222xrv-223xrv-224xrv239xrv240xrv228xrv229xrv230"}
{:place=>624, :route=>[-205, -206, -207, -208, -209, -210, -211, -213, -214, -216, -217, -218, -22], :url=>"xrv-22xrv-218xrv-217xrv-216xrv-214xrv-213xrv-211xrv-210xrv-209xrv-208xrv-207xrv-206xrv-205"}
{:place=>1128, :route=>[230, 229, 228, 227, 226, 225, 223, 237, 235, 234, 233, 231, 219, -22], :url=>"xrv-22xrv219xrv231xrv233xrv234xrv235xrv237xrv223xrv225xrv226xrv227xrv228xrv229xrv230"}
{:place=>1128, :route=>[230, 229, 228, 227, 226, 225, -222, 238, 235, 234, 233, 231, 219, -22], :url=>"xrv-22xrv219xrv231xrv233xrv234xrv235xrv238xrv-222xrv225xrv226xrv227xrv228xrv229xrv230"}
{:place=>419, :route=>[229, 228, 240, 239, -224, -223, -222, 238, 235, 234, 233, 231, 219, -22], :url=>"xrv-22xrv219xrv231xrv233xrv234xrv235xrv238xrv-222xrv-223xrv-224xrv239xrv240xrv228xrv229"}
{:place=>1125, :route=>[-226, -227, 240, 239, -224, -223, -222, 238, 235, 234, 233, 231, 219, -22], :url=>"xrv-22xrv219xrv231xrv233xrv234xrv235xrv238xrv-222xrv-223xrv-224xrv239xrv240xrv-227xrv-226"}
{:place=>1128, :route=>[230, 229, 228, 227, 226, 225, 223, 237, -238, -221, -21, -220, 219, -22], :url=>"xrv-22xrv219xrv-220xrv-21xrv-221xrv-238xrv237xrv223xrv225xrv226xrv227xrv228xrv229xrv230"}
{:place=>1123, :route=>[-225, -226, -227, 240, 239, -224, 237, -238, -221, -21, -220, 219, -22], :url=>"xrv-22xrv219xrv-220xrv-21xrv-221xrv-238xrv237xrv-224xrv239xrv240xrv-227xrv-226xrv-225"}
{:place=>207, :route=>[-235, -237, 224, -239, -240, 227, 226, 225, -222, -221, -21, -220, 219, -22], :url=>"xrv-22xrv219xrv-220xrv-21xrv-221xrv-222xrv225xrv226xrv227xrv-240xrv-239xrv224xrv-237xrv-235"}
{:place=>974, :route=>[272], :url=>"xrv272", :startplace=>471}
{:place=>974, :route=>[272, 22, -219], :url=>"xrv-219xrv22xrv272", :startplace=>976}
{:place=>974, :route=>[272, 22, -219, -231], :url=>"xrv-231xrv-219xrv22xrv272", :startplace=>45}
{:place=>974, :route=>[272, 22, -219, -231, -233], :url=>"xrv-233xrv-231xrv-219xrv22xrv272", :startplace=>650}
{:place=>974, :route=>[272, 22, -219, -231, -233, -234], :url=>"xrv-234xrv-233xrv-231xrv-219xrv22xrv272", :startplace=>207}
{:place=>974, :route=>[272, 22, 218, 217, 216, -215], :url=>"xrv-215xrv216xrv217xrv218xrv22xrv272", :startplace=>258}
{:place=>974, :route=>[272, 22, 218, 217, 216, 214], :url=>"xrv214xrv216xrv217xrv218xrv22xrv272", :startplace=>58}
{:place=>974, :route=>[272, 22, 218, 217, -244, -245, -246], :url=>"xrv-246xrv-245xrv-244xrv217xrv218xrv22xrv272", :startplace=>271}
{:place=>974, :route=>[272, 22, -219, 220, 21, 221, 238, 235], :url=>"xrv235xrv238xrv221xrv21xrv220xrv-219xrv22xrv272", :startplace=>207}
{:place=>974, :route=>[272, 22, -219, 220, 21, 221, 222, -225], :url=>"xrv-225xrv222xrv221xrv21xrv220xrv-219xrv22xrv272", :startplace=>1125}
{:place=>974, :route=>[272, 22, 218, 217, 216, 214, 213, -212], :url=>"xrv-212xrv213xrv214xrv216xrv217xrv218xrv22xrv272", :startplace=>528}
{:place=>974, :route=>[272, 22, 218, 217, 216, 214, 213, 211], :url=>"xrv211xrv213xrv214xrv216xrv217xrv218xrv22xrv272", :startplace=>827}
{:place=>974, :route=>[272, 22, -219, -231, -233, -234, -235, -237, 224], :url=>"xrv224xrv-237xrv-235xrv-234xrv-233xrv-231xrv-219xrv22xrv272", :startplace=>974}
{:place=>974, :route=>[272, 22, -219, -231, -233, -234, 243, 242, 241], :url=>"xrv241xrv242xrv243xrv-234xrv-233xrv-231xrv-219xrv22xrv272", :startplace=>1132}
{:place=>974, :route=>[272, 22, -219, 220, 21, 221, 238, -237, 224], :url=>"xrv224xrv-237xrv238xrv221xrv21xrv220xrv-219xrv22xrv272", :startplace=>974}
{:place=>974, :route=>[272, 22, -219, 220, 21, 221, 238, 235, 234], :url=>"xrv234xrv235xrv238xrv221xrv21xrv220xrv-219xrv22xrv272", :startplace=>650}
{:place=>974, :route=>[272, 22, -219, 220, 21, 221, 222, -225, -226], :url=>"xrv-226xrv-225xrv222xrv221xrv21xrv220xrv-219xrv22xrv272", :startplace=>769}
{:place=>974, :route=>[272, 22, -219, 220, 21, 221, 222, 223, 224], :url=>"xrv224xrv223xrv222xrv221xrv21xrv220xrv-219xrv22xrv272", :startplace=>974}
{:place=>974, :route=>[272, 22, 218, 217, 216, 214, 213, 211, 210], :url=>"xrv210xrv211xrv213xrv214xrv216xrv217xrv218xrv22xrv272", :startplace=>397}
{:place=>974, :route=>[272, 22, -219, -231, -233, -234, -235, -237, -223, -225], :url=>"xrv-225xrv-223xrv-237xrv-235xrv-234xrv-233xrv-231xrv-219xrv22xrv272", :startplace=>1125}
{:place=>974, :route=>[272, 22, -219, -231, -233, -234, -235, -238, 222, -225], :url=>"xrv-225xrv222xrv-238xrv-235xrv-234xrv-233xrv-231xrv-219xrv22xrv272", :startplace=>1125}
{:place=>974, :route=>[272, 22, -219, 220, 21, 221, 238, -237, -223, -225], :url=>"xrv-225xrv-223xrv-237xrv238xrv221xrv21xrv220xrv-219xrv22xrv272", :startplace=>1125}
{:place=>974, :route=>[272, 22, -219, 220, 21, 221, 238, 235, 234, 233], :url=>"xrv233xrv234xrv235xrv238xrv221xrv21xrv220xrv-219xrv22xrv272", :startplace=>45}
{:place=>974, :route=>[272, 22, -219, 220, 21, 221, 222, 223, 237, 235], :url=>"xrv235xrv237xrv223xrv222xrv221xrv21xrv220xrv-219xrv22xrv272", :startplace=>207}
{:place=>974, :route=>[272, 22, -219, -231, -233, -234, -235, -237, -223, -225, -226], :url=>"xrv-226xrv-225xrv-223xrv-237xrv-235xrv-234xrv-233xrv-231xrv-219xrv22xrv272", :startplace=>769}
{:place=>974, :route=>[272, 22, -219, -231, -233, -234, -235, -238, -221, -21], :url=>"xrv-21xrv-221xrv-238xrv-235xrv-234xrv-233xrv-231xrv-219xrv22xrv272", :startplace=>1121}
{:place=>974, :route=>[272, 22, -219, -231, -233, -234, -235, -238, 222, -225, -226], :url=>"xrv-226xrv-225xrv222xrv-238xrv-235xrv-234xrv-233xrv-231xrv-219xrv22xrv272", :startplace=>769}
{:place=>974, :route=>[272, 22, -219, -231, -233, -234, -235, -238, 222, 223, 224], :url=>"xrv224xrv223xrv222xrv-238xrv-235xrv-234xrv-233xrv-231xrv-219xrv22xrv272", :startplace=>974}
{:place=>974, :route=>[272, 22, -219, 220, 21, 221, 238, -237, -223, -225, -226], :url=>"xrv-226xrv-225xrv-223xrv-237xrv238xrv221xrv21xrv220xrv-219xrv22xrv272", :startplace=>769}
{:place=>974, :route=>[272, 22, -219, 220, 21, 221, 238, 235, 243, 242, 241], :url=>"xrv241xrv242xrv243xrv235xrv238xrv221xrv21xrv220xrv-219xrv22xrv272", :startplace=>1132}
{:place=>974, :route=>[272, 22, -219, 220, 21, 221, 222, 223, 237, 235, 234], :url=>"xrv234xrv235xrv237xrv223xrv222xrv221xrv21xrv220xrv-219xrv22xrv272", :startplace=>650}
{:place=>974, :route=>[272, 22, 218, 217, 216, 214, 213, 211, 210, 209, 208], :url=>"xrv208xrv209xrv210xrv211xrv213xrv214xrv216xrv217xrv218xrv22xrv272", :startplace=>343}
{:place=>974, :route=>[272, 22, -219, -231, -233, -234, -235, -237, 224, -239, -240, 227], :url=>"xrv227xrv-240xrv-239xrv224xrv-237xrv-235xrv-234xrv-233xrv-231xrv-219xrv22xrv272", :startplace=>769}
{:place=>974, :route=>[272, 22, -219, 220, 21, 221, 238, -237, 224, -239, -240, 227], :url=>"xrv227xrv-240xrv-239xrv224xrv-237xrv238xrv221xrv21xrv220xrv-219xrv22xrv272", :startplace=>769}
{:place=>974, :route=>[272, 22, -219, 220, 21, 221, 222, -225, -226, -227, -228, -229], :url=>"xrv-229xrv-228xrv-227xrv-226xrv-225xrv222xrv221xrv21xrv220xrv-219xrv22xrv272", :startplace=>419}
{:place=>974, :route=>[272, 22, -219, 220, 21, 221, 222, -225, -226, -227, 240, 239], :url=>"xrv239xrv240xrv-227xrv-226xrv-225xrv222xrv221xrv21xrv220xrv-219xrv22xrv272", :startplace=>974}
{:place=>974, :route=>[272, 22, -219, 220, 21, 221, 222, 223, 237, 235, 234, 233], :url=>"xrv233xrv234xrv235xrv237xrv223xrv222xrv221xrv21xrv220xrv-219xrv22xrv272", :startplace=>45}
{:place=>974, :route=>[272, 22, -219, 220, 21, 221, 222, 223, 224, -239, -240, 227], :url=>"xrv227xrv-240xrv-239xrv224xrv223xrv222xrv221xrv21xrv220xrv-219xrv22xrv272", :startplace=>769}
{:place=>974, :route=>[272, 22, 218, 217, 216, 214, 213, 211, 210, 209, 208, 207], :url=>"xrv207xrv208xrv209xrv210xrv211xrv213xrv214xrv216xrv217xrv218xrv22xrv272", :startplace=>1114}
{:place=>974, :route=>[272, 22, -219, -231, -233, -234, -235, -237, -223, -222, -221, -21], :url=>"xrv-21xrv-221xrv-222xrv-223xrv-237xrv-235xrv-234xrv-233xrv-231xrv-219xrv22xrv272", :startplace=>1121}
{:place=>974, :route=>[272, 22, -219, -231, -233, -234, -235, -237, 224, -239, -240, -228, -229], :url=>"xrv-229xrv-228xrv-240xrv-239xrv224xrv-237xrv-235xrv-234xrv-233xrv-231xrv-219xrv22xrv272", :startplace=>419}
{:place=>974, :route=>[272, 22, -219, -231, -233, -234, -235, -237, 224, -239, -240, 227, 226], :url=>"xrv226xrv227xrv-240xrv-239xrv224xrv-237xrv-235xrv-234xrv-233xrv-231xrv-219xrv22xrv272", :startplace=>1125}
{:place=>974, :route=>[272, 22, -219, 220, 21, 221, 238, -237, 224, -239, -240, -228, -229], :url=>"xrv-229xrv-228xrv-240xrv-239xrv224xrv-237xrv238xrv221xrv21xrv220xrv-219xrv22xrv272", :startplace=>419}
{:place=>974, :route=>[272, 22, -219, 220, 21, 221, 238, -237, 224, -239, -240, 227, 226], :url=>"xrv226xrv227xrv-240xrv-239xrv224xrv-237xrv238xrv221xrv21xrv220xrv-219xrv22xrv272", :startplace=>1125}
{:place=>974, :route=>[272, 22, -219, 220, 21, 221, 222, -225, -226, -227, -228, -229, -230], :url=>"xrv-230xrv-229xrv-228xrv-227xrv-226xrv-225xrv222xrv221xrv21xrv220xrv-219xrv22xrv272", :startplace=>1128}
{:place=>974, :route=>[272, 22, -219, 220, 21, 221, 222, 223, 237, 235, 243, 242, 241], :url=>"xrv241xrv242xrv243xrv235xrv237xrv223xrv222xrv221xrv21xrv220xrv-219xrv22xrv272", :startplace=>1132}
{:place=>974, :route=>[272, 22, -219, 220, 21, 221, 222, 223, 224, -239, -240, -228, -229], :url=>"xrv-229xrv-228xrv-240xrv-239xrv224xrv223xrv222xrv221xrv21xrv220xrv-219xrv22xrv272", :startplace=>419}
{:place=>974, :route=>[272, 22, -219, 220, 21, 221, 222, 223, 224, -239, -240, 227, 226], :url=>"xrv226xrv227xrv-240xrv-239xrv224xrv223xrv222xrv221xrv21xrv220xrv-219xrv22xrv272", :startplace=>1125}
{:place=>974, :route=>[272, 22, -219, -231, -233, -234, -235, -237, -223, -225, -226, -227, -228, -229], :url=>"xrv-229xrv-228xrv-227xrv-226xrv-225xrv-223xrv-237xrv-235xrv-234xrv-233xrv-231xrv-219xrv22xrv272", :startplace=>419}
{:place=>974, :route=>[272, 22, -219, -231, -233, -234, -235, -237, -223, -225, -226, -227, 240, 239], :url=>"xrv239xrv240xrv-227xrv-226xrv-225xrv-223xrv-237xrv-235xrv-234xrv-233xrv-231xrv-219xrv22xrv272", :startplace=>974}
{:place=>974, :route=>[272, 22, -219, -231, -233, -234, -235, -237, 224, -239, -240, -228, -229, -230], :url=>"xrv-230xrv-229xrv-228xrv-240xrv-239xrv224xrv-237xrv-235xrv-234xrv-233xrv-231xrv-219xrv22xrv272", :startplace=>1128}
{:place=>974, :route=>[272, 22, -219, -231, -233, -234, -235, -238, 222, -225, -226, -227, -228, -229], :url=>"xrv-229xrv-228xrv-227xrv-226xrv-225xrv222xrv-238xrv-235xrv-234xrv-233xrv-231xrv-219xrv22xrv272", :startplace=>419}
{:place=>974, :route=>[272, 22, -219, -231, -233, -234, -235, -238, 222, -225, -226, -227, 240, 239], :url=>"xrv239xrv240xrv-227xrv-226xrv-225xrv222xrv-238xrv-235xrv-234xrv-233xrv-231xrv-219xrv22xrv272", :startplace=>974}
{:place=>974, :route=>[272, 22, -219, -231, -233, -234, -235, -238, 222, 223, 224, -239, -240, 227], :url=>"xrv227xrv-240xrv-239xrv224xrv223xrv222xrv-238xrv-235xrv-234xrv-233xrv-231xrv-219xrv22xrv272", :startplace=>769}
{:place=>974, :route=>[272, 22, -219, 220, 21, 221, 238, -237, -223, -225, -226, -227, -228, -229], :url=>"xrv-229xrv-228xrv-227xrv-226xrv-225xrv-223xrv-237xrv238xrv221xrv21xrv220xrv-219xrv22xrv272", :startplace=>419}
{:place=>974, :route=>[272, 22, -219, 220, 21, 221, 238, -237, -223, -225, -226, -227, 240, 239], :url=>"xrv239xrv240xrv-227xrv-226xrv-225xrv-223xrv-237xrv238xrv221xrv21xrv220xrv-219xrv22xrv272", :startplace=>974}
{:place=>974, :route=>[272, 22, -219, 220, 21, 221, 238, -237, 224, -239, -240, -228, -229, -230], :url=>"xrv-230xrv-229xrv-228xrv-240xrv-239xrv224xrv-237xrv238xrv221xrv21xrv220xrv-219xrv22xrv272", :startplace=>1128}
{:place=>974, :route=>[272, 22, -219, 220, 21, 221, 222, 223, 224, -239, -240, -228, -229, -230], :url=>"xrv-230xrv-229xrv-228xrv-240xrv-239xrv224xrv223xrv222xrv221xrv21xrv220xrv-219xrv22xrv272", :startplace=>1128}
{:place=>974, :route=>[272, 22, 218, 217, 216, 214, 213, 211, 210, 209, 208, 207, 206, 205], :url=>"xrv205xrv206xrv207xrv208xrv209xrv210xrv211xrv213xrv214xrv216xrv217xrv218xrv22xrv272", :startplace=>624}
{:place=>974, :route=>[272, 22, -219, -231, -233, -234, -235, -237, -223, -225, -226, -227, -228, -229, -230], :url=>"xrv-230xrv-229xrv-228xrv-227xrv-226xrv-225xrv-223xrv-237xrv-235xrv-234xrv-233xrv-231xrv-219xrv22xrv272", :startplace=>1128}
{:place=>974, :route=>[272, 22, -219, -231, -233, -234, -235, -238, 222, -225, -226, -227, -228, -229, -230], :url=>"xrv-230xrv-229xrv-228xrv-227xrv-226xrv-225xrv222xrv-238xrv-235xrv-234xrv-233xrv-231xrv-219xrv22xrv272", :startplace=>1128}
{:place=>974, :route=>[272, 22, -219, -231, -233, -234, -235, -238, 222, 223, 224, -239, -240, -228, -229], :url=>"xrv-229xrv-228xrv-240xrv-239xrv224xrv223xrv222xrv-238xrv-235xrv-234xrv-233xrv-231xrv-219xrv22xrv272", :startplace=>419}
{:place=>974, :route=>[272, 22, -219, -231, -233, -234, -235, -238, 222, 223, 224, -239, -240, 227, 226], :url=>"xrv226xrv227xrv-240xrv-239xrv224xrv223xrv222xrv-238xrv-235xrv-234xrv-233xrv-231xrv-219xrv22xrv272", :startplace=>1125}
{:place=>974, :route=>[272, 22, -219, 220, 21, 221, 238, -237, -223, -225, -226, -227, -228, -229, -230], :url=>"xrv-230xrv-229xrv-228xrv-227xrv-226xrv-225xrv-223xrv-237xrv238xrv221xrv21xrv220xrv-219xrv22xrv272", :startplace=>1128}
{:place=>974, :route=>[272, 22, -219, 220, 21, 221, 238, -237, 224, -239, -240, 227, 226, 225], :url=>"xrv225xrv226xrv227xrv-240xrv-239xrv224xrv-237xrv238xrv221xrv21xrv220xrv-219xrv22xrv272", :startplace=>1123}
{:place=>974, :route=>[272, 22, -219, 220, 21, 221, 222, -225, -226, -227, 240, 239, -224, 237, 235], :url=>"xrv235xrv237xrv-224xrv239xrv240xrv-227xrv-226xrv-225xrv222xrv221xrv21xrv220xrv-219xrv22xrv272", :startplace=>207}
  [1m[36mRoute Load (0.6ms)[0m  [1mSELECT "routes".* FROM "routes" WHERE "routes"."id" = 239 LIMIT 1[0m
  [1m[35mRoute Load (0.3ms)[0m  SELECT "routes".* FROM "routes" WHERE "routes"."id" = 224 LIMIT 1
  [1m[36mCACHE (0.0ms)[0m  [1mSELECT "routes".* FROM "routes" WHERE "routes"."id" = 224 LIMIT 1[0m
  [1m[35mCACHE (0.0ms)[0m  SELECT "routes".* FROM "routes" WHERE "routes"."id" = 239 LIMIT 1
  [1m[36mCACHE (0.0ms)[0m  [1mSELECT "routes".* FROM "routes" WHERE "routes"."id" = 239 LIMIT 1[0m
  [1m[35mCACHE (0.0ms)[0m  SELECT "routes".* FROM "routes" WHERE "routes"."id" = 224 LIMIT 1
  [1m[36mCACHE (0.0ms)[0m  [1mSELECT "routes".* FROM "routes" WHERE "routes"."id" = 224 LIMIT 1[0m
  [1m[35mCACHE (0.0ms)[0m  SELECT "routes".* FROM "routes" WHERE "routes"."id" = 239 LIMIT 1
  [1m[36mCACHE (0.0ms)[0m  [1mSELECT "routes".* FROM "routes" WHERE "routes"."id" = 224 LIMIT 1[0m
  [1m[35mCACHE (0.0ms)[0m  SELECT "routes".* FROM "routes" WHERE "routes"."id" = 224 LIMIT 1
  [1m[36mCACHE (0.0ms)[0m  [1mSELECT "routes".* FROM "routes" WHERE "routes"."id" = 224 LIMIT 1[0m
  [1m[35mCACHE (0.0ms)[0m  SELECT "routes".* FROM "routes" WHERE "routes"."id" = 224 LIMIT 1
  [1m[36mCACHE (0.0ms)[0m  [1mSELECT "routes".* FROM "routes" WHERE "routes"."id" = 224 LIMIT 1[0m
  [1m[35mCACHE (0.0ms)[0m  SELECT "routes".* FROM "routes" WHERE "routes"."id" = 224 LIMIT 1
  [1m[36mCACHE (0.0ms)[0m  [1mSELECT "routes".* FROM "routes" WHERE "routes"."id" = 224 LIMIT 1[0m
  [1m[35mCACHE (0.0ms)[0m  SELECT "routes".* FROM "routes" WHERE "routes"."id" = 224 LIMIT 1
  [1m[36mCACHE (0.0ms)[0m  [1mSELECT "routes".* FROM "routes" WHERE "routes"."id" = 224 LIMIT 1[0m
  [1m[35mCACHE (0.0ms)[0m  SELECT "routes".* FROM "routes" WHERE "routes"."id" = 224 LIMIT 1
  [1m[36mCACHE (0.0ms)[0m  [1mSELECT "routes".* FROM "routes" WHERE "routes"."id" = 224 LIMIT 1[0m
  [1m[35mCACHE (0.0ms)[0m  SELECT "routes".* FROM "routes" WHERE "routes"."id" = 224 LIMIT 1
  [1m[36mCACHE (0.0ms)[0m  [1mSELECT "routes".* FROM "routes" WHERE "routes"."id" = 224 LIMIT 1[0m
  [1m[35mCACHE (0.0ms)[0m  SELECT "routes".* FROM "routes" WHERE "routes"."id" = 224 LIMIT 1
  [1m[36mCACHE (0.0ms)[0m  [1mSELECT "routes".* FROM "routes" WHERE "routes"."id" = 239 LIMIT 1[0m
  [1m[35mCACHE (0.0ms)[0m  SELECT "routes".* FROM "routes" WHERE "routes"."id" = 239 LIMIT 1
  [1m[36mCACHE (0.0ms)[0m  [1mSELECT "routes".* FROM "routes" WHERE "routes"."id" = 224 LIMIT 1[0m
  [1m[35mCACHE (0.0ms)[0m  SELECT "routes".* FROM "routes" WHERE "routes"."id" = 224 LIMIT 1
  [1m[36mCACHE (0.0ms)[0m  [1mSELECT "routes".* FROM "routes" WHERE "routes"."id" = 224 LIMIT 1[0m
  [1m[35mCACHE (0.0ms)[0m  SELECT "routes".* FROM "routes" WHERE "routes"."id" = 224 LIMIT 1
  [1m[36mCACHE (0.0ms)[0m  [1mSELECT "routes".* FROM "routes" WHERE "routes"."id" = 224 LIMIT 1[0m
  [1m[35mCACHE (0.0ms)[0m  SELECT "routes".* FROM "routes" WHERE "routes"."id" = 224 LIMIT 1
  [1m[36mCACHE (0.0ms)[0m  [1mSELECT "routes".* FROM "routes" WHERE "routes"."id" = 224 LIMIT 1[0m
  [1m[35mCACHE (0.0ms)[0m  SELECT "routes".* FROM "routes" WHERE "routes"."id" = 224 LIMIT 1
  [1m[36mCACHE (0.0ms)[0m  [1mSELECT "routes".* FROM "routes" WHERE "routes"."id" = 239 LIMIT 1[0m
  [1m[35mCACHE (0.0ms)[0m  SELECT "routes".* FROM "routes" WHERE "routes"."id" = 239 LIMIT 1
  [1m[36mCACHE (0.0ms)[0m  [1mSELECT "routes".* FROM "routes" WHERE "routes"."id" = 239 LIMIT 1[0m
  [1m[35mCACHE (0.0ms)[0m  SELECT "routes".* FROM "routes" WHERE "routes"."id" = 239 LIMIT 1
  [1m[36mCACHE (0.0ms)[0m  [1mSELECT "routes".* FROM "routes" WHERE "routes"."id" = 224 LIMIT 1[0m
  [1m[35mCACHE (0.0ms)[0m  SELECT "routes".* FROM "routes" WHERE "routes"."id" = 224 LIMIT 1
  [1m[36mCACHE (0.0ms)[0m  [1mSELECT "routes".* FROM "routes" WHERE "routes"."id" = 224 LIMIT 1[0m
  [1m[35mCACHE (0.0ms)[0m  SELECT "routes".* FROM "routes" WHERE "routes"."id" = 224 LIMIT 1
  [1m[36mCACHE (0.0ms)[0m  [1mSELECT "routes".* FROM "routes" WHERE "routes"."id" = 239 LIMIT 1[0m
  [1m[35mCACHE (0.0ms)[0m  SELECT "routes".* FROM "routes" WHERE "routes"."id" = 239 LIMIT 1
  [1m[36mCACHE (0.0ms)[0m  [1mSELECT "routes".* FROM "routes" WHERE "routes"."id" = 239 LIMIT 1[0m
  [1m[35mCACHE (0.0ms)[0m  SELECT "routes".* FROM "routes" WHERE "routes"."id" = 224 LIMIT 1
  [1m[36mCACHE (0.0ms)[0m  [1mSELECT "routes".* FROM "routes" WHERE "routes"."id" = 224 LIMIT 1[0m
  [1m[35mCACHE (0.0ms)[0m  SELECT "routes".* FROM "routes" WHERE "routes"."id" = 239 LIMIT 1
  [1m[36mCACHE (0.0ms)[0m  [1mSELECT "routes".* FROM "routes" WHERE "routes"."id" = 239 LIMIT 1[0m
  [1m[35mCACHE (0.0ms)[0m  SELECT "routes".* FROM "routes" WHERE "routes"."id" = 239 LIMIT 1
  [1m[36mCACHE (0.0ms)[0m  [1mSELECT "routes".* FROM "routes" WHERE "routes"."id" = 239 LIMIT 1[0m
  [1m[35mCACHE (0.0ms)[0m  SELECT "routes".* FROM "routes" WHERE "routes"."id" = 239 LIMIT 1
  [1m[36mCACHE (0.0ms)[0m  [1mSELECT "routes".* FROM "routes" WHERE "routes"."id" = 239 LIMIT 1[0m
  [1m[35mCACHE (0.0ms)[0m  SELECT "routes".* FROM "routes" WHERE "routes"."id" = 239 LIMIT 1
  [1m[36mCACHE (0.0ms)[0m  [1mSELECT "routes".* FROM "routes" WHERE "routes"."id" = 224 LIMIT 1[0m
  [1m[35mCACHE (0.0ms)[0m  SELECT "routes".* FROM "routes" WHERE "routes"."id" = 224 LIMIT 1
  [1m[36mCACHE (0.0ms)[0m  [1mSELECT "routes".* FROM "routes" WHERE "routes"."id" = 224 LIMIT 1[0m
  [1m[35mCACHE (0.0ms)[0m  SELECT "routes".* FROM "routes" WHERE "routes"."id" = 224 LIMIT 1
  [1m[36mCACHE (0.0ms)[0m  [1mSELECT "routes".* FROM "routes" WHERE "routes"."id" = 224 LIMIT 1[0m
  [1m[35mCACHE (0.0ms)[0m  SELECT "routes".* FROM "routes" WHERE "routes"."id" = 224 LIMIT 1
  [1m[36mCACHE (0.0ms)[0m  [1mSELECT "routes".* FROM "routes" WHERE "routes"."id" = 224 LIMIT 1[0m
  [1m[35mCACHE (0.0ms)[0m  SELECT "routes".* FROM "routes" WHERE "routes"."id" = 224 LIMIT 1
  [1m[36mCACHE (0.0ms)[0m  [1mSELECT "routes".* FROM "routes" WHERE "routes"."id" = 224 LIMIT 1[0m
  [1m[35mCACHE (0.0ms)[0m  SELECT "routes".* FROM "routes" WHERE "routes"."id" = 239 LIMIT 1
  [1m[36mCACHE (0.0ms)[0m  [1mSELECT "routes".* FROM "routes" WHERE "routes"."id" = 239 LIMIT 1[0m
  [1m[35mCACHE (0.0ms)[0m  SELECT "routes".* FROM "routes" WHERE "routes"."id" = 224 LIMIT 1
  [1m[36mCACHE (0.0ms)[0m  [1mSELECT "routes".* FROM "routes" WHERE "routes"."id" = 224 LIMIT 1[0m
  [1m[35mCACHE (0.0ms)[0m  SELECT "routes".* FROM "routes" WHERE "routes"."id" = 224 LIMIT 1
  [1m[36mCACHE (0.0ms)[0m  [1mSELECT "routes".* FROM "routes" WHERE "routes"."id" = 224 LIMIT 1[0m
  [1m[35mCACHE (0.0ms)[0m  SELECT "routes".* FROM "routes" WHERE "routes"."id" = 224 LIMIT 1
  [1m[36mCACHE (0.0ms)[0m  [1mSELECT "routes".* FROM "routes" WHERE "routes"."id" = 224 LIMIT 1[0m
  [1m[35mCACHE (0.0ms)[0m  SELECT "routes".* FROM "routes" WHERE "routes"."id" = 239 LIMIT 1
  [1m[36mCACHE (0.0ms)[0m  [1mSELECT "routes".* FROM "routes" WHERE "routes"."id" = 239 LIMIT 1[0m
  [1m[35mCACHE (0.0ms)[0m  SELECT "routes".* FROM "routes" WHERE "routes"."id" = 239 LIMIT 1
  [1m[36mCACHE (0.0ms)[0m  [1mSELECT "routes".* FROM "routes" WHERE "routes"."id" = 239 LIMIT 1[0m
  [1m[35mCACHE (0.0ms)[0m  SELECT "routes".* FROM "routes" WHERE "routes"."id" = 224 LIMIT 1
  [1m[36mCACHE (0.0ms)[0m  [1mSELECT "routes".* FROM "routes" WHERE "routes"."id" = 224 LIMIT 1[0m
  [1m[35mCACHE (0.0ms)[0m  SELECT "routes".* FROM "routes" WHERE "routes"."id" = 224 LIMIT 1
  [1m[36mCACHE (0.0ms)[0m  [1mSELECT "routes".* FROM "routes" WHERE "routes"."id" = 224 LIMIT 1[0m
  [1m[35mCACHE (0.0ms)[0m  SELECT "routes".* FROM "routes" WHERE "routes"."id" = 224 LIMIT 1
  [1m[36mCACHE (0.0ms)[0m  [1mSELECT "routes".* FROM "routes" WHERE "routes"."id" = 224 LIMIT 1[0m
  [1m[35mCACHE (0.0ms)[0m  SELECT "routes".* FROM "routes" WHERE "routes"."id" = 224 LIMIT 1
  [1m[36mCACHE (0.0ms)[0m  [1mSELECT "routes".* FROM "routes" WHERE "routes"."id" = 224 LIMIT 1[0m
  [1m[35mCACHE (0.0ms)[0m  SELECT "routes".* FROM "routes" WHERE "routes"."id" = 239 LIMIT 1
  [1m[36mCACHE (0.0ms)[0m  [1mSELECT "routes".* FROM "routes" WHERE "routes"."id" = 239 LIMIT 1[0m
  [1m[35mCACHE (0.0ms)[0m  SELECT "routes".* FROM "routes" WHERE "routes"."id" = 239 LIMIT 1
  [1m[36mCACHE (0.0ms)[0m  [1mSELECT "routes".* FROM "routes" WHERE "routes"."id" = 239 LIMIT 1[0m
  [1m[35mCACHE (0.0ms)[0m  SELECT "routes".* FROM "routes" WHERE "routes"."id" = 224 LIMIT 1
  [1m[36mCACHE (0.0ms)[0m  [1mSELECT "routes".* FROM "routes" WHERE "routes"."id" = 224 LIMIT 1[0m
  [1m[35mCACHE (0.0ms)[0m  SELECT "routes".* FROM "routes" WHERE "routes"."id" = 224 LIMIT 1
  [1m[36mCACHE (0.0ms)[0m  [1mSELECT "routes".* FROM "routes" WHERE "routes"."id" = 224 LIMIT 1[0m
Ear
{:place=>974, :route=>[], :url=>""}
{:place=>769, :route=>[-227, 240, 239], :url=>"xrv239xrv240xrv-227"}
{:place=>1125, :route=>[225, 223, 224], :url=>"xrv224xrv223xrv225"}
{:place=>207, :route=>[-235, -237, 224], :url=>"xrv224xrv-237xrv-235"}
{:place=>419, :route=>[229, 228, 240, 239], :url=>"xrv239xrv240xrv228xrv229"}
{:place=>1125, :route=>[-226, -227, 240, 239], :url=>"xrv239xrv240xrv-227xrv-226"}
{:place=>769, :route=>[226, 225, 223, 224], :url=>"xrv224xrv223xrv225xrv226"}
{:place=>650, :route=>[-234, -235, -237, 224], :url=>"xrv224xrv-237xrv-235xrv-234"}
{:place=>1128, :route=>[230, 229, 228, 240, 239], :url=>"xrv239xrv240xrv228xrv229xrv230"}
{:place=>207, :route=>[-235, -238, 222, 223, 224], :url=>"xrv224xrv223xrv222xrv-238xrv-235"}
{:place=>1125, :route=>[225, -222, 238, -237, 224], :url=>"xrv224xrv-237xrv238xrv-222xrv225"}
{:place=>45, :route=>[-233, -234, -235, -237, 224], :url=>"xrv224xrv-237xrv-235xrv-234xrv-233"}
{:place=>976, :route=>[220, 21, 221, 222, 223, 224], :url=>"xrv224xrv223xrv222xrv221xrv21xrv220"}
{:place=>650, :route=>[-234, -235, -238, 222, 223, 224], :url=>"xrv224xrv223xrv222xrv-238xrv-235xrv-234"}
{:place=>976, :route=>[220, 21, 221, 238, -237, 224], :url=>"xrv224xrv-237xrv238xrv221xrv21xrv220"}
{:place=>769, :route=>[226, 225, -222, 238, -237, 224], :url=>"xrv224xrv-237xrv238xrv-222xrv225xrv226"}
{:place=>976, :route=>[-231, -233, -234, -235, -237, 224], :url=>"xrv224xrv-237xrv-235xrv-234xrv-233xrv-231"}
{:place=>1132, :route=>[-241, -242, -243, -235, -237, 224], :url=>"xrv224xrv-237xrv-235xrv-243xrv-242xrv-241"}
{:place=>45, :route=>[231, 220, 21, 221, 222, 223, 224], :url=>"xrv224xrv223xrv222xrv221xrv21xrv220xrv231"}
{:place=>45, :route=>[-233, -234, -235, -238, 222, 223, 224], :url=>"xrv224xrv223xrv222xrv-238xrv-235xrv-234xrv-233"}
{:place=>419, :route=>[229, 228, 227, 226, 225, 223, 224], :url=>"xrv224xrv223xrv225xrv226xrv227xrv228xrv229"}
{:place=>1130, :route=>[-240, 227, 226, 225, 223, 224], :url=>"xrv224xrv223xrv225xrv226xrv227xrv-240"}
{:place=>45, :route=>[231, 220, 21, 221, 238, -237, 224], :url=>"xrv224xrv-237xrv238xrv221xrv21xrv220xrv231"}
{:place=>207, :route=>[-235, -238, 222, -225, -226, -227, 240, 239], :url=>"xrv239xrv240xrv-227xrv-226xrv-225xrv222xrv-238xrv-235"}
{:place=>207, :route=>[-235, -237, -223, -225, -226, -227, 240, 239], :url=>"xrv239xrv240xrv-227xrv-226xrv-225xrv-223xrv-237xrv-235"}
{:place=>650, :route=>[233, 231, 220, 21, 221, 222, 223, 224], :url=>"xrv224xrv223xrv222xrv221xrv21xrv220xrv231xrv233"}
{:place=>471, :route=>[22, -219, 220, 21, 221, 222, 223, 224], :url=>"xrv224xrv223xrv222xrv221xrv21xrv220xrv-219xrv22"}
{:place=>976, :route=>[-231, -233, -234, -235, -238, 222, 223, 224], :url=>"xrv224xrv223xrv222xrv-238xrv-235xrv-234xrv-233xrv-231"}
{:place=>1132, :route=>[-241, -242, -243, -235, -238, 222, 223, 224], :url=>"xrv224xrv223xrv222xrv-238xrv-235xrv-243xrv-242xrv-241"}
{:place=>1128, :route=>[230, 229, 228, 227, 226, 225, 223, 224], :url=>"xrv224xrv223xrv225xrv226xrv227xrv228xrv229xrv230"}
{:place=>650, :route=>[233, 231, 220, 21, 221, 238, -237, 224], :url=>"xrv224xrv-237xrv238xrv221xrv21xrv220xrv231xrv233"}
{:place=>471, :route=>[22, -219, 220, 21, 221, 238, -237, 224], :url=>"xrv224xrv-237xrv238xrv221xrv21xrv220xrv-219xrv22"}
{:place=>471, :route=>[22, -219, -231, -233, -234, -235, -237, 224], :url=>"xrv224xrv-237xrv-235xrv-234xrv-233xrv-231xrv-219xrv22"}
{:place=>976, :route=>[220, 21, 221, 222, -225, -226, -227, 240, 239], :url=>"xrv239xrv240xrv-227xrv-226xrv-225xrv222xrv221xrv21xrv220"}
{:place=>1124, :route=>[237, -238, 222, -225, -226, -227, 240, 239], :url=>"xrv239xrv240xrv-227xrv-226xrv-225xrv222xrv-238xrv237"}
{:place=>650, :route=>[-234, -235, -238, 222, -225, -226, -227, 240, 239], :url=>"xrv239xrv240xrv-227xrv-226xrv-225xrv222xrv-238xrv-235xrv-234"}
{:place=>650, :route=>[-234, -235, -237, -223, -225, -226, -227, 240, 239], :url=>"xrv239xrv240xrv-227xrv-226xrv-225xrv-223xrv-237xrv-235xrv-234"}
{:place=>207, :route=>[234, 233, 231, 220, 21, 221, 222, 223, 224], :url=>"xrv224xrv223xrv222xrv221xrv21xrv220xrv231xrv233xrv234"}
{:place=>207, :route=>[234, 233, 231, 220, 21, 221, 238, -237, 224], :url=>"xrv224xrv-237xrv238xrv221xrv21xrv220xrv231xrv233xrv234"}
{:place=>419, :route=>[229, 228, 227, 226, 225, -222, 238, -237, 224], :url=>"xrv224xrv-237xrv238xrv-222xrv225xrv226xrv227xrv228xrv229"}
{:place=>1130, :route=>[-240, 227, 226, 225, -222, 238, -237, 224], :url=>"xrv224xrv-237xrv238xrv-222xrv225xrv226xrv227xrv-240"}
{:place=>45, :route=>[231, 220, 21, 221, 222, -225, -226, -227, 240, 239], :url=>"xrv239xrv240xrv-227xrv-226xrv-225xrv222xrv221xrv21xrv220xrv231"}
{:place=>45, :route=>[-233, -234, -235, -238, 222, -225, -226, -227, 240, 239], :url=>"xrv239xrv240xrv-227xrv-226xrv-225xrv222xrv-238xrv-235xrv-234xrv-233"}
{:place=>45, :route=>[-233, -234, -235, -237, -223, -225, -226, -227, 240, 239], :url=>"xrv239xrv240xrv-227xrv-226xrv-225xrv-223xrv-237xrv-235xrv-234xrv-233"}
{:place=>471, :route=>[22, -219, -231, -233, -234, -235, -238, 222, 223, 224], :url=>"xrv224xrv223xrv222xrv-238xrv-235xrv-234xrv-233xrv-231xrv-219xrv22"}
{:place=>1128, :route=>[230, 229, 228, 227, 226, 225, -222, 238, -237, 224], :url=>"xrv224xrv-237xrv238xrv-222xrv225xrv226xrv227xrv228xrv229xrv230"}
{:place=>650, :route=>[233, 231, 220, 21, 221, 222, -225, -226, -227, 240, 239], :url=>"xrv239xrv240xrv-227xrv-226xrv-225xrv222xrv221xrv21xrv220xrv231xrv233"}
{:place=>471, :route=>[22, -219, 220, 21, 221, 222, -225, -226, -227, 240, 239], :url=>"xrv239xrv240xrv-227xrv-226xrv-225xrv222xrv221xrv21xrv220xrv-219xrv22"}
{:place=>976, :route=>[-231, -233, -234, -235, -238, 222, -225, -226, -227, 240, 239], :url=>"xrv239xrv240xrv-227xrv-226xrv-225xrv222xrv-238xrv-235xrv-234xrv-233xrv-231"}
{:place=>1132, :route=>[-241, -242, -243, -235, -238, 222, -225, -226, -227, 240, 239], :url=>"xrv239xrv240xrv-227xrv-226xrv-225xrv222xrv-238xrv-235xrv-243xrv-242xrv-241"}
{:place=>976, :route=>[220, 21, 221, 238, -237, -223, -225, -226, -227, 240, 239], :url=>"xrv239xrv240xrv-227xrv-226xrv-225xrv-223xrv-237xrv238xrv221xrv21xrv220"}
{:place=>976, :route=>[-231, -233, -234, -235, -237, -223, -225, -226, -227, 240, 239], :url=>"xrv239xrv240xrv-227xrv-226xrv-225xrv-223xrv-237xrv-235xrv-234xrv-233xrv-231"}
{:place=>1132, :route=>[-241, -242, -243, -235, -237, -223, -225, -226, -227, 240, 239], :url=>"xrv239xrv240xrv-227xrv-226xrv-225xrv-223xrv-237xrv-235xrv-243xrv-242xrv-241"}
{:place=>1129, :route=>[235, 234, 233, 231, 220, 21, 221, 222, 223, 224], :url=>"xrv224xrv223xrv222xrv221xrv21xrv220xrv231xrv233xrv234xrv235"}
{:place=>258, :route=>[215, -216, -217, -218, -219, 220, 21, 221, 222, 223, 224], :url=>"xrv224xrv223xrv222xrv221xrv21xrv220xrv-219xrv-218xrv-217xrv-216xrv215"}
{:place=>58, :route=>[-214, -216, -217, -218, -219, 220, 21, 221, 222, 223, 224], :url=>"xrv224xrv223xrv222xrv221xrv21xrv220xrv-219xrv-218xrv-217xrv-216xrv-214"}
{:place=>1122, :route=>[-21, -220, -231, -233, -234, -235, -238, 222, 223, 224], :url=>"xrv224xrv223xrv222xrv-238xrv-235xrv-234xrv-233xrv-231xrv-220xrv-21"}
{:place=>258, :route=>[215, -216, -217, -218, -219, 220, 21, 221, 238, -237, 224], :url=>"xrv224xrv-237xrv238xrv221xrv21xrv220xrv-219xrv-218xrv-217xrv-216xrv215"}
{:place=>58, :route=>[-214, -216, -217, -218, -219, 220, 21, 221, 238, -237, 224], :url=>"xrv224xrv-237xrv238xrv221xrv21xrv220xrv-219xrv-218xrv-217xrv-216xrv-214"}
{:place=>1125, :route=>[225, -222, -221, -21, -220, -231, -233, -234, -235, -237, 224], :url=>"xrv224xrv-237xrv-235xrv-234xrv-233xrv-231xrv-220xrv-21xrv-221xrv-222xrv225"}
{:place=>258, :route=>[215, -216, -217, -218, -219, -231, -233, -234, -235, -237, 224], :url=>"xrv224xrv-237xrv-235xrv-234xrv-233xrv-231xrv-219xrv-218xrv-217xrv-216xrv215"}
{:place=>58, :route=>[-214, -216, -217, -218, -219, -231, -233, -234, -235, -237, 224], :url=>"xrv224xrv-237xrv-235xrv-234xrv-233xrv-231xrv-219xrv-218xrv-217xrv-216xrv-214"}
{:place=>207, :route=>[234, 233, 231, 220, 21, 221, 222, -225, -226, -227, 240, 239], :url=>"xrv239xrv240xrv-227xrv-226xrv-225xrv222xrv221xrv21xrv220xrv231xrv233xrv234"}
{:place=>45, :route=>[231, 220, 21, 221, 238, -237, -223, -225, -226, -227, 240, 239], :url=>"xrv239xrv240xrv-227xrv-226xrv-225xrv-223xrv-237xrv238xrv221xrv21xrv220xrv231"}
{:place=>1132, :route=>[-241, -242, -243, 234, 233, 231, 220, 21, 221, 222, 223, 224], :url=>"xrv224xrv223xrv222xrv221xrv21xrv220xrv231xrv233xrv234xrv-243xrv-242xrv-241"}
{:place=>271, :route=>[246, 245, 244, -217, -218, -219, 220, 21, 221, 222, 223, 224], :url=>"xrv224xrv223xrv222xrv221xrv21xrv220xrv-219xrv-218xrv-217xrv244xrv245xrv246"}
{:place=>1132, :route=>[-241, -242, -243, 234, 233, 231, 220, 21, 221, 238, -237, 224], :url=>"xrv224xrv-237xrv238xrv221xrv21xrv220xrv231xrv233xrv234xrv-243xrv-242xrv-241"}
{:place=>271, :route=>[246, 245, 244, -217, -218, -219, 220, 21, 221, 238, -237, 224], :url=>"xrv224xrv-237xrv238xrv221xrv21xrv220xrv-219xrv-218xrv-217xrv244xrv245xrv246"}
{:place=>769, :route=>[226, 225, -222, -221, -21, -220, -231, -233, -234, -235, -237, 224], :url=>"xrv224xrv-237xrv-235xrv-234xrv-233xrv-231xrv-220xrv-21xrv-221xrv-222xrv225xrv226"}
{:place=>271, :route=>[246, 245, 244, -217, -218, -219, -231, -233, -234, -235, -237, 224], :url=>"xrv224xrv-237xrv-235xrv-234xrv-233xrv-231xrv-219xrv-218xrv-217xrv244xrv245xrv246"}
{:place=>471, :route=>[22, -219, -231, -233, -234, -235, -238, 222, -225, -226, -227, 240, 239], :url=>"xrv239xrv240xrv-227xrv-226xrv-225xrv222xrv-238xrv-235xrv-234xrv-233xrv-231xrv-219xrv22"}
{:place=>650, :route=>[233, 231, 220, 21, 221, 238, -237, -223, -225, -226, -227, 240, 239], :url=>"xrv239xrv240xrv-227xrv-226xrv-225xrv-223xrv-237xrv238xrv221xrv21xrv220xrv231xrv233"}
{:place=>471, :route=>[22, -219, 220, 21, 221, 238, -237, -223, -225, -226, -227, 240, 239], :url=>"xrv239xrv240xrv-227xrv-226xrv-225xrv-223xrv-237xrv238xrv221xrv21xrv220xrv-219xrv22"}
{:place=>471, :route=>[22, -219, -231, -233, -234, -235, -237, -223, -225, -226, -227, 240, 239], :url=>"xrv239xrv240xrv-227xrv-226xrv-225xrv-223xrv-237xrv-235xrv-234xrv-233xrv-231xrv-219xrv22"}
{:place=>528, :route=>[212, -213, -214, -216, -217, -218, -219, 220, 21, 221, 222, 223, 224], :url=>"xrv224xrv223xrv222xrv221xrv21xrv220xrv-219xrv-218xrv-217xrv-216xrv-214xrv-213xrv212"}
{:place=>827, :route=>[-211, -213, -214, -216, -217, -218, -219, 220, 21, 221, 222, 223, 224], :url=>"xrv224xrv223xrv222xrv221xrv21xrv220xrv-219xrv-218xrv-217xrv-216xrv-214xrv-213xrv-211"}
{:place=>258, :route=>[215, -216, -217, -218, -219, -231, -233, -234, -235, -238, 222, 223, 224], :url=>"xrv224xrv223xrv222xrv-238xrv-235xrv-234xrv-233xrv-231xrv-219xrv-218xrv-217xrv-216xrv215"}
{:place=>58, :route=>[-214, -216, -217, -218, -219, -231, -233, -234, -235, -238, 222, 223, 224], :url=>"xrv224xrv223xrv222xrv-238xrv-235xrv-234xrv-233xrv-231xrv-219xrv-218xrv-217xrv-216xrv-214"}
{:place=>528, :route=>[212, -213, -214, -216, -217, -218, -219, 220, 21, 221, 238, -237, 224], :url=>"xrv224xrv-237xrv238xrv221xrv21xrv220xrv-219xrv-218xrv-217xrv-216xrv-214xrv-213xrv212"}
{:place=>827, :route=>[-211, -213, -214, -216, -217, -218, -219, 220, 21, 221, 238, -237, 224], :url=>"xrv224xrv-237xrv238xrv221xrv21xrv220xrv-219xrv-218xrv-217xrv-216xrv-214xrv-213xrv-211"}
{:place=>528, :route=>[212, -213, -214, -216, -217, -218, -219, -231, -233, -234, -235, -237, 224], :url=>"xrv224xrv-237xrv-235xrv-234xrv-233xrv-231xrv-219xrv-218xrv-217xrv-216xrv-214xrv-213xrv212"}
{:place=>827, :route=>[-211, -213, -214, -216, -217, -218, -219, -231, -233, -234, -235, -237, 224], :url=>"xrv224xrv-237xrv-235xrv-234xrv-233xrv-231xrv-219xrv-218xrv-217xrv-216xrv-214xrv-213xrv-211"}
{:place=>258, :route=>[215, -216, -217, -218, -219, 220, 21, 221, 222, -225, -226, -227, 240, 239], :url=>"xrv239xrv240xrv-227xrv-226xrv-225xrv222xrv221xrv21xrv220xrv-219xrv-218xrv-217xrv-216xrv215"}
{:place=>58, :route=>[-214, -216, -217, -218, -219, 220, 21, 221, 222, -225, -226, -227, 240, 239], :url=>"xrv239xrv240xrv-227xrv-226xrv-225xrv222xrv221xrv21xrv220xrv-219xrv-218xrv-217xrv-216xrv-214"}
{:place=>1122, :route=>[-21, -220, -231, -233, -234, -235, -238, 222, -225, -226, -227, 240, 239], :url=>"xrv239xrv240xrv-227xrv-226xrv-225xrv222xrv-238xrv-235xrv-234xrv-233xrv-231xrv-220xrv-21"}
{:place=>207, :route=>[234, 233, 231, 220, 21, 221, 238, -237, -223, -225, -226, -227, 240, 239], :url=>"xrv239xrv240xrv-227xrv-226xrv-225xrv-223xrv-237xrv238xrv221xrv21xrv220xrv231xrv233xrv234"}
{:place=>397, :route=>[-210, -211, -213, -214, -216, -217, -218, -219, 220, 21, 221, 222, 223, 224], :url=>"xrv224xrv223xrv222xrv221xrv21xrv220xrv-219xrv-218xrv-217xrv-216xrv-214xrv-213xrv-211xrv-210"}
{:place=>271, :route=>[246, 245, 244, -217, -218, -219, -231, -233, -234, -235, -238, 222, 223, 224], :url=>"xrv224xrv223xrv222xrv-238xrv-235xrv-234xrv-233xrv-231xrv-219xrv-218xrv-217xrv244xrv245xrv246"}
{:place=>397, :route=>[-210, -211, -213, -214, -216, -217, -218, -219, 220, 21, 221, 238, -237, 224], :url=>"xrv224xrv-237xrv238xrv221xrv21xrv220xrv-219xrv-218xrv-217xrv-216xrv-214xrv-213xrv-211xrv-210"}
{:place=>397, :route=>[-210, -211, -213, -214, -216, -217, -218, -219, -231, -233, -234, -235, -237, 224], :url=>"xrv224xrv-237xrv-235xrv-234xrv-233xrv-231xrv-219xrv-218xrv-217xrv-216xrv-214xrv-213xrv-211xrv-210"}
{:place=>471, :route=>[-272], :url=>"xrv-272", :startplace=>974}
{:place=>471, :route=>[-272, -239, -240, 227], :url=>"xrv227xrv-240xrv-239xrv-272", :startplace=>769}
{:place=>471, :route=>[-272, -224, -223, -225], :url=>"xrv-225xrv-223xrv-224xrv-272", :startplace=>1125}
{:place=>471, :route=>[-272, -224, 237, 235], :url=>"xrv235xrv237xrv-224xrv-272", :startplace=>207}
{:place=>471, :route=>[-272, -239, -240, -228, -229], :url=>"xrv-229xrv-228xrv-240xrv-239xrv-272", :startplace=>419}
{:place=>471, :route=>[-272, -239, -240, 227, 226], :url=>"xrv226xrv227xrv-240xrv-239xrv-272", :startplace=>1125}
{:place=>471, :route=>[-272, -224, -223, -225, -226], :url=>"xrv-226xrv-225xrv-223xrv-224xrv-272", :startplace=>769}
{:place=>471, :route=>[-272, -224, 237, 235, 234], :url=>"xrv234xrv235xrv237xrv-224xrv-272", :startplace=>650}
{:place=>471, :route=>[-272, -239, -240, -228, -229, -230], :url=>"xrv-230xrv-229xrv-228xrv-240xrv-239xrv-272", :startplace=>1128}
{:place=>471, :route=>[-272, -224, -223, -222, 238, 235], :url=>"xrv235xrv238xrv-222xrv-223xrv-224xrv-272", :startplace=>207}
{:place=>471, :route=>[-272, -224, 237, -238, 222, -225], :url=>"xrv-225xrv222xrv-238xrv237xrv-224xrv-272", :startplace=>1125}
{:place=>471, :route=>[-272, -224, 237, 235, 234, 233], :url=>"xrv233xrv234xrv235xrv237xrv-224xrv-272", :startplace=>45}
{:place=>471, :route=>[-272, -224, -223, -222, -221, -21, -220], :url=>"xrv-220xrv-21xrv-221xrv-222xrv-223xrv-224xrv-272", :startplace=>976}
{:place=>471, :route=>[-272, -224, -223, -222, 238, 235, 234], :url=>"xrv234xrv235xrv238xrv-222xrv-223xrv-224xrv-272", :startplace=>650}
{:place=>471, :route=>[-272, -224, 237, -238, -221, -21, -220], :url=>"xrv-220xrv-21xrv-221xrv-238xrv237xrv-224xrv-272", :startplace=>976}
{:place=>471, :route=>[-272, -224, 237, -238, 222, -225, -226], :url=>"xrv-226xrv-225xrv222xrv-238xrv237xrv-224xrv-272", :startplace=>769}
{:place=>471, :route=>[-272, -224, 237, 235, 234, 233, 231], :url=>"xrv231xrv233xrv234xrv235xrv237xrv-224xrv-272", :startplace=>976}
{:place=>471, :route=>[-272, -224, 237, 235, 243, 242, 241], :url=>"xrv241xrv242xrv243xrv235xrv237xrv-224xrv-272", :startplace=>1132}
{:place=>471, :route=>[-272, -224, -223, -222, -221, -21, -220, -231], :url=>"xrv-231xrv-220xrv-21xrv-221xrv-222xrv-223xrv-224xrv-272", :startplace=>45}
{:place=>471, :route=>[-272, -224, -223, -222, 238, 235, 234, 233], :url=>"xrv233xrv234xrv235xrv238xrv-222xrv-223xrv-224xrv-272", :startplace=>45}
{:place=>471, :route=>[-272, -224, -223, -225, -226, -227, -228, -229], :url=>"xrv-229xrv-228xrv-227xrv-226xrv-225xrv-223xrv-224xrv-272", :startplace=>419}
{:place=>471, :route=>[-272, -224, -223, -225, -226, -227, 240], :url=>"xrv240xrv-227xrv-226xrv-225xrv-223xrv-224xrv-272", :startplace=>1130}
{:place=>471, :route=>[-272, -224, 237, -238, -221, -21, -220, -231], :url=>"xrv-231xrv-220xrv-21xrv-221xrv-238xrv237xrv-224xrv-272", :startplace=>45}
{:place=>471, :route=>[-272, -239, -240, 227, 226, 225, -222, 238, 235], :url=>"xrv235xrv238xrv-222xrv225xrv226xrv227xrv-240xrv-239xrv-272", :startplace=>207}
{:place=>471, :route=>[-272, -239, -240, 227, 226, 225, 223, 237, 235], :url=>"xrv235xrv237xrv223xrv225xrv226xrv227xrv-240xrv-239xrv-272", :startplace=>207}
{:place=>471, :route=>[-272, -224, -223, -222, -221, -21, -220, -231, -233], :url=>"xrv-233xrv-231xrv-220xrv-21xrv-221xrv-222xrv-223xrv-224xrv-272", :startplace=>650}
{:place=>471, :route=>[-272, -224, -223, -222, -221, -21, -220, 219, -22], :url=>"xrv-22xrv219xrv-220xrv-21xrv-221xrv-222xrv-223xrv-224xrv-272", :startplace=>471}
{:place=>471, :route=>[-272, -224, -223, -222, 238, 235, 234, 233, 231], :url=>"xrv231xrv233xrv234xrv235xrv238xrv-222xrv-223xrv-224xrv-272", :startplace=>976}
{:place=>471, :route=>[-272, -224, -223, -222, 238, 235, 243, 242, 241], :url=>"xrv241xrv242xrv243xrv235xrv238xrv-222xrv-223xrv-224xrv-272", :startplace=>1132}
{:place=>471, :route=>[-272, -224, -223, -225, -226, -227, -228, -229, -230], :url=>"xrv-230xrv-229xrv-228xrv-227xrv-226xrv-225xrv-223xrv-224xrv-272", :startplace=>1128}
{:place=>471, :route=>[-272, -224, 237, -238, -221, -21, -220, -231, -233], :url=>"xrv-233xrv-231xrv-220xrv-21xrv-221xrv-238xrv237xrv-224xrv-272", :startplace=>650}
{:place=>471, :route=>[-272, -224, 237, -238, -221, -21, -220, 219, -22], :url=>"xrv-22xrv219xrv-220xrv-21xrv-221xrv-238xrv237xrv-224xrv-272", :startplace=>471}
{:place=>471, :route=>[-272, -224, 237, 235, 234, 233, 231, 219, -22], :url=>"xrv-22xrv219xrv231xrv233xrv234xrv235xrv237xrv-224xrv-272", :startplace=>471}
{:place=>471, :route=>[-272, -239, -240, 227, 226, 225, -222, -221, -21, -220], :url=>"xrv-220xrv-21xrv-221xrv-222xrv225xrv226xrv227xrv-240xrv-239xrv-272", :startplace=>976}
{:place=>471, :route=>[-272, -239, -240, 227, 226, 225, -222, 238, -237], :url=>"xrv-237xrv238xrv-222xrv225xrv226xrv227xrv-240xrv-239xrv-272", :startplace=>1124}
{:place=>471, :route=>[-272, -239, -240, 227, 226, 225, -222, 238, 235, 234], :url=>"xrv234xrv235xrv238xrv-222xrv225xrv226xrv227xrv-240xrv-239xrv-272", :startplace=>650}
{:place=>471, :route=>[-272, -239, -240, 227, 226, 225, 223, 237, 235, 234], :url=>"xrv234xrv235xrv237xrv223xrv225xrv226xrv227xrv-240xrv-239xrv-272", :startplace=>650}
{:place=>471, :route=>[-272, -224, -223, -222, -221, -21, -220, -231, -233, -234], :url=>"xrv-234xrv-233xrv-231xrv-220xrv-21xrv-221xrv-222xrv-223xrv-224xrv-272", :startplace=>207}
{:place=>471, :route=>[-272, -224, 237, -238, -221, -21, -220, -231, -233, -234], :url=>"xrv-234xrv-233xrv-231xrv-220xrv-21xrv-221xrv-238xrv237xrv-224xrv-272", :startplace=>207}
{:place=>471, :route=>[-272, -224, 237, -238, 222, -225, -226, -227, -228, -229], :url=>"xrv-229xrv-228xrv-227xrv-226xrv-225xrv222xrv-238xrv237xrv-224xrv-272", :startplace=>419}
{:place=>471, :route=>[-272, -224, 237, -238, 222, -225, -226, -227, 240], :url=>"xrv240xrv-227xrv-226xrv-225xrv222xrv-238xrv237xrv-224xrv-272", :startplace=>1130}
{:place=>471, :route=>[-272, -239, -240, 227, 226, 225, -222, -221, -21, -220, -231], :url=>"xrv-231xrv-220xrv-21xrv-221xrv-222xrv225xrv226xrv227xrv-240xrv-239xrv-272", :startplace=>45}
{:place=>471, :route=>[-272, -239, -240, 227, 226, 225, -222, 238, 235, 234, 233], :url=>"xrv233xrv234xrv235xrv238xrv-222xrv225xrv226xrv227xrv-240xrv-239xrv-272", :startplace=>45}
{:place=>471, :route=>[-272, -239, -240, 227, 226, 225, 223, 237, 235, 234, 233], :url=>"xrv233xrv234xrv235xrv237xrv223xrv225xrv226xrv227xrv-240xrv-239xrv-272", :startplace=>45}
{:place=>471, :route=>[-272, -224, -223, -222, 238, 235, 234, 233, 231, 219, -22], :url=>"xrv-22xrv219xrv231xrv233xrv234xrv235xrv238xrv-222xrv-223xrv-224xrv-272", :startplace=>471}
{:place=>471, :route=>[-272, -224, 237, -238, 222, -225, -226, -227, -228, -229, -230], :url=>"xrv-230xrv-229xrv-228xrv-227xrv-226xrv-225xrv222xrv-238xrv237xrv-224xrv-272", :startplace=>1128}
{:place=>471, :route=>[-272, -239, -240, 227, 226, 225, -222, -221, -21, -220, -231, -233], :url=>"xrv-233xrv-231xrv-220xrv-21xrv-221xrv-222xrv225xrv226xrv227xrv-240xrv-239xrv-272", :startplace=>650}
{:place=>471, :route=>[-272, -239, -240, 227, 226, 225, -222, -221, -21, -220, 219, -22], :url=>"xrv-22xrv219xrv-220xrv-21xrv-221xrv-222xrv225xrv226xrv227xrv-240xrv-239xrv-272", :startplace=>471}
{:place=>471, :route=>[-272, -239, -240, 227, 226, 225, -222, 238, 235, 234, 233, 231], :url=>"xrv231xrv233xrv234xrv235xrv238xrv-222xrv225xrv226xrv227xrv-240xrv-239xrv-272", :startplace=>976}
{:place=>471, :route=>[-272, -239, -240, 227, 226, 225, -222, 238, 235, 243, 242, 241], :url=>"xrv241xrv242xrv243xrv235xrv238xrv-222xrv225xrv226xrv227xrv-240xrv-239xrv-272", :startplace=>1132}
{:place=>471, :route=>[-272, -239, -240, 227, 226, 225, 223, 237, -238, -221, -21, -220], :url=>"xrv-220xrv-21xrv-221xrv-238xrv237xrv223xrv225xrv226xrv227xrv-240xrv-239xrv-272", :startplace=>976}
{:place=>471, :route=>[-272, -239, -240, 227, 226, 225, 223, 237, 235, 234, 233, 231], :url=>"xrv231xrv233xrv234xrv235xrv237xrv223xrv225xrv226xrv227xrv-240xrv-239xrv-272", :startplace=>976}
{:place=>471, :route=>[-272, -239, -240, 227, 226, 225, 223, 237, 235, 243, 242, 241], :url=>"xrv241xrv242xrv243xrv235xrv237xrv223xrv225xrv226xrv227xrv-240xrv-239xrv-272", :startplace=>1132}
{:place=>471, :route=>[-272, -224, -223, -222, -221, -21, -220, -231, -233, -234, -235], :url=>"xrv-235xrv-234xrv-233xrv-231xrv-220xrv-21xrv-221xrv-222xrv-223xrv-224xrv-272", :startplace=>1129}
{:place=>471, :route=>[-272, -224, -223, -222, -221, -21, -220, 219, 218, 217, 216, -215], :url=>"xrv-215xrv216xrv217xrv218xrv219xrv-220xrv-21xrv-221xrv-222xrv-223xrv-224xrv-272", :startplace=>258}
{:place=>471, :route=>[-272, -224, -223, -222, -221, -21, -220, 219, 218, 217, 216, 214], :url=>"xrv214xrv216xrv217xrv218xrv219xrv-220xrv-21xrv-221xrv-222xrv-223xrv-224xrv-272", :startplace=>58}
{:place=>471, :route=>[-272, -224, -223, -222, 238, 235, 234, 233, 231, 220, 21], :url=>"xrv21xrv220xrv231xrv233xrv234xrv235xrv238xrv-222xrv-223xrv-224xrv-272", :startplace=>1122}
{:place=>471, :route=>[-272, -224, 237, -238, -221, -21, -220, 219, 218, 217, 216, -215], :url=>"xrv-215xrv216xrv217xrv218xrv219xrv-220xrv-21xrv-221xrv-238xrv237xrv-224xrv-272", :startplace=>258}
{:place=>471, :route=>[-272, -224, 237, -238, -221, -21, -220, 219, 218, 217, 216, 214], :url=>"xrv214xrv216xrv217xrv218xrv219xrv-220xrv-21xrv-221xrv-238xrv237xrv-224xrv-272", :startplace=>58}
{:place=>471, :route=>[-272, -224, 237, 235, 234, 233, 231, 220, 21, 221, 222, -225], :url=>"xrv-225xrv222xrv221xrv21xrv220xrv231xrv233xrv234xrv235xrv237xrv-224xrv-272", :startplace=>1125}
{:place=>471, :route=>[-272, -224, 237, 235, 234, 233, 231, 219, 218, 217, 216, -215], :url=>"xrv-215xrv216xrv217xrv218xrv219xrv231xrv233xrv234xrv235xrv237xrv-224xrv-272", :startplace=>258}
{:place=>471, :route=>[-272, -224, 237, 235, 234, 233, 231, 219, 218, 217, 216, 214], :url=>"xrv214xrv216xrv217xrv218xrv219xrv231xrv233xrv234xrv235xrv237xrv-224xrv-272", :startplace=>58}
{:place=>471, :route=>[-272, -239, -240, 227, 226, 225, -222, -221, -21, -220, -231, -233, -234], :url=>"xrv-234xrv-233xrv-231xrv-220xrv-21xrv-221xrv-222xrv225xrv226xrv227xrv-240xrv-239xrv-272", :startplace=>207}
{:place=>471, :route=>[-272, -239, -240, 227, 226, 225, 223, 237, -238, -221, -21, -220, -231], :url=>"xrv-231xrv-220xrv-21xrv-221xrv-238xrv237xrv223xrv225xrv226xrv227xrv-240xrv-239xrv-272", :startplace=>45}
{:place=>471, :route=>[-272, -224, -223, -222, -221, -21, -220, -231, -233, -234, 243, 242, 241], :url=>"xrv241xrv242xrv243xrv-234xrv-233xrv-231xrv-220xrv-21xrv-221xrv-222xrv-223xrv-224xrv-272", :startplace=>1132}
{:place=>471, :route=>[-272, -224, -223, -222, -221, -21, -220, 219, 218, 217, -244, -245, -246], :url=>"xrv-246xrv-245xrv-244xrv217xrv218xrv219xrv-220xrv-21xrv-221xrv-222xrv-223xrv-224xrv-272", :startplace=>271}
{:place=>471, :route=>[-272, -224, 237, -238, -221, -21, -220, -231, -233, -234, 243, 242, 241], :url=>"xrv241xrv242xrv243xrv-234xrv-233xrv-231xrv-220xrv-21xrv-221xrv-238xrv237xrv-224xrv-272", :startplace=>1132}
{:place=>471, :route=>[-272, -224, 237, -238, -221, -21, -220, 219, 218, 217, -244, -245, -246], :url=>"xrv-246xrv-245xrv-244xrv217xrv218xrv219xrv-220xrv-21xrv-221xrv-238xrv237xrv-224xrv-272", :startplace=>271}
{:place=>471, :route=>[-272, -224, 237, 235, 234, 233, 231, 220, 21, 221, 222, -225, -226], :url=>"xrv-226xrv-225xrv222xrv221xrv21xrv220xrv231xrv233xrv234xrv235xrv237xrv-224xrv-272", :startplace=>769}
{:place=>471, :route=>[-272, -224, 237, 235, 234, 233, 231, 219, 218, 217, -244, -245, -246], :url=>"xrv-246xrv-245xrv-244xrv217xrv218xrv219xrv231xrv233xrv234xrv235xrv237xrv-224xrv-272", :startplace=>271}
{:place=>471, :route=>[-272, -239, -240, 227, 226, 225, -222, 238, 235, 234, 233, 231, 219, -22], :url=>"xrv-22xrv219xrv231xrv233xrv234xrv235xrv238xrv-222xrv225xrv226xrv227xrv-240xrv-239xrv-272", :startplace=>471}
{:place=>471, :route=>[-272, -239, -240, 227, 226, 225, 223, 237, -238, -221, -21, -220, -231, -233], :url=>"xrv-233xrv-231xrv-220xrv-21xrv-221xrv-238xrv237xrv223xrv225xrv226xrv227xrv-240xrv-239xrv-272", :startplace=>650}
{:place=>471, :route=>[-272, -239, -240, 227, 226, 225, 223, 237, -238, -221, -21, -220, 219, -22], :url=>"xrv-22xrv219xrv-220xrv-21xrv-221xrv-238xrv237xrv223xrv225xrv226xrv227xrv-240xrv-239xrv-272", :startplace=>471}
{:place=>471, :route=>[-272, -239, -240, 227, 226, 225, 223, 237, 235, 234, 233, 231, 219, -22], :url=>"xrv-22xrv219xrv231xrv233xrv234xrv235xrv237xrv223xrv225xrv226xrv227xrv-240xrv-239xrv-272", :startplace=>471}
{:place=>471, :route=>[-272, -224, -223, -222, -221, -21, -220, 219, 218, 217, 216, 214, 213, -212], :url=>"xrv-212xrv213xrv214xrv216xrv217xrv218xrv219xrv-220xrv-21xrv-221xrv-222xrv-223xrv-224xrv-272", :startplace=>528}
{:place=>471, :route=>[-272, -224, -223, -222, -221, -21, -220, 219, 218, 217, 216, 214, 213, 211], :url=>"xrv211xrv213xrv214xrv216xrv217xrv218xrv219xrv-220xrv-21xrv-221xrv-222xrv-223xrv-224xrv-272", :startplace=>827}
{:place=>471, :route=>[-272, -224, -223, -222, 238, 235, 234, 233, 231, 219, 218, 217, 216, -215], :url=>"xrv-215xrv216xrv217xrv218xrv219xrv231xrv233xrv234xrv235xrv238xrv-222xrv-223xrv-224xrv-272", :startplace=>258}
{:place=>471, :route=>[-272, -224, -223, -222, 238, 235, 234, 233, 231, 219, 218, 217, 216, 214], :url=>"xrv214xrv216xrv217xrv218xrv219xrv231xrv233xrv234xrv235xrv238xrv-222xrv-223xrv-224xrv-272", :startplace=>58}
{:place=>471, :route=>[-272, -224, 237, -238, -221, -21, -220, 219, 218, 217, 216, 214, 213, -212], :url=>"xrv-212xrv213xrv214xrv216xrv217xrv218xrv219xrv-220xrv-21xrv-221xrv-238xrv237xrv-224xrv-272", :startplace=>528}
{:place=>471, :route=>[-272, -224, 237, -238, -221, -21, -220, 219, 218, 217, 216, 214, 213, 211], :url=>"xrv211xrv213xrv214xrv216xrv217xrv218xrv219xrv-220xrv-21xrv-221xrv-238xrv237xrv-224xrv-272", :startplace=>827}
{:place=>471, :route=>[-272, -224, 237, 235, 234, 233, 231, 219, 218, 217, 216, 214, 213, -212], :url=>"xrv-212xrv213xrv214xrv216xrv217xrv218xrv219xrv231xrv233xrv234xrv235xrv237xrv-224xrv-272", :startplace=>528}
{:place=>471, :route=>[-272, -224, 237, 235, 234, 233, 231, 219, 218, 217, 216, 214, 213, 211], :url=>"xrv211xrv213xrv214xrv216xrv217xrv218xrv219xrv231xrv233xrv234xrv235xrv237xrv-224xrv-272", :startplace=>827}
{:place=>471, :route=>[-272, -239, -240, 227, 226, 225, -222, -221, -21, -220, 219, 218, 217, 216, -215], :url=>"xrv-215xrv216xrv217xrv218xrv219xrv-220xrv-21xrv-221xrv-222xrv225xrv226xrv227xrv-240xrv-239xrv-272", :startplace=>258}
{:place=>471, :route=>[-272, -239, -240, 227, 226, 225, -222, -221, -21, -220, 219, 218, 217, 216, 214], :url=>"xrv214xrv216xrv217xrv218xrv219xrv-220xrv-21xrv-221xrv-222xrv225xrv226xrv227xrv-240xrv-239xrv-272", :startplace=>58}
{:place=>471, :route=>[-272, -239, -240, 227, 226, 225, -222, 238, 235, 234, 233, 231, 220, 21], :url=>"xrv21xrv220xrv231xrv233xrv234xrv235xrv238xrv-222xrv225xrv226xrv227xrv-240xrv-239xrv-272", :startplace=>1122}
{:place=>471, :route=>[-272, -239, -240, 227, 226, 225, 223, 237, -238, -221, -21, -220, -231, -233, -234], :url=>"xrv-234xrv-233xrv-231xrv-220xrv-21xrv-221xrv-238xrv237xrv223xrv225xrv226xrv227xrv-240xrv-239xrv-272", :startplace=>207}
{:place=>471, :route=>[-272, -224, -223, -222, -221, -21, -220, 219, 218, 217, 216, 214, 213, 211, 210], :url=>"xrv210xrv211xrv213xrv214xrv216xrv217xrv218xrv219xrv-220xrv-21xrv-221xrv-222xrv-223xrv-224xrv-272", :startplace=>397}
{:place=>471, :route=>[-272, -224, -223, -222, 238, 235, 234, 233, 231, 219, 218, 217, -244, -245, -246], :url=>"xrv-246xrv-245xrv-244xrv217xrv218xrv219xrv231xrv233xrv234xrv235xrv238xrv-222xrv-223xrv-224xrv-272", :startplace=>271}
{:place=>471, :route=>[-272, -224, 237, -238, -221, -21, -220, 219, 218, 217, 216, 214, 213, 211, 210], :url=>"xrv210xrv211xrv213xrv214xrv216xrv217xrv218xrv219xrv-220xrv-21xrv-221xrv-238xrv237xrv-224xrv-272", :startplace=>397}
{:place=>471, :route=>[-272, -224, 237, 235, 234, 233, 231, 219, 218, 217, 216, 214, 213, 211, 210], :url=>"xrv210xrv211xrv213xrv214xrv216xrv217xrv218xrv219xrv231xrv233xrv234xrv235xrv237xrv-224xrv-272", :startplace=>397}
  [1m[35mCACHE (0.0ms)[0m  SELECT "places".* FROM "places" WHERE "places"."id" = 471 LIMIT 1
  [1m[36mCACHE (0.0ms)[0m  [1mselect name, "isDest" from place_types[0m
  [1m[35mCACHE (0.0ms)[0m  SELECT "places".* FROM "places" WHERE "places"."id" = 471 LIMIT 1
  [1m[36mCACHE (0.0ms)[0m  [1mSELECT "places".* FROM "places" WHERE "places"."id" = 471 LIMIT 1[0m
  [1m[35mCACHE (0.0ms)[0m  select * from routes where startplace_id = 471
  [1m[36mCACHE (0.0ms)[0m  [1mselect * from routes where endplace_id = 471[0m
  [1m[35mCACHE (0.0ms)[0m  SELECT "places".* FROM "places" WHERE "places"."id" = $1 LIMIT 1  [["id", 471]]
  [1m[36mCACHE (0.0ms)[0m  [1mSELECT "places".* FROM "places" WHERE "places"."id" = $1 LIMIT 1[0m  [["id", 1119]]
  [1m[35mCACHE (0.0ms)[0m  SELECT "places".* FROM "places" WHERE "places"."id" = $1 LIMIT 1  [["id", 974]]
  [1m[36mCACHE (0.0ms)[0m  [1mSELECT "places".* FROM "places" WHERE "places"."id" = 974 LIMIT 1[0m
  [1m[35mCACHE (0.0ms)[0m  select * from routes where startplace_id = 974
  [1m[36mCACHE (0.0ms)[0m  [1mselect * from routes where endplace_id = 974[0m
  [1m[35mCACHE (0.0ms)[0m  SELECT "places".* FROM "places" WHERE "places"."id" = $1 LIMIT 1  [["id", 974]]
  [1m[36mCACHE (0.0ms)[0m  [1mSELECT "places".* FROM "places" WHERE "places"."id" = $1 LIMIT 1[0m  [["id", 471]]
  [1m[35mCACHE (0.0ms)[0m  SELECT "places".* FROM "places" WHERE "places"."id" = $1 LIMIT 1  [["id", 1130]]
  [1m[36mCACHE (0.0ms)[0m  [1mSELECT "places".* FROM "places" WHERE "places"."id" = $1 LIMIT 1[0m  [["id", 1124]]
  [1m[35mCACHE (0.0ms)[0m  SELECT "places".* FROM "places" WHERE "places"."id" = 1119 LIMIT 1
  [1m[36mCACHE (0.0ms)[0m  [1mselect * from routes where startplace_id = 1119[0m
  [1m[35mCACHE (0.0ms)[0m  select * from routes where endplace_id = 1119
  [1m[36mCACHE (0.0ms)[0m  [1mSELECT "places".* FROM "places" WHERE "places"."id" = $1 LIMIT 1[0m  [["id", 1119]]
  [1m[35mCACHE (0.0ms)[0m  SELECT "places".* FROM "places" WHERE "places"."id" = $1 LIMIT 1  [["id", 1120]]
  [1m[36mCACHE (0.0ms)[0m  [1mSELECT "places".* FROM "places" WHERE "places"."id" = $1 LIMIT 1[0m  [["id", 976]]
  [1m[35mCACHE (0.0ms)[0m  SELECT "places".* FROM "places" WHERE "places"."id" = $1 LIMIT 1  [["id", 471]]
  [1m[36mCACHE (0.0ms)[0m  [1mSELECT "places".* FROM "places" WHERE "places"."id" = 1130 LIMIT 1[0m
  [1m[35mCACHE (0.0ms)[0m  select * from routes where startplace_id = 1130
  [1m[36mCACHE (0.0ms)[0m  [1mselect * from routes where endplace_id = 1130[0m
  [1m[35mCACHE (0.0ms)[0m  SELECT "places".* FROM "places" WHERE "places"."id" = $1 LIMIT 1  [["id", 1130]]
  [1m[36mCACHE (0.0ms)[0m  [1mSELECT "places".* FROM "places" WHERE "places"."id" = $1 LIMIT 1[0m  [["id", 974]]
  [1m[35mCACHE (0.0ms)[0m  SELECT "places".* FROM "places" WHERE "places"."id" = $1 LIMIT 1  [["id", 1126]]
  [1m[36mCACHE (0.0ms)[0m  [1mSELECT "places".* FROM "places" WHERE "places"."id" = 1124 LIMIT 1[0m
  [1m[35mCACHE (0.0ms)[0m  select * from routes where startplace_id = 1124
  [1m[36mCACHE (0.0ms)[0m  [1mselect * from routes where endplace_id = 1124[0m
  [1m[35mCACHE (0.0ms)[0m  SELECT "places".* FROM "places" WHERE "places"."id" = $1 LIMIT 1  [["id", 1124]]
  [1m[36mCACHE (0.0ms)[0m  [1mSELECT "places".* FROM "places" WHERE "places"."id" = $1 LIMIT 1[0m  [["id", 1129]]
  [1m[35mCACHE (0.0ms)[0m  SELECT "places".* FROM "places" WHERE "places"."id" = $1 LIMIT 1  [["id", 1124]]
  [1m[36mCACHE (0.0ms)[0m  [1mSELECT "places".* FROM "places" WHERE "places"."id" = $1 LIMIT 1[0m  [["id", 974]]
  [1m[35mCACHE (0.0ms)[0m  SELECT "places".* FROM "places" WHERE "places"."id" = $1 LIMIT 1  [["id", 1123]]
  [1m[36mCACHE (0.0ms)[0m  [1mSELECT "places".* FROM "places" WHERE "places"."id" = 976 LIMIT 1[0m
  [1m[35mCACHE (0.0ms)[0m  select * from routes where startplace_id = 976
  [1m[36mCACHE (0.0ms)[0m  [1mselect * from routes where endplace_id = 976[0m
  [1m[35mCACHE (0.0ms)[0m  SELECT "places".* FROM "places" WHERE "places"."id" = $1 LIMIT 1  [["id", 976]]
  [1m[36mCACHE (0.0ms)[0m  [1mSELECT "places".* FROM "places" WHERE "places"."id" = $1 LIMIT 1[0m  [["id", 1121]]
  [1m[35mCACHE (0.0ms)[0m  SELECT "places".* FROM "places" WHERE "places"."id" = $1 LIMIT 1  [["id", 976]]
  [1m[36mCACHE (0.0ms)[0m  [1mSELECT "places".* FROM "places" WHERE "places"."id" = $1 LIMIT 1[0m  [["id", 1119]]
  [1m[35mCACHE (0.0ms)[0m  SELECT "places".* FROM "places" WHERE "places"."id" = $1 LIMIT 1  [["id", 45]]
  [1m[36mCACHE (0.0ms)[0m  [1mSELECT "places".* FROM "places" WHERE "places"."id" = 1120 LIMIT 1[0m
  [1m[35mCACHE (0.0ms)[0m  select * from routes where startplace_id = 1120
  [1m[36mCACHE (0.0ms)[0m  [1mselect * from routes where endplace_id = 1120[0m
  [1m[35mCACHE (0.0ms)[0m  SELECT "places".* FROM "places" WHERE "places"."id" = $1 LIMIT 1  [["id", 1120]]
  [1m[36mCACHE (0.0ms)[0m  [1mSELECT "places".* FROM "places" WHERE "places"."id" = $1 LIMIT 1[0m  [["id", 1118]]
  [1m[35mCACHE (0.0ms)[0m  SELECT "places".* FROM "places" WHERE "places"."id" = $1 LIMIT 1  [["id", 1119]]
  [1m[36mCACHE (0.0ms)[0m  [1mSELECT "places".* FROM "places" WHERE "places"."id" = 1126 LIMIT 1[0m
  [1m[35mCACHE (0.0ms)[0m  select * from routes where startplace_id = 1126
  [1m[36mCACHE (0.0ms)[0m  [1mselect * from routes where endplace_id = 1126[0m
  [1m[35mCACHE (0.0ms)[0m  SELECT "places".* FROM "places" WHERE "places"."id" = $1 LIMIT 1  [["id", 1126]]
  [1m[36mCACHE (0.0ms)[0m  [1mSELECT "places".* FROM "places" WHERE "places"."id" = $1 LIMIT 1[0m  [["id", 1130]]
  [1m[35mCACHE (0.0ms)[0m  SELECT "places".* FROM "places" WHERE "places"."id" = $1 LIMIT 1  [["id", 1126]]
  [1m[36mCACHE (0.0ms)[0m  [1mSELECT "places".* FROM "places" WHERE "places"."id" = $1 LIMIT 1[0m  [["id", 769]]
  [1m[35mCACHE (0.0ms)[0m  SELECT "places".* FROM "places" WHERE "places"."id" = $1 LIMIT 1  [["id", 1127]]
  [1m[36mCACHE (0.0ms)[0m  [1mSELECT "places".* FROM "places" WHERE "places"."id" = 1123 LIMIT 1[0m
  [1m[35mCACHE (0.0ms)[0m  select * from routes where startplace_id = 1123
  [1m[36mCACHE (0.0ms)[0m  [1mselect * from routes where endplace_id = 1123[0m
  [1m[35mCACHE (0.0ms)[0m  SELECT "places".* FROM "places" WHERE "places"."id" = $1 LIMIT 1  [["id", 1123]]
  [1m[36mCACHE (0.0ms)[0m  [1mSELECT "places".* FROM "places" WHERE "places"."id" = $1 LIMIT 1[0m  [["id", 1124]]
  [1m[35mCACHE (0.0ms)[0m  SELECT "places".* FROM "places" WHERE "places"."id" = $1 LIMIT 1  [["id", 975]]
  [1m[36mCACHE (0.0ms)[0m  [1mSELECT "places".* FROM "places" WHERE "places"."id" = $1 LIMIT 1[0m  [["id", 1125]]
  [1m[35mCACHE (0.0ms)[0m  SELECT "places".* FROM "places" WHERE "places"."id" = 1129 LIMIT 1
  [1m[36mCACHE (0.0ms)[0m  [1mselect * from routes where startplace_id = 1129[0m
  [1m[35mCACHE (0.0ms)[0m  select * from routes where endplace_id = 1129
  [1m[36mCACHE (0.0ms)[0m  [1mSELECT "places".* FROM "places" WHERE "places"."id" = $1 LIMIT 1[0m  [["id", 1129]]
  [1m[35mCACHE (0.0ms)[0m  SELECT "places".* FROM "places" WHERE "places"."id" = $1 LIMIT 1  [["id", 207]]
  [1m[36mCACHE (0.0ms)[0m  [1mSELECT "places".* FROM "places" WHERE "places"."id" = $1 LIMIT 1[0m  [["id", 1124]]
  [1m[35mCACHE (0.0ms)[0m  SELECT "places".* FROM "places" WHERE "places"."id" = $1 LIMIT 1  [["id", 975]]
  [1m[36mCACHE (0.0ms)[0m  [1mSELECT "places".* FROM "places" WHERE "places"."id" = 45 LIMIT 1[0m
  [1m[35mCACHE (0.0ms)[0m  select * from routes where startplace_id = 45
  [1m[36mCACHE (0.0ms)[0m  [1mselect * from routes where endplace_id = 45[0m
  [1m[35mCACHE (0.0ms)[0m  SELECT "places".* FROM "places" WHERE "places"."id" = $1 LIMIT 1  [["id", 45]]
  [1m[36mCACHE (0.0ms)[0m  [1mSELECT "places".* FROM "places" WHERE "places"."id" = $1 LIMIT 1[0m  [["id", 976]]
  [1m[35mCACHE (0.0ms)[0m  SELECT "places".* FROM "places" WHERE "places"."id" = $1 LIMIT 1  [["id", 650]]
  [1m[36mCACHE (0.0ms)[0m  [1mSELECT "places".* FROM "places" WHERE "places"."id" = 1121 LIMIT 1[0m
  [1m[35mCACHE (0.0ms)[0m  select * from routes where startplace_id = 1121
  [1m[36mCACHE (0.0ms)[0m  [1mselect * from routes where endplace_id = 1121[0m
  [1m[35mCACHE (0.0ms)[0m  SELECT "places".* FROM "places" WHERE "places"."id" = $1 LIMIT 1  [["id", 1121]]
  [1m[36mCACHE (0.0ms)[0m  [1mSELECT "places".* FROM "places" WHERE "places"."id" = $1 LIMIT 1[0m  [["id", 1122]]
  [1m[35mCACHE (0.0ms)[0m  SELECT "places".* FROM "places" WHERE "places"."id" = $1 LIMIT 1  [["id", 976]]
  [1m[36mCACHE (0.0ms)[0m  [1mSELECT "places".* FROM "places" WHERE "places"."id" = 1118 LIMIT 1[0m
  [1m[35mCACHE (0.0ms)[0m  select * from routes where startplace_id = 1118
  [1m[36mCACHE (0.0ms)[0m  [1mselect * from routes where endplace_id = 1118[0m
  [1m[35mCACHE (0.0ms)[0m  SELECT "places".* FROM "places" WHERE "places"."id" = $1 LIMIT 1  [["id", 1118]]
  [1m[36mCACHE (0.0ms)[0m  [1mSELECT "places".* FROM "places" WHERE "places"."id" = $1 LIMIT 1[0m  [["id", 1117]]
  [1m[35mCACHE (0.0ms)[0m  SELECT "places".* FROM "places" WHERE "places"."id" = $1 LIMIT 1  [["id", 1134]]
  [1m[36mCACHE (0.0ms)[0m  [1mSELECT "places".* FROM "places" WHERE "places"."id" = $1 LIMIT 1[0m  [["id", 1120]]
  [1m[35mCACHE (0.0ms)[0m  SELECT "places".* FROM "places" WHERE "places"."id" = 1127 LIMIT 1
  [1m[36mCACHE (0.0ms)[0m  [1mselect * from routes where startplace_id = 1127[0m
  [1m[35mCACHE (0.0ms)[0m  select * from routes where endplace_id = 1127
  [1m[36mCACHE (0.0ms)[0m  [1mSELECT "places".* FROM "places" WHERE "places"."id" = $1 LIMIT 1[0m  [["id", 1127]]
  [1m[35mCACHE (0.0ms)[0m  SELECT "places".* FROM "places" WHERE "places"."id" = $1 LIMIT 1  [["id", 1126]]
  [1m[36mCACHE (0.0ms)[0m  [1mSELECT "places".* FROM "places" WHERE "places"."id" = $1 LIMIT 1[0m  [["id", 419]]
  [1m[35mCACHE (0.0ms)[0m  SELECT "places".* FROM "places" WHERE "places"."id" = 769 LIMIT 1
  [1m[36mCACHE (0.0ms)[0m  [1mselect * from routes where startplace_id = 769[0m
  [1m[35mCACHE (0.0ms)[0m  select * from routes where endplace_id = 769
  [1m[36mCACHE (0.0ms)[0m  [1mSELECT "places".* FROM "places" WHERE "places"."id" = $1 LIMIT 1[0m  [["id", 769]]
  [1m[35mCACHE (0.0ms)[0m  SELECT "places".* FROM "places" WHERE "places"."id" = $1 LIMIT 1  [["id", 1125]]
  [1m[36mCACHE (0.0ms)[0m  [1mSELECT "places".* FROM "places" WHERE "places"."id" = $1 LIMIT 1[0m  [["id", 1126]]
  [1m[35mCACHE (0.0ms)[0m  SELECT "places".* FROM "places" WHERE "places"."id" = 975 LIMIT 1
  [1m[36mCACHE (0.0ms)[0m  [1mselect * from routes where startplace_id = 975[0m
  [1m[35mCACHE (0.0ms)[0m  select * from routes where endplace_id = 975
  [1m[36mCACHE (0.0ms)[0m  [1mSELECT "places".* FROM "places" WHERE "places"."id" = $1 LIMIT 1[0m  [["id", 975]]
  [1m[35mCACHE (0.0ms)[0m  SELECT "places".* FROM "places" WHERE "places"."id" = $1 LIMIT 1  [["id", 1129]]
  [1m[36mCACHE (0.0ms)[0m  [1mSELECT "places".* FROM "places" WHERE "places"."id" = $1 LIMIT 1[0m  [["id", 975]]
  [1m[35mCACHE (0.0ms)[0m  SELECT "places".* FROM "places" WHERE "places"."id" = $1 LIMIT 1  [["id", 1123]]
  [1m[36mCACHE (0.0ms)[0m  [1mSELECT "places".* FROM "places" WHERE "places"."id" = $1 LIMIT 1[0m  [["id", 1122]]
  [1m[35mCACHE (0.0ms)[0m  SELECT "places".* FROM "places" WHERE "places"."id" = 1125 LIMIT 1
  [1m[36mCACHE (0.0ms)[0m  [1mselect * from routes where startplace_id = 1125[0m
  [1m[35mCACHE (0.0ms)[0m  select * from routes where endplace_id = 1125
  [1m[36mCACHE (0.0ms)[0m  [1mSELECT "places".* FROM "places" WHERE "places"."id" = $1 LIMIT 1[0m  [["id", 1125]]
  [1m[35mCACHE (0.0ms)[0m  SELECT "places".* FROM "places" WHERE "places"."id" = $1 LIMIT 1  [["id", 1123]]
  [1m[36mCACHE (0.0ms)[0m  [1mSELECT "places".* FROM "places" WHERE "places"."id" = $1 LIMIT 1[0m  [["id", 769]]
  [1m[35mCACHE (0.0ms)[0m  SELECT "places".* FROM "places" WHERE "places"."id" = 975 LIMIT 1
  [1m[36mCACHE (0.0ms)[0m  [1mselect * from routes where startplace_id = 975[0m
  [1m[35mCACHE (0.0ms)[0m  select * from routes where endplace_id = 975
  [1m[36mCACHE (0.0ms)[0m  [1mSELECT "places".* FROM "places" WHERE "places"."id" = $1 LIMIT 1[0m  [["id", 975]]
  [1m[35mCACHE (0.0ms)[0m  SELECT "places".* FROM "places" WHERE "places"."id" = $1 LIMIT 1  [["id", 1129]]
  [1m[36mCACHE (0.0ms)[0m  [1mSELECT "places".* FROM "places" WHERE "places"."id" = $1 LIMIT 1[0m  [["id", 975]]
  [1m[35mCACHE (0.0ms)[0m  SELECT "places".* FROM "places" WHERE "places"."id" = $1 LIMIT 1  [["id", 1123]]
  [1m[36mCACHE (0.0ms)[0m  [1mSELECT "places".* FROM "places" WHERE "places"."id" = $1 LIMIT 1[0m  [["id", 1122]]
  [1m[35mCACHE (0.0ms)[0m  SELECT "places".* FROM "places" WHERE "places"."id" = 207 LIMIT 1
  [1m[36mCACHE (0.0ms)[0m  [1mselect * from routes where startplace_id = 207[0m
  [1m[35mCACHE (0.0ms)[0m  select * from routes where endplace_id = 207
  [1m[36mCACHE (0.0ms)[0m  [1mSELECT "places".* FROM "places" WHERE "places"."id" = $1 LIMIT 1[0m  [["id", 207]]
  [1m[35mCACHE (0.0ms)[0m  SELECT "places".* FROM "places" WHERE "places"."id" = $1 LIMIT 1  [["id", 650]]
  [1m[36mCACHE (0.0ms)[0m  [1mSELECT "places".* FROM "places" WHERE "places"."id" = $1 LIMIT 1[0m  [["id", 207]]
  [1m[35mCACHE (0.0ms)[0m  SELECT "places".* FROM "places" WHERE "places"."id" = $1 LIMIT 1  [["id", 1133]]
  [1m[36mCACHE (0.0ms)[0m  [1mSELECT "places".* FROM "places" WHERE "places"."id" = $1 LIMIT 1[0m  [["id", 1129]]
  [1m[35mCACHE (0.0ms)[0m  SELECT "places".* FROM "places" WHERE "places"."id" = 650 LIMIT 1
  [1m[36mCACHE (0.0ms)[0m  [1mselect * from routes where startplace_id = 650[0m
  [1m[35mCACHE (0.0ms)[0m  select * from routes where endplace_id = 650
  [1m[36mCACHE (0.0ms)[0m  [1mSELECT "places".* FROM "places" WHERE "places"."id" = $1 LIMIT 1[0m  [["id", 650]]
  [1m[35mCACHE (0.0ms)[0m  SELECT "places".* FROM "places" WHERE "places"."id" = $1 LIMIT 1  [["id", 45]]
  [1m[36mCACHE (0.0ms)[0m  [1mSELECT "places".* FROM "places" WHERE "places"."id" = $1 LIMIT 1[0m  [["id", 207]]
  [1m[35mCACHE (0.0ms)[0m  SELECT "places".* FROM "places" WHERE "places"."id" = 1122 LIMIT 1
  [1m[36mCACHE (0.0ms)[0m  [1mselect * from routes where startplace_id = 1122[0m
  [1m[35mCACHE (0.0ms)[0m  select * from routes where endplace_id = 1122
  [1m[36mCACHE (0.0ms)[0m  [1mSELECT "places".* FROM "places" WHERE "places"."id" = $1 LIMIT 1[0m  [["id", 1122]]
  [1m[35mCACHE (0.0ms)[0m  SELECT "places".* FROM "places" WHERE "places"."id" = $1 LIMIT 1  [["id", 975]]
  [1m[36mCACHE (0.0ms)[0m  [1mSELECT "places".* FROM "places" WHERE "places"."id" = $1 LIMIT 1[0m  [["id", 1121]]
  [1m[35mCACHE (0.0ms)[0m  SELECT "places".* FROM "places" WHERE "places"."id" = 1134 LIMIT 1
  [1m[36mCACHE (0.0ms)[0m  [1mselect * from routes where startplace_id = 1134[0m
  [1m[35mCACHE (0.0ms)[0m  select * from routes where endplace_id = 1134
  [1m[36mCACHE (0.0ms)[0m  [1mSELECT "places".* FROM "places" WHERE "places"."id" = $1 LIMIT 1[0m  [["id", 1134]]
  [1m[35mCACHE (0.0ms)[0m  SELECT "places".* FROM "places" WHERE "places"."id" = $1 LIMIT 1  [["id", 1118]]
  [1m[36mCACHE (0.0ms)[0m  [1mSELECT "places".* FROM "places" WHERE "places"."id" = $1 LIMIT 1[0m  [["id", 1135]]
  [1m[35mCACHE (0.0ms)[0m  SELECT "places".* FROM "places" WHERE "places"."id" = 1117 LIMIT 1
  [1m[36mCACHE (0.0ms)[0m  [1mselect * from routes where startplace_id = 1117[0m
  [1m[35mCACHE (0.0ms)[0m  select * from routes where endplace_id = 1117
  [1m[36mCACHE (0.0ms)[0m  [1mSELECT "places".* FROM "places" WHERE "places"."id" = $1 LIMIT 1[0m  [["id", 1117]]
  [1m[35mCACHE (0.0ms)[0m  SELECT "places".* FROM "places" WHERE "places"."id" = $1 LIMIT 1  [["id", 58]]
  [1m[36mCACHE (0.0ms)[0m  [1mSELECT "places".* FROM "places" WHERE "places"."id" = $1 LIMIT 1[0m  [["id", 1118]]
  [1m[35mCACHE (0.0ms)[0m  SELECT "places".* FROM "places" WHERE "places"."id" = $1 LIMIT 1  [["id", 258]]
  [1m[36mCACHE (0.0ms)[0m  [1mSELECT "places".* FROM "places" WHERE "places"."id" = 419 LIMIT 1[0m
  [1m[35mCACHE (0.0ms)[0m  select * from routes where startplace_id = 419
  [1m[36mCACHE (0.0ms)[0m  [1mselect * from routes where endplace_id = 419[0m
  [1m[35mCACHE (0.0ms)[0m  SELECT "places".* FROM "places" WHERE "places"."id" = $1 LIMIT 1  [["id", 419]]
  [1m[36mCACHE (0.0ms)[0m  [1mSELECT "places".* FROM "places" WHERE "places"."id" = $1 LIMIT 1[0m  [["id", 1127]]
  [1m[35mCACHE (0.0ms)[0m  SELECT "places".* FROM "places" WHERE "places"."id" = $1 LIMIT 1  [["id", 1128]]
  [1m[36mCACHE (0.0ms)[0m  [1mSELECT "places".* FROM "places" WHERE "places"."id" = 1125 LIMIT 1[0m
  [1m[35mCACHE (0.0ms)[0m  select * from routes where startplace_id = 1125
  [1m[36mCACHE (0.0ms)[0m  [1mselect * from routes where endplace_id = 1125[0m
  [1m[35mCACHE (0.0ms)[0m  SELECT "places".* FROM "places" WHERE "places"."id" = $1 LIMIT 1  [["id", 1125]]
  [1m[36mCACHE (0.0ms)[0m  [1mSELECT "places".* FROM "places" WHERE "places"."id" = $1 LIMIT 1[0m  [["id", 1123]]
  [1m[35mCACHE (0.0ms)[0m  SELECT "places".* FROM "places" WHERE "places"."id" = $1 LIMIT 1  [["id", 769]]
  [1m[36mCACHE (0.0ms)[0m  [1mSELECT "places".* FROM "places" WHERE "places"."id" = 1122 LIMIT 1[0m
  [1m[35mCACHE (0.0ms)[0m  select * from routes where startplace_id = 1122
  [1m[36mCACHE (0.0ms)[0m  [1mselect * from routes where endplace_id = 1122[0m
  [1m[35mCACHE (0.0ms)[0m  SELECT "places".* FROM "places" WHERE "places"."id" = $1 LIMIT 1  [["id", 1122]]
  [1m[36mCACHE (0.0ms)[0m  [1mSELECT "places".* FROM "places" WHERE "places"."id" = $1 LIMIT 1[0m  [["id", 975]]
  [1m[35mCACHE (0.0ms)[0m  SELECT "places".* FROM "places" WHERE "places"."id" = $1 LIMIT 1  [["id", 1121]]
  [1m[36mCACHE (0.0ms)[0m  [1mSELECT "places".* FROM "places" WHERE "places"."id" = 1129 LIMIT 1[0m
  [1m[35mCACHE (0.0ms)[0m  select * from routes where startplace_id = 1129
  [1m[36mCACHE (0.0ms)[0m  [1mselect * from routes where endplace_id = 1129[0m
  [1m[35mCACHE (0.0ms)[0m  SELECT "places".* FROM "places" WHERE "places"."id" = $1 LIMIT 1  [["id", 1129]]
  [1m[36mCACHE (0.0ms)[0m  [1mSELECT "places".* FROM "places" WHERE "places"."id" = $1 LIMIT 1[0m  [["id", 207]]
  [1m[35mCACHE (0.0ms)[0m  SELECT "places".* FROM "places" WHERE "places"."id" = $1 LIMIT 1  [["id", 1124]]
  [1m[36mCACHE (0.0ms)[0m  [1mSELECT "places".* FROM "places" WHERE "places"."id" = $1 LIMIT 1[0m  [["id", 975]]
  [1m[35mCACHE (0.0ms)[0m  SELECT "places".* FROM "places" WHERE "places"."id" = 769 LIMIT 1
  [1m[36mCACHE (0.0ms)[0m  [1mselect * from routes where startplace_id = 769[0m
  [1m[35mCACHE (0.0ms)[0m  select * from routes where endplace_id = 769
  [1m[36mCACHE (0.0ms)[0m  [1mSELECT "places".* FROM "places" WHERE "places"."id" = $1 LIMIT 1[0m  [["id", 769]]
  [1m[35mCACHE (0.0ms)[0m  SELECT "places".* FROM "places" WHERE "places"."id" = $1 LIMIT 1  [["id", 1125]]
  [1m[36mCACHE (0.0ms)[0m  [1mSELECT "places".* FROM "places" WHERE "places"."id" = $1 LIMIT 1[0m  [["id", 1126]]
  [1m[35mCACHE (0.0ms)[0m  SELECT "places".* FROM "places" WHERE "places"."id" = 1122 LIMIT 1
  [1m[36mCACHE (0.0ms)[0m  [1mselect * from routes where startplace_id = 1122[0m
  [1m[35mCACHE (0.0ms)[0m  select * from routes where endplace_id = 1122
  [1m[36mCACHE (0.0ms)[0m  [1mSELECT "places".* FROM "places" WHERE "places"."id" = $1 LIMIT 1[0m  [["id", 1122]]
  [1m[35mCACHE (0.0ms)[0m  SELECT "places".* FROM "places" WHERE "places"."id" = $1 LIMIT 1  [["id", 975]]
  [1m[36mCACHE (0.0ms)[0m  [1mSELECT "places".* FROM "places" WHERE "places"."id" = $1 LIMIT 1[0m  [["id", 1121]]
  [1m[35mCACHE (0.0ms)[0m  SELECT "places".* FROM "places" WHERE "places"."id" = 1123 LIMIT 1
  [1m[36mCACHE (0.0ms)[0m  [1mselect * from routes where startplace_id = 1123[0m
  [1m[35mCACHE (0.0ms)[0m  select * from routes where endplace_id = 1123
  [1m[36mCACHE (0.0ms)[0m  [1mSELECT "places".* FROM "places" WHERE "places"."id" = $1 LIMIT 1[0m  [["id", 1123]]
  [1m[35mCACHE (0.0ms)[0m  SELECT "places".* FROM "places" WHERE "places"."id" = $1 LIMIT 1  [["id", 1124]]
  [1m[36mCACHE (0.0ms)[0m  [1mSELECT "places".* FROM "places" WHERE "places"."id" = $1 LIMIT 1[0m  [["id", 975]]
  [1m[35mCACHE (0.0ms)[0m  SELECT "places".* FROM "places" WHERE "places"."id" = $1 LIMIT 1  [["id", 1125]]
  [1m[36mCACHE (0.0ms)[0m  [1mSELECT "places".* FROM "places" WHERE "places"."id" = 650 LIMIT 1[0m
  [1m[35mCACHE (0.0ms)[0m  select * from routes where startplace_id = 650
  [1m[36mCACHE (0.0ms)[0m  [1mselect * from routes where endplace_id = 650[0m
  [1m[35mCACHE (0.0ms)[0m  SELECT "places".* FROM "places" WHERE "places"."id" = $1 LIMIT 1  [["id", 650]]
  [1m[36mCACHE (0.0ms)[0m  [1mSELECT "places".* FROM "places" WHERE "places"."id" = $1 LIMIT 1[0m  [["id", 45]]
  [1m[35mCACHE (0.0ms)[0m  SELECT "places".* FROM "places" WHERE "places"."id" = $1 LIMIT 1  [["id", 207]]
  [1m[36mCACHE (0.0ms)[0m  [1mSELECT "places".* FROM "places" WHERE "places"."id" = 1133 LIMIT 1[0m
  [1m[35mCACHE (0.0ms)[0m  select * from routes where startplace_id = 1133
  [1m[36mCACHE (0.0ms)[0m  [1mselect * from routes where endplace_id = 1133[0m
  [1m[35mCACHE (0.0ms)[0m  SELECT "places".* FROM "places" WHERE "places"."id" = $1 LIMIT 1  [["id", 1133]]
  [1m[36mCACHE (0.0ms)[0m  [1mSELECT "places".* FROM "places" WHERE "places"."id" = $1 LIMIT 1[0m  [["id", 1131]]
  [1m[35mCACHE (0.0ms)[0m  SELECT "places".* FROM "places" WHERE "places"."id" = $1 LIMIT 1  [["id", 207]]
  [1m[36mCACHE (0.0ms)[0m  [1mSELECT "places".* FROM "places" WHERE "places"."id" = 207 LIMIT 1[0m
  [1m[35mCACHE (0.0ms)[0m  select * from routes where startplace_id = 207
  [1m[36mCACHE (0.0ms)[0m  [1mselect * from routes where endplace_id = 207[0m
  [1m[35mCACHE (0.0ms)[0m  SELECT "places".* FROM "places" WHERE "places"."id" = $1 LIMIT 1  [["id", 207]]
  [1m[36mCACHE (0.0ms)[0m  [1mSELECT "places".* FROM "places" WHERE "places"."id" = $1 LIMIT 1[0m  [["id", 650]]
  [1m[35mCACHE (0.0ms)[0m  SELECT "places".* FROM "places" WHERE "places"."id" = $1 LIMIT 1  [["id", 207]]
  [1m[36mCACHE (0.0ms)[0m  [1mSELECT "places".* FROM "places" WHERE "places"."id" = $1 LIMIT 1[0m  [["id", 1133]]
  [1m[35mCACHE (0.0ms)[0m  SELECT "places".* FROM "places" WHERE "places"."id" = $1 LIMIT 1  [["id", 1129]]
  [1m[36mCACHE (0.0ms)[0m  [1mSELECT "places".* FROM "places" WHERE "places"."id" = 975 LIMIT 1[0m
  [1m[35mCACHE (0.0ms)[0m  select * from routes where startplace_id = 975
  [1m[36mCACHE (0.0ms)[0m  [1mselect * from routes where endplace_id = 975[0m
  [1m[35mCACHE (0.0ms)[0m  SELECT "places".* FROM "places" WHERE "places"."id" = $1 LIMIT 1  [["id", 975]]
  [1m[36mCACHE (0.0ms)[0m  [1mSELECT "places".* FROM "places" WHERE "places"."id" = $1 LIMIT 1[0m  [["id", 1129]]
  [1m[35mCACHE (0.0ms)[0m  SELECT "places".* FROM "places" WHERE "places"."id" = $1 LIMIT 1  [["id", 975]]
  [1m[36mCACHE (0.0ms)[0m  [1mSELECT "places".* FROM "places" WHERE "places"."id" = $1 LIMIT 1[0m  [["id", 1123]]
  [1m[35mCACHE (0.0ms)[0m  SELECT "places".* FROM "places" WHERE "places"."id" = $1 LIMIT 1  [["id", 1122]]
  [1m[36mCACHE (0.0ms)[0m  [1mSELECT "places".* FROM "places" WHERE "places"."id" = 1135 LIMIT 1[0m
  [1m[35mCACHE (0.0ms)[0m  select * from routes where startplace_id = 1135
  [1m[36mCACHE (0.0ms)[0m  [1mselect * from routes where endplace_id = 1135[0m
  [1m[35mCACHE (0.0ms)[0m  SELECT "places".* FROM "places" WHERE "places"."id" = $1 LIMIT 1  [["id", 1135]]
  [1m[36mCACHE (0.0ms)[0m  [1mSELECT "places".* FROM "places" WHERE "places"."id" = $1 LIMIT 1[0m  [["id", 1134]]
  [1m[35mCACHE (0.0ms)[0m  SELECT "places".* FROM "places" WHERE "places"."id" = $1 LIMIT 1  [["id", 271]]
  [1m[36mCACHE (0.0ms)[0m  [1mSELECT "places".* FROM "places" WHERE "places"."id" = 258 LIMIT 1[0m
  [1m[35mCACHE (0.0ms)[0m  select * from routes where startplace_id = 258
  [1m[36mCACHE (0.0ms)[0m  [1mselect * from routes where endplace_id = 258[0m
  [1m[35mCACHE (0.0ms)[0m  SELECT "places".* FROM "places" WHERE "places"."id" = $1 LIMIT 1  [["id", 258]]
  [1m[36mCACHE (0.0ms)[0m  [1mSELECT "places".* FROM "places" WHERE "places"."id" = $1 LIMIT 1[0m  [["id", 1117]]
  [1m[35mCACHE (0.0ms)[0m  SELECT "places".* FROM "places" WHERE "places"."id" = 58 LIMIT 1
  [1m[36mCACHE (0.0ms)[0m  [1mselect * from routes where startplace_id = 58[0m
  [1m[35mCACHE (0.0ms)[0m  select * from routes where endplace_id = 58
  [1m[36mCACHE (0.0ms)[0m  [1mSELECT "places".* FROM "places" WHERE "places"."id" = $1 LIMIT 1[0m  [["id", 58]]
  [1m[35mCACHE (0.0ms)[0m  SELECT "places".* FROM "places" WHERE "places"."id" = $1 LIMIT 1  [["id", 1116]]
  [1m[36mCACHE (0.0ms)[0m  [1mSELECT "places".* FROM "places" WHERE "places"."id" = $1 LIMIT 1[0m  [["id", 1117]]
  [1m[35mCACHE (0.0ms)[0m  SELECT "places".* FROM "places" WHERE "places"."id" = 1128 LIMIT 1
  [1m[36mCACHE (0.0ms)[0m  [1mselect * from routes where startplace_id = 1128[0m
  [1m[35mCACHE (0.0ms)[0m  select * from routes where endplace_id = 1128
  [1m[36mCACHE (0.0ms)[0m  [1mSELECT "places".* FROM "places" WHERE "places"."id" = $1 LIMIT 1[0m  [["id", 1128]]
  [1m[35mCACHE (0.0ms)[0m  SELECT "places".* FROM "places" WHERE "places"."id" = $1 LIMIT 1  [["id", 419]]
  [1m[36mCACHE (0.0ms)[0m  [1mSELECT "places".* FROM "places" WHERE "places"."id" = 1123 LIMIT 1[0m
  [1m[35mCACHE (0.0ms)[0m  select * from routes where startplace_id = 1123
  [1m[36mCACHE (0.0ms)[0m  [1mselect * from routes where endplace_id = 1123[0m
  [1m[35mCACHE (0.0ms)[0m  SELECT "places".* FROM "places" WHERE "places"."id" = $1 LIMIT 1  [["id", 1123]]
  [1m[36mCACHE (0.0ms)[0m  [1mSELECT "places".* FROM "places" WHERE "places"."id" = $1 LIMIT 1[0m  [["id", 1124]]
  [1m[35mCACHE (0.0ms)[0m  SELECT "places".* FROM "places" WHERE "places"."id" = $1 LIMIT 1  [["id", 975]]
  [1m[36mCACHE (0.0ms)[0m  [1mSELECT "places".* FROM "places" WHERE "places"."id" = $1 LIMIT 1[0m  [["id", 1125]]
  [1m[35mCACHE (0.0ms)[0m  SELECT "places".* FROM "places" WHERE "places"."id" = 1121 LIMIT 1
  [1m[36mCACHE (0.0ms)[0m  [1mselect * from routes where startplace_id = 1121[0m
  [1m[35mCACHE (0.0ms)[0m  select * from routes where endplace_id = 1121
  [1m[36mCACHE (0.0ms)[0m  [1mSELECT "places".* FROM "places" WHERE "places"."id" = $1 LIMIT 1[0m  [["id", 1121]]
  [1m[35mCACHE (0.0ms)[0m  SELECT "places".* FROM "places" WHERE "places"."id" = $1 LIMIT 1  [["id", 1122]]
  [1m[36mCACHE (0.0ms)[0m  [1mSELECT "places".* FROM "places" WHERE "places"."id" = $1 LIMIT 1[0m  [["id", 976]]
  [1m[35mCACHE (0.0ms)[0m  SELECT "places".* FROM "places" WHERE "places"."id" = 207 LIMIT 1
  [1m[36mCACHE (0.0ms)[0m  [1mselect * from routes where startplace_id = 207[0m
  [1m[35mCACHE (0.0ms)[0m  select * from routes where endplace_id = 207
  [1m[36mCACHE (0.0ms)[0m  [1mSELECT "places".* FROM "places" WHERE "places"."id" = $1 LIMIT 1[0m  [["id", 207]]
  [1m[35mCACHE (0.0ms)[0m  SELECT "places".* FROM "places" WHERE "places"."id" = $1 LIMIT 1  [["id", 650]]
  [1m[36mCACHE (0.0ms)[0m  [1mSELECT "places".* FROM "places" WHERE "places"."id" = $1 LIMIT 1[0m  [["id", 207]]
  [1m[35mCACHE (0.0ms)[0m  SELECT "places".* FROM "places" WHERE "places"."id" = $1 LIMIT 1  [["id", 1133]]
  [1m[36mCACHE (0.0ms)[0m  [1mSELECT "places".* FROM "places" WHERE "places"."id" = $1 LIMIT 1[0m  [["id", 1129]]
  [1m[35mCACHE (0.0ms)[0m  SELECT "places".* FROM "places" WHERE "places"."id" = 1126 LIMIT 1
  [1m[36mCACHE (0.0ms)[0m  [1mselect * from routes where startplace_id = 1126[0m
  [1m[35mCACHE (0.0ms)[0m  select * from routes where endplace_id = 1126
  [1m[36mCACHE (0.0ms)[0m  [1mSELECT "places".* FROM "places" WHERE "places"."id" = $1 LIMIT 1[0m  [["id", 1126]]
  [1m[35mCACHE (0.0ms)[0m  SELECT "places".* FROM "places" WHERE "places"."id" = $1 LIMIT 1  [["id", 1130]]
  [1m[36mCACHE (0.0ms)[0m  [1mSELECT "places".* FROM "places" WHERE "places"."id" = $1 LIMIT 1[0m  [["id", 1126]]
  [1m[35mCACHE (0.0ms)[0m  SELECT "places".* FROM "places" WHERE "places"."id" = $1 LIMIT 1  [["id", 769]]
  [1m[36mCACHE (0.0ms)[0m  [1mSELECT "places".* FROM "places" WHERE "places"."id" = $1 LIMIT 1[0m  [["id", 1127]]
  [1m[35mCACHE (0.0ms)[0m  SELECT "places".* FROM "places" WHERE "places"."id" = 1121 LIMIT 1
  [1m[36mCACHE (0.0ms)[0m  [1mselect * from routes where startplace_id = 1121[0m
  [1m[35mCACHE (0.0ms)[0m  select * from routes where endplace_id = 1121
  [1m[36mCACHE (0.0ms)[0m  [1mSELECT "places".* FROM "places" WHERE "places"."id" = $1 LIMIT 1[0m  [["id", 1121]]
  [1m[35mCACHE (0.0ms)[0m  SELECT "places".* FROM "places" WHERE "places"."id" = $1 LIMIT 1  [["id", 1122]]
  [1m[36mCACHE (0.0ms)[0m  [1mSELECT "places".* FROM "places" WHERE "places"."id" = $1 LIMIT 1[0m  [["id", 976]]
  [1m[35mCACHE (0.0ms)[0m  SELECT "places".* FROM "places" WHERE "places"."id" = 1125 LIMIT 1
  [1m[36mCACHE (0.0ms)[0m  [1mselect * from routes where startplace_id = 1125[0m
  [1m[35mCACHE (0.0ms)[0m  select * from routes where endplace_id = 1125
  [1m[36mCACHE (0.0ms)[0m  [1mSELECT "places".* FROM "places" WHERE "places"."id" = $1 LIMIT 1[0m  [["id", 1125]]
  [1m[35mCACHE (0.0ms)[0m  SELECT "places".* FROM "places" WHERE "places"."id" = $1 LIMIT 1  [["id", 1123]]
  [1m[36mCACHE (0.0ms)[0m  [1mSELECT "places".* FROM "places" WHERE "places"."id" = $1 LIMIT 1[0m  [["id", 769]]
  [1m[35mCACHE (0.0ms)[0m  SELECT "places".* FROM "places" WHERE "places"."id" = 45 LIMIT 1
  [1m[36mCACHE (0.0ms)[0m  [1mselect * from routes where startplace_id = 45[0m
  [1m[35mCACHE (0.0ms)[0m  select * from routes where endplace_id = 45
  [1m[36mCACHE (0.0ms)[0m  [1mSELECT "places".* FROM "places" WHERE "places"."id" = $1 LIMIT 1[0m  [["id", 45]]
  [1m[35mCACHE (0.0ms)[0m  SELECT "places".* FROM "places" WHERE "places"."id" = $1 LIMIT 1  [["id", 976]]
  [1m[36mCACHE (0.0ms)[0m  [1mSELECT "places".* FROM "places" WHERE "places"."id" = $1 LIMIT 1[0m  [["id", 650]]
  [1m[35mCACHE (0.0ms)[0m  SELECT "places".* FROM "places" WHERE "places"."id" = 1131 LIMIT 1
  [1m[36mCACHE (0.0ms)[0m  [1mselect * from routes where startplace_id = 1131[0m
  [1m[35mCACHE (0.0ms)[0m  select * from routes where endplace_id = 1131
  [1m[36mCACHE (0.0ms)[0m  [1mSELECT "places".* FROM "places" WHERE "places"."id" = $1 LIMIT 1[0m  [["id", 1131]]
  [1m[35mCACHE (0.0ms)[0m  SELECT "places".* FROM "places" WHERE "places"."id" = $1 LIMIT 1  [["id", 1132]]
  [1m[36mCACHE (0.0ms)[0m  [1mSELECT "places".* FROM "places" WHERE "places"."id" = $1 LIMIT 1[0m  [["id", 1133]]
  [1m[35mCACHE (0.0ms)[0m  SELECT "places".* FROM "places" WHERE "places"."id" = 1129 LIMIT 1
  [1m[36mCACHE (0.0ms)[0m  [1mselect * from routes where startplace_id = 1129[0m
  [1m[35mCACHE (0.0ms)[0m  select * from routes where endplace_id = 1129
  [1m[36mCACHE (0.0ms)[0m  [1mSELECT "places".* FROM "places" WHERE "places"."id" = $1 LIMIT 1[0m  [["id", 1129]]
  [1m[35mCACHE (0.0ms)[0m  SELECT "places".* FROM "places" WHERE "places"."id" = $1 LIMIT 1  [["id", 207]]
  [1m[36mCACHE (0.0ms)[0m  [1mSELECT "places".* FROM "places" WHERE "places"."id" = $1 LIMIT 1[0m  [["id", 1124]]
  [1m[35mCACHE (0.0ms)[0m  SELECT "places".* FROM "places" WHERE "places"."id" = $1 LIMIT 1  [["id", 975]]
  [1m[36mCACHE (0.0ms)[0m  [1mSELECT "places".* FROM "places" WHERE "places"."id" = 1133 LIMIT 1[0m
  [1m[35mCACHE (0.0ms)[0m  select * from routes where startplace_id = 1133
  [1m[36mCACHE (0.0ms)[0m  [1mselect * from routes where endplace_id = 1133[0m
  [1m[35mCACHE (0.0ms)[0m  SELECT "places".* FROM "places" WHERE "places"."id" = $1 LIMIT 1  [["id", 1133]]
  [1m[36mCACHE (0.0ms)[0m  [1mSELECT "places".* FROM "places" WHERE "places"."id" = $1 LIMIT 1[0m  [["id", 1131]]
  [1m[35mCACHE (0.0ms)[0m  SELECT "places".* FROM "places" WHERE "places"."id" = $1 LIMIT 1  [["id", 207]]
  [1m[36mCACHE (0.0ms)[0m  [1mSELECT "places".* FROM "places" WHERE "places"."id" = 1129 LIMIT 1[0m
  [1m[35mCACHE (0.0ms)[0m  select * from routes where startplace_id = 1129
  [1m[36mCACHE (0.0ms)[0m  [1mselect * from routes where endplace_id = 1129[0m
  [1m[35mCACHE (0.0ms)[0m  SELECT "places".* FROM "places" WHERE "places"."id" = $1 LIMIT 1  [["id", 1129]]
  [1m[36mCACHE (0.0ms)[0m  [1mSELECT "places".* FROM "places" WHERE "places"."id" = $1 LIMIT 1[0m  [["id", 207]]
  [1m[35mCACHE (0.0ms)[0m  SELECT "places".* FROM "places" WHERE "places"."id" = $1 LIMIT 1  [["id", 1124]]
  [1m[36mCACHE (0.0ms)[0m  [1mSELECT "places".* FROM "places" WHERE "places"."id" = $1 LIMIT 1[0m  [["id", 975]]
  [1m[35mCACHE (0.0ms)[0m  SELECT "places".* FROM "places" WHERE "places"."id" = 1123 LIMIT 1
  [1m[36mCACHE (0.0ms)[0m  [1mselect * from routes where startplace_id = 1123[0m
  [1m[35mCACHE (0.0ms)[0m  select * from routes where endplace_id = 1123
  [1m[36mCACHE (0.0ms)[0m  [1mSELECT "places".* FROM "places" WHERE "places"."id" = $1 LIMIT 1[0m  [["id", 1123]]
  [1m[35mCACHE (0.0ms)[0m  SELECT "places".* FROM "places" WHERE "places"."id" = $1 LIMIT 1  [["id", 1124]]
  [1m[36mCACHE (0.0ms)[0m  [1mSELECT "places".* FROM "places" WHERE "places"."id" = $1 LIMIT 1[0m  [["id", 975]]
  [1m[35mCACHE (0.0ms)[0m  SELECT "places".* FROM "places" WHERE "places"."id" = $1 LIMIT 1  [["id", 1125]]
  [1m[36mCACHE (0.0ms)[0m  [1mSELECT "places".* FROM "places" WHERE "places"."id" = 271 LIMIT 1[0m
  [1m[35mCACHE (0.0ms)[0m  select * from routes where startplace_id = 271
  [1m[36mCACHE (0.0ms)[0m  [1mselect * from routes where endplace_id = 271[0m
  [1m[35mCACHE (0.0ms)[0m  SELECT "places".* FROM "places" WHERE "places"."id" = $1 LIMIT 1  [["id", 271]]
  [1m[36mCACHE (0.0ms)[0m  [1mSELECT "places".* FROM "places" WHERE "places"."id" = $1 LIMIT 1[0m  [["id", 1135]]
  [1m[35mCACHE (0.0ms)[0m  SELECT "places".* FROM "places" WHERE "places"."id" = 1116 LIMIT 1
  [1m[36mCACHE (0.0ms)[0m  [1mselect * from routes where startplace_id = 1116[0m
  [1m[35mCACHE (0.0ms)[0m  select * from routes where endplace_id = 1116
  [1m[36mCACHE (0.0ms)[0m  [1mSELECT "places".* FROM "places" WHERE "places"."id" = $1 LIMIT 1[0m  [["id", 1116]]
  [1m[35mCACHE (0.0ms)[0m  SELECT "places".* FROM "places" WHERE "places"."id" = $1 LIMIT 1  [["id", 827]]
  [1m[36mCACHE (0.0ms)[0m  [1mSELECT "places".* FROM "places" WHERE "places"."id" = $1 LIMIT 1[0m  [["id", 528]]
  [1m[35mCACHE (0.0ms)[0m  SELECT "places".* FROM "places" WHERE "places"."id" = $1 LIMIT 1  [["id", 58]]
  [1m[36mCACHE (0.0ms)[0m  [1mSELECT "places".* FROM "places" WHERE "places"."id" = 975 LIMIT 1[0m
  [1m[35mCACHE (0.0ms)[0m  select * from routes where startplace_id = 975
  [1m[36mCACHE (0.0ms)[0m  [1mselect * from routes where endplace_id = 975[0m
  [1m[35mCACHE (0.0ms)[0m  SELECT "places".* FROM "places" WHERE "places"."id" = $1 LIMIT 1  [["id", 975]]
  [1m[36mCACHE (0.0ms)[0m  [1mSELECT "places".* FROM "places" WHERE "places"."id" = $1 LIMIT 1[0m  [["id", 1129]]
  [1m[35mCACHE (0.0ms)[0m  SELECT "places".* FROM "places" WHERE "places"."id" = $1 LIMIT 1  [["id", 975]]
  [1m[36mCACHE (0.0ms)[0m  [1mSELECT "places".* FROM "places" WHERE "places"."id" = $1 LIMIT 1[0m  [["id", 1123]]
  [1m[35mCACHE (0.0ms)[0m  SELECT "places".* FROM "places" WHERE "places"."id" = $1 LIMIT 1  [["id", 1122]]
  [1m[36mCACHE (0.0ms)[0m  [1mSELECT "places".* FROM "places" WHERE "places"."id" = 1124 LIMIT 1[0m
  [1m[35mCACHE (0.0ms)[0m  select * from routes where startplace_id = 1124
  [1m[36mCACHE (0.0ms)[0m  [1mselect * from routes where endplace_id = 1124[0m
  [1m[35mCACHE (0.0ms)[0m  SELECT "places".* FROM "places" WHERE "places"."id" = $1 LIMIT 1  [["id", 1124]]
  [1m[36mCACHE (0.0ms)[0m  [1mSELECT "places".* FROM "places" WHERE "places"."id" = $1 LIMIT 1[0m  [["id", 1129]]
  [1m[35mCACHE (0.0ms)[0m  SELECT "places".* FROM "places" WHERE "places"."id" = $1 LIMIT 1  [["id", 1124]]
  [1m[36mCACHE (0.0ms)[0m  [1mSELECT "places".* FROM "places" WHERE "places"."id" = $1 LIMIT 1[0m  [["id", 974]]
  [1m[35mCACHE (0.0ms)[0m  SELECT "places".* FROM "places" WHERE "places"."id" = $1 LIMIT 1  [["id", 1123]]
  [1m[36mCACHE (0.0ms)[0m  [1mSELECT "places".* FROM "places" WHERE "places"."id" = 976 LIMIT 1[0m
  [1m[35mCACHE (0.0ms)[0m  select * from routes where startplace_id = 976
  [1m[36mCACHE (0.0ms)[0m  [1mselect * from routes where endplace_id = 976[0m
  [1m[35mCACHE (0.0ms)[0m  SELECT "places".* FROM "places" WHERE "places"."id" = $1 LIMIT 1  [["id", 976]]
  [1m[36mCACHE (0.0ms)[0m  [1mSELECT "places".* FROM "places" WHERE "places"."id" = $1 LIMIT 1[0m  [["id", 1121]]
  [1m[35mCACHE (0.0ms)[0m  SELECT "places".* FROM "places" WHERE "places"."id" = $1 LIMIT 1  [["id", 976]]
  [1m[36mCACHE (0.0ms)[0m  [1mSELECT "places".* FROM "places" WHERE "places"."id" = $1 LIMIT 1[0m  [["id", 1119]]
  [1m[35mCACHE (0.0ms)[0m  SELECT "places".* FROM "places" WHERE "places"."id" = $1 LIMIT 1  [["id", 45]]
  [1m[36mCACHE (0.0ms)[0m  [1mSELECT "places".* FROM "places" WHERE "places"."id" = 650 LIMIT 1[0m
  [1m[35mCACHE (0.0ms)[0m  select * from routes where startplace_id = 650
  [1m[36mCACHE (0.0ms)[0m  [1mselect * from routes where endplace_id = 650[0m
  [1m[35mCACHE (0.0ms)[0m  SELECT "places".* FROM "places" WHERE "places"."id" = $1 LIMIT 1  [["id", 650]]
  [1m[36mCACHE (0.0ms)[0m  [1mSELECT "places".* FROM "places" WHERE "places"."id" = $1 LIMIT 1[0m  [["id", 45]]
  [1m[35mCACHE (0.0ms)[0m  SELECT "places".* FROM "places" WHERE "places"."id" = $1 LIMIT 1  [["id", 207]]
  [1m[36mCACHE (0.0ms)[0m  [1mSELECT "places".* FROM "places" WHERE "places"."id" = 1133 LIMIT 1[0m
  [1m[35mCACHE (0.0ms)[0m  select * from routes where startplace_id = 1133
  [1m[36mCACHE (0.0ms)[0m  [1mselect * from routes where endplace_id = 1133[0m
  [1m[35mCACHE (0.0ms)[0m  SELECT "places".* FROM "places" WHERE "places"."id" = $1 LIMIT 1  [["id", 1133]]
  [1m[36mCACHE (0.0ms)[0m  [1mSELECT "places".* FROM "places" WHERE "places"."id" = $1 LIMIT 1[0m  [["id", 1131]]
  [1m[35mCACHE (0.0ms)[0m  SELECT "places".* FROM "places" WHERE "places"."id" = $1 LIMIT 1  [["id", 207]]
  [1m[36mCACHE (0.0ms)[0m  [1mSELECT "places".* FROM "places" WHERE "places"."id" = 1127 LIMIT 1[0m
  [1m[35mCACHE (0.0ms)[0m  select * from routes where startplace_id = 1127
  [1m[36mCACHE (0.0ms)[0m  [1mselect * from routes where endplace_id = 1127[0m
  [1m[35mCACHE (0.0ms)[0m  SELECT "places".* FROM "places" WHERE "places"."id" = $1 LIMIT 1  [["id", 1127]]
  [1m[36mCACHE (0.0ms)[0m  [1mSELECT "places".* FROM "places" WHERE "places"."id" = $1 LIMIT 1[0m  [["id", 1126]]
  [1m[35mCACHE (0.0ms)[0m  SELECT "places".* FROM "places" WHERE "places"."id" = $1 LIMIT 1  [["id", 419]]
  [1m[36mCACHE (0.0ms)[0m  [1mSELECT "places".* FROM "places" WHERE "places"."id" = 1130 LIMIT 1[0m
  [1m[35mCACHE (0.0ms)[0m  select * from routes where startplace_id = 1130
  [1m[36mCACHE (0.0ms)[0m  [1mselect * from routes where endplace_id = 1130[0m
  [1m[35mCACHE (0.0ms)[0m  SELECT "places".* FROM "places" WHERE "places"."id" = $1 LIMIT 1  [["id", 1130]]
  [1m[36mCACHE (0.0ms)[0m  [1mSELECT "places".* FROM "places" WHERE "places"."id" = $1 LIMIT 1[0m  [["id", 974]]
  [1m[35mCACHE (0.0ms)[0m  SELECT "places".* FROM "places" WHERE "places"."id" = $1 LIMIT 1  [["id", 1126]]
  [1m[36mCACHE (0.0ms)[0m  [1mSELECT "places".* FROM "places" WHERE "places"."id" = 976 LIMIT 1[0m
  [1m[35mCACHE (0.0ms)[0m  select * from routes where startplace_id = 976
  [1m[36mCACHE (0.0ms)[0m  [1mselect * from routes where endplace_id = 976[0m
  [1m[35mCACHE (0.0ms)[0m  SELECT "places".* FROM "places" WHERE "places"."id" = $1 LIMIT 1  [["id", 976]]
  [1m[36mCACHE (0.0ms)[0m  [1mSELECT "places".* FROM "places" WHERE "places"."id" = $1 LIMIT 1[0m  [["id", 1121]]
  [1m[35mCACHE (0.0ms)[0m  SELECT "places".* FROM "places" WHERE "places"."id" = $1 LIMIT 1  [["id", 976]]
  [1m[36mCACHE (0.0ms)[0m  [1mSELECT "places".* FROM "places" WHERE "places"."id" = $1 LIMIT 1[0m  [["id", 1119]]
  [1m[35mCACHE (0.0ms)[0m  SELECT "places".* FROM "places" WHERE "places"."id" = $1 LIMIT 1  [["id", 45]]
  [1m[36mCACHE (0.0ms)[0m  [1mSELECT "places".* FROM "places" WHERE "places"."id" = 769 LIMIT 1[0m
  [1m[35mCACHE (0.0ms)[0m  select * from routes where startplace_id = 769
  [1m[36mCACHE (0.0ms)[0m  [1mselect * from routes where endplace_id = 769[0m
  [1m[35mCACHE (0.0ms)[0m  SELECT "places".* FROM "places" WHERE "places"."id" = $1 LIMIT 1  [["id", 769]]
  [1m[36mCACHE (0.0ms)[0m  [1mSELECT "places".* FROM "places" WHERE "places"."id" = $1 LIMIT 1[0m  [["id", 1125]]
  [1m[35mCACHE (0.0ms)[0m  SELECT "places".* FROM "places" WHERE "places"."id" = $1 LIMIT 1  [["id", 1126]]
  [1m[36mCACHE (0.0ms)[0m  [1mSELECT "places".* FROM "places" WHERE "places"."id" = 976 LIMIT 1[0m
  [1m[35mCACHE (0.0ms)[0m  select * from routes where startplace_id = 976
  [1m[36mCACHE (0.0ms)[0m  [1mselect * from routes where endplace_id = 976[0m
  [1m[35mCACHE (0.0ms)[0m  SELECT "places".* FROM "places" WHERE "places"."id" = $1 LIMIT 1  [["id", 976]]
  [1m[36mCACHE (0.0ms)[0m  [1mSELECT "places".* FROM "places" WHERE "places"."id" = $1 LIMIT 1[0m  [["id", 1121]]
  [1m[35mCACHE (0.0ms)[0m  SELECT "places".* FROM "places" WHERE "places"."id" = $1 LIMIT 1  [["id", 976]]
  [1m[36mCACHE (0.0ms)[0m  [1mSELECT "places".* FROM "places" WHERE "places"."id" = $1 LIMIT 1[0m  [["id", 1119]]
  [1m[35mCACHE (0.0ms)[0m  SELECT "places".* FROM "places" WHERE "places"."id" = $1 LIMIT 1  [["id", 45]]
  [1m[36mCACHE (0.0ms)[0m  [1mSELECT "places".* FROM "places" WHERE "places"."id" = 1132 LIMIT 1[0m
  [1m[35mCACHE (0.0ms)[0m  select * from routes where startplace_id = 1132
  [1m[36mCACHE (0.0ms)[0m  [1mselect * from routes where endplace_id = 1132[0m
  [1m[35mCACHE (0.0ms)[0m  SELECT "places".* FROM "places" WHERE "places"."id" = $1 LIMIT 1  [["id", 1131]]
  [1m[36mCACHE (0.0ms)[0m  [1mSELECT "places".* FROM "places" WHERE "places"."id" = 1124 LIMIT 1[0m
  [1m[35mCACHE (0.0ms)[0m  select * from routes where startplace_id = 1124
  [1m[36mCACHE (0.0ms)[0m  [1mselect * from routes where endplace_id = 1124[0m
  [1m[35mCACHE (0.0ms)[0m  SELECT "places".* FROM "places" WHERE "places"."id" = $1 LIMIT 1  [["id", 1124]]
  [1m[36mCACHE (0.0ms)[0m  [1mSELECT "places".* FROM "places" WHERE "places"."id" = $1 LIMIT 1[0m  [["id", 1129]]
  [1m[35mCACHE (0.0ms)[0m  SELECT "places".* FROM "places" WHERE "places"."id" = $1 LIMIT 1  [["id", 1124]]
  [1m[36mCACHE (0.0ms)[0m  [1mSELECT "places".* FROM "places" WHERE "places"."id" = $1 LIMIT 1[0m  [["id", 974]]
  [1m[35mCACHE (0.0ms)[0m  SELECT "places".* FROM "places" WHERE "places"."id" = $1 LIMIT 1  [["id", 1123]]
  [1m[36mCACHE (0.0ms)[0m  [1mSELECT "places".* FROM "places" WHERE "places"."id" = 975 LIMIT 1[0m
  [1m[35mCACHE (0.0ms)[0m  select * from routes where startplace_id = 975
  [1m[36mCACHE (0.0ms)[0m  [1mselect * from routes where endplace_id = 975[0m
  [1m[35mCACHE (0.0ms)[0m  SELECT "places".* FROM "places" WHERE "places"."id" = $1 LIMIT 1  [["id", 975]]
  [1m[36mCACHE (0.0ms)[0m  [1mSELECT "places".* FROM "places" WHERE "places"."id" = $1 LIMIT 1[0m  [["id", 1129]]
  [1m[35mCACHE (0.0ms)[0m  SELECT "places".* FROM "places" WHERE "places"."id" = $1 LIMIT 1  [["id", 975]]
  [1m[36mCACHE (0.0ms)[0m  [1mSELECT "places".* FROM "places" WHERE "places"."id" = $1 LIMIT 1[0m  [["id", 1123]]
  [1m[35mCACHE (0.0ms)[0m  SELECT "places".* FROM "places" WHERE "places"."id" = $1 LIMIT 1  [["id", 1122]]
  [1m[36mCACHE (0.0ms)[0m  [1mSELECT "places".* FROM "places" WHERE "places"."id" = 1131 LIMIT 1[0m
  [1m[35mCACHE (0.0ms)[0m  select * from routes where startplace_id = 1131
  [1m[36mCACHE (0.0ms)[0m  [1mselect * from routes where endplace_id = 1131[0m
  [1m[35mCACHE (0.0ms)[0m  SELECT "places".* FROM "places" WHERE "places"."id" = $1 LIMIT 1  [["id", 1131]]
  [1m[36mCACHE (0.0ms)[0m  [1mSELECT "places".* FROM "places" WHERE "places"."id" = $1 LIMIT 1[0m  [["id", 1132]]
  [1m[35mCACHE (0.0ms)[0m  SELECT "places".* FROM "places" WHERE "places"."id" = $1 LIMIT 1  [["id", 1133]]
  [1m[36mCACHE (0.0ms)[0m  [1mSELECT "places".* FROM "places" WHERE "places"."id" = 1124 LIMIT 1[0m
  [1m[35mCACHE (0.0ms)[0m  select * from routes where startplace_id = 1124
  [1m[36mCACHE (0.0ms)[0m  [1mselect * from routes where endplace_id = 1124[0m
  [1m[35mCACHE (0.0ms)[0m  SELECT "places".* FROM "places" WHERE "places"."id" = $1 LIMIT 1  [["id", 1124]]
  [1m[36mCACHE (0.0ms)[0m  [1mSELECT "places".* FROM "places" WHERE "places"."id" = $1 LIMIT 1[0m  [["id", 1129]]
  [1m[35mCACHE (0.0ms)[0m  SELECT "places".* FROM "places" WHERE "places"."id" = $1 LIMIT 1  [["id", 1124]]
  [1m[36mCACHE (0.0ms)[0m  [1mSELECT "places".* FROM "places" WHERE "places"."id" = $1 LIMIT 1[0m  [["id", 974]]
  [1m[35mCACHE (0.0ms)[0m  SELECT "places".* FROM "places" WHERE "places"."id" = $1 LIMIT 1  [["id", 1123]]
  [1m[36mCACHE (0.0ms)[0m  [1mSELECT "places".* FROM "places" WHERE "places"."id" = 207 LIMIT 1[0m
  [1m[35mCACHE (0.0ms)[0m  select * from routes where startplace_id = 207
  [1m[36mCACHE (0.0ms)[0m  [1mselect * from routes where endplace_id = 207[0m
  [1m[35mCACHE (0.0ms)[0m  SELECT "places".* FROM "places" WHERE "places"."id" = $1 LIMIT 1  [["id", 207]]
  [1m[36mCACHE (0.0ms)[0m  [1mSELECT "places".* FROM "places" WHERE "places"."id" = $1 LIMIT 1[0m  [["id", 650]]
  [1m[35mCACHE (0.0ms)[0m  SELECT "places".* FROM "places" WHERE "places"."id" = $1 LIMIT 1  [["id", 207]]
  [1m[36mCACHE (0.0ms)[0m  [1mSELECT "places".* FROM "places" WHERE "places"."id" = $1 LIMIT 1[0m  [["id", 1133]]
  [1m[35mCACHE (0.0ms)[0m  SELECT "places".* FROM "places" WHERE "places"."id" = $1 LIMIT 1  [["id", 1129]]
  [1m[36mCACHE (0.0ms)[0m  [1mSELECT "places".* FROM "places" WHERE "places"."id" = 1125 LIMIT 1[0m
  [1m[35mCACHE (0.0ms)[0m  select * from routes where startplace_id = 1125
  [1m[36mCACHE (0.0ms)[0m  [1mselect * from routes where endplace_id = 1125[0m
  [1m[35mCACHE (0.0ms)[0m  SELECT "places".* FROM "places" WHERE "places"."id" = $1 LIMIT 1  [["id", 1125]]
  [1m[36mCACHE (0.0ms)[0m  [1mSELECT "places".* FROM "places" WHERE "places"."id" = $1 LIMIT 1[0m  [["id", 1123]]
  [1m[35mCACHE (0.0ms)[0m  SELECT "places".* FROM "places" WHERE "places"."id" = $1 LIMIT 1  [["id", 769]]
  [1m[36mCACHE (0.0ms)[0m  [1mSELECT "places".* FROM "places" WHERE "places"."id" = 1124 LIMIT 1[0m
  [1m[35mCACHE (0.0ms)[0m  select * from routes where startplace_id = 1124
  [1m[36mCACHE (0.0ms)[0m  [1mselect * from routes where endplace_id = 1124[0m
  [1m[35mCACHE (0.0ms)[0m  SELECT "places".* FROM "places" WHERE "places"."id" = $1 LIMIT 1  [["id", 1124]]
  [1m[36mCACHE (0.0ms)[0m  [1mSELECT "places".* FROM "places" WHERE "places"."id" = $1 LIMIT 1[0m  [["id", 1129]]
  [1m[35mCACHE (0.0ms)[0m  SELECT "places".* FROM "places" WHERE "places"."id" = $1 LIMIT 1  [["id", 1124]]
  [1m[36mCACHE (0.0ms)[0m  [1mSELECT "places".* FROM "places" WHERE "places"."id" = $1 LIMIT 1[0m  [["id", 974]]
  [1m[35mCACHE (0.0ms)[0m  SELECT "places".* FROM "places" WHERE "places"."id" = $1 LIMIT 1  [["id", 1123]]
  [1m[36mCACHE (0.0ms)[0m  [1mSELECT "places".* FROM "places" WHERE "places"."id" = 528 LIMIT 1[0m
  [1m[35mCACHE (0.0ms)[0m  select * from routes where startplace_id = 528
  [1m[36mCACHE (0.0ms)[0m  [1mselect * from routes where endplace_id = 528[0m
  [1m[35mCACHE (0.0ms)[0m  SELECT "places".* FROM "places" WHERE "places"."id" = $1 LIMIT 1  [["id", 528]]
  [1m[36mCACHE (0.0ms)[0m  [1mSELECT "places".* FROM "places" WHERE "places"."id" = $1 LIMIT 1[0m  [["id", 1116]]
  [1m[35mCACHE (0.0ms)[0m  SELECT "places".* FROM "places" WHERE "places"."id" = 827 LIMIT 1
  [1m[36mCACHE (0.0ms)[0m  [1mselect * from routes where startplace_id = 827[0m
  [1m[35mCACHE (0.0ms)[0m  select * from routes where endplace_id = 827
  [1m[36mCACHE (0.0ms)[0m  [1mSELECT "places".* FROM "places" WHERE "places"."id" = $1 LIMIT 1[0m  [["id", 827]]
  [1m[35mCACHE (0.0ms)[0m  SELECT "places".* FROM "places" WHERE "places"."id" = $1 LIMIT 1  [["id", 397]]
  [1m[36mCACHE (0.0ms)[0m  [1mSELECT "places".* FROM "places" WHERE "places"."id" = $1 LIMIT 1[0m  [["id", 1116]]
  [1m[35mCACHE (0.0ms)[0m  SELECT "places".* FROM "places" WHERE "places"."id" = 1122 LIMIT 1
  [1m[36mCACHE (0.0ms)[0m  [1mselect * from routes where startplace_id = 1122[0m
  [1m[35mCACHE (0.0ms)[0m  select * from routes where endplace_id = 1122
  [1m[36mCACHE (0.0ms)[0m  [1mSELECT "places".* FROM "places" WHERE "places"."id" = $1 LIMIT 1[0m  [["id", 1122]]
  [1m[35mCACHE (0.0ms)[0m  SELECT "places".* FROM "places" WHERE "places"."id" = $1 LIMIT 1  [["id", 975]]
  [1m[36mCACHE (0.0ms)[0m  [1mSELECT "places".* FROM "places" WHERE "places"."id" = $1 LIMIT 1[0m  [["id", 1121]]
  [1m[35mCACHE (0.0ms)[0m  SELECT "places".* FROM "places" WHERE "places"."id" = 1129 LIMIT 1
  [1m[36mCACHE (0.0ms)[0m  [1mselect * from routes where startplace_id = 1129[0m
  [1m[35mCACHE (0.0ms)[0m  select * from routes where endplace_id = 1129
  [1m[36mCACHE (0.0ms)[0m  [1mSELECT "places".* FROM "places" WHERE "places"."id" = $1 LIMIT 1[0m  [["id", 1129]]
  [1m[35mCACHE (0.0ms)[0m  SELECT "places".* FROM "places" WHERE "places"."id" = $1 LIMIT 1  [["id", 207]]
  [1m[36mCACHE (0.0ms)[0m  [1mSELECT "places".* FROM "places" WHERE "places"."id" = $1 LIMIT 1[0m  [["id", 1124]]
  [1m[35mCACHE (0.0ms)[0m  SELECT "places".* FROM "places" WHERE "places"."id" = $1 LIMIT 1  [["id", 975]]
  [1m[36mCACHE (0.0ms)[0m  [1mSELECT "places".* FROM "places" WHERE "places"."id" = 1129 LIMIT 1[0m
  [1m[35mCACHE (0.0ms)[0m  select * from routes where startplace_id = 1129
  [1m[36mCACHE (0.0ms)[0m  [1mselect * from routes where endplace_id = 1129[0m
  [1m[35mCACHE (0.0ms)[0m  SELECT "places".* FROM "places" WHERE "places"."id" = $1 LIMIT 1  [["id", 1129]]
  [1m[36mCACHE (0.0ms)[0m  [1mSELECT "places".* FROM "places" WHERE "places"."id" = $1 LIMIT 1[0m  [["id", 207]]
  [1m[35mCACHE (0.0ms)[0m  SELECT "places".* FROM "places" WHERE "places"."id" = $1 LIMIT 1  [["id", 1124]]
  [1m[36mCACHE (0.0ms)[0m  [1mSELECT "places".* FROM "places" WHERE "places"."id" = $1 LIMIT 1[0m  [["id", 975]]
  [1m[35mCACHE (0.0ms)[0m  SELECT "places".* FROM "places" WHERE "places"."id" = 45 LIMIT 1
  [1m[36mCACHE (0.0ms)[0m  [1mselect * from routes where startplace_id = 45[0m
  [1m[35mCACHE (0.0ms)[0m  select * from routes where endplace_id = 45
  [1m[36mCACHE (0.0ms)[0m  [1mSELECT "places".* FROM "places" WHERE "places"."id" = $1 LIMIT 1[0m  [["id", 45]]
  [1m[35mCACHE (0.0ms)[0m  SELECT "places".* FROM "places" WHERE "places"."id" = $1 LIMIT 1  [["id", 976]]
  [1m[36mCACHE (0.0ms)[0m  [1mSELECT "places".* FROM "places" WHERE "places"."id" = $1 LIMIT 1[0m  [["id", 650]]
  [1m[35mCACHE (0.0ms)[0m  SELECT "places".* FROM "places" WHERE "places"."id" = 1119 LIMIT 1
  [1m[36mCACHE (0.0ms)[0m  [1mselect * from routes where startplace_id = 1119[0m
  [1m[35mCACHE (0.0ms)[0m  select * from routes where endplace_id = 1119
  [1m[36mCACHE (0.0ms)[0m  [1mSELECT "places".* FROM "places" WHERE "places"."id" = $1 LIMIT 1[0m  [["id", 1119]]
  [1m[35mCACHE (0.0ms)[0m  SELECT "places".* FROM "places" WHERE "places"."id" = $1 LIMIT 1  [["id", 1120]]
  [1m[36mCACHE (0.0ms)[0m  [1mSELECT "places".* FROM "places" WHERE "places"."id" = $1 LIMIT 1[0m  [["id", 976]]
  [1m[35mCACHE (0.0ms)[0m  SELECT "places".* FROM "places" WHERE "places"."id" = $1 LIMIT 1  [["id", 471]]
  [1m[36mCACHE (0.0ms)[0m  [1mSELECT "places".* FROM "places" WHERE "places"."id" = 45 LIMIT 1[0m
  [1m[35mCACHE (0.0ms)[0m  select * from routes where startplace_id = 45
  [1m[36mCACHE (0.0ms)[0m  [1mselect * from routes where endplace_id = 45[0m
  [1m[35mCACHE (0.0ms)[0m  SELECT "places".* FROM "places" WHERE "places"."id" = $1 LIMIT 1  [["id", 45]]
  [1m[36mCACHE (0.0ms)[0m  [1mSELECT "places".* FROM "places" WHERE "places"."id" = $1 LIMIT 1[0m  [["id", 976]]
  [1m[35mCACHE (0.0ms)[0m  SELECT "places".* FROM "places" WHERE "places"."id" = $1 LIMIT 1  [["id", 650]]
  [1m[36mCACHE (0.0ms)[0m  [1mSELECT "places".* FROM "places" WHERE "places"."id" = 1131 LIMIT 1[0m
  [1m[35mCACHE (0.0ms)[0m  select * from routes where startplace_id = 1131
  [1m[36mCACHE (0.0ms)[0m  [1mselect * from routes where endplace_id = 1131[0m
  [1m[35mCACHE (0.0ms)[0m  SELECT "places".* FROM "places" WHERE "places"."id" = $1 LIMIT 1  [["id", 1131]]
  [1m[36mCACHE (0.0ms)[0m  [1mSELECT "places".* FROM "places" WHERE "places"."id" = $1 LIMIT 1[0m  [["id", 1132]]
  [1m[35mCACHE (0.0ms)[0m  SELECT "places".* FROM "places" WHERE "places"."id" = $1 LIMIT 1  [["id", 1133]]
  [1m[36mCACHE (0.0ms)[0m  [1mSELECT "places".* FROM "places" WHERE "places"."id" = 419 LIMIT 1[0m
  [1m[35mCACHE (0.0ms)[0m  select * from routes where startplace_id = 419
  [1m[36mCACHE (0.0ms)[0m  [1mselect * from routes where endplace_id = 419[0m
  [1m[35mCACHE (0.0ms)[0m  SELECT "places".* FROM "places" WHERE "places"."id" = $1 LIMIT 1  [["id", 419]]
  [1m[36mCACHE (0.0ms)[0m  [1mSELECT "places".* FROM "places" WHERE "places"."id" = $1 LIMIT 1[0m  [["id", 1127]]
  [1m[35mCACHE (0.0ms)[0m  SELECT "places".* FROM "places" WHERE "places"."id" = $1 LIMIT 1  [["id", 1128]]
  [1m[36mCACHE (0.0ms)[0m  [1mSELECT "places".* FROM "places" WHERE "places"."id" = 45 LIMIT 1[0m
  [1m[35mCACHE (0.0ms)[0m  select * from routes where startplace_id = 45
  [1m[36mCACHE (0.0ms)[0m  [1mselect * from routes where endplace_id = 45[0m
  [1m[35mCACHE (0.0ms)[0m  SELECT "places".* FROM "places" WHERE "places"."id" = $1 LIMIT 1  [["id", 45]]
  [1m[36mCACHE (0.0ms)[0m  [1mSELECT "places".* FROM "places" WHERE "places"."id" = $1 LIMIT 1[0m  [["id", 976]]
  [1m[35mCACHE (0.0ms)[0m  SELECT "places".* FROM "places" WHERE "places"."id" = $1 LIMIT 1  [["id", 650]]
  [1m[36mCACHE (0.0ms)[0m  [1mSELECT "places".* FROM "places" WHERE "places"."id" = 1119 LIMIT 1[0m
  [1m[35mCACHE (0.0ms)[0m  select * from routes where startplace_id = 1119
  [1m[36mCACHE (0.0ms)[0m  [1mselect * from routes where endplace_id = 1119[0m
  [1m[35mCACHE (0.0ms)[0m  SELECT "places".* FROM "places" WHERE "places"."id" = $1 LIMIT 1  [["id", 1119]]
  [1m[36mCACHE (0.0ms)[0m  [1mSELECT "places".* FROM "places" WHERE "places"."id" = $1 LIMIT 1[0m  [["id", 1120]]
  [1m[35mCACHE (0.0ms)[0m  SELECT "places".* FROM "places" WHERE "places"."id" = $1 LIMIT 1  [["id", 976]]
  [1m[36mCACHE (0.0ms)[0m  [1mSELECT "places".* FROM "places" WHERE "places"."id" = $1 LIMIT 1[0m  [["id", 471]]
  [1m[35mCACHE (0.0ms)[0m  SELECT "places".* FROM "places" WHERE "places"."id" = 1126 LIMIT 1
  [1m[36mCACHE (0.0ms)[0m  [1mselect * from routes where startplace_id = 1126[0m
  [1m[35mCACHE (0.0ms)[0m  select * from routes where endplace_id = 1126
  [1m[36mCACHE (0.0ms)[0m  [1mSELECT "places".* FROM "places" WHERE "places"."id" = $1 LIMIT 1[0m  [["id", 1126]]
  [1m[35mCACHE (0.0ms)[0m  SELECT "places".* FROM "places" WHERE "places"."id" = $1 LIMIT 1  [["id", 1130]]
  [1m[36mCACHE (0.0ms)[0m  [1mSELECT "places".* FROM "places" WHERE "places"."id" = $1 LIMIT 1[0m  [["id", 1126]]
  [1m[35mCACHE (0.0ms)[0m  SELECT "places".* FROM "places" WHERE "places"."id" = $1 LIMIT 1  [["id", 769]]
  [1m[36mCACHE (0.0ms)[0m  [1mSELECT "places".* FROM "places" WHERE "places"."id" = $1 LIMIT 1[0m  [["id", 1127]]
  [1m[35mCACHE (0.0ms)[0m  SELECT "places".* FROM "places" WHERE "places"."id" = 1121 LIMIT 1
  [1m[36mCACHE (0.0ms)[0m  [1mselect * from routes where startplace_id = 1121[0m
  [1m[35mCACHE (0.0ms)[0m  select * from routes where endplace_id = 1121
  [1m[36mCACHE (0.0ms)[0m  [1mSELECT "places".* FROM "places" WHERE "places"."id" = $1 LIMIT 1[0m  [["id", 1121]]
  [1m[35mCACHE (0.0ms)[0m  SELECT "places".* FROM "places" WHERE "places"."id" = $1 LIMIT 1  [["id", 1122]]
  [1m[36mCACHE (0.0ms)[0m  [1mSELECT "places".* FROM "places" WHERE "places"."id" = $1 LIMIT 1[0m  [["id", 976]]
  [1m[35mCACHE (0.0ms)[0m  SELECT "places".* FROM "places" WHERE "places"."id" = 1119 LIMIT 1
  [1m[36mCACHE (0.0ms)[0m  [1mselect * from routes where startplace_id = 1119[0m
  [1m[35mCACHE (0.0ms)[0m  select * from routes where endplace_id = 1119
  [1m[36mCACHE (0.0ms)[0m  [1mSELECT "places".* FROM "places" WHERE "places"."id" = $1 LIMIT 1[0m  [["id", 1119]]
  [1m[35mCACHE (0.0ms)[0m  SELECT "places".* FROM "places" WHERE "places"."id" = $1 LIMIT 1  [["id", 1120]]
  [1m[36mCACHE (0.0ms)[0m  [1mSELECT "places".* FROM "places" WHERE "places"."id" = $1 LIMIT 1[0m  [["id", 976]]
  [1m[35mCACHE (0.0ms)[0m  SELECT "places".* FROM "places" WHERE "places"."id" = $1 LIMIT 1  [["id", 471]]
  [1m[36mCACHE (0.0ms)[0m  [1mSELECT "places".* FROM "places" WHERE "places"."id" = 1123 LIMIT 1[0m
  [1m[35mCACHE (0.0ms)[0m  select * from routes where startplace_id = 1123
  [1m[36mCACHE (0.0ms)[0m  [1mselect * from routes where endplace_id = 1123[0m
  [1m[35mCACHE (0.0ms)[0m  SELECT "places".* FROM "places" WHERE "places"."id" = $1 LIMIT 1  [["id", 1123]]
  [1m[36mCACHE (0.0ms)[0m  [1mSELECT "places".* FROM "places" WHERE "places"."id" = $1 LIMIT 1[0m  [["id", 1124]]
  [1m[35mCACHE (0.0ms)[0m  SELECT "places".* FROM "places" WHERE "places"."id" = $1 LIMIT 1  [["id", 975]]
  [1m[36mCACHE (0.0ms)[0m  [1mSELECT "places".* FROM "places" WHERE "places"."id" = $1 LIMIT 1[0m  [["id", 1125]]
  [1m[35mCACHE (0.0ms)[0m  SELECT "places".* FROM "places" WHERE "places"."id" = 974 LIMIT 1
  [1m[36mCACHE (0.0ms)[0m  [1mselect * from routes where startplace_id = 974[0m
  [1m[35mCACHE (0.0ms)[0m  select * from routes where endplace_id = 974
  [1m[36mCACHE (0.0ms)[0m  [1mSELECT "places".* FROM "places" WHERE "places"."id" = $1 LIMIT 1[0m  [["id", 974]]
  [1m[35mCACHE (0.0ms)[0m  SELECT "places".* FROM "places" WHERE "places"."id" = $1 LIMIT 1  [["id", 471]]
  [1m[36mCACHE (0.0ms)[0m  [1mSELECT "places".* FROM "places" WHERE "places"."id" = $1 LIMIT 1[0m  [["id", 1130]]
  [1m[35mCACHE (0.0ms)[0m  SELECT "places".* FROM "places" WHERE "places"."id" = $1 LIMIT 1  [["id", 1124]]
  [1m[36mCACHE (0.0ms)[0m  [1mSELECT "places".* FROM "places" WHERE "places"."id" = 1122 LIMIT 1[0m
  [1m[35mCACHE (0.0ms)[0m  select * from routes where startplace_id = 1122
  [1m[36mCACHE (0.0ms)[0m  [1mselect * from routes where endplace_id = 1122[0m
  [1m[35mCACHE (0.0ms)[0m  SELECT "places".* FROM "places" WHERE "places"."id" = $1 LIMIT 1  [["id", 1122]]
  [1m[36mCACHE (0.0ms)[0m  [1mSELECT "places".* FROM "places" WHERE "places"."id" = $1 LIMIT 1[0m  [["id", 975]]
  [1m[35mCACHE (0.0ms)[0m  SELECT "places".* FROM "places" WHERE "places"."id" = $1 LIMIT 1  [["id", 1121]]
  [1m[36mCACHE (0.0ms)[0m  [1mSELECT "places".* FROM "places" WHERE "places"."id" = 1123 LIMIT 1[0m
  [1m[35mCACHE (0.0ms)[0m  select * from routes where startplace_id = 1123
  [1m[36mCACHE (0.0ms)[0m  [1mselect * from routes where endplace_id = 1123[0m
  [1m[35mCACHE (0.0ms)[0m  SELECT "places".* FROM "places" WHERE "places"."id" = $1 LIMIT 1  [["id", 1123]]
  [1m[36mCACHE (0.0ms)[0m  [1mSELECT "places".* FROM "places" WHERE "places"."id" = $1 LIMIT 1[0m  [["id", 1124]]
  [1m[35mCACHE (0.0ms)[0m  SELECT "places".* FROM "places" WHERE "places"."id" = $1 LIMIT 1  [["id", 975]]
  [1m[36mCACHE (0.0ms)[0m  [1mSELECT "places".* FROM "places" WHERE "places"."id" = $1 LIMIT 1[0m  [["id", 1125]]
  [1m[35mCACHE (0.0ms)[0m  SELECT "places".* FROM "places" WHERE "places"."id" = 1132 LIMIT 1
  [1m[36mCACHE (0.0ms)[0m  [1mselect * from routes where startplace_id = 1132[0m
  [1m[35mCACHE (0.0ms)[0m  select * from routes where endplace_id = 1132
  [1m[36mCACHE (0.0ms)[0m  [1mSELECT "places".* FROM "places" WHERE "places"."id" = $1 LIMIT 1[0m  [["id", 1131]]
  [1m[35mCACHE (0.0ms)[0m  SELECT "places".* FROM "places" WHERE "places"."id" = 1123 LIMIT 1
  [1m[36mCACHE (0.0ms)[0m  [1mselect * from routes where startplace_id = 1123[0m
  [1m[35mCACHE (0.0ms)[0m  select * from routes where endplace_id = 1123
  [1m[36mCACHE (0.0ms)[0m  [1mSELECT "places".* FROM "places" WHERE "places"."id" = $1 LIMIT 1[0m  [["id", 1123]]
  [1m[35mCACHE (0.0ms)[0m  SELECT "places".* FROM "places" WHERE "places"."id" = $1 LIMIT 1  [["id", 1124]]
  [1m[36mCACHE (0.0ms)[0m  [1mSELECT "places".* FROM "places" WHERE "places"."id" = $1 LIMIT 1[0m  [["id", 975]]
  [1m[35mCACHE (0.0ms)[0m  SELECT "places".* FROM "places" WHERE "places"."id" = $1 LIMIT 1  [["id", 1125]]
  [1m[36mCACHE (0.0ms)[0m  [1mSELECT "places".* FROM "places" WHERE "places"."id" = 974 LIMIT 1[0m
  [1m[35mCACHE (0.0ms)[0m  select * from routes where startplace_id = 974
  [1m[36mCACHE (0.0ms)[0m  [1mselect * from routes where endplace_id = 974[0m
  [1m[35mCACHE (0.0ms)[0m  SELECT "places".* FROM "places" WHERE "places"."id" = $1 LIMIT 1  [["id", 974]]
  [1m[36mCACHE (0.0ms)[0m  [1mSELECT "places".* FROM "places" WHERE "places"."id" = $1 LIMIT 1[0m  [["id", 471]]
  [1m[35mCACHE (0.0ms)[0m  SELECT "places".* FROM "places" WHERE "places"."id" = $1 LIMIT 1  [["id", 1130]]
  [1m[36mCACHE (0.0ms)[0m  [1mSELECT "places".* FROM "places" WHERE "places"."id" = $1 LIMIT 1[0m  [["id", 1124]]
  [1m[35mCACHE (0.0ms)[0m  SELECT "places".* FROM "places" WHERE "places"."id" = 650 LIMIT 1
  [1m[36mCACHE (0.0ms)[0m  [1mselect * from routes where startplace_id = 650[0m
  [1m[35mCACHE (0.0ms)[0m  select * from routes where endplace_id = 650
  [1m[36mCACHE (0.0ms)[0m  [1mSELECT "places".* FROM "places" WHERE "places"."id" = $1 LIMIT 1[0m  [["id", 650]]
  [1m[35mCACHE (0.0ms)[0m  SELECT "places".* FROM "places" WHERE "places"."id" = $1 LIMIT 1  [["id", 45]]
  [1m[36mCACHE (0.0ms)[0m  [1mSELECT "places".* FROM "places" WHERE "places"."id" = $1 LIMIT 1[0m  [["id", 207]]
  [1m[35mCACHE (0.0ms)[0m  SELECT "places".* FROM "places" WHERE "places"."id" = 1133 LIMIT 1
  [1m[36mCACHE (0.0ms)[0m  [1mselect * from routes where startplace_id = 1133[0m
  [1m[35mCACHE (0.0ms)[0m  select * from routes where endplace_id = 1133
  [1m[36mCACHE (0.0ms)[0m  [1mSELECT "places".* FROM "places" WHERE "places"."id" = $1 LIMIT 1[0m  [["id", 1133]]
  [1m[35mCACHE (0.0ms)[0m  SELECT "places".* FROM "places" WHERE "places"."id" = $1 LIMIT 1  [["id", 1131]]
  [1m[36mCACHE (0.0ms)[0m  [1mSELECT "places".* FROM "places" WHERE "places"."id" = $1 LIMIT 1[0m  [["id", 207]]
  [1m[35mCACHE (0.0ms)[0m  SELECT "places".* FROM "places" WHERE "places"."id" = 769 LIMIT 1
  [1m[36mCACHE (0.0ms)[0m  [1mselect * from routes where startplace_id = 769[0m
  [1m[35mCACHE (0.0ms)[0m  select * from routes where endplace_id = 769
  [1m[36mCACHE (0.0ms)[0m  [1mSELECT "places".* FROM "places" WHERE "places"."id" = $1 LIMIT 1[0m  [["id", 769]]
  [1m[35mCACHE (0.0ms)[0m  SELECT "places".* FROM "places" WHERE "places"."id" = $1 LIMIT 1  [["id", 1125]]
  [1m[36mCACHE (0.0ms)[0m  [1mSELECT "places".* FROM "places" WHERE "places"."id" = $1 LIMIT 1[0m  [["id", 1126]]
  [1m[35mCACHE (0.0ms)[0m  SELECT "places".* FROM "places" WHERE "places"."id" = 1129 LIMIT 1
  [1m[36mCACHE (0.0ms)[0m  [1mselect * from routes where startplace_id = 1129[0m
  [1m[35mCACHE (0.0ms)[0m  select * from routes where endplace_id = 1129
  [1m[36mCACHE (0.0ms)[0m  [1mSELECT "places".* FROM "places" WHERE "places"."id" = $1 LIMIT 1[0m  [["id", 1129]]
  [1m[35mCACHE (0.0ms)[0m  SELECT "places".* FROM "places" WHERE "places"."id" = $1 LIMIT 1  [["id", 207]]
  [1m[36mCACHE (0.0ms)[0m  [1mSELECT "places".* FROM "places" WHERE "places"."id" = $1 LIMIT 1[0m  [["id", 1124]]
  [1m[35mCACHE (0.0ms)[0m  SELECT "places".* FROM "places" WHERE "places"."id" = $1 LIMIT 1  [["id", 975]]
  [1m[36mCACHE (0.0ms)[0m  [1mSELECT "places".* FROM "places" WHERE "places"."id" = 974 LIMIT 1[0m
  [1m[35mCACHE (0.0ms)[0m  select * from routes where startplace_id = 974
  [1m[36mCACHE (0.0ms)[0m  [1mselect * from routes where endplace_id = 974[0m
  [1m[35mCACHE (0.0ms)[0m  SELECT "places".* FROM "places" WHERE "places"."id" = $1 LIMIT 1  [["id", 974]]
  [1m[36mCACHE (0.0ms)[0m  [1mSELECT "places".* FROM "places" WHERE "places"."id" = $1 LIMIT 1[0m  [["id", 471]]
  [1m[35mCACHE (0.0ms)[0m  SELECT "places".* FROM "places" WHERE "places"."id" = $1 LIMIT 1  [["id", 1130]]
  [1m[36mCACHE (0.0ms)[0m  [1mSELECT "places".* FROM "places" WHERE "places"."id" = $1 LIMIT 1[0m  [["id", 1124]]
  [1m[35mCACHE (0.0ms)[0m  SELECT "places".* FROM "places" WHERE "places"."id" = 397 LIMIT 1
  [1m[36mCACHE (0.0ms)[0m  [1mselect * from routes where startplace_id = 397[0m
  [1m[35mCACHE (0.0ms)[0m  select * from routes where endplace_id = 397
  [1m[36mCACHE (0.0ms)[0m  [1mSELECT "places".* FROM "places" WHERE "places"."id" = $1 LIMIT 1[0m  [["id", 397]]
  [1m[35mCACHE (0.0ms)[0m  SELECT "places".* FROM "places" WHERE "places"."id" = $1 LIMIT 1  [["id", 1115]]
  [1m[36mCACHE (0.0ms)[0m  [1mSELECT "places".* FROM "places" WHERE "places"."id" = $1 LIMIT 1[0m  [["id", 827]]
  [1m[35mCACHE (0.1ms)[0m  SELECT "places".* FROM "places" WHERE "places"."id" = 1121 LIMIT 1
  [1m[36mCACHE (0.0ms)[0m  [1mselect * from routes where startplace_id = 1121[0m
  [1m[35mCACHE (0.0ms)[0m  select * from routes where endplace_id = 1121
  [1m[36mCACHE (0.0ms)[0m  [1mSELECT "places".* FROM "places" WHERE "places"."id" = $1 LIMIT 1[0m  [["id", 1121]]
  [1m[35mCACHE (0.0ms)[0m  SELECT "places".* FROM "places" WHERE "places"."id" = $1 LIMIT 1  [["id", 1122]]
  [1m[36mCACHE (0.0ms)[0m  [1mSELECT "places".* FROM "places" WHERE "places"."id" = $1 LIMIT 1[0m  [["id", 976]]
  [1m[35mCACHE (0.0ms)[0m  SELECT "places".* FROM "places" WHERE "places"."id" = 1124 LIMIT 1
  [1m[36mCACHE (0.0ms)[0m  [1mselect * from routes where startplace_id = 1124[0m
  [1m[35mCACHE (0.0ms)[0m  select * from routes where endplace_id = 1124
  [1m[36mCACHE (0.0ms)[0m  [1mSELECT "places".* FROM "places" WHERE "places"."id" = $1 LIMIT 1[0m  [["id", 1124]]
  [1m[35mCACHE (0.0ms)[0m  SELECT "places".* FROM "places" WHERE "places"."id" = $1 LIMIT 1  [["id", 1129]]
  [1m[36mCACHE (0.0ms)[0m  [1mSELECT "places".* FROM "places" WHERE "places"."id" = $1 LIMIT 1[0m  [["id", 1124]]
  [1m[35mCACHE (0.0ms)[0m  SELECT "places".* FROM "places" WHERE "places"."id" = $1 LIMIT 1  [["id", 974]]
  [1m[36mCACHE (0.0ms)[0m  [1mSELECT "places".* FROM "places" WHERE "places"."id" = $1 LIMIT 1[0m  [["id", 1123]]
  [1m[35mCACHE (0.0ms)[0m  SELECT "places".* FROM "places" WHERE "places"."id" = 207 LIMIT 1
  [1m[36mCACHE (0.0ms)[0m  [1mselect * from routes where startplace_id = 207[0m
  [1m[35mCACHE (0.0ms)[0m  select * from routes where endplace_id = 207
  [1m[36mCACHE (0.0ms)[0m  [1mSELECT "places".* FROM "places" WHERE "places"."id" = $1 LIMIT 1[0m  [["id", 207]]
  [1m[35mCACHE (0.0ms)[0m  SELECT "places".* FROM "places" WHERE "places"."id" = $1 LIMIT 1  [["id", 650]]
  [1m[36mCACHE (0.0ms)[0m  [1mSELECT "places".* FROM "places" WHERE "places"."id" = $1 LIMIT 1[0m  [["id", 207]]
  [1m[35mCACHE (0.0ms)[0m  SELECT "places".* FROM "places" WHERE "places"."id" = $1 LIMIT 1  [["id", 1133]]
  [1m[36mCACHE (0.0ms)[0m  [1mSELECT "places".* FROM "places" WHERE "places"."id" = $1 LIMIT 1[0m  [["id", 1129]]
  [1m[35mCACHE (0.0ms)[0m  SELECT "places".* FROM "places" WHERE "places"."id" = 975 LIMIT 1
  [1m[36mCACHE (0.0ms)[0m  [1mselect * from routes where startplace_id = 975[0m
  [1m[35mCACHE (0.0ms)[0m  select * from routes where endplace_id = 975
  [1m[36mCACHE (0.0ms)[0m  [1mSELECT "places".* FROM "places" WHERE "places"."id" = $1 LIMIT 1[0m  [["id", 975]]
  [1m[35mCACHE (0.0ms)[0m  SELECT "places".* FROM "places" WHERE "places"."id" = $1 LIMIT 1  [["id", 1129]]
  [1m[36mCACHE (0.0ms)[0m  [1mSELECT "places".* FROM "places" WHERE "places"."id" = $1 LIMIT 1[0m  [["id", 975]]
  [1m[35mCACHE (0.0ms)[0m  SELECT "places".* FROM "places" WHERE "places"."id" = $1 LIMIT 1  [["id", 1123]]
  [1m[36mCACHE (0.0ms)[0m  [1mSELECT "places".* FROM "places" WHERE "places"."id" = $1 LIMIT 1[0m  [["id", 1122]]
  [1m[35mCACHE (0.0ms)[0m  SELECT "places".* FROM "places" WHERE "places"."id" = 207 LIMIT 1
  [1m[36mCACHE (0.0ms)[0m  [1mselect * from routes where startplace_id = 207[0m
  [1m[35mCACHE (0.0ms)[0m  select * from routes where endplace_id = 207
  [1m[36mCACHE (0.0ms)[0m  [1mSELECT "places".* FROM "places" WHERE "places"."id" = $1 LIMIT 1[0m  [["id", 207]]
  [1m[35mCACHE (0.0ms)[0m  SELECT "places".* FROM "places" WHERE "places"."id" = $1 LIMIT 1  [["id", 650]]
  [1m[36mCACHE (0.0ms)[0m  [1mSELECT "places".* FROM "places" WHERE "places"."id" = $1 LIMIT 1[0m  [["id", 207]]
  [1m[35mCACHE (0.0ms)[0m  SELECT "places".* FROM "places" WHERE "places"."id" = $1 LIMIT 1  [["id", 1133]]
  [1m[36mCACHE (0.0ms)[0m  [1mSELECT "places".* FROM "places" WHERE "places"."id" = $1 LIMIT 1[0m  [["id", 1129]]
  [1m[35mCACHE (0.0ms)[0m  SELECT "places".* FROM "places" WHERE "places"."id" = 650 LIMIT 1
  [1m[36mCACHE (0.0ms)[0m  [1mselect * from routes where startplace_id = 650[0m
  [1m[35mCACHE (0.0ms)[0m  select * from routes where endplace_id = 650
  [1m[36mCACHE (0.0ms)[0m  [1mSELECT "places".* FROM "places" WHERE "places"."id" = $1 LIMIT 1[0m  [["id", 650]]
  [1m[35mCACHE (0.0ms)[0m  SELECT "places".* FROM "places" WHERE "places"."id" = $1 LIMIT 1  [["id", 45]]
  [1m[36mCACHE (0.0ms)[0m  [1mSELECT "places".* FROM "places" WHERE "places"."id" = $1 LIMIT 1[0m  [["id", 207]]
  [1m[35mCACHE (0.0ms)[0m  SELECT "places".* FROM "places" WHERE "places"."id" = 1120 LIMIT 1
  [1m[36mCACHE (0.0ms)[0m  [1mselect * from routes where startplace_id = 1120[0m
  [1m[35mCACHE (0.0ms)[0m  select * from routes where endplace_id = 1120
  [1m[36mCACHE (0.0ms)[0m  [1mSELECT "places".* FROM "places" WHERE "places"."id" = $1 LIMIT 1[0m  [["id", 1120]]
  [1m[35mCACHE (0.0ms)[0m  SELECT "places".* FROM "places" WHERE "places"."id" = $1 LIMIT 1  [["id", 1118]]
  [1m[36mCACHE (0.0ms)[0m  [1mSELECT "places".* FROM "places" WHERE "places"."id" = $1 LIMIT 1[0m  [["id", 1119]]
  [1m[35mCACHE (0.0ms)[0m  SELECT "places".* FROM "places" WHERE "places"."id" = 976 LIMIT 1
  [1m[36mCACHE (0.0ms)[0m  [1mselect * from routes where startplace_id = 976[0m
  [1m[35mCACHE (0.0ms)[0m  select * from routes where endplace_id = 976
  [1m[36mCACHE (0.0ms)[0m  [1mSELECT "places".* FROM "places" WHERE "places"."id" = $1 LIMIT 1[0m  [["id", 976]]
  [1m[35mCACHE (0.0ms)[0m  SELECT "places".* FROM "places" WHERE "places"."id" = $1 LIMIT 1  [["id", 1121]]
  [1m[36mCACHE (0.0ms)[0m  [1mSELECT "places".* FROM "places" WHERE "places"."id" = $1 LIMIT 1[0m  [["id", 976]]
  [1m[35mCACHE (0.0ms)[0m  SELECT "places".* FROM "places" WHERE "places"."id" = $1 LIMIT 1  [["id", 1119]]
  [1m[36mCACHE (0.0ms)[0m  [1mSELECT "places".* FROM "places" WHERE "places"."id" = $1 LIMIT 1[0m  [["id", 45]]
  [1m[35mCACHE (0.0ms)[0m  SELECT "places".* FROM "places" WHERE "places"."id" = 1132 LIMIT 1
  [1m[36mCACHE (0.0ms)[0m  [1mselect * from routes where startplace_id = 1132[0m
  [1m[35mCACHE (0.0ms)[0m  select * from routes where endplace_id = 1132
  [1m[36mCACHE (0.0ms)[0m  [1mSELECT "places".* FROM "places" WHERE "places"."id" = $1 LIMIT 1[0m  [["id", 1131]]
  [1m[35mCACHE (0.0ms)[0m  SELECT "places".* FROM "places" WHERE "places"."id" = 1128 LIMIT 1
  [1m[36mCACHE (0.0ms)[0m  [1mselect * from routes where startplace_id = 1128[0m
  [1m[35mCACHE (0.0ms)[0m  select * from routes where endplace_id = 1128
  [1m[36mCACHE (0.0ms)[0m  [1mSELECT "places".* FROM "places" WHERE "places"."id" = $1 LIMIT 1[0m  [["id", 1128]]
  [1m[35mCACHE (0.0ms)[0m  SELECT "places".* FROM "places" WHERE "places"."id" = $1 LIMIT 1  [["id", 419]]
  [1m[36mCACHE (0.0ms)[0m  [1mSELECT "places".* FROM "places" WHERE "places"."id" = 650 LIMIT 1[0m
  [1m[35mCACHE (0.0ms)[0m  select * from routes where startplace_id = 650
  [1m[36mCACHE (0.0ms)[0m  [1mselect * from routes where endplace_id = 650[0m
  [1m[35mCACHE (0.0ms)[0m  SELECT "places".* FROM "places" WHERE "places"."id" = $1 LIMIT 1  [["id", 650]]
  [1m[36mCACHE (0.0ms)[0m  [1mSELECT "places".* FROM "places" WHERE "places"."id" = $1 LIMIT 1[0m  [["id", 45]]
  [1m[35mCACHE (0.0ms)[0m  SELECT "places".* FROM "places" WHERE "places"."id" = $1 LIMIT 1  [["id", 207]]
  [1m[36mCACHE (0.0ms)[0m  [1mSELECT "places".* FROM "places" WHERE "places"."id" = 1120 LIMIT 1[0m
  [1m[35mCACHE (0.0ms)[0m  select * from routes where startplace_id = 1120
  [1m[36mCACHE (0.0ms)[0m  [1mselect * from routes where endplace_id = 1120[0m
  [1m[35mCACHE (0.0ms)[0m  SELECT "places".* FROM "places" WHERE "places"."id" = $1 LIMIT 1  [["id", 1120]]
  [1m[36mCACHE (0.0ms)[0m  [1mSELECT "places".* FROM "places" WHERE "places"."id" = $1 LIMIT 1[0m  [["id", 1118]]
  [1m[35mCACHE (0.0ms)[0m  SELECT "places".* FROM "places" WHERE "places"."id" = $1 LIMIT 1  [["id", 1119]]
  [1m[36mCACHE (0.0ms)[0m  [1mSELECT "places".* FROM "places" WHERE "places"."id" = 1127 LIMIT 1[0m
  [1m[35mCACHE (0.0ms)[0m  select * from routes where startplace_id = 1127
  [1m[36mCACHE (0.0ms)[0m  [1mselect * from routes where endplace_id = 1127[0m
  [1m[35mCACHE (0.0ms)[0m  SELECT "places".* FROM "places" WHERE "places"."id" = $1 LIMIT 1  [["id", 1127]]
  [1m[36mCACHE (0.0ms)[0m  [1mSELECT "places".* FROM "places" WHERE "places"."id" = $1 LIMIT 1[0m  [["id", 1126]]
  [1m[35mCACHE (0.0ms)[0m  SELECT "places".* FROM "places" WHERE "places"."id" = $1 LIMIT 1  [["id", 419]]
  [1m[36mCACHE (0.0ms)[0m  [1mSELECT "places".* FROM "places" WHERE "places"."id" = 1130 LIMIT 1[0m
  [1m[35mCACHE (0.0ms)[0m  select * from routes where startplace_id = 1130
  [1m[36mCACHE (0.0ms)[0m  [1mselect * from routes where endplace_id = 1130[0m
  [1m[35mCACHE (0.0ms)[0m  SELECT "places".* FROM "places" WHERE "places"."id" = $1 LIMIT 1  [["id", 1130]]
  [1m[36mCACHE (0.0ms)[0m  [1mSELECT "places".* FROM "places" WHERE "places"."id" = $1 LIMIT 1[0m  [["id", 974]]
  [1m[35mCACHE (0.0ms)[0m  SELECT "places".* FROM "places" WHERE "places"."id" = $1 LIMIT 1  [["id", 1126]]
  [1m[36mCACHE (0.0ms)[0m  [1mSELECT "places".* FROM "places" WHERE "places"."id" = 1122 LIMIT 1[0m
  [1m[35mCACHE (0.0ms)[0m  select * from routes where startplace_id = 1122
  [1m[36mCACHE (0.0ms)[0m  [1mselect * from routes where endplace_id = 1122[0m
  [1m[35mCACHE (0.0ms)[0m  SELECT "places".* FROM "places" WHERE "places"."id" = $1 LIMIT 1  [["id", 1122]]
  [1m[36mCACHE (0.0ms)[0m  [1mSELECT "places".* FROM "places" WHERE "places"."id" = $1 LIMIT 1[0m  [["id", 975]]
  [1m[35mCACHE (0.0ms)[0m  SELECT "places".* FROM "places" WHERE "places"."id" = $1 LIMIT 1  [["id", 1121]]
  [1m[36mCACHE (0.0ms)[0m  [1mSELECT "places".* FROM "places" WHERE "places"."id" = 1120 LIMIT 1[0m
  [1m[35mCACHE (0.0ms)[0m  select * from routes where startplace_id = 1120
  [1m[36mCACHE (0.0ms)[0m  [1mselect * from routes where endplace_id = 1120[0m
  [1m[35mCACHE (0.0ms)[0m  SELECT "places".* FROM "places" WHERE "places"."id" = $1 LIMIT 1  [["id", 1120]]
  [1m[36mCACHE (0.0ms)[0m  [1mSELECT "places".* FROM "places" WHERE "places"."id" = $1 LIMIT 1[0m  [["id", 1118]]
  [1m[35mCACHE (0.0ms)[0m  SELECT "places".* FROM "places" WHERE "places"."id" = $1 LIMIT 1  [["id", 1119]]
  [1m[36mCACHE (0.0ms)[0m  [1mSELECT "places".* FROM "places" WHERE "places"."id" = 975 LIMIT 1[0m
  [1m[35mCACHE (0.0ms)[0m  select * from routes where startplace_id = 975
  [1m[36mCACHE (0.0ms)[0m  [1mselect * from routes where endplace_id = 975[0m
  [1m[35mCACHE (0.0ms)[0m  SELECT "places".* FROM "places" WHERE "places"."id" = $1 LIMIT 1  [["id", 975]]
  [1m[36mCACHE (0.0ms)[0m  [1mSELECT "places".* FROM "places" WHERE "places"."id" = $1 LIMIT 1[0m  [["id", 1129]]
  [1m[35mCACHE (0.0ms)[0m  SELECT "places".* FROM "places" WHERE "places"."id" = $1 LIMIT 1  [["id", 975]]
  [1m[36mCACHE (0.0ms)[0m  [1mSELECT "places".* FROM "places" WHERE "places"."id" = $1 LIMIT 1[0m  [["id", 1123]]
  [1m[35mCACHE (0.0ms)[0m  SELECT "places".* FROM "places" WHERE "places"."id" = $1 LIMIT 1  [["id", 1122]]
  [1m[36mCACHE (0.0ms)[0m  [1mSELECT "places".* FROM "places" WHERE "places"."id" = 1125 LIMIT 1[0m
  [1m[35mCACHE (0.0ms)[0m  select * from routes where startplace_id = 1125
  [1m[36mCACHE (0.0ms)[0m  [1mselect * from routes where endplace_id = 1125[0m
  [1m[35mCACHE (0.0ms)[0m  SELECT "places".* FROM "places" WHERE "places"."id" = $1 LIMIT 1  [["id", 1125]]
  [1m[36mCACHE (0.0ms)[0m  [1mSELECT "places".* FROM "places" WHERE "places"."id" = $1 LIMIT 1[0m  [["id", 1123]]
  [1m[35mCACHE (0.0ms)[0m  SELECT "places".* FROM "places" WHERE "places"."id" = $1 LIMIT 1  [["id", 769]]
  [1m[36mCACHE (0.0ms)[0m  [1mSELECT "places".* FROM "places" WHERE "places"."id" = 1130 LIMIT 1[0m
  [1m[35mCACHE (0.0ms)[0m  select * from routes where startplace_id = 1130
  [1m[36mCACHE (0.0ms)[0m  [1mselect * from routes where endplace_id = 1130[0m
  [1m[35mCACHE (0.0ms)[0m  SELECT "places".* FROM "places" WHERE "places"."id" = $1 LIMIT 1  [["id", 1130]]
  [1m[36mCACHE (0.0ms)[0m  [1mSELECT "places".* FROM "places" WHERE "places"."id" = $1 LIMIT 1[0m  [["id", 974]]
  [1m[35mCACHE (0.0ms)[0m  SELECT "places".* FROM "places" WHERE "places"."id" = $1 LIMIT 1  [["id", 1126]]
  [1m[36mCACHE (0.0ms)[0m  [1mSELECT "places".* FROM "places" WHERE "places"."id" = 1121 LIMIT 1[0m
  [1m[35mCACHE (0.0ms)[0m  select * from routes where startplace_id = 1121
  [1m[36mCACHE (0.0ms)[0m  [1mselect * from routes where endplace_id = 1121[0m
  [1m[35mCACHE (0.0ms)[0m  SELECT "places".* FROM "places" WHERE "places"."id" = $1 LIMIT 1  [["id", 1121]]
  [1m[36mCACHE (0.0ms)[0m  [1mSELECT "places".* FROM "places" WHERE "places"."id" = $1 LIMIT 1[0m  [["id", 1122]]
  [1m[35mCACHE (0.0ms)[0m  SELECT "places".* FROM "places" WHERE "places"."id" = $1 LIMIT 1  [["id", 976]]
  [1m[36mCACHE (0.0ms)[0m  [1mSELECT "places".* FROM "places" WHERE "places"."id" = 1125 LIMIT 1[0m
  [1m[35mCACHE (0.0ms)[0m  select * from routes where startplace_id = 1125
  [1m[36mCACHE (0.0ms)[0m  [1mselect * from routes where endplace_id = 1125[0m
  [1m[35mCACHE (0.0ms)[0m  SELECT "places".* FROM "places" WHERE "places"."id" = $1 LIMIT 1  [["id", 1125]]
  [1m[36mCACHE (0.0ms)[0m  [1mSELECT "places".* FROM "places" WHERE "places"."id" = $1 LIMIT 1[0m  [["id", 1123]]
  [1m[35mCACHE (0.0ms)[0m  SELECT "places".* FROM "places" WHERE "places"."id" = $1 LIMIT 1  [["id", 769]]
  [1m[36mCACHE (0.0ms)[0m  [1mSELECT "places".* FROM "places" WHERE "places"."id" = 1124 LIMIT 1[0m
  [1m[35mCACHE (0.0ms)[0m  select * from routes where startplace_id = 1124
  [1m[36mCACHE (0.0ms)[0m  [1mselect * from routes where endplace_id = 1124[0m
  [1m[35mCACHE (0.0ms)[0m  SELECT "places".* FROM "places" WHERE "places"."id" = $1 LIMIT 1  [["id", 1124]]
  [1m[36mCACHE (0.0ms)[0m  [1mSELECT "places".* FROM "places" WHERE "places"."id" = $1 LIMIT 1[0m  [["id", 1129]]
  [1m[35mCACHE (0.0ms)[0m  SELECT "places".* FROM "places" WHERE "places"."id" = $1 LIMIT 1  [["id", 1124]]
  [1m[36mCACHE (0.0ms)[0m  [1mSELECT "places".* FROM "places" WHERE "places"."id" = $1 LIMIT 1[0m  [["id", 974]]
  [1m[35mCACHE (0.0ms)[0m  SELECT "places".* FROM "places" WHERE "places"."id" = $1 LIMIT 1  [["id", 1123]]
  [1m[36mCACHE (0.0ms)[0m  [1mSELECT "places".* FROM "places" WHERE "places"."id" = 1125 LIMIT 1[0m
  [1m[35mCACHE (0.0ms)[0m  select * from routes where startplace_id = 1125
  [1m[36mCACHE (0.0ms)[0m  [1mselect * from routes where endplace_id = 1125[0m
  [1m[35mCACHE (0.0ms)[0m  SELECT "places".* FROM "places" WHERE "places"."id" = $1 LIMIT 1  [["id", 1125]]
  [1m[36mCACHE (0.0ms)[0m  [1mSELECT "places".* FROM "places" WHERE "places"."id" = $1 LIMIT 1[0m  [["id", 1123]]
  [1m[35mCACHE (0.0ms)[0m  SELECT "places".* FROM "places" WHERE "places"."id" = $1 LIMIT 1  [["id", 769]]
  [1m[36mCACHE (0.0ms)[0m  [1mSELECT "places".* FROM "places" WHERE "places"."id" = 1130 LIMIT 1[0m
  [1m[35mCACHE (0.0ms)[0m  select * from routes where startplace_id = 1130
  [1m[36mCACHE (0.0ms)[0m  [1mselect * from routes where endplace_id = 1130[0m
  [1m[35mCACHE (0.0ms)[0m  SELECT "places".* FROM "places" WHERE "places"."id" = $1 LIMIT 1  [["id", 1130]]
  [1m[36mCACHE (0.0ms)[0m  [1mSELECT "places".* FROM "places" WHERE "places"."id" = $1 LIMIT 1[0m  [["id", 974]]
  [1m[35mCACHE (0.0ms)[0m  SELECT "places".* FROM "places" WHERE "places"."id" = $1 LIMIT 1  [["id", 1126]]
  [1m[36mCACHE (0.0ms)[0m  [1mSELECT "places".* FROM "places" WHERE "places"."id" = 45 LIMIT 1[0m
  [1m[35mCACHE (0.0ms)[0m  select * from routes where startplace_id = 45
  [1m[36mCACHE (0.0ms)[0m  [1mselect * from routes where endplace_id = 45[0m
  [1m[35mCACHE (0.0ms)[0m  SELECT "places".* FROM "places" WHERE "places"."id" = $1 LIMIT 1  [["id", 45]]
  [1m[36mCACHE (0.0ms)[0m  [1mSELECT "places".* FROM "places" WHERE "places"."id" = $1 LIMIT 1[0m  [["id", 976]]
  [1m[35mCACHE (0.1ms)[0m  SELECT "places".* FROM "places" WHERE "places"."id" = $1 LIMIT 1  [["id", 650]]
  [1m[36mCACHE (0.0ms)[0m  [1mSELECT "places".* FROM "places" WHERE "places"."id" = 1131 LIMIT 1[0m
  [1m[35mCACHE (0.0ms)[0m  select * from routes where startplace_id = 1131
  [1m[36mCACHE (0.0ms)[0m  [1mselect * from routes where endplace_id = 1131[0m
  [1m[35mCACHE (0.0ms)[0m  SELECT "places".* FROM "places" WHERE "places"."id" = $1 LIMIT 1  [["id", 1131]]
  [1m[36mCACHE (0.0ms)[0m  [1mSELECT "places".* FROM "places" WHERE "places"."id" = $1 LIMIT 1[0m  [["id", 1132]]
  [1m[35mCACHE (0.0ms)[0m  SELECT "places".* FROM "places" WHERE "places"."id" = $1 LIMIT 1  [["id", 1133]]
  [1m[36mCACHE (0.0ms)[0m  [1mSELECT "places".* FROM "places" WHERE "places"."id" = 1126 LIMIT 1[0m
  [1m[35mCACHE (0.0ms)[0m  select * from routes where startplace_id = 1126
  [1m[36mCACHE (0.0ms)[0m  [1mselect * from routes where endplace_id = 1126[0m
  [1m[35mCACHE (0.0ms)[0m  SELECT "places".* FROM "places" WHERE "places"."id" = $1 LIMIT 1  [["id", 1126]]
  [1m[36mCACHE (0.0ms)[0m  [1mSELECT "places".* FROM "places" WHERE "places"."id" = $1 LIMIT 1[0m  [["id", 1130]]
  [1m[35mCACHE (0.0ms)[0m  SELECT "places".* FROM "places" WHERE "places"."id" = $1 LIMIT 1  [["id", 1126]]
  [1m[36mCACHE (0.0ms)[0m  [1mSELECT "places".* FROM "places" WHERE "places"."id" = $1 LIMIT 1[0m  [["id", 769]]
  [1m[35mCACHE (0.0ms)[0m  SELECT "places".* FROM "places" WHERE "places"."id" = $1 LIMIT 1  [["id", 1127]]
  [1m[36mCACHE (0.0ms)[0m  [1mSELECT "places".* FROM "places" WHERE "places"."id" = 207 LIMIT 1[0m
  [1m[35mCACHE (0.0ms)[0m  select * from routes where startplace_id = 207
  [1m[36mCACHE (0.0ms)[0m  [1mselect * from routes where endplace_id = 207[0m
  [1m[35mCACHE (0.0ms)[0m  SELECT "places".* FROM "places" WHERE "places"."id" = $1 LIMIT 1  [["id", 207]]
  [1m[36mCACHE (0.0ms)[0m  [1mSELECT "places".* FROM "places" WHERE "places"."id" = $1 LIMIT 1[0m  [["id", 650]]
  [1m[35mCACHE (0.0ms)[0m  SELECT "places".* FROM "places" WHERE "places"."id" = $1 LIMIT 1  [["id", 207]]
  [1m[36mCACHE (0.0ms)[0m  [1mSELECT "places".* FROM "places" WHERE "places"."id" = $1 LIMIT 1[0m  [["id", 1133]]
  [1m[35mCACHE (0.0ms)[0m  SELECT "places".* FROM "places" WHERE "places"."id" = $1 LIMIT 1  [["id", 1129]]
  [1m[36mCACHE (0.0ms)[0m  [1mSELECT "places".* FROM "places" WHERE "places"."id" = 1130 LIMIT 1[0m
  [1m[35mCACHE (0.0ms)[0m  select * from routes where startplace_id = 1130
  [1m[36mCACHE (0.0ms)[0m  [1mselect * from routes where endplace_id = 1130[0m
  [1m[35mCACHE (0.0ms)[0m  SELECT "places".* FROM "places" WHERE "places"."id" = $1 LIMIT 1  [["id", 1130]]
  [1m[36mCACHE (0.0ms)[0m  [1mSELECT "places".* FROM "places" WHERE "places"."id" = $1 LIMIT 1[0m  [["id", 974]]
  [1m[35mCACHE (0.0ms)[0m  SELECT "places".* FROM "places" WHERE "places"."id" = $1 LIMIT 1  [["id", 1126]]
  [1m[36mCACHE (0.0ms)[0m  [1mSELECT "places".* FROM "places" WHERE "places"."id" = 1115 LIMIT 1[0m
  [1m[35mCACHE (0.0ms)[0m  select * from routes where startplace_id = 1115
  [1m[36mCACHE (0.0ms)[0m  [1mselect * from routes where endplace_id = 1115[0m
  [1m[35mCACHE (0.0ms)[0m  SELECT "places".* FROM "places" WHERE "places"."id" = $1 LIMIT 1  [["id", 1115]]
  [1m[36mCACHE (0.0ms)[0m  [1mSELECT "places".* FROM "places" WHERE "places"."id" = $1 LIMIT 1[0m  [["id", 343]]
  [1m[35mCACHE (0.0ms)[0m  SELECT "places".* FROM "places" WHERE "places"."id" = $1 LIMIT 1  [["id", 397]]
  [1m[36mCACHE (0.0ms)[0m  [1mSELECT "places".* FROM "places" WHERE "places"."id" = 976 LIMIT 1[0m
  [1m[35mCACHE (0.0ms)[0m  select * from routes where startplace_id = 976
  [1m[36mCACHE (0.0ms)[0m  [1mselect * from routes where endplace_id = 976[0m
  [1m[35mCACHE (0.0ms)[0m  SELECT "places".* FROM "places" WHERE "places"."id" = $1 LIMIT 1  [["id", 976]]
  [1m[36mCACHE (0.0ms)[0m  [1mSELECT "places".* FROM "places" WHERE "places"."id" = $1 LIMIT 1[0m  [["id", 1121]]
  [1m[35mCACHE (0.0ms)[0m  SELECT "places".* FROM "places" WHERE "places"."id" = $1 LIMIT 1  [["id", 976]]
  [1m[36mCACHE (0.0ms)[0m  [1mSELECT "places".* FROM "places" WHERE "places"."id" = $1 LIMIT 1[0m  [["id", 1119]]
  [1m[35mCACHE (0.0ms)[0m  SELECT "places".* FROM "places" WHERE "places"."id" = $1 LIMIT 1  [["id", 45]]
  [1m[36mCACHE (0.0ms)[0m  [1mSELECT "places".* FROM "places" WHERE "places"."id" = 650 LIMIT 1[0m
  [1m[35mCACHE (0.0ms)[0m  select * from routes where startplace_id = 650
  [1m[36mCACHE (0.0ms)[0m  [1mselect * from routes where endplace_id = 650[0m
  [1m[35mCACHE (0.0ms)[0m  SELECT "places".* FROM "places" WHERE "places"."id" = $1 LIMIT 1  [["id", 650]]
  [1m[36mCACHE (0.0ms)[0m  [1mSELECT "places".* FROM "places" WHERE "places"."id" = $1 LIMIT 1[0m  [["id", 45]]
  [1m[35mCACHE (0.0ms)[0m  SELECT "places".* FROM "places" WHERE "places"."id" = $1 LIMIT 1  [["id", 207]]
  [1m[36mCACHE (0.0ms)[0m  [1mSELECT "places".* FROM "places" WHERE "places"."id" = 1133 LIMIT 1[0m
  [1m[35mCACHE (0.0ms)[0m  select * from routes where startplace_id = 1133
  [1m[36mCACHE (0.0ms)[0m  [1mselect * from routes where endplace_id = 1133[0m
  [1m[35mCACHE (0.0ms)[0m  SELECT "places".* FROM "places" WHERE "places"."id" = $1 LIMIT 1  [["id", 1133]]
  [1m[36mCACHE (0.0ms)[0m  [1mSELECT "places".* FROM "places" WHERE "places"."id" = $1 LIMIT 1[0m  [["id", 1131]]
  [1m[35mCACHE (0.0ms)[0m  SELECT "places".* FROM "places" WHERE "places"."id" = $1 LIMIT 1  [["id", 207]]
  [1m[36mCACHE (0.0ms)[0m  [1mSELECT "places".* FROM "places" WHERE "places"."id" = 1122 LIMIT 1[0m
  [1m[35mCACHE (0.0ms)[0m  select * from routes where startplace_id = 1122
  [1m[36mCACHE (0.0ms)[0m  [1mselect * from routes where endplace_id = 1122[0m
  [1m[35mCACHE (0.0ms)[0m  SELECT "places".* FROM "places" WHERE "places"."id" = $1 LIMIT 1  [["id", 1122]]
  [1m[36mCACHE (0.0ms)[0m  [1mSELECT "places".* FROM "places" WHERE "places"."id" = $1 LIMIT 1[0m  [["id", 975]]
  [1m[35mCACHE (0.0ms)[0m  SELECT "places".* FROM "places" WHERE "places"."id" = $1 LIMIT 1  [["id", 1121]]
  [1m[36mCACHE (0.0ms)[0m  [1mSELECT "places".* FROM "places" WHERE "places"."id" = 650 LIMIT 1[0m
  [1m[35mCACHE (0.0ms)[0m  select * from routes where startplace_id = 650
  [1m[36mCACHE (0.0ms)[0m  [1mselect * from routes where endplace_id = 650[0m
  [1m[35mCACHE (0.0ms)[0m  SELECT "places".* FROM "places" WHERE "places"."id" = $1 LIMIT 1  [["id", 650]]
  [1m[36mCACHE (0.0ms)[0m  [1mSELECT "places".* FROM "places" WHERE "places"."id" = $1 LIMIT 1[0m  [["id", 45]]
  [1m[35mCACHE (0.0ms)[0m  SELECT "places".* FROM "places" WHERE "places"."id" = $1 LIMIT 1  [["id", 207]]
  [1m[36mCACHE (0.0ms)[0m  [1mSELECT "places".* FROM "places" WHERE "places"."id" = 1133 LIMIT 1[0m
  [1m[35mCACHE (0.0ms)[0m  select * from routes where startplace_id = 1133
  [1m[36mCACHE (0.0ms)[0m  [1mselect * from routes where endplace_id = 1133[0m
  [1m[35mCACHE (0.0ms)[0m  SELECT "places".* FROM "places" WHERE "places"."id" = $1 LIMIT 1  [["id", 1133]]
  [1m[36mCACHE (0.0ms)[0m  [1mSELECT "places".* FROM "places" WHERE "places"."id" = $1 LIMIT 1[0m  [["id", 1131]]
  [1m[35mCACHE (0.0ms)[0m  SELECT "places".* FROM "places" WHERE "places"."id" = $1 LIMIT 1  [["id", 207]]
  [1m[36mCACHE (0.0ms)[0m  [1mSELECT "places".* FROM "places" WHERE "places"."id" = 207 LIMIT 1[0m
  [1m[35mCACHE (0.0ms)[0m  select * from routes where startplace_id = 207
  [1m[36mCACHE (0.0ms)[0m  [1mselect * from routes where endplace_id = 207[0m
  [1m[35mCACHE (0.0ms)[0m  SELECT "places".* FROM "places" WHERE "places"."id" = $1 LIMIT 1  [["id", 207]]
  [1m[36mCACHE (0.0ms)[0m  [1mSELECT "places".* FROM "places" WHERE "places"."id" = $1 LIMIT 1[0m  [["id", 650]]
  [1m[35mCACHE (0.0ms)[0m  SELECT "places".* FROM "places" WHERE "places"."id" = $1 LIMIT 1  [["id", 207]]
  [1m[36mCACHE (0.0ms)[0m  [1mSELECT "places".* FROM "places" WHERE "places"."id" = $1 LIMIT 1[0m  [["id", 1133]]
  [1m[35mCACHE (0.0ms)[0m  SELECT "places".* FROM "places" WHERE "places"."id" = $1 LIMIT 1  [["id", 1129]]
  [1m[36mCACHE (0.0ms)[0m  [1mSELECT "places".* FROM "places" WHERE "places"."id" = 1118 LIMIT 1[0m
  [1m[35mCACHE (0.0ms)[0m  select * from routes where startplace_id = 1118
  [1m[36mCACHE (0.0ms)[0m  [1mselect * from routes where endplace_id = 1118[0m
  [1m[35mCACHE (0.0ms)[0m  SELECT "places".* FROM "places" WHERE "places"."id" = $1 LIMIT 1  [["id", 1118]]
  [1m[36mCACHE (0.0ms)[0m  [1mSELECT "places".* FROM "places" WHERE "places"."id" = $1 LIMIT 1[0m  [["id", 1117]]
  [1m[35mCACHE (0.0ms)[0m  SELECT "places".* FROM "places" WHERE "places"."id" = $1 LIMIT 1  [["id", 1134]]
  [1m[36mCACHE (0.0ms)[0m  [1mSELECT "places".* FROM "places" WHERE "places"."id" = $1 LIMIT 1[0m  [["id", 1120]]
  [1m[35mCACHE (0.0ms)[0m  SELECT "places".* FROM "places" WHERE "places"."id" = 1121 LIMIT 1
  [1m[36mCACHE (0.0ms)[0m  [1mselect * from routes where startplace_id = 1121[0m
  [1m[35mCACHE (0.0ms)[0m  select * from routes where endplace_id = 1121
  [1m[36mCACHE (0.0ms)[0m  [1mSELECT "places".* FROM "places" WHERE "places"."id" = $1 LIMIT 1[0m  [["id", 1121]]
  [1m[35mCACHE (0.0ms)[0m  SELECT "places".* FROM "places" WHERE "places"."id" = $1 LIMIT 1  [["id", 1122]]
  [1m[36mCACHE (0.0ms)[0m  [1mSELECT "places".* FROM "places" WHERE "places"."id" = $1 LIMIT 1[0m  [["id", 976]]
  [1m[35mCACHE (0.0ms)[0m  SELECT "places".* FROM "places" WHERE "places"."id" = 1119 LIMIT 1
  [1m[36mCACHE (0.0ms)[0m  [1mselect * from routes where startplace_id = 1119[0m
  [1m[35mCACHE (0.0ms)[0m  select * from routes where endplace_id = 1119
  [1m[36mCACHE (0.0ms)[0m  [1mSELECT "places".* FROM "places" WHERE "places"."id" = $1 LIMIT 1[0m  [["id", 1119]]
  [1m[35mCACHE (0.0ms)[0m  SELECT "places".* FROM "places" WHERE "places"."id" = $1 LIMIT 1  [["id", 1120]]
  [1m[36mCACHE (0.0ms)[0m  [1mSELECT "places".* FROM "places" WHERE "places"."id" = $1 LIMIT 1[0m  [["id", 976]]
  [1m[35mCACHE (0.0ms)[0m  SELECT "places".* FROM "places" WHERE "places"."id" = $1 LIMIT 1  [["id", 471]]
  [1m[36mCACHE (0.0ms)[0m  [1mSELECT "places".* FROM "places" WHERE "places"."id" = 207 LIMIT 1[0m
  [1m[35mCACHE (0.0ms)[0m  select * from routes where startplace_id = 207
  [1m[36mCACHE (0.0ms)[0m  [1mselect * from routes where endplace_id = 207[0m
  [1m[35mCACHE (0.0ms)[0m  SELECT "places".* FROM "places" WHERE "places"."id" = $1 LIMIT 1  [["id", 207]]
  [1m[36mCACHE (0.0ms)[0m  [1mSELECT "places".* FROM "places" WHERE "places"."id" = $1 LIMIT 1[0m  [["id", 650]]
  [1m[35mCACHE (0.0ms)[0m  SELECT "places".* FROM "places" WHERE "places"."id" = $1 LIMIT 1  [["id", 207]]
  [1m[36mCACHE (0.0ms)[0m  [1mSELECT "places".* FROM "places" WHERE "places"."id" = $1 LIMIT 1[0m  [["id", 1133]]
  [1m[35mCACHE (0.0ms)[0m  SELECT "places".* FROM "places" WHERE "places"."id" = $1 LIMIT 1  [["id", 1129]]
  [1m[36mCACHE (0.0ms)[0m  [1mSELECT "places".* FROM "places" WHERE "places"."id" = 1118 LIMIT 1[0m
  [1m[35mCACHE (0.0ms)[0m  select * from routes where startplace_id = 1118
  [1m[36mCACHE (0.0ms)[0m  [1mselect * from routes where endplace_id = 1118[0m
  [1m[35mCACHE (0.0ms)[0m  SELECT "places".* FROM "places" WHERE "places"."id" = $1 LIMIT 1  [["id", 1118]]
  [1m[36mCACHE (0.0ms)[0m  [1mSELECT "places".* FROM "places" WHERE "places"."id" = $1 LIMIT 1[0m  [["id", 1117]]
  [1m[35mCACHE (0.0ms)[0m  SELECT "places".* FROM "places" WHERE "places"."id" = $1 LIMIT 1  [["id", 1134]]
  [1m[36mCACHE (0.0ms)[0m  [1mSELECT "places".* FROM "places" WHERE "places"."id" = $1 LIMIT 1[0m  [["id", 1120]]
  [1m[35mCACHE (0.0ms)[0m  SELECT "places".* FROM "places" WHERE "places"."id" = 419 LIMIT 1
  [1m[36mCACHE (0.0ms)[0m  [1mselect * from routes where startplace_id = 419[0m
  [1m[35mCACHE (0.0ms)[0m  select * from routes where endplace_id = 419
  [1m[36mCACHE (0.0ms)[0m  [1mSELECT "places".* FROM "places" WHERE "places"."id" = $1 LIMIT 1[0m  [["id", 419]]
  [1m[35mCACHE (0.0ms)[0m  SELECT "places".* FROM "places" WHERE "places"."id" = $1 LIMIT 1  [["id", 1127]]
  [1m[36mCACHE (0.0ms)[0m  [1mSELECT "places".* FROM "places" WHERE "places"."id" = $1 LIMIT 1[0m  [["id", 1128]]
  [1m[35mCACHE (0.0ms)[0m  SELECT "places".* FROM "places" WHERE "places"."id" = 975 LIMIT 1
  [1m[36mCACHE (0.0ms)[0m  [1mselect * from routes where startplace_id = 975[0m
  [1m[35mCACHE (0.0ms)[0m  select * from routes where endplace_id = 975
  [1m[36mCACHE (0.0ms)[0m  [1mSELECT "places".* FROM "places" WHERE "places"."id" = $1 LIMIT 1[0m  [["id", 975]]
  [1m[35mCACHE (0.0ms)[0m  SELECT "places".* FROM "places" WHERE "places"."id" = $1 LIMIT 1  [["id", 1129]]
  [1m[36mCACHE (0.0ms)[0m  [1mSELECT "places".* FROM "places" WHERE "places"."id" = $1 LIMIT 1[0m  [["id", 975]]
  [1m[35mCACHE (0.0ms)[0m  SELECT "places".* FROM "places" WHERE "places"."id" = $1 LIMIT 1  [["id", 1123]]
  [1m[36mCACHE (0.0ms)[0m  [1mSELECT "places".* FROM "places" WHERE "places"."id" = $1 LIMIT 1[0m  [["id", 1122]]
  [1m[35mCACHE (0.0ms)[0m  SELECT "places".* FROM "places" WHERE "places"."id" = 1118 LIMIT 1
  [1m[36mCACHE (0.0ms)[0m  [1mselect * from routes where startplace_id = 1118[0m
  [1m[35mCACHE (0.0ms)[0m  select * from routes where endplace_id = 1118
  [1m[36mCACHE (0.0ms)[0m  [1mSELECT "places".* FROM "places" WHERE "places"."id" = $1 LIMIT 1[0m  [["id", 1118]]
  [1m[35mCACHE (0.0ms)[0m  SELECT "places".* FROM "places" WHERE "places"."id" = $1 LIMIT 1  [["id", 1117]]
  [1m[36mCACHE (0.0ms)[0m  [1mSELECT "places".* FROM "places" WHERE "places"."id" = $1 LIMIT 1[0m  [["id", 1134]]
  [1m[35mCACHE (0.0ms)[0m  SELECT "places".* FROM "places" WHERE "places"."id" = $1 LIMIT 1  [["id", 1120]]
  [1m[36mCACHE (0.0ms)[0m  [1mSELECT "places".* FROM "places" WHERE "places"."id" = 1122 LIMIT 1[0m
  [1m[35mCACHE (0.0ms)[0m  select * from routes where startplace_id = 1122
  [1m[36mCACHE (0.0ms)[0m  [1mselect * from routes where endplace_id = 1122[0m
  [1m[35mCACHE (0.0ms)[0m  SELECT "places".* FROM "places" WHERE "places"."id" = $1 LIMIT 1  [["id", 1122]]
  [1m[36mCACHE (0.0ms)[0m  [1mSELECT "places".* FROM "places" WHERE "places"."id" = $1 LIMIT 1[0m  [["id", 975]]
  [1m[35mCACHE (0.0ms)[0m  SELECT "places".* FROM "places" WHERE "places"."id" = $1 LIMIT 1  [["id", 1121]]
  [1m[36mCACHE (0.0ms)[0m  [1mSELECT "places".* FROM "places" WHERE "places"."id" = 769 LIMIT 1[0m
  [1m[35mCACHE (0.0ms)[0m  select * from routes where startplace_id = 769
  [1m[36mCACHE (0.0ms)[0m  [1mselect * from routes where endplace_id = 769[0m
  [1m[35mCACHE (0.0ms)[0m  SELECT "places".* FROM "places" WHERE "places"."id" = $1 LIMIT 1  [["id", 769]]
  [1m[36mCACHE (0.0ms)[0m  [1mSELECT "places".* FROM "places" WHERE "places"."id" = $1 LIMIT 1[0m  [["id", 1125]]
  [1m[35mCACHE (0.0ms)[0m  SELECT "places".* FROM "places" WHERE "places"."id" = $1 LIMIT 1  [["id", 1126]]
  [1m[36mCACHE (0.0ms)[0m  [1mSELECT "places".* FROM "places" WHERE "places"."id" = 1126 LIMIT 1[0m
  [1m[35mCACHE (0.0ms)[0m  select * from routes where startplace_id = 1126
  [1m[36mCACHE (0.0ms)[0m  [1mselect * from routes where endplace_id = 1126[0m
  [1m[35mCACHE (0.0ms)[0m  SELECT "places".* FROM "places" WHERE "places"."id" = $1 LIMIT 1  [["id", 1126]]
  [1m[36mCACHE (0.0ms)[0m  [1mSELECT "places".* FROM "places" WHERE "places"."id" = $1 LIMIT 1[0m  [["id", 1130]]
  [1m[35mCACHE (0.0ms)[0m  SELECT "places".* FROM "places" WHERE "places"."id" = $1 LIMIT 1  [["id", 1126]]
  [1m[36mCACHE (0.0ms)[0m  [1mSELECT "places".* FROM "places" WHERE "places"."id" = $1 LIMIT 1[0m  [["id", 769]]
  [1m[35mCACHE (0.0ms)[0m  SELECT "places".* FROM "places" WHERE "places"."id" = $1 LIMIT 1  [["id", 1127]]
  [1m[36mCACHE (0.0ms)[0m  [1mSELECT "places".* FROM "places" WHERE "places"."id" = 769 LIMIT 1[0m
  [1m[35mCACHE (0.0ms)[0m  select * from routes where startplace_id = 769
  [1m[36mCACHE (0.0ms)[0m  [1mselect * from routes where endplace_id = 769[0m
  [1m[35mCACHE (0.0ms)[0m  SELECT "places".* FROM "places" WHERE "places"."id" = $1 LIMIT 1  [["id", 769]]
  [1m[36mCACHE (0.0ms)[0m  [1mSELECT "places".* FROM "places" WHERE "places"."id" = $1 LIMIT 1[0m  [["id", 1125]]
  [1m[35mCACHE (0.0ms)[0m  SELECT "places".* FROM "places" WHERE "places"."id" = $1 LIMIT 1  [["id", 1126]]
  [1m[36mCACHE (0.0ms)[0m  [1mSELECT "places".* FROM "places" WHERE "places"."id" = 974 LIMIT 1[0m
  [1m[35mCACHE (0.0ms)[0m  select * from routes where startplace_id = 974
  [1m[36mCACHE (0.0ms)[0m  [1mselect * from routes where endplace_id = 974[0m
  [1m[35mCACHE (0.0ms)[0m  SELECT "places".* FROM "places" WHERE "places"."id" = $1 LIMIT 1  [["id", 974]]
  [1m[36mCACHE (0.0ms)[0m  [1mSELECT "places".* FROM "places" WHERE "places"."id" = $1 LIMIT 1[0m  [["id", 471]]
  [1m[35mCACHE (0.0ms)[0m  SELECT "places".* FROM "places" WHERE "places"."id" = $1 LIMIT 1  [["id", 1130]]
  [1m[36mCACHE (0.0ms)[0m  [1mSELECT "places".* FROM "places" WHERE "places"."id" = $1 LIMIT 1[0m  [["id", 1124]]
  [1m[35mCACHE (0.0ms)[0m  SELECT "places".* FROM "places" WHERE "places"."id" = 769 LIMIT 1
  [1m[36mCACHE (0.0ms)[0m  [1mselect * from routes where startplace_id = 769[0m
  [1m[35mCACHE (0.0ms)[0m  select * from routes where endplace_id = 769
  [1m[36mCACHE (0.0ms)[0m  [1mSELECT "places".* FROM "places" WHERE "places"."id" = $1 LIMIT 1[0m  [["id", 769]]
  [1m[35mCACHE (0.0ms)[0m  SELECT "places".* FROM "places" WHERE "places"."id" = $1 LIMIT 1  [["id", 1125]]
  [1m[36mCACHE (0.0ms)[0m  [1mSELECT "places".* FROM "places" WHERE "places"."id" = $1 LIMIT 1[0m  [["id", 1126]]
  [1m[35mCACHE (0.0ms)[0m  SELECT "places".* FROM "places" WHERE "places"."id" = 1126 LIMIT 1
  [1m[36mCACHE (0.0ms)[0m  [1mselect * from routes where startplace_id = 1126[0m
  [1m[35mCACHE (0.0ms)[0m  select * from routes where endplace_id = 1126
  [1m[36mCACHE (0.0ms)[0m  [1mSELECT "places".* FROM "places" WHERE "places"."id" = $1 LIMIT 1[0m  [["id", 1126]]
  [1m[35mCACHE (0.0ms)[0m  SELECT "places".* FROM "places" WHERE "places"."id" = $1 LIMIT 1  [["id", 1130]]
  [1m[36mCACHE (0.0ms)[0m  [1mSELECT "places".* FROM "places" WHERE "places"."id" = $1 LIMIT 1[0m  [["id", 1126]]
  [1m[35mCACHE (0.0ms)[0m  SELECT "places".* FROM "places" WHERE "places"."id" = $1 LIMIT 1  [["id", 769]]
  [1m[36mCACHE (0.0ms)[0m  [1mSELECT "places".* FROM "places" WHERE "places"."id" = $1 LIMIT 1[0m  [["id", 1127]]
  [1m[35mCACHE (0.0ms)[0m  SELECT "places".* FROM "places" WHERE "places"."id" = 1132 LIMIT 1
  [1m[36mCACHE (0.0ms)[0m  [1mselect * from routes where startplace_id = 1132[0m
  [1m[35mCACHE (0.0ms)[0m  select * from routes where endplace_id = 1132
  [1m[36mCACHE (0.0ms)[0m  [1mSELECT "places".* FROM "places" WHERE "places"."id" = $1 LIMIT 1[0m  [["id", 1131]]
  [1m[35mCACHE (0.0ms)[0m  SELECT "places".* FROM "places" WHERE "places"."id" = 1127 LIMIT 1
  [1m[36mCACHE (0.0ms)[0m  [1mselect * from routes where startplace_id = 1127[0m
  [1m[35mCACHE (0.0ms)[0m  select * from routes where endplace_id = 1127
  [1m[36mCACHE (0.0ms)[0m  [1mSELECT "places".* FROM "places" WHERE "places"."id" = $1 LIMIT 1[0m  [["id", 1127]]
  [1m[35mCACHE (0.0ms)[0m  SELECT "places".* FROM "places" WHERE "places"."id" = $1 LIMIT 1  [["id", 1126]]
  [1m[36mCACHE (0.0ms)[0m  [1mSELECT "places".* FROM "places" WHERE "places"."id" = $1 LIMIT 1[0m  [["id", 419]]
  [1m[35mCACHE (0.0ms)[0m  SELECT "places".* FROM "places" WHERE "places"."id" = 1130 LIMIT 1
  [1m[36mCACHE (0.0ms)[0m  [1mselect * from routes where startplace_id = 1130[0m
  [1m[35mCACHE (0.0ms)[0m  select * from routes where endplace_id = 1130
  [1m[36mCACHE (0.0ms)[0m  [1mSELECT "places".* FROM "places" WHERE "places"."id" = $1 LIMIT 1[0m  [["id", 1130]]
  [1m[35mCACHE (0.0ms)[0m  SELECT "places".* FROM "places" WHERE "places"."id" = $1 LIMIT 1  [["id", 974]]
  [1m[36mCACHE (0.0ms)[0m  [1mSELECT "places".* FROM "places" WHERE "places"."id" = $1 LIMIT 1[0m  [["id", 1126]]
  [1m[35mCACHE (0.0ms)[0m  SELECT "places".* FROM "places" WHERE "places"."id" = 650 LIMIT 1
  [1m[36mCACHE (0.0ms)[0m  [1mselect * from routes where startplace_id = 650[0m
  [1m[35mCACHE (0.0ms)[0m  select * from routes where endplace_id = 650
  [1m[36mCACHE (0.0ms)[0m  [1mSELECT "places".* FROM "places" WHERE "places"."id" = $1 LIMIT 1[0m  [["id", 650]]
  [1m[35mCACHE (0.0ms)[0m  SELECT "places".* FROM "places" WHERE "places"."id" = $1 LIMIT 1  [["id", 45]]
  [1m[36mCACHE (0.0ms)[0m  [1mSELECT "places".* FROM "places" WHERE "places"."id" = $1 LIMIT 1[0m  [["id", 207]]
  [1m[35mCACHE (0.0ms)[0m  SELECT "places".* FROM "places" WHERE "places"."id" = 1133 LIMIT 1
  [1m[36mCACHE (0.0ms)[0m  [1mselect * from routes where startplace_id = 1133[0m
  [1m[35mCACHE (0.0ms)[0m  select * from routes where endplace_id = 1133
  [1m[36mCACHE (0.0ms)[0m  [1mSELECT "places".* FROM "places" WHERE "places"."id" = $1 LIMIT 1[0m  [["id", 1133]]
  [1m[35mCACHE (0.0ms)[0m  SELECT "places".* FROM "places" WHERE "places"."id" = $1 LIMIT 1  [["id", 1131]]
  [1m[36mCACHE (0.0ms)[0m  [1mSELECT "places".* FROM "places" WHERE "places"."id" = $1 LIMIT 1[0m  [["id", 207]]
  [1m[35mCACHE (0.0ms)[0m  SELECT "places".* FROM "places" WHERE "places"."id" = 1126 LIMIT 1
  [1m[36mCACHE (0.0ms)[0m  [1mselect * from routes where startplace_id = 1126[0m
  [1m[35mCACHE (0.0ms)[0m  select * from routes where endplace_id = 1126
  [1m[36mCACHE (0.0ms)[0m  [1mSELECT "places".* FROM "places" WHERE "places"."id" = $1 LIMIT 1[0m  [["id", 1126]]
  [1m[35mCACHE (0.0ms)[0m  SELECT "places".* FROM "places" WHERE "places"."id" = $1 LIMIT 1  [["id", 1130]]
  [1m[36mCACHE (0.0ms)[0m  [1mSELECT "places".* FROM "places" WHERE "places"."id" = $1 LIMIT 1[0m  [["id", 1126]]
  [1m[35mCACHE (0.0ms)[0m  SELECT "places".* FROM "places" WHERE "places"."id" = $1 LIMIT 1  [["id", 769]]
  [1m[36mCACHE (0.0ms)[0m  [1mSELECT "places".* FROM "places" WHERE "places"."id" = $1 LIMIT 1[0m  [["id", 1127]]
  [1m[35mCACHE (0.0ms)[0m  SELECT "places".* FROM "places" WHERE "places"."id" = 343 LIMIT 1
  [1m[36mCACHE (0.0ms)[0m  [1mselect * from routes where startplace_id = 343[0m
  [1m[35mCACHE (0.0ms)[0m  select * from routes where endplace_id = 343
  [1m[36mCACHE (0.0ms)[0m  [1mSELECT "places".* FROM "places" WHERE "places"."id" = $1 LIMIT 1[0m  [["id", 343]]
  [1m[35mCACHE (0.0ms)[0m  SELECT "places".* FROM "places" WHERE "places"."id" = $1 LIMIT 1  [["id", 1114]]
  [1m[36mCACHE (0.0ms)[0m  [1mSELECT "places".* FROM "places" WHERE "places"."id" = $1 LIMIT 1[0m  [["id", 1115]]
  [1m[35mCACHE (0.0ms)[0m  SELECT "places".* FROM "places" WHERE "places"."id" = 45 LIMIT 1
  [1m[36mCACHE (0.0ms)[0m  [1mselect * from routes where startplace_id = 45[0m
  [1m[35mCACHE (0.0ms)[0m  select * from routes where endplace_id = 45
  [1m[36mCACHE (0.0ms)[0m  [1mSELECT "places".* FROM "places" WHERE "places"."id" = $1 LIMIT 1[0m  [["id", 45]]
  [1m[35mCACHE (0.0ms)[0m  SELECT "places".* FROM "places" WHERE "places"."id" = $1 LIMIT 1  [["id", 976]]
  [1m[36mCACHE (0.0ms)[0m  [1mSELECT "places".* FROM "places" WHERE "places"."id" = $1 LIMIT 1[0m  [["id", 650]]
  [1m[35mCACHE (0.0ms)[0m  SELECT "places".* FROM "places" WHERE "places"."id" = 1119 LIMIT 1
  [1m[36mCACHE (0.0ms)[0m  [1mselect * from routes where startplace_id = 1119[0m
  [1m[35mCACHE (0.0ms)[0m  select * from routes where endplace_id = 1119
  [1m[36mCACHE (0.0ms)[0m  [1mSELECT "places".* FROM "places" WHERE "places"."id" = $1 LIMIT 1[0m  [["id", 1119]]
  [1m[35mCACHE (0.0ms)[0m  SELECT "places".* FROM "places" WHERE "places"."id" = $1 LIMIT 1  [["id", 1120]]
  [1m[36mCACHE (0.0ms)[0m  [1mSELECT "places".* FROM "places" WHERE "places"."id" = $1 LIMIT 1[0m  [["id", 976]]
  [1m[35mCACHE (0.0ms)[0m  SELECT "places".* FROM "places" WHERE "places"."id" = $1 LIMIT 1  [["id", 471]]
  [1m[36mCACHE (0.0ms)[0m  [1mSELECT "places".* FROM "places" WHERE "places"."id" = 45 LIMIT 1[0m
  [1m[35mCACHE (0.0ms)[0m  select * from routes where startplace_id = 45
  [1m[36mCACHE (0.0ms)[0m  [1mselect * from routes where endplace_id = 45[0m
  [1m[35mCACHE (0.0ms)[0m  SELECT "places".* FROM "places" WHERE "places"."id" = $1 LIMIT 1  [["id", 45]]
  [1m[36mCACHE (0.0ms)[0m  [1mSELECT "places".* FROM "places" WHERE "places"."id" = $1 LIMIT 1[0m  [["id", 976]]
  [1m[35mCACHE (0.0ms)[0m  SELECT "places".* FROM "places" WHERE "places"."id" = $1 LIMIT 1  [["id", 650]]
  [1m[36mCACHE (0.0ms)[0m  [1mSELECT "places".* FROM "places" WHERE "places"."id" = 1131 LIMIT 1[0m
  [1m[35mCACHE (0.0ms)[0m  select * from routes where startplace_id = 1131
  [1m[36mCACHE (0.0ms)[0m  [1mselect * from routes where endplace_id = 1131[0m
  [1m[35mCACHE (0.0ms)[0m  SELECT "places".* FROM "places" WHERE "places"."id" = $1 LIMIT 1  [["id", 1131]]
  [1m[36mCACHE (0.0ms)[0m  [1mSELECT "places".* FROM "places" WHERE "places"."id" = $1 LIMIT 1[0m  [["id", 1132]]
  [1m[35mCACHE (0.0ms)[0m  SELECT "places".* FROM "places" WHERE "places"."id" = $1 LIMIT 1  [["id", 1133]]
  [1m[36mCACHE (0.0ms)[0m  [1mSELECT "places".* FROM "places" WHERE "places"."id" = 1121 LIMIT 1[0m
  [1m[35mCACHE (0.0ms)[0m  select * from routes where startplace_id = 1121
  [1m[36mCACHE (0.0ms)[0m  [1mselect * from routes where endplace_id = 1121[0m
  [1m[35mCACHE (0.0ms)[0m  SELECT "places".* FROM "places" WHERE "places"."id" = $1 LIMIT 1  [["id", 1121]]
  [1m[36mCACHE (0.0ms)[0m  [1mSELECT "places".* FROM "places" WHERE "places"."id" = $1 LIMIT 1[0m  [["id", 1122]]
  [1m[35mCACHE (0.0ms)[0m  SELECT "places".* FROM "places" WHERE "places"."id" = $1 LIMIT 1  [["id", 976]]
  [1m[36mCACHE (0.0ms)[0m  [1mSELECT "places".* FROM "places" WHERE "places"."id" = 45 LIMIT 1[0m
  [1m[35mCACHE (0.0ms)[0m  select * from routes where startplace_id = 45
  [1m[36mCACHE (0.0ms)[0m  [1mselect * from routes where endplace_id = 45[0m
  [1m[35mCACHE (0.0ms)[0m  SELECT "places".* FROM "places" WHERE "places"."id" = $1 LIMIT 1  [["id", 45]]
  [1m[36mCACHE (0.0ms)[0m  [1mSELECT "places".* FROM "places" WHERE "places"."id" = $1 LIMIT 1[0m  [["id", 976]]
  [1m[35mCACHE (0.0ms)[0m  SELECT "places".* FROM "places" WHERE "places"."id" = $1 LIMIT 1  [["id", 650]]
  [1m[36mCACHE (0.0ms)[0m  [1mSELECT "places".* FROM "places" WHERE "places"."id" = 1131 LIMIT 1[0m
  [1m[35mCACHE (0.0ms)[0m  select * from routes where startplace_id = 1131
  [1m[36mCACHE (0.0ms)[0m  [1mselect * from routes where endplace_id = 1131[0m
  [1m[35mCACHE (0.0ms)[0m  SELECT "places".* FROM "places" WHERE "places"."id" = $1 LIMIT 1  [["id", 1131]]
  [1m[36mCACHE (0.0ms)[0m  [1mSELECT "places".* FROM "places" WHERE "places"."id" = $1 LIMIT 1[0m  [["id", 1132]]
  [1m[35mCACHE (0.0ms)[0m  SELECT "places".* FROM "places" WHERE "places"."id" = $1 LIMIT 1  [["id", 1133]]
  [1m[36mCACHE (0.0ms)[0m  [1mSELECT "places".* FROM "places" WHERE "places"."id" = 1129 LIMIT 1[0m
  [1m[35mCACHE (0.0ms)[0m  select * from routes where startplace_id = 1129
  [1m[36mCACHE (0.0ms)[0m  [1mselect * from routes where endplace_id = 1129[0m
  [1m[35mCACHE (0.0ms)[0m  SELECT "places".* FROM "places" WHERE "places"."id" = $1 LIMIT 1  [["id", 1129]]
  [1m[36mCACHE (0.0ms)[0m  [1mSELECT "places".* FROM "places" WHERE "places"."id" = $1 LIMIT 1[0m  [["id", 207]]
  [1m[35mCACHE (0.0ms)[0m  SELECT "places".* FROM "places" WHERE "places"."id" = $1 LIMIT 1  [["id", 1124]]
  [1m[36mCACHE (0.0ms)[0m  [1mSELECT "places".* FROM "places" WHERE "places"."id" = $1 LIMIT 1[0m  [["id", 975]]
  [1m[35mCACHE (0.0ms)[0m  SELECT "places".* FROM "places" WHERE "places"."id" = 1133 LIMIT 1
  [1m[36mCACHE (0.0ms)[0m  [1mselect * from routes where startplace_id = 1133[0m
  [1m[35mCACHE (0.0ms)[0m  select * from routes where endplace_id = 1133
  [1m[36mCACHE (0.0ms)[0m  [1mSELECT "places".* FROM "places" WHERE "places"."id" = $1 LIMIT 1[0m  [["id", 1133]]
  [1m[35mCACHE (0.0ms)[0m  SELECT "places".* FROM "places" WHERE "places"."id" = $1 LIMIT 1  [["id", 1131]]
  [1m[36mCACHE (0.0ms)[0m  [1mSELECT "places".* FROM "places" WHERE "places"."id" = $1 LIMIT 1[0m  [["id", 207]]
  [1m[35mCACHE (0.0ms)[0m  SELECT "places".* FROM "places" WHERE "places"."id" = 1134 LIMIT 1
  [1m[36mCACHE (0.0ms)[0m  [1mselect * from routes where startplace_id = 1134[0m
  [1m[35mCACHE (0.1ms)[0m  select * from routes where endplace_id = 1134
  [1m[36mCACHE (0.0ms)[0m  [1mSELECT "places".* FROM "places" WHERE "places"."id" = $1 LIMIT 1[0m  [["id", 1134]]
  [1m[35mCACHE (0.0ms)[0m  SELECT "places".* FROM "places" WHERE "places"."id" = $1 LIMIT 1  [["id", 1118]]
  [1m[36mCACHE (0.0ms)[0m  [1mSELECT "places".* FROM "places" WHERE "places"."id" = $1 LIMIT 1[0m  [["id", 1135]]
  [1m[35mCACHE (0.0ms)[0m  SELECT "places".* FROM "places" WHERE "places"."id" = 1117 LIMIT 1
  [1m[36mCACHE (0.0ms)[0m  [1mselect * from routes where startplace_id = 1117[0m
  [1m[35mCACHE (0.0ms)[0m  select * from routes where endplace_id = 1117
  [1m[36mCACHE (0.0ms)[0m  [1mSELECT "places".* FROM "places" WHERE "places"."id" = $1 LIMIT 1[0m  [["id", 1117]]
  [1m[35mCACHE (0.0ms)[0m  SELECT "places".* FROM "places" WHERE "places"."id" = $1 LIMIT 1  [["id", 58]]
  [1m[36mCACHE (0.0ms)[0m  [1mSELECT "places".* FROM "places" WHERE "places"."id" = $1 LIMIT 1[0m  [["id", 1118]]
  [1m[35mCACHE (0.0ms)[0m  SELECT "places".* FROM "places" WHERE "places"."id" = $1 LIMIT 1  [["id", 258]]
  [1m[36mCACHE (0.0ms)[0m  [1mSELECT "places".* FROM "places" WHERE "places"."id" = 1122 LIMIT 1[0m
  [1m[35mCACHE (0.0ms)[0m  select * from routes where startplace_id = 1122
  [1m[36mCACHE (0.0ms)[0m  [1mselect * from routes where endplace_id = 1122[0m
  [1m[35mCACHE (0.0ms)[0m  SELECT "places".* FROM "places" WHERE "places"."id" = $1 LIMIT 1  [["id", 1122]]
  [1m[36mCACHE (0.0ms)[0m  [1mSELECT "places".* FROM "places" WHERE "places"."id" = $1 LIMIT 1[0m  [["id", 975]]
  [1m[35mCACHE (0.0ms)[0m  SELECT "places".* FROM "places" WHERE "places"."id" = $1 LIMIT 1  [["id", 1121]]
  [1m[36mCACHE (0.0ms)[0m  [1mSELECT "places".* FROM "places" WHERE "places"."id" = 1120 LIMIT 1[0m
  [1m[35mCACHE (0.0ms)[0m  select * from routes where startplace_id = 1120
  [1m[36mCACHE (0.0ms)[0m  [1mselect * from routes where endplace_id = 1120[0m
  [1m[35mCACHE (0.0ms)[0m  SELECT "places".* FROM "places" WHERE "places"."id" = $1 LIMIT 1  [["id", 1120]]
  [1m[36mCACHE (0.0ms)[0m  [1mSELECT "places".* FROM "places" WHERE "places"."id" = $1 LIMIT 1[0m  [["id", 1118]]
  [1m[35mCACHE (0.0ms)[0m  SELECT "places".* FROM "places" WHERE "places"."id" = $1 LIMIT 1  [["id", 1119]]
  [1m[36mCACHE (0.0ms)[0m  [1mSELECT "places".* FROM "places" WHERE "places"."id" = 1133 LIMIT 1[0m
  [1m[35mCACHE (0.0ms)[0m  select * from routes where startplace_id = 1133
  [1m[36mCACHE (0.0ms)[0m  [1mselect * from routes where endplace_id = 1133[0m
  [1m[35mCACHE (0.0ms)[0m  SELECT "places".* FROM "places" WHERE "places"."id" = $1 LIMIT 1  [["id", 1133]]
  [1m[36mCACHE (0.0ms)[0m  [1mSELECT "places".* FROM "places" WHERE "places"."id" = $1 LIMIT 1[0m  [["id", 1131]]
  [1m[35mCACHE (0.0ms)[0m  SELECT "places".* FROM "places" WHERE "places"."id" = $1 LIMIT 1  [["id", 207]]
  [1m[36mCACHE (0.0ms)[0m  [1mSELECT "places".* FROM "places" WHERE "places"."id" = 1134 LIMIT 1[0m
  [1m[35mCACHE (0.0ms)[0m  select * from routes where startplace_id = 1134
  [1m[36mCACHE (0.0ms)[0m  [1mselect * from routes where endplace_id = 1134[0m
  [1m[35mCACHE (0.0ms)[0m  SELECT "places".* FROM "places" WHERE "places"."id" = $1 LIMIT 1  [["id", 1134]]
  [1m[36mCACHE (0.0ms)[0m  [1mSELECT "places".* FROM "places" WHERE "places"."id" = $1 LIMIT 1[0m  [["id", 1118]]
  [1m[35mCACHE (0.0ms)[0m  SELECT "places".* FROM "places" WHERE "places"."id" = $1 LIMIT 1  [["id", 1135]]
  [1m[36mCACHE (0.0ms)[0m  [1mSELECT "places".* FROM "places" WHERE "places"."id" = 1117 LIMIT 1[0m
  [1m[35mCACHE (0.0ms)[0m  select * from routes where startplace_id = 1117
  [1m[36mCACHE (0.0ms)[0m  [1mselect * from routes where endplace_id = 1117[0m
  [1m[35mCACHE (0.0ms)[0m  SELECT "places".* FROM "places" WHERE "places"."id" = $1 LIMIT 1  [["id", 1117]]
  [1m[36mCACHE (0.0ms)[0m  [1mSELECT "places".* FROM "places" WHERE "places"."id" = $1 LIMIT 1[0m  [["id", 58]]
  [1m[35mCACHE (0.0ms)[0m  SELECT "places".* FROM "places" WHERE "places"."id" = $1 LIMIT 1  [["id", 1118]]
  [1m[36mCACHE (0.0ms)[0m  [1mSELECT "places".* FROM "places" WHERE "places"."id" = $1 LIMIT 1[0m  [["id", 258]]
  [1m[35mCACHE (0.0ms)[0m  SELECT "places".* FROM "places" WHERE "places"."id" = 1128 LIMIT 1
  [1m[36mCACHE (0.0ms)[0m  [1mselect * from routes where startplace_id = 1128[0m
  [1m[35mCACHE (0.0ms)[0m  select * from routes where endplace_id = 1128
  [1m[36mCACHE (0.0ms)[0m  [1mSELECT "places".* FROM "places" WHERE "places"."id" = $1 LIMIT 1[0m  [["id", 1128]]
  [1m[35mCACHE (0.0ms)[0m  SELECT "places".* FROM "places" WHERE "places"."id" = $1 LIMIT 1  [["id", 419]]
  [1m[36mCACHE (0.0ms)[0m  [1mSELECT "places".* FROM "places" WHERE "places"."id" = 1123 LIMIT 1[0m
  [1m[35mCACHE (0.0ms)[0m  select * from routes where startplace_id = 1123
  [1m[36mCACHE (0.0ms)[0m  [1mselect * from routes where endplace_id = 1123[0m
  [1m[35mCACHE (0.0ms)[0m  SELECT "places".* FROM "places" WHERE "places"."id" = $1 LIMIT 1  [["id", 1123]]
  [1m[36mCACHE (0.0ms)[0m  [1mSELECT "places".* FROM "places" WHERE "places"."id" = $1 LIMIT 1[0m  [["id", 1124]]
  [1m[35mCACHE (0.0ms)[0m  SELECT "places".* FROM "places" WHERE "places"."id" = $1 LIMIT 1  [["id", 975]]
  [1m[36mCACHE (0.0ms)[0m  [1mSELECT "places".* FROM "places" WHERE "places"."id" = $1 LIMIT 1[0m  [["id", 1125]]
  [1m[35mCACHE (0.0ms)[0m  SELECT "places".* FROM "places" WHERE "places"."id" = 1134 LIMIT 1
  [1m[36mCACHE (0.0ms)[0m  [1mselect * from routes where startplace_id = 1134[0m
  [1m[35mCACHE (0.0ms)[0m  select * from routes where endplace_id = 1134
  [1m[36mCACHE (0.0ms)[0m  [1mSELECT "places".* FROM "places" WHERE "places"."id" = $1 LIMIT 1[0m  [["id", 1134]]
  [1m[35mCACHE (0.0ms)[0m  SELECT "places".* FROM "places" WHERE "places"."id" = $1 LIMIT 1  [["id", 1118]]
  [1m[36mCACHE (0.0ms)[0m  [1mSELECT "places".* FROM "places" WHERE "places"."id" = $1 LIMIT 1[0m  [["id", 1135]]
  [1m[35mCACHE (0.0ms)[0m  SELECT "places".* FROM "places" WHERE "places"."id" = 1117 LIMIT 1
  [1m[36mCACHE (0.0ms)[0m  [1mselect * from routes where startplace_id = 1117[0m
  [1m[35mCACHE (0.0ms)[0m  select * from routes where endplace_id = 1117
  [1m[36mCACHE (0.0ms)[0m  [1mSELECT "places".* FROM "places" WHERE "places"."id" = $1 LIMIT 1[0m  [["id", 1117]]
  [1m[35mCACHE (0.0ms)[0m  SELECT "places".* FROM "places" WHERE "places"."id" = $1 LIMIT 1  [["id", 58]]
  [1m[36mCACHE (0.0ms)[0m  [1mSELECT "places".* FROM "places" WHERE "places"."id" = $1 LIMIT 1[0m  [["id", 1118]]
  [1m[35mCACHE (0.0ms)[0m  SELECT "places".* FROM "places" WHERE "places"."id" = $1 LIMIT 1  [["id", 258]]
  [1m[36mCACHE (0.0ms)[0m  [1mSELECT "places".* FROM "places" WHERE "places"."id" = 1121 LIMIT 1[0m
  [1m[35mCACHE (0.0ms)[0m  select * from routes where startplace_id = 1121
  [1m[36mCACHE (0.0ms)[0m  [1mselect * from routes where endplace_id = 1121[0m
  [1m[35mCACHE (0.0ms)[0m  SELECT "places".* FROM "places" WHERE "places"."id" = $1 LIMIT 1  [["id", 1121]]
  [1m[36mCACHE (0.0ms)[0m  [1mSELECT "places".* FROM "places" WHERE "places"."id" = $1 LIMIT 1[0m  [["id", 1122]]
  [1m[35mCACHE (0.0ms)[0m  SELECT "places".* FROM "places" WHERE "places"."id" = $1 LIMIT 1  [["id", 976]]
  [1m[36mCACHE (0.0ms)[0m  [1mSELECT "places".* FROM "places" WHERE "places"."id" = 1126 LIMIT 1[0m
  [1m[35mCACHE (0.0ms)[0m  select * from routes where startplace_id = 1126
  [1m[36mCACHE (0.0ms)[0m  [1mselect * from routes where endplace_id = 1126[0m
  [1m[35mCACHE (0.0ms)[0m  SELECT "places".* FROM "places" WHERE "places"."id" = $1 LIMIT 1  [["id", 1126]]
  [1m[36mCACHE (0.0ms)[0m  [1mSELECT "places".* FROM "places" WHERE "places"."id" = $1 LIMIT 1[0m  [["id", 1130]]
  [1m[35mCACHE (0.0ms)[0m  SELECT "places".* FROM "places" WHERE "places"."id" = $1 LIMIT 1  [["id", 1126]]
  [1m[36mCACHE (0.0ms)[0m  [1mSELECT "places".* FROM "places" WHERE "places"."id" = $1 LIMIT 1[0m  [["id", 769]]
  [1m[35mCACHE (0.0ms)[0m  SELECT "places".* FROM "places" WHERE "places"."id" = $1 LIMIT 1  [["id", 1127]]
  [1m[36mCACHE (0.0ms)[0m  [1mSELECT "places".* FROM "places" WHERE "places"."id" = 1127 LIMIT 1[0m
  [1m[35mCACHE (0.0ms)[0m  select * from routes where startplace_id = 1127
  [1m[36mCACHE (0.0ms)[0m  [1mselect * from routes where endplace_id = 1127[0m
  [1m[35mCACHE (0.0ms)[0m  SELECT "places".* FROM "places" WHERE "places"."id" = $1 LIMIT 1  [["id", 1127]]
  [1m[36mCACHE (0.0ms)[0m  [1mSELECT "places".* FROM "places" WHERE "places"."id" = $1 LIMIT 1[0m  [["id", 1126]]
  [1m[35mCACHE (0.0ms)[0m  SELECT "places".* FROM "places" WHERE "places"."id" = $1 LIMIT 1  [["id", 419]]
  [1m[36mCACHE (0.0ms)[0m  [1mSELECT "places".* FROM "places" WHERE "places"."id" = 769 LIMIT 1[0m
  [1m[35mCACHE (0.0ms)[0m  select * from routes where startplace_id = 769
  [1m[36mCACHE (0.0ms)[0m  [1mselect * from routes where endplace_id = 769[0m
  [1m[35mCACHE (0.0ms)[0m  SELECT "places".* FROM "places" WHERE "places"."id" = $1 LIMIT 1  [["id", 769]]
  [1m[36mCACHE (0.0ms)[0m  [1mSELECT "places".* FROM "places" WHERE "places"."id" = $1 LIMIT 1[0m  [["id", 1125]]
  [1m[35mCACHE (0.0ms)[0m  SELECT "places".* FROM "places" WHERE "places"."id" = $1 LIMIT 1  [["id", 1126]]
  [1m[36mCACHE (0.0ms)[0m  [1mSELECT "places".* FROM "places" WHERE "places"."id" = 1126 LIMIT 1[0m
  [1m[35mCACHE (0.0ms)[0m  select * from routes where startplace_id = 1126
  [1m[36mCACHE (0.0ms)[0m  [1mselect * from routes where endplace_id = 1126[0m
  [1m[35mCACHE (0.0ms)[0m  SELECT "places".* FROM "places" WHERE "places"."id" = $1 LIMIT 1  [["id", 1126]]
  [1m[36mCACHE (0.0ms)[0m  [1mSELECT "places".* FROM "places" WHERE "places"."id" = $1 LIMIT 1[0m  [["id", 1130]]
  [1m[35mCACHE (0.0ms)[0m  SELECT "places".* FROM "places" WHERE "places"."id" = $1 LIMIT 1  [["id", 1126]]
  [1m[36mCACHE (0.0ms)[0m  [1mSELECT "places".* FROM "places" WHERE "places"."id" = $1 LIMIT 1[0m  [["id", 769]]
  [1m[35mCACHE (0.0ms)[0m  SELECT "places".* FROM "places" WHERE "places"."id" = $1 LIMIT 1  [["id", 1127]]
  [1m[36mCACHE (0.0ms)[0m  [1mSELECT "places".* FROM "places" WHERE "places"."id" = 1130 LIMIT 1[0m
  [1m[35mCACHE (0.0ms)[0m  select * from routes where startplace_id = 1130
  [1m[36mCACHE (0.0ms)[0m  [1mselect * from routes where endplace_id = 1130[0m
  [1m[35mCACHE (0.0ms)[0m  SELECT "places".* FROM "places" WHERE "places"."id" = $1 LIMIT 1  [["id", 1130]]
  [1m[36mCACHE (0.0ms)[0m  [1mSELECT "places".* FROM "places" WHERE "places"."id" = $1 LIMIT 1[0m  [["id", 974]]
  [1m[35mCACHE (0.0ms)[0m  SELECT "places".* FROM "places" WHERE "places"."id" = $1 LIMIT 1  [["id", 1126]]
  [1m[36mCACHE (0.0ms)[0m  [1mSELECT "places".* FROM "places" WHERE "places"."id" = 1126 LIMIT 1[0m
  [1m[35mCACHE (0.0ms)[0m  select * from routes where startplace_id = 1126
  [1m[36mCACHE (0.0ms)[0m  [1mselect * from routes where endplace_id = 1126[0m
  [1m[35mCACHE (0.0ms)[0m  SELECT "places".* FROM "places" WHERE "places"."id" = $1 LIMIT 1  [["id", 1126]]
  [1m[36mCACHE (0.0ms)[0m  [1mSELECT "places".* FROM "places" WHERE "places"."id" = $1 LIMIT 1[0m  [["id", 1130]]
  [1m[35mCACHE (0.0ms)[0m  SELECT "places".* FROM "places" WHERE "places"."id" = $1 LIMIT 1  [["id", 1126]]
  [1m[36mCACHE (0.0ms)[0m  [1mSELECT "places".* FROM "places" WHERE "places"."id" = $1 LIMIT 1[0m  [["id", 769]]
  [1m[35mCACHE (0.0ms)[0m  SELECT "places".* FROM "places" WHERE "places"."id" = $1 LIMIT 1  [["id", 1127]]
  [1m[36mCACHE (0.0ms)[0m  [1mSELECT "places".* FROM "places" WHERE "places"."id" = 1127 LIMIT 1[0m
  [1m[35mCACHE (0.0ms)[0m  select * from routes where startplace_id = 1127
  [1m[36mCACHE (0.0ms)[0m  [1mselect * from routes where endplace_id = 1127[0m
  [1m[35mCACHE (0.0ms)[0m  SELECT "places".* FROM "places" WHERE "places"."id" = $1 LIMIT 1  [["id", 1127]]
  [1m[36mCACHE (0.0ms)[0m  [1mSELECT "places".* FROM "places" WHERE "places"."id" = $1 LIMIT 1[0m  [["id", 1126]]
  [1m[35mCACHE (0.0ms)[0m  SELECT "places".* FROM "places" WHERE "places"."id" = $1 LIMIT 1  [["id", 419]]
  [1m[36mCACHE (0.0ms)[0m  [1mSELECT "places".* FROM "places" WHERE "places"."id" = 769 LIMIT 1[0m
  [1m[35mCACHE (0.0ms)[0m  select * from routes where startplace_id = 769
  [1m[36mCACHE (0.0ms)[0m  [1mselect * from routes where endplace_id = 769[0m
  [1m[35mCACHE (0.0ms)[0m  SELECT "places".* FROM "places" WHERE "places"."id" = $1 LIMIT 1  [["id", 769]]
  [1m[36mCACHE (0.0ms)[0m  [1mSELECT "places".* FROM "places" WHERE "places"."id" = $1 LIMIT 1[0m  [["id", 1125]]
  [1m[35mCACHE (0.0ms)[0m  SELECT "places".* FROM "places" WHERE "places"."id" = $1 LIMIT 1  [["id", 1126]]
  [1m[36mCACHE (0.0ms)[0m  [1mSELECT "places".* FROM "places" WHERE "places"."id" = 419 LIMIT 1[0m
  [1m[35mCACHE (0.0ms)[0m  select * from routes where startplace_id = 419
  [1m[36mCACHE (0.0ms)[0m  [1mselect * from routes where endplace_id = 419[0m
  [1m[35mCACHE (0.0ms)[0m  SELECT "places".* FROM "places" WHERE "places"."id" = $1 LIMIT 1  [["id", 419]]
  [1m[36mCACHE (0.0ms)[0m  [1mSELECT "places".* FROM "places" WHERE "places"."id" = $1 LIMIT 1[0m  [["id", 1127]]
  [1m[35mCACHE (0.0ms)[0m  SELECT "places".* FROM "places" WHERE "places"."id" = $1 LIMIT 1  [["id", 1128]]
  [1m[36mCACHE (0.0ms)[0m  [1mSELECT "places".* FROM "places" WHERE "places"."id" = 974 LIMIT 1[0m
  [1m[35mCACHE (0.0ms)[0m  select * from routes where startplace_id = 974
  [1m[36mCACHE (0.0ms)[0m  [1mselect * from routes where endplace_id = 974[0m
  [1m[35mCACHE (0.0ms)[0m  SELECT "places".* FROM "places" WHERE "places"."id" = $1 LIMIT 1  [["id", 974]]
  [1m[36mCACHE (0.0ms)[0m  [1mSELECT "places".* FROM "places" WHERE "places"."id" = $1 LIMIT 1[0m  [["id", 471]]
  [1m[35mCACHE (0.0ms)[0m  SELECT "places".* FROM "places" WHERE "places"."id" = $1 LIMIT 1  [["id", 1130]]
  [1m[36mCACHE (0.0ms)[0m  [1mSELECT "places".* FROM "places" WHERE "places"."id" = $1 LIMIT 1[0m  [["id", 1124]]
  [1m[35mCACHE (0.0ms)[0m  SELECT "places".* FROM "places" WHERE "places"."id" = 45 LIMIT 1
  [1m[36mCACHE (0.0ms)[0m  [1mselect * from routes where startplace_id = 45[0m
  [1m[35mCACHE (0.0ms)[0m  select * from routes where endplace_id = 45
  [1m[36mCACHE (0.0ms)[0m  [1mSELECT "places".* FROM "places" WHERE "places"."id" = $1 LIMIT 1[0m  [["id", 45]]
  [1m[35mCACHE (0.0ms)[0m  SELECT "places".* FROM "places" WHERE "places"."id" = $1 LIMIT 1  [["id", 976]]
  [1m[36mCACHE (0.0ms)[0m  [1mSELECT "places".* FROM "places" WHERE "places"."id" = $1 LIMIT 1[0m  [["id", 650]]
  [1m[35mCACHE (0.0ms)[0m  SELECT "places".* FROM "places" WHERE "places"."id" = 1131 LIMIT 1
  [1m[36mCACHE (0.0ms)[0m  [1mselect * from routes where startplace_id = 1131[0m
  [1m[35mCACHE (0.0ms)[0m  select * from routes where endplace_id = 1131
  [1m[36mCACHE (0.0ms)[0m  [1mSELECT "places".* FROM "places" WHERE "places"."id" = $1 LIMIT 1[0m  [["id", 1131]]
  [1m[35mCACHE (0.0ms)[0m  SELECT "places".* FROM "places" WHERE "places"."id" = $1 LIMIT 1  [["id", 1132]]
  [1m[36mCACHE (0.0ms)[0m  [1mSELECT "places".* FROM "places" WHERE "places"."id" = $1 LIMIT 1[0m  [["id", 1133]]
  [1m[35mCACHE (0.0ms)[0m  SELECT "places".* FROM "places" WHERE "places"."id" = 1127 LIMIT 1
  [1m[36mCACHE (0.0ms)[0m  [1mselect * from routes where startplace_id = 1127[0m
  [1m[35mCACHE (0.0ms)[0m  select * from routes where endplace_id = 1127
  [1m[36mCACHE (0.0ms)[0m  [1mSELECT "places".* FROM "places" WHERE "places"."id" = $1 LIMIT 1[0m  [["id", 1127]]
  [1m[35mCACHE (0.0ms)[0m  SELECT "places".* FROM "places" WHERE "places"."id" = $1 LIMIT 1  [["id", 1126]]
  [1m[36mCACHE (0.0ms)[0m  [1mSELECT "places".* FROM "places" WHERE "places"."id" = $1 LIMIT 1[0m  [["id", 419]]
  [1m[35mCACHE (0.0ms)[0m  SELECT "places".* FROM "places" WHERE "places"."id" = 769 LIMIT 1
  [1m[36mCACHE (0.0ms)[0m  [1mselect * from routes where startplace_id = 769[0m
  [1m[35mCACHE (0.0ms)[0m  select * from routes where endplace_id = 769
  [1m[36mCACHE (0.0ms)[0m  [1mSELECT "places".* FROM "places" WHERE "places"."id" = $1 LIMIT 1[0m  [["id", 769]]
  [1m[35mCACHE (0.0ms)[0m  SELECT "places".* FROM "places" WHERE "places"."id" = $1 LIMIT 1  [["id", 1125]]
  [1m[36mCACHE (0.0ms)[0m  [1mSELECT "places".* FROM "places" WHERE "places"."id" = $1 LIMIT 1[0m  [["id", 1126]]
  [1m[35mCACHE (0.0ms)[0m  SELECT "places".* FROM "places" WHERE "places"."id" = 1114 LIMIT 1
  [1m[36mCACHE (0.0ms)[0m  [1mselect * from routes where startplace_id = 1114[0m
  [1m[35mCACHE (0.0ms)[0m  select * from routes where endplace_id = 1114
  [1m[36mCACHE (0.0ms)[0m  [1mSELECT "places".* FROM "places" WHERE "places"."id" = $1 LIMIT 1[0m  [["id", 1114]]
  [1m[35mCACHE (0.0ms)[0m  SELECT "places".* FROM "places" WHERE "places"."id" = $1 LIMIT 1  [["id", 1113]]
  [1m[36mCACHE (0.0ms)[0m  [1mSELECT "places".* FROM "places" WHERE "places"."id" = $1 LIMIT 1[0m  [["id", 343]]
  [1m[35mCACHE (0.0ms)[0m  SELECT "places".* FROM "places" WHERE "places"."id" = 650 LIMIT 1
  [1m[36mCACHE (0.0ms)[0m  [1mselect * from routes where startplace_id = 650[0m
  [1m[35mCACHE (0.0ms)[0m  select * from routes where endplace_id = 650
  [1m[36mCACHE (0.0ms)[0m  [1mSELECT "places".* FROM "places" WHERE "places"."id" = $1 LIMIT 1[0m  [["id", 650]]
  [1m[35mCACHE (0.0ms)[0m  SELECT "places".* FROM "places" WHERE "places"."id" = $1 LIMIT 1  [["id", 45]]
  [1m[36mCACHE (0.0ms)[0m  [1mSELECT "places".* FROM "places" WHERE "places"."id" = $1 LIMIT 1[0m  [["id", 207]]
  [1m[35mCACHE (0.0ms)[0m  SELECT "places".* FROM "places" WHERE "places"."id" = 1120 LIMIT 1
  [1m[36mCACHE (0.0ms)[0m  [1mselect * from routes where startplace_id = 1120[0m
  [1m[35mCACHE (0.0ms)[0m  select * from routes where endplace_id = 1120
  [1m[36mCACHE (0.0ms)[0m  [1mSELECT "places".* FROM "places" WHERE "places"."id" = $1 LIMIT 1[0m  [["id", 1120]]
  [1m[35mCACHE (0.0ms)[0m  SELECT "places".* FROM "places" WHERE "places"."id" = $1 LIMIT 1  [["id", 1118]]
  [1m[36mCACHE (0.0ms)[0m  [1mSELECT "places".* FROM "places" WHERE "places"."id" = $1 LIMIT 1[0m  [["id", 1119]]
  [1m[35mCACHE (0.0ms)[0m  SELECT "places".* FROM "places" WHERE "places"."id" = 976 LIMIT 1
  [1m[36mCACHE (0.0ms)[0m  [1mselect * from routes where startplace_id = 976[0m
  [1m[35mCACHE (0.0ms)[0m  select * from routes where endplace_id = 976
  [1m[36mCACHE (0.0ms)[0m  [1mSELECT "places".* FROM "places" WHERE "places"."id" = $1 LIMIT 1[0m  [["id", 976]]
  [1m[35mCACHE (0.0ms)[0m  SELECT "places".* FROM "places" WHERE "places"."id" = $1 LIMIT 1  [["id", 1121]]
  [1m[36mCACHE (0.0ms)[0m  [1mSELECT "places".* FROM "places" WHERE "places"."id" = $1 LIMIT 1[0m  [["id", 976]]
  [1m[35mCACHE (0.0ms)[0m  SELECT "places".* FROM "places" WHERE "places"."id" = $1 LIMIT 1  [["id", 1119]]
  [1m[36mCACHE (0.0ms)[0m  [1mSELECT "places".* FROM "places" WHERE "places"."id" = $1 LIMIT 1[0m  [["id", 45]]
  [1m[35mCACHE (0.0ms)[0m  SELECT "places".* FROM "places" WHERE "places"."id" = 1132 LIMIT 1
  [1m[36mCACHE (0.0ms)[0m  [1mselect * from routes where startplace_id = 1132[0m
  [1m[35mCACHE (0.0ms)[0m  select * from routes where endplace_id = 1132
  [1m[36mCACHE (0.0ms)[0m  [1mSELECT "places".* FROM "places" WHERE "places"."id" = $1 LIMIT 1[0m  [["id", 1131]]
  [1m[35mCACHE (0.0ms)[0m  SELECT "places".* FROM "places" WHERE "places"."id" = 976 LIMIT 1
  [1m[36mCACHE (0.0ms)[0m  [1mselect * from routes where startplace_id = 976[0m
  [1m[35mCACHE (0.0ms)[0m  select * from routes where endplace_id = 976
  [1m[36mCACHE (0.0ms)[0m  [1mSELECT "places".* FROM "places" WHERE "places"."id" = $1 LIMIT 1[0m  [["id", 976]]
  [1m[35mCACHE (0.0ms)[0m  SELECT "places".* FROM "places" WHERE "places"."id" = $1 LIMIT 1  [["id", 1121]]
  [1m[36mCACHE (0.0ms)[0m  [1mSELECT "places".* FROM "places" WHERE "places"."id" = $1 LIMIT 1[0m  [["id", 976]]
  [1m[35mCACHE (0.0ms)[0m  SELECT "places".* FROM "places" WHERE "places"."id" = $1 LIMIT 1  [["id", 1119]]
  [1m[36mCACHE (0.0ms)[0m  [1mSELECT "places".* FROM "places" WHERE "places"."id" = $1 LIMIT 1[0m  [["id", 45]]
  [1m[35mCACHE (0.0ms)[0m  SELECT "places".* FROM "places" WHERE "places"."id" = 976 LIMIT 1
  [1m[36mCACHE (0.0ms)[0m  [1mselect * from routes where startplace_id = 976[0m
  [1m[35mCACHE (0.0ms)[0m  select * from routes where endplace_id = 976
  [1m[36mCACHE (0.0ms)[0m  [1mSELECT "places".* FROM "places" WHERE "places"."id" = $1 LIMIT 1[0m  [["id", 976]]
  [1m[35mCACHE (0.0ms)[0m  SELECT "places".* FROM "places" WHERE "places"."id" = $1 LIMIT 1  [["id", 1121]]
  [1m[36mCACHE (0.0ms)[0m  [1mSELECT "places".* FROM "places" WHERE "places"."id" = $1 LIMIT 1[0m  [["id", 976]]
  [1m[35mCACHE (0.0ms)[0m  SELECT "places".* FROM "places" WHERE "places"."id" = $1 LIMIT 1  [["id", 1119]]
  [1m[36mCACHE (0.0ms)[0m  [1mSELECT "places".* FROM "places" WHERE "places"."id" = $1 LIMIT 1[0m  [["id", 45]]
  [1m[35mCACHE (0.0ms)[0m  SELECT "places".* FROM "places" WHERE "places"."id" = 1132 LIMIT 1
  [1m[36mCACHE (0.0ms)[0m  [1mselect * from routes where startplace_id = 1132[0m
  [1m[35mCACHE (0.0ms)[0m  select * from routes where endplace_id = 1132
  [1m[36mCACHE (0.0ms)[0m  [1mSELECT "places".* FROM "places" WHERE "places"."id" = $1 LIMIT 1[0m  [["id", 1131]]
  [1m[35mCACHE (0.0ms)[0m  SELECT "places".* FROM "places" WHERE "places"."id" = 1131 LIMIT 1
  [1m[36mCACHE (0.0ms)[0m  [1mselect * from routes where startplace_id = 1131[0m
  [1m[35mCACHE (0.0ms)[0m  select * from routes where endplace_id = 1131
  [1m[36mCACHE (0.0ms)[0m  [1mSELECT "places".* FROM "places" WHERE "places"."id" = $1 LIMIT 1[0m  [["id", 1131]]
  [1m[35mCACHE (0.0ms)[0m  SELECT "places".* FROM "places" WHERE "places"."id" = $1 LIMIT 1  [["id", 1132]]
  [1m[36mCACHE (0.0ms)[0m  [1mSELECT "places".* FROM "places" WHERE "places"."id" = $1 LIMIT 1[0m  [["id", 1133]]
  [1m[35mCACHE (0.0ms)[0m  SELECT "places".* FROM "places" WHERE "places"."id" = 1135 LIMIT 1
  [1m[36mCACHE (0.0ms)[0m  [1mselect * from routes where startplace_id = 1135[0m
  [1m[35mCACHE (0.0ms)[0m  select * from routes where endplace_id = 1135
  [1m[36mCACHE (0.0ms)[0m  [1mSELECT "places".* FROM "places" WHERE "places"."id" = $1 LIMIT 1[0m  [["id", 1135]]
  [1m[35mCACHE (0.0ms)[0m  SELECT "places".* FROM "places" WHERE "places"."id" = $1 LIMIT 1  [["id", 1134]]
  [1m[36mCACHE (0.0ms)[0m  [1mSELECT "places".* FROM "places" WHERE "places"."id" = $1 LIMIT 1[0m  [["id", 271]]
  [1m[35mCACHE (0.0ms)[0m  SELECT "places".* FROM "places" WHERE "places"."id" = 258 LIMIT 1
  [1m[36mCACHE (0.0ms)[0m  [1mselect * from routes where startplace_id = 258[0m
  [1m[35mCACHE (0.0ms)[0m  select * from routes where endplace_id = 258
  [1m[36mCACHE (0.0ms)[0m  [1mSELECT "places".* FROM "places" WHERE "places"."id" = $1 LIMIT 1[0m  [["id", 258]]
  [1m[35mCACHE (0.0ms)[0m  SELECT "places".* FROM "places" WHERE "places"."id" = $1 LIMIT 1  [["id", 1117]]
  [1m[36mCACHE (0.0ms)[0m  [1mSELECT "places".* FROM "places" WHERE "places"."id" = 58 LIMIT 1[0m
  [1m[35mCACHE (0.0ms)[0m  select * from routes where startplace_id = 58
  [1m[36mCACHE (0.0ms)[0m  [1mselect * from routes where endplace_id = 58[0m
  [1m[35mCACHE (0.0ms)[0m  SELECT "places".* FROM "places" WHERE "places"."id" = $1 LIMIT 1  [["id", 58]]
  [1m[36mCACHE (0.0ms)[0m  [1mSELECT "places".* FROM "places" WHERE "places"."id" = $1 LIMIT 1[0m  [["id", 1116]]
  [1m[35mCACHE (0.0ms)[0m  SELECT "places".* FROM "places" WHERE "places"."id" = $1 LIMIT 1  [["id", 1117]]
  [1m[36mCACHE (0.0ms)[0m  [1mSELECT "places".* FROM "places" WHERE "places"."id" = 1118 LIMIT 1[0m
  [1m[35mCACHE (0.0ms)[0m  select * from routes where startplace_id = 1118
  [1m[36mCACHE (0.0ms)[0m  [1mselect * from routes where endplace_id = 1118[0m
  [1m[35mCACHE (0.0ms)[0m  SELECT "places".* FROM "places" WHERE "places"."id" = $1 LIMIT 1  [["id", 1118]]
  [1m[36mCACHE (0.0ms)[0m  [1mSELECT "places".* FROM "places" WHERE "places"."id" = $1 LIMIT 1[0m  [["id", 1117]]
  [1m[35mCACHE (0.0ms)[0m  SELECT "places".* FROM "places" WHERE "places"."id" = $1 LIMIT 1  [["id", 1134]]
  [1m[36mCACHE (0.0ms)[0m  [1mSELECT "places".* FROM "places" WHERE "places"."id" = $1 LIMIT 1[0m  [["id", 1120]]
  [1m[35mCACHE (0.0ms)[0m  SELECT "places".* FROM "places" WHERE "places"."id" = 1131 LIMIT 1
  [1m[36mCACHE (0.0ms)[0m  [1mselect * from routes where startplace_id = 1131[0m
  [1m[35mCACHE (0.0ms)[0m  select * from routes where endplace_id = 1131
  [1m[36mCACHE (0.0ms)[0m  [1mSELECT "places".* FROM "places" WHERE "places"."id" = $1 LIMIT 1[0m  [["id", 1131]]
  [1m[35mCACHE (0.0ms)[0m  SELECT "places".* FROM "places" WHERE "places"."id" = $1 LIMIT 1  [["id", 1132]]
  [1m[36mCACHE (0.0ms)[0m  [1mSELECT "places".* FROM "places" WHERE "places"."id" = $1 LIMIT 1[0m  [["id", 1133]]
  [1m[35mCACHE (0.0ms)[0m  SELECT "places".* FROM "places" WHERE "places"."id" = 1135 LIMIT 1
  [1m[36mCACHE (0.0ms)[0m  [1mselect * from routes where startplace_id = 1135[0m
  [1m[35mCACHE (0.0ms)[0m  select * from routes where endplace_id = 1135
  [1m[36mCACHE (0.0ms)[0m  [1mSELECT "places".* FROM "places" WHERE "places"."id" = $1 LIMIT 1[0m  [["id", 1135]]
  [1m[35mCACHE (0.0ms)[0m  SELECT "places".* FROM "places" WHERE "places"."id" = $1 LIMIT 1  [["id", 1134]]
  [1m[36mCACHE (0.0ms)[0m  [1mSELECT "places".* FROM "places" WHERE "places"."id" = $1 LIMIT 1[0m  [["id", 271]]
  [1m[35mCACHE (0.0ms)[0m  SELECT "places".* FROM "places" WHERE "places"."id" = 258 LIMIT 1
  [1m[36mCACHE (0.0ms)[0m  [1mselect * from routes where startplace_id = 258[0m
  [1m[35mCACHE (0.0ms)[0m  select * from routes where endplace_id = 258
  [1m[36mCACHE (0.0ms)[0m  [1mSELECT "places".* FROM "places" WHERE "places"."id" = $1 LIMIT 1[0m  [["id", 258]]
  [1m[35mCACHE (0.0ms)[0m  SELECT "places".* FROM "places" WHERE "places"."id" = $1 LIMIT 1  [["id", 1117]]
  [1m[36mCACHE (0.0ms)[0m  [1mSELECT "places".* FROM "places" WHERE "places"."id" = 58 LIMIT 1[0m
  [1m[35mCACHE (0.0ms)[0m  select * from routes where startplace_id = 58
  [1m[36mCACHE (0.0ms)[0m  [1mselect * from routes where endplace_id = 58[0m
  [1m[35mCACHE (0.0ms)[0m  SELECT "places".* FROM "places" WHERE "places"."id" = $1 LIMIT 1  [["id", 58]]
  [1m[36mCACHE (0.0ms)[0m  [1mSELECT "places".* FROM "places" WHERE "places"."id" = $1 LIMIT 1[0m  [["id", 1116]]
  [1m[35mCACHE (0.0ms)[0m  SELECT "places".* FROM "places" WHERE "places"."id" = $1 LIMIT 1  [["id", 1117]]
  [1m[36mCACHE (0.0ms)[0m  [1mSELECT "places".* FROM "places" WHERE "places"."id" = 1125 LIMIT 1[0m
  [1m[35mCACHE (0.0ms)[0m  select * from routes where startplace_id = 1125
  [1m[36mCACHE (0.0ms)[0m  [1mselect * from routes where endplace_id = 1125[0m
  [1m[35mCACHE (0.0ms)[0m  SELECT "places".* FROM "places" WHERE "places"."id" = $1 LIMIT 1  [["id", 1125]]
  [1m[36mCACHE (0.0ms)[0m  [1mSELECT "places".* FROM "places" WHERE "places"."id" = $1 LIMIT 1[0m  [["id", 1123]]
  [1m[35mCACHE (0.0ms)[0m  SELECT "places".* FROM "places" WHERE "places"."id" = $1 LIMIT 1  [["id", 769]]
  [1m[36mCACHE (0.0ms)[0m  [1mSELECT "places".* FROM "places" WHERE "places"."id" = 1135 LIMIT 1[0m
  [1m[35mCACHE (0.0ms)[0m  select * from routes where startplace_id = 1135
  [1m[36mCACHE (0.0ms)[0m  [1mselect * from routes where endplace_id = 1135[0m
  [1m[35mCACHE (0.0ms)[0m  SELECT "places".* FROM "places" WHERE "places"."id" = $1 LIMIT 1  [["id", 1135]]
  [1m[36mCACHE (0.0ms)[0m  [1mSELECT "places".* FROM "places" WHERE "places"."id" = $1 LIMIT 1[0m  [["id", 1134]]
  [1m[35mCACHE (0.0ms)[0m  SELECT "places".* FROM "places" WHERE "places"."id" = $1 LIMIT 1  [["id", 271]]
  [1m[36mCACHE (0.0ms)[0m  [1mSELECT "places".* FROM "places" WHERE "places"."id" = 258 LIMIT 1[0m
  [1m[35mCACHE (0.0ms)[0m  select * from routes where startplace_id = 258
  [1m[36mCACHE (0.0ms)[0m  [1mselect * from routes where endplace_id = 258[0m
  [1m[35mCACHE (0.0ms)[0m  SELECT "places".* FROM "places" WHERE "places"."id" = $1 LIMIT 1  [["id", 258]]
  [1m[36mCACHE (0.0ms)[0m  [1mSELECT "places".* FROM "places" WHERE "places"."id" = $1 LIMIT 1[0m  [["id", 1117]]
  [1m[35mCACHE (0.0ms)[0m  SELECT "places".* FROM "places" WHERE "places"."id" = 58 LIMIT 1
  [1m[36mCACHE (0.0ms)[0m  [1mselect * from routes where startplace_id = 58[0m
  [1m[35mCACHE (0.0ms)[0m  select * from routes where endplace_id = 58
  [1m[36mCACHE (0.0ms)[0m  [1mSELECT "places".* FROM "places" WHERE "places"."id" = $1 LIMIT 1[0m  [["id", 58]]
  [1m[35mCACHE (0.0ms)[0m  SELECT "places".* FROM "places" WHERE "places"."id" = $1 LIMIT 1  [["id", 1116]]
  [1m[36mCACHE (0.0ms)[0m  [1mSELECT "places".* FROM "places" WHERE "places"."id" = $1 LIMIT 1[0m  [["id", 1117]]
  [1m[35mCACHE (0.0ms)[0m  SELECT "places".* FROM "places" WHERE "places"."id" = 1127 LIMIT 1
  [1m[36mCACHE (0.0ms)[0m  [1mselect * from routes where startplace_id = 1127[0m
  [1m[35mCACHE (0.0ms)[0m  select * from routes where endplace_id = 1127
  [1m[36mCACHE (0.0ms)[0m  [1mSELECT "places".* FROM "places" WHERE "places"."id" = $1 LIMIT 1[0m  [["id", 1127]]
  [1m[35mCACHE (0.0ms)[0m  SELECT "places".* FROM "places" WHERE "places"."id" = $1 LIMIT 1  [["id", 1126]]
  [1m[36mCACHE (0.0ms)[0m  [1mSELECT "places".* FROM "places" WHERE "places"."id" = $1 LIMIT 1[0m  [["id", 419]]
  [1m[35mCACHE (0.0ms)[0m  SELECT "places".* FROM "places" WHERE "places"."id" = 1130 LIMIT 1
  [1m[36mCACHE (0.0ms)[0m  [1mselect * from routes where startplace_id = 1130[0m
  [1m[35mCACHE (0.0ms)[0m  select * from routes where endplace_id = 1130
  [1m[36mCACHE (0.0ms)[0m  [1mSELECT "places".* FROM "places" WHERE "places"."id" = $1 LIMIT 1[0m  [["id", 1130]]
  [1m[35mCACHE (0.0ms)[0m  SELECT "places".* FROM "places" WHERE "places"."id" = $1 LIMIT 1  [["id", 974]]
  [1m[36mCACHE (0.0ms)[0m  [1mSELECT "places".* FROM "places" WHERE "places"."id" = $1 LIMIT 1[0m  [["id", 1126]]
  [1m[35mCACHE (0.0ms)[0m  SELECT "places".* FROM "places" WHERE "places"."id" = 419 LIMIT 1
  [1m[36mCACHE (0.0ms)[0m  [1mselect * from routes where startplace_id = 419[0m
  [1m[35mCACHE (0.0ms)[0m  select * from routes where endplace_id = 419
  [1m[36mCACHE (0.0ms)[0m  [1mSELECT "places".* FROM "places" WHERE "places"."id" = $1 LIMIT 1[0m  [["id", 419]]
  [1m[35mCACHE (0.0ms)[0m  SELECT "places".* FROM "places" WHERE "places"."id" = $1 LIMIT 1  [["id", 1127]]
  [1m[36mCACHE (0.0ms)[0m  [1mSELECT "places".* FROM "places" WHERE "places"."id" = $1 LIMIT 1[0m  [["id", 1128]]
  [1m[35mCACHE (0.0ms)[0m  SELECT "places".* FROM "places" WHERE "places"."id" = 1125 LIMIT 1
  [1m[36mCACHE (0.0ms)[0m  [1mselect * from routes where startplace_id = 1125[0m
  [1m[35mCACHE (0.0ms)[0m  select * from routes where endplace_id = 1125
  [1m[36mCACHE (0.0ms)[0m  [1mSELECT "places".* FROM "places" WHERE "places"."id" = $1 LIMIT 1[0m  [["id", 1125]]
  [1m[35mCACHE (0.0ms)[0m  SELECT "places".* FROM "places" WHERE "places"."id" = $1 LIMIT 1  [["id", 1123]]
  [1m[36mCACHE (0.0ms)[0m  [1mSELECT "places".* FROM "places" WHERE "places"."id" = $1 LIMIT 1[0m  [["id", 769]]
  [1m[35mCACHE (0.0ms)[0m  SELECT "places".* FROM "places" WHERE "places"."id" = 1127 LIMIT 1
  [1m[36mCACHE (0.0ms)[0m  [1mselect * from routes where startplace_id = 1127[0m
  [1m[35mCACHE (0.0ms)[0m  select * from routes where endplace_id = 1127
  [1m[36mCACHE (0.0ms)[0m  [1mSELECT "places".* FROM "places" WHERE "places"."id" = $1 LIMIT 1[0m  [["id", 1127]]
  [1m[35mCACHE (0.0ms)[0m  SELECT "places".* FROM "places" WHERE "places"."id" = $1 LIMIT 1  [["id", 1126]]
  [1m[36mCACHE (0.0ms)[0m  [1mSELECT "places".* FROM "places" WHERE "places"."id" = $1 LIMIT 1[0m  [["id", 419]]
  [1m[35mCACHE (0.0ms)[0m  SELECT "places".* FROM "places" WHERE "places"."id" = 1130 LIMIT 1
  [1m[36mCACHE (0.0ms)[0m  [1mselect * from routes where startplace_id = 1130[0m
  [1m[35mCACHE (0.0ms)[0m  select * from routes where endplace_id = 1130
  [1m[36mCACHE (0.1ms)[0m  [1mSELECT "places".* FROM "places" WHERE "places"."id" = $1 LIMIT 1[0m  [["id", 1130]]
  [1m[35mCACHE (0.0ms)[0m  SELECT "places".* FROM "places" WHERE "places"."id" = $1 LIMIT 1  [["id", 974]]
  [1m[36mCACHE (0.0ms)[0m  [1mSELECT "places".* FROM "places" WHERE "places"."id" = $1 LIMIT 1[0m  [["id", 1126]]
  [1m[35mCACHE (0.0ms)[0m  SELECT "places".* FROM "places" WHERE "places"."id" = 1126 LIMIT 1
  [1m[36mCACHE (0.0ms)[0m  [1mselect * from routes where startplace_id = 1126[0m
  [1m[35mCACHE (0.0ms)[0m  select * from routes where endplace_id = 1126
  [1m[36mCACHE (0.0ms)[0m  [1mSELECT "places".* FROM "places" WHERE "places"."id" = $1 LIMIT 1[0m  [["id", 1126]]
  [1m[35mCACHE (0.0ms)[0m  SELECT "places".* FROM "places" WHERE "places"."id" = $1 LIMIT 1  [["id", 1130]]
  [1m[36mCACHE (0.0ms)[0m  [1mSELECT "places".* FROM "places" WHERE "places"."id" = $1 LIMIT 1[0m  [["id", 1126]]
  [1m[35mCACHE (0.0ms)[0m  SELECT "places".* FROM "places" WHERE "places"."id" = $1 LIMIT 1  [["id", 769]]
  [1m[36mCACHE (0.0ms)[0m  [1mSELECT "places".* FROM "places" WHERE "places"."id" = $1 LIMIT 1[0m  [["id", 1127]]
  [1m[35mCACHE (0.0ms)[0m  SELECT "places".* FROM "places" WHERE "places"."id" = 1127 LIMIT 1
  [1m[36mCACHE (0.0ms)[0m  [1mselect * from routes where startplace_id = 1127[0m
  [1m[35mCACHE (0.0ms)[0m  select * from routes where endplace_id = 1127
  [1m[36mCACHE (0.0ms)[0m  [1mSELECT "places".* FROM "places" WHERE "places"."id" = $1 LIMIT 1[0m  [["id", 1127]]
  [1m[35mCACHE (0.0ms)[0m  SELECT "places".* FROM "places" WHERE "places"."id" = $1 LIMIT 1  [["id", 1126]]
  [1m[36mCACHE (0.0ms)[0m  [1mSELECT "places".* FROM "places" WHERE "places"."id" = $1 LIMIT 1[0m  [["id", 419]]
  [1m[35mCACHE (0.0ms)[0m  SELECT "places".* FROM "places" WHERE "places"."id" = 1130 LIMIT 1
  [1m[36mCACHE (0.0ms)[0m  [1mselect * from routes where startplace_id = 1130[0m
  [1m[35mCACHE (0.0ms)[0m  select * from routes where endplace_id = 1130
  [1m[36mCACHE (0.0ms)[0m  [1mSELECT "places".* FROM "places" WHERE "places"."id" = $1 LIMIT 1[0m  [["id", 1130]]
  [1m[35mCACHE (0.0ms)[0m  SELECT "places".* FROM "places" WHERE "places"."id" = $1 LIMIT 1  [["id", 974]]
  [1m[36mCACHE (0.0ms)[0m  [1mSELECT "places".* FROM "places" WHERE "places"."id" = $1 LIMIT 1[0m  [["id", 1126]]
  [1m[35mCACHE (0.0ms)[0m  SELECT "places".* FROM "places" WHERE "places"."id" = 419 LIMIT 1
  [1m[36mCACHE (0.0ms)[0m  [1mselect * from routes where startplace_id = 419[0m
  [1m[35mCACHE (0.0ms)[0m  select * from routes where endplace_id = 419
  [1m[36mCACHE (0.0ms)[0m  [1mSELECT "places".* FROM "places" WHERE "places"."id" = $1 LIMIT 1[0m  [["id", 419]]
  [1m[35mCACHE (0.0ms)[0m  SELECT "places".* FROM "places" WHERE "places"."id" = $1 LIMIT 1  [["id", 1127]]
  [1m[36mCACHE (0.0ms)[0m  [1mSELECT "places".* FROM "places" WHERE "places"."id" = $1 LIMIT 1[0m  [["id", 1128]]
  [1m[35mCACHE (0.0ms)[0m  SELECT "places".* FROM "places" WHERE "places"."id" = 1125 LIMIT 1
  [1m[36mCACHE (0.0ms)[0m  [1mselect * from routes where startplace_id = 1125[0m
  [1m[35mCACHE (0.0ms)[0m  select * from routes where endplace_id = 1125
  [1m[36mCACHE (0.0ms)[0m  [1mSELECT "places".* FROM "places" WHERE "places"."id" = $1 LIMIT 1[0m  [["id", 1125]]
  [1m[35mCACHE (0.0ms)[0m  SELECT "places".* FROM "places" WHERE "places"."id" = $1 LIMIT 1  [["id", 1123]]
  [1m[36mCACHE (0.0ms)[0m  [1mSELECT "places".* FROM "places" WHERE "places"."id" = $1 LIMIT 1[0m  [["id", 769]]
  [1m[35mCACHE (0.0ms)[0m  SELECT "places".* FROM "places" WHERE "places"."id" = 1128 LIMIT 1
  [1m[36mCACHE (0.0ms)[0m  [1mselect * from routes where startplace_id = 1128[0m
  [1m[35mCACHE (0.0ms)[0m  select * from routes where endplace_id = 1128
  [1m[36mCACHE (0.0ms)[0m  [1mSELECT "places".* FROM "places" WHERE "places"."id" = $1 LIMIT 1[0m  [["id", 1128]]
  [1m[35mCACHE (0.0ms)[0m  SELECT "places".* FROM "places" WHERE "places"."id" = $1 LIMIT 1  [["id", 419]]
  [1m[36mCACHE (0.0ms)[0m  [1mSELECT "places".* FROM "places" WHERE "places"."id" = 1124 LIMIT 1[0m
  [1m[35mCACHE (0.0ms)[0m  select * from routes where startplace_id = 1124
  [1m[36mCACHE (0.0ms)[0m  [1mselect * from routes where endplace_id = 1124[0m
  [1m[35mCACHE (0.0ms)[0m  SELECT "places".* FROM "places" WHERE "places"."id" = $1 LIMIT 1  [["id", 1124]]
  [1m[36mCACHE (0.0ms)[0m  [1mSELECT "places".* FROM "places" WHERE "places"."id" = $1 LIMIT 1[0m  [["id", 1129]]
  [1m[35mCACHE (0.0ms)[0m  SELECT "places".* FROM "places" WHERE "places"."id" = $1 LIMIT 1  [["id", 1124]]
  [1m[36mCACHE (0.0ms)[0m  [1mSELECT "places".* FROM "places" WHERE "places"."id" = $1 LIMIT 1[0m  [["id", 974]]
  [1m[35mCACHE (0.0ms)[0m  SELECT "places".* FROM "places" WHERE "places"."id" = $1 LIMIT 1  [["id", 1123]]
  [1m[36mCACHE (0.0ms)[0m  [1mSELECT "places".* FROM "places" WHERE "places"."id" = 1132 LIMIT 1[0m
  [1m[35mCACHE (0.0ms)[0m  select * from routes where startplace_id = 1132
  [1m[36mCACHE (0.0ms)[0m  [1mselect * from routes where endplace_id = 1132[0m
  [1m[35mCACHE (0.0ms)[0m  SELECT "places".* FROM "places" WHERE "places"."id" = $1 LIMIT 1  [["id", 1131]]
  [1m[36mCACHE (0.0ms)[0m  [1mSELECT "places".* FROM "places" WHERE "places"."id" = 419 LIMIT 1[0m
  [1m[35mCACHE (0.0ms)[0m  select * from routes where startplace_id = 419
  [1m[36mCACHE (0.0ms)[0m  [1mselect * from routes where endplace_id = 419[0m
  [1m[35mCACHE (0.0ms)[0m  SELECT "places".* FROM "places" WHERE "places"."id" = $1 LIMIT 1  [["id", 419]]
  [1m[36mCACHE (0.0ms)[0m  [1mSELECT "places".* FROM "places" WHERE "places"."id" = $1 LIMIT 1[0m  [["id", 1127]]
  [1m[35mCACHE (0.0ms)[0m  SELECT "places".* FROM "places" WHERE "places"."id" = $1 LIMIT 1  [["id", 1128]]
  [1m[36mCACHE (0.0ms)[0m  [1mSELECT "places".* FROM "places" WHERE "places"."id" = 1125 LIMIT 1[0m
  [1m[35mCACHE (0.0ms)[0m  select * from routes where startplace_id = 1125
  [1m[36mCACHE (0.0ms)[0m  [1mselect * from routes where endplace_id = 1125[0m
  [1m[35mCACHE (0.0ms)[0m  SELECT "places".* FROM "places" WHERE "places"."id" = $1 LIMIT 1  [["id", 1125]]
  [1m[36mCACHE (0.0ms)[0m  [1mSELECT "places".* FROM "places" WHERE "places"."id" = $1 LIMIT 1[0m  [["id", 1123]]
  [1m[35mCACHE (0.0ms)[0m  SELECT "places".* FROM "places" WHERE "places"."id" = $1 LIMIT 1  [["id", 769]]
  [1m[36mCACHE (0.0ms)[0m  [1mSELECT "places".* FROM "places" WHERE "places"."id" = 1113 LIMIT 1[0m
  [1m[35mCACHE (0.0ms)[0m  select * from routes where startplace_id = 1113
  [1m[36mCACHE (0.0ms)[0m  [1mselect * from routes where endplace_id = 1113[0m
  [1m[35mCACHE (0.0ms)[0m  SELECT "places".* FROM "places" WHERE "places"."id" = $1 LIMIT 1  [["id", 1113]]
  [1m[36mCACHE (0.0ms)[0m  [1mSELECT "places".* FROM "places" WHERE "places"."id" = $1 LIMIT 1[0m  [["id", 624]]
  [1m[35mCACHE (0.0ms)[0m  SELECT "places".* FROM "places" WHERE "places"."id" = $1 LIMIT 1  [["id", 1114]]
  [1m[36mCACHE (0.0ms)[0m  [1mSELECT "places".* FROM "places" WHERE "places"."id" = 207 LIMIT 1[0m
  [1m[35mCACHE (0.0ms)[0m  select * from routes where startplace_id = 207
  [1m[36mCACHE (0.0ms)[0m  [1mselect * from routes where endplace_id = 207[0m
  [1m[35mCACHE (0.0ms)[0m  SELECT "places".* FROM "places" WHERE "places"."id" = $1 LIMIT 1  [["id", 207]]
  [1m[36mCACHE (0.0ms)[0m  [1mSELECT "places".* FROM "places" WHERE "places"."id" = $1 LIMIT 1[0m  [["id", 650]]
  [1m[35mCACHE (0.0ms)[0m  SELECT "places".* FROM "places" WHERE "places"."id" = $1 LIMIT 1  [["id", 207]]
  [1m[36mCACHE (0.0ms)[0m  [1mSELECT "places".* FROM "places" WHERE "places"."id" = $1 LIMIT 1[0m  [["id", 1133]]
  [1m[35mCACHE (0.0ms)[0m  SELECT "places".* FROM "places" WHERE "places"."id" = $1 LIMIT 1  [["id", 1129]]
  [1m[36mCACHE (0.0ms)[0m  [1mSELECT "places".* FROM "places" WHERE "places"."id" = 1118 LIMIT 1[0m
  [1m[35mCACHE (0.0ms)[0m  select * from routes where startplace_id = 1118
  [1m[36mCACHE (0.0ms)[0m  [1mselect * from routes where endplace_id = 1118[0m
  [1m[35mCACHE (0.0ms)[0m  SELECT "places".* FROM "places" WHERE "places"."id" = $1 LIMIT 1  [["id", 1118]]
  [1m[36mCACHE (0.0ms)[0m  [1mSELECT "places".* FROM "places" WHERE "places"."id" = $1 LIMIT 1[0m  [["id", 1117]]
  [1m[35mCACHE (0.0ms)[0m  SELECT "places".* FROM "places" WHERE "places"."id" = $1 LIMIT 1  [["id", 1134]]
  [1m[36mCACHE (0.0ms)[0m  [1mSELECT "places".* FROM "places" WHERE "places"."id" = $1 LIMIT 1[0m  [["id", 1120]]
  [1m[35mCACHE (0.0ms)[0m  SELECT "places".* FROM "places" WHERE "places"."id" = 1121 LIMIT 1
  [1m[36mCACHE (0.0ms)[0m  [1mselect * from routes where startplace_id = 1121[0m
  [1m[35mCACHE (0.0ms)[0m  select * from routes where endplace_id = 1121
  [1m[36mCACHE (0.0ms)[0m  [1mSELECT "places".* FROM "places" WHERE "places"."id" = $1 LIMIT 1[0m  [["id", 1121]]
  [1m[35mCACHE (0.0ms)[0m  SELECT "places".* FROM "places" WHERE "places"."id" = $1 LIMIT 1  [["id", 1122]]
  [1m[36mCACHE (0.0ms)[0m  [1mSELECT "places".* FROM "places" WHERE "places"."id" = $1 LIMIT 1[0m  [["id", 976]]
  [1m[35mCACHE (0.0ms)[0m  SELECT "places".* FROM "places" WHERE "places"."id" = 1119 LIMIT 1
  [1m[36mCACHE (0.0ms)[0m  [1mselect * from routes where startplace_id = 1119[0m
  [1m[35mCACHE (0.0ms)[0m  select * from routes where endplace_id = 1119
  [1m[36mCACHE (0.0ms)[0m  [1mSELECT "places".* FROM "places" WHERE "places"."id" = $1 LIMIT 1[0m  [["id", 1119]]
  [1m[35mCACHE (0.0ms)[0m  SELECT "places".* FROM "places" WHERE "places"."id" = $1 LIMIT 1  [["id", 1120]]
  [1m[36mCACHE (0.0ms)[0m  [1mSELECT "places".* FROM "places" WHERE "places"."id" = $1 LIMIT 1[0m  [["id", 976]]
  [1m[35mCACHE (0.0ms)[0m  SELECT "places".* FROM "places" WHERE "places"."id" = $1 LIMIT 1  [["id", 471]]
  [1m[36mCACHE (0.0ms)[0m  [1mSELECT "places".* FROM "places" WHERE "places"."id" = 45 LIMIT 1[0m
  [1m[35mCACHE (0.0ms)[0m  select * from routes where startplace_id = 45
  [1m[36mCACHE (0.0ms)[0m  [1mselect * from routes where endplace_id = 45[0m
  [1m[35mCACHE (0.0ms)[0m  SELECT "places".* FROM "places" WHERE "places"."id" = $1 LIMIT 1  [["id", 45]]
  [1m[36mCACHE (0.0ms)[0m  [1mSELECT "places".* FROM "places" WHERE "places"."id" = $1 LIMIT 1[0m  [["id", 976]]
  [1m[35mCACHE (0.0ms)[0m  SELECT "places".* FROM "places" WHERE "places"."id" = $1 LIMIT 1  [["id", 650]]
  [1m[36mCACHE (0.0ms)[0m  [1mSELECT "places".* FROM "places" WHERE "places"."id" = 1119 LIMIT 1[0m
  [1m[35mCACHE (0.0ms)[0m  select * from routes where startplace_id = 1119
  [1m[36mCACHE (0.0ms)[0m  [1mselect * from routes where endplace_id = 1119[0m
  [1m[35mCACHE (0.0ms)[0m  SELECT "places".* FROM "places" WHERE "places"."id" = $1 LIMIT 1  [["id", 1119]]
  [1m[36mCACHE (0.0ms)[0m  [1mSELECT "places".* FROM "places" WHERE "places"."id" = $1 LIMIT 1[0m  [["id", 1120]]
  [1m[35mCACHE (0.0ms)[0m  SELECT "places".* FROM "places" WHERE "places"."id" = $1 LIMIT 1  [["id", 976]]
  [1m[36mCACHE (0.0ms)[0m  [1mSELECT "places".* FROM "places" WHERE "places"."id" = $1 LIMIT 1[0m  [["id", 471]]
  [1m[35mCACHE (0.0ms)[0m  SELECT "places".* FROM "places" WHERE "places"."id" = 1121 LIMIT 1
  [1m[36mCACHE (0.0ms)[0m  [1mselect * from routes where startplace_id = 1121[0m
  [1m[35mCACHE (0.0ms)[0m  select * from routes where endplace_id = 1121
  [1m[36mCACHE (0.0ms)[0m  [1mSELECT "places".* FROM "places" WHERE "places"."id" = $1 LIMIT 1[0m  [["id", 1121]]
  [1m[35mCACHE (0.0ms)[0m  SELECT "places".* FROM "places" WHERE "places"."id" = $1 LIMIT 1  [["id", 1122]]
  [1m[36mCACHE (0.0ms)[0m  [1mSELECT "places".* FROM "places" WHERE "places"."id" = $1 LIMIT 1[0m  [["id", 976]]
  [1m[35mCACHE (0.0ms)[0m  SELECT "places".* FROM "places" WHERE "places"."id" = 1119 LIMIT 1
  [1m[36mCACHE (0.0ms)[0m  [1mselect * from routes where startplace_id = 1119[0m
  [1m[35mCACHE (0.0ms)[0m  select * from routes where endplace_id = 1119
  [1m[36mCACHE (0.0ms)[0m  [1mSELECT "places".* FROM "places" WHERE "places"."id" = $1 LIMIT 1[0m  [["id", 1119]]
  [1m[35mCACHE (0.0ms)[0m  SELECT "places".* FROM "places" WHERE "places"."id" = $1 LIMIT 1  [["id", 1120]]
  [1m[36mCACHE (0.0ms)[0m  [1mSELECT "places".* FROM "places" WHERE "places"."id" = $1 LIMIT 1[0m  [["id", 976]]
  [1m[35mCACHE (0.0ms)[0m  SELECT "places".* FROM "places" WHERE "places"."id" = $1 LIMIT 1  [["id", 471]]
  [1m[36mCACHE (0.0ms)[0m  [1mSELECT "places".* FROM "places" WHERE "places"."id" = 1132 LIMIT 1[0m
  [1m[35mCACHE (0.0ms)[0m  select * from routes where startplace_id = 1132
  [1m[36mCACHE (0.0ms)[0m  [1mselect * from routes where endplace_id = 1132[0m
  [1m[35mCACHE (0.0ms)[0m  SELECT "places".* FROM "places" WHERE "places"."id" = $1 LIMIT 1  [["id", 1131]]
  [1m[36mCACHE (0.0ms)[0m  [1mSELECT "places".* FROM "places" WHERE "places"."id" = 271 LIMIT 1[0m
  [1m[35mCACHE (0.0ms)[0m  select * from routes where startplace_id = 271
  [1m[36mCACHE (0.0ms)[0m  [1mselect * from routes where endplace_id = 271[0m
  [1m[35mCACHE (0.0ms)[0m  SELECT "places".* FROM "places" WHERE "places"."id" = $1 LIMIT 1  [["id", 271]]
  [1m[36mCACHE (0.0ms)[0m  [1mSELECT "places".* FROM "places" WHERE "places"."id" = $1 LIMIT 1[0m  [["id", 1135]]
  [1m[35mCACHE (0.0ms)[0m  SELECT "places".* FROM "places" WHERE "places"."id" = 1116 LIMIT 1
  [1m[36mCACHE (0.0ms)[0m  [1mselect * from routes where startplace_id = 1116[0m
  [1m[35mCACHE (0.0ms)[0m  select * from routes where endplace_id = 1116
  [1m[36mCACHE (0.0ms)[0m  [1mSELECT "places".* FROM "places" WHERE "places"."id" = $1 LIMIT 1[0m  [["id", 1116]]
  [1m[35mCACHE (0.0ms)[0m  SELECT "places".* FROM "places" WHERE "places"."id" = $1 LIMIT 1  [["id", 827]]
  [1m[36mCACHE (0.0ms)[0m  [1mSELECT "places".* FROM "places" WHERE "places"."id" = $1 LIMIT 1[0m  [["id", 528]]
  [1m[35mCACHE (0.0ms)[0m  SELECT "places".* FROM "places" WHERE "places"."id" = $1 LIMIT 1  [["id", 58]]
  [1m[36mCACHE (0.0ms)[0m  [1mSELECT "places".* FROM "places" WHERE "places"."id" = 1134 LIMIT 1[0m
  [1m[35mCACHE (0.0ms)[0m  select * from routes where startplace_id = 1134
  [1m[36mCACHE (0.0ms)[0m  [1mselect * from routes where endplace_id = 1134[0m
  [1m[35mCACHE (0.0ms)[0m  SELECT "places".* FROM "places" WHERE "places"."id" = $1 LIMIT 1  [["id", 1134]]
  [1m[36mCACHE (0.0ms)[0m  [1mSELECT "places".* FROM "places" WHERE "places"."id" = $1 LIMIT 1[0m  [["id", 1118]]
  [1m[35mCACHE (0.0ms)[0m  SELECT "places".* FROM "places" WHERE "places"."id" = $1 LIMIT 1  [["id", 1135]]
  [1m[36mCACHE (0.0ms)[0m  [1mSELECT "places".* FROM "places" WHERE "places"."id" = 1117 LIMIT 1[0m
  [1m[35mCACHE (0.0ms)[0m  select * from routes where startplace_id = 1117
  [1m[36mCACHE (0.0ms)[0m  [1mselect * from routes where endplace_id = 1117[0m
  [1m[35mCACHE (0.0ms)[0m  SELECT "places".* FROM "places" WHERE "places"."id" = $1 LIMIT 1  [["id", 1117]]
  [1m[36mCACHE (0.0ms)[0m  [1mSELECT "places".* FROM "places" WHERE "places"."id" = $1 LIMIT 1[0m  [["id", 58]]
  [1m[35mCACHE (0.0ms)[0m  SELECT "places".* FROM "places" WHERE "places"."id" = $1 LIMIT 1  [["id", 1118]]
  [1m[36mCACHE (0.0ms)[0m  [1mSELECT "places".* FROM "places" WHERE "places"."id" = $1 LIMIT 1[0m  [["id", 258]]
  [1m[35mCACHE (0.0ms)[0m  SELECT "places".* FROM "places" WHERE "places"."id" = 1132 LIMIT 1
  [1m[36mCACHE (0.0ms)[0m  [1mselect * from routes where startplace_id = 1132[0m
  [1m[35mCACHE (0.0ms)[0m  select * from routes where endplace_id = 1132
  [1m[36mCACHE (0.0ms)[0m  [1mSELECT "places".* FROM "places" WHERE "places"."id" = $1 LIMIT 1[0m  [["id", 1131]]
  [1m[35mCACHE (0.0ms)[0m  SELECT "places".* FROM "places" WHERE "places"."id" = 271 LIMIT 1
  [1m[36mCACHE (0.0ms)[0m  [1mselect * from routes where startplace_id = 271[0m
  [1m[35mCACHE (0.0ms)[0m  select * from routes where endplace_id = 271
  [1m[36mCACHE (0.0ms)[0m  [1mSELECT "places".* FROM "places" WHERE "places"."id" = $1 LIMIT 1[0m  [["id", 271]]
  [1m[35mCACHE (0.0ms)[0m  SELECT "places".* FROM "places" WHERE "places"."id" = $1 LIMIT 1  [["id", 1135]]
  [1m[36mCACHE (0.0ms)[0m  [1mSELECT "places".* FROM "places" WHERE "places"."id" = 1116 LIMIT 1[0m
  [1m[35mCACHE (0.0ms)[0m  select * from routes where startplace_id = 1116
  [1m[36mCACHE (0.0ms)[0m  [1mselect * from routes where endplace_id = 1116[0m
  [1m[35mCACHE (0.0ms)[0m  SELECT "places".* FROM "places" WHERE "places"."id" = $1 LIMIT 1  [["id", 1116]]
  [1m[36mCACHE (0.0ms)[0m  [1mSELECT "places".* FROM "places" WHERE "places"."id" = $1 LIMIT 1[0m  [["id", 827]]
  [1m[35mCACHE (0.0ms)[0m  SELECT "places".* FROM "places" WHERE "places"."id" = $1 LIMIT 1  [["id", 528]]
  [1m[36mCACHE (0.0ms)[0m  [1mSELECT "places".* FROM "places" WHERE "places"."id" = $1 LIMIT 1[0m  [["id", 58]]
  [1m[35mCACHE (0.0ms)[0m  SELECT "places".* FROM "places" WHERE "places"."id" = 769 LIMIT 1
  [1m[36mCACHE (0.0ms)[0m  [1mselect * from routes where startplace_id = 769[0m
  [1m[35mCACHE (0.0ms)[0m  select * from routes where endplace_id = 769
  [1m[36mCACHE (0.0ms)[0m  [1mSELECT "places".* FROM "places" WHERE "places"."id" = $1 LIMIT 1[0m  [["id", 769]]
  [1m[35mCACHE (0.0ms)[0m  SELECT "places".* FROM "places" WHERE "places"."id" = $1 LIMIT 1  [["id", 1125]]
  [1m[36mCACHE (0.0ms)[0m  [1mSELECT "places".* FROM "places" WHERE "places"."id" = $1 LIMIT 1[0m  [["id", 1126]]
  [1m[35mCACHE (0.0ms)[0m  SELECT "places".* FROM "places" WHERE "places"."id" = 271 LIMIT 1
  [1m[36mCACHE (0.0ms)[0m  [1mselect * from routes where startplace_id = 271[0m
  [1m[35mCACHE (0.0ms)[0m  select * from routes where endplace_id = 271
  [1m[36mCACHE (0.0ms)[0m  [1mSELECT "places".* FROM "places" WHERE "places"."id" = $1 LIMIT 1[0m  [["id", 271]]
  [1m[35mCACHE (0.0ms)[0m  SELECT "places".* FROM "places" WHERE "places"."id" = $1 LIMIT 1  [["id", 1135]]
  [1m[36mCACHE (0.0ms)[0m  [1mSELECT "places".* FROM "places" WHERE "places"."id" = 1116 LIMIT 1[0m
  [1m[35mCACHE (0.0ms)[0m  select * from routes where startplace_id = 1116
  [1m[36mCACHE (0.0ms)[0m  [1mselect * from routes where endplace_id = 1116[0m
  [1m[35mCACHE (0.0ms)[0m  SELECT "places".* FROM "places" WHERE "places"."id" = $1 LIMIT 1  [["id", 1116]]
  [1m[36mCACHE (0.0ms)[0m  [1mSELECT "places".* FROM "places" WHERE "places"."id" = $1 LIMIT 1[0m  [["id", 827]]
  [1m[35mCACHE (0.0ms)[0m  SELECT "places".* FROM "places" WHERE "places"."id" = $1 LIMIT 1  [["id", 528]]
  [1m[36mCACHE (0.0ms)[0m  [1mSELECT "places".* FROM "places" WHERE "places"."id" = $1 LIMIT 1[0m  [["id", 58]]
  [1m[35mCACHE (0.0ms)[0m  SELECT "places".* FROM "places" WHERE "places"."id" = 419 LIMIT 1
  [1m[36mCACHE (0.0ms)[0m  [1mselect * from routes where startplace_id = 419[0m
  [1m[35mCACHE (0.0ms)[0m  select * from routes where endplace_id = 419
  [1m[36mCACHE (0.0ms)[0m  [1mSELECT "places".* FROM "places" WHERE "places"."id" = $1 LIMIT 1[0m  [["id", 419]]
  [1m[35mCACHE (0.0ms)[0m  SELECT "places".* FROM "places" WHERE "places"."id" = $1 LIMIT 1  [["id", 1127]]
  [1m[36mCACHE (0.0ms)[0m  [1mSELECT "places".* FROM "places" WHERE "places"."id" = $1 LIMIT 1[0m  [["id", 1128]]
  [1m[35mCACHE (0.0ms)[0m  SELECT "places".* FROM "places" WHERE "places"."id" = 974 LIMIT 1
  [1m[36mCACHE (0.0ms)[0m  [1mselect * from routes where startplace_id = 974[0m
  [1m[35mCACHE (0.0ms)[0m  select * from routes where endplace_id = 974
  [1m[36mCACHE (0.0ms)[0m  [1mSELECT "places".* FROM "places" WHERE "places"."id" = $1 LIMIT 1[0m  [["id", 974]]
  [1m[35mCACHE (0.0ms)[0m  SELECT "places".* FROM "places" WHERE "places"."id" = $1 LIMIT 1  [["id", 471]]
  [1m[36mCACHE (0.0ms)[0m  [1mSELECT "places".* FROM "places" WHERE "places"."id" = $1 LIMIT 1[0m  [["id", 1130]]
  [1m[35mCACHE (0.0ms)[0m  SELECT "places".* FROM "places" WHERE "places"."id" = $1 LIMIT 1  [["id", 1124]]
  [1m[36mCACHE (0.0ms)[0m  [1mSELECT "places".* FROM "places" WHERE "places"."id" = 1128 LIMIT 1[0m
  [1m[35mCACHE (0.0ms)[0m  select * from routes where startplace_id = 1128
  [1m[36mCACHE (0.0ms)[0m  [1mselect * from routes where endplace_id = 1128[0m
  [1m[35mCACHE (0.0ms)[0m  SELECT "places".* FROM "places" WHERE "places"."id" = $1 LIMIT 1  [["id", 1128]]
  [1m[36mCACHE (0.0ms)[0m  [1mSELECT "places".* FROM "places" WHERE "places"."id" = $1 LIMIT 1[0m  [["id", 419]]
  [1m[35mCACHE (0.0ms)[0m  SELECT "places".* FROM "places" WHERE "places"."id" = 1123 LIMIT 1
  [1m[36mCACHE (0.0ms)[0m  [1mselect * from routes where startplace_id = 1123[0m
  [1m[35mCACHE (0.0ms)[0m  select * from routes where endplace_id = 1123
  [1m[36mCACHE (0.0ms)[0m  [1mSELECT "places".* FROM "places" WHERE "places"."id" = $1 LIMIT 1[0m  [["id", 1123]]
  [1m[35mCACHE (0.0ms)[0m  SELECT "places".* FROM "places" WHERE "places"."id" = $1 LIMIT 1  [["id", 1124]]
  [1m[36mCACHE (0.0ms)[0m  [1mSELECT "places".* FROM "places" WHERE "places"."id" = $1 LIMIT 1[0m  [["id", 975]]
  [1m[35mCACHE (0.0ms)[0m  SELECT "places".* FROM "places" WHERE "places"."id" = $1 LIMIT 1  [["id", 1125]]
  [1m[36mCACHE (0.0ms)[0m  [1mSELECT "places".* FROM "places" WHERE "places"."id" = 419 LIMIT 1[0m
  [1m[35mCACHE (0.0ms)[0m  select * from routes where startplace_id = 419
  [1m[36mCACHE (0.0ms)[0m  [1mselect * from routes where endplace_id = 419[0m
  [1m[35mCACHE (0.0ms)[0m  SELECT "places".* FROM "places" WHERE "places"."id" = $1 LIMIT 1  [["id", 419]]
  [1m[36mCACHE (0.0ms)[0m  [1mSELECT "places".* FROM "places" WHERE "places"."id" = $1 LIMIT 1[0m  [["id", 1127]]
  [1m[35mCACHE (0.0ms)[0m  SELECT "places".* FROM "places" WHERE "places"."id" = $1 LIMIT 1  [["id", 1128]]
  [1m[36mCACHE (0.0ms)[0m  [1mSELECT "places".* FROM "places" WHERE "places"."id" = 974 LIMIT 1[0m
  [1m[35mCACHE (0.0ms)[0m  select * from routes where startplace_id = 974
  [1m[36mCACHE (0.0ms)[0m  [1mselect * from routes where endplace_id = 974[0m
  [1m[35mCACHE (0.0ms)[0m  SELECT "places".* FROM "places" WHERE "places"."id" = $1 LIMIT 1  [["id", 974]]
  [1m[36mCACHE (0.0ms)[0m  [1mSELECT "places".* FROM "places" WHERE "places"."id" = $1 LIMIT 1[0m  [["id", 471]]
  [1m[35mCACHE (0.0ms)[0m  SELECT "places".* FROM "places" WHERE "places"."id" = $1 LIMIT 1  [["id", 1130]]
  [1m[36mCACHE (0.0ms)[0m  [1mSELECT "places".* FROM "places" WHERE "places"."id" = $1 LIMIT 1[0m  [["id", 1124]]
  [1m[35mCACHE (0.0ms)[0m  SELECT "places".* FROM "places" WHERE "places"."id" = 1127 LIMIT 1
  [1m[36mCACHE (0.0ms)[0m  [1mselect * from routes where startplace_id = 1127[0m
  [1m[35mCACHE (0.0ms)[0m  select * from routes where endplace_id = 1127
  [1m[36mCACHE (0.0ms)[0m  [1mSELECT "places".* FROM "places" WHERE "places"."id" = $1 LIMIT 1[0m  [["id", 1127]]
  [1m[35mCACHE (0.0ms)[0m  SELECT "places".* FROM "places" WHERE "places"."id" = $1 LIMIT 1  [["id", 1126]]
  [1m[36mCACHE (0.0ms)[0m  [1mSELECT "places".* FROM "places" WHERE "places"."id" = $1 LIMIT 1[0m  [["id", 419]]
  [1m[35mCACHE (0.0ms)[0m  SELECT "places".* FROM "places" WHERE "places"."id" = 769 LIMIT 1
  [1m[36mCACHE (0.0ms)[0m  [1mselect * from routes where startplace_id = 769[0m
  [1m[35mCACHE (0.0ms)[0m  select * from routes where endplace_id = 769
  [1m[36mCACHE (0.0ms)[0m  [1mSELECT "places".* FROM "places" WHERE "places"."id" = $1 LIMIT 1[0m  [["id", 769]]
  [1m[35mCACHE (0.0ms)[0m  SELECT "places".* FROM "places" WHERE "places"."id" = $1 LIMIT 1  [["id", 1125]]
  [1m[36mCACHE (0.0ms)[0m  [1mSELECT "places".* FROM "places" WHERE "places"."id" = $1 LIMIT 1[0m  [["id", 1126]]
  [1m[35mCACHE (0.0ms)[0m  SELECT "places".* FROM "places" WHERE "places"."id" = 419 LIMIT 1
  [1m[36mCACHE (0.0ms)[0m  [1mselect * from routes where startplace_id = 419[0m
  [1m[35mCACHE (0.0ms)[0m  select * from routes where endplace_id = 419
  [1m[36mCACHE (0.0ms)[0m  [1mSELECT "places".* FROM "places" WHERE "places"."id" = $1 LIMIT 1[0m  [["id", 419]]
  [1m[35mCACHE (0.0ms)[0m  SELECT "places".* FROM "places" WHERE "places"."id" = $1 LIMIT 1  [["id", 1127]]
  [1m[36mCACHE (0.0ms)[0m  [1mSELECT "places".* FROM "places" WHERE "places"."id" = $1 LIMIT 1[0m  [["id", 1128]]
  [1m[35mCACHE (0.0ms)[0m  SELECT "places".* FROM "places" WHERE "places"."id" = 974 LIMIT 1
  [1m[36mCACHE (0.0ms)[0m  [1mselect * from routes where startplace_id = 974[0m
  [1m[35mCACHE (0.0ms)[0m  select * from routes where endplace_id = 974
  [1m[36mCACHE (0.0ms)[0m  [1mSELECT "places".* FROM "places" WHERE "places"."id" = $1 LIMIT 1[0m  [["id", 974]]
  [1m[35mCACHE (0.0ms)[0m  SELECT "places".* FROM "places" WHERE "places"."id" = $1 LIMIT 1  [["id", 471]]
  [1m[36mCACHE (0.0ms)[0m  [1mSELECT "places".* FROM "places" WHERE "places"."id" = $1 LIMIT 1[0m  [["id", 1130]]
  [1m[35mCACHE (0.0ms)[0m  SELECT "places".* FROM "places" WHERE "places"."id" = $1 LIMIT 1  [["id", 1124]]
  [1m[36mCACHE (0.0ms)[0m  [1mSELECT "places".* FROM "places" WHERE "places"."id" = 1128 LIMIT 1[0m
  [1m[35mCACHE (0.0ms)[0m  select * from routes where startplace_id = 1128
  [1m[36mCACHE (0.0ms)[0m  [1mselect * from routes where endplace_id = 1128[0m
  [1m[35mCACHE (0.0ms)[0m  SELECT "places".* FROM "places" WHERE "places"."id" = $1 LIMIT 1  [["id", 1128]]
  [1m[36mCACHE (0.0ms)[0m  [1mSELECT "places".* FROM "places" WHERE "places"."id" = $1 LIMIT 1[0m  [["id", 419]]
  [1m[35mCACHE (0.0ms)[0m  SELECT "places".* FROM "places" WHERE "places"."id" = 1123 LIMIT 1
  [1m[36mCACHE (0.0ms)[0m  [1mselect * from routes where startplace_id = 1123[0m
  [1m[35mCACHE (0.0ms)[0m  select * from routes where endplace_id = 1123
  [1m[36mCACHE (0.0ms)[0m  [1mSELECT "places".* FROM "places" WHERE "places"."id" = $1 LIMIT 1[0m  [["id", 1123]]
  [1m[35mCACHE (0.0ms)[0m  SELECT "places".* FROM "places" WHERE "places"."id" = $1 LIMIT 1  [["id", 1124]]
  [1m[36mCACHE (0.0ms)[0m  [1mSELECT "places".* FROM "places" WHERE "places"."id" = $1 LIMIT 1[0m  [["id", 975]]
  [1m[35mCACHE (0.0ms)[0m  SELECT "places".* FROM "places" WHERE "places"."id" = $1 LIMIT 1  [["id", 1125]]
  [1m[36mCACHE (0.0ms)[0m  [1mSELECT "places".* FROM "places" WHERE "places"."id" = 1129 LIMIT 1[0m
  [1m[35mCACHE (0.0ms)[0m  select * from routes where startplace_id = 1129
  [1m[36mCACHE (0.0ms)[0m  [1mselect * from routes where endplace_id = 1129[0m
  [1m[35mCACHE (0.0ms)[0m  SELECT "places".* FROM "places" WHERE "places"."id" = $1 LIMIT 1  [["id", 1129]]
  [1m[36mCACHE (0.0ms)[0m  [1mSELECT "places".* FROM "places" WHERE "places"."id" = $1 LIMIT 1[0m  [["id", 207]]
  [1m[35mCACHE (0.0ms)[0m  SELECT "places".* FROM "places" WHERE "places"."id" = $1 LIMIT 1  [["id", 1124]]
  [1m[36mCACHE (0.0ms)[0m  [1mSELECT "places".* FROM "places" WHERE "places"."id" = $1 LIMIT 1[0m  [["id", 975]]
  [1m[35mCACHE (0.0ms)[0m  SELECT "places".* FROM "places" WHERE "places"."id" = 1128 LIMIT 1
  [1m[36mCACHE (0.0ms)[0m  [1mselect * from routes where startplace_id = 1128[0m
  [1m[35mCACHE (0.0ms)[0m  select * from routes where endplace_id = 1128
  [1m[36mCACHE (0.0ms)[0m  [1mSELECT "places".* FROM "places" WHERE "places"."id" = $1 LIMIT 1[0m  [["id", 1128]]
  [1m[35mCACHE (0.0ms)[0m  SELECT "places".* FROM "places" WHERE "places"."id" = $1 LIMIT 1  [["id", 419]]
  [1m[36mCACHE (0.0ms)[0m  [1mSELECT "places".* FROM "places" WHERE "places"."id" = 624 LIMIT 1[0m
  [1m[35mCACHE (0.0ms)[0m  select * from routes where startplace_id = 624
  [1m[36mCACHE (0.0ms)[0m  [1mselect * from routes where endplace_id = 624[0m
  [1m[35mCACHE (0.0ms)[0m  SELECT "places".* FROM "places" WHERE "places"."id" = $1 LIMIT 1  [["id", 624]]
  [1m[36mCACHE (0.0ms)[0m  [1mSELECT "places".* FROM "places" WHERE "places"."id" = $1 LIMIT 1[0m  [["id", 1112]]
  [1m[35mCACHE (0.0ms)[0m  SELECT "places".* FROM "places" WHERE "places"."id" = $1 LIMIT 1  [["id", 1113]]
  [1m[36mCACHE (0.0ms)[0m  [1mSELECT "places".* FROM "places" WHERE "places"."id" = 1129 LIMIT 1[0m
  [1m[35mCACHE (0.0ms)[0m  select * from routes where startplace_id = 1129
  [1m[36mCACHE (0.0ms)[0m  [1mselect * from routes where endplace_id = 1129[0m
  [1m[35mCACHE (0.0ms)[0m  SELECT "places".* FROM "places" WHERE "places"."id" = $1 LIMIT 1  [["id", 1129]]
  [1m[36mCACHE (0.0ms)[0m  [1mSELECT "places".* FROM "places" WHERE "places"."id" = $1 LIMIT 1[0m  [["id", 207]]
  [1m[35mCACHE (0.0ms)[0m  SELECT "places".* FROM "places" WHERE "places"."id" = $1 LIMIT 1  [["id", 1124]]
  [1m[36mCACHE (0.0ms)[0m  [1mSELECT "places".* FROM "places" WHERE "places"."id" = $1 LIMIT 1[0m  [["id", 975]]
  [1m[35mCACHE (0.0ms)[0m  SELECT "places".* FROM "places" WHERE "places"."id" = 1133 LIMIT 1
  [1m[36mCACHE (0.0ms)[0m  [1mselect * from routes where startplace_id = 1133[0m
  [1m[35mCACHE (0.0ms)[0m  select * from routes where endplace_id = 1133
  [1m[36mCACHE (0.0ms)[0m  [1mSELECT "places".* FROM "places" WHERE "places"."id" = $1 LIMIT 1[0m  [["id", 1133]]
  [1m[35mCACHE (0.0ms)[0m  SELECT "places".* FROM "places" WHERE "places"."id" = $1 LIMIT 1  [["id", 1131]]
  [1m[36mCACHE (0.0ms)[0m  [1mSELECT "places".* FROM "places" WHERE "places"."id" = $1 LIMIT 1[0m  [["id", 207]]
  [1m[35mCACHE (0.0ms)[0m  SELECT "places".* FROM "places" WHERE "places"."id" = 1134 LIMIT 1
  [1m[36mCACHE (0.0ms)[0m  [1mselect * from routes where startplace_id = 1134[0m
  [1m[35mCACHE (0.0ms)[0m  select * from routes where endplace_id = 1134
  [1m[36mCACHE (0.0ms)[0m  [1mSELECT "places".* FROM "places" WHERE "places"."id" = $1 LIMIT 1[0m  [["id", 1134]]
  [1m[35mCACHE (0.0ms)[0m  SELECT "places".* FROM "places" WHERE "places"."id" = $1 LIMIT 1  [["id", 1118]]
  [1m[36mCACHE (0.0ms)[0m  [1mSELECT "places".* FROM "places" WHERE "places"."id" = $1 LIMIT 1[0m  [["id", 1135]]
  [1m[35mCACHE (0.0ms)[0m  SELECT "places".* FROM "places" WHERE "places"."id" = 1117 LIMIT 1
  [1m[36mCACHE (0.0ms)[0m  [1mselect * from routes where startplace_id = 1117[0m
  [1m[35mCACHE (0.0ms)[0m  select * from routes where endplace_id = 1117
  [1m[36mCACHE (0.0ms)[0m  [1mSELECT "places".* FROM "places" WHERE "places"."id" = $1 LIMIT 1[0m  [["id", 1117]]
  [1m[35mCACHE (0.0ms)[0m  SELECT "places".* FROM "places" WHERE "places"."id" = $1 LIMIT 1  [["id", 58]]
  [1m[36mCACHE (0.0ms)[0m  [1mSELECT "places".* FROM "places" WHERE "places"."id" = $1 LIMIT 1[0m  [["id", 1118]]
  [1m[35mCACHE (0.0ms)[0m  SELECT "places".* FROM "places" WHERE "places"."id" = $1 LIMIT 1  [["id", 258]]
  [1m[36mCACHE (0.0ms)[0m  [1mSELECT "places".* FROM "places" WHERE "places"."id" = 1122 LIMIT 1[0m
  [1m[35mCACHE (0.0ms)[0m  select * from routes where startplace_id = 1122
  [1m[36mCACHE (0.0ms)[0m  [1mselect * from routes where endplace_id = 1122[0m
  [1m[35mCACHE (0.0ms)[0m  SELECT "places".* FROM "places" WHERE "places"."id" = $1 LIMIT 1  [["id", 1122]]
  [1m[36mCACHE (0.0ms)[0m  [1mSELECT "places".* FROM "places" WHERE "places"."id" = $1 LIMIT 1[0m  [["id", 975]]
  [1m[35mCACHE (0.0ms)[0m  SELECT "places".* FROM "places" WHERE "places"."id" = $1 LIMIT 1  [["id", 1121]]
  [1m[36mCACHE (0.0ms)[0m  [1mSELECT "places".* FROM "places" WHERE "places"."id" = 1120 LIMIT 1[0m
  [1m[35mCACHE (0.0ms)[0m  select * from routes where startplace_id = 1120
  [1m[36mCACHE (0.0ms)[0m  [1mselect * from routes where endplace_id = 1120[0m
  [1m[35mCACHE (0.0ms)[0m  SELECT "places".* FROM "places" WHERE "places"."id" = $1 LIMIT 1  [["id", 1120]]
  [1m[36mCACHE (0.0ms)[0m  [1mSELECT "places".* FROM "places" WHERE "places"."id" = $1 LIMIT 1[0m  [["id", 1118]]
  [1m[35mCACHE (0.0ms)[0m  SELECT "places".* FROM "places" WHERE "places"."id" = $1 LIMIT 1  [["id", 1119]]
  [1m[36mCACHE (0.0ms)[0m  [1mSELECT "places".* FROM "places" WHERE "places"."id" = 650 LIMIT 1[0m
  [1m[35mCACHE (0.0ms)[0m  select * from routes where startplace_id = 650
  [1m[36mCACHE (0.0ms)[0m  [1mselect * from routes where endplace_id = 650[0m
  [1m[35mCACHE (0.0ms)[0m  SELECT "places".* FROM "places" WHERE "places"."id" = $1 LIMIT 1  [["id", 650]]
  [1m[36mCACHE (0.0ms)[0m  [1mSELECT "places".* FROM "places" WHERE "places"."id" = $1 LIMIT 1[0m  [["id", 45]]
  [1m[35mCACHE (0.0ms)[0m  SELECT "places".* FROM "places" WHERE "places"."id" = $1 LIMIT 1  [["id", 207]]
  [1m[36mCACHE (0.0ms)[0m  [1mSELECT "places".* FROM "places" WHERE "places"."id" = 1120 LIMIT 1[0m
  [1m[35mCACHE (0.0ms)[0m  select * from routes where startplace_id = 1120
  [1m[36mCACHE (0.0ms)[0m  [1mselect * from routes where endplace_id = 1120[0m
  [1m[35mCACHE (0.0ms)[0m  SELECT "places".* FROM "places" WHERE "places"."id" = $1 LIMIT 1  [["id", 1120]]
  [1m[36mCACHE (0.0ms)[0m  [1mSELECT "places".* FROM "places" WHERE "places"."id" = $1 LIMIT 1[0m  [["id", 1118]]
  [1m[35mCACHE (0.0ms)[0m  SELECT "places".* FROM "places" WHERE "places"."id" = $1 LIMIT 1  [["id", 1119]]
  [1m[36mCACHE (0.0ms)[0m  [1mSELECT "places".* FROM "places" WHERE "places"."id" = 1122 LIMIT 1[0m
  [1m[35mCACHE (0.0ms)[0m  select * from routes where startplace_id = 1122
  [1m[36mCACHE (0.0ms)[0m  [1mselect * from routes where endplace_id = 1122[0m
  [1m[35mCACHE (0.0ms)[0m  SELECT "places".* FROM "places" WHERE "places"."id" = $1 LIMIT 1  [["id", 1122]]
  [1m[36mCACHE (0.0ms)[0m  [1mSELECT "places".* FROM "places" WHERE "places"."id" = $1 LIMIT 1[0m  [["id", 975]]
  [1m[35mCACHE (0.0ms)[0m  SELECT "places".* FROM "places" WHERE "places"."id" = $1 LIMIT 1  [["id", 1121]]
  [1m[36mCACHE (0.0ms)[0m  [1mSELECT "places".* FROM "places" WHERE "places"."id" = 1120 LIMIT 1[0m
  [1m[35mCACHE (0.0ms)[0m  select * from routes where startplace_id = 1120
  [1m[36mCACHE (0.0ms)[0m  [1mselect * from routes where endplace_id = 1120[0m
  [1m[35mCACHE (0.0ms)[0m  SELECT "places".* FROM "places" WHERE "places"."id" = $1 LIMIT 1  [["id", 1120]]
  [1m[36mCACHE (0.0ms)[0m  [1mSELECT "places".* FROM "places" WHERE "places"."id" = $1 LIMIT 1[0m  [["id", 1118]]
  [1m[35mCACHE (0.0ms)[0m  SELECT "places".* FROM "places" WHERE "places"."id" = $1 LIMIT 1  [["id", 1119]]
  [1m[36mCACHE (0.0ms)[0m  [1mSELECT "places".* FROM "places" WHERE "places"."id" = 528 LIMIT 1[0m
  [1m[35mCACHE (0.0ms)[0m  select * from routes where startplace_id = 528
  [1m[36mCACHE (0.0ms)[0m  [1mselect * from routes where endplace_id = 528[0m
  [1m[35mCACHE (0.0ms)[0m  SELECT "places".* FROM "places" WHERE "places"."id" = $1 LIMIT 1  [["id", 528]]
  [1m[36mCACHE (0.0ms)[0m  [1mSELECT "places".* FROM "places" WHERE "places"."id" = $1 LIMIT 1[0m  [["id", 1116]]
  [1m[35mCACHE (0.0ms)[0m  SELECT "places".* FROM "places" WHERE "places"."id" = 827 LIMIT 1
  [1m[36mCACHE (0.0ms)[0m  [1mselect * from routes where startplace_id = 827[0m
  [1m[35mCACHE (0.0ms)[0m  select * from routes where endplace_id = 827
  [1m[36mCACHE (0.0ms)[0m  [1mSELECT "places".* FROM "places" WHERE "places"."id" = $1 LIMIT 1[0m  [["id", 827]]
  [1m[35mCACHE (0.0ms)[0m  SELECT "places".* FROM "places" WHERE "places"."id" = $1 LIMIT 1  [["id", 397]]
  [1m[36mCACHE (0.0ms)[0m  [1mSELECT "places".* FROM "places" WHERE "places"."id" = $1 LIMIT 1[0m  [["id", 1116]]
  [1m[35mCACHE (0.0ms)[0m  SELECT "places".* FROM "places" WHERE "places"."id" = 1135 LIMIT 1
  [1m[36mCACHE (0.0ms)[0m  [1mselect * from routes where startplace_id = 1135[0m
  [1m[35mCACHE (0.0ms)[0m  select * from routes where endplace_id = 1135
  [1m[36mCACHE (0.0ms)[0m  [1mSELECT "places".* FROM "places" WHERE "places"."id" = $1 LIMIT 1[0m  [["id", 1135]]
  [1m[35mCACHE (0.0ms)[0m  SELECT "places".* FROM "places" WHERE "places"."id" = $1 LIMIT 1  [["id", 1134]]
  [1m[36mCACHE (0.0ms)[0m  [1mSELECT "places".* FROM "places" WHERE "places"."id" = $1 LIMIT 1[0m  [["id", 271]]
  [1m[35mCACHE (0.0ms)[0m  SELECT "places".* FROM "places" WHERE "places"."id" = 258 LIMIT 1
  [1m[36mCACHE (0.0ms)[0m  [1mselect * from routes where startplace_id = 258[0m
  [1m[35mCACHE (0.0ms)[0m  select * from routes where endplace_id = 258
  [1m[36mCACHE (0.0ms)[0m  [1mSELECT "places".* FROM "places" WHERE "places"."id" = $1 LIMIT 1[0m  [["id", 258]]
  [1m[35mCACHE (0.0ms)[0m  SELECT "places".* FROM "places" WHERE "places"."id" = $1 LIMIT 1  [["id", 1117]]
  [1m[36mCACHE (0.0ms)[0m  [1mSELECT "places".* FROM "places" WHERE "places"."id" = 58 LIMIT 1[0m
  [1m[35mCACHE (0.0ms)[0m  select * from routes where startplace_id = 58
  [1m[36mCACHE (0.0ms)[0m  [1mselect * from routes where endplace_id = 58[0m
  [1m[35mCACHE (0.0ms)[0m  SELECT "places".* FROM "places" WHERE "places"."id" = $1 LIMIT 1  [["id", 58]]
  [1m[36mCACHE (0.0ms)[0m  [1mSELECT "places".* FROM "places" WHERE "places"."id" = $1 LIMIT 1[0m  [["id", 1116]]
  [1m[35mCACHE (0.0ms)[0m  SELECT "places".* FROM "places" WHERE "places"."id" = $1 LIMIT 1  [["id", 1117]]
  [1m[36mCACHE (0.0ms)[0m  [1mSELECT "places".* FROM "places" WHERE "places"."id" = 528 LIMIT 1[0m
  [1m[35mCACHE (0.0ms)[0m  select * from routes where startplace_id = 528
  [1m[36mCACHE (0.0ms)[0m  [1mselect * from routes where endplace_id = 528[0m
  [1m[35mCACHE (0.0ms)[0m  SELECT "places".* FROM "places" WHERE "places"."id" = $1 LIMIT 1  [["id", 528]]
  [1m[36mCACHE (0.0ms)[0m  [1mSELECT "places".* FROM "places" WHERE "places"."id" = $1 LIMIT 1[0m  [["id", 1116]]
  [1m[35mCACHE (0.0ms)[0m  SELECT "places".* FROM "places" WHERE "places"."id" = 827 LIMIT 1
  [1m[36mCACHE (0.0ms)[0m  [1mselect * from routes where startplace_id = 827[0m
  [1m[35mCACHE (0.0ms)[0m  select * from routes where endplace_id = 827
  [1m[36mCACHE (0.0ms)[0m  [1mSELECT "places".* FROM "places" WHERE "places"."id" = $1 LIMIT 1[0m  [["id", 827]]
  [1m[35mCACHE (0.0ms)[0m  SELECT "places".* FROM "places" WHERE "places"."id" = $1 LIMIT 1  [["id", 397]]
  [1m[36mCACHE (0.0ms)[0m  [1mSELECT "places".* FROM "places" WHERE "places"."id" = $1 LIMIT 1[0m  [["id", 1116]]
  [1m[35mCACHE (0.0ms)[0m  SELECT "places".* FROM "places" WHERE "places"."id" = 1126 LIMIT 1
  [1m[36mCACHE (0.0ms)[0m  [1mselect * from routes where startplace_id = 1126[0m
  [1m[35mCACHE (0.0ms)[0m  select * from routes where endplace_id = 1126
  [1m[36mCACHE (0.0ms)[0m  [1mSELECT "places".* FROM "places" WHERE "places"."id" = $1 LIMIT 1[0m  [["id", 1126]]
  [1m[35mCACHE (0.0ms)[0m  SELECT "places".* FROM "places" WHERE "places"."id" = $1 LIMIT 1  [["id", 1130]]
  [1m[36mCACHE (0.0ms)[0m  [1mSELECT "places".* FROM "places" WHERE "places"."id" = $1 LIMIT 1[0m  [["id", 1126]]
  [1m[35mCACHE (0.0ms)[0m  SELECT "places".* FROM "places" WHERE "places"."id" = $1 LIMIT 1  [["id", 769]]
  [1m[36mCACHE (0.0ms)[0m  [1mSELECT "places".* FROM "places" WHERE "places"."id" = $1 LIMIT 1[0m  [["id", 1127]]
  [1m[35mCACHE (0.0ms)[0m  SELECT "places".* FROM "places" WHERE "places"."id" = 528 LIMIT 1
  [1m[36mCACHE (0.0ms)[0m  [1mselect * from routes where startplace_id = 528[0m
  [1m[35mCACHE (0.0ms)[0m  select * from routes where endplace_id = 528
  [1m[36mCACHE (0.0ms)[0m  [1mSELECT "places".* FROM "places" WHERE "places"."id" = $1 LIMIT 1[0m  [["id", 528]]
  [1m[35mCACHE (0.0ms)[0m  SELECT "places".* FROM "places" WHERE "places"."id" = $1 LIMIT 1  [["id", 1116]]
  [1m[36mCACHE (0.0ms)[0m  [1mSELECT "places".* FROM "places" WHERE "places"."id" = 827 LIMIT 1[0m
  [1m[35mCACHE (0.0ms)[0m  select * from routes where startplace_id = 827
  [1m[36mCACHE (0.0ms)[0m  [1mselect * from routes where endplace_id = 827[0m
  [1m[35mCACHE (0.0ms)[0m  SELECT "places".* FROM "places" WHERE "places"."id" = $1 LIMIT 1  [["id", 827]]
  [1m[36mCACHE (0.0ms)[0m  [1mSELECT "places".* FROM "places" WHERE "places"."id" = $1 LIMIT 1[0m  [["id", 397]]
  [1m[35mCACHE (0.0ms)[0m  SELECT "places".* FROM "places" WHERE "places"."id" = $1 LIMIT 1  [["id", 1116]]
  [1m[36mCACHE (0.0ms)[0m  [1mSELECT "places".* FROM "places" WHERE "places"."id" = 1128 LIMIT 1[0m
  [1m[35mCACHE (0.0ms)[0m  select * from routes where startplace_id = 1128
  [1m[36mCACHE (0.0ms)[0m  [1mselect * from routes where endplace_id = 1128[0m
  [1m[35mCACHE (0.0ms)[0m  SELECT "places".* FROM "places" WHERE "places"."id" = $1 LIMIT 1  [["id", 1128]]
  [1m[36mCACHE (0.0ms)[0m  [1mSELECT "places".* FROM "places" WHERE "places"."id" = $1 LIMIT 1[0m  [["id", 419]]
  [1m[35mCACHE (0.0ms)[0m  SELECT "places".* FROM "places" WHERE "places"."id" = 975 LIMIT 1
  [1m[36mCACHE (0.0ms)[0m  [1mselect * from routes where startplace_id = 975[0m
  [1m[35mCACHE (0.0ms)[0m  select * from routes where endplace_id = 975
  [1m[36mCACHE (0.0ms)[0m  [1mSELECT "places".* FROM "places" WHERE "places"."id" = $1 LIMIT 1[0m  [["id", 975]]
  [1m[35mCACHE (0.0ms)[0m  SELECT "places".* FROM "places" WHERE "places"."id" = $1 LIMIT 1  [["id", 1129]]
  [1m[36mCACHE (0.0ms)[0m  [1mSELECT "places".* FROM "places" WHERE "places"."id" = $1 LIMIT 1[0m  [["id", 975]]
  [1m[35mCACHE (0.0ms)[0m  SELECT "places".* FROM "places" WHERE "places"."id" = $1 LIMIT 1  [["id", 1123]]
  [1m[36mCACHE (0.0ms)[0m  [1mSELECT "places".* FROM "places" WHERE "places"."id" = $1 LIMIT 1[0m  [["id", 1122]]
  [1m[35mCACHE (0.0ms)[0m  SELECT "places".* FROM "places" WHERE "places"."id" = 1128 LIMIT 1
  [1m[36mCACHE (0.0ms)[0m  [1mselect * from routes where startplace_id = 1128[0m
  [1m[35mCACHE (0.0ms)[0m  select * from routes where endplace_id = 1128
  [1m[36mCACHE (0.0ms)[0m  [1mSELECT "places".* FROM "places" WHERE "places"."id" = $1 LIMIT 1[0m  [["id", 1128]]
  [1m[35mCACHE (0.0ms)[0m  SELECT "places".* FROM "places" WHERE "places"."id" = $1 LIMIT 1  [["id", 419]]
  [1m[36mCACHE (0.0ms)[0m  [1mSELECT "places".* FROM "places" WHERE "places"."id" = 1124 LIMIT 1[0m
  [1m[35mCACHE (0.0ms)[0m  select * from routes where startplace_id = 1124
  [1m[36mCACHE (0.0ms)[0m  [1mselect * from routes where endplace_id = 1124[0m
  [1m[35mCACHE (0.0ms)[0m  SELECT "places".* FROM "places" WHERE "places"."id" = $1 LIMIT 1  [["id", 1124]]
  [1m[36mCACHE (0.0ms)[0m  [1mSELECT "places".* FROM "places" WHERE "places"."id" = $1 LIMIT 1[0m  [["id", 1129]]
  [1m[35mCACHE (0.0ms)[0m  SELECT "places".* FROM "places" WHERE "places"."id" = $1 LIMIT 1  [["id", 1124]]
  [1m[36mCACHE (0.0ms)[0m  [1mSELECT "places".* FROM "places" WHERE "places"."id" = $1 LIMIT 1[0m  [["id", 974]]
  [1m[35mCACHE (0.0ms)[0m  SELECT "places".* FROM "places" WHERE "places"."id" = $1 LIMIT 1  [["id", 1123]]
  [1m[36mCACHE (0.0ms)[0m  [1mSELECT "places".* FROM "places" WHERE "places"."id" = 419 LIMIT 1[0m
  [1m[35mCACHE (0.0ms)[0m  select * from routes where startplace_id = 419
  [1m[36mCACHE (0.0ms)[0m  [1mselect * from routes where endplace_id = 419[0m
  [1m[35mCACHE (0.0ms)[0m  SELECT "places".* FROM "places" WHERE "places"."id" = $1 LIMIT 1  [["id", 419]]
  [1m[36mCACHE (0.0ms)[0m  [1mSELECT "places".* FROM "places" WHERE "places"."id" = $1 LIMIT 1[0m  [["id", 1127]]
  [1m[35mCACHE (0.0ms)[0m  SELECT "places".* FROM "places" WHERE "places"."id" = $1 LIMIT 1  [["id", 1128]]
  [1m[36mCACHE (0.0ms)[0m  [1mSELECT "places".* FROM "places" WHERE "places"."id" = 1125 LIMIT 1[0m
  [1m[35mCACHE (0.0ms)[0m  select * from routes where startplace_id = 1125
  [1m[36mCACHE (0.0ms)[0m  [1mselect * from routes where endplace_id = 1125[0m
  [1m[35mCACHE (0.0ms)[0m  SELECT "places".* FROM "places" WHERE "places"."id" = $1 LIMIT 1  [["id", 1125]]
  [1m[36mCACHE (0.0ms)[0m  [1mSELECT "places".* FROM "places" WHERE "places"."id" = $1 LIMIT 1[0m  [["id", 1123]]
  [1m[35mCACHE (0.0ms)[0m  SELECT "places".* FROM "places" WHERE "places"."id" = $1 LIMIT 1  [["id", 769]]
  [1m[36mCACHE (0.0ms)[0m  [1mSELECT "places".* FROM "places" WHERE "places"."id" = 1128 LIMIT 1[0m
  [1m[35mCACHE (0.0ms)[0m  select * from routes where startplace_id = 1128
  [1m[36mCACHE (0.0ms)[0m  [1mselect * from routes where endplace_id = 1128[0m
  [1m[35mCACHE (0.0ms)[0m  SELECT "places".* FROM "places" WHERE "places"."id" = $1 LIMIT 1  [["id", 1128]]
  [1m[36mCACHE (0.0ms)[0m  [1mSELECT "places".* FROM "places" WHERE "places"."id" = $1 LIMIT 1[0m  [["id", 419]]
  [1m[35mCACHE (0.0ms)[0m  SELECT "places".* FROM "places" WHERE "places"."id" = 207 LIMIT 1
  [1m[36mCACHE (0.0ms)[0m  [1mselect * from routes where startplace_id = 207[0m
  [1m[35mCACHE (0.0ms)[0m  select * from routes where endplace_id = 207
  [1m[36mCACHE (0.0ms)[0m  [1mSELECT "places".* FROM "places" WHERE "places"."id" = $1 LIMIT 1[0m  [["id", 207]]
  [1m[35mCACHE (0.0ms)[0m  SELECT "places".* FROM "places" WHERE "places"."id" = $1 LIMIT 1  [["id", 650]]
  [1m[36mCACHE (0.0ms)[0m  [1mSELECT "places".* FROM "places" WHERE "places"."id" = $1 LIMIT 1[0m  [["id", 207]]
  [1m[35mCACHE (0.0ms)[0m  SELECT "places".* FROM "places" WHERE "places"."id" = $1 LIMIT 1  [["id", 1133]]
  [1m[36mCACHE (0.0ms)[0m  [1mSELECT "places".* FROM "places" WHERE "places"."id" = $1 LIMIT 1[0m  [["id", 1129]]
  [1m[35mPlace Load (0.6ms)[0m  SELECT "places".* FROM "places" WHERE "places"."id" = 1112 LIMIT 1
  [1m[36mRoute Load (0.4ms)[0m  [1mselect * from routes where startplace_id = 1112[0m
  [1m[35mRoute Load (0.3ms)[0m  select * from routes where endplace_id = 1112
  [1m[36mCACHE (0.0ms)[0m  [1mSELECT "places".* FROM "places" WHERE "places"."id" = $1 LIMIT 1[0m  [["id", 1112]]
  [1m[35mPlace Load (0.3ms)[0m  SELECT "places".* FROM "places" WHERE "places"."id" = $1 LIMIT 1  [["id", 1111]]
  [1m[36mCACHE (0.0ms)[0m  [1mSELECT "places".* FROM "places" WHERE "places"."id" = $1 LIMIT 1[0m  [["id", 624]]
BNewroutes
471
{:place=>471, :route=>[], :url=>"xrv272"}
{:place=>974, :route=>[272], :url=>"xrv272xrv272"}
{:place=>976, :route=>[219, -22], :url=>"xrv272xrv-22xrv219"}
{:place=>45, :route=>[231, 219, -22], :url=>"xrv272xrv-22xrv219xrv231"}
{:place=>769, :route=>[-227, 240, 239, 272], :url=>"xrv272xrv272xrv239xrv240xrv-227"}
{:place=>1125, :route=>[225, 223, 224, 272], :url=>"xrv272xrv272xrv224xrv223xrv225"}
{:place=>207, :route=>[-235, -237, 224, 272], :url=>"xrv272xrv272xrv224xrv-237xrv-235"}
{:place=>650, :route=>[233, 231, 219, -22], :url=>"xrv272xrv-22xrv219xrv231xrv233"}
{:place=>419, :route=>[229, 228, 240, 239, 272], :url=>"xrv272xrv272xrv239xrv240xrv228xrv229"}
{:place=>1125, :route=>[-226, -227, 240, 239, 272], :url=>"xrv272xrv272xrv239xrv240xrv-227xrv-226"}
{:place=>769, :route=>[226, 225, 223, 224, 272], :url=>"xrv272xrv272xrv224xrv223xrv225xrv226"}
{:place=>650, :route=>[-234, -235, -237, 224, 272], :url=>"xrv272xrv272xrv224xrv-237xrv-235xrv-234"}
{:place=>207, :route=>[234, 233, 231, 219, -22], :url=>"xrv272xrv-22xrv219xrv231xrv233xrv234"}
{:place=>258, :route=>[215, -216, -217, -218, -22], :url=>"xrv272xrv-22xrv-218xrv-217xrv-216xrv215"}
{:place=>58, :route=>[-214, -216, -217, -218, -22], :url=>"xrv272xrv-22xrv-218xrv-217xrv-216xrv-214"}
{:place=>1128, :route=>[230, 229, 228, 240, 239, 272], :url=>"xrv272xrv272xrv239xrv240xrv228xrv229xrv230"}
{:place=>207, :route=>[-235, -238, 222, 223, 224, 272], :url=>"xrv272xrv272xrv224xrv223xrv222xrv-238xrv-235"}
{:place=>1125, :route=>[225, -222, 238, -237, 224, 272], :url=>"xrv272xrv272xrv224xrv-237xrv238xrv-222xrv225"}
{:place=>45, :route=>[-233, -234, -235, -237, 224, 272], :url=>"xrv272xrv272xrv224xrv-237xrv-235xrv-234xrv-233"}
{:place=>271, :route=>[246, 245, 244, -217, -218, -22], :url=>"xrv272xrv-22xrv-218xrv-217xrv244xrv245xrv246"}
{:place=>976, :route=>[220, 21, 221, 222, 223, 224, 272], :url=>"xrv272xrv272xrv224xrv223xrv222xrv221xrv21xrv220"}
{:place=>650, :route=>[-234, -235, -238, 222, 223, 224, 272], :url=>"xrv272xrv272xrv224xrv223xrv222xrv-238xrv-235xrv-234"}
{:place=>976, :route=>[220, 21, 221, 238, -237, 224, 272], :url=>"xrv272xrv272xrv224xrv-237xrv238xrv221xrv21xrv220"}
{:place=>769, :route=>[226, 225, -222, 238, -237, 224, 272], :url=>"xrv272xrv272xrv224xrv-237xrv238xrv-222xrv225xrv226"}
{:place=>976, :route=>[-231, -233, -234, -235, -237, 224, 272], :url=>"xrv272xrv272xrv224xrv-237xrv-235xrv-234xrv-233xrv-231"}
{:place=>1132, :route=>[-241, -242, -243, -235, -237, 224, 272], :url=>"xrv272xrv272xrv224xrv-237xrv-235xrv-243xrv-242xrv-241"}
{:place=>207, :route=>[-235, -238, -221, -21, -220, 219, -22], :url=>"xrv272xrv-22xrv219xrv-220xrv-21xrv-221xrv-238xrv-235"}
{:place=>1125, :route=>[225, -222, -221, -21, -220, 219, -22], :url=>"xrv272xrv-22xrv219xrv-220xrv-21xrv-221xrv-222xrv225"}
{:place=>528, :route=>[212, -213, -214, -216, -217, -218, -22], :url=>"xrv272xrv-22xrv-218xrv-217xrv-216xrv-214xrv-213xrv212"}
{:place=>827, :route=>[-211, -213, -214, -216, -217, -218, -22], :url=>"xrv272xrv-22xrv-218xrv-217xrv-216xrv-214xrv-213xrv-211"}
{:place=>45, :route=>[231, 220, 21, 221, 222, 223, 224, 272], :url=>"xrv272xrv272xrv224xrv223xrv222xrv221xrv21xrv220xrv231"}
{:place=>45, :route=>[-233, -234, -235, -238, 222, 223, 224, 272], :url=>"xrv272xrv272xrv224xrv223xrv222xrv-238xrv-235xrv-234xrv-233"}
{:place=>419, :route=>[229, 228, 227, 226, 225, 223, 224, 272], :url=>"xrv272xrv272xrv224xrv223xrv225xrv226xrv227xrv228xrv229"}
{:place=>1130, :route=>[-240, 227, 226, 225, 223, 224, 272], :url=>"xrv272xrv272xrv224xrv223xrv225xrv226xrv227xrv-240"}
{:place=>45, :route=>[231, 220, 21, 221, 238, -237, 224, 272], :url=>"xrv272xrv272xrv224xrv-237xrv238xrv221xrv21xrv220xrv231"}
{:place=>974, :route=>[-224, 237, 235, 234, 233, 231, 219, -22], :url=>"xrv272xrv-22xrv219xrv231xrv233xrv234xrv235xrv237xrv-224"}
{:place=>1132, :route=>[-241, -242, -243, 234, 233, 231, 219, -22], :url=>"xrv272xrv-22xrv219xrv231xrv233xrv234xrv-243xrv-242xrv-241"}
{:place=>974, :route=>[-224, 237, -238, -221, -21, -220, 219, -22], :url=>"xrv272xrv-22xrv219xrv-220xrv-21xrv-221xrv-238xrv237xrv-224"}
{:place=>650, :route=>[-234, -235, -238, -221, -21, -220, 219, -22], :url=>"xrv272xrv-22xrv219xrv-220xrv-21xrv-221xrv-238xrv-235xrv-234"}
{:place=>769, :route=>[226, 225, -222, -221, -21, -220, 219, -22], :url=>"xrv272xrv-22xrv219xrv-220xrv-21xrv-221xrv-222xrv225xrv226"}
{:place=>974, :route=>[-224, -223, -222, -221, -21, -220, 219, -22], :url=>"xrv272xrv-22xrv219xrv-220xrv-21xrv-221xrv-222xrv-223xrv-224"}
{:place=>397, :route=>[-210, -211, -213, -214, -216, -217, -218, -22], :url=>"xrv272xrv-22xrv-218xrv-217xrv-216xrv-214xrv-213xrv-211xrv-210"}
{:place=>207, :route=>[-235, -238, 222, -225, -226, -227, 240, 239, 272], :url=>"xrv272xrv272xrv239xrv240xrv-227xrv-226xrv-225xrv222xrv-238xrv-235"}
{:place=>207, :route=>[-235, -237, -223, -225, -226, -227, 240, 239, 272], :url=>"xrv272xrv272xrv239xrv240xrv-227xrv-226xrv-225xrv-223xrv-237xrv-235"}
{:place=>650, :route=>[233, 231, 220, 21, 221, 222, 223, 224, 272], :url=>"xrv272xrv272xrv224xrv223xrv222xrv221xrv21xrv220xrv231xrv233"}
{:place=>976, :route=>[-231, -233, -234, -235, -238, 222, 223, 224, 272], :url=>"xrv272xrv272xrv224xrv223xrv222xrv-238xrv-235xrv-234xrv-233xrv-231"}
{:place=>1132, :route=>[-241, -242, -243, -235, -238, 222, 223, 224, 272], :url=>"xrv272xrv272xrv224xrv223xrv222xrv-238xrv-235xrv-243xrv-242xrv-241"}
{:place=>1128, :route=>[230, 229, 228, 227, 226, 225, 223, 224, 272], :url=>"xrv272xrv272xrv224xrv223xrv225xrv226xrv227xrv228xrv229xrv230"}
{:place=>650, :route=>[233, 231, 220, 21, 221, 238, -237, 224, 272], :url=>"xrv272xrv272xrv224xrv-237xrv238xrv221xrv21xrv220xrv231xrv233"}
{:place=>1125, :route=>[225, 223, 237, 235, 234, 233, 231, 219, -22], :url=>"xrv272xrv-22xrv219xrv231xrv233xrv234xrv235xrv237xrv223xrv225"}
{:place=>1125, :route=>[225, -222, 238, 235, 234, 233, 231, 219, -22], :url=>"xrv272xrv-22xrv219xrv231xrv233xrv234xrv235xrv238xrv-222xrv225"}
{:place=>1125, :route=>[225, 223, 237, -238, -221, -21, -220, 219, -22], :url=>"xrv272xrv-22xrv219xrv-220xrv-21xrv-221xrv-238xrv237xrv223xrv225"}
{:place=>45, :route=>[-233, -234, -235, -238, -221, -21, -220, 219, -22], :url=>"xrv272xrv-22xrv219xrv-220xrv-21xrv-221xrv-238xrv-235xrv-234xrv-233"}
{:place=>207, :route=>[-235, -237, -223, -222, -221, -21, -220, 219, -22], :url=>"xrv272xrv-22xrv219xrv-220xrv-21xrv-221xrv-222xrv-223xrv-237xrv-235"}
{:place=>976, :route=>[220, 21, 221, 222, -225, -226, -227, 240, 239, 272], :url=>"xrv272xrv272xrv239xrv240xrv-227xrv-226xrv-225xrv222xrv221xrv21xrv220"}
{:place=>1124, :route=>[237, -238, 222, -225, -226, -227, 240, 239, 272], :url=>"xrv272xrv272xrv239xrv240xrv-227xrv-226xrv-225xrv222xrv-238xrv237"}
{:place=>650, :route=>[-234, -235, -238, 222, -225, -226, -227, 240, 239, 272], :url=>"xrv272xrv272xrv239xrv240xrv-227xrv-226xrv-225xrv222xrv-238xrv-235xrv-234"}
{:place=>650, :route=>[-234, -235, -237, -223, -225, -226, -227, 240, 239, 272], :url=>"xrv272xrv272xrv239xrv240xrv-227xrv-226xrv-225xrv-223xrv-237xrv-235xrv-234"}
{:place=>207, :route=>[234, 233, 231, 220, 21, 221, 222, 223, 224, 272], :url=>"xrv272xrv272xrv224xrv223xrv222xrv221xrv21xrv220xrv231xrv233xrv234"}
{:place=>207, :route=>[234, 233, 231, 220, 21, 221, 238, -237, 224, 272], :url=>"xrv272xrv272xrv224xrv-237xrv238xrv221xrv21xrv220xrv231xrv233xrv234"}
{:place=>419, :route=>[229, 228, 227, 226, 225, -222, 238, -237, 224, 272], :url=>"xrv272xrv272xrv224xrv-237xrv238xrv-222xrv225xrv226xrv227xrv228xrv229"}
{:place=>1130, :route=>[-240, 227, 226, 225, -222, 238, -237, 224, 272], :url=>"xrv272xrv272xrv224xrv-237xrv238xrv-222xrv225xrv226xrv227xrv-240"}
{:place=>769, :route=>[226, 225, 223, 237, 235, 234, 233, 231, 219, -22], :url=>"xrv272xrv-22xrv219xrv231xrv233xrv234xrv235xrv237xrv223xrv225xrv226"}
{:place=>1121, :route=>[21, 221, 238, 235, 234, 233, 231, 219, -22], :url=>"xrv272xrv-22xrv219xrv231xrv233xrv234xrv235xrv238xrv221xrv21"}
{:place=>769, :route=>[226, 225, -222, 238, 235, 234, 233, 231, 219, -22], :url=>"xrv272xrv-22xrv219xrv231xrv233xrv234xrv235xrv238xrv-222xrv225xrv226"}
{:place=>974, :route=>[-224, -223, -222, 238, 235, 234, 233, 231, 219, -22], :url=>"xrv272xrv-22xrv219xrv231xrv233xrv234xrv235xrv238xrv-222xrv-223xrv-224"}
{:place=>769, :route=>[226, 225, 223, 237, -238, -221, -21, -220, 219, -22], :url=>"xrv272xrv-22xrv219xrv-220xrv-21xrv-221xrv-238xrv237xrv223xrv225xrv226"}
{:place=>1132, :route=>[-241, -242, -243, -235, -238, -221, -21, -220, 219, -22], :url=>"xrv272xrv-22xrv219xrv-220xrv-21xrv-221xrv-238xrv-235xrv-243xrv-242xrv-241"}
{:place=>650, :route=>[-234, -235, -237, -223, -222, -221, -21, -220, 219, -22], :url=>"xrv272xrv-22xrv219xrv-220xrv-21xrv-221xrv-222xrv-223xrv-237xrv-235xrv-234"}
{:place=>343, :route=>[-208, -209, -210, -211, -213, -214, -216, -217, -218, -22], :url=>"xrv272xrv-22xrv-218xrv-217xrv-216xrv-214xrv-213xrv-211xrv-210xrv-209xrv-208"}
{:place=>45, :route=>[231, 220, 21, 221, 222, -225, -226, -227, 240, 239, 272], :url=>"xrv272xrv272xrv239xrv240xrv-227xrv-226xrv-225xrv222xrv221xrv21xrv220xrv231"}
{:place=>45, :route=>[-233, -234, -235, -238, 222, -225, -226, -227, 240, 239, 272], :url=>"xrv272xrv272xrv239xrv240xrv-227xrv-226xrv-225xrv222xrv-238xrv-235xrv-234xrv-233"}
{:place=>45, :route=>[-233, -234, -235, -237, -223, -225, -226, -227, 240, 239, 272], :url=>"xrv272xrv272xrv239xrv240xrv-227xrv-226xrv-225xrv-223xrv-237xrv-235xrv-234xrv-233"}
{:place=>1128, :route=>[230, 229, 228, 227, 226, 225, -222, 238, -237, 224, 272], :url=>"xrv272xrv272xrv224xrv-237xrv238xrv-222xrv225xrv226xrv227xrv228xrv229xrv230"}
{:place=>769, :route=>[-227, 240, 239, -224, 237, 235, 234, 233, 231, 219, -22], :url=>"xrv272xrv-22xrv219xrv231xrv233xrv234xrv235xrv237xrv-224xrv239xrv240xrv-227"}
{:place=>769, :route=>[-227, 240, 239, -224, 237, -238, -221, -21, -220, 219, -22], :url=>"xrv272xrv-22xrv219xrv-220xrv-21xrv-221xrv-238xrv237xrv-224xrv239xrv240xrv-227"}
{:place=>419, :route=>[229, 228, 227, 226, 225, -222, -221, -21, -220, 219, -22], :url=>"xrv272xrv-22xrv219xrv-220xrv-21xrv-221xrv-222xrv225xrv226xrv227xrv228xrv229"}
{:place=>974, :route=>[-239, -240, 227, 226, 225, -222, -221, -21, -220, 219, -22], :url=>"xrv272xrv-22xrv219xrv-220xrv-21xrv-221xrv-222xrv225xrv226xrv227xrv-240xrv-239"}
{:place=>45, :route=>[-233, -234, -235, -237, -223, -222, -221, -21, -220, 219, -22], :url=>"xrv272xrv-22xrv219xrv-220xrv-21xrv-221xrv-222xrv-223xrv-237xrv-235xrv-234xrv-233"}
{:place=>769, :route=>[-227, 240, 239, -224, -223, -222, -221, -21, -220, 219, -22], :url=>"xrv272xrv-22xrv219xrv-220xrv-21xrv-221xrv-222xrv-223xrv-224xrv239xrv240xrv-227"}
{:place=>1114, :route=>[-207, -208, -209, -210, -211, -213, -214, -216, -217, -218, -22], :url=>"xrv272xrv-22xrv-218xrv-217xrv-216xrv-214xrv-213xrv-211xrv-210xrv-209xrv-208xrv-207"}
{:place=>650, :route=>[233, 231, 220, 21, 221, 222, -225, -226, -227, 240, 239, 272], :url=>"xrv272xrv272xrv239xrv240xrv-227xrv-226xrv-225xrv222xrv221xrv21xrv220xrv231xrv233"}
{:place=>976, :route=>[-231, -233, -234, -235, -238, 222, -225, -226, -227, 240, 239, 272], :url=>"xrv272xrv272xrv239xrv240xrv-227xrv-226xrv-225xrv222xrv-238xrv-235xrv-234xrv-233xrv-231"}
{:place=>1132, :route=>[-241, -242, -243, -235, -238, 222, -225, -226, -227, 240, 239, 272], :url=>"xrv272xrv272xrv239xrv240xrv-227xrv-226xrv-225xrv222xrv-238xrv-235xrv-243xrv-242xrv-241"}
{:place=>976, :route=>[220, 21, 221, 238, -237, -223, -225, -226, -227, 240, 239, 272], :url=>"xrv272xrv272xrv239xrv240xrv-227xrv-226xrv-225xrv-223xrv-237xrv238xrv221xrv21xrv220"}
{:place=>976, :route=>[-231, -233, -234, -235, -237, -223, -225, -226, -227, 240, 239, 272], :url=>"xrv272xrv272xrv239xrv240xrv-227xrv-226xrv-225xrv-223xrv-237xrv-235xrv-234xrv-233xrv-231"}
{:place=>1132, :route=>[-241, -242, -243, -235, -237, -223, -225, -226, -227, 240, 239, 272], :url=>"xrv272xrv272xrv239xrv240xrv-227xrv-226xrv-225xrv-223xrv-237xrv-235xrv-243xrv-242xrv-241"}
{:place=>1129, :route=>[235, 234, 233, 231, 220, 21, 221, 222, 223, 224, 272], :url=>"xrv272xrv272xrv224xrv223xrv222xrv221xrv21xrv220xrv231xrv233xrv234xrv235"}
{:place=>258, :route=>[215, -216, -217, -218, -219, 220, 21, 221, 222, 223, 224, 272], :url=>"xrv272xrv272xrv224xrv223xrv222xrv221xrv21xrv220xrv-219xrv-218xrv-217xrv-216xrv215"}
{:place=>58, :route=>[-214, -216, -217, -218, -219, 220, 21, 221, 222, 223, 224, 272], :url=>"xrv272xrv272xrv224xrv223xrv222xrv221xrv21xrv220xrv-219xrv-218xrv-217xrv-216xrv-214"}
{:place=>1122, :route=>[-21, -220, -231, -233, -234, -235, -238, 222, 223, 224, 272], :url=>"xrv272xrv272xrv224xrv223xrv222xrv-238xrv-235xrv-234xrv-233xrv-231xrv-220xrv-21"}
{:place=>258, :route=>[215, -216, -217, -218, -219, 220, 21, 221, 238, -237, 224, 272], :url=>"xrv272xrv272xrv224xrv-237xrv238xrv221xrv21xrv220xrv-219xrv-218xrv-217xrv-216xrv215"}
{:place=>58, :route=>[-214, -216, -217, -218, -219, 220, 21, 221, 238, -237, 224, 272], :url=>"xrv272xrv272xrv224xrv-237xrv238xrv221xrv21xrv220xrv-219xrv-218xrv-217xrv-216xrv-214"}
{:place=>1125, :route=>[225, -222, -221, -21, -220, -231, -233, -234, -235, -237, 224, 272], :url=>"xrv272xrv272xrv224xrv-237xrv-235xrv-234xrv-233xrv-231xrv-220xrv-21xrv-221xrv-222xrv225"}
{:place=>258, :route=>[215, -216, -217, -218, -219, -231, -233, -234, -235, -237, 224, 272], :url=>"xrv272xrv272xrv224xrv-237xrv-235xrv-234xrv-233xrv-231xrv-219xrv-218xrv-217xrv-216xrv215"}
{:place=>58, :route=>[-214, -216, -217, -218, -219, -231, -233, -234, -235, -237, 224, 272], :url=>"xrv272xrv272xrv224xrv-237xrv-235xrv-234xrv-233xrv-231xrv-219xrv-218xrv-217xrv-216xrv-214"}
{:place=>1121, :route=>[21, 221, 222, 223, 237, 235, 234, 233, 231, 219, -22], :url=>"xrv272xrv-22xrv219xrv231xrv233xrv234xrv235xrv237xrv223xrv222xrv221xrv21"}
{:place=>419, :route=>[229, 228, 240, 239, -224, 237, 235, 234, 233, 231, 219, -22], :url=>"xrv272xrv-22xrv219xrv231xrv233xrv234xrv235xrv237xrv-224xrv239xrv240xrv228xrv229"}
{:place=>1125, :route=>[-226, -227, 240, 239, -224, 237, 235, 234, 233, 231, 219, -22], :url=>"xrv272xrv-22xrv219xrv231xrv233xrv234xrv235xrv237xrv-224xrv239xrv240xrv-227xrv-226"}
{:place=>419, :route=>[229, 228, 240, 239, -224, 237, -238, -221, -21, -220, 219, -22], :url=>"xrv272xrv-22xrv219xrv-220xrv-21xrv-221xrv-238xrv237xrv-224xrv239xrv240xrv228xrv229"}
{:place=>1125, :route=>[-226, -227, 240, 239, -224, 237, -238, -221, -21, -220, 219, -22], :url=>"xrv272xrv-22xrv219xrv-220xrv-21xrv-221xrv-238xrv237xrv-224xrv239xrv240xrv-227xrv-226"}
{:place=>1128, :route=>[230, 229, 228, 227, 226, 225, -222, -221, -21, -220, 219, -22], :url=>"xrv272xrv-22xrv219xrv-220xrv-21xrv-221xrv-222xrv225xrv226xrv227xrv228xrv229xrv230"}
{:place=>1132, :route=>[-241, -242, -243, -235, -237, -223, -222, -221, -21, -220, 219, -22], :url=>"xrv272xrv-22xrv219xrv-220xrv-21xrv-221xrv-222xrv-223xrv-237xrv-235xrv-243xrv-242xrv-241"}
{:place=>419, :route=>[229, 228, 240, 239, -224, -223, -222, -221, -21, -220, 219, -22], :url=>"xrv272xrv-22xrv219xrv-220xrv-21xrv-221xrv-222xrv-223xrv-224xrv239xrv240xrv228xrv229"}
{:place=>1125, :route=>[-226, -227, 240, 239, -224, -223, -222, -221, -21, -220, 219, -22], :url=>"xrv272xrv-22xrv219xrv-220xrv-21xrv-221xrv-222xrv-223xrv-224xrv239xrv240xrv-227xrv-226"}
{:place=>207, :route=>[234, 233, 231, 220, 21, 221, 222, -225, -226, -227, 240, 239, 272], :url=>"xrv272xrv272xrv239xrv240xrv-227xrv-226xrv-225xrv222xrv221xrv21xrv220xrv231xrv233xrv234"}
{:place=>45, :route=>[231, 220, 21, 221, 238, -237, -223, -225, -226, -227, 240, 239, 272], :url=>"xrv272xrv272xrv239xrv240xrv-227xrv-226xrv-225xrv-223xrv-237xrv238xrv221xrv21xrv220xrv231"}
{:place=>1132, :route=>[-241, -242, -243, 234, 233, 231, 220, 21, 221, 222, 223, 224, 272], :url=>"xrv272xrv272xrv224xrv223xrv222xrv221xrv21xrv220xrv231xrv233xrv234xrv-243xrv-242xrv-241"}
{:place=>271, :route=>[246, 245, 244, -217, -218, -219, 220, 21, 221, 222, 223, 224, 272], :url=>"xrv272xrv272xrv224xrv223xrv222xrv221xrv21xrv220xrv-219xrv-218xrv-217xrv244xrv245xrv246"}
{:place=>1132, :route=>[-241, -242, -243, 234, 233, 231, 220, 21, 221, 238, -237, 224, 272], :url=>"xrv272xrv272xrv224xrv-237xrv238xrv221xrv21xrv220xrv231xrv233xrv234xrv-243xrv-242xrv-241"}
{:place=>271, :route=>[246, 245, 244, -217, -218, -219, 220, 21, 221, 238, -237, 224, 272], :url=>"xrv272xrv272xrv224xrv-237xrv238xrv221xrv21xrv220xrv-219xrv-218xrv-217xrv244xrv245xrv246"}
{:place=>769, :route=>[226, 225, -222, -221, -21, -220, -231, -233, -234, -235, -237, 224, 272], :url=>"xrv272xrv272xrv224xrv-237xrv-235xrv-234xrv-233xrv-231xrv-220xrv-21xrv-221xrv-222xrv225xrv226"}
{:place=>271, :route=>[246, 245, 244, -217, -218, -219, -231, -233, -234, -235, -237, 224, 272], :url=>"xrv272xrv272xrv224xrv-237xrv-235xrv-234xrv-233xrv-231xrv-219xrv-218xrv-217xrv244xrv245xrv246"}
{:place=>419, :route=>[229, 228, 227, 226, 225, 223, 237, 235, 234, 233, 231, 219, -22], :url=>"xrv272xrv-22xrv219xrv231xrv233xrv234xrv235xrv237xrv223xrv225xrv226xrv227xrv228xrv229"}
{:place=>974, :route=>[-239, -240, 227, 226, 225, 223, 237, 235, 234, 233, 231, 219, -22], :url=>"xrv272xrv-22xrv219xrv231xrv233xrv234xrv235xrv237xrv223xrv225xrv226xrv227xrv-240xrv-239"}
{:place=>1128, :route=>[230, 229, 228, 240, 239, -224, 237, 235, 234, 233, 231, 219, -22], :url=>"xrv272xrv-22xrv219xrv231xrv233xrv234xrv235xrv237xrv-224xrv239xrv240xrv228xrv229xrv230"}
{:place=>419, :route=>[229, 228, 227, 226, 225, -222, 238, 235, 234, 233, 231, 219, -22], :url=>"xrv272xrv-22xrv219xrv231xrv233xrv234xrv235xrv238xrv-222xrv225xrv226xrv227xrv228xrv229"}
{:place=>974, :route=>[-239, -240, 227, 226, 225, -222, 238, 235, 234, 233, 231, 219, -22], :url=>"xrv272xrv-22xrv219xrv231xrv233xrv234xrv235xrv238xrv-222xrv225xrv226xrv227xrv-240xrv-239"}
{:place=>769, :route=>[-227, 240, 239, -224, -223, -222, 238, 235, 234, 233, 231, 219, -22], :url=>"xrv272xrv-22xrv219xrv231xrv233xrv234xrv235xrv238xrv-222xrv-223xrv-224xrv239xrv240xrv-227"}
{:place=>419, :route=>[229, 228, 227, 226, 225, 223, 237, -238, -221, -21, -220, 219, -22], :url=>"xrv272xrv-22xrv219xrv-220xrv-21xrv-221xrv-238xrv237xrv223xrv225xrv226xrv227xrv228xrv229"}
{:place=>974, :route=>[-239, -240, 227, 226, 225, 223, 237, -238, -221, -21, -220, 219, -22], :url=>"xrv272xrv-22xrv219xrv-220xrv-21xrv-221xrv-238xrv237xrv223xrv225xrv226xrv227xrv-240xrv-239"}
{:place=>1128, :route=>[230, 229, 228, 240, 239, -224, 237, -238, -221, -21, -220, 219, -22], :url=>"xrv272xrv-22xrv219xrv-220xrv-21xrv-221xrv-238xrv237xrv-224xrv239xrv240xrv228xrv229xrv230"}
{:place=>1128, :route=>[230, 229, 228, 240, 239, -224, -223, -222, -221, -21, -220, 219, -22], :url=>"xrv272xrv-22xrv219xrv-220xrv-21xrv-221xrv-222xrv-223xrv-224xrv239xrv240xrv228xrv229xrv230"}
{:place=>624, :route=>[-205, -206, -207, -208, -209, -210, -211, -213, -214, -216, -217, -218, -22], :url=>"xrv272xrv-22xrv-218xrv-217xrv-216xrv-214xrv-213xrv-211xrv-210xrv-209xrv-208xrv-207xrv-206xrv-205"}
{:place=>650, :route=>[233, 231, 220, 21, 221, 238, -237, -223, -225, -226, -227, 240, 239, 272], :url=>"xrv272xrv272xrv239xrv240xrv-227xrv-226xrv-225xrv-223xrv-237xrv238xrv221xrv21xrv220xrv231xrv233"}
{:place=>528, :route=>[212, -213, -214, -216, -217, -218, -219, 220, 21, 221, 222, 223, 224, 272], :url=>"xrv272xrv272xrv224xrv223xrv222xrv221xrv21xrv220xrv-219xrv-218xrv-217xrv-216xrv-214xrv-213xrv212"}
{:place=>827, :route=>[-211, -213, -214, -216, -217, -218, -219, 220, 21, 221, 222, 223, 224, 272], :url=>"xrv272xrv272xrv224xrv223xrv222xrv221xrv21xrv220xrv-219xrv-218xrv-217xrv-216xrv-214xrv-213xrv-211"}
{:place=>258, :route=>[215, -216, -217, -218, -219, -231, -233, -234, -235, -238, 222, 223, 224, 272], :url=>"xrv272xrv272xrv224xrv223xrv222xrv-238xrv-235xrv-234xrv-233xrv-231xrv-219xrv-218xrv-217xrv-216xrv215"}
{:place=>58, :route=>[-214, -216, -217, -218, -219, -231, -233, -234, -235, -238, 222, 223, 224, 272], :url=>"xrv272xrv272xrv224xrv223xrv222xrv-238xrv-235xrv-234xrv-233xrv-231xrv-219xrv-218xrv-217xrv-216xrv-214"}
{:place=>528, :route=>[212, -213, -214, -216, -217, -218, -219, 220, 21, 221, 238, -237, 224, 272], :url=>"xrv272xrv272xrv224xrv-237xrv238xrv221xrv21xrv220xrv-219xrv-218xrv-217xrv-216xrv-214xrv-213xrv212"}
{:place=>827, :route=>[-211, -213, -214, -216, -217, -218, -219, 220, 21, 221, 238, -237, 224, 272], :url=>"xrv272xrv272xrv224xrv-237xrv238xrv221xrv21xrv220xrv-219xrv-218xrv-217xrv-216xrv-214xrv-213xrv-211"}
{:place=>528, :route=>[212, -213, -214, -216, -217, -218, -219, -231, -233, -234, -235, -237, 224, 272], :url=>"xrv272xrv272xrv224xrv-237xrv-235xrv-234xrv-233xrv-231xrv-219xrv-218xrv-217xrv-216xrv-214xrv-213xrv212"}
{:place=>827, :route=>[-211, -213, -214, -216, -217, -218, -219, -231, -233, -234, -235, -237, 224, 272], :url=>"xrv272xrv272xrv224xrv-237xrv-235xrv-234xrv-233xrv-231xrv-219xrv-218xrv-217xrv-216xrv-214xrv-213xrv-211"}
{:place=>1128, :route=>[230, 229, 228, 227, 226, 225, 223, 237, 235, 234, 233, 231, 219, -22], :url=>"xrv272xrv-22xrv219xrv231xrv233xrv234xrv235xrv237xrv223xrv225xrv226xrv227xrv228xrv229xrv230"}
{:place=>1128, :route=>[230, 229, 228, 227, 226, 225, -222, 238, 235, 234, 233, 231, 219, -22], :url=>"xrv272xrv-22xrv219xrv231xrv233xrv234xrv235xrv238xrv-222xrv225xrv226xrv227xrv228xrv229xrv230"}
{:place=>419, :route=>[229, 228, 240, 239, -224, -223, -222, 238, 235, 234, 233, 231, 219, -22], :url=>"xrv272xrv-22xrv219xrv231xrv233xrv234xrv235xrv238xrv-222xrv-223xrv-224xrv239xrv240xrv228xrv229"}
{:place=>1125, :route=>[-226, -227, 240, 239, -224, -223, -222, 238, 235, 234, 233, 231, 219, -22], :url=>"xrv272xrv-22xrv219xrv231xrv233xrv234xrv235xrv238xrv-222xrv-223xrv-224xrv239xrv240xrv-227xrv-226"}
{:place=>1128, :route=>[230, 229, 228, 227, 226, 225, 223, 237, -238, -221, -21, -220, 219, -22], :url=>"xrv272xrv-22xrv219xrv-220xrv-21xrv-221xrv-238xrv237xrv223xrv225xrv226xrv227xrv228xrv229xrv230"}
{:place=>1123, :route=>[-225, -226, -227, 240, 239, -224, 237, -238, -221, -21, -220, 219, -22], :url=>"xrv272xrv-22xrv219xrv-220xrv-21xrv-221xrv-238xrv237xrv-224xrv239xrv240xrv-227xrv-226xrv-225"}
{:place=>207, :route=>[-235, -237, 224, -239, -240, 227, 226, 225, -222, -221, -21, -220, 219, -22], :url=>"xrv272xrv-22xrv219xrv-220xrv-21xrv-221xrv-222xrv225xrv226xrv227xrv-240xrv-239xrv224xrv-237xrv-235"}
{:place=>258, :route=>[215, -216, -217, -218, -219, 220, 21, 221, 222, -225, -226, -227, 240, 239, 272], :url=>"xrv272xrv272xrv239xrv240xrv-227xrv-226xrv-225xrv222xrv221xrv21xrv220xrv-219xrv-218xrv-217xrv-216xrv215"}
{:place=>58, :route=>[-214, -216, -217, -218, -219, 220, 21, 221, 222, -225, -226, -227, 240, 239, 272], :url=>"xrv272xrv272xrv239xrv240xrv-227xrv-226xrv-225xrv222xrv221xrv21xrv220xrv-219xrv-218xrv-217xrv-216xrv-214"}
{:place=>1122, :route=>[-21, -220, -231, -233, -234, -235, -238, 222, -225, -226, -227, 240, 239, 272], :url=>"xrv272xrv272xrv239xrv240xrv-227xrv-226xrv-225xrv222xrv-238xrv-235xrv-234xrv-233xrv-231xrv-220xrv-21"}
{:place=>207, :route=>[234, 233, 231, 220, 21, 221, 238, -237, -223, -225, -226, -227, 240, 239, 272], :url=>"xrv272xrv272xrv239xrv240xrv-227xrv-226xrv-225xrv-223xrv-237xrv238xrv221xrv21xrv220xrv231xrv233xrv234"}
{:place=>397, :route=>[-210, -211, -213, -214, -216, -217, -218, -219, 220, 21, 221, 222, 223, 224, 272], :url=>"xrv272xrv272xrv224xrv223xrv222xrv221xrv21xrv220xrv-219xrv-218xrv-217xrv-216xrv-214xrv-213xrv-211xrv-210"}
{:place=>271, :route=>[246, 245, 244, -217, -218, -219, -231, -233, -234, -235, -238, 222, 223, 224, 272], :url=>"xrv272xrv272xrv224xrv223xrv222xrv-238xrv-235xrv-234xrv-233xrv-231xrv-219xrv-218xrv-217xrv244xrv245xrv246"}
{:place=>397, :route=>[-210, -211, -213, -214, -216, -217, -218, -219, 220, 21, 221, 238, -237, 224, 272], :url=>"xrv272xrv272xrv224xrv-237xrv238xrv221xrv21xrv220xrv-219xrv-218xrv-217xrv-216xrv-214xrv-213xrv-211xrv-210"}
{:place=>397, :route=>[-210, -211, -213, -214, -216, -217, -218, -219, -231, -233, -234, -235, -237, 224, 272], :url=>"xrv272xrv272xrv224xrv-237xrv-235xrv-234xrv-233xrv-231xrv-219xrv-218xrv-217xrv-216xrv-214xrv-213xrv-211xrv-210"}
{:place=>1124, :route=>[224, -239, -240, 227, 226, 225, -222, 238, 235, 234, 233, 231, 219, -22], :url=>"xrv272xrv-22xrv219xrv231xrv233xrv234xrv235xrv238xrv-222xrv225xrv226xrv227xrv-240xrv-239xrv224"}
{:place=>1128, :route=>[230, 229, 228, 240, 239, -224, -223, -222, 238, 235, 234, 233, 231, 219, -22], :url=>"xrv272xrv-22xrv219xrv231xrv233xrv234xrv235xrv238xrv-222xrv-223xrv-224xrv239xrv240xrv228xrv229xrv230"}
{:place=>650, :route=>[-234, -235, -237, 224, -239, -240, 227, 226, 225, -222, -221, -21, -220, 219, -22], :url=>"xrv272xrv-22xrv219xrv-220xrv-21xrv-221xrv-222xrv225xrv226xrv227xrv-240xrv-239xrv224xrv-237xrv-235xrv-234"}
{:place=>1111, :route=>[-203, -204, -205, -206, -207, -208, -209, -210, -211, -213, -214, -216, -217, -218, -22], :url=>"xrv272xrv-22xrv-218xrv-217xrv-216xrv-214xrv-213xrv-211xrv-210xrv-209xrv-208xrv-207xrv-206xrv-205xrv-204xrv-203"}
  [1m[35mCACHE (0.0ms)[0m  SELECT "places".* FROM "places" WHERE "places"."id" = 471 LIMIT 1
  [1m[36m (1.2ms)[0m  [1mSELECT COUNT(*) FROM "route_indices" WHERE (url = 'xrv272')[0m
  [1m[35mCACHE (0.0ms)[0m  SELECT "places".* FROM "places" WHERE "places"."id" = 974 LIMIT 1
  [1m[36m (1.1ms)[0m  [1mSELECT COUNT(*) FROM "route_indices" WHERE (url = 'xrv272xrv272')[0m
  [1m[35mCACHE (0.0ms)[0m  select * from place_types where name='Roadend'
  [1m[36mSQL (1.0ms)[0m  [1mINSERT INTO "route_indices" ("created_at", "endplace_id", "isDest", "startplace_id", "updated_at", "url") VALUES ($1, $2, $3, $4, $5, $6) RETURNING "id"[0m  [["created_at", Mon, 27 Oct 2014 10:08:02 NZDT +13:00], ["endplace_id", 974], ["isDest", true], ["startplace_id", 471], ["updated_at", Mon, 27 Oct 2014 10:08:02 NZDT +13:00], ["url", "xrv272xrv272"]]
  [1m[35mPlace Load (0.3ms)[0m  SELECT "places".* FROM "places" WHERE "places"."id" = 976 LIMIT 1
  [1m[36m (1.2ms)[0m  [1mSELECT COUNT(*) FROM "route_indices" WHERE (url = 'xrv272xrv-22xrv219')[0m
  [1m[35mPlaceType Load (0.3ms)[0m  select * from place_types where name='Summit'
  [1m[36mSQL (0.5ms)[0m  [1mINSERT INTO "route_indices" ("created_at", "endplace_id", "isDest", "startplace_id", "updated_at", "url") VALUES ($1, $2, $3, $4, $5, $6) RETURNING "id"[0m  [["created_at", Mon, 27 Oct 2014 10:08:02 NZDT +13:00], ["endplace_id", 976], ["isDest", true], ["startplace_id", 471], ["updated_at", Mon, 27 Oct 2014 10:08:02 NZDT +13:00], ["url", "xrv272xrv-22xrv219"]]
  [1m[35mPlace Load (0.3ms)[0m  SELECT "places".* FROM "places" WHERE "places"."id" = 45 LIMIT 1
  [1m[36m (1.0ms)[0m  [1mSELECT COUNT(*) FROM "route_indices" WHERE (url = 'xrv272xrv-22xrv219xrv231')[0m
  [1m[35mPlaceType Load (0.2ms)[0m  select * from place_types where name='Hut'
  [1m[36mSQL (0.9ms)[0m  [1mINSERT INTO "route_indices" ("created_at", "endplace_id", "isDest", "startplace_id", "updated_at", "url") VALUES ($1, $2, $3, $4, $5, $6) RETURNING "id"[0m  [["created_at", Mon, 27 Oct 2014 10:08:02 NZDT +13:00], ["endplace_id", 45], ["isDest", true], ["startplace_id", 471], ["updated_at", Mon, 27 Oct 2014 10:08:02 NZDT +13:00], ["url", "xrv272xrv-22xrv219xrv231"]]
  [1m[35mPlace Load (0.5ms)[0m  SELECT "places".* FROM "places" WHERE "places"."id" = 769 LIMIT 1
  [1m[36m (1.2ms)[0m  [1mSELECT COUNT(*) FROM "route_indices" WHERE (url = 'xrv272xrv272xrv239xrv240xrv-227')[0m
  [1m[35mPlaceType Load (0.3ms)[0m  select * from place_types where name='Hut'
  [1m[36mSQL (0.6ms)[0m  [1mINSERT INTO "route_indices" ("created_at", "endplace_id", "isDest", "startplace_id", "updated_at", "url") VALUES ($1, $2, $3, $4, $5, $6) RETURNING "id"[0m  [["created_at", Mon, 27 Oct 2014 10:08:02 NZDT +13:00], ["endplace_id", 769], ["isDest", true], ["startplace_id", 471], ["updated_at", Mon, 27 Oct 2014 10:08:02 NZDT +13:00], ["url", "xrv272xrv272xrv239xrv240xrv-227"]]
  [1m[35mPlace Load (0.3ms)[0m  SELECT "places".* FROM "places" WHERE "places"."id" = 1125 LIMIT 1
  [1m[36m (1.1ms)[0m  [1mSELECT COUNT(*) FROM "route_indices" WHERE (url = 'xrv272xrv272xrv224xrv223xrv225')[0m
  [1m[35mPlaceType Load (0.2ms)[0m  select * from place_types where name='Campsite'
  [1m[36mSQL (0.5ms)[0m  [1mINSERT INTO "route_indices" ("created_at", "endplace_id", "isDest", "startplace_id", "updated_at", "url") VALUES ($1, $2, $3, $4, $5, $6) RETURNING "id"[0m  [["created_at", Mon, 27 Oct 2014 10:08:02 NZDT +13:00], ["endplace_id", 1125], ["isDest", true], ["startplace_id", 471], ["updated_at", Mon, 27 Oct 2014 10:08:02 NZDT +13:00], ["url", "xrv272xrv272xrv224xrv223xrv225"]]
  [1m[35mPlace Load (0.3ms)[0m  SELECT "places".* FROM "places" WHERE "places"."id" = 207 LIMIT 1
  [1m[36m (1.0ms)[0m  [1mSELECT COUNT(*) FROM "route_indices" WHERE (url = 'xrv272xrv272xrv224xrv-237xrv-235')[0m
  [1m[35mPlaceType Load (0.2ms)[0m  select * from place_types where name='Hut'
  [1m[36mSQL (0.5ms)[0m  [1mINSERT INTO "route_indices" ("created_at", "endplace_id", "isDest", "startplace_id", "updated_at", "url") VALUES ($1, $2, $3, $4, $5, $6) RETURNING "id"[0m  [["created_at", Mon, 27 Oct 2014 10:08:02 NZDT +13:00], ["endplace_id", 207], ["isDest", true], ["startplace_id", 471], ["updated_at", Mon, 27 Oct 2014 10:08:02 NZDT +13:00], ["url", "xrv272xrv272xrv224xrv-237xrv-235"]]
  [1m[35mPlace Load (0.3ms)[0m  SELECT "places".* FROM "places" WHERE "places"."id" = 650 LIMIT 1
  [1m[36m (1.1ms)[0m  [1mSELECT COUNT(*) FROM "route_indices" WHERE (url = 'xrv272xrv-22xrv219xrv231xrv233')[0m
  [1m[35mPlaceType Load (0.2ms)[0m  select * from place_types where name='Hut'
  [1m[36mSQL (0.4ms)[0m  [1mINSERT INTO "route_indices" ("created_at", "endplace_id", "isDest", "startplace_id", "updated_at", "url") VALUES ($1, $2, $3, $4, $5, $6) RETURNING "id"[0m  [["created_at", Mon, 27 Oct 2014 10:08:02 NZDT +13:00], ["endplace_id", 650], ["isDest", true], ["startplace_id", 471], ["updated_at", Mon, 27 Oct 2014 10:08:02 NZDT +13:00], ["url", "xrv272xrv-22xrv219xrv231xrv233"]]
  [1m[35mPlace Load (0.3ms)[0m  SELECT "places".* FROM "places" WHERE "places"."id" = 419 LIMIT 1
  [1m[36m (1.1ms)[0m  [1mSELECT COUNT(*) FROM "route_indices" WHERE (url = 'xrv272xrv272xrv239xrv240xrv228xrv229')[0m
  [1m[35mPlaceType Load (0.2ms)[0m  select * from place_types where name='Hut'
  [1m[36mSQL (0.4ms)[0m  [1mINSERT INTO "route_indices" ("created_at", "endplace_id", "isDest", "startplace_id", "updated_at", "url") VALUES ($1, $2, $3, $4, $5, $6) RETURNING "id"[0m  [["created_at", Mon, 27 Oct 2014 10:08:02 NZDT +13:00], ["endplace_id", 419], ["isDest", true], ["startplace_id", 471], ["updated_at", Mon, 27 Oct 2014 10:08:02 NZDT +13:00], ["url", "xrv272xrv272xrv239xrv240xrv228xrv229"]]
  [1m[35mPlace Load (0.3ms)[0m  SELECT "places".* FROM "places" WHERE "places"."id" = 1125 LIMIT 1
  [1m[36m (1.0ms)[0m  [1mSELECT COUNT(*) FROM "route_indices" WHERE (url = 'xrv272xrv272xrv239xrv240xrv-227xrv-226')[0m
  [1m[35mPlaceType Load (0.2ms)[0m  select * from place_types where name='Campsite'
  [1m[36mSQL (0.4ms)[0m  [1mINSERT INTO "route_indices" ("created_at", "endplace_id", "isDest", "startplace_id", "updated_at", "url") VALUES ($1, $2, $3, $4, $5, $6) RETURNING "id"[0m  [["created_at", Mon, 27 Oct 2014 10:08:02 NZDT +13:00], ["endplace_id", 1125], ["isDest", true], ["startplace_id", 471], ["updated_at", Mon, 27 Oct 2014 10:08:02 NZDT +13:00], ["url", "xrv272xrv272xrv239xrv240xrv-227xrv-226"]]
  [1m[35mPlace Load (0.3ms)[0m  SELECT "places".* FROM "places" WHERE "places"."id" = 769 LIMIT 1
  [1m[36m (1.0ms)[0m  [1mSELECT COUNT(*) FROM "route_indices" WHERE (url = 'xrv272xrv272xrv224xrv223xrv225xrv226')[0m
  [1m[35mPlaceType Load (0.2ms)[0m  select * from place_types where name='Hut'
  [1m[36mSQL (0.4ms)[0m  [1mINSERT INTO "route_indices" ("created_at", "endplace_id", "isDest", "startplace_id", "updated_at", "url") VALUES ($1, $2, $3, $4, $5, $6) RETURNING "id"[0m  [["created_at", Mon, 27 Oct 2014 10:08:02 NZDT +13:00], ["endplace_id", 769], ["isDest", true], ["startplace_id", 471], ["updated_at", Mon, 27 Oct 2014 10:08:02 NZDT +13:00], ["url", "xrv272xrv272xrv224xrv223xrv225xrv226"]]
  [1m[35mPlace Load (0.3ms)[0m  SELECT "places".* FROM "places" WHERE "places"."id" = 650 LIMIT 1
  [1m[36m (1.1ms)[0m  [1mSELECT COUNT(*) FROM "route_indices" WHERE (url = 'xrv272xrv272xrv224xrv-237xrv-235xrv-234')[0m
  [1m[35mPlaceType Load (0.2ms)[0m  select * from place_types where name='Hut'
  [1m[36mSQL (0.4ms)[0m  [1mINSERT INTO "route_indices" ("created_at", "endplace_id", "isDest", "startplace_id", "updated_at", "url") VALUES ($1, $2, $3, $4, $5, $6) RETURNING "id"[0m  [["created_at", Mon, 27 Oct 2014 10:08:02 NZDT +13:00], ["endplace_id", 650], ["isDest", true], ["startplace_id", 471], ["updated_at", Mon, 27 Oct 2014 10:08:02 NZDT +13:00], ["url", "xrv272xrv272xrv224xrv-237xrv-235xrv-234"]]
  [1m[35mPlace Load (0.3ms)[0m  SELECT "places".* FROM "places" WHERE "places"."id" = 207 LIMIT 1
  [1m[36m (1.1ms)[0m  [1mSELECT COUNT(*) FROM "route_indices" WHERE (url = 'xrv272xrv-22xrv219xrv231xrv233xrv234')[0m
  [1m[35mPlaceType Load (0.4ms)[0m  select * from place_types where name='Hut'
  [1m[36mSQL (0.5ms)[0m  [1mINSERT INTO "route_indices" ("created_at", "endplace_id", "isDest", "startplace_id", "updated_at", "url") VALUES ($1, $2, $3, $4, $5, $6) RETURNING "id"[0m  [["created_at", Mon, 27 Oct 2014 10:08:02 NZDT +13:00], ["endplace_id", 207], ["isDest", true], ["startplace_id", 471], ["updated_at", Mon, 27 Oct 2014 10:08:02 NZDT +13:00], ["url", "xrv272xrv-22xrv219xrv231xrv233xrv234"]]
  [1m[35mPlace Load (0.3ms)[0m  SELECT "places".* FROM "places" WHERE "places"."id" = 258 LIMIT 1
  [1m[36m (1.1ms)[0m  [1mSELECT COUNT(*) FROM "route_indices" WHERE (url = 'xrv272xrv-22xrv-218xrv-217xrv-216xrv215')[0m
  [1m[35mPlaceType Load (0.2ms)[0m  select * from place_types where name='Hut'
  [1m[36mSQL (0.4ms)[0m  [1mINSERT INTO "route_indices" ("created_at", "endplace_id", "isDest", "startplace_id", "updated_at", "url") VALUES ($1, $2, $3, $4, $5, $6) RETURNING "id"[0m  [["created_at", Mon, 27 Oct 2014 10:08:02 NZDT +13:00], ["endplace_id", 258], ["isDest", true], ["startplace_id", 471], ["updated_at", Mon, 27 Oct 2014 10:08:02 NZDT +13:00], ["url", "xrv272xrv-22xrv-218xrv-217xrv-216xrv215"]]
  [1m[35mPlace Load (0.3ms)[0m  SELECT "places".* FROM "places" WHERE "places"."id" = 58 LIMIT 1
  [1m[36m (1.1ms)[0m  [1mSELECT COUNT(*) FROM "route_indices" WHERE (url = 'xrv272xrv-22xrv-218xrv-217xrv-216xrv-214')[0m
  [1m[35mPlaceType Load (0.2ms)[0m  select * from place_types where name='Hut'
  [1m[36mSQL (0.4ms)[0m  [1mINSERT INTO "route_indices" ("created_at", "endplace_id", "isDest", "startplace_id", "updated_at", "url") VALUES ($1, $2, $3, $4, $5, $6) RETURNING "id"[0m  [["created_at", Mon, 27 Oct 2014 10:08:02 NZDT +13:00], ["endplace_id", 58], ["isDest", true], ["startplace_id", 471], ["updated_at", Mon, 27 Oct 2014 10:08:02 NZDT +13:00], ["url", "xrv272xrv-22xrv-218xrv-217xrv-216xrv-214"]]
  [1m[35mPlace Load (0.3ms)[0m  SELECT "places".* FROM "places" WHERE "places"."id" = 1128 LIMIT 1
  [1m[36m (1.1ms)[0m  [1mSELECT COUNT(*) FROM "route_indices" WHERE (url = 'xrv272xrv272xrv239xrv240xrv228xrv229xrv230')[0m
  [1m[35mPlaceType Load (0.2ms)[0m  select * from place_types where name='Roadend'
  [1m[36mSQL (0.4ms)[0m  [1mINSERT INTO "route_indices" ("created_at", "endplace_id", "isDest", "startplace_id", "updated_at", "url") VALUES ($1, $2, $3, $4, $5, $6) RETURNING "id"[0m  [["created_at", Mon, 27 Oct 2014 10:08:02 NZDT +13:00], ["endplace_id", 1128], ["isDest", true], ["startplace_id", 471], ["updated_at", Mon, 27 Oct 2014 10:08:02 NZDT +13:00], ["url", "xrv272xrv272xrv239xrv240xrv228xrv229xrv230"]]
  [1m[35mPlace Load (0.3ms)[0m  SELECT "places".* FROM "places" WHERE "places"."id" = 207 LIMIT 1
  [1m[36m (1.1ms)[0m  [1mSELECT COUNT(*) FROM "route_indices" WHERE (url = 'xrv272xrv272xrv224xrv223xrv222xrv-238xrv-235')[0m
  [1m[35mPlaceType Load (0.2ms)[0m  select * from place_types where name='Hut'
  [1m[36mSQL (0.4ms)[0m  [1mINSERT INTO "route_indices" ("created_at", "endplace_id", "isDest", "startplace_id", "updated_at", "url") VALUES ($1, $2, $3, $4, $5, $6) RETURNING "id"[0m  [["created_at", Mon, 27 Oct 2014 10:08:02 NZDT +13:00], ["endplace_id", 207], ["isDest", true], ["startplace_id", 471], ["updated_at", Mon, 27 Oct 2014 10:08:02 NZDT +13:00], ["url", "xrv272xrv272xrv224xrv223xrv222xrv-238xrv-235"]]
  [1m[35mPlace Load (0.3ms)[0m  SELECT "places".* FROM "places" WHERE "places"."id" = 1125 LIMIT 1
  [1m[36m (1.0ms)[0m  [1mSELECT COUNT(*) FROM "route_indices" WHERE (url = 'xrv272xrv272xrv224xrv-237xrv238xrv-222xrv225')[0m
  [1m[35mPlaceType Load (0.2ms)[0m  select * from place_types where name='Campsite'
  [1m[36mSQL (0.4ms)[0m  [1mINSERT INTO "route_indices" ("created_at", "endplace_id", "isDest", "startplace_id", "updated_at", "url") VALUES ($1, $2, $3, $4, $5, $6) RETURNING "id"[0m  [["created_at", Mon, 27 Oct 2014 10:08:02 NZDT +13:00], ["endplace_id", 1125], ["isDest", true], ["startplace_id", 471], ["updated_at", Mon, 27 Oct 2014 10:08:02 NZDT +13:00], ["url", "xrv272xrv272xrv224xrv-237xrv238xrv-222xrv225"]]
  [1m[35mPlace Load (0.3ms)[0m  SELECT "places".* FROM "places" WHERE "places"."id" = 45 LIMIT 1
  [1m[36m (1.0ms)[0m  [1mSELECT COUNT(*) FROM "route_indices" WHERE (url = 'xrv272xrv272xrv224xrv-237xrv-235xrv-234xrv-233')[0m
  [1m[35mPlaceType Load (0.2ms)[0m  select * from place_types where name='Hut'
  [1m[36mSQL (0.4ms)[0m  [1mINSERT INTO "route_indices" ("created_at", "endplace_id", "isDest", "startplace_id", "updated_at", "url") VALUES ($1, $2, $3, $4, $5, $6) RETURNING "id"[0m  [["created_at", Mon, 27 Oct 2014 10:08:02 NZDT +13:00], ["endplace_id", 45], ["isDest", true], ["startplace_id", 471], ["updated_at", Mon, 27 Oct 2014 10:08:02 NZDT +13:00], ["url", "xrv272xrv272xrv224xrv-237xrv-235xrv-234xrv-233"]]
  [1m[35mPlace Load (0.4ms)[0m  SELECT "places".* FROM "places" WHERE "places"."id" = 271 LIMIT 1
  [1m[36m (1.1ms)[0m  [1mSELECT COUNT(*) FROM "route_indices" WHERE (url = 'xrv272xrv-22xrv-218xrv-217xrv244xrv245xrv246')[0m
  [1m[35mPlaceType Load (0.2ms)[0m  select * from place_types where name='Hut'
  [1m[36mSQL (0.4ms)[0m  [1mINSERT INTO "route_indices" ("created_at", "endplace_id", "isDest", "startplace_id", "updated_at", "url") VALUES ($1, $2, $3, $4, $5, $6) RETURNING "id"[0m  [["created_at", Mon, 27 Oct 2014 10:08:02 NZDT +13:00], ["endplace_id", 271], ["isDest", true], ["startplace_id", 471], ["updated_at", Mon, 27 Oct 2014 10:08:02 NZDT +13:00], ["url", "xrv272xrv-22xrv-218xrv-217xrv244xrv245xrv246"]]
  [1m[35mPlace Load (0.3ms)[0m  SELECT "places".* FROM "places" WHERE "places"."id" = 976 LIMIT 1
  [1m[36m (1.1ms)[0m  [1mSELECT COUNT(*) FROM "route_indices" WHERE (url = 'xrv272xrv272xrv224xrv223xrv222xrv221xrv21xrv220')[0m
  [1m[35mPlaceType Load (0.2ms)[0m  select * from place_types where name='Summit'
  [1m[36mSQL (0.4ms)[0m  [1mINSERT INTO "route_indices" ("created_at", "endplace_id", "isDest", "startplace_id", "updated_at", "url") VALUES ($1, $2, $3, $4, $5, $6) RETURNING "id"[0m  [["created_at", Mon, 27 Oct 2014 10:08:02 NZDT +13:00], ["endplace_id", 976], ["isDest", true], ["startplace_id", 471], ["updated_at", Mon, 27 Oct 2014 10:08:02 NZDT +13:00], ["url", "xrv272xrv272xrv224xrv223xrv222xrv221xrv21xrv220"]]
  [1m[35mPlace Load (0.3ms)[0m  SELECT "places".* FROM "places" WHERE "places"."id" = 650 LIMIT 1
  [1m[36m (1.1ms)[0m  [1mSELECT COUNT(*) FROM "route_indices" WHERE (url = 'xrv272xrv272xrv224xrv223xrv222xrv-238xrv-235xrv-234')[0m
  [1m[35mPlaceType Load (0.2ms)[0m  select * from place_types where name='Hut'
  [1m[36mSQL (0.4ms)[0m  [1mINSERT INTO "route_indices" ("created_at", "endplace_id", "isDest", "startplace_id", "updated_at", "url") VALUES ($1, $2, $3, $4, $5, $6) RETURNING "id"[0m  [["created_at", Mon, 27 Oct 2014 10:08:02 NZDT +13:00], ["endplace_id", 650], ["isDest", true], ["startplace_id", 471], ["updated_at", Mon, 27 Oct 2014 10:08:02 NZDT +13:00], ["url", "xrv272xrv272xrv224xrv223xrv222xrv-238xrv-235xrv-234"]]
  [1m[35mPlace Load (0.3ms)[0m  SELECT "places".* FROM "places" WHERE "places"."id" = 976 LIMIT 1
  [1m[36m (1.1ms)[0m  [1mSELECT COUNT(*) FROM "route_indices" WHERE (url = 'xrv272xrv272xrv224xrv-237xrv238xrv221xrv21xrv220')[0m
  [1m[35mPlaceType Load (0.2ms)[0m  select * from place_types where name='Summit'
  [1m[36mSQL (0.4ms)[0m  [1mINSERT INTO "route_indices" ("created_at", "endplace_id", "isDest", "startplace_id", "updated_at", "url") VALUES ($1, $2, $3, $4, $5, $6) RETURNING "id"[0m  [["created_at", Mon, 27 Oct 2014 10:08:02 NZDT +13:00], ["endplace_id", 976], ["isDest", true], ["startplace_id", 471], ["updated_at", Mon, 27 Oct 2014 10:08:02 NZDT +13:00], ["url", "xrv272xrv272xrv224xrv-237xrv238xrv221xrv21xrv220"]]
  [1m[35mPlace Load (0.3ms)[0m  SELECT "places".* FROM "places" WHERE "places"."id" = 769 LIMIT 1
  [1m[36m (1.1ms)[0m  [1mSELECT COUNT(*) FROM "route_indices" WHERE (url = 'xrv272xrv272xrv224xrv-237xrv238xrv-222xrv225xrv226')[0m
  [1m[35mPlaceType Load (0.2ms)[0m  select * from place_types where name='Hut'
  [1m[36mSQL (0.4ms)[0m  [1mINSERT INTO "route_indices" ("created_at", "endplace_id", "isDest", "startplace_id", "updated_at", "url") VALUES ($1, $2, $3, $4, $5, $6) RETURNING "id"[0m  [["created_at", Mon, 27 Oct 2014 10:08:02 NZDT +13:00], ["endplace_id", 769], ["isDest", true], ["startplace_id", 471], ["updated_at", Mon, 27 Oct 2014 10:08:02 NZDT +13:00], ["url", "xrv272xrv272xrv224xrv-237xrv238xrv-222xrv225xrv226"]]
  [1m[35mPlace Load (0.3ms)[0m  SELECT "places".* FROM "places" WHERE "places"."id" = 976 LIMIT 1
  [1m[36m (1.1ms)[0m  [1mSELECT COUNT(*) FROM "route_indices" WHERE (url = 'xrv272xrv272xrv224xrv-237xrv-235xrv-234xrv-233xrv-231')[0m
  [1m[35mPlaceType Load (0.2ms)[0m  select * from place_types where name='Summit'
  [1m[36mSQL (0.4ms)[0m  [1mINSERT INTO "route_indices" ("created_at", "endplace_id", "isDest", "startplace_id", "updated_at", "url") VALUES ($1, $2, $3, $4, $5, $6) RETURNING "id"[0m  [["created_at", Mon, 27 Oct 2014 10:08:02 NZDT +13:00], ["endplace_id", 976], ["isDest", true], ["startplace_id", 471], ["updated_at", Mon, 27 Oct 2014 10:08:02 NZDT +13:00], ["url", "xrv272xrv272xrv224xrv-237xrv-235xrv-234xrv-233xrv-231"]]
  [1m[35mPlace Load (0.3ms)[0m  SELECT "places".* FROM "places" WHERE "places"."id" = 1132 LIMIT 1
  [1m[36m (1.1ms)[0m  [1mSELECT COUNT(*) FROM "route_indices" WHERE (url = 'xrv272xrv272xrv224xrv-237xrv-235xrv-243xrv-242xrv-241')[0m
  [1m[35mPlaceType Load (0.2ms)[0m  select * from place_types where name='Campsite'
  [1m[36mSQL (0.4ms)[0m  [1mINSERT INTO "route_indices" ("created_at", "endplace_id", "isDest", "startplace_id", "updated_at", "url") VALUES ($1, $2, $3, $4, $5, $6) RETURNING "id"[0m  [["created_at", Mon, 27 Oct 2014 10:08:02 NZDT +13:00], ["endplace_id", 1132], ["isDest", true], ["startplace_id", 471], ["updated_at", Mon, 27 Oct 2014 10:08:02 NZDT +13:00], ["url", "xrv272xrv272xrv224xrv-237xrv-235xrv-243xrv-242xrv-241"]]
  [1m[35mPlace Load (0.3ms)[0m  SELECT "places".* FROM "places" WHERE "places"."id" = 207 LIMIT 1
  [1m[36m (1.2ms)[0m  [1mSELECT COUNT(*) FROM "route_indices" WHERE (url = 'xrv272xrv-22xrv219xrv-220xrv-21xrv-221xrv-238xrv-235')[0m
  [1m[35mPlaceType Load (0.2ms)[0m  select * from place_types where name='Hut'
  [1m[36mSQL (0.4ms)[0m  [1mINSERT INTO "route_indices" ("created_at", "endplace_id", "isDest", "startplace_id", "updated_at", "url") VALUES ($1, $2, $3, $4, $5, $6) RETURNING "id"[0m  [["created_at", Mon, 27 Oct 2014 10:08:02 NZDT +13:00], ["endplace_id", 207], ["isDest", true], ["startplace_id", 471], ["updated_at", Mon, 27 Oct 2014 10:08:02 NZDT +13:00], ["url", "xrv272xrv-22xrv219xrv-220xrv-21xrv-221xrv-238xrv-235"]]
  [1m[35mPlace Load (0.3ms)[0m  SELECT "places".* FROM "places" WHERE "places"."id" = 1125 LIMIT 1
  [1m[36m (1.1ms)[0m  [1mSELECT COUNT(*) FROM "route_indices" WHERE (url = 'xrv272xrv-22xrv219xrv-220xrv-21xrv-221xrv-222xrv225')[0m
  [1m[35mPlaceType Load (0.2ms)[0m  select * from place_types where name='Campsite'
  [1m[36mSQL (0.4ms)[0m  [1mINSERT INTO "route_indices" ("created_at", "endplace_id", "isDest", "startplace_id", "updated_at", "url") VALUES ($1, $2, $3, $4, $5, $6) RETURNING "id"[0m  [["created_at", Mon, 27 Oct 2014 10:08:02 NZDT +13:00], ["endplace_id", 1125], ["isDest", true], ["startplace_id", 471], ["updated_at", Mon, 27 Oct 2014 10:08:02 NZDT +13:00], ["url", "xrv272xrv-22xrv219xrv-220xrv-21xrv-221xrv-222xrv225"]]
  [1m[35mPlace Load (0.3ms)[0m  SELECT "places".* FROM "places" WHERE "places"."id" = 528 LIMIT 1
  [1m[36m (1.0ms)[0m  [1mSELECT COUNT(*) FROM "route_indices" WHERE (url = 'xrv272xrv-22xrv-218xrv-217xrv-216xrv-214xrv-213xrv212')[0m
  [1m[35mPlaceType Load (0.2ms)[0m  select * from place_types where name='Hut'
  [1m[36mSQL (0.4ms)[0m  [1mINSERT INTO "route_indices" ("created_at", "endplace_id", "isDest", "startplace_id", "updated_at", "url") VALUES ($1, $2, $3, $4, $5, $6) RETURNING "id"[0m  [["created_at", Mon, 27 Oct 2014 10:08:02 NZDT +13:00], ["endplace_id", 528], ["isDest", true], ["startplace_id", 471], ["updated_at", Mon, 27 Oct 2014 10:08:02 NZDT +13:00], ["url", "xrv272xrv-22xrv-218xrv-217xrv-216xrv-214xrv-213xrv212"]]
  [1m[35mPlace Load (0.3ms)[0m  SELECT "places".* FROM "places" WHERE "places"."id" = 827 LIMIT 1
  [1m[36m (1.1ms)[0m  [1mSELECT COUNT(*) FROM "route_indices" WHERE (url = 'xrv272xrv-22xrv-218xrv-217xrv-216xrv-214xrv-213xrv-211')[0m
  [1m[35mPlaceType Load (0.2ms)[0m  select * from place_types where name='Hut'
  [1m[36mSQL (0.4ms)[0m  [1mINSERT INTO "route_indices" ("created_at", "endplace_id", "isDest", "startplace_id", "updated_at", "url") VALUES ($1, $2, $3, $4, $5, $6) RETURNING "id"[0m  [["created_at", Mon, 27 Oct 2014 10:08:02 NZDT +13:00], ["endplace_id", 827], ["isDest", true], ["startplace_id", 471], ["updated_at", Mon, 27 Oct 2014 10:08:02 NZDT +13:00], ["url", "xrv272xrv-22xrv-218xrv-217xrv-216xrv-214xrv-213xrv-211"]]
  [1m[35mPlace Load (0.3ms)[0m  SELECT "places".* FROM "places" WHERE "places"."id" = 45 LIMIT 1
  [1m[36m (1.0ms)[0m  [1mSELECT COUNT(*) FROM "route_indices" WHERE (url = 'xrv272xrv272xrv224xrv223xrv222xrv221xrv21xrv220xrv231')[0m
  [1m[35mPlaceType Load (0.2ms)[0m  select * from place_types where name='Hut'
  [1m[36mSQL (0.4ms)[0m  [1mINSERT INTO "route_indices" ("created_at", "endplace_id", "isDest", "startplace_id", "updated_at", "url") VALUES ($1, $2, $3, $4, $5, $6) RETURNING "id"[0m  [["created_at", Mon, 27 Oct 2014 10:08:02 NZDT +13:00], ["endplace_id", 45], ["isDest", true], ["startplace_id", 471], ["updated_at", Mon, 27 Oct 2014 10:08:02 NZDT +13:00], ["url", "xrv272xrv272xrv224xrv223xrv222xrv221xrv21xrv220xrv231"]]
  [1m[35mPlace Load (0.3ms)[0m  SELECT "places".* FROM "places" WHERE "places"."id" = 45 LIMIT 1
  [1m[36m (1.1ms)[0m  [1mSELECT COUNT(*) FROM "route_indices" WHERE (url = 'xrv272xrv272xrv224xrv223xrv222xrv-238xrv-235xrv-234xrv-233')[0m
  [1m[35mPlaceType Load (0.2ms)[0m  select * from place_types where name='Hut'
  [1m[36mSQL (0.4ms)[0m  [1mINSERT INTO "route_indices" ("created_at", "endplace_id", "isDest", "startplace_id", "updated_at", "url") VALUES ($1, $2, $3, $4, $5, $6) RETURNING "id"[0m  [["created_at", Mon, 27 Oct 2014 10:08:02 NZDT +13:00], ["endplace_id", 45], ["isDest", true], ["startplace_id", 471], ["updated_at", Mon, 27 Oct 2014 10:08:02 NZDT +13:00], ["url", "xrv272xrv272xrv224xrv223xrv222xrv-238xrv-235xrv-234xrv-233"]]
  [1m[35mPlace Load (0.3ms)[0m  SELECT "places".* FROM "places" WHERE "places"."id" = 419 LIMIT 1
  [1m[36m (1.1ms)[0m  [1mSELECT COUNT(*) FROM "route_indices" WHERE (url = 'xrv272xrv272xrv224xrv223xrv225xrv226xrv227xrv228xrv229')[0m
  [1m[35mPlaceType Load (0.2ms)[0m  select * from place_types where name='Hut'
  [1m[36mSQL (0.4ms)[0m  [1mINSERT INTO "route_indices" ("created_at", "endplace_id", "isDest", "startplace_id", "updated_at", "url") VALUES ($1, $2, $3, $4, $5, $6) RETURNING "id"[0m  [["created_at", Mon, 27 Oct 2014 10:08:03 NZDT +13:00], ["endplace_id", 419], ["isDest", true], ["startplace_id", 471], ["updated_at", Mon, 27 Oct 2014 10:08:03 NZDT +13:00], ["url", "xrv272xrv272xrv224xrv223xrv225xrv226xrv227xrv228xrv229"]]
  [1m[35mPlace Load (0.3ms)[0m  SELECT "places".* FROM "places" WHERE "places"."id" = 1130 LIMIT 1
  [1m[36m (1.0ms)[0m  [1mSELECT COUNT(*) FROM "route_indices" WHERE (url = 'xrv272xrv272xrv224xrv223xrv225xrv226xrv227xrv-240')[0m
  [1m[35mPlaceType Load (0.2ms)[0m  select * from place_types where name='Junction'
  [1m[36mSQL (0.4ms)[0m  [1mINSERT INTO "route_indices" ("created_at", "endplace_id", "isDest", "startplace_id", "updated_at", "url") VALUES ($1, $2, $3, $4, $5, $6) RETURNING "id"[0m  [["created_at", Mon, 27 Oct 2014 10:08:03 NZDT +13:00], ["endplace_id", 1130], ["isDest", false], ["startplace_id", 471], ["updated_at", Mon, 27 Oct 2014 10:08:03 NZDT +13:00], ["url", "xrv272xrv272xrv224xrv223xrv225xrv226xrv227xrv-240"]]
  [1m[35mPlace Load (0.3ms)[0m  SELECT "places".* FROM "places" WHERE "places"."id" = 45 LIMIT 1
  [1m[36m (1.0ms)[0m  [1mSELECT COUNT(*) FROM "route_indices" WHERE (url = 'xrv272xrv272xrv224xrv-237xrv238xrv221xrv21xrv220xrv231')[0m
  [1m[35mPlaceType Load (0.2ms)[0m  select * from place_types where name='Hut'
  [1m[36mSQL (0.4ms)[0m  [1mINSERT INTO "route_indices" ("created_at", "endplace_id", "isDest", "startplace_id", "updated_at", "url") VALUES ($1, $2, $3, $4, $5, $6) RETURNING "id"[0m  [["created_at", Mon, 27 Oct 2014 10:08:03 NZDT +13:00], ["endplace_id", 45], ["isDest", true], ["startplace_id", 471], ["updated_at", Mon, 27 Oct 2014 10:08:03 NZDT +13:00], ["url", "xrv272xrv272xrv224xrv-237xrv238xrv221xrv21xrv220xrv231"]]
  [1m[35mPlace Load (0.3ms)[0m  SELECT "places".* FROM "places" WHERE "places"."id" = 974 LIMIT 1
  [1m[36m (1.0ms)[0m  [1mSELECT COUNT(*) FROM "route_indices" WHERE (url = 'xrv272xrv-22xrv219xrv231xrv233xrv234xrv235xrv237xrv-224')[0m
  [1m[35mPlaceType Load (0.2ms)[0m  select * from place_types where name='Roadend'
  [1m[36mSQL (0.4ms)[0m  [1mINSERT INTO "route_indices" ("created_at", "endplace_id", "isDest", "startplace_id", "updated_at", "url") VALUES ($1, $2, $3, $4, $5, $6) RETURNING "id"[0m  [["created_at", Mon, 27 Oct 2014 10:08:03 NZDT +13:00], ["endplace_id", 974], ["isDest", true], ["startplace_id", 471], ["updated_at", Mon, 27 Oct 2014 10:08:03 NZDT +13:00], ["url", "xrv272xrv-22xrv219xrv231xrv233xrv234xrv235xrv237xrv-224"]]
  [1m[35mPlace Load (0.3ms)[0m  SELECT "places".* FROM "places" WHERE "places"."id" = 1132 LIMIT 1
  [1m[36m (1.0ms)[0m  [1mSELECT COUNT(*) FROM "route_indices" WHERE (url = 'xrv272xrv-22xrv219xrv231xrv233xrv234xrv-243xrv-242xrv-241')[0m
  [1m[35mPlaceType Load (0.2ms)[0m  select * from place_types where name='Campsite'
  [1m[36mSQL (0.4ms)[0m  [1mINSERT INTO "route_indices" ("created_at", "endplace_id", "isDest", "startplace_id", "updated_at", "url") VALUES ($1, $2, $3, $4, $5, $6) RETURNING "id"[0m  [["created_at", Mon, 27 Oct 2014 10:08:03 NZDT +13:00], ["endplace_id", 1132], ["isDest", true], ["startplace_id", 471], ["updated_at", Mon, 27 Oct 2014 10:08:03 NZDT +13:00], ["url", "xrv272xrv-22xrv219xrv231xrv233xrv234xrv-243xrv-242xrv-241"]]
  [1m[35mPlace Load (0.3ms)[0m  SELECT "places".* FROM "places" WHERE "places"."id" = 974 LIMIT 1
  [1m[36m (1.0ms)[0m  [1mSELECT COUNT(*) FROM "route_indices" WHERE (url = 'xrv272xrv-22xrv219xrv-220xrv-21xrv-221xrv-238xrv237xrv-224')[0m
  [1m[35mPlaceType Load (0.2ms)[0m  select * from place_types where name='Roadend'
  [1m[36mSQL (0.4ms)[0m  [1mINSERT INTO "route_indices" ("created_at", "endplace_id", "isDest", "startplace_id", "updated_at", "url") VALUES ($1, $2, $3, $4, $5, $6) RETURNING "id"[0m  [["created_at", Mon, 27 Oct 2014 10:08:03 NZDT +13:00], ["endplace_id", 974], ["isDest", true], ["startplace_id", 471], ["updated_at", Mon, 27 Oct 2014 10:08:03 NZDT +13:00], ["url", "xrv272xrv-22xrv219xrv-220xrv-21xrv-221xrv-238xrv237xrv-224"]]
  [1m[35mPlace Load (0.3ms)[0m  SELECT "places".* FROM "places" WHERE "places"."id" = 650 LIMIT 1
  [1m[36m (1.1ms)[0m  [1mSELECT COUNT(*) FROM "route_indices" WHERE (url = 'xrv272xrv-22xrv219xrv-220xrv-21xrv-221xrv-238xrv-235xrv-234')[0m
  [1m[35mPlaceType Load (0.2ms)[0m  select * from place_types where name='Hut'
  [1m[36mSQL (0.4ms)[0m  [1mINSERT INTO "route_indices" ("created_at", "endplace_id", "isDest", "startplace_id", "updated_at", "url") VALUES ($1, $2, $3, $4, $5, $6) RETURNING "id"[0m  [["created_at", Mon, 27 Oct 2014 10:08:03 NZDT +13:00], ["endplace_id", 650], ["isDest", true], ["startplace_id", 471], ["updated_at", Mon, 27 Oct 2014 10:08:03 NZDT +13:00], ["url", "xrv272xrv-22xrv219xrv-220xrv-21xrv-221xrv-238xrv-235xrv-234"]]
  [1m[35mPlace Load (0.3ms)[0m  SELECT "places".* FROM "places" WHERE "places"."id" = 769 LIMIT 1
  [1m[36m (1.1ms)[0m  [1mSELECT COUNT(*) FROM "route_indices" WHERE (url = 'xrv272xrv-22xrv219xrv-220xrv-21xrv-221xrv-222xrv225xrv226')[0m
  [1m[35mPlaceType Load (0.3ms)[0m  select * from place_types where name='Hut'
  [1m[36mSQL (0.4ms)[0m  [1mINSERT INTO "route_indices" ("created_at", "endplace_id", "isDest", "startplace_id", "updated_at", "url") VALUES ($1, $2, $3, $4, $5, $6) RETURNING "id"[0m  [["created_at", Mon, 27 Oct 2014 10:08:03 NZDT +13:00], ["endplace_id", 769], ["isDest", true], ["startplace_id", 471], ["updated_at", Mon, 27 Oct 2014 10:08:03 NZDT +13:00], ["url", "xrv272xrv-22xrv219xrv-220xrv-21xrv-221xrv-222xrv225xrv226"]]
  [1m[35mPlace Load (0.3ms)[0m  SELECT "places".* FROM "places" WHERE "places"."id" = 974 LIMIT 1
  [1m[36m (1.1ms)[0m  [1mSELECT COUNT(*) FROM "route_indices" WHERE (url = 'xrv272xrv-22xrv219xrv-220xrv-21xrv-221xrv-222xrv-223xrv-224')[0m
  [1m[35mPlaceType Load (0.2ms)[0m  select * from place_types where name='Roadend'
  [1m[36mSQL (0.4ms)[0m  [1mINSERT INTO "route_indices" ("created_at", "endplace_id", "isDest", "startplace_id", "updated_at", "url") VALUES ($1, $2, $3, $4, $5, $6) RETURNING "id"[0m  [["created_at", Mon, 27 Oct 2014 10:08:03 NZDT +13:00], ["endplace_id", 974], ["isDest", true], ["startplace_id", 471], ["updated_at", Mon, 27 Oct 2014 10:08:03 NZDT +13:00], ["url", "xrv272xrv-22xrv219xrv-220xrv-21xrv-221xrv-222xrv-223xrv-224"]]
  [1m[35mPlace Load (0.3ms)[0m  SELECT "places".* FROM "places" WHERE "places"."id" = 397 LIMIT 1
  [1m[36m (1.1ms)[0m  [1mSELECT COUNT(*) FROM "route_indices" WHERE (url = 'xrv272xrv-22xrv-218xrv-217xrv-216xrv-214xrv-213xrv-211xrv-210')[0m
  [1m[35mPlaceType Load (0.2ms)[0m  select * from place_types where name='Hut'
  [1m[36mSQL (0.4ms)[0m  [1mINSERT INTO "route_indices" ("created_at", "endplace_id", "isDest", "startplace_id", "updated_at", "url") VALUES ($1, $2, $3, $4, $5, $6) RETURNING "id"[0m  [["created_at", Mon, 27 Oct 2014 10:08:03 NZDT +13:00], ["endplace_id", 397], ["isDest", true], ["startplace_id", 471], ["updated_at", Mon, 27 Oct 2014 10:08:03 NZDT +13:00], ["url", "xrv272xrv-22xrv-218xrv-217xrv-216xrv-214xrv-213xrv-211xrv-210"]]
  [1m[35mPlace Load (0.3ms)[0m  SELECT "places".* FROM "places" WHERE "places"."id" = 207 LIMIT 1
  [1m[36m (1.1ms)[0m  [1mSELECT COUNT(*) FROM "route_indices" WHERE (url = 'xrv272xrv272xrv239xrv240xrv-227xrv-226xrv-225xrv222xrv-238xrv-235')[0m
  [1m[35mPlaceType Load (0.2ms)[0m  select * from place_types where name='Hut'
  [1m[36mSQL (0.4ms)[0m  [1mINSERT INTO "route_indices" ("created_at", "endplace_id", "isDest", "startplace_id", "updated_at", "url") VALUES ($1, $2, $3, $4, $5, $6) RETURNING "id"[0m  [["created_at", Mon, 27 Oct 2014 10:08:03 NZDT +13:00], ["endplace_id", 207], ["isDest", true], ["startplace_id", 471], ["updated_at", Mon, 27 Oct 2014 10:08:03 NZDT +13:00], ["url", "xrv272xrv272xrv239xrv240xrv-227xrv-226xrv-225xrv222xrv-238xrv-235"]]
  [1m[35mPlace Load (0.3ms)[0m  SELECT "places".* FROM "places" WHERE "places"."id" = 207 LIMIT 1
  [1m[36m (1.1ms)[0m  [1mSELECT COUNT(*) FROM "route_indices" WHERE (url = 'xrv272xrv272xrv239xrv240xrv-227xrv-226xrv-225xrv-223xrv-237xrv-235')[0m
  [1m[35mPlaceType Load (0.3ms)[0m  select * from place_types where name='Hut'
  [1m[36mSQL (0.4ms)[0m  [1mINSERT INTO "route_indices" ("created_at", "endplace_id", "isDest", "startplace_id", "updated_at", "url") VALUES ($1, $2, $3, $4, $5, $6) RETURNING "id"[0m  [["created_at", Mon, 27 Oct 2014 10:08:03 NZDT +13:00], ["endplace_id", 207], ["isDest", true], ["startplace_id", 471], ["updated_at", Mon, 27 Oct 2014 10:08:03 NZDT +13:00], ["url", "xrv272xrv272xrv239xrv240xrv-227xrv-226xrv-225xrv-223xrv-237xrv-235"]]
  [1m[35mPlace Load (0.3ms)[0m  SELECT "places".* FROM "places" WHERE "places"."id" = 650 LIMIT 1
  [1m[36m (1.1ms)[0m  [1mSELECT COUNT(*) FROM "route_indices" WHERE (url = 'xrv272xrv272xrv224xrv223xrv222xrv221xrv21xrv220xrv231xrv233')[0m
  [1m[35mPlaceType Load (0.2ms)[0m  select * from place_types where name='Hut'
  [1m[36mSQL (0.4ms)[0m  [1mINSERT INTO "route_indices" ("created_at", "endplace_id", "isDest", "startplace_id", "updated_at", "url") VALUES ($1, $2, $3, $4, $5, $6) RETURNING "id"[0m  [["created_at", Mon, 27 Oct 2014 10:08:03 NZDT +13:00], ["endplace_id", 650], ["isDest", true], ["startplace_id", 471], ["updated_at", Mon, 27 Oct 2014 10:08:03 NZDT +13:00], ["url", "xrv272xrv272xrv224xrv223xrv222xrv221xrv21xrv220xrv231xrv233"]]
  [1m[35mPlace Load (0.3ms)[0m  SELECT "places".* FROM "places" WHERE "places"."id" = 976 LIMIT 1
  [1m[36m (1.0ms)[0m  [1mSELECT COUNT(*) FROM "route_indices" WHERE (url = 'xrv272xrv272xrv224xrv223xrv222xrv-238xrv-235xrv-234xrv-233xrv-231')[0m
  [1m[35mPlaceType Load (0.2ms)[0m  select * from place_types where name='Summit'
  [1m[36mSQL (0.4ms)[0m  [1mINSERT INTO "route_indices" ("created_at", "endplace_id", "isDest", "startplace_id", "updated_at", "url") VALUES ($1, $2, $3, $4, $5, $6) RETURNING "id"[0m  [["created_at", Mon, 27 Oct 2014 10:08:03 NZDT +13:00], ["endplace_id", 976], ["isDest", true], ["startplace_id", 471], ["updated_at", Mon, 27 Oct 2014 10:08:03 NZDT +13:00], ["url", "xrv272xrv272xrv224xrv223xrv222xrv-238xrv-235xrv-234xrv-233xrv-231"]]
  [1m[35mPlace Load (0.3ms)[0m  SELECT "places".* FROM "places" WHERE "places"."id" = 1132 LIMIT 1
  [1m[36m (1.0ms)[0m  [1mSELECT COUNT(*) FROM "route_indices" WHERE (url = 'xrv272xrv272xrv224xrv223xrv222xrv-238xrv-235xrv-243xrv-242xrv-241')[0m
  [1m[35mPlaceType Load (0.2ms)[0m  select * from place_types where name='Campsite'
  [1m[36mSQL (0.4ms)[0m  [1mINSERT INTO "route_indices" ("created_at", "endplace_id", "isDest", "startplace_id", "updated_at", "url") VALUES ($1, $2, $3, $4, $5, $6) RETURNING "id"[0m  [["created_at", Mon, 27 Oct 2014 10:08:03 NZDT +13:00], ["endplace_id", 1132], ["isDest", true], ["startplace_id", 471], ["updated_at", Mon, 27 Oct 2014 10:08:03 NZDT +13:00], ["url", "xrv272xrv272xrv224xrv223xrv222xrv-238xrv-235xrv-243xrv-242xrv-241"]]
  [1m[35mPlace Load (0.3ms)[0m  SELECT "places".* FROM "places" WHERE "places"."id" = 1128 LIMIT 1
  [1m[36m (1.1ms)[0m  [1mSELECT COUNT(*) FROM "route_indices" WHERE (url = 'xrv272xrv272xrv224xrv223xrv225xrv226xrv227xrv228xrv229xrv230')[0m
  [1m[35mPlaceType Load (0.2ms)[0m  select * from place_types where name='Roadend'
  [1m[36mSQL (0.4ms)[0m  [1mINSERT INTO "route_indices" ("created_at", "endplace_id", "isDest", "startplace_id", "updated_at", "url") VALUES ($1, $2, $3, $4, $5, $6) RETURNING "id"[0m  [["created_at", Mon, 27 Oct 2014 10:08:03 NZDT +13:00], ["endplace_id", 1128], ["isDest", true], ["startplace_id", 471], ["updated_at", Mon, 27 Oct 2014 10:08:03 NZDT +13:00], ["url", "xrv272xrv272xrv224xrv223xrv225xrv226xrv227xrv228xrv229xrv230"]]
  [1m[35mPlace Load (0.3ms)[0m  SELECT "places".* FROM "places" WHERE "places"."id" = 650 LIMIT 1
  [1m[36m (1.1ms)[0m  [1mSELECT COUNT(*) FROM "route_indices" WHERE (url = 'xrv272xrv272xrv224xrv-237xrv238xrv221xrv21xrv220xrv231xrv233')[0m
  [1m[35mPlaceType Load (0.2ms)[0m  select * from place_types where name='Hut'
  [1m[36mSQL (0.4ms)[0m  [1mINSERT INTO "route_indices" ("created_at", "endplace_id", "isDest", "startplace_id", "updated_at", "url") VALUES ($1, $2, $3, $4, $5, $6) RETURNING "id"[0m  [["created_at", Mon, 27 Oct 2014 10:08:03 NZDT +13:00], ["endplace_id", 650], ["isDest", true], ["startplace_id", 471], ["updated_at", Mon, 27 Oct 2014 10:08:03 NZDT +13:00], ["url", "xrv272xrv272xrv224xrv-237xrv238xrv221xrv21xrv220xrv231xrv233"]]
  [1m[35mPlace Load (0.3ms)[0m  SELECT "places".* FROM "places" WHERE "places"."id" = 1125 LIMIT 1
  [1m[36m (1.0ms)[0m  [1mSELECT COUNT(*) FROM "route_indices" WHERE (url = 'xrv272xrv-22xrv219xrv231xrv233xrv234xrv235xrv237xrv223xrv225')[0m
  [1m[35mPlaceType Load (0.2ms)[0m  select * from place_types where name='Campsite'
  [1m[36mSQL (4.2ms)[0m  [1mINSERT INTO "route_indices" ("created_at", "endplace_id", "isDest", "startplace_id", "updated_at", "url") VALUES ($1, $2, $3, $4, $5, $6) RETURNING "id"[0m  [["created_at", Mon, 27 Oct 2014 10:08:03 NZDT +13:00], ["endplace_id", 1125], ["isDest", true], ["startplace_id", 471], ["updated_at", Mon, 27 Oct 2014 10:08:03 NZDT +13:00], ["url", "xrv272xrv-22xrv219xrv231xrv233xrv234xrv235xrv237xrv223xrv225"]]
  [1m[35mPlace Load (0.7ms)[0m  SELECT "places".* FROM "places" WHERE "places"."id" = 1125 LIMIT 1
  [1m[36m (1.4ms)[0m  [1mSELECT COUNT(*) FROM "route_indices" WHERE (url = 'xrv272xrv-22xrv219xrv231xrv233xrv234xrv235xrv238xrv-222xrv225')[0m
  [1m[35mPlaceType Load (0.2ms)[0m  select * from place_types where name='Campsite'
  [1m[36mSQL (0.5ms)[0m  [1mINSERT INTO "route_indices" ("created_at", "endplace_id", "isDest", "startplace_id", "updated_at", "url") VALUES ($1, $2, $3, $4, $5, $6) RETURNING "id"[0m  [["created_at", Mon, 27 Oct 2014 10:08:03 NZDT +13:00], ["endplace_id", 1125], ["isDest", true], ["startplace_id", 471], ["updated_at", Mon, 27 Oct 2014 10:08:03 NZDT +13:00], ["url", "xrv272xrv-22xrv219xrv231xrv233xrv234xrv235xrv238xrv-222xrv225"]]
  [1m[35mPlace Load (0.3ms)[0m  SELECT "places".* FROM "places" WHERE "places"."id" = 1125 LIMIT 1
  [1m[36m (1.0ms)[0m  [1mSELECT COUNT(*) FROM "route_indices" WHERE (url = 'xrv272xrv-22xrv219xrv-220xrv-21xrv-221xrv-238xrv237xrv223xrv225')[0m
  [1m[35mPlaceType Load (0.2ms)[0m  select * from place_types where name='Campsite'
  [1m[36mSQL (0.4ms)[0m  [1mINSERT INTO "route_indices" ("created_at", "endplace_id", "isDest", "startplace_id", "updated_at", "url") VALUES ($1, $2, $3, $4, $5, $6) RETURNING "id"[0m  [["created_at", Mon, 27 Oct 2014 10:08:03 NZDT +13:00], ["endplace_id", 1125], ["isDest", true], ["startplace_id", 471], ["updated_at", Mon, 27 Oct 2014 10:08:03 NZDT +13:00], ["url", "xrv272xrv-22xrv219xrv-220xrv-21xrv-221xrv-238xrv237xrv223xrv225"]]
  [1m[35mPlace Load (0.3ms)[0m  SELECT "places".* FROM "places" WHERE "places"."id" = 45 LIMIT 1
  [1m[36m (1.2ms)[0m  [1mSELECT COUNT(*) FROM "route_indices" WHERE (url = 'xrv272xrv-22xrv219xrv-220xrv-21xrv-221xrv-238xrv-235xrv-234xrv-233')[0m
  [1m[35mPlaceType Load (0.3ms)[0m  select * from place_types where name='Hut'
  [1m[36mSQL (0.4ms)[0m  [1mINSERT INTO "route_indices" ("created_at", "endplace_id", "isDest", "startplace_id", "updated_at", "url") VALUES ($1, $2, $3, $4, $5, $6) RETURNING "id"[0m  [["created_at", Mon, 27 Oct 2014 10:08:03 NZDT +13:00], ["endplace_id", 45], ["isDest", true], ["startplace_id", 471], ["updated_at", Mon, 27 Oct 2014 10:08:03 NZDT +13:00], ["url", "xrv272xrv-22xrv219xrv-220xrv-21xrv-221xrv-238xrv-235xrv-234xrv-233"]]
  [1m[35mPlace Load (0.3ms)[0m  SELECT "places".* FROM "places" WHERE "places"."id" = 207 LIMIT 1
  [1m[36m (1.0ms)[0m  [1mSELECT COUNT(*) FROM "route_indices" WHERE (url = 'xrv272xrv-22xrv219xrv-220xrv-21xrv-221xrv-222xrv-223xrv-237xrv-235')[0m
  [1m[35mPlaceType Load (0.2ms)[0m  select * from place_types where name='Hut'
  [1m[36mSQL (0.4ms)[0m  [1mINSERT INTO "route_indices" ("created_at", "endplace_id", "isDest", "startplace_id", "updated_at", "url") VALUES ($1, $2, $3, $4, $5, $6) RETURNING "id"[0m  [["created_at", Mon, 27 Oct 2014 10:08:03 NZDT +13:00], ["endplace_id", 207], ["isDest", true], ["startplace_id", 471], ["updated_at", Mon, 27 Oct 2014 10:08:03 NZDT +13:00], ["url", "xrv272xrv-22xrv219xrv-220xrv-21xrv-221xrv-222xrv-223xrv-237xrv-235"]]
  [1m[35mPlace Load (0.3ms)[0m  SELECT "places".* FROM "places" WHERE "places"."id" = 976 LIMIT 1
  [1m[36m (1.0ms)[0m  [1mSELECT COUNT(*) FROM "route_indices" WHERE (url = 'xrv272xrv272xrv239xrv240xrv-227xrv-226xrv-225xrv222xrv221xrv21xrv220')[0m
  [1m[35mPlaceType Load (0.2ms)[0m  select * from place_types where name='Summit'
  [1m[36mSQL (0.3ms)[0m  [1mINSERT INTO "route_indices" ("created_at", "endplace_id", "isDest", "startplace_id", "updated_at", "url") VALUES ($1, $2, $3, $4, $5, $6) RETURNING "id"[0m  [["created_at", Mon, 27 Oct 2014 10:08:03 NZDT +13:00], ["endplace_id", 976], ["isDest", true], ["startplace_id", 471], ["updated_at", Mon, 27 Oct 2014 10:08:03 NZDT +13:00], ["url", "xrv272xrv272xrv239xrv240xrv-227xrv-226xrv-225xrv222xrv221xrv21xrv220"]]
  [1m[35mPlace Load (0.3ms)[0m  SELECT "places".* FROM "places" WHERE "places"."id" = 1124 LIMIT 1
  [1m[36m (1.1ms)[0m  [1mSELECT COUNT(*) FROM "route_indices" WHERE (url = 'xrv272xrv272xrv239xrv240xrv-227xrv-226xrv-225xrv222xrv-238xrv237')[0m
  [1m[35mPlaceType Load (0.2ms)[0m  select * from place_types where name='Junction'
  [1m[36mSQL (0.4ms)[0m  [1mINSERT INTO "route_indices" ("created_at", "endplace_id", "isDest", "startplace_id", "updated_at", "url") VALUES ($1, $2, $3, $4, $5, $6) RETURNING "id"[0m  [["created_at", Mon, 27 Oct 2014 10:08:03 NZDT +13:00], ["endplace_id", 1124], ["isDest", false], ["startplace_id", 471], ["updated_at", Mon, 27 Oct 2014 10:08:03 NZDT +13:00], ["url", "xrv272xrv272xrv239xrv240xrv-227xrv-226xrv-225xrv222xrv-238xrv237"]]
  [1m[35mPlace Load (0.3ms)[0m  SELECT "places".* FROM "places" WHERE "places"."id" = 650 LIMIT 1
  [1m[36m (1.0ms)[0m  [1mSELECT COUNT(*) FROM "route_indices" WHERE (url = 'xrv272xrv272xrv239xrv240xrv-227xrv-226xrv-225xrv222xrv-238xrv-235xrv-234')[0m
  [1m[35mPlaceType Load (0.3ms)[0m  select * from place_types where name='Hut'
  [1m[36mSQL (0.4ms)[0m  [1mINSERT INTO "route_indices" ("created_at", "endplace_id", "isDest", "startplace_id", "updated_at", "url") VALUES ($1, $2, $3, $4, $5, $6) RETURNING "id"[0m  [["created_at", Mon, 27 Oct 2014 10:08:03 NZDT +13:00], ["endplace_id", 650], ["isDest", true], ["startplace_id", 471], ["updated_at", Mon, 27 Oct 2014 10:08:03 NZDT +13:00], ["url", "xrv272xrv272xrv239xrv240xrv-227xrv-226xrv-225xrv222xrv-238xrv-235xrv-234"]]
  [1m[35mPlace Load (0.3ms)[0m  SELECT "places".* FROM "places" WHERE "places"."id" = 650 LIMIT 1
  [1m[36m (1.0ms)[0m  [1mSELECT COUNT(*) FROM "route_indices" WHERE (url = 'xrv272xrv272xrv239xrv240xrv-227xrv-226xrv-225xrv-223xrv-237xrv-235xrv-234')[0m
  [1m[35mPlaceType Load (0.3ms)[0m  select * from place_types where name='Hut'
  [1m[36mSQL (0.4ms)[0m  [1mINSERT INTO "route_indices" ("created_at", "endplace_id", "isDest", "startplace_id", "updated_at", "url") VALUES ($1, $2, $3, $4, $5, $6) RETURNING "id"[0m  [["created_at", Mon, 27 Oct 2014 10:08:03 NZDT +13:00], ["endplace_id", 650], ["isDest", true], ["startplace_id", 471], ["updated_at", Mon, 27 Oct 2014 10:08:03 NZDT +13:00], ["url", "xrv272xrv272xrv239xrv240xrv-227xrv-226xrv-225xrv-223xrv-237xrv-235xrv-234"]]
  [1m[35mPlace Load (0.3ms)[0m  SELECT "places".* FROM "places" WHERE "places"."id" = 207 LIMIT 1
  [1m[36m (1.0ms)[0m  [1mSELECT COUNT(*) FROM "route_indices" WHERE (url = 'xrv272xrv272xrv224xrv223xrv222xrv221xrv21xrv220xrv231xrv233xrv234')[0m
  [1m[35mPlaceType Load (0.2ms)[0m  select * from place_types where name='Hut'
  [1m[36mSQL (0.4ms)[0m  [1mINSERT INTO "route_indices" ("created_at", "endplace_id", "isDest", "startplace_id", "updated_at", "url") VALUES ($1, $2, $3, $4, $5, $6) RETURNING "id"[0m  [["created_at", Mon, 27 Oct 2014 10:08:03 NZDT +13:00], ["endplace_id", 207], ["isDest", true], ["startplace_id", 471], ["updated_at", Mon, 27 Oct 2014 10:08:03 NZDT +13:00], ["url", "xrv272xrv272xrv224xrv223xrv222xrv221xrv21xrv220xrv231xrv233xrv234"]]
  [1m[35mPlace Load (0.3ms)[0m  SELECT "places".* FROM "places" WHERE "places"."id" = 207 LIMIT 1
  [1m[36m (1.0ms)[0m  [1mSELECT COUNT(*) FROM "route_indices" WHERE (url = 'xrv272xrv272xrv224xrv-237xrv238xrv221xrv21xrv220xrv231xrv233xrv234')[0m
  [1m[35mPlaceType Load (0.2ms)[0m  select * from place_types where name='Hut'
  [1m[36mSQL (0.3ms)[0m  [1mINSERT INTO "route_indices" ("created_at", "endplace_id", "isDest", "startplace_id", "updated_at", "url") VALUES ($1, $2, $3, $4, $5, $6) RETURNING "id"[0m  [["created_at", Mon, 27 Oct 2014 10:08:03 NZDT +13:00], ["endplace_id", 207], ["isDest", true], ["startplace_id", 471], ["updated_at", Mon, 27 Oct 2014 10:08:03 NZDT +13:00], ["url", "xrv272xrv272xrv224xrv-237xrv238xrv221xrv21xrv220xrv231xrv233xrv234"]]
  [1m[35mPlace Load (0.3ms)[0m  SELECT "places".* FROM "places" WHERE "places"."id" = 419 LIMIT 1
  [1m[36m (1.0ms)[0m  [1mSELECT COUNT(*) FROM "route_indices" WHERE (url = 'xrv272xrv272xrv224xrv-237xrv238xrv-222xrv225xrv226xrv227xrv228xrv229')[0m
  [1m[35mPlaceType Load (0.2ms)[0m  select * from place_types where name='Hut'
  [1m[36mSQL (0.4ms)[0m  [1mINSERT INTO "route_indices" ("created_at", "endplace_id", "isDest", "startplace_id", "updated_at", "url") VALUES ($1, $2, $3, $4, $5, $6) RETURNING "id"[0m  [["created_at", Mon, 27 Oct 2014 10:08:03 NZDT +13:00], ["endplace_id", 419], ["isDest", true], ["startplace_id", 471], ["updated_at", Mon, 27 Oct 2014 10:08:03 NZDT +13:00], ["url", "xrv272xrv272xrv224xrv-237xrv238xrv-222xrv225xrv226xrv227xrv228xrv229"]]
  [1m[35mPlace Load (0.3ms)[0m  SELECT "places".* FROM "places" WHERE "places"."id" = 1130 LIMIT 1
  [1m[36m (1.0ms)[0m  [1mSELECT COUNT(*) FROM "route_indices" WHERE (url = 'xrv272xrv272xrv224xrv-237xrv238xrv-222xrv225xrv226xrv227xrv-240')[0m
  [1m[35mPlaceType Load (0.2ms)[0m  select * from place_types where name='Junction'
  [1m[36mSQL (0.4ms)[0m  [1mINSERT INTO "route_indices" ("created_at", "endplace_id", "isDest", "startplace_id", "updated_at", "url") VALUES ($1, $2, $3, $4, $5, $6) RETURNING "id"[0m  [["created_at", Mon, 27 Oct 2014 10:08:03 NZDT +13:00], ["endplace_id", 1130], ["isDest", false], ["startplace_id", 471], ["updated_at", Mon, 27 Oct 2014 10:08:03 NZDT +13:00], ["url", "xrv272xrv272xrv224xrv-237xrv238xrv-222xrv225xrv226xrv227xrv-240"]]
  [1m[35mPlace Load (0.3ms)[0m  SELECT "places".* FROM "places" WHERE "places"."id" = 769 LIMIT 1
  [1m[36m (1.0ms)[0m  [1mSELECT COUNT(*) FROM "route_indices" WHERE (url = 'xrv272xrv-22xrv219xrv231xrv233xrv234xrv235xrv237xrv223xrv225xrv226')[0m
  [1m[35mPlaceType Load (0.2ms)[0m  select * from place_types where name='Hut'
  [1m[36mSQL (0.3ms)[0m  [1mINSERT INTO "route_indices" ("created_at", "endplace_id", "isDest", "startplace_id", "updated_at", "url") VALUES ($1, $2, $3, $4, $5, $6) RETURNING "id"[0m  [["created_at", Mon, 27 Oct 2014 10:08:03 NZDT +13:00], ["endplace_id", 769], ["isDest", true], ["startplace_id", 471], ["updated_at", Mon, 27 Oct 2014 10:08:03 NZDT +13:00], ["url", "xrv272xrv-22xrv219xrv231xrv233xrv234xrv235xrv237xrv223xrv225xrv226"]]
  [1m[35mPlace Load (0.3ms)[0m  SELECT "places".* FROM "places" WHERE "places"."id" = 1121 LIMIT 1
  [1m[36m (0.9ms)[0m  [1mSELECT COUNT(*) FROM "route_indices" WHERE (url = 'xrv272xrv-22xrv219xrv231xrv233xrv234xrv235xrv238xrv221xrv21')[0m
  [1m[35mPlaceType Load (0.2ms)[0m  select * from place_types where name='Junction'
  [1m[36mSQL (0.3ms)[0m  [1mINSERT INTO "route_indices" ("created_at", "endplace_id", "isDest", "startplace_id", "updated_at", "url") VALUES ($1, $2, $3, $4, $5, $6) RETURNING "id"[0m  [["created_at", Mon, 27 Oct 2014 10:08:03 NZDT +13:00], ["endplace_id", 1121], ["isDest", false], ["startplace_id", 471], ["updated_at", Mon, 27 Oct 2014 10:08:03 NZDT +13:00], ["url", "xrv272xrv-22xrv219xrv231xrv233xrv234xrv235xrv238xrv221xrv21"]]
  [1m[35mPlace Load (0.3ms)[0m  SELECT "places".* FROM "places" WHERE "places"."id" = 769 LIMIT 1
  [1m[36m (1.0ms)[0m  [1mSELECT COUNT(*) FROM "route_indices" WHERE (url = 'xrv272xrv-22xrv219xrv231xrv233xrv234xrv235xrv238xrv-222xrv225xrv226')[0m
  [1m[35mPlaceType Load (0.2ms)[0m  select * from place_types where name='Hut'
  [1m[36mSQL (0.4ms)[0m  [1mINSERT INTO "route_indices" ("created_at", "endplace_id", "isDest", "startplace_id", "updated_at", "url") VALUES ($1, $2, $3, $4, $5, $6) RETURNING "id"[0m  [["created_at", Mon, 27 Oct 2014 10:08:03 NZDT +13:00], ["endplace_id", 769], ["isDest", true], ["startplace_id", 471], ["updated_at", Mon, 27 Oct 2014 10:08:03 NZDT +13:00], ["url", "xrv272xrv-22xrv219xrv231xrv233xrv234xrv235xrv238xrv-222xrv225xrv226"]]
  [1m[35mPlace Load (0.3ms)[0m  SELECT "places".* FROM "places" WHERE "places"."id" = 974 LIMIT 1
  [1m[36m (1.0ms)[0m  [1mSELECT COUNT(*) FROM "route_indices" WHERE (url = 'xrv272xrv-22xrv219xrv231xrv233xrv234xrv235xrv238xrv-222xrv-223xrv-224')[0m
  [1m[35mPlaceType Load (0.2ms)[0m  select * from place_types where name='Roadend'
  [1m[36mSQL (0.4ms)[0m  [1mINSERT INTO "route_indices" ("created_at", "endplace_id", "isDest", "startplace_id", "updated_at", "url") VALUES ($1, $2, $3, $4, $5, $6) RETURNING "id"[0m  [["created_at", Mon, 27 Oct 2014 10:08:03 NZDT +13:00], ["endplace_id", 974], ["isDest", true], ["startplace_id", 471], ["updated_at", Mon, 27 Oct 2014 10:08:03 NZDT +13:00], ["url", "xrv272xrv-22xrv219xrv231xrv233xrv234xrv235xrv238xrv-222xrv-223xrv-224"]]
  [1m[35mPlace Load (0.3ms)[0m  SELECT "places".* FROM "places" WHERE "places"."id" = 769 LIMIT 1
  [1m[36m (1.0ms)[0m  [1mSELECT COUNT(*) FROM "route_indices" WHERE (url = 'xrv272xrv-22xrv219xrv-220xrv-21xrv-221xrv-238xrv237xrv223xrv225xrv226')[0m
  [1m[35mPlaceType Load (0.2ms)[0m  select * from place_types where name='Hut'
  [1m[36mSQL (0.4ms)[0m  [1mINSERT INTO "route_indices" ("created_at", "endplace_id", "isDest", "startplace_id", "updated_at", "url") VALUES ($1, $2, $3, $4, $5, $6) RETURNING "id"[0m  [["created_at", Mon, 27 Oct 2014 10:08:03 NZDT +13:00], ["endplace_id", 769], ["isDest", true], ["startplace_id", 471], ["updated_at", Mon, 27 Oct 2014 10:08:03 NZDT +13:00], ["url", "xrv272xrv-22xrv219xrv-220xrv-21xrv-221xrv-238xrv237xrv223xrv225xrv226"]]
  [1m[35mPlace Load (0.3ms)[0m  SELECT "places".* FROM "places" WHERE "places"."id" = 1132 LIMIT 1
  [1m[36m (1.0ms)[0m  [1mSELECT COUNT(*) FROM "route_indices" WHERE (url = 'xrv272xrv-22xrv219xrv-220xrv-21xrv-221xrv-238xrv-235xrv-243xrv-242xrv-241')[0m
  [1m[35mPlaceType Load (0.2ms)[0m  select * from place_types where name='Campsite'
  [1m[36mSQL (0.4ms)[0m  [1mINSERT INTO "route_indices" ("created_at", "endplace_id", "isDest", "startplace_id", "updated_at", "url") VALUES ($1, $2, $3, $4, $5, $6) RETURNING "id"[0m  [["created_at", Mon, 27 Oct 2014 10:08:03 NZDT +13:00], ["endplace_id", 1132], ["isDest", true], ["startplace_id", 471], ["updated_at", Mon, 27 Oct 2014 10:08:03 NZDT +13:00], ["url", "xrv272xrv-22xrv219xrv-220xrv-21xrv-221xrv-238xrv-235xrv-243xrv-242xrv-241"]]
  [1m[35mPlace Load (0.3ms)[0m  SELECT "places".* FROM "places" WHERE "places"."id" = 650 LIMIT 1
  [1m[36m (1.0ms)[0m  [1mSELECT COUNT(*) FROM "route_indices" WHERE (url = 'xrv272xrv-22xrv219xrv-220xrv-21xrv-221xrv-222xrv-223xrv-237xrv-235xrv-234')[0m
  [1m[35mPlaceType Load (0.2ms)[0m  select * from place_types where name='Hut'
  [1m[36mSQL (0.4ms)[0m  [1mINSERT INTO "route_indices" ("created_at", "endplace_id", "isDest", "startplace_id", "updated_at", "url") VALUES ($1, $2, $3, $4, $5, $6) RETURNING "id"[0m  [["created_at", Mon, 27 Oct 2014 10:08:03 NZDT +13:00], ["endplace_id", 650], ["isDest", true], ["startplace_id", 471], ["updated_at", Mon, 27 Oct 2014 10:08:03 NZDT +13:00], ["url", "xrv272xrv-22xrv219xrv-220xrv-21xrv-221xrv-222xrv-223xrv-237xrv-235xrv-234"]]
  [1m[35mPlace Load (0.3ms)[0m  SELECT "places".* FROM "places" WHERE "places"."id" = 343 LIMIT 1
  [1m[36m (1.1ms)[0m  [1mSELECT COUNT(*) FROM "route_indices" WHERE (url = 'xrv272xrv-22xrv-218xrv-217xrv-216xrv-214xrv-213xrv-211xrv-210xrv-209xrv-208')[0m
  [1m[35mPlaceType Load (0.2ms)[0m  select * from place_types where name='Hut'
  [1m[36mSQL (0.4ms)[0m  [1mINSERT INTO "route_indices" ("created_at", "endplace_id", "isDest", "startplace_id", "updated_at", "url") VALUES ($1, $2, $3, $4, $5, $6) RETURNING "id"[0m  [["created_at", Mon, 27 Oct 2014 10:08:03 NZDT +13:00], ["endplace_id", 343], ["isDest", true], ["startplace_id", 471], ["updated_at", Mon, 27 Oct 2014 10:08:03 NZDT +13:00], ["url", "xrv272xrv-22xrv-218xrv-217xrv-216xrv-214xrv-213xrv-211xrv-210xrv-209xrv-208"]]
  [1m[35mPlace Load (0.3ms)[0m  SELECT "places".* FROM "places" WHERE "places"."id" = 45 LIMIT 1
  [1m[36m (1.0ms)[0m  [1mSELECT COUNT(*) FROM "route_indices" WHERE (url = 'xrv272xrv272xrv239xrv240xrv-227xrv-226xrv-225xrv222xrv221xrv21xrv220xrv231')[0m
  [1m[35mPlaceType Load (0.2ms)[0m  select * from place_types where name='Hut'
  [1m[36mSQL (0.4ms)[0m  [1mINSERT INTO "route_indices" ("created_at", "endplace_id", "isDest", "startplace_id", "updated_at", "url") VALUES ($1, $2, $3, $4, $5, $6) RETURNING "id"[0m  [["created_at", Mon, 27 Oct 2014 10:08:03 NZDT +13:00], ["endplace_id", 45], ["isDest", true], ["startplace_id", 471], ["updated_at", Mon, 27 Oct 2014 10:08:03 NZDT +13:00], ["url", "xrv272xrv272xrv239xrv240xrv-227xrv-226xrv-225xrv222xrv221xrv21xrv220xrv231"]]
  [1m[35mPlace Load (0.3ms)[0m  SELECT "places".* FROM "places" WHERE "places"."id" = 45 LIMIT 1
  [1m[36m (1.0ms)[0m  [1mSELECT COUNT(*) FROM "route_indices" WHERE (url = 'xrv272xrv272xrv239xrv240xrv-227xrv-226xrv-225xrv222xrv-238xrv-235xrv-234xrv-233')[0m
  [1m[35mPlaceType Load (0.2ms)[0m  select * from place_types where name='Hut'
  [1m[36mSQL (0.4ms)[0m  [1mINSERT INTO "route_indices" ("created_at", "endplace_id", "isDest", "startplace_id", "updated_at", "url") VALUES ($1, $2, $3, $4, $5, $6) RETURNING "id"[0m  [["created_at", Mon, 27 Oct 2014 10:08:03 NZDT +13:00], ["endplace_id", 45], ["isDest", true], ["startplace_id", 471], ["updated_at", Mon, 27 Oct 2014 10:08:03 NZDT +13:00], ["url", "xrv272xrv272xrv239xrv240xrv-227xrv-226xrv-225xrv222xrv-238xrv-235xrv-234xrv-233"]]
  [1m[35mPlace Load (0.3ms)[0m  SELECT "places".* FROM "places" WHERE "places"."id" = 45 LIMIT 1
  [1m[36m (1.0ms)[0m  [1mSELECT COUNT(*) FROM "route_indices" WHERE (url = 'xrv272xrv272xrv239xrv240xrv-227xrv-226xrv-225xrv-223xrv-237xrv-235xrv-234xrv-233')[0m
  [1m[35mPlaceType Load (0.2ms)[0m  select * from place_types where name='Hut'
  [1m[36mSQL (0.4ms)[0m  [1mINSERT INTO "route_indices" ("created_at", "endplace_id", "isDest", "startplace_id", "updated_at", "url") VALUES ($1, $2, $3, $4, $5, $6) RETURNING "id"[0m  [["created_at", Mon, 27 Oct 2014 10:08:03 NZDT +13:00], ["endplace_id", 45], ["isDest", true], ["startplace_id", 471], ["updated_at", Mon, 27 Oct 2014 10:08:03 NZDT +13:00], ["url", "xrv272xrv272xrv239xrv240xrv-227xrv-226xrv-225xrv-223xrv-237xrv-235xrv-234xrv-233"]]
  [1m[35mPlace Load (0.3ms)[0m  SELECT "places".* FROM "places" WHERE "places"."id" = 1128 LIMIT 1
  [1m[36m (1.1ms)[0m  [1mSELECT COUNT(*) FROM "route_indices" WHERE (url = 'xrv272xrv272xrv224xrv-237xrv238xrv-222xrv225xrv226xrv227xrv228xrv229xrv230')[0m
  [1m[35mPlaceType Load (0.2ms)[0m  select * from place_types where name='Roadend'
  [1m[36mSQL (0.4ms)[0m  [1mINSERT INTO "route_indices" ("created_at", "endplace_id", "isDest", "startplace_id", "updated_at", "url") VALUES ($1, $2, $3, $4, $5, $6) RETURNING "id"[0m  [["created_at", Mon, 27 Oct 2014 10:08:03 NZDT +13:00], ["endplace_id", 1128], ["isDest", true], ["startplace_id", 471], ["updated_at", Mon, 27 Oct 2014 10:08:03 NZDT +13:00], ["url", "xrv272xrv272xrv224xrv-237xrv238xrv-222xrv225xrv226xrv227xrv228xrv229xrv230"]]
  [1m[35mPlace Load (0.3ms)[0m  SELECT "places".* FROM "places" WHERE "places"."id" = 769 LIMIT 1
  [1m[36m (1.0ms)[0m  [1mSELECT COUNT(*) FROM "route_indices" WHERE (url = 'xrv272xrv-22xrv219xrv231xrv233xrv234xrv235xrv237xrv-224xrv239xrv240xrv-227')[0m
  [1m[35mPlaceType Load (0.2ms)[0m  select * from place_types where name='Hut'
  [1m[36mSQL (0.4ms)[0m  [1mINSERT INTO "route_indices" ("created_at", "endplace_id", "isDest", "startplace_id", "updated_at", "url") VALUES ($1, $2, $3, $4, $5, $6) RETURNING "id"[0m  [["created_at", Mon, 27 Oct 2014 10:08:03 NZDT +13:00], ["endplace_id", 769], ["isDest", true], ["startplace_id", 471], ["updated_at", Mon, 27 Oct 2014 10:08:03 NZDT +13:00], ["url", "xrv272xrv-22xrv219xrv231xrv233xrv234xrv235xrv237xrv-224xrv239xrv240xrv-227"]]
  [1m[35mPlace Load (0.3ms)[0m  SELECT "places".* FROM "places" WHERE "places"."id" = 769 LIMIT 1
  [1m[36m (1.0ms)[0m  [1mSELECT COUNT(*) FROM "route_indices" WHERE (url = 'xrv272xrv-22xrv219xrv-220xrv-21xrv-221xrv-238xrv237xrv-224xrv239xrv240xrv-227')[0m
  [1m[35mPlaceType Load (0.2ms)[0m  select * from place_types where name='Hut'
  [1m[36mSQL (0.4ms)[0m  [1mINSERT INTO "route_indices" ("created_at", "endplace_id", "isDest", "startplace_id", "updated_at", "url") VALUES ($1, $2, $3, $4, $5, $6) RETURNING "id"[0m  [["created_at", Mon, 27 Oct 2014 10:08:03 NZDT +13:00], ["endplace_id", 769], ["isDest", true], ["startplace_id", 471], ["updated_at", Mon, 27 Oct 2014 10:08:03 NZDT +13:00], ["url", "xrv272xrv-22xrv219xrv-220xrv-21xrv-221xrv-238xrv237xrv-224xrv239xrv240xrv-227"]]
  [1m[35mPlace Load (0.3ms)[0m  SELECT "places".* FROM "places" WHERE "places"."id" = 419 LIMIT 1
  [1m[36m (1.0ms)[0m  [1mSELECT COUNT(*) FROM "route_indices" WHERE (url = 'xrv272xrv-22xrv219xrv-220xrv-21xrv-221xrv-222xrv225xrv226xrv227xrv228xrv229')[0m
  [1m[35mPlaceType Load (0.2ms)[0m  select * from place_types where name='Hut'
  [1m[36mSQL (0.4ms)[0m  [1mINSERT INTO "route_indices" ("created_at", "endplace_id", "isDest", "startplace_id", "updated_at", "url") VALUES ($1, $2, $3, $4, $5, $6) RETURNING "id"[0m  [["created_at", Mon, 27 Oct 2014 10:08:03 NZDT +13:00], ["endplace_id", 419], ["isDest", true], ["startplace_id", 471], ["updated_at", Mon, 27 Oct 2014 10:08:03 NZDT +13:00], ["url", "xrv272xrv-22xrv219xrv-220xrv-21xrv-221xrv-222xrv225xrv226xrv227xrv228xrv229"]]
  [1m[35mPlace Load (0.3ms)[0m  SELECT "places".* FROM "places" WHERE "places"."id" = 974 LIMIT 1
  [1m[36m (1.0ms)[0m  [1mSELECT COUNT(*) FROM "route_indices" WHERE (url = 'xrv272xrv-22xrv219xrv-220xrv-21xrv-221xrv-222xrv225xrv226xrv227xrv-240xrv-239')[0m
  [1m[35mPlaceType Load (0.2ms)[0m  select * from place_types where name='Roadend'
  [1m[36mSQL (0.4ms)[0m  [1mINSERT INTO "route_indices" ("created_at", "endplace_id", "isDest", "startplace_id", "updated_at", "url") VALUES ($1, $2, $3, $4, $5, $6) RETURNING "id"[0m  [["created_at", Mon, 27 Oct 2014 10:08:03 NZDT +13:00], ["endplace_id", 974], ["isDest", true], ["startplace_id", 471], ["updated_at", Mon, 27 Oct 2014 10:08:03 NZDT +13:00], ["url", "xrv272xrv-22xrv219xrv-220xrv-21xrv-221xrv-222xrv225xrv226xrv227xrv-240xrv-239"]]
  [1m[35mPlace Load (0.3ms)[0m  SELECT "places".* FROM "places" WHERE "places"."id" = 45 LIMIT 1
  [1m[36m (1.0ms)[0m  [1mSELECT COUNT(*) FROM "route_indices" WHERE (url = 'xrv272xrv-22xrv219xrv-220xrv-21xrv-221xrv-222xrv-223xrv-237xrv-235xrv-234xrv-233')[0m
  [1m[35mPlaceType Load (0.2ms)[0m  select * from place_types where name='Hut'
  [1m[36mSQL (0.4ms)[0m  [1mINSERT INTO "route_indices" ("created_at", "endplace_id", "isDest", "startplace_id", "updated_at", "url") VALUES ($1, $2, $3, $4, $5, $6) RETURNING "id"[0m  [["created_at", Mon, 27 Oct 2014 10:08:03 NZDT +13:00], ["endplace_id", 45], ["isDest", true], ["startplace_id", 471], ["updated_at", Mon, 27 Oct 2014 10:08:03 NZDT +13:00], ["url", "xrv272xrv-22xrv219xrv-220xrv-21xrv-221xrv-222xrv-223xrv-237xrv-235xrv-234xrv-233"]]
  [1m[35mPlace Load (0.3ms)[0m  SELECT "places".* FROM "places" WHERE "places"."id" = 769 LIMIT 1
  [1m[36m (1.0ms)[0m  [1mSELECT COUNT(*) FROM "route_indices" WHERE (url = 'xrv272xrv-22xrv219xrv-220xrv-21xrv-221xrv-222xrv-223xrv-224xrv239xrv240xrv-227')[0m
  [1m[35mPlaceType Load (0.2ms)[0m  select * from place_types where name='Hut'
  [1m[36mSQL (0.4ms)[0m  [1mINSERT INTO "route_indices" ("created_at", "endplace_id", "isDest", "startplace_id", "updated_at", "url") VALUES ($1, $2, $3, $4, $5, $6) RETURNING "id"[0m  [["created_at", Mon, 27 Oct 2014 10:08:03 NZDT +13:00], ["endplace_id", 769], ["isDest", true], ["startplace_id", 471], ["updated_at", Mon, 27 Oct 2014 10:08:03 NZDT +13:00], ["url", "xrv272xrv-22xrv219xrv-220xrv-21xrv-221xrv-222xrv-223xrv-224xrv239xrv240xrv-227"]]
  [1m[35mPlace Load (0.3ms)[0m  SELECT "places".* FROM "places" WHERE "places"."id" = 1114 LIMIT 1
  [1m[36m (1.0ms)[0m  [1mSELECT COUNT(*) FROM "route_indices" WHERE (url = 'xrv272xrv-22xrv-218xrv-217xrv-216xrv-214xrv-213xrv-211xrv-210xrv-209xrv-208xrv-207')[0m
  [1m[35mPlaceType Load (0.3ms)[0m  select * from place_types where name='Hut'
  [1m[36mSQL (0.4ms)[0m  [1mINSERT INTO "route_indices" ("created_at", "endplace_id", "isDest", "startplace_id", "updated_at", "url") VALUES ($1, $2, $3, $4, $5, $6) RETURNING "id"[0m  [["created_at", Mon, 27 Oct 2014 10:08:03 NZDT +13:00], ["endplace_id", 1114], ["isDest", true], ["startplace_id", 471], ["updated_at", Mon, 27 Oct 2014 10:08:03 NZDT +13:00], ["url", "xrv272xrv-22xrv-218xrv-217xrv-216xrv-214xrv-213xrv-211xrv-210xrv-209xrv-208xrv-207"]]
  [1m[35mPlace Load (0.3ms)[0m  SELECT "places".* FROM "places" WHERE "places"."id" = 650 LIMIT 1
  [1m[36m (1.1ms)[0m  [1mSELECT COUNT(*) FROM "route_indices" WHERE (url = 'xrv272xrv272xrv239xrv240xrv-227xrv-226xrv-225xrv222xrv221xrv21xrv220xrv231xrv233')[0m
  [1m[35mPlaceType Load (0.2ms)[0m  select * from place_types where name='Hut'
  [1m[36mSQL (0.4ms)[0m  [1mINSERT INTO "route_indices" ("created_at", "endplace_id", "isDest", "startplace_id", "updated_at", "url") VALUES ($1, $2, $3, $4, $5, $6) RETURNING "id"[0m  [["created_at", Mon, 27 Oct 2014 10:08:03 NZDT +13:00], ["endplace_id", 650], ["isDest", true], ["startplace_id", 471], ["updated_at", Mon, 27 Oct 2014 10:08:03 NZDT +13:00], ["url", "xrv272xrv272xrv239xrv240xrv-227xrv-226xrv-225xrv222xrv221xrv21xrv220xrv231xrv233"]]
  [1m[35mPlace Load (0.3ms)[0m  SELECT "places".* FROM "places" WHERE "places"."id" = 976 LIMIT 1
  [1m[36m (1.0ms)[0m  [1mSELECT COUNT(*) FROM "route_indices" WHERE (url = 'xrv272xrv272xrv239xrv240xrv-227xrv-226xrv-225xrv222xrv-238xrv-235xrv-234xrv-233xrv-231')[0m
  [1m[35mPlaceType Load (0.2ms)[0m  select * from place_types where name='Summit'
  [1m[36mSQL (0.4ms)[0m  [1mINSERT INTO "route_indices" ("created_at", "endplace_id", "isDest", "startplace_id", "updated_at", "url") VALUES ($1, $2, $3, $4, $5, $6) RETURNING "id"[0m  [["created_at", Mon, 27 Oct 2014 10:08:03 NZDT +13:00], ["endplace_id", 976], ["isDest", true], ["startplace_id", 471], ["updated_at", Mon, 27 Oct 2014 10:08:03 NZDT +13:00], ["url", "xrv272xrv272xrv239xrv240xrv-227xrv-226xrv-225xrv222xrv-238xrv-235xrv-234xrv-233xrv-231"]]
  [1m[35mPlace Load (0.3ms)[0m  SELECT "places".* FROM "places" WHERE "places"."id" = 1132 LIMIT 1
  [1m[36m (1.0ms)[0m  [1mSELECT COUNT(*) FROM "route_indices" WHERE (url = 'xrv272xrv272xrv239xrv240xrv-227xrv-226xrv-225xrv222xrv-238xrv-235xrv-243xrv-242xrv-241')[0m
  [1m[35mPlaceType Load (0.2ms)[0m  select * from place_types where name='Campsite'
  [1m[36mSQL (0.4ms)[0m  [1mINSERT INTO "route_indices" ("created_at", "endplace_id", "isDest", "startplace_id", "updated_at", "url") VALUES ($1, $2, $3, $4, $5, $6) RETURNING "id"[0m  [["created_at", Mon, 27 Oct 2014 10:08:03 NZDT +13:00], ["endplace_id", 1132], ["isDest", true], ["startplace_id", 471], ["updated_at", Mon, 27 Oct 2014 10:08:03 NZDT +13:00], ["url", "xrv272xrv272xrv239xrv240xrv-227xrv-226xrv-225xrv222xrv-238xrv-235xrv-243xrv-242xrv-241"]]
  [1m[35mPlace Load (0.4ms)[0m  SELECT "places".* FROM "places" WHERE "places"."id" = 976 LIMIT 1
  [1m[36m (1.1ms)[0m  [1mSELECT COUNT(*) FROM "route_indices" WHERE (url = 'xrv272xrv272xrv239xrv240xrv-227xrv-226xrv-225xrv-223xrv-237xrv238xrv221xrv21xrv220')[0m
  [1m[35mPlaceType Load (0.2ms)[0m  select * from place_types where name='Summit'
  [1m[36mSQL (0.4ms)[0m  [1mINSERT INTO "route_indices" ("created_at", "endplace_id", "isDest", "startplace_id", "updated_at", "url") VALUES ($1, $2, $3, $4, $5, $6) RETURNING "id"[0m  [["created_at", Mon, 27 Oct 2014 10:08:03 NZDT +13:00], ["endplace_id", 976], ["isDest", true], ["startplace_id", 471], ["updated_at", Mon, 27 Oct 2014 10:08:03 NZDT +13:00], ["url", "xrv272xrv272xrv239xrv240xrv-227xrv-226xrv-225xrv-223xrv-237xrv238xrv221xrv21xrv220"]]
  [1m[35mPlace Load (0.3ms)[0m  SELECT "places".* FROM "places" WHERE "places"."id" = 976 LIMIT 1
  [1m[36m (1.0ms)[0m  [1mSELECT COUNT(*) FROM "route_indices" WHERE (url = 'xrv272xrv272xrv239xrv240xrv-227xrv-226xrv-225xrv-223xrv-237xrv-235xrv-234xrv-233xrv-231')[0m
  [1m[35mPlaceType Load (0.2ms)[0m  select * from place_types where name='Summit'
  [1m[36mSQL (0.4ms)[0m  [1mINSERT INTO "route_indices" ("created_at", "endplace_id", "isDest", "startplace_id", "updated_at", "url") VALUES ($1, $2, $3, $4, $5, $6) RETURNING "id"[0m  [["created_at", Mon, 27 Oct 2014 10:08:03 NZDT +13:00], ["endplace_id", 976], ["isDest", true], ["startplace_id", 471], ["updated_at", Mon, 27 Oct 2014 10:08:03 NZDT +13:00], ["url", "xrv272xrv272xrv239xrv240xrv-227xrv-226xrv-225xrv-223xrv-237xrv-235xrv-234xrv-233xrv-231"]]
  [1m[35mPlace Load (0.3ms)[0m  SELECT "places".* FROM "places" WHERE "places"."id" = 1132 LIMIT 1
  [1m[36m (1.0ms)[0m  [1mSELECT COUNT(*) FROM "route_indices" WHERE (url = 'xrv272xrv272xrv239xrv240xrv-227xrv-226xrv-225xrv-223xrv-237xrv-235xrv-243xrv-242xrv-241')[0m
  [1m[35mPlaceType Load (0.2ms)[0m  select * from place_types where name='Campsite'
  [1m[36mSQL (0.4ms)[0m  [1mINSERT INTO "route_indices" ("created_at", "endplace_id", "isDest", "startplace_id", "updated_at", "url") VALUES ($1, $2, $3, $4, $5, $6) RETURNING "id"[0m  [["created_at", Mon, 27 Oct 2014 10:08:03 NZDT +13:00], ["endplace_id", 1132], ["isDest", true], ["startplace_id", 471], ["updated_at", Mon, 27 Oct 2014 10:08:03 NZDT +13:00], ["url", "xrv272xrv272xrv239xrv240xrv-227xrv-226xrv-225xrv-223xrv-237xrv-235xrv-243xrv-242xrv-241"]]
  [1m[35mPlace Load (0.3ms)[0m  SELECT "places".* FROM "places" WHERE "places"."id" = 1129 LIMIT 1
  [1m[36m (1.1ms)[0m  [1mSELECT COUNT(*) FROM "route_indices" WHERE (url = 'xrv272xrv272xrv224xrv223xrv222xrv221xrv21xrv220xrv231xrv233xrv234xrv235')[0m
  [1m[35mPlaceType Load (0.2ms)[0m  select * from place_types where name='Junction'
  [1m[36mSQL (0.4ms)[0m  [1mINSERT INTO "route_indices" ("created_at", "endplace_id", "isDest", "startplace_id", "updated_at", "url") VALUES ($1, $2, $3, $4, $5, $6) RETURNING "id"[0m  [["created_at", Mon, 27 Oct 2014 10:08:03 NZDT +13:00], ["endplace_id", 1129], ["isDest", false], ["startplace_id", 471], ["updated_at", Mon, 27 Oct 2014 10:08:03 NZDT +13:00], ["url", "xrv272xrv272xrv224xrv223xrv222xrv221xrv21xrv220xrv231xrv233xrv234xrv235"]]
  [1m[35mPlace Load (0.3ms)[0m  SELECT "places".* FROM "places" WHERE "places"."id" = 258 LIMIT 1
  [1m[36m (1.1ms)[0m  [1mSELECT COUNT(*) FROM "route_indices" WHERE (url = 'xrv272xrv272xrv224xrv223xrv222xrv221xrv21xrv220xrv-219xrv-218xrv-217xrv-216xrv215')[0m
  [1m[35mPlaceType Load (0.2ms)[0m  select * from place_types where name='Hut'
  [1m[36mSQL (0.4ms)[0m  [1mINSERT INTO "route_indices" ("created_at", "endplace_id", "isDest", "startplace_id", "updated_at", "url") VALUES ($1, $2, $3, $4, $5, $6) RETURNING "id"[0m  [["created_at", Mon, 27 Oct 2014 10:08:03 NZDT +13:00], ["endplace_id", 258], ["isDest", true], ["startplace_id", 471], ["updated_at", Mon, 27 Oct 2014 10:08:03 NZDT +13:00], ["url", "xrv272xrv272xrv224xrv223xrv222xrv221xrv21xrv220xrv-219xrv-218xrv-217xrv-216xrv215"]]
  [1m[35mPlace Load (0.3ms)[0m  SELECT "places".* FROM "places" WHERE "places"."id" = 58 LIMIT 1
  [1m[36m (1.0ms)[0m  [1mSELECT COUNT(*) FROM "route_indices" WHERE (url = 'xrv272xrv272xrv224xrv223xrv222xrv221xrv21xrv220xrv-219xrv-218xrv-217xrv-216xrv-214')[0m
  [1m[35mPlaceType Load (0.2ms)[0m  select * from place_types where name='Hut'
  [1m[36mSQL (0.4ms)[0m  [1mINSERT INTO "route_indices" ("created_at", "endplace_id", "isDest", "startplace_id", "updated_at", "url") VALUES ($1, $2, $3, $4, $5, $6) RETURNING "id"[0m  [["created_at", Mon, 27 Oct 2014 10:08:03 NZDT +13:00], ["endplace_id", 58], ["isDest", true], ["startplace_id", 471], ["updated_at", Mon, 27 Oct 2014 10:08:03 NZDT +13:00], ["url", "xrv272xrv272xrv224xrv223xrv222xrv221xrv21xrv220xrv-219xrv-218xrv-217xrv-216xrv-214"]]
  [1m[35mPlace Load (0.3ms)[0m  SELECT "places".* FROM "places" WHERE "places"."id" = 1122 LIMIT 1
  [1m[36m (1.1ms)[0m  [1mSELECT COUNT(*) FROM "route_indices" WHERE (url = 'xrv272xrv272xrv224xrv223xrv222xrv-238xrv-235xrv-234xrv-233xrv-231xrv-220xrv-21')[0m
  [1m[35mPlaceType Load (0.2ms)[0m  select * from place_types where name='Junction'
  [1m[36mSQL (0.4ms)[0m  [1mINSERT INTO "route_indices" ("created_at", "endplace_id", "isDest", "startplace_id", "updated_at", "url") VALUES ($1, $2, $3, $4, $5, $6) RETURNING "id"[0m  [["created_at", Mon, 27 Oct 2014 10:08:03 NZDT +13:00], ["endplace_id", 1122], ["isDest", false], ["startplace_id", 471], ["updated_at", Mon, 27 Oct 2014 10:08:03 NZDT +13:00], ["url", "xrv272xrv272xrv224xrv223xrv222xrv-238xrv-235xrv-234xrv-233xrv-231xrv-220xrv-21"]]
  [1m[35mPlace Load (0.3ms)[0m  SELECT "places".* FROM "places" WHERE "places"."id" = 258 LIMIT 1
  [1m[36m (1.0ms)[0m  [1mSELECT COUNT(*) FROM "route_indices" WHERE (url = 'xrv272xrv272xrv224xrv-237xrv238xrv221xrv21xrv220xrv-219xrv-218xrv-217xrv-216xrv215')[0m
  [1m[35mPlaceType Load (0.2ms)[0m  select * from place_types where name='Hut'
  [1m[36mSQL (0.4ms)[0m  [1mINSERT INTO "route_indices" ("created_at", "endplace_id", "isDest", "startplace_id", "updated_at", "url") VALUES ($1, $2, $3, $4, $5, $6) RETURNING "id"[0m  [["created_at", Mon, 27 Oct 2014 10:08:03 NZDT +13:00], ["endplace_id", 258], ["isDest", true], ["startplace_id", 471], ["updated_at", Mon, 27 Oct 2014 10:08:03 NZDT +13:00], ["url", "xrv272xrv272xrv224xrv-237xrv238xrv221xrv21xrv220xrv-219xrv-218xrv-217xrv-216xrv215"]]
  [1m[35mPlace Load (0.3ms)[0m  SELECT "places".* FROM "places" WHERE "places"."id" = 58 LIMIT 1
  [1m[36m (1.0ms)[0m  [1mSELECT COUNT(*) FROM "route_indices" WHERE (url = 'xrv272xrv272xrv224xrv-237xrv238xrv221xrv21xrv220xrv-219xrv-218xrv-217xrv-216xrv-214')[0m
  [1m[35mPlaceType Load (0.2ms)[0m  select * from place_types where name='Hut'
  [1m[36mSQL (0.4ms)[0m  [1mINSERT INTO "route_indices" ("created_at", "endplace_id", "isDest", "startplace_id", "updated_at", "url") VALUES ($1, $2, $3, $4, $5, $6) RETURNING "id"[0m  [["created_at", Mon, 27 Oct 2014 10:08:03 NZDT +13:00], ["endplace_id", 58], ["isDest", true], ["startplace_id", 471], ["updated_at", Mon, 27 Oct 2014 10:08:03 NZDT +13:00], ["url", "xrv272xrv272xrv224xrv-237xrv238xrv221xrv21xrv220xrv-219xrv-218xrv-217xrv-216xrv-214"]]
  [1m[35mPlace Load (0.3ms)[0m  SELECT "places".* FROM "places" WHERE "places"."id" = 1125 LIMIT 1
  [1m[36m (1.1ms)[0m  [1mSELECT COUNT(*) FROM "route_indices" WHERE (url = 'xrv272xrv272xrv224xrv-237xrv-235xrv-234xrv-233xrv-231xrv-220xrv-21xrv-221xrv-222xrv225')[0m
  [1m[35mPlaceType Load (0.2ms)[0m  select * from place_types where name='Campsite'
  [1m[36mSQL (0.4ms)[0m  [1mINSERT INTO "route_indices" ("created_at", "endplace_id", "isDest", "startplace_id", "updated_at", "url") VALUES ($1, $2, $3, $4, $5, $6) RETURNING "id"[0m  [["created_at", Mon, 27 Oct 2014 10:08:03 NZDT +13:00], ["endplace_id", 1125], ["isDest", true], ["startplace_id", 471], ["updated_at", Mon, 27 Oct 2014 10:08:03 NZDT +13:00], ["url", "xrv272xrv272xrv224xrv-237xrv-235xrv-234xrv-233xrv-231xrv-220xrv-21xrv-221xrv-222xrv225"]]
  [1m[35mPlace Load (0.3ms)[0m  SELECT "places".* FROM "places" WHERE "places"."id" = 258 LIMIT 1
  [1m[36m (1.0ms)[0m  [1mSELECT COUNT(*) FROM "route_indices" WHERE (url = 'xrv272xrv272xrv224xrv-237xrv-235xrv-234xrv-233xrv-231xrv-219xrv-218xrv-217xrv-216xrv215')[0m
  [1m[35mPlaceType Load (0.2ms)[0m  select * from place_types where name='Hut'
  [1m[36mSQL (0.4ms)[0m  [1mINSERT INTO "route_indices" ("created_at", "endplace_id", "isDest", "startplace_id", "updated_at", "url") VALUES ($1, $2, $3, $4, $5, $6) RETURNING "id"[0m  [["created_at", Mon, 27 Oct 2014 10:08:03 NZDT +13:00], ["endplace_id", 258], ["isDest", true], ["startplace_id", 471], ["updated_at", Mon, 27 Oct 2014 10:08:03 NZDT +13:00], ["url", "xrv272xrv272xrv224xrv-237xrv-235xrv-234xrv-233xrv-231xrv-219xrv-218xrv-217xrv-216xrv215"]]
  [1m[35mPlace Load (0.3ms)[0m  SELECT "places".* FROM "places" WHERE "places"."id" = 58 LIMIT 1
  [1m[36m (1.0ms)[0m  [1mSELECT COUNT(*) FROM "route_indices" WHERE (url = 'xrv272xrv272xrv224xrv-237xrv-235xrv-234xrv-233xrv-231xrv-219xrv-218xrv-217xrv-216xrv-214')[0m
  [1m[35mPlaceType Load (0.2ms)[0m  select * from place_types where name='Hut'
  [1m[36mSQL (0.4ms)[0m  [1mINSERT INTO "route_indices" ("created_at", "endplace_id", "isDest", "startplace_id", "updated_at", "url") VALUES ($1, $2, $3, $4, $5, $6) RETURNING "id"[0m  [["created_at", Mon, 27 Oct 2014 10:08:03 NZDT +13:00], ["endplace_id", 58], ["isDest", true], ["startplace_id", 471], ["updated_at", Mon, 27 Oct 2014 10:08:03 NZDT +13:00], ["url", "xrv272xrv272xrv224xrv-237xrv-235xrv-234xrv-233xrv-231xrv-219xrv-218xrv-217xrv-216xrv-214"]]
  [1m[35mPlace Load (0.3ms)[0m  SELECT "places".* FROM "places" WHERE "places"."id" = 1121 LIMIT 1
  [1m[36m (1.0ms)[0m  [1mSELECT COUNT(*) FROM "route_indices" WHERE (url = 'xrv272xrv-22xrv219xrv231xrv233xrv234xrv235xrv237xrv223xrv222xrv221xrv21')[0m
  [1m[35mPlaceType Load (0.2ms)[0m  select * from place_types where name='Junction'
  [1m[36mSQL (0.4ms)[0m  [1mINSERT INTO "route_indices" ("created_at", "endplace_id", "isDest", "startplace_id", "updated_at", "url") VALUES ($1, $2, $3, $4, $5, $6) RETURNING "id"[0m  [["created_at", Mon, 27 Oct 2014 10:08:03 NZDT +13:00], ["endplace_id", 1121], ["isDest", false], ["startplace_id", 471], ["updated_at", Mon, 27 Oct 2014 10:08:03 NZDT +13:00], ["url", "xrv272xrv-22xrv219xrv231xrv233xrv234xrv235xrv237xrv223xrv222xrv221xrv21"]]
  [1m[35mPlace Load (0.3ms)[0m  SELECT "places".* FROM "places" WHERE "places"."id" = 419 LIMIT 1
  [1m[36m (1.1ms)[0m  [1mSELECT COUNT(*) FROM "route_indices" WHERE (url = 'xrv272xrv-22xrv219xrv231xrv233xrv234xrv235xrv237xrv-224xrv239xrv240xrv228xrv229')[0m
  [1m[35mPlaceType Load (0.2ms)[0m  select * from place_types where name='Hut'
  [1m[36mSQL (0.4ms)[0m  [1mINSERT INTO "route_indices" ("created_at", "endplace_id", "isDest", "startplace_id", "updated_at", "url") VALUES ($1, $2, $3, $4, $5, $6) RETURNING "id"[0m  [["created_at", Mon, 27 Oct 2014 10:08:03 NZDT +13:00], ["endplace_id", 419], ["isDest", true], ["startplace_id", 471], ["updated_at", Mon, 27 Oct 2014 10:08:03 NZDT +13:00], ["url", "xrv272xrv-22xrv219xrv231xrv233xrv234xrv235xrv237xrv-224xrv239xrv240xrv228xrv229"]]
  [1m[35mPlace Load (0.3ms)[0m  SELECT "places".* FROM "places" WHERE "places"."id" = 1125 LIMIT 1
  [1m[36m (1.0ms)[0m  [1mSELECT COUNT(*) FROM "route_indices" WHERE (url = 'xrv272xrv-22xrv219xrv231xrv233xrv234xrv235xrv237xrv-224xrv239xrv240xrv-227xrv-226')[0m
  [1m[35mPlaceType Load (0.2ms)[0m  select * from place_types where name='Campsite'
  [1m[36mSQL (0.4ms)[0m  [1mINSERT INTO "route_indices" ("created_at", "endplace_id", "isDest", "startplace_id", "updated_at", "url") VALUES ($1, $2, $3, $4, $5, $6) RETURNING "id"[0m  [["created_at", Mon, 27 Oct 2014 10:08:03 NZDT +13:00], ["endplace_id", 1125], ["isDest", true], ["startplace_id", 471], ["updated_at", Mon, 27 Oct 2014 10:08:03 NZDT +13:00], ["url", "xrv272xrv-22xrv219xrv231xrv233xrv234xrv235xrv237xrv-224xrv239xrv240xrv-227xrv-226"]]
  [1m[35mPlace Load (0.3ms)[0m  SELECT "places".* FROM "places" WHERE "places"."id" = 419 LIMIT 1
  [1m[36m (1.0ms)[0m  [1mSELECT COUNT(*) FROM "route_indices" WHERE (url = 'xrv272xrv-22xrv219xrv-220xrv-21xrv-221xrv-238xrv237xrv-224xrv239xrv240xrv228xrv229')[0m
  [1m[35mPlaceType Load (0.2ms)[0m  select * from place_types where name='Hut'
  [1m[36mSQL (0.4ms)[0m  [1mINSERT INTO "route_indices" ("created_at", "endplace_id", "isDest", "startplace_id", "updated_at", "url") VALUES ($1, $2, $3, $4, $5, $6) RETURNING "id"[0m  [["created_at", Mon, 27 Oct 2014 10:08:03 NZDT +13:00], ["endplace_id", 419], ["isDest", true], ["startplace_id", 471], ["updated_at", Mon, 27 Oct 2014 10:08:03 NZDT +13:00], ["url", "xrv272xrv-22xrv219xrv-220xrv-21xrv-221xrv-238xrv237xrv-224xrv239xrv240xrv228xrv229"]]
  [1m[35mPlace Load (0.3ms)[0m  SELECT "places".* FROM "places" WHERE "places"."id" = 1125 LIMIT 1
  [1m[36m (1.1ms)[0m  [1mSELECT COUNT(*) FROM "route_indices" WHERE (url = 'xrv272xrv-22xrv219xrv-220xrv-21xrv-221xrv-238xrv237xrv-224xrv239xrv240xrv-227xrv-226')[0m
  [1m[35mPlaceType Load (0.3ms)[0m  select * from place_types where name='Campsite'
  [1m[36mSQL (0.4ms)[0m  [1mINSERT INTO "route_indices" ("created_at", "endplace_id", "isDest", "startplace_id", "updated_at", "url") VALUES ($1, $2, $3, $4, $5, $6) RETURNING "id"[0m  [["created_at", Mon, 27 Oct 2014 10:08:03 NZDT +13:00], ["endplace_id", 1125], ["isDest", true], ["startplace_id", 471], ["updated_at", Mon, 27 Oct 2014 10:08:03 NZDT +13:00], ["url", "xrv272xrv-22xrv219xrv-220xrv-21xrv-221xrv-238xrv237xrv-224xrv239xrv240xrv-227xrv-226"]]
  [1m[35mPlace Load (0.3ms)[0m  SELECT "places".* FROM "places" WHERE "places"."id" = 1128 LIMIT 1
  [1m[36m (1.0ms)[0m  [1mSELECT COUNT(*) FROM "route_indices" WHERE (url = 'xrv272xrv-22xrv219xrv-220xrv-21xrv-221xrv-222xrv225xrv226xrv227xrv228xrv229xrv230')[0m
  [1m[35mPlaceType Load (0.2ms)[0m  select * from place_types where name='Roadend'
  [1m[36mSQL (0.4ms)[0m  [1mINSERT INTO "route_indices" ("created_at", "endplace_id", "isDest", "startplace_id", "updated_at", "url") VALUES ($1, $2, $3, $4, $5, $6) RETURNING "id"[0m  [["created_at", Mon, 27 Oct 2014 10:08:03 NZDT +13:00], ["endplace_id", 1128], ["isDest", true], ["startplace_id", 471], ["updated_at", Mon, 27 Oct 2014 10:08:03 NZDT +13:00], ["url", "xrv272xrv-22xrv219xrv-220xrv-21xrv-221xrv-222xrv225xrv226xrv227xrv228xrv229xrv230"]]
  [1m[35mPlace Load (0.3ms)[0m  SELECT "places".* FROM "places" WHERE "places"."id" = 1132 LIMIT 1
  [1m[36m (1.1ms)[0m  [1mSELECT COUNT(*) FROM "route_indices" WHERE (url = 'xrv272xrv-22xrv219xrv-220xrv-21xrv-221xrv-222xrv-223xrv-237xrv-235xrv-243xrv-242xrv-241')[0m
  [1m[35mPlaceType Load (0.2ms)[0m  select * from place_types where name='Campsite'
  [1m[36mSQL (0.4ms)[0m  [1mINSERT INTO "route_indices" ("created_at", "endplace_id", "isDest", "startplace_id", "updated_at", "url") VALUES ($1, $2, $3, $4, $5, $6) RETURNING "id"[0m  [["created_at", Mon, 27 Oct 2014 10:08:03 NZDT +13:00], ["endplace_id", 1132], ["isDest", true], ["startplace_id", 471], ["updated_at", Mon, 27 Oct 2014 10:08:03 NZDT +13:00], ["url", "xrv272xrv-22xrv219xrv-220xrv-21xrv-221xrv-222xrv-223xrv-237xrv-235xrv-243xrv-242xrv-241"]]
  [1m[35mPlace Load (0.3ms)[0m  SELECT "places".* FROM "places" WHERE "places"."id" = 419 LIMIT 1
  [1m[36m (1.1ms)[0m  [1mSELECT COUNT(*) FROM "route_indices" WHERE (url = 'xrv272xrv-22xrv219xrv-220xrv-21xrv-221xrv-222xrv-223xrv-224xrv239xrv240xrv228xrv229')[0m
  [1m[35mPlaceType Load (0.2ms)[0m  select * from place_types where name='Hut'
  [1m[36mSQL (0.5ms)[0m  [1mINSERT INTO "route_indices" ("created_at", "endplace_id", "isDest", "startplace_id", "updated_at", "url") VALUES ($1, $2, $3, $4, $5, $6) RETURNING "id"[0m  [["created_at", Mon, 27 Oct 2014 10:08:03 NZDT +13:00], ["endplace_id", 419], ["isDest", true], ["startplace_id", 471], ["updated_at", Mon, 27 Oct 2014 10:08:03 NZDT +13:00], ["url", "xrv272xrv-22xrv219xrv-220xrv-21xrv-221xrv-222xrv-223xrv-224xrv239xrv240xrv228xrv229"]]
  [1m[35mPlace Load (0.3ms)[0m  SELECT "places".* FROM "places" WHERE "places"."id" = 1125 LIMIT 1
  [1m[36m (1.0ms)[0m  [1mSELECT COUNT(*) FROM "route_indices" WHERE (url = 'xrv272xrv-22xrv219xrv-220xrv-21xrv-221xrv-222xrv-223xrv-224xrv239xrv240xrv-227xrv-226')[0m
  [1m[35mPlaceType Load (0.2ms)[0m  select * from place_types where name='Campsite'
  [1m[36mSQL (0.4ms)[0m  [1mINSERT INTO "route_indices" ("created_at", "endplace_id", "isDest", "startplace_id", "updated_at", "url") VALUES ($1, $2, $3, $4, $5, $6) RETURNING "id"[0m  [["created_at", Mon, 27 Oct 2014 10:08:03 NZDT +13:00], ["endplace_id", 1125], ["isDest", true], ["startplace_id", 471], ["updated_at", Mon, 27 Oct 2014 10:08:03 NZDT +13:00], ["url", "xrv272xrv-22xrv219xrv-220xrv-21xrv-221xrv-222xrv-223xrv-224xrv239xrv240xrv-227xrv-226"]]
  [1m[35mPlace Load (0.3ms)[0m  SELECT "places".* FROM "places" WHERE "places"."id" = 207 LIMIT 1
  [1m[36m (1.0ms)[0m  [1mSELECT COUNT(*) FROM "route_indices" WHERE (url = 'xrv272xrv272xrv239xrv240xrv-227xrv-226xrv-225xrv222xrv221xrv21xrv220xrv231xrv233xrv234')[0m
  [1m[35mPlaceType Load (0.2ms)[0m  select * from place_types where name='Hut'
  [1m[36mSQL (0.4ms)[0m  [1mINSERT INTO "route_indices" ("created_at", "endplace_id", "isDest", "startplace_id", "updated_at", "url") VALUES ($1, $2, $3, $4, $5, $6) RETURNING "id"[0m  [["created_at", Mon, 27 Oct 2014 10:08:03 NZDT +13:00], ["endplace_id", 207], ["isDest", true], ["startplace_id", 471], ["updated_at", Mon, 27 Oct 2014 10:08:03 NZDT +13:00], ["url", "xrv272xrv272xrv239xrv240xrv-227xrv-226xrv-225xrv222xrv221xrv21xrv220xrv231xrv233xrv234"]]
  [1m[35mPlace Load (0.3ms)[0m  SELECT "places".* FROM "places" WHERE "places"."id" = 45 LIMIT 1
  [1m[36m (1.0ms)[0m  [1mSELECT COUNT(*) FROM "route_indices" WHERE (url = 'xrv272xrv272xrv239xrv240xrv-227xrv-226xrv-225xrv-223xrv-237xrv238xrv221xrv21xrv220xrv231')[0m
  [1m[35mPlaceType Load (0.2ms)[0m  select * from place_types where name='Hut'
  [1m[36mSQL (0.4ms)[0m  [1mINSERT INTO "route_indices" ("created_at", "endplace_id", "isDest", "startplace_id", "updated_at", "url") VALUES ($1, $2, $3, $4, $5, $6) RETURNING "id"[0m  [["created_at", Mon, 27 Oct 2014 10:08:03 NZDT +13:00], ["endplace_id", 45], ["isDest", true], ["startplace_id", 471], ["updated_at", Mon, 27 Oct 2014 10:08:03 NZDT +13:00], ["url", "xrv272xrv272xrv239xrv240xrv-227xrv-226xrv-225xrv-223xrv-237xrv238xrv221xrv21xrv220xrv231"]]
  [1m[35mPlace Load (0.3ms)[0m  SELECT "places".* FROM "places" WHERE "places"."id" = 1132 LIMIT 1
  [1m[36m (1.0ms)[0m  [1mSELECT COUNT(*) FROM "route_indices" WHERE (url = 'xrv272xrv272xrv224xrv223xrv222xrv221xrv21xrv220xrv231xrv233xrv234xrv-243xrv-242xrv-241')[0m
  [1m[35mPlaceType Load (0.2ms)[0m  select * from place_types where name='Campsite'
  [1m[36mSQL (0.4ms)[0m  [1mINSERT INTO "route_indices" ("created_at", "endplace_id", "isDest", "startplace_id", "updated_at", "url") VALUES ($1, $2, $3, $4, $5, $6) RETURNING "id"[0m  [["created_at", Mon, 27 Oct 2014 10:08:03 NZDT +13:00], ["endplace_id", 1132], ["isDest", true], ["startplace_id", 471], ["updated_at", Mon, 27 Oct 2014 10:08:03 NZDT +13:00], ["url", "xrv272xrv272xrv224xrv223xrv222xrv221xrv21xrv220xrv231xrv233xrv234xrv-243xrv-242xrv-241"]]
  [1m[35mPlace Load (0.3ms)[0m  SELECT "places".* FROM "places" WHERE "places"."id" = 271 LIMIT 1
  [1m[36m (1.0ms)[0m  [1mSELECT COUNT(*) FROM "route_indices" WHERE (url = 'xrv272xrv272xrv224xrv223xrv222xrv221xrv21xrv220xrv-219xrv-218xrv-217xrv244xrv245xrv246')[0m
  [1m[35mPlaceType Load (0.2ms)[0m  select * from place_types where name='Hut'
  [1m[36mSQL (0.4ms)[0m  [1mINSERT INTO "route_indices" ("created_at", "endplace_id", "isDest", "startplace_id", "updated_at", "url") VALUES ($1, $2, $3, $4, $5, $6) RETURNING "id"[0m  [["created_at", Mon, 27 Oct 2014 10:08:03 NZDT +13:00], ["endplace_id", 271], ["isDest", true], ["startplace_id", 471], ["updated_at", Mon, 27 Oct 2014 10:08:03 NZDT +13:00], ["url", "xrv272xrv272xrv224xrv223xrv222xrv221xrv21xrv220xrv-219xrv-218xrv-217xrv244xrv245xrv246"]]
  [1m[35mPlace Load (0.3ms)[0m  SELECT "places".* FROM "places" WHERE "places"."id" = 1132 LIMIT 1
  [1m[36m (1.0ms)[0m  [1mSELECT COUNT(*) FROM "route_indices" WHERE (url = 'xrv272xrv272xrv224xrv-237xrv238xrv221xrv21xrv220xrv231xrv233xrv234xrv-243xrv-242xrv-241')[0m
  [1m[35mPlaceType Load (0.2ms)[0m  select * from place_types where name='Campsite'
  [1m[36mSQL (0.4ms)[0m  [1mINSERT INTO "route_indices" ("created_at", "endplace_id", "isDest", "startplace_id", "updated_at", "url") VALUES ($1, $2, $3, $4, $5, $6) RETURNING "id"[0m  [["created_at", Mon, 27 Oct 2014 10:08:03 NZDT +13:00], ["endplace_id", 1132], ["isDest", true], ["startplace_id", 471], ["updated_at", Mon, 27 Oct 2014 10:08:03 NZDT +13:00], ["url", "xrv272xrv272xrv224xrv-237xrv238xrv221xrv21xrv220xrv231xrv233xrv234xrv-243xrv-242xrv-241"]]
  [1m[35mPlace Load (0.3ms)[0m  SELECT "places".* FROM "places" WHERE "places"."id" = 271 LIMIT 1
  [1m[36m (1.0ms)[0m  [1mSELECT COUNT(*) FROM "route_indices" WHERE (url = 'xrv272xrv272xrv224xrv-237xrv238xrv221xrv21xrv220xrv-219xrv-218xrv-217xrv244xrv245xrv246')[0m
  [1m[35mPlaceType Load (0.2ms)[0m  select * from place_types where name='Hut'
  [1m[36mSQL (0.4ms)[0m  [1mINSERT INTO "route_indices" ("created_at", "endplace_id", "isDest", "startplace_id", "updated_at", "url") VALUES ($1, $2, $3, $4, $5, $6) RETURNING "id"[0m  [["created_at", Mon, 27 Oct 2014 10:08:03 NZDT +13:00], ["endplace_id", 271], ["isDest", true], ["startplace_id", 471], ["updated_at", Mon, 27 Oct 2014 10:08:03 NZDT +13:00], ["url", "xrv272xrv272xrv224xrv-237xrv238xrv221xrv21xrv220xrv-219xrv-218xrv-217xrv244xrv245xrv246"]]
  [1m[35mPlace Load (0.3ms)[0m  SELECT "places".* FROM "places" WHERE "places"."id" = 769 LIMIT 1
  [1m[36m (1.0ms)[0m  [1mSELECT COUNT(*) FROM "route_indices" WHERE (url = 'xrv272xrv272xrv224xrv-237xrv-235xrv-234xrv-233xrv-231xrv-220xrv-21xrv-221xrv-222xrv225xrv226')[0m
  [1m[35mPlaceType Load (0.2ms)[0m  select * from place_types where name='Hut'
  [1m[36mSQL (0.4ms)[0m  [1mINSERT INTO "route_indices" ("created_at", "endplace_id", "isDest", "startplace_id", "updated_at", "url") VALUES ($1, $2, $3, $4, $5, $6) RETURNING "id"[0m  [["created_at", Mon, 27 Oct 2014 10:08:03 NZDT +13:00], ["endplace_id", 769], ["isDest", true], ["startplace_id", 471], ["updated_at", Mon, 27 Oct 2014 10:08:03 NZDT +13:00], ["url", "xrv272xrv272xrv224xrv-237xrv-235xrv-234xrv-233xrv-231xrv-220xrv-21xrv-221xrv-222xrv225xrv226"]]
  [1m[35mPlace Load (0.3ms)[0m  SELECT "places".* FROM "places" WHERE "places"."id" = 271 LIMIT 1
  [1m[36m (1.1ms)[0m  [1mSELECT COUNT(*) FROM "route_indices" WHERE (url = 'xrv272xrv272xrv224xrv-237xrv-235xrv-234xrv-233xrv-231xrv-219xrv-218xrv-217xrv244xrv245xrv246')[0m
  [1m[35mPlaceType Load (0.2ms)[0m  select * from place_types where name='Hut'
  [1m[36mSQL (0.4ms)[0m  [1mINSERT INTO "route_indices" ("created_at", "endplace_id", "isDest", "startplace_id", "updated_at", "url") VALUES ($1, $2, $3, $4, $5, $6) RETURNING "id"[0m  [["created_at", Mon, 27 Oct 2014 10:08:03 NZDT +13:00], ["endplace_id", 271], ["isDest", true], ["startplace_id", 471], ["updated_at", Mon, 27 Oct 2014 10:08:03 NZDT +13:00], ["url", "xrv272xrv272xrv224xrv-237xrv-235xrv-234xrv-233xrv-231xrv-219xrv-218xrv-217xrv244xrv245xrv246"]]
  [1m[35mPlace Load (0.3ms)[0m  SELECT "places".* FROM "places" WHERE "places"."id" = 419 LIMIT 1
  [1m[36m (1.0ms)[0m  [1mSELECT COUNT(*) FROM "route_indices" WHERE (url = 'xrv272xrv-22xrv219xrv231xrv233xrv234xrv235xrv237xrv223xrv225xrv226xrv227xrv228xrv229')[0m
  [1m[35mPlaceType Load (0.2ms)[0m  select * from place_types where name='Hut'
  [1m[36mSQL (0.4ms)[0m  [1mINSERT INTO "route_indices" ("created_at", "endplace_id", "isDest", "startplace_id", "updated_at", "url") VALUES ($1, $2, $3, $4, $5, $6) RETURNING "id"[0m  [["created_at", Mon, 27 Oct 2014 10:08:03 NZDT +13:00], ["endplace_id", 419], ["isDest", true], ["startplace_id", 471], ["updated_at", Mon, 27 Oct 2014 10:08:03 NZDT +13:00], ["url", "xrv272xrv-22xrv219xrv231xrv233xrv234xrv235xrv237xrv223xrv225xrv226xrv227xrv228xrv229"]]
  [1m[35mPlace Load (0.3ms)[0m  SELECT "places".* FROM "places" WHERE "places"."id" = 974 LIMIT 1
  [1m[36m (1.1ms)[0m  [1mSELECT COUNT(*) FROM "route_indices" WHERE (url = 'xrv272xrv-22xrv219xrv231xrv233xrv234xrv235xrv237xrv223xrv225xrv226xrv227xrv-240xrv-239')[0m
  [1m[35mPlaceType Load (0.2ms)[0m  select * from place_types where name='Roadend'
  [1m[36mSQL (0.4ms)[0m  [1mINSERT INTO "route_indices" ("created_at", "endplace_id", "isDest", "startplace_id", "updated_at", "url") VALUES ($1, $2, $3, $4, $5, $6) RETURNING "id"[0m  [["created_at", Mon, 27 Oct 2014 10:08:03 NZDT +13:00], ["endplace_id", 974], ["isDest", true], ["startplace_id", 471], ["updated_at", Mon, 27 Oct 2014 10:08:03 NZDT +13:00], ["url", "xrv272xrv-22xrv219xrv231xrv233xrv234xrv235xrv237xrv223xrv225xrv226xrv227xrv-240xrv-239"]]
  [1m[35mPlace Load (0.3ms)[0m  SELECT "places".* FROM "places" WHERE "places"."id" = 1128 LIMIT 1
  [1m[36m (1.0ms)[0m  [1mSELECT COUNT(*) FROM "route_indices" WHERE (url = 'xrv272xrv-22xrv219xrv231xrv233xrv234xrv235xrv237xrv-224xrv239xrv240xrv228xrv229xrv230')[0m
  [1m[35mPlaceType Load (0.2ms)[0m  select * from place_types where name='Roadend'
  [1m[36mSQL (0.4ms)[0m  [1mINSERT INTO "route_indices" ("created_at", "endplace_id", "isDest", "startplace_id", "updated_at", "url") VALUES ($1, $2, $3, $4, $5, $6) RETURNING "id"[0m  [["created_at", Mon, 27 Oct 2014 10:08:03 NZDT +13:00], ["endplace_id", 1128], ["isDest", true], ["startplace_id", 471], ["updated_at", Mon, 27 Oct 2014 10:08:03 NZDT +13:00], ["url", "xrv272xrv-22xrv219xrv231xrv233xrv234xrv235xrv237xrv-224xrv239xrv240xrv228xrv229xrv230"]]
  [1m[35mPlace Load (0.3ms)[0m  SELECT "places".* FROM "places" WHERE "places"."id" = 419 LIMIT 1
  [1m[36m (1.1ms)[0m  [1mSELECT COUNT(*) FROM "route_indices" WHERE (url = 'xrv272xrv-22xrv219xrv231xrv233xrv234xrv235xrv238xrv-222xrv225xrv226xrv227xrv228xrv229')[0m
  [1m[35mPlaceType Load (0.2ms)[0m  select * from place_types where name='Hut'
  [1m[36mSQL (0.4ms)[0m  [1mINSERT INTO "route_indices" ("created_at", "endplace_id", "isDest", "startplace_id", "updated_at", "url") VALUES ($1, $2, $3, $4, $5, $6) RETURNING "id"[0m  [["created_at", Mon, 27 Oct 2014 10:08:03 NZDT +13:00], ["endplace_id", 419], ["isDest", true], ["startplace_id", 471], ["updated_at", Mon, 27 Oct 2014 10:08:03 NZDT +13:00], ["url", "xrv272xrv-22xrv219xrv231xrv233xrv234xrv235xrv238xrv-222xrv225xrv226xrv227xrv228xrv229"]]
  [1m[35mPlace Load (0.3ms)[0m  SELECT "places".* FROM "places" WHERE "places"."id" = 974 LIMIT 1
  [1m[36m (1.1ms)[0m  [1mSELECT COUNT(*) FROM "route_indices" WHERE (url = 'xrv272xrv-22xrv219xrv231xrv233xrv234xrv235xrv238xrv-222xrv225xrv226xrv227xrv-240xrv-239')[0m
  [1m[35mPlaceType Load (0.2ms)[0m  select * from place_types where name='Roadend'
  [1m[36mSQL (0.4ms)[0m  [1mINSERT INTO "route_indices" ("created_at", "endplace_id", "isDest", "startplace_id", "updated_at", "url") VALUES ($1, $2, $3, $4, $5, $6) RETURNING "id"[0m  [["created_at", Mon, 27 Oct 2014 10:08:03 NZDT +13:00], ["endplace_id", 974], ["isDest", true], ["startplace_id", 471], ["updated_at", Mon, 27 Oct 2014 10:08:03 NZDT +13:00], ["url", "xrv272xrv-22xrv219xrv231xrv233xrv234xrv235xrv238xrv-222xrv225xrv226xrv227xrv-240xrv-239"]]
  [1m[35mPlace Load (0.3ms)[0m  SELECT "places".* FROM "places" WHERE "places"."id" = 769 LIMIT 1
  [1m[36m (1.0ms)[0m  [1mSELECT COUNT(*) FROM "route_indices" WHERE (url = 'xrv272xrv-22xrv219xrv231xrv233xrv234xrv235xrv238xrv-222xrv-223xrv-224xrv239xrv240xrv-227')[0m
  [1m[35mPlaceType Load (0.2ms)[0m  select * from place_types where name='Hut'
  [1m[36mSQL (0.4ms)[0m  [1mINSERT INTO "route_indices" ("created_at", "endplace_id", "isDest", "startplace_id", "updated_at", "url") VALUES ($1, $2, $3, $4, $5, $6) RETURNING "id"[0m  [["created_at", Mon, 27 Oct 2014 10:08:03 NZDT +13:00], ["endplace_id", 769], ["isDest", true], ["startplace_id", 471], ["updated_at", Mon, 27 Oct 2014 10:08:03 NZDT +13:00], ["url", "xrv272xrv-22xrv219xrv231xrv233xrv234xrv235xrv238xrv-222xrv-223xrv-224xrv239xrv240xrv-227"]]
  [1m[35mPlace Load (0.3ms)[0m  SELECT "places".* FROM "places" WHERE "places"."id" = 419 LIMIT 1
  [1m[36m (1.0ms)[0m  [1mSELECT COUNT(*) FROM "route_indices" WHERE (url = 'xrv272xrv-22xrv219xrv-220xrv-21xrv-221xrv-238xrv237xrv223xrv225xrv226xrv227xrv228xrv229')[0m
  [1m[35mPlaceType Load (0.2ms)[0m  select * from place_types where name='Hut'
  [1m[36mSQL (0.4ms)[0m  [1mINSERT INTO "route_indices" ("created_at", "endplace_id", "isDest", "startplace_id", "updated_at", "url") VALUES ($1, $2, $3, $4, $5, $6) RETURNING "id"[0m  [["created_at", Mon, 27 Oct 2014 10:08:03 NZDT +13:00], ["endplace_id", 419], ["isDest", true], ["startplace_id", 471], ["updated_at", Mon, 27 Oct 2014 10:08:03 NZDT +13:00], ["url", "xrv272xrv-22xrv219xrv-220xrv-21xrv-221xrv-238xrv237xrv223xrv225xrv226xrv227xrv228xrv229"]]
  [1m[35mPlace Load (0.3ms)[0m  SELECT "places".* FROM "places" WHERE "places"."id" = 974 LIMIT 1
  [1m[36m (1.1ms)[0m  [1mSELECT COUNT(*) FROM "route_indices" WHERE (url = 'xrv272xrv-22xrv219xrv-220xrv-21xrv-221xrv-238xrv237xrv223xrv225xrv226xrv227xrv-240xrv-239')[0m
  [1m[35mPlaceType Load (0.2ms)[0m  select * from place_types where name='Roadend'
  [1m[36mSQL (0.4ms)[0m  [1mINSERT INTO "route_indices" ("created_at", "endplace_id", "isDest", "startplace_id", "updated_at", "url") VALUES ($1, $2, $3, $4, $5, $6) RETURNING "id"[0m  [["created_at", Mon, 27 Oct 2014 10:08:03 NZDT +13:00], ["endplace_id", 974], ["isDest", true], ["startplace_id", 471], ["updated_at", Mon, 27 Oct 2014 10:08:03 NZDT +13:00], ["url", "xrv272xrv-22xrv219xrv-220xrv-21xrv-221xrv-238xrv237xrv223xrv225xrv226xrv227xrv-240xrv-239"]]
  [1m[35mPlace Load (0.3ms)[0m  SELECT "places".* FROM "places" WHERE "places"."id" = 1128 LIMIT 1
  [1m[36m (1.1ms)[0m  [1mSELECT COUNT(*) FROM "route_indices" WHERE (url = 'xrv272xrv-22xrv219xrv-220xrv-21xrv-221xrv-238xrv237xrv-224xrv239xrv240xrv228xrv229xrv230')[0m
  [1m[35mPlaceType Load (0.2ms)[0m  select * from place_types where name='Roadend'
  [1m[36mSQL (0.4ms)[0m  [1mINSERT INTO "route_indices" ("created_at", "endplace_id", "isDest", "startplace_id", "updated_at", "url") VALUES ($1, $2, $3, $4, $5, $6) RETURNING "id"[0m  [["created_at", Mon, 27 Oct 2014 10:08:03 NZDT +13:00], ["endplace_id", 1128], ["isDest", true], ["startplace_id", 471], ["updated_at", Mon, 27 Oct 2014 10:08:03 NZDT +13:00], ["url", "xrv272xrv-22xrv219xrv-220xrv-21xrv-221xrv-238xrv237xrv-224xrv239xrv240xrv228xrv229xrv230"]]
  [1m[35mPlace Load (0.3ms)[0m  SELECT "places".* FROM "places" WHERE "places"."id" = 1128 LIMIT 1
  [1m[36m (1.0ms)[0m  [1mSELECT COUNT(*) FROM "route_indices" WHERE (url = 'xrv272xrv-22xrv219xrv-220xrv-21xrv-221xrv-222xrv-223xrv-224xrv239xrv240xrv228xrv229xrv230')[0m
  [1m[35mPlaceType Load (0.2ms)[0m  select * from place_types where name='Roadend'
  [1m[36mSQL (0.4ms)[0m  [1mINSERT INTO "route_indices" ("created_at", "endplace_id", "isDest", "startplace_id", "updated_at", "url") VALUES ($1, $2, $3, $4, $5, $6) RETURNING "id"[0m  [["created_at", Mon, 27 Oct 2014 10:08:03 NZDT +13:00], ["endplace_id", 1128], ["isDest", true], ["startplace_id", 471], ["updated_at", Mon, 27 Oct 2014 10:08:03 NZDT +13:00], ["url", "xrv272xrv-22xrv219xrv-220xrv-21xrv-221xrv-222xrv-223xrv-224xrv239xrv240xrv228xrv229xrv230"]]
  [1m[35mPlace Load (0.3ms)[0m  SELECT "places".* FROM "places" WHERE "places"."id" = 624 LIMIT 1
  [1m[36m (1.0ms)[0m  [1mSELECT COUNT(*) FROM "route_indices" WHERE (url = 'xrv272xrv-22xrv-218xrv-217xrv-216xrv-214xrv-213xrv-211xrv-210xrv-209xrv-208xrv-207xrv-206xrv-205')[0m
  [1m[35mPlaceType Load (0.2ms)[0m  select * from place_types where name='Hut'
  [1m[36mSQL (0.6ms)[0m  [1mINSERT INTO "route_indices" ("created_at", "endplace_id", "isDest", "startplace_id", "updated_at", "url") VALUES ($1, $2, $3, $4, $5, $6) RETURNING "id"[0m  [["created_at", Mon, 27 Oct 2014 10:08:03 NZDT +13:00], ["endplace_id", 624], ["isDest", true], ["startplace_id", 471], ["updated_at", Mon, 27 Oct 2014 10:08:03 NZDT +13:00], ["url", "xrv272xrv-22xrv-218xrv-217xrv-216xrv-214xrv-213xrv-211xrv-210xrv-209xrv-208xrv-207xrv-206xrv-205"]]
  [1m[35mPlace Load (0.3ms)[0m  SELECT "places".* FROM "places" WHERE "places"."id" = 650 LIMIT 1
  [1m[36m (1.1ms)[0m  [1mSELECT COUNT(*) FROM "route_indices" WHERE (url = 'xrv272xrv272xrv239xrv240xrv-227xrv-226xrv-225xrv-223xrv-237xrv238xrv221xrv21xrv220xrv231xrv233')[0m
  [1m[35mPlaceType Load (0.2ms)[0m  select * from place_types where name='Hut'
  [1m[36mSQL (0.4ms)[0m  [1mINSERT INTO "route_indices" ("created_at", "endplace_id", "isDest", "startplace_id", "updated_at", "url") VALUES ($1, $2, $3, $4, $5, $6) RETURNING "id"[0m  [["created_at", Mon, 27 Oct 2014 10:08:03 NZDT +13:00], ["endplace_id", 650], ["isDest", true], ["startplace_id", 471], ["updated_at", Mon, 27 Oct 2014 10:08:03 NZDT +13:00], ["url", "xrv272xrv272xrv239xrv240xrv-227xrv-226xrv-225xrv-223xrv-237xrv238xrv221xrv21xrv220xrv231xrv233"]]
  [1m[35mPlace Load (0.3ms)[0m  SELECT "places".* FROM "places" WHERE "places"."id" = 528 LIMIT 1
  [1m[36m (1.0ms)[0m  [1mSELECT COUNT(*) FROM "route_indices" WHERE (url = 'xrv272xrv272xrv224xrv223xrv222xrv221xrv21xrv220xrv-219xrv-218xrv-217xrv-216xrv-214xrv-213xrv212')[0m
  [1m[35mPlaceType Load (0.2ms)[0m  select * from place_types where name='Hut'
  [1m[36mSQL (0.4ms)[0m  [1mINSERT INTO "route_indices" ("created_at", "endplace_id", "isDest", "startplace_id", "updated_at", "url") VALUES ($1, $2, $3, $4, $5, $6) RETURNING "id"[0m  [["created_at", Mon, 27 Oct 2014 10:08:03 NZDT +13:00], ["endplace_id", 528], ["isDest", true], ["startplace_id", 471], ["updated_at", Mon, 27 Oct 2014 10:08:03 NZDT +13:00], ["url", "xrv272xrv272xrv224xrv223xrv222xrv221xrv21xrv220xrv-219xrv-218xrv-217xrv-216xrv-214xrv-213xrv212"]]
  [1m[35mPlace Load (0.3ms)[0m  SELECT "places".* FROM "places" WHERE "places"."id" = 827 LIMIT 1
  [1m[36m (1.1ms)[0m  [1mSELECT COUNT(*) FROM "route_indices" WHERE (url = 'xrv272xrv272xrv224xrv223xrv222xrv221xrv21xrv220xrv-219xrv-218xrv-217xrv-216xrv-214xrv-213xrv-211')[0m
  [1m[35mPlaceType Load (0.2ms)[0m  select * from place_types where name='Hut'
  [1m[36mSQL (0.4ms)[0m  [1mINSERT INTO "route_indices" ("created_at", "endplace_id", "isDest", "startplace_id", "updated_at", "url") VALUES ($1, $2, $3, $4, $5, $6) RETURNING "id"[0m  [["created_at", Mon, 27 Oct 2014 10:08:03 NZDT +13:00], ["endplace_id", 827], ["isDest", true], ["startplace_id", 471], ["updated_at", Mon, 27 Oct 2014 10:08:03 NZDT +13:00], ["url", "xrv272xrv272xrv224xrv223xrv222xrv221xrv21xrv220xrv-219xrv-218xrv-217xrv-216xrv-214xrv-213xrv-211"]]
  [1m[35mPlace Load (0.3ms)[0m  SELECT "places".* FROM "places" WHERE "places"."id" = 258 LIMIT 1
  [1m[36m (1.0ms)[0m  [1mSELECT COUNT(*) FROM "route_indices" WHERE (url = 'xrv272xrv272xrv224xrv223xrv222xrv-238xrv-235xrv-234xrv-233xrv-231xrv-219xrv-218xrv-217xrv-216xrv215')[0m
  [1m[35mPlaceType Load (0.2ms)[0m  select * from place_types where name='Hut'
  [1m[36mSQL (0.4ms)[0m  [1mINSERT INTO "route_indices" ("created_at", "endplace_id", "isDest", "startplace_id", "updated_at", "url") VALUES ($1, $2, $3, $4, $5, $6) RETURNING "id"[0m  [["created_at", Mon, 27 Oct 2014 10:08:03 NZDT +13:00], ["endplace_id", 258], ["isDest", true], ["startplace_id", 471], ["updated_at", Mon, 27 Oct 2014 10:08:03 NZDT +13:00], ["url", "xrv272xrv272xrv224xrv223xrv222xrv-238xrv-235xrv-234xrv-233xrv-231xrv-219xrv-218xrv-217xrv-216xrv215"]]
  [1m[35mPlace Load (0.3ms)[0m  SELECT "places".* FROM "places" WHERE "places"."id" = 58 LIMIT 1
  [1m[36m (1.0ms)[0m  [1mSELECT COUNT(*) FROM "route_indices" WHERE (url = 'xrv272xrv272xrv224xrv223xrv222xrv-238xrv-235xrv-234xrv-233xrv-231xrv-219xrv-218xrv-217xrv-216xrv-214')[0m
  [1m[35mPlaceType Load (0.2ms)[0m  select * from place_types where name='Hut'
  [1m[36mSQL (0.4ms)[0m  [1mINSERT INTO "route_indices" ("created_at", "endplace_id", "isDest", "startplace_id", "updated_at", "url") VALUES ($1, $2, $3, $4, $5, $6) RETURNING "id"[0m  [["created_at", Mon, 27 Oct 2014 10:08:03 NZDT +13:00], ["endplace_id", 58], ["isDest", true], ["startplace_id", 471], ["updated_at", Mon, 27 Oct 2014 10:08:03 NZDT +13:00], ["url", "xrv272xrv272xrv224xrv223xrv222xrv-238xrv-235xrv-234xrv-233xrv-231xrv-219xrv-218xrv-217xrv-216xrv-214"]]
  [1m[35mPlace Load (0.3ms)[0m  SELECT "places".* FROM "places" WHERE "places"."id" = 528 LIMIT 1
  [1m[36m (1.1ms)[0m  [1mSELECT COUNT(*) FROM "route_indices" WHERE (url = 'xrv272xrv272xrv224xrv-237xrv238xrv221xrv21xrv220xrv-219xrv-218xrv-217xrv-216xrv-214xrv-213xrv212')[0m
  [1m[35mPlaceType Load (0.2ms)[0m  select * from place_types where name='Hut'
  [1m[36mSQL (0.4ms)[0m  [1mINSERT INTO "route_indices" ("created_at", "endplace_id", "isDest", "startplace_id", "updated_at", "url") VALUES ($1, $2, $3, $4, $5, $6) RETURNING "id"[0m  [["created_at", Mon, 27 Oct 2014 10:08:03 NZDT +13:00], ["endplace_id", 528], ["isDest", true], ["startplace_id", 471], ["updated_at", Mon, 27 Oct 2014 10:08:03 NZDT +13:00], ["url", "xrv272xrv272xrv224xrv-237xrv238xrv221xrv21xrv220xrv-219xrv-218xrv-217xrv-216xrv-214xrv-213xrv212"]]
  [1m[35mPlace Load (0.3ms)[0m  SELECT "places".* FROM "places" WHERE "places"."id" = 827 LIMIT 1
  [1m[36m (1.0ms)[0m  [1mSELECT COUNT(*) FROM "route_indices" WHERE (url = 'xrv272xrv272xrv224xrv-237xrv238xrv221xrv21xrv220xrv-219xrv-218xrv-217xrv-216xrv-214xrv-213xrv-211')[0m
  [1m[35mPlaceType Load (0.2ms)[0m  select * from place_types where name='Hut'
  [1m[36mSQL (0.4ms)[0m  [1mINSERT INTO "route_indices" ("created_at", "endplace_id", "isDest", "startplace_id", "updated_at", "url") VALUES ($1, $2, $3, $4, $5, $6) RETURNING "id"[0m  [["created_at", Mon, 27 Oct 2014 10:08:03 NZDT +13:00], ["endplace_id", 827], ["isDest", true], ["startplace_id", 471], ["updated_at", Mon, 27 Oct 2014 10:08:03 NZDT +13:00], ["url", "xrv272xrv272xrv224xrv-237xrv238xrv221xrv21xrv220xrv-219xrv-218xrv-217xrv-216xrv-214xrv-213xrv-211"]]
  [1m[35mPlace Load (0.3ms)[0m  SELECT "places".* FROM "places" WHERE "places"."id" = 528 LIMIT 1
  [1m[36m (1.1ms)[0m  [1mSELECT COUNT(*) FROM "route_indices" WHERE (url = 'xrv272xrv272xrv224xrv-237xrv-235xrv-234xrv-233xrv-231xrv-219xrv-218xrv-217xrv-216xrv-214xrv-213xrv212')[0m
  [1m[35mPlaceType Load (0.2ms)[0m  select * from place_types where name='Hut'
  [1m[36mSQL (0.4ms)[0m  [1mINSERT INTO "route_indices" ("created_at", "endplace_id", "isDest", "startplace_id", "updated_at", "url") VALUES ($1, $2, $3, $4, $5, $6) RETURNING "id"[0m  [["created_at", Mon, 27 Oct 2014 10:08:03 NZDT +13:00], ["endplace_id", 528], ["isDest", true], ["startplace_id", 471], ["updated_at", Mon, 27 Oct 2014 10:08:03 NZDT +13:00], ["url", "xrv272xrv272xrv224xrv-237xrv-235xrv-234xrv-233xrv-231xrv-219xrv-218xrv-217xrv-216xrv-214xrv-213xrv212"]]
  [1m[35mPlace Load (0.3ms)[0m  SELECT "places".* FROM "places" WHERE "places"."id" = 827 LIMIT 1
  [1m[36m (1.0ms)[0m  [1mSELECT COUNT(*) FROM "route_indices" WHERE (url = 'xrv272xrv272xrv224xrv-237xrv-235xrv-234xrv-233xrv-231xrv-219xrv-218xrv-217xrv-216xrv-214xrv-213xrv-211')[0m
  [1m[35mPlaceType Load (0.2ms)[0m  select * from place_types where name='Hut'
  [1m[36mSQL (0.4ms)[0m  [1mINSERT INTO "route_indices" ("created_at", "endplace_id", "isDest", "startplace_id", "updated_at", "url") VALUES ($1, $2, $3, $4, $5, $6) RETURNING "id"[0m  [["created_at", Mon, 27 Oct 2014 10:08:03 NZDT +13:00], ["endplace_id", 827], ["isDest", true], ["startplace_id", 471], ["updated_at", Mon, 27 Oct 2014 10:08:03 NZDT +13:00], ["url", "xrv272xrv272xrv224xrv-237xrv-235xrv-234xrv-233xrv-231xrv-219xrv-218xrv-217xrv-216xrv-214xrv-213xrv-211"]]
  [1m[35mPlace Load (0.3ms)[0m  SELECT "places".* FROM "places" WHERE "places"."id" = 1128 LIMIT 1
  [1m[36m (1.0ms)[0m  [1mSELECT COUNT(*) FROM "route_indices" WHERE (url = 'xrv272xrv-22xrv219xrv231xrv233xrv234xrv235xrv237xrv223xrv225xrv226xrv227xrv228xrv229xrv230')[0m
  [1m[35mPlaceType Load (0.2ms)[0m  select * from place_types where name='Roadend'
  [1m[36mSQL (0.4ms)[0m  [1mINSERT INTO "route_indices" ("created_at", "endplace_id", "isDest", "startplace_id", "updated_at", "url") VALUES ($1, $2, $3, $4, $5, $6) RETURNING "id"[0m  [["created_at", Mon, 27 Oct 2014 10:08:03 NZDT +13:00], ["endplace_id", 1128], ["isDest", true], ["startplace_id", 471], ["updated_at", Mon, 27 Oct 2014 10:08:03 NZDT +13:00], ["url", "xrv272xrv-22xrv219xrv231xrv233xrv234xrv235xrv237xrv223xrv225xrv226xrv227xrv228xrv229xrv230"]]
  [1m[35mPlace Load (0.3ms)[0m  SELECT "places".* FROM "places" WHERE "places"."id" = 1128 LIMIT 1
  [1m[36m (1.0ms)[0m  [1mSELECT COUNT(*) FROM "route_indices" WHERE (url = 'xrv272xrv-22xrv219xrv231xrv233xrv234xrv235xrv238xrv-222xrv225xrv226xrv227xrv228xrv229xrv230')[0m
  [1m[35mPlaceType Load (0.2ms)[0m  select * from place_types where name='Roadend'
  [1m[36mSQL (0.4ms)[0m  [1mINSERT INTO "route_indices" ("created_at", "endplace_id", "isDest", "startplace_id", "updated_at", "url") VALUES ($1, $2, $3, $4, $5, $6) RETURNING "id"[0m  [["created_at", Mon, 27 Oct 2014 10:08:03 NZDT +13:00], ["endplace_id", 1128], ["isDest", true], ["startplace_id", 471], ["updated_at", Mon, 27 Oct 2014 10:08:03 NZDT +13:00], ["url", "xrv272xrv-22xrv219xrv231xrv233xrv234xrv235xrv238xrv-222xrv225xrv226xrv227xrv228xrv229xrv230"]]
  [1m[35mPlace Load (0.3ms)[0m  SELECT "places".* FROM "places" WHERE "places"."id" = 419 LIMIT 1
  [1m[36m (1.0ms)[0m  [1mSELECT COUNT(*) FROM "route_indices" WHERE (url = 'xrv272xrv-22xrv219xrv231xrv233xrv234xrv235xrv238xrv-222xrv-223xrv-224xrv239xrv240xrv228xrv229')[0m
  [1m[35mPlaceType Load (0.2ms)[0m  select * from place_types where name='Hut'
  [1m[36mSQL (0.4ms)[0m  [1mINSERT INTO "route_indices" ("created_at", "endplace_id", "isDest", "startplace_id", "updated_at", "url") VALUES ($1, $2, $3, $4, $5, $6) RETURNING "id"[0m  [["created_at", Mon, 27 Oct 2014 10:08:03 NZDT +13:00], ["endplace_id", 419], ["isDest", true], ["startplace_id", 471], ["updated_at", Mon, 27 Oct 2014 10:08:03 NZDT +13:00], ["url", "xrv272xrv-22xrv219xrv231xrv233xrv234xrv235xrv238xrv-222xrv-223xrv-224xrv239xrv240xrv228xrv229"]]
  [1m[35mPlace Load (0.4ms)[0m  SELECT "places".* FROM "places" WHERE "places"."id" = 1125 LIMIT 1
  [1m[36m (1.1ms)[0m  [1mSELECT COUNT(*) FROM "route_indices" WHERE (url = 'xrv272xrv-22xrv219xrv231xrv233xrv234xrv235xrv238xrv-222xrv-223xrv-224xrv239xrv240xrv-227xrv-226')[0m
  [1m[35mPlaceType Load (0.2ms)[0m  select * from place_types where name='Campsite'
  [1m[36mSQL (0.4ms)[0m  [1mINSERT INTO "route_indices" ("created_at", "endplace_id", "isDest", "startplace_id", "updated_at", "url") VALUES ($1, $2, $3, $4, $5, $6) RETURNING "id"[0m  [["created_at", Mon, 27 Oct 2014 10:08:03 NZDT +13:00], ["endplace_id", 1125], ["isDest", true], ["startplace_id", 471], ["updated_at", Mon, 27 Oct 2014 10:08:03 NZDT +13:00], ["url", "xrv272xrv-22xrv219xrv231xrv233xrv234xrv235xrv238xrv-222xrv-223xrv-224xrv239xrv240xrv-227xrv-226"]]
  [1m[35mPlace Load (0.3ms)[0m  SELECT "places".* FROM "places" WHERE "places"."id" = 1128 LIMIT 1
  [1m[36m (1.0ms)[0m  [1mSELECT COUNT(*) FROM "route_indices" WHERE (url = 'xrv272xrv-22xrv219xrv-220xrv-21xrv-221xrv-238xrv237xrv223xrv225xrv226xrv227xrv228xrv229xrv230')[0m
  [1m[35mPlaceType Load (0.2ms)[0m  select * from place_types where name='Roadend'
  [1m[36mSQL (0.4ms)[0m  [1mINSERT INTO "route_indices" ("created_at", "endplace_id", "isDest", "startplace_id", "updated_at", "url") VALUES ($1, $2, $3, $4, $5, $6) RETURNING "id"[0m  [["created_at", Mon, 27 Oct 2014 10:08:03 NZDT +13:00], ["endplace_id", 1128], ["isDest", true], ["startplace_id", 471], ["updated_at", Mon, 27 Oct 2014 10:08:03 NZDT +13:00], ["url", "xrv272xrv-22xrv219xrv-220xrv-21xrv-221xrv-238xrv237xrv223xrv225xrv226xrv227xrv228xrv229xrv230"]]
  [1m[35mPlace Load (0.3ms)[0m  SELECT "places".* FROM "places" WHERE "places"."id" = 1123 LIMIT 1
  [1m[36m (1.1ms)[0m  [1mSELECT COUNT(*) FROM "route_indices" WHERE (url = 'xrv272xrv-22xrv219xrv-220xrv-21xrv-221xrv-238xrv237xrv-224xrv239xrv240xrv-227xrv-226xrv-225')[0m
  [1m[35mPlaceType Load (0.2ms)[0m  select * from place_types where name='Junction'
  [1m[36mSQL (0.4ms)[0m  [1mINSERT INTO "route_indices" ("created_at", "endplace_id", "isDest", "startplace_id", "updated_at", "url") VALUES ($1, $2, $3, $4, $5, $6) RETURNING "id"[0m  [["created_at", Mon, 27 Oct 2014 10:08:03 NZDT +13:00], ["endplace_id", 1123], ["isDest", false], ["startplace_id", 471], ["updated_at", Mon, 27 Oct 2014 10:08:03 NZDT +13:00], ["url", "xrv272xrv-22xrv219xrv-220xrv-21xrv-221xrv-238xrv237xrv-224xrv239xrv240xrv-227xrv-226xrv-225"]]
  [1m[35mPlace Load (0.3ms)[0m  SELECT "places".* FROM "places" WHERE "places"."id" = 207 LIMIT 1
  [1m[36m (1.1ms)[0m  [1mSELECT COUNT(*) FROM "route_indices" WHERE (url = 'xrv272xrv-22xrv219xrv-220xrv-21xrv-221xrv-222xrv225xrv226xrv227xrv-240xrv-239xrv224xrv-237xrv-235')[0m
  [1m[35mPlaceType Load (0.2ms)[0m  select * from place_types where name='Hut'
  [1m[36mSQL (0.4ms)[0m  [1mINSERT INTO "route_indices" ("created_at", "endplace_id", "isDest", "startplace_id", "updated_at", "url") VALUES ($1, $2, $3, $4, $5, $6) RETURNING "id"[0m  [["created_at", Mon, 27 Oct 2014 10:08:03 NZDT +13:00], ["endplace_id", 207], ["isDest", true], ["startplace_id", 471], ["updated_at", Mon, 27 Oct 2014 10:08:03 NZDT +13:00], ["url", "xrv272xrv-22xrv219xrv-220xrv-21xrv-221xrv-222xrv225xrv226xrv227xrv-240xrv-239xrv224xrv-237xrv-235"]]
  [1m[35mPlace Load (0.3ms)[0m  SELECT "places".* FROM "places" WHERE "places"."id" = 258 LIMIT 1
  [1m[36m (1.1ms)[0m  [1mSELECT COUNT(*) FROM "route_indices" WHERE (url = 'xrv272xrv272xrv239xrv240xrv-227xrv-226xrv-225xrv222xrv221xrv21xrv220xrv-219xrv-218xrv-217xrv-216xrv215')[0m
  [1m[35mPlaceType Load (0.2ms)[0m  select * from place_types where name='Hut'
  [1m[36mSQL (0.4ms)[0m  [1mINSERT INTO "route_indices" ("created_at", "endplace_id", "isDest", "startplace_id", "updated_at", "url") VALUES ($1, $2, $3, $4, $5, $6) RETURNING "id"[0m  [["created_at", Mon, 27 Oct 2014 10:08:03 NZDT +13:00], ["endplace_id", 258], ["isDest", true], ["startplace_id", 471], ["updated_at", Mon, 27 Oct 2014 10:08:03 NZDT +13:00], ["url", "xrv272xrv272xrv239xrv240xrv-227xrv-226xrv-225xrv222xrv221xrv21xrv220xrv-219xrv-218xrv-217xrv-216xrv215"]]
  [1m[35mPlace Load (0.3ms)[0m  SELECT "places".* FROM "places" WHERE "places"."id" = 58 LIMIT 1
  [1m[36m (1.2ms)[0m  [1mSELECT COUNT(*) FROM "route_indices" WHERE (url = 'xrv272xrv272xrv239xrv240xrv-227xrv-226xrv-225xrv222xrv221xrv21xrv220xrv-219xrv-218xrv-217xrv-216xrv-214')[0m
  [1m[35mPlaceType Load (0.2ms)[0m  select * from place_types where name='Hut'
  [1m[36mSQL (0.8ms)[0m  [1mINSERT INTO "route_indices" ("created_at", "endplace_id", "isDest", "startplace_id", "updated_at", "url") VALUES ($1, $2, $3, $4, $5, $6) RETURNING "id"[0m  [["created_at", Mon, 27 Oct 2014 10:08:03 NZDT +13:00], ["endplace_id", 58], ["isDest", true], ["startplace_id", 471], ["updated_at", Mon, 27 Oct 2014 10:08:03 NZDT +13:00], ["url", "xrv272xrv272xrv239xrv240xrv-227xrv-226xrv-225xrv222xrv221xrv21xrv220xrv-219xrv-218xrv-217xrv-216xrv-214"]]
  [1m[35mPlace Load (0.4ms)[0m  SELECT "places".* FROM "places" WHERE "places"."id" = 1122 LIMIT 1
  [1m[36m (1.4ms)[0m  [1mSELECT COUNT(*) FROM "route_indices" WHERE (url = 'xrv272xrv272xrv239xrv240xrv-227xrv-226xrv-225xrv222xrv-238xrv-235xrv-234xrv-233xrv-231xrv-220xrv-21')[0m
  [1m[35mPlaceType Load (0.3ms)[0m  select * from place_types where name='Junction'
  [1m[36mSQL (0.6ms)[0m  [1mINSERT INTO "route_indices" ("created_at", "endplace_id", "isDest", "startplace_id", "updated_at", "url") VALUES ($1, $2, $3, $4, $5, $6) RETURNING "id"[0m  [["created_at", Mon, 27 Oct 2014 10:08:03 NZDT +13:00], ["endplace_id", 1122], ["isDest", false], ["startplace_id", 471], ["updated_at", Mon, 27 Oct 2014 10:08:03 NZDT +13:00], ["url", "xrv272xrv272xrv239xrv240xrv-227xrv-226xrv-225xrv222xrv-238xrv-235xrv-234xrv-233xrv-231xrv-220xrv-21"]]
  [1m[35mPlace Load (0.4ms)[0m  SELECT "places".* FROM "places" WHERE "places"."id" = 207 LIMIT 1
  [1m[36m (1.2ms)[0m  [1mSELECT COUNT(*) FROM "route_indices" WHERE (url = 'xrv272xrv272xrv239xrv240xrv-227xrv-226xrv-225xrv-223xrv-237xrv238xrv221xrv21xrv220xrv231xrv233xrv234')[0m
  [1m[35mPlaceType Load (0.2ms)[0m  select * from place_types where name='Hut'
  [1m[36mSQL (0.5ms)[0m  [1mINSERT INTO "route_indices" ("created_at", "endplace_id", "isDest", "startplace_id", "updated_at", "url") VALUES ($1, $2, $3, $4, $5, $6) RETURNING "id"[0m  [["created_at", Mon, 27 Oct 2014 10:08:03 NZDT +13:00], ["endplace_id", 207], ["isDest", true], ["startplace_id", 471], ["updated_at", Mon, 27 Oct 2014 10:08:03 NZDT +13:00], ["url", "xrv272xrv272xrv239xrv240xrv-227xrv-226xrv-225xrv-223xrv-237xrv238xrv221xrv21xrv220xrv231xrv233xrv234"]]
  [1m[35mPlace Load (0.5ms)[0m  SELECT "places".* FROM "places" WHERE "places"."id" = 397 LIMIT 1
  [1m[36m (1.1ms)[0m  [1mSELECT COUNT(*) FROM "route_indices" WHERE (url = 'xrv272xrv272xrv224xrv223xrv222xrv221xrv21xrv220xrv-219xrv-218xrv-217xrv-216xrv-214xrv-213xrv-211xrv-210')[0m
  [1m[35mPlaceType Load (0.2ms)[0m  select * from place_types where name='Hut'
  [1m[36mSQL (0.5ms)[0m  [1mINSERT INTO "route_indices" ("created_at", "endplace_id", "isDest", "startplace_id", "updated_at", "url") VALUES ($1, $2, $3, $4, $5, $6) RETURNING "id"[0m  [["created_at", Mon, 27 Oct 2014 10:08:03 NZDT +13:00], ["endplace_id", 397], ["isDest", true], ["startplace_id", 471], ["updated_at", Mon, 27 Oct 2014 10:08:03 NZDT +13:00], ["url", "xrv272xrv272xrv224xrv223xrv222xrv221xrv21xrv220xrv-219xrv-218xrv-217xrv-216xrv-214xrv-213xrv-211xrv-210"]]
  [1m[35mPlace Load (0.3ms)[0m  SELECT "places".* FROM "places" WHERE "places"."id" = 271 LIMIT 1
  [1m[36m (1.0ms)[0m  [1mSELECT COUNT(*) FROM "route_indices" WHERE (url = 'xrv272xrv272xrv224xrv223xrv222xrv-238xrv-235xrv-234xrv-233xrv-231xrv-219xrv-218xrv-217xrv244xrv245xrv246')[0m
  [1m[35mPlaceType Load (0.2ms)[0m  select * from place_types where name='Hut'
  [1m[36mSQL (0.5ms)[0m  [1mINSERT INTO "route_indices" ("created_at", "endplace_id", "isDest", "startplace_id", "updated_at", "url") VALUES ($1, $2, $3, $4, $5, $6) RETURNING "id"[0m  [["created_at", Mon, 27 Oct 2014 10:08:03 NZDT +13:00], ["endplace_id", 271], ["isDest", true], ["startplace_id", 471], ["updated_at", Mon, 27 Oct 2014 10:08:03 NZDT +13:00], ["url", "xrv272xrv272xrv224xrv223xrv222xrv-238xrv-235xrv-234xrv-233xrv-231xrv-219xrv-218xrv-217xrv244xrv245xrv246"]]
  [1m[35mPlace Load (0.3ms)[0m  SELECT "places".* FROM "places" WHERE "places"."id" = 397 LIMIT 1
  [1m[36m (1.1ms)[0m  [1mSELECT COUNT(*) FROM "route_indices" WHERE (url = 'xrv272xrv272xrv224xrv-237xrv238xrv221xrv21xrv220xrv-219xrv-218xrv-217xrv-216xrv-214xrv-213xrv-211xrv-210')[0m
  [1m[35mPlaceType Load (0.2ms)[0m  select * from place_types where name='Hut'
  [1m[36mSQL (0.5ms)[0m  [1mINSERT INTO "route_indices" ("created_at", "endplace_id", "isDest", "startplace_id", "updated_at", "url") VALUES ($1, $2, $3, $4, $5, $6) RETURNING "id"[0m  [["created_at", Mon, 27 Oct 2014 10:08:03 NZDT +13:00], ["endplace_id", 397], ["isDest", true], ["startplace_id", 471], ["updated_at", Mon, 27 Oct 2014 10:08:03 NZDT +13:00], ["url", "xrv272xrv272xrv224xrv-237xrv238xrv221xrv21xrv220xrv-219xrv-218xrv-217xrv-216xrv-214xrv-213xrv-211xrv-210"]]
  [1m[35mPlace Load (0.3ms)[0m  SELECT "places".* FROM "places" WHERE "places"."id" = 397 LIMIT 1
  [1m[36m (1.1ms)[0m  [1mSELECT COUNT(*) FROM "route_indices" WHERE (url = 'xrv272xrv272xrv224xrv-237xrv-235xrv-234xrv-233xrv-231xrv-219xrv-218xrv-217xrv-216xrv-214xrv-213xrv-211xrv-210')[0m
  [1m[35mPlaceType Load (0.3ms)[0m  select * from place_types where name='Hut'
  [1m[36mSQL (0.5ms)[0m  [1mINSERT INTO "route_indices" ("created_at", "endplace_id", "isDest", "startplace_id", "updated_at", "url") VALUES ($1, $2, $3, $4, $5, $6) RETURNING "id"[0m  [["created_at", Mon, 27 Oct 2014 10:08:03 NZDT +13:00], ["endplace_id", 397], ["isDest", true], ["startplace_id", 471], ["updated_at", Mon, 27 Oct 2014 10:08:03 NZDT +13:00], ["url", "xrv272xrv272xrv224xrv-237xrv-235xrv-234xrv-233xrv-231xrv-219xrv-218xrv-217xrv-216xrv-214xrv-213xrv-211xrv-210"]]
  [1m[35mPlace Load (0.3ms)[0m  SELECT "places".* FROM "places" WHERE "places"."id" = 1124 LIMIT 1
  [1m[36m (1.1ms)[0m  [1mSELECT COUNT(*) FROM "route_indices" WHERE (url = 'xrv272xrv-22xrv219xrv231xrv233xrv234xrv235xrv238xrv-222xrv225xrv226xrv227xrv-240xrv-239xrv224')[0m
  [1m[35mPlaceType Load (0.2ms)[0m  select * from place_types where name='Junction'
  [1m[36mSQL (0.5ms)[0m  [1mINSERT INTO "route_indices" ("created_at", "endplace_id", "isDest", "startplace_id", "updated_at", "url") VALUES ($1, $2, $3, $4, $5, $6) RETURNING "id"[0m  [["created_at", Mon, 27 Oct 2014 10:08:03 NZDT +13:00], ["endplace_id", 1124], ["isDest", false], ["startplace_id", 471], ["updated_at", Mon, 27 Oct 2014 10:08:03 NZDT +13:00], ["url", "xrv272xrv-22xrv219xrv231xrv233xrv234xrv235xrv238xrv-222xrv225xrv226xrv227xrv-240xrv-239xrv224"]]
  [1m[35mPlace Load (0.3ms)[0m  SELECT "places".* FROM "places" WHERE "places"."id" = 1128 LIMIT 1
  [1m[36m (1.1ms)[0m  [1mSELECT COUNT(*) FROM "route_indices" WHERE (url = 'xrv272xrv-22xrv219xrv231xrv233xrv234xrv235xrv238xrv-222xrv-223xrv-224xrv239xrv240xrv228xrv229xrv230')[0m
  [1m[35mPlaceType Load (0.3ms)[0m  select * from place_types where name='Roadend'
  [1m[36mSQL (0.5ms)[0m  [1mINSERT INTO "route_indices" ("created_at", "endplace_id", "isDest", "startplace_id", "updated_at", "url") VALUES ($1, $2, $3, $4, $5, $6) RETURNING "id"[0m  [["created_at", Mon, 27 Oct 2014 10:08:03 NZDT +13:00], ["endplace_id", 1128], ["isDest", true], ["startplace_id", 471], ["updated_at", Mon, 27 Oct 2014 10:08:03 NZDT +13:00], ["url", "xrv272xrv-22xrv219xrv231xrv233xrv234xrv235xrv238xrv-222xrv-223xrv-224xrv239xrv240xrv228xrv229xrv230"]]
  [1m[35mPlace Load (0.3ms)[0m  SELECT "places".* FROM "places" WHERE "places"."id" = 650 LIMIT 1
  [1m[36m (1.1ms)[0m  [1mSELECT COUNT(*) FROM "route_indices" WHERE (url = 'xrv272xrv-22xrv219xrv-220xrv-21xrv-221xrv-222xrv225xrv226xrv227xrv-240xrv-239xrv224xrv-237xrv-235xrv-234')[0m
  [1m[35mPlaceType Load (0.2ms)[0m  select * from place_types where name='Hut'
  [1m[36mSQL (0.5ms)[0m  [1mINSERT INTO "route_indices" ("created_at", "endplace_id", "isDest", "startplace_id", "updated_at", "url") VALUES ($1, $2, $3, $4, $5, $6) RETURNING "id"[0m  [["created_at", Mon, 27 Oct 2014 10:08:03 NZDT +13:00], ["endplace_id", 650], ["isDest", true], ["startplace_id", 471], ["updated_at", Mon, 27 Oct 2014 10:08:03 NZDT +13:00], ["url", "xrv272xrv-22xrv219xrv-220xrv-21xrv-221xrv-222xrv225xrv226xrv227xrv-240xrv-239xrv224xrv-237xrv-235xrv-234"]]
  [1m[35mPlace Load (0.3ms)[0m  SELECT "places".* FROM "places" WHERE "places"."id" = 1111 LIMIT 1
  [1m[36m (1.2ms)[0m  [1mSELECT COUNT(*) FROM "route_indices" WHERE (url = 'xrv272xrv-22xrv-218xrv-217xrv-216xrv-214xrv-213xrv-211xrv-210xrv-209xrv-208xrv-207xrv-206xrv-205xrv-204xrv-203')[0m
  [1m[35mPlaceType Load (0.3ms)[0m  select * from place_types where name='Roadend'
  [1m[36mSQL (0.5ms)[0m  [1mINSERT INTO "route_indices" ("created_at", "endplace_id", "isDest", "startplace_id", "updated_at", "url") VALUES ($1, $2, $3, $4, $5, $6) RETURNING "id"[0m  [["created_at", Mon, 27 Oct 2014 10:08:03 NZDT +13:00], ["endplace_id", 1111], ["isDest", true], ["startplace_id", 471], ["updated_at", Mon, 27 Oct 2014 10:08:03 NZDT +13:00], ["url", "xrv272xrv-22xrv-218xrv-217xrv-216xrv-214xrv-213xrv-211xrv-210xrv-209xrv-208xrv-207xrv-206xrv-205xrv-204xrv-203"]]
  [1m[35mPlace Load (0.3ms)[0m  SELECT "places".* FROM "places" WHERE "places"."id" = 976 LIMIT 1
  [1m[36mPlaceType Load (0.2ms)[0m  [1mselect name, "isDest" from place_types[0m
  [1m[35mRoute Load (0.4ms)[0m  SELECT "routes".* FROM "routes" WHERE "routes"."id" = 22 LIMIT 1
  [1m[36mRoute Load (0.3ms)[0m  [1mSELECT "routes".* FROM "routes" WHERE "routes"."id" = 272 LIMIT 1[0m
  [1m[35mPlace Load (0.3ms)[0m  SELECT "places".* FROM "places" WHERE "places"."id" = 974 LIMIT 1
  [1m[36mCACHE (0.0ms)[0m  [1mSELECT "places".* FROM "places" WHERE "places"."id" = 974 LIMIT 1[0m
  [1m[35mRoute Load (0.4ms)[0m  select * from routes where startplace_id = 974
  [1m[36mRoute Load (0.3ms)[0m  [1mselect * from routes where endplace_id = 974[0m
  [1m[35mPlace Load (0.3ms)[0m  SELECT "places".* FROM "places" WHERE "places"."id" = $1 LIMIT 1  [["id", 974]]
  [1m[36mPlace Load (0.2ms)[0m  [1mSELECT "places".* FROM "places" WHERE "places"."id" = $1 LIMIT 1[0m  [["id", 471]]
  [1m[35mPlace Load (0.2ms)[0m  SELECT "places".* FROM "places" WHERE "places"."id" = $1 LIMIT 1  [["id", 1130]]
  [1m[36mPlace Load (0.2ms)[0m  [1mSELECT "places".* FROM "places" WHERE "places"."id" = $1 LIMIT 1[0m  [["id", 1124]]
  [1m[35mPlace Load (0.3ms)[0m  SELECT "places".* FROM "places" WHERE "places"."id" = 1130 LIMIT 1
  [1m[36mRoute Load (0.3ms)[0m  [1mselect * from routes where startplace_id = 1130[0m
  [1m[35mRoute Load (0.3ms)[0m  select * from routes where endplace_id = 1130
  [1m[36mCACHE (0.0ms)[0m  [1mSELECT "places".* FROM "places" WHERE "places"."id" = $1 LIMIT 1[0m  [["id", 1130]]
  [1m[35mCACHE (0.0ms)[0m  SELECT "places".* FROM "places" WHERE "places"."id" = $1 LIMIT 1  [["id", 974]]
  [1m[36mPlace Load (0.3ms)[0m  [1mSELECT "places".* FROM "places" WHERE "places"."id" = $1 LIMIT 1[0m  [["id", 1126]]
  [1m[35mPlace Load (0.3ms)[0m  SELECT "places".* FROM "places" WHERE "places"."id" = 1124 LIMIT 1
  [1m[36mRoute Load (0.3ms)[0m  [1mselect * from routes where startplace_id = 1124[0m
  [1m[35mRoute Load (0.3ms)[0m  select * from routes where endplace_id = 1124
  [1m[36mCACHE (0.1ms)[0m  [1mSELECT "places".* FROM "places" WHERE "places"."id" = $1 LIMIT 1[0m  [["id", 1124]]
  [1m[35mPlace Load (0.3ms)[0m  SELECT "places".* FROM "places" WHERE "places"."id" = $1 LIMIT 1  [["id", 1129]]
  [1m[36mCACHE (0.0ms)[0m  [1mSELECT "places".* FROM "places" WHERE "places"."id" = $1 LIMIT 1[0m  [["id", 1124]]
  [1m[35mCACHE (0.0ms)[0m  SELECT "places".* FROM "places" WHERE "places"."id" = $1 LIMIT 1  [["id", 974]]
  [1m[36mPlace Load (0.3ms)[0m  [1mSELECT "places".* FROM "places" WHERE "places"."id" = $1 LIMIT 1[0m  [["id", 1123]]
  [1m[35mPlace Load (0.4ms)[0m  SELECT "places".* FROM "places" WHERE "places"."id" = 1126 LIMIT 1
  [1m[36mRoute Load (0.3ms)[0m  [1mselect * from routes where startplace_id = 1126[0m
  [1m[35mRoute Load (0.3ms)[0m  select * from routes where endplace_id = 1126
  [1m[36mCACHE (0.0ms)[0m  [1mSELECT "places".* FROM "places" WHERE "places"."id" = $1 LIMIT 1[0m  [["id", 1126]]
  [1m[35mCACHE (0.0ms)[0m  SELECT "places".* FROM "places" WHERE "places"."id" = $1 LIMIT 1  [["id", 1130]]
  [1m[36mCACHE (0.0ms)[0m  [1mSELECT "places".* FROM "places" WHERE "places"."id" = $1 LIMIT 1[0m  [["id", 1126]]
  [1m[35mPlace Load (0.2ms)[0m  SELECT "places".* FROM "places" WHERE "places"."id" = $1 LIMIT 1  [["id", 769]]
  [1m[36mPlace Load (0.2ms)[0m  [1mSELECT "places".* FROM "places" WHERE "places"."id" = $1 LIMIT 1[0m  [["id", 1127]]
  [1m[35mPlace Load (0.3ms)[0m  SELECT "places".* FROM "places" WHERE "places"."id" = 1123 LIMIT 1
  [1m[36mRoute Load (0.3ms)[0m  [1mselect * from routes where startplace_id = 1123[0m
  [1m[35mRoute Load (0.3ms)[0m  select * from routes where endplace_id = 1123
  [1m[36mCACHE (0.0ms)[0m  [1mSELECT "places".* FROM "places" WHERE "places"."id" = $1 LIMIT 1[0m  [["id", 1123]]
  [1m[35mCACHE (0.0ms)[0m  SELECT "places".* FROM "places" WHERE "places"."id" = $1 LIMIT 1  [["id", 1124]]
  [1m[36mPlace Load (0.3ms)[0m  [1mSELECT "places".* FROM "places" WHERE "places"."id" = $1 LIMIT 1[0m  [["id", 975]]
  [1m[35mPlace Load (0.2ms)[0m  SELECT "places".* FROM "places" WHERE "places"."id" = $1 LIMIT 1  [["id", 1125]]
  [1m[36mPlace Load (0.3ms)[0m  [1mSELECT "places".* FROM "places" WHERE "places"."id" = 1129 LIMIT 1[0m
  [1m[35mRoute Load (0.4ms)[0m  select * from routes where startplace_id = 1129
  [1m[36mRoute Load (0.3ms)[0m  [1mselect * from routes where endplace_id = 1129[0m
  [1m[35mCACHE (0.0ms)[0m  SELECT "places".* FROM "places" WHERE "places"."id" = $1 LIMIT 1  [["id", 1129]]
  [1m[36mPlace Load (0.2ms)[0m  [1mSELECT "places".* FROM "places" WHERE "places"."id" = $1 LIMIT 1[0m  [["id", 207]]
  [1m[35mCACHE (0.0ms)[0m  SELECT "places".* FROM "places" WHERE "places"."id" = $1 LIMIT 1  [["id", 1124]]
  [1m[36mCACHE (0.0ms)[0m  [1mSELECT "places".* FROM "places" WHERE "places"."id" = $1 LIMIT 1[0m  [["id", 975]]
  [1m[35mPlace Load (0.3ms)[0m  SELECT "places".* FROM "places" WHERE "places"."id" = 1127 LIMIT 1
  [1m[36mRoute Load (0.3ms)[0m  [1mselect * from routes where startplace_id = 1127[0m
  [1m[35mRoute Load (0.3ms)[0m  select * from routes where endplace_id = 1127
  [1m[36mCACHE (0.0ms)[0m  [1mSELECT "places".* FROM "places" WHERE "places"."id" = $1 LIMIT 1[0m  [["id", 1127]]
  [1m[35mCACHE (0.0ms)[0m  SELECT "places".* FROM "places" WHERE "places"."id" = $1 LIMIT 1  [["id", 1126]]
  [1m[36mPlace Load (0.2ms)[0m  [1mSELECT "places".* FROM "places" WHERE "places"."id" = $1 LIMIT 1[0m  [["id", 419]]
  [1m[35mPlace Load (0.3ms)[0m  SELECT "places".* FROM "places" WHERE "places"."id" = 769 LIMIT 1
  [1m[36mRoute Load (0.3ms)[0m  [1mselect * from routes where startplace_id = 769[0m
  [1m[35mRoute Load (0.3ms)[0m  select * from routes where endplace_id = 769
  [1m[36mCACHE (0.0ms)[0m  [1mSELECT "places".* FROM "places" WHERE "places"."id" = $1 LIMIT 1[0m  [["id", 769]]
  [1m[35mCACHE (0.0ms)[0m  SELECT "places".* FROM "places" WHERE "places"."id" = $1 LIMIT 1  [["id", 1125]]
  [1m[36mCACHE (0.0ms)[0m  [1mSELECT "places".* FROM "places" WHERE "places"."id" = $1 LIMIT 1[0m  [["id", 1126]]
  [1m[35mPlace Load (0.3ms)[0m  SELECT "places".* FROM "places" WHERE "places"."id" = 975 LIMIT 1
  [1m[36mRoute Load (0.3ms)[0m  [1mselect * from routes where startplace_id = 975[0m
  [1m[35mRoute Load (0.3ms)[0m  select * from routes where endplace_id = 975
  [1m[36mCACHE (0.0ms)[0m  [1mSELECT "places".* FROM "places" WHERE "places"."id" = $1 LIMIT 1[0m  [["id", 975]]
  [1m[35mCACHE (0.0ms)[0m  SELECT "places".* FROM "places" WHERE "places"."id" = $1 LIMIT 1  [["id", 1129]]
  [1m[36mCACHE (0.0ms)[0m  [1mSELECT "places".* FROM "places" WHERE "places"."id" = $1 LIMIT 1[0m  [["id", 975]]
  [1m[35mCACHE (0.0ms)[0m  SELECT "places".* FROM "places" WHERE "places"."id" = $1 LIMIT 1  [["id", 1123]]
  [1m[36mPlace Load (0.2ms)[0m  [1mSELECT "places".* FROM "places" WHERE "places"."id" = $1 LIMIT 1[0m  [["id", 1122]]
  [1m[35mPlace Load (0.3ms)[0m  SELECT "places".* FROM "places" WHERE "places"."id" = 1125 LIMIT 1
  [1m[36mRoute Load (0.3ms)[0m  [1mselect * from routes where startplace_id = 1125[0m
  [1m[35mRoute Load (0.3ms)[0m  select * from routes where endplace_id = 1125
  [1m[36mCACHE (0.0ms)[0m  [1mSELECT "places".* FROM "places" WHERE "places"."id" = $1 LIMIT 1[0m  [["id", 1125]]
  [1m[35mCACHE (0.0ms)[0m  SELECT "places".* FROM "places" WHERE "places"."id" = $1 LIMIT 1  [["id", 1123]]
  [1m[36mCACHE (0.0ms)[0m  [1mSELECT "places".* FROM "places" WHERE "places"."id" = $1 LIMIT 1[0m  [["id", 769]]
  [1m[35mCACHE (0.0ms)[0m  SELECT "places".* FROM "places" WHERE "places"."id" = 975 LIMIT 1
  [1m[36mCACHE (0.0ms)[0m  [1mselect * from routes where startplace_id = 975[0m
  [1m[35mCACHE (0.0ms)[0m  select * from routes where endplace_id = 975
  [1m[36mCACHE (0.0ms)[0m  [1mSELECT "places".* FROM "places" WHERE "places"."id" = $1 LIMIT 1[0m  [["id", 975]]
  [1m[35mCACHE (0.0ms)[0m  SELECT "places".* FROM "places" WHERE "places"."id" = $1 LIMIT 1  [["id", 1129]]
  [1m[36mCACHE (0.0ms)[0m  [1mSELECT "places".* FROM "places" WHERE "places"."id" = $1 LIMIT 1[0m  [["id", 975]]
  [1m[35mCACHE (0.0ms)[0m  SELECT "places".* FROM "places" WHERE "places"."id" = $1 LIMIT 1  [["id", 1123]]
  [1m[36mCACHE (0.0ms)[0m  [1mSELECT "places".* FROM "places" WHERE "places"."id" = $1 LIMIT 1[0m  [["id", 1122]]
  [1m[35mPlace Load (0.4ms)[0m  SELECT "places".* FROM "places" WHERE "places"."id" = 207 LIMIT 1
  [1m[36mRoute Load (0.3ms)[0m  [1mselect * from routes where startplace_id = 207[0m
  [1m[35mRoute Load (0.4ms)[0m  select * from routes where endplace_id = 207
  [1m[36mCACHE (0.0ms)[0m  [1mSELECT "places".* FROM "places" WHERE "places"."id" = $1 LIMIT 1[0m  [["id", 207]]
  [1m[35mPlace Load (0.2ms)[0m  SELECT "places".* FROM "places" WHERE "places"."id" = $1 LIMIT 1  [["id", 650]]
  [1m[36mCACHE (0.0ms)[0m  [1mSELECT "places".* FROM "places" WHERE "places"."id" = $1 LIMIT 1[0m  [["id", 207]]
  [1m[35mPlace Load (0.3ms)[0m  SELECT "places".* FROM "places" WHERE "places"."id" = $1 LIMIT 1  [["id", 1133]]
  [1m[36mCACHE (0.0ms)[0m  [1mSELECT "places".* FROM "places" WHERE "places"."id" = $1 LIMIT 1[0m  [["id", 1129]]
  [1m[35mPlace Load (0.3ms)[0m  SELECT "places".* FROM "places" WHERE "places"."id" = 419 LIMIT 1
  [1m[36mRoute Load (0.3ms)[0m  [1mselect * from routes where startplace_id = 419[0m
  [1m[35mRoute Load (0.3ms)[0m  select * from routes where endplace_id = 419
  [1m[36mCACHE (0.0ms)[0m  [1mSELECT "places".* FROM "places" WHERE "places"."id" = $1 LIMIT 1[0m  [["id", 419]]
  [1m[35mCACHE (0.0ms)[0m  SELECT "places".* FROM "places" WHERE "places"."id" = $1 LIMIT 1  [["id", 1127]]
  [1m[36mPlace Load (0.2ms)[0m  [1mSELECT "places".* FROM "places" WHERE "places"."id" = $1 LIMIT 1[0m  [["id", 1128]]
  [1m[35mCACHE (0.0ms)[0m  SELECT "places".* FROM "places" WHERE "places"."id" = 1125 LIMIT 1
  [1m[36mCACHE (0.0ms)[0m  [1mselect * from routes where startplace_id = 1125[0m
  [1m[35mCACHE (0.0ms)[0m  select * from routes where endplace_id = 1125
  [1m[36mCACHE (0.0ms)[0m  [1mSELECT "places".* FROM "places" WHERE "places"."id" = $1 LIMIT 1[0m  [["id", 1125]]
  [1m[35mCACHE (0.0ms)[0m  SELECT "places".* FROM "places" WHERE "places"."id" = $1 LIMIT 1  [["id", 1123]]
  [1m[36mCACHE (0.0ms)[0m  [1mSELECT "places".* FROM "places" WHERE "places"."id" = $1 LIMIT 1[0m  [["id", 769]]
  [1m[35mPlace Load (0.3ms)[0m  SELECT "places".* FROM "places" WHERE "places"."id" = 1122 LIMIT 1
  [1m[36mRoute Load (0.3ms)[0m  [1mselect * from routes where startplace_id = 1122[0m
  [1m[35mRoute Load (0.3ms)[0m  select * from routes where endplace_id = 1122
  [1m[36mCACHE (0.0ms)[0m  [1mSELECT "places".* FROM "places" WHERE "places"."id" = $1 LIMIT 1[0m  [["id", 1122]]
  [1m[35mCACHE (0.0ms)[0m  SELECT "places".* FROM "places" WHERE "places"."id" = $1 LIMIT 1  [["id", 975]]
  [1m[36mPlace Load (0.5ms)[0m  [1mSELECT "places".* FROM "places" WHERE "places"."id" = $1 LIMIT 1[0m  [["id", 1121]]
  [1m[35mCACHE (0.0ms)[0m  SELECT "places".* FROM "places" WHERE "places"."id" = 1129 LIMIT 1
  [1m[36mCACHE (0.0ms)[0m  [1mselect * from routes where startplace_id = 1129[0m
  [1m[35mCACHE (0.0ms)[0m  select * from routes where endplace_id = 1129
  [1m[36mCACHE (0.0ms)[0m  [1mSELECT "places".* FROM "places" WHERE "places"."id" = $1 LIMIT 1[0m  [["id", 1129]]
  [1m[35mCACHE (0.0ms)[0m  SELECT "places".* FROM "places" WHERE "places"."id" = $1 LIMIT 1  [["id", 207]]
  [1m[36mCACHE (0.0ms)[0m  [1mSELECT "places".* FROM "places" WHERE "places"."id" = $1 LIMIT 1[0m  [["id", 1124]]
  [1m[35mCACHE (0.0ms)[0m  SELECT "places".* FROM "places" WHERE "places"."id" = $1 LIMIT 1  [["id", 975]]
  [1m[36mCACHE (0.0ms)[0m  [1mSELECT "places".* FROM "places" WHERE "places"."id" = 769 LIMIT 1[0m
  [1m[35mCACHE (0.0ms)[0m  select * from routes where startplace_id = 769
  [1m[36mCACHE (0.0ms)[0m  [1mselect * from routes where endplace_id = 769[0m
  [1m[35mCACHE (0.0ms)[0m  SELECT "places".* FROM "places" WHERE "places"."id" = $1 LIMIT 1  [["id", 769]]
  [1m[36mCACHE (0.0ms)[0m  [1mSELECT "places".* FROM "places" WHERE "places"."id" = $1 LIMIT 1[0m  [["id", 1125]]
  [1m[35mCACHE (0.0ms)[0m  SELECT "places".* FROM "places" WHERE "places"."id" = $1 LIMIT 1  [["id", 1126]]
  [1m[36mCACHE (0.0ms)[0m  [1mSELECT "places".* FROM "places" WHERE "places"."id" = 1122 LIMIT 1[0m
  [1m[35mCACHE (0.0ms)[0m  select * from routes where startplace_id = 1122
  [1m[36mCACHE (0.0ms)[0m  [1mselect * from routes where endplace_id = 1122[0m
  [1m[35mCACHE (0.0ms)[0m  SELECT "places".* FROM "places" WHERE "places"."id" = $1 LIMIT 1  [["id", 1122]]
  [1m[36mCACHE (0.0ms)[0m  [1mSELECT "places".* FROM "places" WHERE "places"."id" = $1 LIMIT 1[0m  [["id", 975]]
  [1m[35mCACHE (0.0ms)[0m  SELECT "places".* FROM "places" WHERE "places"."id" = $1 LIMIT 1  [["id", 1121]]
  [1m[36mCACHE (0.0ms)[0m  [1mSELECT "places".* FROM "places" WHERE "places"."id" = 1123 LIMIT 1[0m
  [1m[35mCACHE (0.0ms)[0m  select * from routes where startplace_id = 1123
  [1m[36mCACHE (0.1ms)[0m  [1mselect * from routes where endplace_id = 1123[0m
  [1m[35mCACHE (0.0ms)[0m  SELECT "places".* FROM "places" WHERE "places"."id" = $1 LIMIT 1  [["id", 1123]]
  [1m[36mCACHE (0.0ms)[0m  [1mSELECT "places".* FROM "places" WHERE "places"."id" = $1 LIMIT 1[0m  [["id", 1124]]
  [1m[35mCACHE (0.0ms)[0m  SELECT "places".* FROM "places" WHERE "places"."id" = $1 LIMIT 1  [["id", 975]]
  [1m[36mCACHE (0.0ms)[0m  [1mSELECT "places".* FROM "places" WHERE "places"."id" = $1 LIMIT 1[0m  [["id", 1125]]
  [1m[35mPlace Load (0.4ms)[0m  SELECT "places".* FROM "places" WHERE "places"."id" = 650 LIMIT 1
  [1m[36mRoute Load (0.4ms)[0m  [1mselect * from routes where startplace_id = 650[0m
  [1m[35mRoute Load (0.3ms)[0m  select * from routes where endplace_id = 650
  [1m[36mCACHE (0.0ms)[0m  [1mSELECT "places".* FROM "places" WHERE "places"."id" = $1 LIMIT 1[0m  [["id", 650]]
  [1m[35mPlace Load (0.2ms)[0m  SELECT "places".* FROM "places" WHERE "places"."id" = $1 LIMIT 1  [["id", 45]]
  [1m[36mCACHE (0.0ms)[0m  [1mSELECT "places".* FROM "places" WHERE "places"."id" = $1 LIMIT 1[0m  [["id", 207]]
  [1m[35mPlace Load (0.3ms)[0m  SELECT "places".* FROM "places" WHERE "places"."id" = 1133 LIMIT 1
  [1m[36mRoute Load (0.3ms)[0m  [1mselect * from routes where startplace_id = 1133[0m
  [1m[35mRoute Load (0.3ms)[0m  select * from routes where endplace_id = 1133
  [1m[36mCACHE (0.0ms)[0m  [1mSELECT "places".* FROM "places" WHERE "places"."id" = $1 LIMIT 1[0m  [["id", 1133]]
  [1m[35mPlace Load (0.2ms)[0m  SELECT "places".* FROM "places" WHERE "places"."id" = $1 LIMIT 1  [["id", 1131]]
  [1m[36mCACHE (0.0ms)[0m  [1mSELECT "places".* FROM "places" WHERE "places"."id" = $1 LIMIT 1[0m  [["id", 207]]
  [1m[35mPlace Load (0.3ms)[0m  SELECT "places".* FROM "places" WHERE "places"."id" = 1128 LIMIT 1
  [1m[36mRoute Load (0.4ms)[0m  [1mselect * from routes where startplace_id = 1128[0m
  [1m[35mRoute Load (0.3ms)[0m  select * from routes where endplace_id = 1128
  [1m[36mCACHE (0.0ms)[0m  [1mSELECT "places".* FROM "places" WHERE "places"."id" = $1 LIMIT 1[0m  [["id", 1128]]
  [1m[35mCACHE (0.0ms)[0m  SELECT "places".* FROM "places" WHERE "places"."id" = $1 LIMIT 1  [["id", 419]]
  [1m[36mCACHE (0.0ms)[0m  [1mSELECT "places".* FROM "places" WHERE "places"."id" = 1123 LIMIT 1[0m
  [1m[35mCACHE (0.0ms)[0m  select * from routes where startplace_id = 1123
  [1m[36mCACHE (0.0ms)[0m  [1mselect * from routes where endplace_id = 1123[0m
  [1m[35mCACHE (0.0ms)[0m  SELECT "places".* FROM "places" WHERE "places"."id" = $1 LIMIT 1  [["id", 1123]]
  [1m[36mCACHE (0.0ms)[0m  [1mSELECT "places".* FROM "places" WHERE "places"."id" = $1 LIMIT 1[0m  [["id", 1124]]
  [1m[35mCACHE (0.0ms)[0m  SELECT "places".* FROM "places" WHERE "places"."id" = $1 LIMIT 1  [["id", 975]]
  [1m[36mCACHE (0.0ms)[0m  [1mSELECT "places".* FROM "places" WHERE "places"."id" = $1 LIMIT 1[0m  [["id", 1125]]
  [1m[35mPlace Load (0.3ms)[0m  SELECT "places".* FROM "places" WHERE "places"."id" = 1121 LIMIT 1
  [1m[36mRoute Load (0.3ms)[0m  [1mselect * from routes where startplace_id = 1121[0m
  [1m[35mRoute Load (0.3ms)[0m  select * from routes where endplace_id = 1121
  [1m[36mCACHE (0.0ms)[0m  [1mSELECT "places".* FROM "places" WHERE "places"."id" = $1 LIMIT 1[0m  [["id", 1121]]
  [1m[35mCACHE (0.0ms)[0m  SELECT "places".* FROM "places" WHERE "places"."id" = $1 LIMIT 1  [["id", 1122]]
  [1m[36mPlace Load (0.2ms)[0m  [1mSELECT "places".* FROM "places" WHERE "places"."id" = $1 LIMIT 1[0m  [["id", 976]]
  [1m[35mCACHE (0.0ms)[0m  SELECT "places".* FROM "places" WHERE "places"."id" = 207 LIMIT 1
  [1m[36mCACHE (0.0ms)[0m  [1mselect * from routes where startplace_id = 207[0m
  [1m[35mCACHE (0.0ms)[0m  select * from routes where endplace_id = 207
  [1m[36mCACHE (0.0ms)[0m  [1mSELECT "places".* FROM "places" WHERE "places"."id" = $1 LIMIT 1[0m  [["id", 207]]
  [1m[35mCACHE (0.0ms)[0m  SELECT "places".* FROM "places" WHERE "places"."id" = $1 LIMIT 1  [["id", 650]]
  [1m[36mCACHE (0.0ms)[0m  [1mSELECT "places".* FROM "places" WHERE "places"."id" = $1 LIMIT 1[0m  [["id", 207]]
  [1m[35mCACHE (0.0ms)[0m  SELECT "places".* FROM "places" WHERE "places"."id" = $1 LIMIT 1  [["id", 1133]]
  [1m[36mCACHE (0.0ms)[0m  [1mSELECT "places".* FROM "places" WHERE "places"."id" = $1 LIMIT 1[0m  [["id", 1129]]
  [1m[35mCACHE (0.0ms)[0m  SELECT "places".* FROM "places" WHERE "places"."id" = 1126 LIMIT 1
  [1m[36mCACHE (0.0ms)[0m  [1mselect * from routes where startplace_id = 1126[0m
  [1m[35mCACHE (0.0ms)[0m  select * from routes where endplace_id = 1126
  [1m[36mCACHE (0.0ms)[0m  [1mSELECT "places".* FROM "places" WHERE "places"."id" = $1 LIMIT 1[0m  [["id", 1126]]
  [1m[35mCACHE (0.0ms)[0m  SELECT "places".* FROM "places" WHERE "places"."id" = $1 LIMIT 1  [["id", 1130]]
  [1m[36mCACHE (0.0ms)[0m  [1mSELECT "places".* FROM "places" WHERE "places"."id" = $1 LIMIT 1[0m  [["id", 1126]]
  [1m[35mCACHE (0.0ms)[0m  SELECT "places".* FROM "places" WHERE "places"."id" = $1 LIMIT 1  [["id", 769]]
  [1m[36mCACHE (0.0ms)[0m  [1mSELECT "places".* FROM "places" WHERE "places"."id" = $1 LIMIT 1[0m  [["id", 1127]]
  [1m[35mCACHE (0.0ms)[0m  SELECT "places".* FROM "places" WHERE "places"."id" = 1121 LIMIT 1
  [1m[36mCACHE (0.0ms)[0m  [1mselect * from routes where startplace_id = 1121[0m
  [1m[35mCACHE (0.0ms)[0m  select * from routes where endplace_id = 1121
  [1m[36mCACHE (0.0ms)[0m  [1mSELECT "places".* FROM "places" WHERE "places"."id" = $1 LIMIT 1[0m  [["id", 1121]]
  [1m[35mCACHE (0.0ms)[0m  SELECT "places".* FROM "places" WHERE "places"."id" = $1 LIMIT 1  [["id", 1122]]
  [1m[36mCACHE (0.0ms)[0m  [1mSELECT "places".* FROM "places" WHERE "places"."id" = $1 LIMIT 1[0m  [["id", 976]]
  [1m[35mCACHE (0.0ms)[0m  SELECT "places".* FROM "places" WHERE "places"."id" = 1125 LIMIT 1
  [1m[36mCACHE (0.0ms)[0m  [1mselect * from routes where startplace_id = 1125[0m
  [1m[35mCACHE (0.0ms)[0m  select * from routes where endplace_id = 1125
  [1m[36mCACHE (0.0ms)[0m  [1mSELECT "places".* FROM "places" WHERE "places"."id" = $1 LIMIT 1[0m  [["id", 1125]]
  [1m[35mCACHE (0.0ms)[0m  SELECT "places".* FROM "places" WHERE "places"."id" = $1 LIMIT 1  [["id", 1123]]
  [1m[36mCACHE (0.0ms)[0m  [1mSELECT "places".* FROM "places" WHERE "places"."id" = $1 LIMIT 1[0m  [["id", 769]]
  [1m[35mPlace Load (0.3ms)[0m  SELECT "places".* FROM "places" WHERE "places"."id" = 45 LIMIT 1
  [1m[36mRoute Load (0.3ms)[0m  [1mselect * from routes where startplace_id = 45[0m
  [1m[35mRoute Load (0.3ms)[0m  select * from routes where endplace_id = 45
  [1m[36mCACHE (0.0ms)[0m  [1mSELECT "places".* FROM "places" WHERE "places"."id" = $1 LIMIT 1[0m  [["id", 45]]
  [1m[35mCACHE (0.0ms)[0m  SELECT "places".* FROM "places" WHERE "places"."id" = $1 LIMIT 1  [["id", 976]]
  [1m[36mCACHE (0.0ms)[0m  [1mSELECT "places".* FROM "places" WHERE "places"."id" = $1 LIMIT 1[0m  [["id", 650]]
  [1m[35mPlace Load (0.2ms)[0m  SELECT "places".* FROM "places" WHERE "places"."id" = 1131 LIMIT 1
  [1m[36mRoute Load (0.3ms)[0m  [1mselect * from routes where startplace_id = 1131[0m
  [1m[35mRoute Load (0.3ms)[0m  select * from routes where endplace_id = 1131
  [1m[36mCACHE (0.0ms)[0m  [1mSELECT "places".* FROM "places" WHERE "places"."id" = $1 LIMIT 1[0m  [["id", 1131]]
  [1m[35mPlace Load (0.2ms)[0m  SELECT "places".* FROM "places" WHERE "places"."id" = $1 LIMIT 1  [["id", 1132]]
  [1m[36mCACHE (0.0ms)[0m  [1mSELECT "places".* FROM "places" WHERE "places"."id" = $1 LIMIT 1[0m  [["id", 1133]]
  [1m[35mCACHE (0.0ms)[0m  SELECT "places".* FROM "places" WHERE "places"."id" = 975 LIMIT 1
  [1m[36mCACHE (0.0ms)[0m  [1mselect * from routes where startplace_id = 975[0m
  [1m[35mCACHE (0.0ms)[0m  select * from routes where endplace_id = 975
  [1m[36mCACHE (0.0ms)[0m  [1mSELECT "places".* FROM "places" WHERE "places"."id" = $1 LIMIT 1[0m  [["id", 975]]
  [1m[35mCACHE (0.0ms)[0m  SELECT "places".* FROM "places" WHERE "places"."id" = $1 LIMIT 1  [["id", 1129]]
  [1m[36mCACHE (0.0ms)[0m  [1mSELECT "places".* FROM "places" WHERE "places"."id" = $1 LIMIT 1[0m  [["id", 975]]
  [1m[35mCACHE (0.0ms)[0m  SELECT "places".* FROM "places" WHERE "places"."id" = $1 LIMIT 1  [["id", 1123]]
  [1m[36mCACHE (0.0ms)[0m  [1mSELECT "places".* FROM "places" WHERE "places"."id" = $1 LIMIT 1[0m  [["id", 1122]]
  [1m[35mCACHE (0.0ms)[0m  SELECT "places".* FROM "places" WHERE "places"."id" = 1124 LIMIT 1
  [1m[36mCACHE (0.0ms)[0m  [1mselect * from routes where startplace_id = 1124[0m
  [1m[35mCACHE (0.0ms)[0m  select * from routes where endplace_id = 1124
  [1m[36mCACHE (0.0ms)[0m  [1mSELECT "places".* FROM "places" WHERE "places"."id" = $1 LIMIT 1[0m  [["id", 1124]]
  [1m[35mCACHE (0.0ms)[0m  SELECT "places".* FROM "places" WHERE "places"."id" = $1 LIMIT 1  [["id", 1129]]
  [1m[36mCACHE (0.0ms)[0m  [1mSELECT "places".* FROM "places" WHERE "places"."id" = $1 LIMIT 1[0m  [["id", 1124]]
  [1m[35mCACHE (0.0ms)[0m  SELECT "places".* FROM "places" WHERE "places"."id" = $1 LIMIT 1  [["id", 974]]
  [1m[36mCACHE (0.0ms)[0m  [1mSELECT "places".* FROM "places" WHERE "places"."id" = $1 LIMIT 1[0m  [["id", 1123]]
  [1m[35mCACHE (0.0ms)[0m  SELECT "places".* FROM "places" WHERE "places"."id" = 650 LIMIT 1
  [1m[36mCACHE (0.0ms)[0m  [1mselect * from routes where startplace_id = 650[0m
  [1m[35mCACHE (0.0ms)[0m  select * from routes where endplace_id = 650
  [1m[36mCACHE (0.0ms)[0m  [1mSELECT "places".* FROM "places" WHERE "places"."id" = $1 LIMIT 1[0m  [["id", 650]]
  [1m[35mCACHE (0.0ms)[0m  SELECT "places".* FROM "places" WHERE "places"."id" = $1 LIMIT 1  [["id", 45]]
  [1m[36mCACHE (0.0ms)[0m  [1mSELECT "places".* FROM "places" WHERE "places"."id" = $1 LIMIT 1[0m  [["id", 207]]
  [1m[35mCACHE (0.0ms)[0m  SELECT "places".* FROM "places" WHERE "places"."id" = 1133 LIMIT 1
  [1m[36mCACHE (0.0ms)[0m  [1mselect * from routes where startplace_id = 1133[0m
  [1m[35mCACHE (0.0ms)[0m  select * from routes where endplace_id = 1133
  [1m[36mCACHE (0.0ms)[0m  [1mSELECT "places".* FROM "places" WHERE "places"."id" = $1 LIMIT 1[0m  [["id", 1133]]
  [1m[35mCACHE (0.0ms)[0m  SELECT "places".* FROM "places" WHERE "places"."id" = $1 LIMIT 1  [["id", 1131]]
  [1m[36mCACHE (0.0ms)[0m  [1mSELECT "places".* FROM "places" WHERE "places"."id" = $1 LIMIT 1[0m  [["id", 207]]
  [1m[35mCACHE (0.0ms)[0m  SELECT "places".* FROM "places" WHERE "places"."id" = 1127 LIMIT 1
  [1m[36mCACHE (0.0ms)[0m  [1mselect * from routes where startplace_id = 1127[0m
  [1m[35mCACHE (0.0ms)[0m  select * from routes where endplace_id = 1127
  [1m[36mCACHE (0.0ms)[0m  [1mSELECT "places".* FROM "places" WHERE "places"."id" = $1 LIMIT 1[0m  [["id", 1127]]
  [1m[35mCACHE (0.0ms)[0m  SELECT "places".* FROM "places" WHERE "places"."id" = $1 LIMIT 1  [["id", 1126]]
  [1m[36mCACHE (0.0ms)[0m  [1mSELECT "places".* FROM "places" WHERE "places"."id" = $1 LIMIT 1[0m  [["id", 419]]
  [1m[35mCACHE (0.0ms)[0m  SELECT "places".* FROM "places" WHERE "places"."id" = 1130 LIMIT 1
  [1m[36mCACHE (0.0ms)[0m  [1mselect * from routes where startplace_id = 1130[0m
  [1m[35mCACHE (0.0ms)[0m  select * from routes where endplace_id = 1130
  [1m[36mCACHE (0.0ms)[0m  [1mSELECT "places".* FROM "places" WHERE "places"."id" = $1 LIMIT 1[0m  [["id", 1130]]
  [1m[35mCACHE (0.0ms)[0m  SELECT "places".* FROM "places" WHERE "places"."id" = $1 LIMIT 1  [["id", 974]]
  [1m[36mCACHE (0.0ms)[0m  [1mSELECT "places".* FROM "places" WHERE "places"."id" = $1 LIMIT 1[0m  [["id", 1126]]
  [1m[35mCACHE (0.0ms)[0m  SELECT "places".* FROM "places" WHERE "places"."id" = 769 LIMIT 1
  [1m[36mCACHE (0.0ms)[0m  [1mselect * from routes where startplace_id = 769[0m
  [1m[35mCACHE (0.0ms)[0m  select * from routes where endplace_id = 769
  [1m[36mCACHE (0.0ms)[0m  [1mSELECT "places".* FROM "places" WHERE "places"."id" = $1 LIMIT 1[0m  [["id", 769]]
  [1m[35mCACHE (0.0ms)[0m  SELECT "places".* FROM "places" WHERE "places"."id" = $1 LIMIT 1  [["id", 1125]]
  [1m[36mCACHE (0.0ms)[0m  [1mSELECT "places".* FROM "places" WHERE "places"."id" = $1 LIMIT 1[0m  [["id", 1126]]
  [1m[35mPlace Load (0.3ms)[0m  SELECT "places".* FROM "places" WHERE "places"."id" = 1132 LIMIT 1
  [1m[36mRoute Load (0.3ms)[0m  [1mselect * from routes where startplace_id = 1132[0m
  [1m[35mRoute Load (0.2ms)[0m  select * from routes where endplace_id = 1132
  [1m[36mCACHE (0.0ms)[0m  [1mSELECT "places".* FROM "places" WHERE "places"."id" = $1 LIMIT 1[0m  [["id", 1131]]
  [1m[35mCACHE (0.0ms)[0m  SELECT "places".* FROM "places" WHERE "places"."id" = 1122 LIMIT 1
  [1m[36mCACHE (0.0ms)[0m  [1mselect * from routes where startplace_id = 1122[0m
  [1m[35mCACHE (0.0ms)[0m  select * from routes where endplace_id = 1122
  [1m[36mCACHE (0.0ms)[0m  [1mSELECT "places".* FROM "places" WHERE "places"."id" = $1 LIMIT 1[0m  [["id", 1122]]
  [1m[35mCACHE (0.0ms)[0m  SELECT "places".* FROM "places" WHERE "places"."id" = $1 LIMIT 1  [["id", 975]]
  [1m[36mCACHE (0.0ms)[0m  [1mSELECT "places".* FROM "places" WHERE "places"."id" = $1 LIMIT 1[0m  [["id", 1121]]
  [1m[35mCACHE (0.0ms)[0m  SELECT "places".* FROM "places" WHERE "places"."id" = 1129 LIMIT 1
  [1m[36mCACHE (0.0ms)[0m  [1mselect * from routes where startplace_id = 1129[0m
  [1m[35mCACHE (0.0ms)[0m  select * from routes where endplace_id = 1129
  [1m[36mCACHE (0.0ms)[0m  [1mSELECT "places".* FROM "places" WHERE "places"."id" = $1 LIMIT 1[0m  [["id", 1129]]
  [1m[35mCACHE (0.0ms)[0m  SELECT "places".* FROM "places" WHERE "places"."id" = $1 LIMIT 1  [["id", 207]]
  [1m[36mCACHE (0.0ms)[0m  [1mSELECT "places".* FROM "places" WHERE "places"."id" = $1 LIMIT 1[0m  [["id", 1124]]
  [1m[35mCACHE (0.0ms)[0m  SELECT "places".* FROM "places" WHERE "places"."id" = $1 LIMIT 1  [["id", 975]]
  [1m[36mCACHE (0.0ms)[0m  [1mSELECT "places".* FROM "places" WHERE "places"."id" = 1129 LIMIT 1[0m
  [1m[35mCACHE (0.0ms)[0m  select * from routes where startplace_id = 1129
  [1m[36mCACHE (0.0ms)[0m  [1mselect * from routes where endplace_id = 1129[0m
  [1m[35mCACHE (0.0ms)[0m  SELECT "places".* FROM "places" WHERE "places"."id" = $1 LIMIT 1  [["id", 1129]]
  [1m[36mCACHE (0.0ms)[0m  [1mSELECT "places".* FROM "places" WHERE "places"."id" = $1 LIMIT 1[0m  [["id", 207]]
  [1m[35mCACHE (0.0ms)[0m  SELECT "places".* FROM "places" WHERE "places"."id" = $1 LIMIT 1  [["id", 1124]]
  [1m[36mCACHE (0.0ms)[0m  [1mSELECT "places".* FROM "places" WHERE "places"."id" = $1 LIMIT 1[0m  [["id", 975]]
  [1m[35mCACHE (0.0ms)[0m  SELECT "places".* FROM "places" WHERE "places"."id" = 45 LIMIT 1
  [1m[36mCACHE (0.0ms)[0m  [1mselect * from routes where startplace_id = 45[0m
  [1m[35mCACHE (0.0ms)[0m  select * from routes where endplace_id = 45
  [1m[36mCACHE (0.0ms)[0m  [1mSELECT "places".* FROM "places" WHERE "places"."id" = $1 LIMIT 1[0m  [["id", 45]]
  [1m[35mCACHE (0.0ms)[0m  SELECT "places".* FROM "places" WHERE "places"."id" = $1 LIMIT 1  [["id", 976]]
  [1m[36mCACHE (0.0ms)[0m  [1mSELECT "places".* FROM "places" WHERE "places"."id" = $1 LIMIT 1[0m  [["id", 650]]
  [1m[35mCACHE (0.0ms)[0m  SELECT "places".* FROM "places" WHERE "places"."id" = 1131 LIMIT 1
  [1m[36mCACHE (0.0ms)[0m  [1mselect * from routes where startplace_id = 1131[0m
  [1m[35mCACHE (0.0ms)[0m  select * from routes where endplace_id = 1131
  [1m[36mCACHE (0.0ms)[0m  [1mSELECT "places".* FROM "places" WHERE "places"."id" = $1 LIMIT 1[0m  [["id", 1131]]
  [1m[35mCACHE (0.0ms)[0m  SELECT "places".* FROM "places" WHERE "places"."id" = $1 LIMIT 1  [["id", 1132]]
  [1m[36mCACHE (0.0ms)[0m  [1mSELECT "places".* FROM "places" WHERE "places"."id" = $1 LIMIT 1[0m  [["id", 1133]]
  [1m[35mCACHE (0.0ms)[0m  SELECT "places".* FROM "places" WHERE "places"."id" = 419 LIMIT 1
  [1m[36mCACHE (0.0ms)[0m  [1mselect * from routes where startplace_id = 419[0m
  [1m[35mCACHE (0.0ms)[0m  select * from routes where endplace_id = 419
  [1m[36mCACHE (0.0ms)[0m  [1mSELECT "places".* FROM "places" WHERE "places"."id" = $1 LIMIT 1[0m  [["id", 419]]
  [1m[35mCACHE (0.0ms)[0m  SELECT "places".* FROM "places" WHERE "places"."id" = $1 LIMIT 1  [["id", 1127]]
  [1m[36mCACHE (0.0ms)[0m  [1mSELECT "places".* FROM "places" WHERE "places"."id" = $1 LIMIT 1[0m  [["id", 1128]]
  [1m[35mCACHE (0.0ms)[0m  SELECT "places".* FROM "places" WHERE "places"."id" = 1126 LIMIT 1
  [1m[36mCACHE (0.0ms)[0m  [1mselect * from routes where startplace_id = 1126[0m
  [1m[35mCACHE (0.0ms)[0m  select * from routes where endplace_id = 1126
  [1m[36mCACHE (0.0ms)[0m  [1mSELECT "places".* FROM "places" WHERE "places"."id" = $1 LIMIT 1[0m  [["id", 1126]]
  [1m[35mCACHE (0.0ms)[0m  SELECT "places".* FROM "places" WHERE "places"."id" = $1 LIMIT 1  [["id", 1130]]
  [1m[36mCACHE (0.0ms)[0m  [1mSELECT "places".* FROM "places" WHERE "places"."id" = $1 LIMIT 1[0m  [["id", 1126]]
  [1m[35mCACHE (0.0ms)[0m  SELECT "places".* FROM "places" WHERE "places"."id" = $1 LIMIT 1  [["id", 769]]
  [1m[36mCACHE (0.0ms)[0m  [1mSELECT "places".* FROM "places" WHERE "places"."id" = $1 LIMIT 1[0m  [["id", 1127]]
  [1m[35mCACHE (0.0ms)[0m  SELECT "places".* FROM "places" WHERE "places"."id" = 1121 LIMIT 1
  [1m[36mCACHE (0.0ms)[0m  [1mselect * from routes where startplace_id = 1121[0m
  [1m[35mCACHE (0.0ms)[0m  select * from routes where endplace_id = 1121
  [1m[36mCACHE (0.0ms)[0m  [1mSELECT "places".* FROM "places" WHERE "places"."id" = $1 LIMIT 1[0m  [["id", 1121]]
  [1m[35mCACHE (0.0ms)[0m  SELECT "places".* FROM "places" WHERE "places"."id" = $1 LIMIT 1  [["id", 1122]]
  [1m[36mCACHE (0.0ms)[0m  [1mSELECT "places".* FROM "places" WHERE "places"."id" = $1 LIMIT 1[0m  [["id", 976]]
  [1m[35mCACHE (0.0ms)[0m  SELECT "places".* FROM "places" WHERE "places"."id" = 1124 LIMIT 1
  [1m[36mCACHE (0.0ms)[0m  [1mselect * from routes where startplace_id = 1124[0m
  [1m[35mCACHE (0.0ms)[0m  select * from routes where endplace_id = 1124
  [1m[36mCACHE (0.0ms)[0m  [1mSELECT "places".* FROM "places" WHERE "places"."id" = $1 LIMIT 1[0m  [["id", 1124]]
  [1m[35mCACHE (0.0ms)[0m  SELECT "places".* FROM "places" WHERE "places"."id" = $1 LIMIT 1  [["id", 1129]]
  [1m[36mCACHE (0.0ms)[0m  [1mSELECT "places".* FROM "places" WHERE "places"."id" = $1 LIMIT 1[0m  [["id", 1124]]
  [1m[35mCACHE (0.0ms)[0m  SELECT "places".* FROM "places" WHERE "places"."id" = $1 LIMIT 1  [["id", 974]]
  [1m[36mCACHE (0.0ms)[0m  [1mSELECT "places".* FROM "places" WHERE "places"."id" = $1 LIMIT 1[0m  [["id", 1123]]
  [1m[35mCACHE (0.0ms)[0m  SELECT "places".* FROM "places" WHERE "places"."id" = 207 LIMIT 1
  [1m[36mCACHE (0.0ms)[0m  [1mselect * from routes where startplace_id = 207[0m
  [1m[35mCACHE (0.0ms)[0m  select * from routes where endplace_id = 207
  [1m[36mCACHE (0.0ms)[0m  [1mSELECT "places".* FROM "places" WHERE "places"."id" = $1 LIMIT 1[0m  [["id", 207]]
  [1m[35mCACHE (0.0ms)[0m  SELECT "places".* FROM "places" WHERE "places"."id" = $1 LIMIT 1  [["id", 650]]
  [1m[36mCACHE (0.0ms)[0m  [1mSELECT "places".* FROM "places" WHERE "places"."id" = $1 LIMIT 1[0m  [["id", 207]]
  [1m[35mCACHE (0.0ms)[0m  SELECT "places".* FROM "places" WHERE "places"."id" = $1 LIMIT 1  [["id", 1133]]
  [1m[36mCACHE (0.0ms)[0m  [1mSELECT "places".* FROM "places" WHERE "places"."id" = $1 LIMIT 1[0m  [["id", 1129]]
  [1m[35mCACHE (0.0ms)[0m  SELECT "places".* FROM "places" WHERE "places"."id" = 975 LIMIT 1
  [1m[36mCACHE (0.0ms)[0m  [1mselect * from routes where startplace_id = 975[0m
  [1m[35mCACHE (0.0ms)[0m  select * from routes where endplace_id = 975
  [1m[36mCACHE (0.0ms)[0m  [1mSELECT "places".* FROM "places" WHERE "places"."id" = $1 LIMIT 1[0m  [["id", 975]]
  [1m[35mCACHE (0.0ms)[0m  SELECT "places".* FROM "places" WHERE "places"."id" = $1 LIMIT 1  [["id", 1129]]
  [1m[36mCACHE (0.0ms)[0m  [1mSELECT "places".* FROM "places" WHERE "places"."id" = $1 LIMIT 1[0m  [["id", 975]]
  [1m[35mCACHE (0.0ms)[0m  SELECT "places".* FROM "places" WHERE "places"."id" = $1 LIMIT 1  [["id", 1123]]
  [1m[36mCACHE (0.0ms)[0m  [1mSELECT "places".* FROM "places" WHERE "places"."id" = $1 LIMIT 1[0m  [["id", 1122]]
  [1m[35mCACHE (0.0ms)[0m  SELECT "places".* FROM "places" WHERE "places"."id" = 207 LIMIT 1
  [1m[36mCACHE (0.0ms)[0m  [1mselect * from routes where startplace_id = 207[0m
  [1m[35mCACHE (0.0ms)[0m  select * from routes where endplace_id = 207
  [1m[36mCACHE (0.0ms)[0m  [1mSELECT "places".* FROM "places" WHERE "places"."id" = $1 LIMIT 1[0m  [["id", 207]]
  [1m[35mCACHE (0.0ms)[0m  SELECT "places".* FROM "places" WHERE "places"."id" = $1 LIMIT 1  [["id", 650]]
  [1m[36mCACHE (0.0ms)[0m  [1mSELECT "places".* FROM "places" WHERE "places"."id" = $1 LIMIT 1[0m  [["id", 207]]
  [1m[35mCACHE (0.0ms)[0m  SELECT "places".* FROM "places" WHERE "places"."id" = $1 LIMIT 1  [["id", 1133]]
  [1m[36mCACHE (0.0ms)[0m  [1mSELECT "places".* FROM "places" WHERE "places"."id" = $1 LIMIT 1[0m  [["id", 1129]]
  [1m[35mCACHE (0.0ms)[0m  SELECT "places".* FROM "places" WHERE "places"."id" = 1132 LIMIT 1
  [1m[36mCACHE (0.0ms)[0m  [1mselect * from routes where startplace_id = 1132[0m
  [1m[35mCACHE (0.0ms)[0m  select * from routes where endplace_id = 1132
  [1m[36mCACHE (0.0ms)[0m  [1mSELECT "places".* FROM "places" WHERE "places"."id" = $1 LIMIT 1[0m  [["id", 1131]]
  [1m[35mCACHE (0.0ms)[0m  SELECT "places".* FROM "places" WHERE "places"."id" = 1128 LIMIT 1
  [1m[36mCACHE (0.0ms)[0m  [1mselect * from routes where startplace_id = 1128[0m
  [1m[35mCACHE (0.0ms)[0m  select * from routes where endplace_id = 1128
  [1m[36mCACHE (0.0ms)[0m  [1mSELECT "places".* FROM "places" WHERE "places"."id" = $1 LIMIT 1[0m  [["id", 1128]]
  [1m[35mCACHE (0.0ms)[0m  SELECT "places".* FROM "places" WHERE "places"."id" = $1 LIMIT 1  [["id", 419]]
  [1m[36mCACHE (0.0ms)[0m  [1mSELECT "places".* FROM "places" WHERE "places"."id" = 1127 LIMIT 1[0m
  [1m[35mCACHE (0.0ms)[0m  select * from routes where startplace_id = 1127
  [1m[36mCACHE (0.0ms)[0m  [1mselect * from routes where endplace_id = 1127[0m
  [1m[35mCACHE (0.0ms)[0m  SELECT "places".* FROM "places" WHERE "places"."id" = $1 LIMIT 1  [["id", 1127]]
  [1m[36mCACHE (0.0ms)[0m  [1mSELECT "places".* FROM "places" WHERE "places"."id" = $1 LIMIT 1[0m  [["id", 1126]]
  [1m[35mCACHE (0.0ms)[0m  SELECT "places".* FROM "places" WHERE "places"."id" = $1 LIMIT 1  [["id", 419]]
  [1m[36mCACHE (0.0ms)[0m  [1mSELECT "places".* FROM "places" WHERE "places"."id" = 1130 LIMIT 1[0m
  [1m[35mCACHE (0.0ms)[0m  select * from routes where startplace_id = 1130
  [1m[36mCACHE (0.0ms)[0m  [1mselect * from routes where endplace_id = 1130[0m
  [1m[35mCACHE (0.0ms)[0m  SELECT "places".* FROM "places" WHERE "places"."id" = $1 LIMIT 1  [["id", 1130]]
  [1m[36mCACHE (0.0ms)[0m  [1mSELECT "places".* FROM "places" WHERE "places"."id" = $1 LIMIT 1[0m  [["id", 974]]
  [1m[35mCACHE (0.0ms)[0m  SELECT "places".* FROM "places" WHERE "places"."id" = $1 LIMIT 1  [["id", 1126]]
  [1m[36mCACHE (0.0ms)[0m  [1mSELECT "places".* FROM "places" WHERE "places"."id" = 650 LIMIT 1[0m
  [1m[35mCACHE (0.0ms)[0m  select * from routes where startplace_id = 650
  [1m[36mCACHE (0.0ms)[0m  [1mselect * from routes where endplace_id = 650[0m
  [1m[35mCACHE (0.0ms)[0m  SELECT "places".* FROM "places" WHERE "places"."id" = $1 LIMIT 1  [["id", 650]]
  [1m[36mCACHE (0.0ms)[0m  [1mSELECT "places".* FROM "places" WHERE "places"."id" = $1 LIMIT 1[0m  [["id", 45]]
  [1m[35mCACHE (0.0ms)[0m  SELECT "places".* FROM "places" WHERE "places"."id" = $1 LIMIT 1  [["id", 207]]
  [1m[36mCACHE (0.0ms)[0m  [1mSELECT "places".* FROM "places" WHERE "places"."id" = 1133 LIMIT 1[0m
  [1m[35mCACHE (0.0ms)[0m  select * from routes where startplace_id = 1133
  [1m[36mCACHE (0.0ms)[0m  [1mselect * from routes where endplace_id = 1133[0m
  [1m[35mCACHE (0.0ms)[0m  SELECT "places".* FROM "places" WHERE "places"."id" = $1 LIMIT 1  [["id", 1133]]
  [1m[36mCACHE (0.0ms)[0m  [1mSELECT "places".* FROM "places" WHERE "places"."id" = $1 LIMIT 1[0m  [["id", 1131]]
  [1m[35mCACHE (0.0ms)[0m  SELECT "places".* FROM "places" WHERE "places"."id" = $1 LIMIT 1  [["id", 207]]
  [1m[36mCACHE (0.0ms)[0m  [1mSELECT "places".* FROM "places" WHERE "places"."id" = 1122 LIMIT 1[0m
  [1m[35mCACHE (0.0ms)[0m  select * from routes where startplace_id = 1122
  [1m[36mCACHE (0.0ms)[0m  [1mselect * from routes where endplace_id = 1122[0m
  [1m[35mCACHE (0.0ms)[0m  SELECT "places".* FROM "places" WHERE "places"."id" = $1 LIMIT 1  [["id", 1122]]
  [1m[36mCACHE (0.0ms)[0m  [1mSELECT "places".* FROM "places" WHERE "places"."id" = $1 LIMIT 1[0m  [["id", 975]]
  [1m[35mCACHE (0.0ms)[0m  SELECT "places".* FROM "places" WHERE "places"."id" = $1 LIMIT 1  [["id", 1121]]
  [1m[36mCACHE (0.0ms)[0m  [1mSELECT "places".* FROM "places" WHERE "places"."id" = 650 LIMIT 1[0m
  [1m[35mCACHE (0.0ms)[0m  select * from routes where startplace_id = 650
  [1m[36mCACHE (0.0ms)[0m  [1mselect * from routes where endplace_id = 650[0m
  [1m[35mCACHE (0.0ms)[0m  SELECT "places".* FROM "places" WHERE "places"."id" = $1 LIMIT 1  [["id", 650]]
  [1m[36mCACHE (0.0ms)[0m  [1mSELECT "places".* FROM "places" WHERE "places"."id" = $1 LIMIT 1[0m  [["id", 45]]
  [1m[35mCACHE (0.0ms)[0m  SELECT "places".* FROM "places" WHERE "places"."id" = $1 LIMIT 1  [["id", 207]]
  [1m[36mCACHE (0.0ms)[0m  [1mSELECT "places".* FROM "places" WHERE "places"."id" = 1133 LIMIT 1[0m
  [1m[35mCACHE (0.0ms)[0m  select * from routes where startplace_id = 1133
  [1m[36mCACHE (0.0ms)[0m  [1mselect * from routes where endplace_id = 1133[0m
  [1m[35mCACHE (0.0ms)[0m  SELECT "places".* FROM "places" WHERE "places"."id" = $1 LIMIT 1  [["id", 1133]]
  [1m[36mCACHE (0.0ms)[0m  [1mSELECT "places".* FROM "places" WHERE "places"."id" = $1 LIMIT 1[0m  [["id", 1131]]
  [1m[35mCACHE (0.0ms)[0m  SELECT "places".* FROM "places" WHERE "places"."id" = $1 LIMIT 1  [["id", 207]]
  [1m[36mCACHE (0.0ms)[0m  [1mSELECT "places".* FROM "places" WHERE "places"."id" = 419 LIMIT 1[0m
  [1m[35mCACHE (0.0ms)[0m  select * from routes where startplace_id = 419
  [1m[36mCACHE (0.0ms)[0m  [1mselect * from routes where endplace_id = 419[0m
  [1m[35mCACHE (0.0ms)[0m  SELECT "places".* FROM "places" WHERE "places"."id" = $1 LIMIT 1  [["id", 419]]
  [1m[36mCACHE (0.0ms)[0m  [1mSELECT "places".* FROM "places" WHERE "places"."id" = $1 LIMIT 1[0m  [["id", 1127]]
  [1m[35mCACHE (0.0ms)[0m  SELECT "places".* FROM "places" WHERE "places"."id" = $1 LIMIT 1  [["id", 1128]]
  [1m[36mCACHE (0.0ms)[0m  [1mSELECT "places".* FROM "places" WHERE "places"."id" = 45 LIMIT 1[0m
  [1m[35mCACHE (0.0ms)[0m  select * from routes where startplace_id = 45
  [1m[36mCACHE (0.0ms)[0m  [1mselect * from routes where endplace_id = 45[0m
  [1m[35mCACHE (0.0ms)[0m  SELECT "places".* FROM "places" WHERE "places"."id" = $1 LIMIT 1  [["id", 45]]
  [1m[36mCACHE (0.0ms)[0m  [1mSELECT "places".* FROM "places" WHERE "places"."id" = $1 LIMIT 1[0m  [["id", 976]]
  [1m[35mCACHE (0.0ms)[0m  SELECT "places".* FROM "places" WHERE "places"."id" = $1 LIMIT 1  [["id", 650]]
  [1m[36mCACHE (0.0ms)[0m  [1mSELECT "places".* FROM "places" WHERE "places"."id" = 1131 LIMIT 1[0m
  [1m[35mCACHE (0.0ms)[0m  select * from routes where startplace_id = 1131
  [1m[36mCACHE (0.0ms)[0m  [1mselect * from routes where endplace_id = 1131[0m
  [1m[35mCACHE (0.0ms)[0m  SELECT "places".* FROM "places" WHERE "places"."id" = $1 LIMIT 1  [["id", 1131]]
  [1m[36mCACHE (0.0ms)[0m  [1mSELECT "places".* FROM "places" WHERE "places"."id" = $1 LIMIT 1[0m  [["id", 1132]]
  [1m[35mCACHE (0.0ms)[0m  SELECT "places".* FROM "places" WHERE "places"."id" = $1 LIMIT 1  [["id", 1133]]
  [1m[36mCACHE (0.0ms)[0m  [1mSELECT "places".* FROM "places" WHERE "places"."id" = 1121 LIMIT 1[0m
  [1m[35mCACHE (0.0ms)[0m  select * from routes where startplace_id = 1121
  [1m[36mCACHE (0.0ms)[0m  [1mselect * from routes where endplace_id = 1121[0m
  [1m[35mCACHE (0.0ms)[0m  SELECT "places".* FROM "places" WHERE "places"."id" = $1 LIMIT 1  [["id", 1121]]
  [1m[36mCACHE (0.0ms)[0m  [1mSELECT "places".* FROM "places" WHERE "places"."id" = $1 LIMIT 1[0m  [["id", 1122]]
  [1m[35mCACHE (0.0ms)[0m  SELECT "places".* FROM "places" WHERE "places"."id" = $1 LIMIT 1  [["id", 976]]
  [1m[36mCACHE (0.0ms)[0m  [1mSELECT "places".* FROM "places" WHERE "places"."id" = 45 LIMIT 1[0m
  [1m[35mCACHE (0.0ms)[0m  select * from routes where startplace_id = 45
  [1m[36mCACHE (0.0ms)[0m  [1mselect * from routes where endplace_id = 45[0m
  [1m[35mCACHE (0.0ms)[0m  SELECT "places".* FROM "places" WHERE "places"."id" = $1 LIMIT 1  [["id", 45]]
  [1m[36mCACHE (0.0ms)[0m  [1mSELECT "places".* FROM "places" WHERE "places"."id" = $1 LIMIT 1[0m  [["id", 976]]
  [1m[35mCACHE (0.0ms)[0m  SELECT "places".* FROM "places" WHERE "places"."id" = $1 LIMIT 1  [["id", 650]]
  [1m[36mCACHE (0.0ms)[0m  [1mSELECT "places".* FROM "places" WHERE "places"."id" = 1131 LIMIT 1[0m
  [1m[35mCACHE (0.0ms)[0m  select * from routes where startplace_id = 1131
  [1m[36mCACHE (0.0ms)[0m  [1mselect * from routes where endplace_id = 1131[0m
  [1m[35mCACHE (0.0ms)[0m  SELECT "places".* FROM "places" WHERE "places"."id" = $1 LIMIT 1  [["id", 1131]]
  [1m[36mCACHE (0.0ms)[0m  [1mSELECT "places".* FROM "places" WHERE "places"."id" = $1 LIMIT 1[0m  [["id", 1132]]
  [1m[35mCACHE (0.0ms)[0m  SELECT "places".* FROM "places" WHERE "places"."id" = $1 LIMIT 1  [["id", 1133]]
  [1m[36mCACHE (0.0ms)[0m  [1mSELECT "places".* FROM "places" WHERE "places"."id" = 1128 LIMIT 1[0m
  [1m[35mCACHE (0.0ms)[0m  select * from routes where startplace_id = 1128
  [1m[36mCACHE (0.0ms)[0m  [1mselect * from routes where endplace_id = 1128[0m
  [1m[35mCACHE (0.0ms)[0m  SELECT "places".* FROM "places" WHERE "places"."id" = $1 LIMIT 1  [["id", 1128]]
  [1m[36mCACHE (0.0ms)[0m  [1mSELECT "places".* FROM "places" WHERE "places"."id" = $1 LIMIT 1[0m  [["id", 419]]
  [1m[35mCACHE (0.0ms)[0m  SELECT "places".* FROM "places" WHERE "places"."id" = 1132 LIMIT 1
  [1m[36mCACHE (0.0ms)[0m  [1mselect * from routes where startplace_id = 1132[0m
  [1m[35mCACHE (0.0ms)[0m  select * from routes where endplace_id = 1132
  [1m[36mCACHE (0.0ms)[0m  [1mSELECT "places".* FROM "places" WHERE "places"."id" = $1 LIMIT 1[0m  [["id", 1131]]
  [1m[35mCACHE (0.0ms)[0m  SELECT "places".* FROM "places" WHERE "places"."id" = 1132 LIMIT 1
  [1m[36mCACHE (0.0ms)[0m  [1mselect * from routes where startplace_id = 1132[0m
  [1m[35mCACHE (0.0ms)[0m  select * from routes where endplace_id = 1132
  [1m[36mCACHE (0.0ms)[0m  [1mSELECT "places".* FROM "places" WHERE "places"."id" = $1 LIMIT 1[0m  [["id", 1131]]
BNewroutes
976
{:place=>974, :route=>[272, 22], :url=>"xrv-219xrv22xrv272"}
{:place=>769, :route=>[-227, 240, 239, 272, 22], :url=>"xrv-219xrv22xrv272xrv239xrv240xrv-227"}
{:place=>1125, :route=>[225, 223, 224, 272, 22], :url=>"xrv-219xrv22xrv272xrv224xrv223xrv225"}
{:place=>207, :route=>[-235, -237, 224, 272, 22], :url=>"xrv-219xrv22xrv272xrv224xrv-237xrv-235"}
{:place=>419, :route=>[229, 228, 240, 239, 272, 22], :url=>"xrv-219xrv22xrv272xrv239xrv240xrv228xrv229"}
{:place=>1125, :route=>[-226, -227, 240, 239, 272, 22], :url=>"xrv-219xrv22xrv272xrv239xrv240xrv-227xrv-226"}
{:place=>769, :route=>[226, 225, 223, 224, 272, 22], :url=>"xrv-219xrv22xrv272xrv224xrv223xrv225xrv226"}
{:place=>650, :route=>[-234, -235, -237, 224, 272, 22], :url=>"xrv-219xrv22xrv272xrv224xrv-237xrv-235xrv-234"}
{:place=>1128, :route=>[230, 229, 228, 240, 239, 272, 22], :url=>"xrv-219xrv22xrv272xrv239xrv240xrv228xrv229xrv230"}
{:place=>207, :route=>[-235, -238, 222, 223, 224, 272, 22], :url=>"xrv-219xrv22xrv272xrv224xrv223xrv222xrv-238xrv-235"}
{:place=>1125, :route=>[225, -222, 238, -237, 224, 272, 22], :url=>"xrv-219xrv22xrv272xrv224xrv-237xrv238xrv-222xrv225"}
{:place=>45, :route=>[-233, -234, -235, -237, 224, 272, 22], :url=>"xrv-219xrv22xrv272xrv224xrv-237xrv-235xrv-234xrv-233"}
{:place=>1121, :route=>[21, 221, 222, 223, 224, 272, 22], :url=>"xrv-219xrv22xrv272xrv224xrv223xrv222xrv221xrv21"}
{:place=>650, :route=>[-234, -235, -238, 222, 223, 224, 272, 22], :url=>"xrv-219xrv22xrv272xrv224xrv223xrv222xrv-238xrv-235xrv-234"}
{:place=>1121, :route=>[21, 221, 238, -237, 224, 272, 22], :url=>"xrv-219xrv22xrv272xrv224xrv-237xrv238xrv221xrv21"}
{:place=>769, :route=>[226, 225, -222, 238, -237, 224, 272, 22], :url=>"xrv-219xrv22xrv272xrv224xrv-237xrv238xrv-222xrv225xrv226"}
{:place=>1132, :route=>[-241, -242, -243, -235, -237, 224, 272, 22], :url=>"xrv-219xrv22xrv272xrv224xrv-237xrv-235xrv-243xrv-242xrv-241"}
{:place=>45, :route=>[-233, -234, -235, -238, 222, 223, 224, 272, 22], :url=>"xrv-219xrv22xrv272xrv224xrv223xrv222xrv-238xrv-235xrv-234xrv-233"}
{:place=>419, :route=>[229, 228, 227, 226, 225, 223, 224, 272, 22], :url=>"xrv-219xrv22xrv272xrv224xrv223xrv225xrv226xrv227xrv228xrv229"}
{:place=>1130, :route=>[-240, 227, 226, 225, 223, 224, 272, 22], :url=>"xrv-219xrv22xrv272xrv224xrv223xrv225xrv226xrv227xrv-240"}
{:place=>207, :route=>[-235, -238, 222, -225, -226, -227, 240, 239, 272, 22], :url=>"xrv-219xrv22xrv272xrv239xrv240xrv-227xrv-226xrv-225xrv222xrv-238xrv-235"}
{:place=>207, :route=>[-235, -237, -223, -225, -226, -227, 240, 239, 272, 22], :url=>"xrv-219xrv22xrv272xrv239xrv240xrv-227xrv-226xrv-225xrv-223xrv-237xrv-235"}
{:place=>1132, :route=>[-241, -242, -243, -235, -238, 222, 223, 224, 272, 22], :url=>"xrv-219xrv22xrv272xrv224xrv223xrv222xrv-238xrv-235xrv-243xrv-242xrv-241"}
{:place=>1128, :route=>[230, 229, 228, 227, 226, 225, 223, 224, 272, 22], :url=>"xrv-219xrv22xrv272xrv224xrv223xrv225xrv226xrv227xrv228xrv229xrv230"}
{:place=>1121, :route=>[21, 221, 222, -225, -226, -227, 240, 239, 272, 22], :url=>"xrv-219xrv22xrv272xrv239xrv240xrv-227xrv-226xrv-225xrv222xrv221xrv21"}
{:place=>1124, :route=>[237, -238, 222, -225, -226, -227, 240, 239, 272, 22], :url=>"xrv-219xrv22xrv272xrv239xrv240xrv-227xrv-226xrv-225xrv222xrv-238xrv237"}
{:place=>650, :route=>[-234, -235, -238, 222, -225, -226, -227, 240, 239, 272, 22], :url=>"xrv-219xrv22xrv272xrv239xrv240xrv-227xrv-226xrv-225xrv222xrv-238xrv-235xrv-234"}
{:place=>650, :route=>[-234, -235, -237, -223, -225, -226, -227, 240, 239, 272, 22], :url=>"xrv-219xrv22xrv272xrv239xrv240xrv-227xrv-226xrv-225xrv-223xrv-237xrv-235xrv-234"}
{:place=>419, :route=>[229, 228, 227, 226, 225, -222, 238, -237, 224, 272, 22], :url=>"xrv-219xrv22xrv272xrv224xrv-237xrv238xrv-222xrv225xrv226xrv227xrv228xrv229"}
{:place=>1130, :route=>[-240, 227, 226, 225, -222, 238, -237, 224, 272, 22], :url=>"xrv-219xrv22xrv272xrv224xrv-237xrv238xrv-222xrv225xrv226xrv227xrv-240"}
{:place=>45, :route=>[-233, -234, -235, -238, 222, -225, -226, -227, 240, 239, 272, 22], :url=>"xrv-219xrv22xrv272xrv239xrv240xrv-227xrv-226xrv-225xrv222xrv-238xrv-235xrv-234xrv-233"}
{:place=>45, :route=>[-233, -234, -235, -237, -223, -225, -226, -227, 240, 239, 272, 22], :url=>"xrv-219xrv22xrv272xrv239xrv240xrv-227xrv-226xrv-225xrv-223xrv-237xrv-235xrv-234xrv-233"}
{:place=>1128, :route=>[230, 229, 228, 227, 226, 225, -222, 238, -237, 224, 272, 22], :url=>"xrv-219xrv22xrv272xrv224xrv-237xrv238xrv-222xrv225xrv226xrv227xrv228xrv229xrv230"}
{:place=>1132, :route=>[-241, -242, -243, -235, -238, 222, -225, -226, -227, 240, 239, 272, 22], :url=>"xrv-219xrv22xrv272xrv239xrv240xrv-227xrv-226xrv-225xrv222xrv-238xrv-235xrv-243xrv-242xrv-241"}
{:place=>1121, :route=>[21, 221, 238, -237, -223, -225, -226, -227, 240, 239, 272, 22], :url=>"xrv-219xrv22xrv272xrv239xrv240xrv-227xrv-226xrv-225xrv-223xrv-237xrv238xrv221xrv21"}
{:place=>1132, :route=>[-241, -242, -243, -235, -237, -223, -225, -226, -227, 240, 239, 272, 22], :url=>"xrv-219xrv22xrv272xrv239xrv240xrv-227xrv-226xrv-225xrv-223xrv-237xrv-235xrv-243xrv-242xrv-241"}
  [1m[35mCACHE (0.0ms)[0m  SELECT "places".* FROM "places" WHERE "places"."id" = 974 LIMIT 1
  [1m[36m (1.4ms)[0m  [1mSELECT COUNT(*) FROM "route_indices" WHERE (url = 'xrv-219xrv22xrv272')[0m
  [1m[35mPlaceType Load (0.2ms)[0m  select * from place_types where name='Roadend'
  [1m[36mSQL (0.6ms)[0m  [1mINSERT INTO "route_indices" ("created_at", "endplace_id", "isDest", "startplace_id", "updated_at", "url") VALUES ($1, $2, $3, $4, $5, $6) RETURNING "id"[0m  [["created_at", Mon, 27 Oct 2014 10:08:04 NZDT +13:00], ["endplace_id", 974], ["isDest", true], ["startplace_id", 976], ["updated_at", Mon, 27 Oct 2014 10:08:04 NZDT +13:00], ["url", "xrv-219xrv22xrv272"]]
  [1m[35mPlace Load (0.3ms)[0m  SELECT "places".* FROM "places" WHERE "places"."id" = 769 LIMIT 1
  [1m[36m (1.0ms)[0m  [1mSELECT COUNT(*) FROM "route_indices" WHERE (url = 'xrv-219xrv22xrv272xrv239xrv240xrv-227')[0m
  [1m[35mPlaceType Load (0.2ms)[0m  select * from place_types where name='Hut'
  [1m[36mSQL (0.4ms)[0m  [1mINSERT INTO "route_indices" ("created_at", "endplace_id", "isDest", "startplace_id", "updated_at", "url") VALUES ($1, $2, $3, $4, $5, $6) RETURNING "id"[0m  [["created_at", Mon, 27 Oct 2014 10:08:04 NZDT +13:00], ["endplace_id", 769], ["isDest", true], ["startplace_id", 976], ["updated_at", Mon, 27 Oct 2014 10:08:04 NZDT +13:00], ["url", "xrv-219xrv22xrv272xrv239xrv240xrv-227"]]
  [1m[35mPlace Load (0.3ms)[0m  SELECT "places".* FROM "places" WHERE "places"."id" = 1125 LIMIT 1
  [1m[36m (1.0ms)[0m  [1mSELECT COUNT(*) FROM "route_indices" WHERE (url = 'xrv-219xrv22xrv272xrv224xrv223xrv225')[0m
  [1m[35mPlaceType Load (0.2ms)[0m  select * from place_types where name='Campsite'
  [1m[36mSQL (0.4ms)[0m  [1mINSERT INTO "route_indices" ("created_at", "endplace_id", "isDest", "startplace_id", "updated_at", "url") VALUES ($1, $2, $3, $4, $5, $6) RETURNING "id"[0m  [["created_at", Mon, 27 Oct 2014 10:08:04 NZDT +13:00], ["endplace_id", 1125], ["isDest", true], ["startplace_id", 976], ["updated_at", Mon, 27 Oct 2014 10:08:04 NZDT +13:00], ["url", "xrv-219xrv22xrv272xrv224xrv223xrv225"]]
  [1m[35mPlace Load (0.3ms)[0m  SELECT "places".* FROM "places" WHERE "places"."id" = 207 LIMIT 1
  [1m[36m (1.0ms)[0m  [1mSELECT COUNT(*) FROM "route_indices" WHERE (url = 'xrv-219xrv22xrv272xrv224xrv-237xrv-235')[0m
  [1m[35mPlaceType Load (0.2ms)[0m  select * from place_types where name='Hut'
  [1m[36mSQL (0.3ms)[0m  [1mINSERT INTO "route_indices" ("created_at", "endplace_id", "isDest", "startplace_id", "updated_at", "url") VALUES ($1, $2, $3, $4, $5, $6) RETURNING "id"[0m  [["created_at", Mon, 27 Oct 2014 10:08:04 NZDT +13:00], ["endplace_id", 207], ["isDest", true], ["startplace_id", 976], ["updated_at", Mon, 27 Oct 2014 10:08:04 NZDT +13:00], ["url", "xrv-219xrv22xrv272xrv224xrv-237xrv-235"]]
  [1m[35mPlace Load (0.3ms)[0m  SELECT "places".* FROM "places" WHERE "places"."id" = 419 LIMIT 1
  [1m[36m (1.1ms)[0m  [1mSELECT COUNT(*) FROM "route_indices" WHERE (url = 'xrv-219xrv22xrv272xrv239xrv240xrv228xrv229')[0m
  [1m[35mPlaceType Load (0.2ms)[0m  select * from place_types where name='Hut'
  [1m[36mSQL (0.3ms)[0m  [1mINSERT INTO "route_indices" ("created_at", "endplace_id", "isDest", "startplace_id", "updated_at", "url") VALUES ($1, $2, $3, $4, $5, $6) RETURNING "id"[0m  [["created_at", Mon, 27 Oct 2014 10:08:04 NZDT +13:00], ["endplace_id", 419], ["isDest", true], ["startplace_id", 976], ["updated_at", Mon, 27 Oct 2014 10:08:04 NZDT +13:00], ["url", "xrv-219xrv22xrv272xrv239xrv240xrv228xrv229"]]
  [1m[35mPlace Load (0.2ms)[0m  SELECT "places".* FROM "places" WHERE "places"."id" = 1125 LIMIT 1
  [1m[36m (1.0ms)[0m  [1mSELECT COUNT(*) FROM "route_indices" WHERE (url = 'xrv-219xrv22xrv272xrv239xrv240xrv-227xrv-226')[0m
  [1m[35mPlaceType Load (0.2ms)[0m  select * from place_types where name='Campsite'
  [1m[36mSQL (0.4ms)[0m  [1mINSERT INTO "route_indices" ("created_at", "endplace_id", "isDest", "startplace_id", "updated_at", "url") VALUES ($1, $2, $3, $4, $5, $6) RETURNING "id"[0m  [["created_at", Mon, 27 Oct 2014 10:08:04 NZDT +13:00], ["endplace_id", 1125], ["isDest", true], ["startplace_id", 976], ["updated_at", Mon, 27 Oct 2014 10:08:04 NZDT +13:00], ["url", "xrv-219xrv22xrv272xrv239xrv240xrv-227xrv-226"]]
  [1m[35mPlace Load (0.3ms)[0m  SELECT "places".* FROM "places" WHERE "places"."id" = 769 LIMIT 1
  [1m[36m (1.0ms)[0m  [1mSELECT COUNT(*) FROM "route_indices" WHERE (url = 'xrv-219xrv22xrv272xrv224xrv223xrv225xrv226')[0m
  [1m[35mPlaceType Load (0.2ms)[0m  select * from place_types where name='Hut'
  [1m[36mSQL (0.4ms)[0m  [1mINSERT INTO "route_indices" ("created_at", "endplace_id", "isDest", "startplace_id", "updated_at", "url") VALUES ($1, $2, $3, $4, $5, $6) RETURNING "id"[0m  [["created_at", Mon, 27 Oct 2014 10:08:04 NZDT +13:00], ["endplace_id", 769], ["isDest", true], ["startplace_id", 976], ["updated_at", Mon, 27 Oct 2014 10:08:04 NZDT +13:00], ["url", "xrv-219xrv22xrv272xrv224xrv223xrv225xrv226"]]
  [1m[35mPlace Load (0.3ms)[0m  SELECT "places".* FROM "places" WHERE "places"."id" = 650 LIMIT 1
  [1m[36m (1.0ms)[0m  [1mSELECT COUNT(*) FROM "route_indices" WHERE (url = 'xrv-219xrv22xrv272xrv224xrv-237xrv-235xrv-234')[0m
  [1m[35mPlaceType Load (0.2ms)[0m  select * from place_types where name='Hut'
  [1m[36mSQL (0.3ms)[0m  [1mINSERT INTO "route_indices" ("created_at", "endplace_id", "isDest", "startplace_id", "updated_at", "url") VALUES ($1, $2, $3, $4, $5, $6) RETURNING "id"[0m  [["created_at", Mon, 27 Oct 2014 10:08:04 NZDT +13:00], ["endplace_id", 650], ["isDest", true], ["startplace_id", 976], ["updated_at", Mon, 27 Oct 2014 10:08:04 NZDT +13:00], ["url", "xrv-219xrv22xrv272xrv224xrv-237xrv-235xrv-234"]]
  [1m[35mPlace Load (0.4ms)[0m  SELECT "places".* FROM "places" WHERE "places"."id" = 1128 LIMIT 1
  [1m[36m (1.1ms)[0m  [1mSELECT COUNT(*) FROM "route_indices" WHERE (url = 'xrv-219xrv22xrv272xrv239xrv240xrv228xrv229xrv230')[0m
  [1m[35mPlaceType Load (0.2ms)[0m  select * from place_types where name='Roadend'
  [1m[36mSQL (0.4ms)[0m  [1mINSERT INTO "route_indices" ("created_at", "endplace_id", "isDest", "startplace_id", "updated_at", "url") VALUES ($1, $2, $3, $4, $5, $6) RETURNING "id"[0m  [["created_at", Mon, 27 Oct 2014 10:08:04 NZDT +13:00], ["endplace_id", 1128], ["isDest", true], ["startplace_id", 976], ["updated_at", Mon, 27 Oct 2014 10:08:04 NZDT +13:00], ["url", "xrv-219xrv22xrv272xrv239xrv240xrv228xrv229xrv230"]]
  [1m[35mPlace Load (0.3ms)[0m  SELECT "places".* FROM "places" WHERE "places"."id" = 207 LIMIT 1
  [1m[36m (1.0ms)[0m  [1mSELECT COUNT(*) FROM "route_indices" WHERE (url = 'xrv-219xrv22xrv272xrv224xrv223xrv222xrv-238xrv-235')[0m
  [1m[35mPlaceType Load (0.3ms)[0m  select * from place_types where name='Hut'
  [1m[36mSQL (0.4ms)[0m  [1mINSERT INTO "route_indices" ("created_at", "endplace_id", "isDest", "startplace_id", "updated_at", "url") VALUES ($1, $2, $3, $4, $5, $6) RETURNING "id"[0m  [["created_at", Mon, 27 Oct 2014 10:08:04 NZDT +13:00], ["endplace_id", 207], ["isDest", true], ["startplace_id", 976], ["updated_at", Mon, 27 Oct 2014 10:08:04 NZDT +13:00], ["url", "xrv-219xrv22xrv272xrv224xrv223xrv222xrv-238xrv-235"]]
  [1m[35mPlace Load (0.3ms)[0m  SELECT "places".* FROM "places" WHERE "places"."id" = 1125 LIMIT 1
  [1m[36m (1.1ms)[0m  [1mSELECT COUNT(*) FROM "route_indices" WHERE (url = 'xrv-219xrv22xrv272xrv224xrv-237xrv238xrv-222xrv225')[0m
  [1m[35mPlaceType Load (0.2ms)[0m  select * from place_types where name='Campsite'
  [1m[36mSQL (0.4ms)[0m  [1mINSERT INTO "route_indices" ("created_at", "endplace_id", "isDest", "startplace_id", "updated_at", "url") VALUES ($1, $2, $3, $4, $5, $6) RETURNING "id"[0m  [["created_at", Mon, 27 Oct 2014 10:08:04 NZDT +13:00], ["endplace_id", 1125], ["isDest", true], ["startplace_id", 976], ["updated_at", Mon, 27 Oct 2014 10:08:04 NZDT +13:00], ["url", "xrv-219xrv22xrv272xrv224xrv-237xrv238xrv-222xrv225"]]
  [1m[35mPlace Load (0.3ms)[0m  SELECT "places".* FROM "places" WHERE "places"."id" = 45 LIMIT 1
  [1m[36m (1.1ms)[0m  [1mSELECT COUNT(*) FROM "route_indices" WHERE (url = 'xrv-219xrv22xrv272xrv224xrv-237xrv-235xrv-234xrv-233')[0m
  [1m[35mPlaceType Load (0.3ms)[0m  select * from place_types where name='Hut'
  [1m[36mSQL (0.4ms)[0m  [1mINSERT INTO "route_indices" ("created_at", "endplace_id", "isDest", "startplace_id", "updated_at", "url") VALUES ($1, $2, $3, $4, $5, $6) RETURNING "id"[0m  [["created_at", Mon, 27 Oct 2014 10:08:04 NZDT +13:00], ["endplace_id", 45], ["isDest", true], ["startplace_id", 976], ["updated_at", Mon, 27 Oct 2014 10:08:04 NZDT +13:00], ["url", "xrv-219xrv22xrv272xrv224xrv-237xrv-235xrv-234xrv-233"]]
  [1m[35mPlace Load (0.3ms)[0m  SELECT "places".* FROM "places" WHERE "places"."id" = 1121 LIMIT 1
  [1m[36m (1.0ms)[0m  [1mSELECT COUNT(*) FROM "route_indices" WHERE (url = 'xrv-219xrv22xrv272xrv224xrv223xrv222xrv221xrv21')[0m
  [1m[35mPlaceType Load (0.2ms)[0m  select * from place_types where name='Junction'
  [1m[36mSQL (0.4ms)[0m  [1mINSERT INTO "route_indices" ("created_at", "endplace_id", "isDest", "startplace_id", "updated_at", "url") VALUES ($1, $2, $3, $4, $5, $6) RETURNING "id"[0m  [["created_at", Mon, 27 Oct 2014 10:08:04 NZDT +13:00], ["endplace_id", 1121], ["isDest", false], ["startplace_id", 976], ["updated_at", Mon, 27 Oct 2014 10:08:04 NZDT +13:00], ["url", "xrv-219xrv22xrv272xrv224xrv223xrv222xrv221xrv21"]]
  [1m[35mPlace Load (0.3ms)[0m  SELECT "places".* FROM "places" WHERE "places"."id" = 650 LIMIT 1
  [1m[36m (1.1ms)[0m  [1mSELECT COUNT(*) FROM "route_indices" WHERE (url = 'xrv-219xrv22xrv272xrv224xrv223xrv222xrv-238xrv-235xrv-234')[0m
  [1m[35mPlaceType Load (0.2ms)[0m  select * from place_types where name='Hut'
  [1m[36mSQL (0.4ms)[0m  [1mINSERT INTO "route_indices" ("created_at", "endplace_id", "isDest", "startplace_id", "updated_at", "url") VALUES ($1, $2, $3, $4, $5, $6) RETURNING "id"[0m  [["created_at", Mon, 27 Oct 2014 10:08:04 NZDT +13:00], ["endplace_id", 650], ["isDest", true], ["startplace_id", 976], ["updated_at", Mon, 27 Oct 2014 10:08:04 NZDT +13:00], ["url", "xrv-219xrv22xrv272xrv224xrv223xrv222xrv-238xrv-235xrv-234"]]
  [1m[35mPlace Load (0.3ms)[0m  SELECT "places".* FROM "places" WHERE "places"."id" = 1121 LIMIT 1
  [1m[36m (1.1ms)[0m  [1mSELECT COUNT(*) FROM "route_indices" WHERE (url = 'xrv-219xrv22xrv272xrv224xrv-237xrv238xrv221xrv21')[0m
  [1m[35mPlaceType Load (0.3ms)[0m  select * from place_types where name='Junction'
  [1m[36mSQL (0.4ms)[0m  [1mINSERT INTO "route_indices" ("created_at", "endplace_id", "isDest", "startplace_id", "updated_at", "url") VALUES ($1, $2, $3, $4, $5, $6) RETURNING "id"[0m  [["created_at", Mon, 27 Oct 2014 10:08:04 NZDT +13:00], ["endplace_id", 1121], ["isDest", false], ["startplace_id", 976], ["updated_at", Mon, 27 Oct 2014 10:08:04 NZDT +13:00], ["url", "xrv-219xrv22xrv272xrv224xrv-237xrv238xrv221xrv21"]]
  [1m[35mPlace Load (0.4ms)[0m  SELECT "places".* FROM "places" WHERE "places"."id" = 769 LIMIT 1
  [1m[36m (1.3ms)[0m  [1mSELECT COUNT(*) FROM "route_indices" WHERE (url = 'xrv-219xrv22xrv272xrv224xrv-237xrv238xrv-222xrv225xrv226')[0m
  [1m[35mPlaceType Load (0.2ms)[0m  select * from place_types where name='Hut'
  [1m[36mSQL (0.5ms)[0m  [1mINSERT INTO "route_indices" ("created_at", "endplace_id", "isDest", "startplace_id", "updated_at", "url") VALUES ($1, $2, $3, $4, $5, $6) RETURNING "id"[0m  [["created_at", Mon, 27 Oct 2014 10:08:04 NZDT +13:00], ["endplace_id", 769], ["isDest", true], ["startplace_id", 976], ["updated_at", Mon, 27 Oct 2014 10:08:04 NZDT +13:00], ["url", "xrv-219xrv22xrv272xrv224xrv-237xrv238xrv-222xrv225xrv226"]]
  [1m[35mPlace Load (0.3ms)[0m  SELECT "places".* FROM "places" WHERE "places"."id" = 1132 LIMIT 1
  [1m[36m (1.2ms)[0m  [1mSELECT COUNT(*) FROM "route_indices" WHERE (url = 'xrv-219xrv22xrv272xrv224xrv-237xrv-235xrv-243xrv-242xrv-241')[0m
  [1m[35mPlaceType Load (0.2ms)[0m  select * from place_types where name='Campsite'
  [1m[36mSQL (0.4ms)[0m  [1mINSERT INTO "route_indices" ("created_at", "endplace_id", "isDest", "startplace_id", "updated_at", "url") VALUES ($1, $2, $3, $4, $5, $6) RETURNING "id"[0m  [["created_at", Mon, 27 Oct 2014 10:08:04 NZDT +13:00], ["endplace_id", 1132], ["isDest", true], ["startplace_id", 976], ["updated_at", Mon, 27 Oct 2014 10:08:04 NZDT +13:00], ["url", "xrv-219xrv22xrv272xrv224xrv-237xrv-235xrv-243xrv-242xrv-241"]]
  [1m[35mPlace Load (0.3ms)[0m  SELECT "places".* FROM "places" WHERE "places"."id" = 45 LIMIT 1
  [1m[36m (1.2ms)[0m  [1mSELECT COUNT(*) FROM "route_indices" WHERE (url = 'xrv-219xrv22xrv272xrv224xrv223xrv222xrv-238xrv-235xrv-234xrv-233')[0m
  [1m[35mPlaceType Load (0.2ms)[0m  select * from place_types where name='Hut'
  [1m[36mSQL (0.4ms)[0m  [1mINSERT INTO "route_indices" ("created_at", "endplace_id", "isDest", "startplace_id", "updated_at", "url") VALUES ($1, $2, $3, $4, $5, $6) RETURNING "id"[0m  [["created_at", Mon, 27 Oct 2014 10:08:04 NZDT +13:00], ["endplace_id", 45], ["isDest", true], ["startplace_id", 976], ["updated_at", Mon, 27 Oct 2014 10:08:04 NZDT +13:00], ["url", "xrv-219xrv22xrv272xrv224xrv223xrv222xrv-238xrv-235xrv-234xrv-233"]]
  [1m[35mPlace Load (0.3ms)[0m  SELECT "places".* FROM "places" WHERE "places"."id" = 419 LIMIT 1
  [1m[36m (1.2ms)[0m  [1mSELECT COUNT(*) FROM "route_indices" WHERE (url = 'xrv-219xrv22xrv272xrv224xrv223xrv225xrv226xrv227xrv228xrv229')[0m
  [1m[35mPlaceType Load (0.2ms)[0m  select * from place_types where name='Hut'
  [1m[36mSQL (0.4ms)[0m  [1mINSERT INTO "route_indices" ("created_at", "endplace_id", "isDest", "startplace_id", "updated_at", "url") VALUES ($1, $2, $3, $4, $5, $6) RETURNING "id"[0m  [["created_at", Mon, 27 Oct 2014 10:08:04 NZDT +13:00], ["endplace_id", 419], ["isDest", true], ["startplace_id", 976], ["updated_at", Mon, 27 Oct 2014 10:08:04 NZDT +13:00], ["url", "xrv-219xrv22xrv272xrv224xrv223xrv225xrv226xrv227xrv228xrv229"]]
  [1m[35mPlace Load (0.3ms)[0m  SELECT "places".* FROM "places" WHERE "places"."id" = 1130 LIMIT 1
  [1m[36m (1.1ms)[0m  [1mSELECT COUNT(*) FROM "route_indices" WHERE (url = 'xrv-219xrv22xrv272xrv224xrv223xrv225xrv226xrv227xrv-240')[0m
  [1m[35mPlaceType Load (0.2ms)[0m  select * from place_types where name='Junction'
  [1m[36mSQL (0.4ms)[0m  [1mINSERT INTO "route_indices" ("created_at", "endplace_id", "isDest", "startplace_id", "updated_at", "url") VALUES ($1, $2, $3, $4, $5, $6) RETURNING "id"[0m  [["created_at", Mon, 27 Oct 2014 10:08:04 NZDT +13:00], ["endplace_id", 1130], ["isDest", false], ["startplace_id", 976], ["updated_at", Mon, 27 Oct 2014 10:08:04 NZDT +13:00], ["url", "xrv-219xrv22xrv272xrv224xrv223xrv225xrv226xrv227xrv-240"]]
  [1m[35mPlace Load (0.3ms)[0m  SELECT "places".* FROM "places" WHERE "places"."id" = 207 LIMIT 1
  [1m[36m (1.1ms)[0m  [1mSELECT COUNT(*) FROM "route_indices" WHERE (url = 'xrv-219xrv22xrv272xrv239xrv240xrv-227xrv-226xrv-225xrv222xrv-238xrv-235')[0m
  [1m[35mPlaceType Load (0.2ms)[0m  select * from place_types where name='Hut'
  [1m[36mSQL (0.4ms)[0m  [1mINSERT INTO "route_indices" ("created_at", "endplace_id", "isDest", "startplace_id", "updated_at", "url") VALUES ($1, $2, $3, $4, $5, $6) RETURNING "id"[0m  [["created_at", Mon, 27 Oct 2014 10:08:04 NZDT +13:00], ["endplace_id", 207], ["isDest", true], ["startplace_id", 976], ["updated_at", Mon, 27 Oct 2014 10:08:04 NZDT +13:00], ["url", "xrv-219xrv22xrv272xrv239xrv240xrv-227xrv-226xrv-225xrv222xrv-238xrv-235"]]
  [1m[35mPlace Load (0.3ms)[0m  SELECT "places".* FROM "places" WHERE "places"."id" = 207 LIMIT 1
  [1m[36m (5.4ms)[0m  [1mSELECT COUNT(*) FROM "route_indices" WHERE (url = 'xrv-219xrv22xrv272xrv239xrv240xrv-227xrv-226xrv-225xrv-223xrv-237xrv-235')[0m
  [1m[35mPlaceType Load (0.4ms)[0m  select * from place_types where name='Hut'
  [1m[36mSQL (0.7ms)[0m  [1mINSERT INTO "route_indices" ("created_at", "endplace_id", "isDest", "startplace_id", "updated_at", "url") VALUES ($1, $2, $3, $4, $5, $6) RETURNING "id"[0m  [["created_at", Mon, 27 Oct 2014 10:08:04 NZDT +13:00], ["endplace_id", 207], ["isDest", true], ["startplace_id", 976], ["updated_at", Mon, 27 Oct 2014 10:08:04 NZDT +13:00], ["url", "xrv-219xrv22xrv272xrv239xrv240xrv-227xrv-226xrv-225xrv-223xrv-237xrv-235"]]
  [1m[35mPlace Load (0.4ms)[0m  SELECT "places".* FROM "places" WHERE "places"."id" = 1132 LIMIT 1
  [1m[36m (1.2ms)[0m  [1mSELECT COUNT(*) FROM "route_indices" WHERE (url = 'xrv-219xrv22xrv272xrv224xrv223xrv222xrv-238xrv-235xrv-243xrv-242xrv-241')[0m
  [1m[35mPlaceType Load (0.2ms)[0m  select * from place_types where name='Campsite'
  [1m[36mSQL (0.4ms)[0m  [1mINSERT INTO "route_indices" ("created_at", "endplace_id", "isDest", "startplace_id", "updated_at", "url") VALUES ($1, $2, $3, $4, $5, $6) RETURNING "id"[0m  [["created_at", Mon, 27 Oct 2014 10:08:04 NZDT +13:00], ["endplace_id", 1132], ["isDest", true], ["startplace_id", 976], ["updated_at", Mon, 27 Oct 2014 10:08:04 NZDT +13:00], ["url", "xrv-219xrv22xrv272xrv224xrv223xrv222xrv-238xrv-235xrv-243xrv-242xrv-241"]]
  [1m[35mPlace Load (0.3ms)[0m  SELECT "places".* FROM "places" WHERE "places"."id" = 1128 LIMIT 1
  [1m[36m (1.1ms)[0m  [1mSELECT COUNT(*) FROM "route_indices" WHERE (url = 'xrv-219xrv22xrv272xrv224xrv223xrv225xrv226xrv227xrv228xrv229xrv230')[0m
  [1m[35mPlaceType Load (0.2ms)[0m  select * from place_types where name='Roadend'
  [1m[36mSQL (0.4ms)[0m  [1mINSERT INTO "route_indices" ("created_at", "endplace_id", "isDest", "startplace_id", "updated_at", "url") VALUES ($1, $2, $3, $4, $5, $6) RETURNING "id"[0m  [["created_at", Mon, 27 Oct 2014 10:08:04 NZDT +13:00], ["endplace_id", 1128], ["isDest", true], ["startplace_id", 976], ["updated_at", Mon, 27 Oct 2014 10:08:04 NZDT +13:00], ["url", "xrv-219xrv22xrv272xrv224xrv223xrv225xrv226xrv227xrv228xrv229xrv230"]]
  [1m[35mPlace Load (0.3ms)[0m  SELECT "places".* FROM "places" WHERE "places"."id" = 1121 LIMIT 1
  [1m[36m (1.0ms)[0m  [1mSELECT COUNT(*) FROM "route_indices" WHERE (url = 'xrv-219xrv22xrv272xrv239xrv240xrv-227xrv-226xrv-225xrv222xrv221xrv21')[0m
  [1m[35mPlaceType Load (0.2ms)[0m  select * from place_types where name='Junction'
  [1m[36mSQL (0.4ms)[0m  [1mINSERT INTO "route_indices" ("created_at", "endplace_id", "isDest", "startplace_id", "updated_at", "url") VALUES ($1, $2, $3, $4, $5, $6) RETURNING "id"[0m  [["created_at", Mon, 27 Oct 2014 10:08:04 NZDT +13:00], ["endplace_id", 1121], ["isDest", false], ["startplace_id", 976], ["updated_at", Mon, 27 Oct 2014 10:08:04 NZDT +13:00], ["url", "xrv-219xrv22xrv272xrv239xrv240xrv-227xrv-226xrv-225xrv222xrv221xrv21"]]
  [1m[35mPlace Load (0.3ms)[0m  SELECT "places".* FROM "places" WHERE "places"."id" = 1124 LIMIT 1
  [1m[36m (1.0ms)[0m  [1mSELECT COUNT(*) FROM "route_indices" WHERE (url = 'xrv-219xrv22xrv272xrv239xrv240xrv-227xrv-226xrv-225xrv222xrv-238xrv237')[0m
  [1m[35mPlaceType Load (0.2ms)[0m  select * from place_types where name='Junction'
  [1m[36mSQL (0.4ms)[0m  [1mINSERT INTO "route_indices" ("created_at", "endplace_id", "isDest", "startplace_id", "updated_at", "url") VALUES ($1, $2, $3, $4, $5, $6) RETURNING "id"[0m  [["created_at", Mon, 27 Oct 2014 10:08:04 NZDT +13:00], ["endplace_id", 1124], ["isDest", false], ["startplace_id", 976], ["updated_at", Mon, 27 Oct 2014 10:08:04 NZDT +13:00], ["url", "xrv-219xrv22xrv272xrv239xrv240xrv-227xrv-226xrv-225xrv222xrv-238xrv237"]]
  [1m[35mPlace Load (0.3ms)[0m  SELECT "places".* FROM "places" WHERE "places"."id" = 650 LIMIT 1
  [1m[36m (1.1ms)[0m  [1mSELECT COUNT(*) FROM "route_indices" WHERE (url = 'xrv-219xrv22xrv272xrv239xrv240xrv-227xrv-226xrv-225xrv222xrv-238xrv-235xrv-234')[0m
  [1m[35mPlaceType Load (0.2ms)[0m  select * from place_types where name='Hut'
  [1m[36mSQL (0.4ms)[0m  [1mINSERT INTO "route_indices" ("created_at", "endplace_id", "isDest", "startplace_id", "updated_at", "url") VALUES ($1, $2, $3, $4, $5, $6) RETURNING "id"[0m  [["created_at", Mon, 27 Oct 2014 10:08:04 NZDT +13:00], ["endplace_id", 650], ["isDest", true], ["startplace_id", 976], ["updated_at", Mon, 27 Oct 2014 10:08:04 NZDT +13:00], ["url", "xrv-219xrv22xrv272xrv239xrv240xrv-227xrv-226xrv-225xrv222xrv-238xrv-235xrv-234"]]
  [1m[35mPlace Load (0.3ms)[0m  SELECT "places".* FROM "places" WHERE "places"."id" = 650 LIMIT 1
  [1m[36m (1.1ms)[0m  [1mSELECT COUNT(*) FROM "route_indices" WHERE (url = 'xrv-219xrv22xrv272xrv239xrv240xrv-227xrv-226xrv-225xrv-223xrv-237xrv-235xrv-234')[0m
  [1m[35mPlaceType Load (0.2ms)[0m  select * from place_types where name='Hut'
  [1m[36mSQL (0.4ms)[0m  [1mINSERT INTO "route_indices" ("created_at", "endplace_id", "isDest", "startplace_id", "updated_at", "url") VALUES ($1, $2, $3, $4, $5, $6) RETURNING "id"[0m  [["created_at", Mon, 27 Oct 2014 10:08:04 NZDT +13:00], ["endplace_id", 650], ["isDest", true], ["startplace_id", 976], ["updated_at", Mon, 27 Oct 2014 10:08:04 NZDT +13:00], ["url", "xrv-219xrv22xrv272xrv239xrv240xrv-227xrv-226xrv-225xrv-223xrv-237xrv-235xrv-234"]]
  [1m[35mPlace Load (0.3ms)[0m  SELECT "places".* FROM "places" WHERE "places"."id" = 419 LIMIT 1
  [1m[36m (1.1ms)[0m  [1mSELECT COUNT(*) FROM "route_indices" WHERE (url = 'xrv-219xrv22xrv272xrv224xrv-237xrv238xrv-222xrv225xrv226xrv227xrv228xrv229')[0m
  [1m[35mPlaceType Load (0.2ms)[0m  select * from place_types where name='Hut'
  [1m[36mSQL (0.4ms)[0m  [1mINSERT INTO "route_indices" ("created_at", "endplace_id", "isDest", "startplace_id", "updated_at", "url") VALUES ($1, $2, $3, $4, $5, $6) RETURNING "id"[0m  [["created_at", Mon, 27 Oct 2014 10:08:04 NZDT +13:00], ["endplace_id", 419], ["isDest", true], ["startplace_id", 976], ["updated_at", Mon, 27 Oct 2014 10:08:04 NZDT +13:00], ["url", "xrv-219xrv22xrv272xrv224xrv-237xrv238xrv-222xrv225xrv226xrv227xrv228xrv229"]]
  [1m[35mPlace Load (0.3ms)[0m  SELECT "places".* FROM "places" WHERE "places"."id" = 1130 LIMIT 1
  [1m[36m (1.1ms)[0m  [1mSELECT COUNT(*) FROM "route_indices" WHERE (url = 'xrv-219xrv22xrv272xrv224xrv-237xrv238xrv-222xrv225xrv226xrv227xrv-240')[0m
  [1m[35mPlaceType Load (0.2ms)[0m  select * from place_types where name='Junction'
  [1m[36mSQL (0.4ms)[0m  [1mINSERT INTO "route_indices" ("created_at", "endplace_id", "isDest", "startplace_id", "updated_at", "url") VALUES ($1, $2, $3, $4, $5, $6) RETURNING "id"[0m  [["created_at", Mon, 27 Oct 2014 10:08:04 NZDT +13:00], ["endplace_id", 1130], ["isDest", false], ["startplace_id", 976], ["updated_at", Mon, 27 Oct 2014 10:08:04 NZDT +13:00], ["url", "xrv-219xrv22xrv272xrv224xrv-237xrv238xrv-222xrv225xrv226xrv227xrv-240"]]
  [1m[35mPlace Load (0.3ms)[0m  SELECT "places".* FROM "places" WHERE "places"."id" = 45 LIMIT 1
  [1m[36m (1.1ms)[0m  [1mSELECT COUNT(*) FROM "route_indices" WHERE (url = 'xrv-219xrv22xrv272xrv239xrv240xrv-227xrv-226xrv-225xrv222xrv-238xrv-235xrv-234xrv-233')[0m
  [1m[35mPlaceType Load (0.2ms)[0m  select * from place_types where name='Hut'
  [1m[36mSQL (0.4ms)[0m  [1mINSERT INTO "route_indices" ("created_at", "endplace_id", "isDest", "startplace_id", "updated_at", "url") VALUES ($1, $2, $3, $4, $5, $6) RETURNING "id"[0m  [["created_at", Mon, 27 Oct 2014 10:08:04 NZDT +13:00], ["endplace_id", 45], ["isDest", true], ["startplace_id", 976], ["updated_at", Mon, 27 Oct 2014 10:08:04 NZDT +13:00], ["url", "xrv-219xrv22xrv272xrv239xrv240xrv-227xrv-226xrv-225xrv222xrv-238xrv-235xrv-234xrv-233"]]
  [1m[35mPlace Load (0.3ms)[0m  SELECT "places".* FROM "places" WHERE "places"."id" = 45 LIMIT 1
  [1m[36m (1.0ms)[0m  [1mSELECT COUNT(*) FROM "route_indices" WHERE (url = 'xrv-219xrv22xrv272xrv239xrv240xrv-227xrv-226xrv-225xrv-223xrv-237xrv-235xrv-234xrv-233')[0m
  [1m[35mPlaceType Load (0.2ms)[0m  select * from place_types where name='Hut'
  [1m[36mSQL (0.4ms)[0m  [1mINSERT INTO "route_indices" ("created_at", "endplace_id", "isDest", "startplace_id", "updated_at", "url") VALUES ($1, $2, $3, $4, $5, $6) RETURNING "id"[0m  [["created_at", Mon, 27 Oct 2014 10:08:04 NZDT +13:00], ["endplace_id", 45], ["isDest", true], ["startplace_id", 976], ["updated_at", Mon, 27 Oct 2014 10:08:04 NZDT +13:00], ["url", "xrv-219xrv22xrv272xrv239xrv240xrv-227xrv-226xrv-225xrv-223xrv-237xrv-235xrv-234xrv-233"]]
  [1m[35mPlace Load (0.3ms)[0m  SELECT "places".* FROM "places" WHERE "places"."id" = 1128 LIMIT 1
  [1m[36m (1.1ms)[0m  [1mSELECT COUNT(*) FROM "route_indices" WHERE (url = 'xrv-219xrv22xrv272xrv224xrv-237xrv238xrv-222xrv225xrv226xrv227xrv228xrv229xrv230')[0m
  [1m[35mPlaceType Load (0.2ms)[0m  select * from place_types where name='Roadend'
  [1m[36mSQL (0.4ms)[0m  [1mINSERT INTO "route_indices" ("created_at", "endplace_id", "isDest", "startplace_id", "updated_at", "url") VALUES ($1, $2, $3, $4, $5, $6) RETURNING "id"[0m  [["created_at", Mon, 27 Oct 2014 10:08:04 NZDT +13:00], ["endplace_id", 1128], ["isDest", true], ["startplace_id", 976], ["updated_at", Mon, 27 Oct 2014 10:08:04 NZDT +13:00], ["url", "xrv-219xrv22xrv272xrv224xrv-237xrv238xrv-222xrv225xrv226xrv227xrv228xrv229xrv230"]]
  [1m[35mPlace Load (0.3ms)[0m  SELECT "places".* FROM "places" WHERE "places"."id" = 1132 LIMIT 1
  [1m[36m (1.0ms)[0m  [1mSELECT COUNT(*) FROM "route_indices" WHERE (url = 'xrv-219xrv22xrv272xrv239xrv240xrv-227xrv-226xrv-225xrv222xrv-238xrv-235xrv-243xrv-242xrv-241')[0m
  [1m[35mPlaceType Load (0.2ms)[0m  select * from place_types where name='Campsite'
  [1m[36mSQL (0.4ms)[0m  [1mINSERT INTO "route_indices" ("created_at", "endplace_id", "isDest", "startplace_id", "updated_at", "url") VALUES ($1, $2, $3, $4, $5, $6) RETURNING "id"[0m  [["created_at", Mon, 27 Oct 2014 10:08:04 NZDT +13:00], ["endplace_id", 1132], ["isDest", true], ["startplace_id", 976], ["updated_at", Mon, 27 Oct 2014 10:08:04 NZDT +13:00], ["url", "xrv-219xrv22xrv272xrv239xrv240xrv-227xrv-226xrv-225xrv222xrv-238xrv-235xrv-243xrv-242xrv-241"]]
  [1m[35mPlace Load (0.3ms)[0m  SELECT "places".* FROM "places" WHERE "places"."id" = 1121 LIMIT 1
  [1m[36m (1.1ms)[0m  [1mSELECT COUNT(*) FROM "route_indices" WHERE (url = 'xrv-219xrv22xrv272xrv239xrv240xrv-227xrv-226xrv-225xrv-223xrv-237xrv238xrv221xrv21')[0m
  [1m[35mPlaceType Load (0.2ms)[0m  select * from place_types where name='Junction'
  [1m[36mSQL (0.4ms)[0m  [1mINSERT INTO "route_indices" ("created_at", "endplace_id", "isDest", "startplace_id", "updated_at", "url") VALUES ($1, $2, $3, $4, $5, $6) RETURNING "id"[0m  [["created_at", Mon, 27 Oct 2014 10:08:04 NZDT +13:00], ["endplace_id", 1121], ["isDest", false], ["startplace_id", 976], ["updated_at", Mon, 27 Oct 2014 10:08:04 NZDT +13:00], ["url", "xrv-219xrv22xrv272xrv239xrv240xrv-227xrv-226xrv-225xrv-223xrv-237xrv238xrv221xrv21"]]
  [1m[35mPlace Load (0.3ms)[0m  SELECT "places".* FROM "places" WHERE "places"."id" = 1132 LIMIT 1
  [1m[36m (1.0ms)[0m  [1mSELECT COUNT(*) FROM "route_indices" WHERE (url = 'xrv-219xrv22xrv272xrv239xrv240xrv-227xrv-226xrv-225xrv-223xrv-237xrv-235xrv-243xrv-242xrv-241')[0m
  [1m[35mPlaceType Load (0.2ms)[0m  select * from place_types where name='Campsite'
  [1m[36mSQL (0.4ms)[0m  [1mINSERT INTO "route_indices" ("created_at", "endplace_id", "isDest", "startplace_id", "updated_at", "url") VALUES ($1, $2, $3, $4, $5, $6) RETURNING "id"[0m  [["created_at", Mon, 27 Oct 2014 10:08:04 NZDT +13:00], ["endplace_id", 1132], ["isDest", true], ["startplace_id", 976], ["updated_at", Mon, 27 Oct 2014 10:08:04 NZDT +13:00], ["url", "xrv-219xrv22xrv272xrv239xrv240xrv-227xrv-226xrv-225xrv-223xrv-237xrv-235xrv-243xrv-242xrv-241"]]
  [1m[35mPlace Load (0.3ms)[0m  SELECT "places".* FROM "places" WHERE "places"."id" = 45 LIMIT 1
  [1m[36mPlaceType Load (0.2ms)[0m  [1mselect name, "isDest" from place_types[0m
  [1m[35mRoute Load (0.4ms)[0m  SELECT "routes".* FROM "routes" WHERE "routes"."id" = 219 LIMIT 1
  [1m[36mPlace Load (0.2ms)[0m  [1mSELECT "places".* FROM "places" WHERE "places"."id" = $1 LIMIT 1[0m  [["id", 976]]
  [1m[35mPlace Load (0.2ms)[0m  SELECT "places".* FROM "places" WHERE "places"."id" = $1 LIMIT 1  [["id", 1119]]
  [1m[36mRoute Load (0.3ms)[0m  [1mSELECT "routes".* FROM "routes" WHERE "routes"."id" = 22 LIMIT 1[0m
  [1m[35mRoute Load (0.3ms)[0m  SELECT "routes".* FROM "routes" WHERE "routes"."id" = 272 LIMIT 1
  [1m[36mPlace Load (0.3ms)[0m  [1mSELECT "places".* FROM "places" WHERE "places"."id" = 974 LIMIT 1[0m
  [1m[35mCACHE (0.0ms)[0m  SELECT "places".* FROM "places" WHERE "places"."id" = 974 LIMIT 1
  [1m[36mRoute Load (0.4ms)[0m  [1mselect * from routes where startplace_id = 974[0m
  [1m[35mRoute Load (0.3ms)[0m  select * from routes where endplace_id = 974
  [1m[36mPlace Load (0.2ms)[0m  [1mSELECT "places".* FROM "places" WHERE "places"."id" = $1 LIMIT 1[0m  [["id", 974]]
  [1m[35mPlace Load (0.2ms)[0m  SELECT "places".* FROM "places" WHERE "places"."id" = $1 LIMIT 1  [["id", 471]]
  [1m[36mPlace Load (0.2ms)[0m  [1mSELECT "places".* FROM "places" WHERE "places"."id" = $1 LIMIT 1[0m  [["id", 1130]]
  [1m[35mPlace Load (0.2ms)[0m  SELECT "places".* FROM "places" WHERE "places"."id" = $1 LIMIT 1  [["id", 1124]]
  [1m[36mPlace Load (0.3ms)[0m  [1mSELECT "places".* FROM "places" WHERE "places"."id" = 1130 LIMIT 1[0m
  [1m[35mRoute Load (0.3ms)[0m  select * from routes where startplace_id = 1130
  [1m[36mRoute Load (0.3ms)[0m  [1mselect * from routes where endplace_id = 1130[0m
  [1m[35mCACHE (0.0ms)[0m  SELECT "places".* FROM "places" WHERE "places"."id" = $1 LIMIT 1  [["id", 1130]]
  [1m[36mCACHE (0.0ms)[0m  [1mSELECT "places".* FROM "places" WHERE "places"."id" = $1 LIMIT 1[0m  [["id", 974]]
  [1m[35mPlace Load (0.2ms)[0m  SELECT "places".* FROM "places" WHERE "places"."id" = $1 LIMIT 1  [["id", 1126]]
  [1m[36mPlace Load (0.3ms)[0m  [1mSELECT "places".* FROM "places" WHERE "places"."id" = 1124 LIMIT 1[0m
  [1m[35mRoute Load (0.3ms)[0m  select * from routes where startplace_id = 1124
  [1m[36mRoute Load (0.3ms)[0m  [1mselect * from routes where endplace_id = 1124[0m
  [1m[35mCACHE (0.0ms)[0m  SELECT "places".* FROM "places" WHERE "places"."id" = $1 LIMIT 1  [["id", 1124]]
  [1m[36mPlace Load (0.2ms)[0m  [1mSELECT "places".* FROM "places" WHERE "places"."id" = $1 LIMIT 1[0m  [["id", 1129]]
  [1m[35mCACHE (0.0ms)[0m  SELECT "places".* FROM "places" WHERE "places"."id" = $1 LIMIT 1  [["id", 1124]]
  [1m[36mCACHE (0.0ms)[0m  [1mSELECT "places".* FROM "places" WHERE "places"."id" = $1 LIMIT 1[0m  [["id", 974]]
  [1m[35mPlace Load (0.2ms)[0m  SELECT "places".* FROM "places" WHERE "places"."id" = $1 LIMIT 1  [["id", 1123]]
  [1m[36mPlace Load (0.3ms)[0m  [1mSELECT "places".* FROM "places" WHERE "places"."id" = 1126 LIMIT 1[0m
  [1m[35mRoute Load (0.3ms)[0m  select * from routes where startplace_id = 1126
  [1m[36mRoute Load (0.3ms)[0m  [1mselect * from routes where endplace_id = 1126[0m
  [1m[35mCACHE (0.0ms)[0m  SELECT "places".* FROM "places" WHERE "places"."id" = $1 LIMIT 1  [["id", 1126]]
  [1m[36mCACHE (0.0ms)[0m  [1mSELECT "places".* FROM "places" WHERE "places"."id" = $1 LIMIT 1[0m  [["id", 1130]]
  [1m[35mCACHE (0.0ms)[0m  SELECT "places".* FROM "places" WHERE "places"."id" = $1 LIMIT 1  [["id", 1126]]
  [1m[36mPlace Load (0.2ms)[0m  [1mSELECT "places".* FROM "places" WHERE "places"."id" = $1 LIMIT 1[0m  [["id", 769]]
  [1m[35mPlace Load (0.2ms)[0m  SELECT "places".* FROM "places" WHERE "places"."id" = $1 LIMIT 1  [["id", 1127]]
  [1m[36mPlace Load (0.3ms)[0m  [1mSELECT "places".* FROM "places" WHERE "places"."id" = 1123 LIMIT 1[0m
  [1m[35mRoute Load (0.3ms)[0m  select * from routes where startplace_id = 1123
  [1m[36mRoute Load (0.3ms)[0m  [1mselect * from routes where endplace_id = 1123[0m
  [1m[35mCACHE (0.0ms)[0m  SELECT "places".* FROM "places" WHERE "places"."id" = $1 LIMIT 1  [["id", 1123]]
  [1m[36mCACHE (0.0ms)[0m  [1mSELECT "places".* FROM "places" WHERE "places"."id" = $1 LIMIT 1[0m  [["id", 1124]]
  [1m[35mPlace Load (0.2ms)[0m  SELECT "places".* FROM "places" WHERE "places"."id" = $1 LIMIT 1  [["id", 975]]
  [1m[36mPlace Load (0.2ms)[0m  [1mSELECT "places".* FROM "places" WHERE "places"."id" = $1 LIMIT 1[0m  [["id", 1125]]
  [1m[35mPlace Load (0.3ms)[0m  SELECT "places".* FROM "places" WHERE "places"."id" = 1129 LIMIT 1
  [1m[36mRoute Load (0.3ms)[0m  [1mselect * from routes where startplace_id = 1129[0m
  [1m[35mRoute Load (0.3ms)[0m  select * from routes where endplace_id = 1129
  [1m[36mCACHE (0.0ms)[0m  [1mSELECT "places".* FROM "places" WHERE "places"."id" = $1 LIMIT 1[0m  [["id", 1129]]
  [1m[35mPlace Load (0.2ms)[0m  SELECT "places".* FROM "places" WHERE "places"."id" = $1 LIMIT 1  [["id", 207]]
  [1m[36mCACHE (0.0ms)[0m  [1mSELECT "places".* FROM "places" WHERE "places"."id" = $1 LIMIT 1[0m  [["id", 1124]]
  [1m[35mCACHE (0.0ms)[0m  SELECT "places".* FROM "places" WHERE "places"."id" = $1 LIMIT 1  [["id", 975]]
  [1m[36mPlace Load (0.3ms)[0m  [1mSELECT "places".* FROM "places" WHERE "places"."id" = 1127 LIMIT 1[0m
  [1m[35mRoute Load (0.3ms)[0m  select * from routes where startplace_id = 1127
  [1m[36mRoute Load (0.3ms)[0m  [1mselect * from routes where endplace_id = 1127[0m
  [1m[35mCACHE (0.0ms)[0m  SELECT "places".* FROM "places" WHERE "places"."id" = $1 LIMIT 1  [["id", 1127]]
  [1m[36mCACHE (0.0ms)[0m  [1mSELECT "places".* FROM "places" WHERE "places"."id" = $1 LIMIT 1[0m  [["id", 1126]]
  [1m[35mPlace Load (0.2ms)[0m  SELECT "places".* FROM "places" WHERE "places"."id" = $1 LIMIT 1  [["id", 419]]
  [1m[36mPlace Load (0.3ms)[0m  [1mSELECT "places".* FROM "places" WHERE "places"."id" = 769 LIMIT 1[0m
  [1m[35mRoute Load (0.3ms)[0m  select * from routes where startplace_id = 769
  [1m[36mRoute Load (0.3ms)[0m  [1mselect * from routes where endplace_id = 769[0m
  [1m[35mCACHE (0.0ms)[0m  SELECT "places".* FROM "places" WHERE "places"."id" = $1 LIMIT 1  [["id", 769]]
  [1m[36mCACHE (0.0ms)[0m  [1mSELECT "places".* FROM "places" WHERE "places"."id" = $1 LIMIT 1[0m  [["id", 1125]]
  [1m[35mCACHE (0.0ms)[0m  SELECT "places".* FROM "places" WHERE "places"."id" = $1 LIMIT 1  [["id", 1126]]
  [1m[36mPlace Load (0.3ms)[0m  [1mSELECT "places".* FROM "places" WHERE "places"."id" = 975 LIMIT 1[0m
  [1m[35mRoute Load (0.3ms)[0m  select * from routes where startplace_id = 975
  [1m[36mRoute Load (0.3ms)[0m  [1mselect * from routes where endplace_id = 975[0m
  [1m[35mCACHE (0.0ms)[0m  SELECT "places".* FROM "places" WHERE "places"."id" = $1 LIMIT 1  [["id", 975]]
  [1m[36mCACHE (0.0ms)[0m  [1mSELECT "places".* FROM "places" WHERE "places"."id" = $1 LIMIT 1[0m  [["id", 1129]]
  [1m[35mCACHE (0.0ms)[0m  SELECT "places".* FROM "places" WHERE "places"."id" = $1 LIMIT 1  [["id", 975]]
  [1m[36mCACHE (0.0ms)[0m  [1mSELECT "places".* FROM "places" WHERE "places"."id" = $1 LIMIT 1[0m  [["id", 1123]]
  [1m[35mPlace Load (0.2ms)[0m  SELECT "places".* FROM "places" WHERE "places"."id" = $1 LIMIT 1  [["id", 1122]]
  [1m[36mPlace Load (0.3ms)[0m  [1mSELECT "places".* FROM "places" WHERE "places"."id" = 1125 LIMIT 1[0m
  [1m[35mRoute Load (0.3ms)[0m  select * from routes where startplace_id = 1125
  [1m[36mRoute Load (0.3ms)[0m  [1mselect * from routes where endplace_id = 1125[0m
  [1m[35mCACHE (0.0ms)[0m  SELECT "places".* FROM "places" WHERE "places"."id" = $1 LIMIT 1  [["id", 1125]]
  [1m[36mCACHE (0.0ms)[0m  [1mSELECT "places".* FROM "places" WHERE "places"."id" = $1 LIMIT 1[0m  [["id", 1123]]
  [1m[35mCACHE (0.0ms)[0m  SELECT "places".* FROM "places" WHERE "places"."id" = $1 LIMIT 1  [["id", 769]]
  [1m[36mCACHE (0.0ms)[0m  [1mSELECT "places".* FROM "places" WHERE "places"."id" = 975 LIMIT 1[0m
  [1m[35mCACHE (0.0ms)[0m  select * from routes where startplace_id = 975
  [1m[36mCACHE (0.0ms)[0m  [1mselect * from routes where endplace_id = 975[0m
  [1m[35mCACHE (0.0ms)[0m  SELECT "places".* FROM "places" WHERE "places"."id" = $1 LIMIT 1  [["id", 975]]
  [1m[36mCACHE (0.0ms)[0m  [1mSELECT "places".* FROM "places" WHERE "places"."id" = $1 LIMIT 1[0m  [["id", 1129]]
  [1m[35mCACHE (0.0ms)[0m  SELECT "places".* FROM "places" WHERE "places"."id" = $1 LIMIT 1  [["id", 975]]
  [1m[36mCACHE (0.0ms)[0m  [1mSELECT "places".* FROM "places" WHERE "places"."id" = $1 LIMIT 1[0m  [["id", 1123]]
  [1m[35mCACHE (0.0ms)[0m  SELECT "places".* FROM "places" WHERE "places"."id" = $1 LIMIT 1  [["id", 1122]]
  [1m[36mPlace Load (0.3ms)[0m  [1mSELECT "places".* FROM "places" WHERE "places"."id" = 207 LIMIT 1[0m
  [1m[35mRoute Load (0.3ms)[0m  select * from routes where startplace_id = 207
  [1m[36mRoute Load (0.4ms)[0m  [1mselect * from routes where endplace_id = 207[0m
  [1m[35mCACHE (0.0ms)[0m  SELECT "places".* FROM "places" WHERE "places"."id" = $1 LIMIT 1  [["id", 207]]
  [1m[36mPlace Load (0.4ms)[0m  [1mSELECT "places".* FROM "places" WHERE "places"."id" = $1 LIMIT 1[0m  [["id", 650]]
  [1m[35mCACHE (0.0ms)[0m  SELECT "places".* FROM "places" WHERE "places"."id" = $1 LIMIT 1  [["id", 207]]
  [1m[36mPlace Load (0.2ms)[0m  [1mSELECT "places".* FROM "places" WHERE "places"."id" = $1 LIMIT 1[0m  [["id", 1133]]
  [1m[35mCACHE (0.0ms)[0m  SELECT "places".* FROM "places" WHERE "places"."id" = $1 LIMIT 1  [["id", 1129]]
  [1m[36mPlace Load (0.3ms)[0m  [1mSELECT "places".* FROM "places" WHERE "places"."id" = 419 LIMIT 1[0m
  [1m[35mRoute Load (0.3ms)[0m  select * from routes where startplace_id = 419
  [1m[36mRoute Load (0.3ms)[0m  [1mselect * from routes where endplace_id = 419[0m
  [1m[35mCACHE (0.0ms)[0m  SELECT "places".* FROM "places" WHERE "places"."id" = $1 LIMIT 1  [["id", 419]]
  [1m[36mCACHE (0.0ms)[0m  [1mSELECT "places".* FROM "places" WHERE "places"."id" = $1 LIMIT 1[0m  [["id", 1127]]
  [1m[35mPlace Load (0.2ms)[0m  SELECT "places".* FROM "places" WHERE "places"."id" = $1 LIMIT 1  [["id", 1128]]
  [1m[36mCACHE (0.0ms)[0m  [1mSELECT "places".* FROM "places" WHERE "places"."id" = 1125 LIMIT 1[0m
  [1m[35mCACHE (0.0ms)[0m  select * from routes where startplace_id = 1125
  [1m[36mCACHE (0.0ms)[0m  [1mselect * from routes where endplace_id = 1125[0m
  [1m[35mCACHE (0.0ms)[0m  SELECT "places".* FROM "places" WHERE "places"."id" = $1 LIMIT 1  [["id", 1125]]
  [1m[36mCACHE (0.0ms)[0m  [1mSELECT "places".* FROM "places" WHERE "places"."id" = $1 LIMIT 1[0m  [["id", 1123]]
  [1m[35mCACHE (0.0ms)[0m  SELECT "places".* FROM "places" WHERE "places"."id" = $1 LIMIT 1  [["id", 769]]
  [1m[36mPlace Load (0.3ms)[0m  [1mSELECT "places".* FROM "places" WHERE "places"."id" = 1122 LIMIT 1[0m
  [1m[35mRoute Load (0.3ms)[0m  select * from routes where startplace_id = 1122
  [1m[36mRoute Load (0.3ms)[0m  [1mselect * from routes where endplace_id = 1122[0m
  [1m[35mCACHE (0.0ms)[0m  SELECT "places".* FROM "places" WHERE "places"."id" = $1 LIMIT 1  [["id", 1122]]
  [1m[36mCACHE (0.0ms)[0m  [1mSELECT "places".* FROM "places" WHERE "places"."id" = $1 LIMIT 1[0m  [["id", 975]]
  [1m[35mPlace Load (0.2ms)[0m  SELECT "places".* FROM "places" WHERE "places"."id" = $1 LIMIT 1  [["id", 1121]]
  [1m[36mCACHE (0.0ms)[0m  [1mSELECT "places".* FROM "places" WHERE "places"."id" = 1129 LIMIT 1[0m
  [1m[35mCACHE (0.0ms)[0m  select * from routes where startplace_id = 1129
  [1m[36mCACHE (0.0ms)[0m  [1mselect * from routes where endplace_id = 1129[0m
  [1m[35mCACHE (0.0ms)[0m  SELECT "places".* FROM "places" WHERE "places"."id" = $1 LIMIT 1  [["id", 1129]]
  [1m[36mCACHE (0.0ms)[0m  [1mSELECT "places".* FROM "places" WHERE "places"."id" = $1 LIMIT 1[0m  [["id", 207]]
  [1m[35mCACHE (0.0ms)[0m  SELECT "places".* FROM "places" WHERE "places"."id" = $1 LIMIT 1  [["id", 1124]]
  [1m[36mCACHE (0.0ms)[0m  [1mSELECT "places".* FROM "places" WHERE "places"."id" = $1 LIMIT 1[0m  [["id", 975]]
  [1m[35mCACHE (0.0ms)[0m  SELECT "places".* FROM "places" WHERE "places"."id" = 769 LIMIT 1
  [1m[36mCACHE (0.0ms)[0m  [1mselect * from routes where startplace_id = 769[0m
  [1m[35mCACHE (0.0ms)[0m  select * from routes where endplace_id = 769
  [1m[36mCACHE (0.0ms)[0m  [1mSELECT "places".* FROM "places" WHERE "places"."id" = $1 LIMIT 1[0m  [["id", 769]]
  [1m[35mCACHE (0.0ms)[0m  SELECT "places".* FROM "places" WHERE "places"."id" = $1 LIMIT 1  [["id", 1125]]
  [1m[36mCACHE (0.0ms)[0m  [1mSELECT "places".* FROM "places" WHERE "places"."id" = $1 LIMIT 1[0m  [["id", 1126]]
  [1m[35mCACHE (0.0ms)[0m  SELECT "places".* FROM "places" WHERE "places"."id" = 1122 LIMIT 1
  [1m[36mCACHE (0.0ms)[0m  [1mselect * from routes where startplace_id = 1122[0m
  [1m[35mCACHE (0.0ms)[0m  select * from routes where endplace_id = 1122
  [1m[36mCACHE (0.0ms)[0m  [1mSELECT "places".* FROM "places" WHERE "places"."id" = $1 LIMIT 1[0m  [["id", 1122]]
  [1m[35mCACHE (0.0ms)[0m  SELECT "places".* FROM "places" WHERE "places"."id" = $1 LIMIT 1  [["id", 975]]
  [1m[36mCACHE (0.0ms)[0m  [1mSELECT "places".* FROM "places" WHERE "places"."id" = $1 LIMIT 1[0m  [["id", 1121]]
  [1m[35mCACHE (0.0ms)[0m  SELECT "places".* FROM "places" WHERE "places"."id" = 1123 LIMIT 1
  [1m[36mCACHE (0.0ms)[0m  [1mselect * from routes where startplace_id = 1123[0m
  [1m[35mCACHE (0.0ms)[0m  select * from routes where endplace_id = 1123
  [1m[36mCACHE (0.0ms)[0m  [1mSELECT "places".* FROM "places" WHERE "places"."id" = $1 LIMIT 1[0m  [["id", 1123]]
  [1m[35mCACHE (0.0ms)[0m  SELECT "places".* FROM "places" WHERE "places"."id" = $1 LIMIT 1  [["id", 1124]]
  [1m[36mCACHE (0.0ms)[0m  [1mSELECT "places".* FROM "places" WHERE "places"."id" = $1 LIMIT 1[0m  [["id", 975]]
  [1m[35mCACHE (0.0ms)[0m  SELECT "places".* FROM "places" WHERE "places"."id" = $1 LIMIT 1  [["id", 1125]]
  [1m[36mPlace Load (0.5ms)[0m  [1mSELECT "places".* FROM "places" WHERE "places"."id" = 650 LIMIT 1[0m
  [1m[35mRoute Load (0.4ms)[0m  select * from routes where startplace_id = 650
  [1m[36mRoute Load (0.3ms)[0m  [1mselect * from routes where endplace_id = 650[0m
  [1m[35mCACHE (0.0ms)[0m  SELECT "places".* FROM "places" WHERE "places"."id" = $1 LIMIT 1  [["id", 650]]
  [1m[36mPlace Load (0.3ms)[0m  [1mSELECT "places".* FROM "places" WHERE "places"."id" = $1 LIMIT 1[0m  [["id", 45]]
  [1m[35mCACHE (0.0ms)[0m  SELECT "places".* FROM "places" WHERE "places"."id" = $1 LIMIT 1  [["id", 207]]
  [1m[36mPlace Load (0.3ms)[0m  [1mSELECT "places".* FROM "places" WHERE "places"."id" = 1133 LIMIT 1[0m
  [1m[35mRoute Load (0.3ms)[0m  select * from routes where startplace_id = 1133
  [1m[36mRoute Load (0.3ms)[0m  [1mselect * from routes where endplace_id = 1133[0m
  [1m[35mCACHE (0.0ms)[0m  SELECT "places".* FROM "places" WHERE "places"."id" = $1 LIMIT 1  [["id", 1133]]
  [1m[36mPlace Load (0.2ms)[0m  [1mSELECT "places".* FROM "places" WHERE "places"."id" = $1 LIMIT 1[0m  [["id", 1131]]
  [1m[35mCACHE (0.0ms)[0m  SELECT "places".* FROM "places" WHERE "places"."id" = $1 LIMIT 1  [["id", 207]]
  [1m[36mPlace Load (0.3ms)[0m  [1mSELECT "places".* FROM "places" WHERE "places"."id" = 1128 LIMIT 1[0m
  [1m[35mRoute Load (0.2ms)[0m  select * from routes where startplace_id = 1128
  [1m[36mRoute Load (0.3ms)[0m  [1mselect * from routes where endplace_id = 1128[0m
  [1m[35mCACHE (0.0ms)[0m  SELECT "places".* FROM "places" WHERE "places"."id" = $1 LIMIT 1  [["id", 1128]]
  [1m[36mCACHE (0.0ms)[0m  [1mSELECT "places".* FROM "places" WHERE "places"."id" = $1 LIMIT 1[0m  [["id", 419]]
  [1m[35mCACHE (0.0ms)[0m  SELECT "places".* FROM "places" WHERE "places"."id" = 1123 LIMIT 1
  [1m[36mCACHE (0.0ms)[0m  [1mselect * from routes where startplace_id = 1123[0m
  [1m[35mCACHE (0.0ms)[0m  select * from routes where endplace_id = 1123
  [1m[36mCACHE (0.0ms)[0m  [1mSELECT "places".* FROM "places" WHERE "places"."id" = $1 LIMIT 1[0m  [["id", 1123]]
  [1m[35mCACHE (0.0ms)[0m  SELECT "places".* FROM "places" WHERE "places"."id" = $1 LIMIT 1  [["id", 1124]]
  [1m[36mCACHE (0.0ms)[0m  [1mSELECT "places".* FROM "places" WHERE "places"."id" = $1 LIMIT 1[0m  [["id", 975]]
  [1m[35mCACHE (0.0ms)[0m  SELECT "places".* FROM "places" WHERE "places"."id" = $1 LIMIT 1  [["id", 1125]]
  [1m[36mPlace Load (0.3ms)[0m  [1mSELECT "places".* FROM "places" WHERE "places"."id" = 1121 LIMIT 1[0m
  [1m[35mRoute Load (0.3ms)[0m  select * from routes where startplace_id = 1121
  [1m[36mRoute Load (0.3ms)[0m  [1mselect * from routes where endplace_id = 1121[0m
  [1m[35mCACHE (0.0ms)[0m  SELECT "places".* FROM "places" WHERE "places"."id" = $1 LIMIT 1  [["id", 1121]]
  [1m[36mCACHE (0.0ms)[0m  [1mSELECT "places".* FROM "places" WHERE "places"."id" = $1 LIMIT 1[0m  [["id", 1122]]
  [1m[35mCACHE (0.0ms)[0m  SELECT "places".* FROM "places" WHERE "places"."id" = $1 LIMIT 1  [["id", 976]]
  [1m[36mCACHE (0.0ms)[0m  [1mSELECT "places".* FROM "places" WHERE "places"."id" = 207 LIMIT 1[0m
  [1m[35mCACHE (0.0ms)[0m  select * from routes where startplace_id = 207
  [1m[36mCACHE (0.0ms)[0m  [1mselect * from routes where endplace_id = 207[0m
  [1m[35mCACHE (0.0ms)[0m  SELECT "places".* FROM "places" WHERE "places"."id" = $1 LIMIT 1  [["id", 207]]
  [1m[36mCACHE (0.0ms)[0m  [1mSELECT "places".* FROM "places" WHERE "places"."id" = $1 LIMIT 1[0m  [["id", 650]]
  [1m[35mCACHE (0.0ms)[0m  SELECT "places".* FROM "places" WHERE "places"."id" = $1 LIMIT 1  [["id", 207]]
  [1m[36mCACHE (0.0ms)[0m  [1mSELECT "places".* FROM "places" WHERE "places"."id" = $1 LIMIT 1[0m  [["id", 1133]]
  [1m[35mCACHE (0.0ms)[0m  SELECT "places".* FROM "places" WHERE "places"."id" = $1 LIMIT 1  [["id", 1129]]
  [1m[36mCACHE (0.0ms)[0m  [1mSELECT "places".* FROM "places" WHERE "places"."id" = 1126 LIMIT 1[0m
  [1m[35mCACHE (0.0ms)[0m  select * from routes where startplace_id = 1126
  [1m[36mCACHE (0.0ms)[0m  [1mselect * from routes where endplace_id = 1126[0m
  [1m[35mCACHE (0.0ms)[0m  SELECT "places".* FROM "places" WHERE "places"."id" = $1 LIMIT 1  [["id", 1126]]
  [1m[36mCACHE (0.0ms)[0m  [1mSELECT "places".* FROM "places" WHERE "places"."id" = $1 LIMIT 1[0m  [["id", 1130]]
  [1m[35mCACHE (0.0ms)[0m  SELECT "places".* FROM "places" WHERE "places"."id" = $1 LIMIT 1  [["id", 1126]]
  [1m[36mCACHE (0.0ms)[0m  [1mSELECT "places".* FROM "places" WHERE "places"."id" = $1 LIMIT 1[0m  [["id", 769]]
  [1m[35mCACHE (0.0ms)[0m  SELECT "places".* FROM "places" WHERE "places"."id" = $1 LIMIT 1  [["id", 1127]]
  [1m[36mCACHE (0.0ms)[0m  [1mSELECT "places".* FROM "places" WHERE "places"."id" = 1121 LIMIT 1[0m
  [1m[35mCACHE (0.0ms)[0m  select * from routes where startplace_id = 1121
  [1m[36mCACHE (0.0ms)[0m  [1mselect * from routes where endplace_id = 1121[0m
  [1m[35mCACHE (0.0ms)[0m  SELECT "places".* FROM "places" WHERE "places"."id" = $1 LIMIT 1  [["id", 1121]]
  [1m[36mCACHE (0.0ms)[0m  [1mSELECT "places".* FROM "places" WHERE "places"."id" = $1 LIMIT 1[0m  [["id", 1122]]
  [1m[35mCACHE (0.0ms)[0m  SELECT "places".* FROM "places" WHERE "places"."id" = $1 LIMIT 1  [["id", 976]]
  [1m[36mCACHE (0.0ms)[0m  [1mSELECT "places".* FROM "places" WHERE "places"."id" = 1125 LIMIT 1[0m
  [1m[35mCACHE (0.0ms)[0m  select * from routes where startplace_id = 1125
  [1m[36mCACHE (0.0ms)[0m  [1mselect * from routes where endplace_id = 1125[0m
  [1m[35mCACHE (0.0ms)[0m  SELECT "places".* FROM "places" WHERE "places"."id" = $1 LIMIT 1  [["id", 1125]]
  [1m[36mCACHE (0.0ms)[0m  [1mSELECT "places".* FROM "places" WHERE "places"."id" = $1 LIMIT 1[0m  [["id", 1123]]
  [1m[35mCACHE (0.0ms)[0m  SELECT "places".* FROM "places" WHERE "places"."id" = $1 LIMIT 1  [["id", 769]]
  [1m[36mPlace Load (0.6ms)[0m  [1mSELECT "places".* FROM "places" WHERE "places"."id" = 1131 LIMIT 1[0m
  [1m[35mRoute Load (0.3ms)[0m  select * from routes where startplace_id = 1131
  [1m[36mRoute Load (0.3ms)[0m  [1mselect * from routes where endplace_id = 1131[0m
  [1m[35mCACHE (0.0ms)[0m  SELECT "places".* FROM "places" WHERE "places"."id" = $1 LIMIT 1  [["id", 1131]]
  [1m[36mPlace Load (0.2ms)[0m  [1mSELECT "places".* FROM "places" WHERE "places"."id" = $1 LIMIT 1[0m  [["id", 1132]]
  [1m[35mCACHE (0.0ms)[0m  SELECT "places".* FROM "places" WHERE "places"."id" = $1 LIMIT 1  [["id", 1133]]
  [1m[36mCACHE (0.0ms)[0m  [1mSELECT "places".* FROM "places" WHERE "places"."id" = 975 LIMIT 1[0m
  [1m[35mCACHE (0.0ms)[0m  select * from routes where startplace_id = 975
  [1m[36mCACHE (0.0ms)[0m  [1mselect * from routes where endplace_id = 975[0m
  [1m[35mCACHE (0.0ms)[0m  SELECT "places".* FROM "places" WHERE "places"."id" = $1 LIMIT 1  [["id", 975]]
  [1m[36mCACHE (0.0ms)[0m  [1mSELECT "places".* FROM "places" WHERE "places"."id" = $1 LIMIT 1[0m  [["id", 1129]]
  [1m[35mCACHE (0.0ms)[0m  SELECT "places".* FROM "places" WHERE "places"."id" = $1 LIMIT 1  [["id", 975]]
  [1m[36mCACHE (0.0ms)[0m  [1mSELECT "places".* FROM "places" WHERE "places"."id" = $1 LIMIT 1[0m  [["id", 1123]]
  [1m[35mCACHE (0.0ms)[0m  SELECT "places".* FROM "places" WHERE "places"."id" = $1 LIMIT 1  [["id", 1122]]
  [1m[36mCACHE (0.0ms)[0m  [1mSELECT "places".* FROM "places" WHERE "places"."id" = 1124 LIMIT 1[0m
  [1m[35mCACHE (0.0ms)[0m  select * from routes where startplace_id = 1124
  [1m[36mCACHE (0.0ms)[0m  [1mselect * from routes where endplace_id = 1124[0m
  [1m[35mCACHE (0.0ms)[0m  SELECT "places".* FROM "places" WHERE "places"."id" = $1 LIMIT 1  [["id", 1124]]
  [1m[36mCACHE (0.0ms)[0m  [1mSELECT "places".* FROM "places" WHERE "places"."id" = $1 LIMIT 1[0m  [["id", 1129]]
  [1m[35mCACHE (0.0ms)[0m  SELECT "places".* FROM "places" WHERE "places"."id" = $1 LIMIT 1  [["id", 1124]]
  [1m[36mCACHE (0.0ms)[0m  [1mSELECT "places".* FROM "places" WHERE "places"."id" = $1 LIMIT 1[0m  [["id", 974]]
  [1m[35mCACHE (0.0ms)[0m  SELECT "places".* FROM "places" WHERE "places"."id" = $1 LIMIT 1  [["id", 1123]]
  [1m[36mPlace Load (0.6ms)[0m  [1mSELECT "places".* FROM "places" WHERE "places"."id" = 976 LIMIT 1[0m
  [1m[35mRoute Load (0.4ms)[0m  select * from routes where startplace_id = 976
  [1m[36mRoute Load (0.3ms)[0m  [1mselect * from routes where endplace_id = 976[0m
  [1m[35mCACHE (0.0ms)[0m  SELECT "places".* FROM "places" WHERE "places"."id" = $1 LIMIT 1  [["id", 976]]
  [1m[36mCACHE (0.0ms)[0m  [1mSELECT "places".* FROM "places" WHERE "places"."id" = $1 LIMIT 1[0m  [["id", 1121]]
  [1m[35mCACHE (0.0ms)[0m  SELECT "places".* FROM "places" WHERE "places"."id" = $1 LIMIT 1  [["id", 976]]
  [1m[36mCACHE (0.0ms)[0m  [1mSELECT "places".* FROM "places" WHERE "places"."id" = $1 LIMIT 1[0m  [["id", 1119]]
  [1m[35mCACHE (0.0ms)[0m  SELECT "places".* FROM "places" WHERE "places"."id" = $1 LIMIT 1  [["id", 45]]
  [1m[36mCACHE (0.0ms)[0m  [1mSELECT "places".* FROM "places" WHERE "places"."id" = 650 LIMIT 1[0m
  [1m[35mCACHE (0.0ms)[0m  select * from routes where startplace_id = 650
  [1m[36mCACHE (0.0ms)[0m  [1mselect * from routes where endplace_id = 650[0m
  [1m[35mCACHE (0.0ms)[0m  SELECT "places".* FROM "places" WHERE "places"."id" = $1 LIMIT 1  [["id", 650]]
  [1m[36mCACHE (0.0ms)[0m  [1mSELECT "places".* FROM "places" WHERE "places"."id" = $1 LIMIT 1[0m  [["id", 45]]
  [1m[35mCACHE (0.0ms)[0m  SELECT "places".* FROM "places" WHERE "places"."id" = $1 LIMIT 1  [["id", 207]]
  [1m[36mCACHE (0.0ms)[0m  [1mSELECT "places".* FROM "places" WHERE "places"."id" = 1133 LIMIT 1[0m
  [1m[35mCACHE (0.0ms)[0m  select * from routes where startplace_id = 1133
  [1m[36mCACHE (0.0ms)[0m  [1mselect * from routes where endplace_id = 1133[0m
  [1m[35mCACHE (0.0ms)[0m  SELECT "places".* FROM "places" WHERE "places"."id" = $1 LIMIT 1  [["id", 1133]]
  [1m[36mCACHE (0.0ms)[0m  [1mSELECT "places".* FROM "places" WHERE "places"."id" = $1 LIMIT 1[0m  [["id", 1131]]
  [1m[35mCACHE (0.0ms)[0m  SELECT "places".* FROM "places" WHERE "places"."id" = $1 LIMIT 1  [["id", 207]]
  [1m[36mCACHE (0.0ms)[0m  [1mSELECT "places".* FROM "places" WHERE "places"."id" = 1127 LIMIT 1[0m
  [1m[35mCACHE (0.0ms)[0m  select * from routes where startplace_id = 1127
  [1m[36mCACHE (0.0ms)[0m  [1mselect * from routes where endplace_id = 1127[0m
  [1m[35mCACHE (0.0ms)[0m  SELECT "places".* FROM "places" WHERE "places"."id" = $1 LIMIT 1  [["id", 1127]]
  [1m[36mCACHE (0.0ms)[0m  [1mSELECT "places".* FROM "places" WHERE "places"."id" = $1 LIMIT 1[0m  [["id", 1126]]
  [1m[35mCACHE (0.0ms)[0m  SELECT "places".* FROM "places" WHERE "places"."id" = $1 LIMIT 1  [["id", 419]]
  [1m[36mCACHE (0.0ms)[0m  [1mSELECT "places".* FROM "places" WHERE "places"."id" = 1130 LIMIT 1[0m
  [1m[35mCACHE (0.0ms)[0m  select * from routes where startplace_id = 1130
  [1m[36mCACHE (0.0ms)[0m  [1mselect * from routes where endplace_id = 1130[0m
  [1m[35mCACHE (0.0ms)[0m  SELECT "places".* FROM "places" WHERE "places"."id" = $1 LIMIT 1  [["id", 1130]]
  [1m[36mCACHE (0.0ms)[0m  [1mSELECT "places".* FROM "places" WHERE "places"."id" = $1 LIMIT 1[0m  [["id", 974]]
  [1m[35mCACHE (0.0ms)[0m  SELECT "places".* FROM "places" WHERE "places"."id" = $1 LIMIT 1  [["id", 1126]]
  [1m[36mCACHE (0.0ms)[0m  [1mSELECT "places".* FROM "places" WHERE "places"."id" = 976 LIMIT 1[0m
  [1m[35mCACHE (0.0ms)[0m  select * from routes where startplace_id = 976
  [1m[36mCACHE (0.0ms)[0m  [1mselect * from routes where endplace_id = 976[0m
  [1m[35mCACHE (0.0ms)[0m  SELECT "places".* FROM "places" WHERE "places"."id" = $1 LIMIT 1  [["id", 976]]
  [1m[36mCACHE (0.0ms)[0m  [1mSELECT "places".* FROM "places" WHERE "places"."id" = $1 LIMIT 1[0m  [["id", 1121]]
  [1m[35mCACHE (0.0ms)[0m  SELECT "places".* FROM "places" WHERE "places"."id" = $1 LIMIT 1  [["id", 976]]
  [1m[36mCACHE (0.0ms)[0m  [1mSELECT "places".* FROM "places" WHERE "places"."id" = $1 LIMIT 1[0m  [["id", 1119]]
  [1m[35mCACHE (0.0ms)[0m  SELECT "places".* FROM "places" WHERE "places"."id" = $1 LIMIT 1  [["id", 45]]
  [1m[36mCACHE (0.0ms)[0m  [1mSELECT "places".* FROM "places" WHERE "places"."id" = 769 LIMIT 1[0m
  [1m[35mCACHE (0.0ms)[0m  select * from routes where startplace_id = 769
  [1m[36mCACHE (0.0ms)[0m  [1mselect * from routes where endplace_id = 769[0m
  [1m[35mCACHE (0.0ms)[0m  SELECT "places".* FROM "places" WHERE "places"."id" = $1 LIMIT 1  [["id", 769]]
  [1m[36mCACHE (0.0ms)[0m  [1mSELECT "places".* FROM "places" WHERE "places"."id" = $1 LIMIT 1[0m  [["id", 1125]]
  [1m[35mCACHE (0.0ms)[0m  SELECT "places".* FROM "places" WHERE "places"."id" = $1 LIMIT 1  [["id", 1126]]
  [1m[36mPlace Load (0.6ms)[0m  [1mSELECT "places".* FROM "places" WHERE "places"."id" = 1132 LIMIT 1[0m
  [1m[35mRoute Load (0.3ms)[0m  select * from routes where startplace_id = 1132
  [1m[36mRoute Load (0.2ms)[0m  [1mselect * from routes where endplace_id = 1132[0m
  [1m[35mCACHE (0.0ms)[0m  SELECT "places".* FROM "places" WHERE "places"."id" = $1 LIMIT 1  [["id", 1131]]
  [1m[36mCACHE (0.0ms)[0m  [1mSELECT "places".* FROM "places" WHERE "places"."id" = 1122 LIMIT 1[0m
  [1m[35mCACHE (0.0ms)[0m  select * from routes where startplace_id = 1122
  [1m[36mCACHE (0.0ms)[0m  [1mselect * from routes where endplace_id = 1122[0m
  [1m[35mCACHE (0.0ms)[0m  SELECT "places".* FROM "places" WHERE "places"."id" = $1 LIMIT 1  [["id", 1122]]
  [1m[36mCACHE (0.0ms)[0m  [1mSELECT "places".* FROM "places" WHERE "places"."id" = $1 LIMIT 1[0m  [["id", 975]]
  [1m[35mCACHE (0.0ms)[0m  SELECT "places".* FROM "places" WHERE "places"."id" = $1 LIMIT 1  [["id", 1121]]
  [1m[36mCACHE (0.0ms)[0m  [1mSELECT "places".* FROM "places" WHERE "places"."id" = 1129 LIMIT 1[0m
  [1m[35mCACHE (0.0ms)[0m  select * from routes where startplace_id = 1129
  [1m[36mCACHE (0.0ms)[0m  [1mselect * from routes where endplace_id = 1129[0m
  [1m[35mCACHE (0.0ms)[0m  SELECT "places".* FROM "places" WHERE "places"."id" = $1 LIMIT 1  [["id", 1129]]
  [1m[36mCACHE (0.0ms)[0m  [1mSELECT "places".* FROM "places" WHERE "places"."id" = $1 LIMIT 1[0m  [["id", 207]]
  [1m[35mCACHE (0.0ms)[0m  SELECT "places".* FROM "places" WHERE "places"."id" = $1 LIMIT 1  [["id", 1124]]
  [1m[36mCACHE (0.0ms)[0m  [1mSELECT "places".* FROM "places" WHERE "places"."id" = $1 LIMIT 1[0m  [["id", 975]]
  [1m[35mCACHE (0.0ms)[0m  SELECT "places".* FROM "places" WHERE "places"."id" = 1129 LIMIT 1
  [1m[36mCACHE (0.0ms)[0m  [1mselect * from routes where startplace_id = 1129[0m
  [1m[35mCACHE (0.0ms)[0m  select * from routes where endplace_id = 1129
  [1m[36mCACHE (0.0ms)[0m  [1mSELECT "places".* FROM "places" WHERE "places"."id" = $1 LIMIT 1[0m  [["id", 1129]]
  [1m[35mCACHE (0.0ms)[0m  SELECT "places".* FROM "places" WHERE "places"."id" = $1 LIMIT 1  [["id", 207]]
  [1m[36mCACHE (0.0ms)[0m  [1mSELECT "places".* FROM "places" WHERE "places"."id" = $1 LIMIT 1[0m  [["id", 1124]]
  [1m[35mCACHE (0.0ms)[0m  SELECT "places".* FROM "places" WHERE "places"."id" = $1 LIMIT 1  [["id", 975]]
  [1m[36mCACHE (0.0ms)[0m  [1mSELECT "places".* FROM "places" WHERE "places"."id" = 1131 LIMIT 1[0m
  [1m[35mCACHE (0.0ms)[0m  select * from routes where startplace_id = 1131
  [1m[36mCACHE (0.0ms)[0m  [1mselect * from routes where endplace_id = 1131[0m
  [1m[35mCACHE (0.0ms)[0m  SELECT "places".* FROM "places" WHERE "places"."id" = $1 LIMIT 1  [["id", 1131]]
  [1m[36mCACHE (0.0ms)[0m  [1mSELECT "places".* FROM "places" WHERE "places"."id" = $1 LIMIT 1[0m  [["id", 1132]]
  [1m[35mCACHE (0.0ms)[0m  SELECT "places".* FROM "places" WHERE "places"."id" = $1 LIMIT 1  [["id", 1133]]
  [1m[36mCACHE (0.0ms)[0m  [1mSELECT "places".* FROM "places" WHERE "places"."id" = 419 LIMIT 1[0m
  [1m[35mCACHE (0.0ms)[0m  select * from routes where startplace_id = 419
  [1m[36mCACHE (0.0ms)[0m  [1mselect * from routes where endplace_id = 419[0m
  [1m[35mCACHE (0.0ms)[0m  SELECT "places".* FROM "places" WHERE "places"."id" = $1 LIMIT 1  [["id", 419]]
  [1m[36mCACHE (0.0ms)[0m  [1mSELECT "places".* FROM "places" WHERE "places"."id" = $1 LIMIT 1[0m  [["id", 1127]]
  [1m[35mCACHE (0.0ms)[0m  SELECT "places".* FROM "places" WHERE "places"."id" = $1 LIMIT 1  [["id", 1128]]
  [1m[36mCACHE (0.0ms)[0m  [1mSELECT "places".* FROM "places" WHERE "places"."id" = 1126 LIMIT 1[0m
  [1m[35mCACHE (0.0ms)[0m  select * from routes where startplace_id = 1126
  [1m[36mCACHE (0.0ms)[0m  [1mselect * from routes where endplace_id = 1126[0m
  [1m[35mCACHE (0.0ms)[0m  SELECT "places".* FROM "places" WHERE "places"."id" = $1 LIMIT 1  [["id", 1126]]
  [1m[36mCACHE (0.0ms)[0m  [1mSELECT "places".* FROM "places" WHERE "places"."id" = $1 LIMIT 1[0m  [["id", 1130]]
  [1m[35mCACHE (0.0ms)[0m  SELECT "places".* FROM "places" WHERE "places"."id" = $1 LIMIT 1  [["id", 1126]]
  [1m[36mCACHE (0.0ms)[0m  [1mSELECT "places".* FROM "places" WHERE "places"."id" = $1 LIMIT 1[0m  [["id", 769]]
  [1m[35mCACHE (0.0ms)[0m  SELECT "places".* FROM "places" WHERE "places"."id" = $1 LIMIT 1  [["id", 1127]]
  [1m[36mCACHE (0.0ms)[0m  [1mSELECT "places".* FROM "places" WHERE "places"."id" = 1121 LIMIT 1[0m
  [1m[35mCACHE (0.0ms)[0m  select * from routes where startplace_id = 1121
  [1m[36mCACHE (0.0ms)[0m  [1mselect * from routes where endplace_id = 1121[0m
  [1m[35mCACHE (0.0ms)[0m  SELECT "places".* FROM "places" WHERE "places"."id" = $1 LIMIT 1  [["id", 1121]]
  [1m[36mCACHE (0.0ms)[0m  [1mSELECT "places".* FROM "places" WHERE "places"."id" = $1 LIMIT 1[0m  [["id", 1122]]
  [1m[35mCACHE (0.0ms)[0m  SELECT "places".* FROM "places" WHERE "places"."id" = $1 LIMIT 1  [["id", 976]]
  [1m[36mCACHE (0.0ms)[0m  [1mSELECT "places".* FROM "places" WHERE "places"."id" = 1124 LIMIT 1[0m
  [1m[35mCACHE (0.0ms)[0m  select * from routes where startplace_id = 1124
  [1m[36mCACHE (0.0ms)[0m  [1mselect * from routes where endplace_id = 1124[0m
  [1m[35mCACHE (0.0ms)[0m  SELECT "places".* FROM "places" WHERE "places"."id" = $1 LIMIT 1  [["id", 1124]]
  [1m[36mCACHE (0.0ms)[0m  [1mSELECT "places".* FROM "places" WHERE "places"."id" = $1 LIMIT 1[0m  [["id", 1129]]
  [1m[35mCACHE (0.0ms)[0m  SELECT "places".* FROM "places" WHERE "places"."id" = $1 LIMIT 1  [["id", 1124]]
  [1m[36mCACHE (0.0ms)[0m  [1mSELECT "places".* FROM "places" WHERE "places"."id" = $1 LIMIT 1[0m  [["id", 974]]
  [1m[35mCACHE (0.0ms)[0m  SELECT "places".* FROM "places" WHERE "places"."id" = $1 LIMIT 1  [["id", 1123]]
  [1m[36mCACHE (0.0ms)[0m  [1mSELECT "places".* FROM "places" WHERE "places"."id" = 207 LIMIT 1[0m
  [1m[35mCACHE (0.0ms)[0m  select * from routes where startplace_id = 207
  [1m[36mCACHE (0.0ms)[0m  [1mselect * from routes where endplace_id = 207[0m
  [1m[35mCACHE (0.0ms)[0m  SELECT "places".* FROM "places" WHERE "places"."id" = $1 LIMIT 1  [["id", 207]]
  [1m[36mCACHE (0.0ms)[0m  [1mSELECT "places".* FROM "places" WHERE "places"."id" = $1 LIMIT 1[0m  [["id", 650]]
  [1m[35mCACHE (0.0ms)[0m  SELECT "places".* FROM "places" WHERE "places"."id" = $1 LIMIT 1  [["id", 207]]
  [1m[36mCACHE (0.0ms)[0m  [1mSELECT "places".* FROM "places" WHERE "places"."id" = $1 LIMIT 1[0m  [["id", 1133]]
  [1m[35mCACHE (0.0ms)[0m  SELECT "places".* FROM "places" WHERE "places"."id" = $1 LIMIT 1  [["id", 1129]]
  [1m[36mCACHE (0.0ms)[0m  [1mSELECT "places".* FROM "places" WHERE "places"."id" = 975 LIMIT 1[0m
  [1m[35mCACHE (0.0ms)[0m  select * from routes where startplace_id = 975
  [1m[36mCACHE (0.0ms)[0m  [1mselect * from routes where endplace_id = 975[0m
  [1m[35mCACHE (0.0ms)[0m  SELECT "places".* FROM "places" WHERE "places"."id" = $1 LIMIT 1  [["id", 975]]
  [1m[36mCACHE (0.0ms)[0m  [1mSELECT "places".* FROM "places" WHERE "places"."id" = $1 LIMIT 1[0m  [["id", 1129]]
  [1m[35mCACHE (0.0ms)[0m  SELECT "places".* FROM "places" WHERE "places"."id" = $1 LIMIT 1  [["id", 975]]
  [1m[36mCACHE (0.0ms)[0m  [1mSELECT "places".* FROM "places" WHERE "places"."id" = $1 LIMIT 1[0m  [["id", 1123]]
  [1m[35mCACHE (0.0ms)[0m  SELECT "places".* FROM "places" WHERE "places"."id" = $1 LIMIT 1  [["id", 1122]]
  [1m[36mCACHE (0.0ms)[0m  [1mSELECT "places".* FROM "places" WHERE "places"."id" = 207 LIMIT 1[0m
  [1m[35mCACHE (0.0ms)[0m  select * from routes where startplace_id = 207
  [1m[36mCACHE (0.0ms)[0m  [1mselect * from routes where endplace_id = 207[0m
  [1m[35mCACHE (0.0ms)[0m  SELECT "places".* FROM "places" WHERE "places"."id" = $1 LIMIT 1  [["id", 207]]
  [1m[36mCACHE (0.0ms)[0m  [1mSELECT "places".* FROM "places" WHERE "places"."id" = $1 LIMIT 1[0m  [["id", 650]]
  [1m[35mCACHE (0.0ms)[0m  SELECT "places".* FROM "places" WHERE "places"."id" = $1 LIMIT 1  [["id", 207]]
  [1m[36mCACHE (0.0ms)[0m  [1mSELECT "places".* FROM "places" WHERE "places"."id" = $1 LIMIT 1[0m  [["id", 1133]]
  [1m[35mCACHE (0.0ms)[0m  SELECT "places".* FROM "places" WHERE "places"."id" = $1 LIMIT 1  [["id", 1129]]
  [1m[36mCACHE (0.0ms)[0m  [1mSELECT "places".* FROM "places" WHERE "places"."id" = 1132 LIMIT 1[0m
  [1m[35mCACHE (0.0ms)[0m  select * from routes where startplace_id = 1132
  [1m[36mCACHE (0.0ms)[0m  [1mselect * from routes where endplace_id = 1132[0m
  [1m[35mCACHE (0.0ms)[0m  SELECT "places".* FROM "places" WHERE "places"."id" = $1 LIMIT 1  [["id", 1131]]
  [1m[36mCACHE (0.0ms)[0m  [1mSELECT "places".* FROM "places" WHERE "places"."id" = 1128 LIMIT 1[0m
  [1m[35mCACHE (0.0ms)[0m  select * from routes where startplace_id = 1128
  [1m[36mCACHE (0.0ms)[0m  [1mselect * from routes where endplace_id = 1128[0m
  [1m[35mCACHE (0.0ms)[0m  SELECT "places".* FROM "places" WHERE "places"."id" = $1 LIMIT 1  [["id", 1128]]
  [1m[36mCACHE (0.0ms)[0m  [1mSELECT "places".* FROM "places" WHERE "places"."id" = $1 LIMIT 1[0m  [["id", 419]]
  [1m[35mCACHE (0.0ms)[0m  SELECT "places".* FROM "places" WHERE "places"."id" = 1127 LIMIT 1
  [1m[36mCACHE (0.0ms)[0m  [1mselect * from routes where startplace_id = 1127[0m
  [1m[35mCACHE (0.0ms)[0m  select * from routes where endplace_id = 1127
  [1m[36mCACHE (0.0ms)[0m  [1mSELECT "places".* FROM "places" WHERE "places"."id" = $1 LIMIT 1[0m  [["id", 1127]]
  [1m[35mCACHE (0.0ms)[0m  SELECT "places".* FROM "places" WHERE "places"."id" = $1 LIMIT 1  [["id", 1126]]
  [1m[36mCACHE (0.0ms)[0m  [1mSELECT "places".* FROM "places" WHERE "places"."id" = $1 LIMIT 1[0m  [["id", 419]]
  [1m[35mCACHE (0.0ms)[0m  SELECT "places".* FROM "places" WHERE "places"."id" = 1130 LIMIT 1
  [1m[36mCACHE (0.0ms)[0m  [1mselect * from routes where startplace_id = 1130[0m
  [1m[35mCACHE (0.0ms)[0m  select * from routes where endplace_id = 1130
  [1m[36mCACHE (0.0ms)[0m  [1mSELECT "places".* FROM "places" WHERE "places"."id" = $1 LIMIT 1[0m  [["id", 1130]]
  [1m[35mCACHE (0.0ms)[0m  SELECT "places".* FROM "places" WHERE "places"."id" = $1 LIMIT 1  [["id", 974]]
  [1m[36mCACHE (0.0ms)[0m  [1mSELECT "places".* FROM "places" WHERE "places"."id" = $1 LIMIT 1[0m  [["id", 1126]]
  [1m[35mCACHE (0.0ms)[0m  SELECT "places".* FROM "places" WHERE "places"."id" = 976 LIMIT 1
  [1m[36mCACHE (0.0ms)[0m  [1mselect * from routes where startplace_id = 976[0m
  [1m[35mCACHE (0.0ms)[0m  select * from routes where endplace_id = 976
  [1m[36mCACHE (0.0ms)[0m  [1mSELECT "places".* FROM "places" WHERE "places"."id" = $1 LIMIT 1[0m  [["id", 976]]
  [1m[35mCACHE (0.0ms)[0m  SELECT "places".* FROM "places" WHERE "places"."id" = $1 LIMIT 1  [["id", 1121]]
  [1m[36mCACHE (0.0ms)[0m  [1mSELECT "places".* FROM "places" WHERE "places"."id" = $1 LIMIT 1[0m  [["id", 976]]
  [1m[35mCACHE (0.0ms)[0m  SELECT "places".* FROM "places" WHERE "places"."id" = $1 LIMIT 1  [["id", 1119]]
  [1m[36mCACHE (0.0ms)[0m  [1mSELECT "places".* FROM "places" WHERE "places"."id" = $1 LIMIT 1[0m  [["id", 45]]
  [1m[35mCACHE (0.0ms)[0m  SELECT "places".* FROM "places" WHERE "places"."id" = 650 LIMIT 1
  [1m[36mCACHE (0.0ms)[0m  [1mselect * from routes where startplace_id = 650[0m
  [1m[35mCACHE (0.0ms)[0m  select * from routes where endplace_id = 650
  [1m[36mCACHE (0.0ms)[0m  [1mSELECT "places".* FROM "places" WHERE "places"."id" = $1 LIMIT 1[0m  [["id", 650]]
  [1m[35mCACHE (0.0ms)[0m  SELECT "places".* FROM "places" WHERE "places"."id" = $1 LIMIT 1  [["id", 45]]
  [1m[36mCACHE (0.0ms)[0m  [1mSELECT "places".* FROM "places" WHERE "places"."id" = $1 LIMIT 1[0m  [["id", 207]]
  [1m[35mCACHE (0.0ms)[0m  SELECT "places".* FROM "places" WHERE "places"."id" = 1133 LIMIT 1
  [1m[36mCACHE (0.0ms)[0m  [1mselect * from routes where startplace_id = 1133[0m
  [1m[35mCACHE (0.0ms)[0m  select * from routes where endplace_id = 1133
  [1m[36mCACHE (0.0ms)[0m  [1mSELECT "places".* FROM "places" WHERE "places"."id" = $1 LIMIT 1[0m  [["id", 1133]]
  [1m[35mCACHE (0.0ms)[0m  SELECT "places".* FROM "places" WHERE "places"."id" = $1 LIMIT 1  [["id", 1131]]
  [1m[36mCACHE (0.0ms)[0m  [1mSELECT "places".* FROM "places" WHERE "places"."id" = $1 LIMIT 1[0m  [["id", 207]]
  [1m[35mCACHE (0.0ms)[0m  SELECT "places".* FROM "places" WHERE "places"."id" = 1122 LIMIT 1
  [1m[36mCACHE (0.0ms)[0m  [1mselect * from routes where startplace_id = 1122[0m
  [1m[35mCACHE (0.0ms)[0m  select * from routes where endplace_id = 1122
  [1m[36mCACHE (0.0ms)[0m  [1mSELECT "places".* FROM "places" WHERE "places"."id" = $1 LIMIT 1[0m  [["id", 1122]]
  [1m[35mCACHE (0.0ms)[0m  SELECT "places".* FROM "places" WHERE "places"."id" = $1 LIMIT 1  [["id", 975]]
  [1m[36mCACHE (0.0ms)[0m  [1mSELECT "places".* FROM "places" WHERE "places"."id" = $1 LIMIT 1[0m  [["id", 1121]]
  [1m[35mCACHE (0.0ms)[0m  SELECT "places".* FROM "places" WHERE "places"."id" = 650 LIMIT 1
  [1m[36mCACHE (0.0ms)[0m  [1mselect * from routes where startplace_id = 650[0m
  [1m[35mCACHE (0.0ms)[0m  select * from routes where endplace_id = 650
  [1m[36mCACHE (0.0ms)[0m  [1mSELECT "places".* FROM "places" WHERE "places"."id" = $1 LIMIT 1[0m  [["id", 650]]
  [1m[35mCACHE (0.0ms)[0m  SELECT "places".* FROM "places" WHERE "places"."id" = $1 LIMIT 1  [["id", 45]]
  [1m[36mCACHE (0.0ms)[0m  [1mSELECT "places".* FROM "places" WHERE "places"."id" = $1 LIMIT 1[0m  [["id", 207]]
  [1m[35mCACHE (0.0ms)[0m  SELECT "places".* FROM "places" WHERE "places"."id" = 1133 LIMIT 1
  [1m[36mCACHE (0.0ms)[0m  [1mselect * from routes where startplace_id = 1133[0m
  [1m[35mCACHE (0.0ms)[0m  select * from routes where endplace_id = 1133
  [1m[36mCACHE (0.0ms)[0m  [1mSELECT "places".* FROM "places" WHERE "places"."id" = $1 LIMIT 1[0m  [["id", 1133]]
  [1m[35mCACHE (0.0ms)[0m  SELECT "places".* FROM "places" WHERE "places"."id" = $1 LIMIT 1  [["id", 1131]]
  [1m[36mCACHE (0.0ms)[0m  [1mSELECT "places".* FROM "places" WHERE "places"."id" = $1 LIMIT 1[0m  [["id", 207]]
  [1m[35mCACHE (0.0ms)[0m  SELECT "places".* FROM "places" WHERE "places"."id" = 419 LIMIT 1
  [1m[36mCACHE (0.0ms)[0m  [1mselect * from routes where startplace_id = 419[0m
  [1m[35mCACHE (0.0ms)[0m  select * from routes where endplace_id = 419
  [1m[36mCACHE (0.0ms)[0m  [1mSELECT "places".* FROM "places" WHERE "places"."id" = $1 LIMIT 1[0m  [["id", 419]]
  [1m[35mCACHE (0.0ms)[0m  SELECT "places".* FROM "places" WHERE "places"."id" = $1 LIMIT 1  [["id", 1127]]
  [1m[36mCACHE (0.0ms)[0m  [1mSELECT "places".* FROM "places" WHERE "places"."id" = $1 LIMIT 1[0m  [["id", 1128]]
  [1m[35mCACHE (0.0ms)[0m  SELECT "places".* FROM "places" WHERE "places"."id" = 1131 LIMIT 1
  [1m[36mCACHE (0.0ms)[0m  [1mselect * from routes where startplace_id = 1131[0m
  [1m[35mCACHE (0.0ms)[0m  select * from routes where endplace_id = 1131
  [1m[36mCACHE (0.0ms)[0m  [1mSELECT "places".* FROM "places" WHERE "places"."id" = $1 LIMIT 1[0m  [["id", 1131]]
  [1m[35mCACHE (0.0ms)[0m  SELECT "places".* FROM "places" WHERE "places"."id" = $1 LIMIT 1  [["id", 1132]]
  [1m[36mCACHE (0.0ms)[0m  [1mSELECT "places".* FROM "places" WHERE "places"."id" = $1 LIMIT 1[0m  [["id", 1133]]
  [1m[35mCACHE (0.0ms)[0m  SELECT "places".* FROM "places" WHERE "places"."id" = 1121 LIMIT 1
  [1m[36mCACHE (0.0ms)[0m  [1mselect * from routes where startplace_id = 1121[0m
  [1m[35mCACHE (0.0ms)[0m  select * from routes where endplace_id = 1121
  [1m[36mCACHE (0.0ms)[0m  [1mSELECT "places".* FROM "places" WHERE "places"."id" = $1 LIMIT 1[0m  [["id", 1121]]
  [1m[35mCACHE (0.0ms)[0m  SELECT "places".* FROM "places" WHERE "places"."id" = $1 LIMIT 1  [["id", 1122]]
  [1m[36mCACHE (0.0ms)[0m  [1mSELECT "places".* FROM "places" WHERE "places"."id" = $1 LIMIT 1[0m  [["id", 976]]
  [1m[35mCACHE (0.0ms)[0m  SELECT "places".* FROM "places" WHERE "places"."id" = 1131 LIMIT 1
  [1m[36mCACHE (0.0ms)[0m  [1mselect * from routes where startplace_id = 1131[0m
  [1m[35mCACHE (0.0ms)[0m  select * from routes where endplace_id = 1131
  [1m[36mCACHE (0.0ms)[0m  [1mSELECT "places".* FROM "places" WHERE "places"."id" = $1 LIMIT 1[0m  [["id", 1131]]
  [1m[35mCACHE (0.0ms)[0m  SELECT "places".* FROM "places" WHERE "places"."id" = $1 LIMIT 1  [["id", 1132]]
  [1m[36mCACHE (0.0ms)[0m  [1mSELECT "places".* FROM "places" WHERE "places"."id" = $1 LIMIT 1[0m  [["id", 1133]]
  [1m[35mCACHE (0.0ms)[0m  SELECT "places".* FROM "places" WHERE "places"."id" = 1128 LIMIT 1
  [1m[36mCACHE (0.0ms)[0m  [1mselect * from routes where startplace_id = 1128[0m
  [1m[35mCACHE (0.0ms)[0m  select * from routes where endplace_id = 1128
  [1m[36mCACHE (0.0ms)[0m  [1mSELECT "places".* FROM "places" WHERE "places"."id" = $1 LIMIT 1[0m  [["id", 1128]]
  [1m[35mCACHE (0.0ms)[0m  SELECT "places".* FROM "places" WHERE "places"."id" = $1 LIMIT 1  [["id", 419]]
  [1m[36mCACHE (0.0ms)[0m  [1mSELECT "places".* FROM "places" WHERE "places"."id" = 1132 LIMIT 1[0m
  [1m[35mCACHE (0.0ms)[0m  select * from routes where startplace_id = 1132
  [1m[36mCACHE (0.0ms)[0m  [1mselect * from routes where endplace_id = 1132[0m
  [1m[35mCACHE (0.0ms)[0m  SELECT "places".* FROM "places" WHERE "places"."id" = $1 LIMIT 1  [["id", 1131]]
  [1m[36mCACHE (0.0ms)[0m  [1mSELECT "places".* FROM "places" WHERE "places"."id" = 976 LIMIT 1[0m
  [1m[35mCACHE (0.0ms)[0m  select * from routes where startplace_id = 976
  [1m[36mCACHE (0.0ms)[0m  [1mselect * from routes where endplace_id = 976[0m
  [1m[35mCACHE (0.0ms)[0m  SELECT "places".* FROM "places" WHERE "places"."id" = $1 LIMIT 1  [["id", 976]]
  [1m[36mCACHE (0.0ms)[0m  [1mSELECT "places".* FROM "places" WHERE "places"."id" = $1 LIMIT 1[0m  [["id", 1121]]
  [1m[35mCACHE (0.0ms)[0m  SELECT "places".* FROM "places" WHERE "places"."id" = $1 LIMIT 1  [["id", 976]]
  [1m[36mCACHE (0.0ms)[0m  [1mSELECT "places".* FROM "places" WHERE "places"."id" = $1 LIMIT 1[0m  [["id", 1119]]
  [1m[35mCACHE (0.0ms)[0m  SELECT "places".* FROM "places" WHERE "places"."id" = $1 LIMIT 1  [["id", 45]]
  [1m[36mCACHE (0.0ms)[0m  [1mSELECT "places".* FROM "places" WHERE "places"."id" = 1132 LIMIT 1[0m
  [1m[35mCACHE (0.0ms)[0m  select * from routes where startplace_id = 1132
  [1m[36mCACHE (0.0ms)[0m  [1mselect * from routes where endplace_id = 1132[0m
  [1m[35mCACHE (0.0ms)[0m  SELECT "places".* FROM "places" WHERE "places"."id" = $1 LIMIT 1  [["id", 1131]]
BNewroutes
45
{:place=>974, :route=>[272, 22, -219], :url=>"xrv-231xrv-219xrv22xrv272"}
{:place=>769, :route=>[-227, 240, 239, 272, 22, -219], :url=>"xrv-231xrv-219xrv22xrv272xrv239xrv240xrv-227"}
{:place=>1125, :route=>[225, 223, 224, 272, 22, -219], :url=>"xrv-231xrv-219xrv22xrv272xrv224xrv223xrv225"}
{:place=>207, :route=>[-235, -237, 224, 272, 22, -219], :url=>"xrv-231xrv-219xrv22xrv272xrv224xrv-237xrv-235"}
{:place=>419, :route=>[229, 228, 240, 239, 272, 22, -219], :url=>"xrv-231xrv-219xrv22xrv272xrv239xrv240xrv228xrv229"}
{:place=>1125, :route=>[-226, -227, 240, 239, 272, 22, -219], :url=>"xrv-231xrv-219xrv22xrv272xrv239xrv240xrv-227xrv-226"}
{:place=>769, :route=>[226, 225, 223, 224, 272, 22, -219], :url=>"xrv-231xrv-219xrv22xrv272xrv224xrv223xrv225xrv226"}
{:place=>650, :route=>[-234, -235, -237, 224, 272, 22, -219], :url=>"xrv-231xrv-219xrv22xrv272xrv224xrv-237xrv-235xrv-234"}
{:place=>1128, :route=>[230, 229, 228, 240, 239, 272, 22, -219], :url=>"xrv-231xrv-219xrv22xrv272xrv239xrv240xrv228xrv229xrv230"}
{:place=>207, :route=>[-235, -238, 222, 223, 224, 272, 22, -219], :url=>"xrv-231xrv-219xrv22xrv272xrv224xrv223xrv222xrv-238xrv-235"}
{:place=>1125, :route=>[225, -222, 238, -237, 224, 272, 22, -219], :url=>"xrv-231xrv-219xrv22xrv272xrv224xrv-237xrv238xrv-222xrv225"}
{:place=>976, :route=>[220, 21, 221, 222, 223, 224, 272, 22, -219], :url=>"xrv-231xrv-219xrv22xrv272xrv224xrv223xrv222xrv221xrv21xrv220"}
{:place=>650, :route=>[-234, -235, -238, 222, 223, 224, 272, 22, -219], :url=>"xrv-231xrv-219xrv22xrv272xrv224xrv223xrv222xrv-238xrv-235xrv-234"}
{:place=>976, :route=>[220, 21, 221, 238, -237, 224, 272, 22, -219], :url=>"xrv-231xrv-219xrv22xrv272xrv224xrv-237xrv238xrv221xrv21xrv220"}
{:place=>769, :route=>[226, 225, -222, 238, -237, 224, 272, 22, -219], :url=>"xrv-231xrv-219xrv22xrv272xrv224xrv-237xrv238xrv-222xrv225xrv226"}
{:place=>1132, :route=>[-241, -242, -243, -235, -237, 224, 272, 22, -219], :url=>"xrv-231xrv-219xrv22xrv272xrv224xrv-237xrv-235xrv-243xrv-242xrv-241"}
{:place=>419, :route=>[229, 228, 227, 226, 225, 223, 224, 272, 22, -219], :url=>"xrv-231xrv-219xrv22xrv272xrv224xrv223xrv225xrv226xrv227xrv228xrv229"}
{:place=>1130, :route=>[-240, 227, 226, 225, 223, 224, 272, 22, -219], :url=>"xrv-231xrv-219xrv22xrv272xrv224xrv223xrv225xrv226xrv227xrv-240"}
{:place=>207, :route=>[-235, -238, 222, -225, -226, -227, 240, 239, 272, 22, -219], :url=>"xrv-231xrv-219xrv22xrv272xrv239xrv240xrv-227xrv-226xrv-225xrv222xrv-238xrv-235"}
{:place=>207, :route=>[-235, -237, -223, -225, -226, -227, 240, 239, 272, 22, -219], :url=>"xrv-231xrv-219xrv22xrv272xrv239xrv240xrv-227xrv-226xrv-225xrv-223xrv-237xrv-235"}
{:place=>1132, :route=>[-241, -242, -243, -235, -238, 222, 223, 224, 272, 22, -219], :url=>"xrv-231xrv-219xrv22xrv272xrv224xrv223xrv222xrv-238xrv-235xrv-243xrv-242xrv-241"}
{:place=>1128, :route=>[230, 229, 228, 227, 226, 225, 223, 224, 272, 22, -219], :url=>"xrv-231xrv-219xrv22xrv272xrv224xrv223xrv225xrv226xrv227xrv228xrv229xrv230"}
{:place=>976, :route=>[220, 21, 221, 222, -225, -226, -227, 240, 239, 272, 22, -219], :url=>"xrv-231xrv-219xrv22xrv272xrv239xrv240xrv-227xrv-226xrv-225xrv222xrv221xrv21xrv220"}
{:place=>1124, :route=>[237, -238, 222, -225, -226, -227, 240, 239, 272, 22, -219], :url=>"xrv-231xrv-219xrv22xrv272xrv239xrv240xrv-227xrv-226xrv-225xrv222xrv-238xrv237"}
{:place=>650, :route=>[-234, -235, -238, 222, -225, -226, -227, 240, 239, 272, 22, -219], :url=>"xrv-231xrv-219xrv22xrv272xrv239xrv240xrv-227xrv-226xrv-225xrv222xrv-238xrv-235xrv-234"}
{:place=>650, :route=>[-234, -235, -237, -223, -225, -226, -227, 240, 239, 272, 22, -219], :url=>"xrv-231xrv-219xrv22xrv272xrv239xrv240xrv-227xrv-226xrv-225xrv-223xrv-237xrv-235xrv-234"}
{:place=>419, :route=>[229, 228, 227, 226, 225, -222, 238, -237, 224, 272, 22, -219], :url=>"xrv-231xrv-219xrv22xrv272xrv224xrv-237xrv238xrv-222xrv225xrv226xrv227xrv228xrv229"}
{:place=>1130, :route=>[-240, 227, 226, 225, -222, 238, -237, 224, 272, 22, -219], :url=>"xrv-231xrv-219xrv22xrv272xrv224xrv-237xrv238xrv-222xrv225xrv226xrv227xrv-240"}
{:place=>1128, :route=>[230, 229, 228, 227, 226, 225, -222, 238, -237, 224, 272, 22, -219], :url=>"xrv-231xrv-219xrv22xrv272xrv224xrv-237xrv238xrv-222xrv225xrv226xrv227xrv228xrv229xrv230"}
{:place=>1132, :route=>[-241, -242, -243, -235, -238, 222, -225, -226, -227, 240, 239, 272, 22, -219], :url=>"xrv-231xrv-219xrv22xrv272xrv239xrv240xrv-227xrv-226xrv-225xrv222xrv-238xrv-235xrv-243xrv-242xrv-241"}
{:place=>976, :route=>[220, 21, 221, 238, -237, -223, -225, -226, -227, 240, 239, 272, 22, -219], :url=>"xrv-231xrv-219xrv22xrv272xrv239xrv240xrv-227xrv-226xrv-225xrv-223xrv-237xrv238xrv221xrv21xrv220"}
{:place=>1132, :route=>[-241, -242, -243, -235, -237, -223, -225, -226, -227, 240, 239, 272, 22, -219], :url=>"xrv-231xrv-219xrv22xrv272xrv239xrv240xrv-227xrv-226xrv-225xrv-223xrv-237xrv-235xrv-243xrv-242xrv-241"}
  [1m[36mCACHE (0.0ms)[0m  [1mSELECT "places".* FROM "places" WHERE "places"."id" = 974 LIMIT 1[0m
  [1m[35m (1.7ms)[0m  SELECT COUNT(*) FROM "route_indices" WHERE (url = 'xrv-231xrv-219xrv22xrv272')
  [1m[36mPlaceType Load (0.3ms)[0m  [1mselect * from place_types where name='Roadend'[0m
  [1m[35mSQL (0.7ms)[0m  INSERT INTO "route_indices" ("created_at", "endplace_id", "isDest", "startplace_id", "updated_at", "url") VALUES ($1, $2, $3, $4, $5, $6) RETURNING "id"  [["created_at", Mon, 27 Oct 2014 10:08:04 NZDT +13:00], ["endplace_id", 974], ["isDest", true], ["startplace_id", 45], ["updated_at", Mon, 27 Oct 2014 10:08:04 NZDT +13:00], ["url", "xrv-231xrv-219xrv22xrv272"]]
  [1m[36mPlace Load (0.3ms)[0m  [1mSELECT "places".* FROM "places" WHERE "places"."id" = 769 LIMIT 1[0m
  [1m[35m (1.2ms)[0m  SELECT COUNT(*) FROM "route_indices" WHERE (url = 'xrv-231xrv-219xrv22xrv272xrv239xrv240xrv-227')
  [1m[36mPlaceType Load (0.3ms)[0m  [1mselect * from place_types where name='Hut'[0m
  [1m[35mSQL (0.4ms)[0m  INSERT INTO "route_indices" ("created_at", "endplace_id", "isDest", "startplace_id", "updated_at", "url") VALUES ($1, $2, $3, $4, $5, $6) RETURNING "id"  [["created_at", Mon, 27 Oct 2014 10:08:04 NZDT +13:00], ["endplace_id", 769], ["isDest", true], ["startplace_id", 45], ["updated_at", Mon, 27 Oct 2014 10:08:04 NZDT +13:00], ["url", "xrv-231xrv-219xrv22xrv272xrv239xrv240xrv-227"]]
  [1m[36mPlace Load (0.3ms)[0m  [1mSELECT "places".* FROM "places" WHERE "places"."id" = 1125 LIMIT 1[0m
  [1m[35m (1.1ms)[0m  SELECT COUNT(*) FROM "route_indices" WHERE (url = 'xrv-231xrv-219xrv22xrv272xrv224xrv223xrv225')
  [1m[36mPlaceType Load (0.2ms)[0m  [1mselect * from place_types where name='Campsite'[0m
  [1m[35mSQL (0.4ms)[0m  INSERT INTO "route_indices" ("created_at", "endplace_id", "isDest", "startplace_id", "updated_at", "url") VALUES ($1, $2, $3, $4, $5, $6) RETURNING "id"  [["created_at", Mon, 27 Oct 2014 10:08:04 NZDT +13:00], ["endplace_id", 1125], ["isDest", true], ["startplace_id", 45], ["updated_at", Mon, 27 Oct 2014 10:08:04 NZDT +13:00], ["url", "xrv-231xrv-219xrv22xrv272xrv224xrv223xrv225"]]
  [1m[36mPlace Load (0.3ms)[0m  [1mSELECT "places".* FROM "places" WHERE "places"."id" = 207 LIMIT 1[0m
  [1m[35m (1.1ms)[0m  SELECT COUNT(*) FROM "route_indices" WHERE (url = 'xrv-231xrv-219xrv22xrv272xrv224xrv-237xrv-235')
  [1m[36mPlaceType Load (0.2ms)[0m  [1mselect * from place_types where name='Hut'[0m
  [1m[35mSQL (0.4ms)[0m  INSERT INTO "route_indices" ("created_at", "endplace_id", "isDest", "startplace_id", "updated_at", "url") VALUES ($1, $2, $3, $4, $5, $6) RETURNING "id"  [["created_at", Mon, 27 Oct 2014 10:08:04 NZDT +13:00], ["endplace_id", 207], ["isDest", true], ["startplace_id", 45], ["updated_at", Mon, 27 Oct 2014 10:08:04 NZDT +13:00], ["url", "xrv-231xrv-219xrv22xrv272xrv224xrv-237xrv-235"]]
  [1m[36mPlace Load (0.3ms)[0m  [1mSELECT "places".* FROM "places" WHERE "places"."id" = 419 LIMIT 1[0m
  [1m[35m (1.1ms)[0m  SELECT COUNT(*) FROM "route_indices" WHERE (url = 'xrv-231xrv-219xrv22xrv272xrv239xrv240xrv228xrv229')
  [1m[36mPlaceType Load (0.2ms)[0m  [1mselect * from place_types where name='Hut'[0m
  [1m[35mSQL (0.4ms)[0m  INSERT INTO "route_indices" ("created_at", "endplace_id", "isDest", "startplace_id", "updated_at", "url") VALUES ($1, $2, $3, $4, $5, $6) RETURNING "id"  [["created_at", Mon, 27 Oct 2014 10:08:04 NZDT +13:00], ["endplace_id", 419], ["isDest", true], ["startplace_id", 45], ["updated_at", Mon, 27 Oct 2014 10:08:04 NZDT +13:00], ["url", "xrv-231xrv-219xrv22xrv272xrv239xrv240xrv228xrv229"]]
  [1m[36mPlace Load (0.3ms)[0m  [1mSELECT "places".* FROM "places" WHERE "places"."id" = 1125 LIMIT 1[0m
  [1m[35m (1.1ms)[0m  SELECT COUNT(*) FROM "route_indices" WHERE (url = 'xrv-231xrv-219xrv22xrv272xrv239xrv240xrv-227xrv-226')
  [1m[36mPlaceType Load (0.2ms)[0m  [1mselect * from place_types where name='Campsite'[0m
  [1m[35mSQL (0.4ms)[0m  INSERT INTO "route_indices" ("created_at", "endplace_id", "isDest", "startplace_id", "updated_at", "url") VALUES ($1, $2, $3, $4, $5, $6) RETURNING "id"  [["created_at", Mon, 27 Oct 2014 10:08:04 NZDT +13:00], ["endplace_id", 1125], ["isDest", true], ["startplace_id", 45], ["updated_at", Mon, 27 Oct 2014 10:08:04 NZDT +13:00], ["url", "xrv-231xrv-219xrv22xrv272xrv239xrv240xrv-227xrv-226"]]
  [1m[36mPlace Load (0.3ms)[0m  [1mSELECT "places".* FROM "places" WHERE "places"."id" = 769 LIMIT 1[0m
  [1m[35m (1.1ms)[0m  SELECT COUNT(*) FROM "route_indices" WHERE (url = 'xrv-231xrv-219xrv22xrv272xrv224xrv223xrv225xrv226')
  [1m[36mPlaceType Load (0.2ms)[0m  [1mselect * from place_types where name='Hut'[0m
  [1m[35mSQL (0.4ms)[0m  INSERT INTO "route_indices" ("created_at", "endplace_id", "isDest", "startplace_id", "updated_at", "url") VALUES ($1, $2, $3, $4, $5, $6) RETURNING "id"  [["created_at", Mon, 27 Oct 2014 10:08:04 NZDT +13:00], ["endplace_id", 769], ["isDest", true], ["startplace_id", 45], ["updated_at", Mon, 27 Oct 2014 10:08:04 NZDT +13:00], ["url", "xrv-231xrv-219xrv22xrv272xrv224xrv223xrv225xrv226"]]
  [1m[36mPlace Load (0.3ms)[0m  [1mSELECT "places".* FROM "places" WHERE "places"."id" = 650 LIMIT 1[0m
  [1m[35m (1.1ms)[0m  SELECT COUNT(*) FROM "route_indices" WHERE (url = 'xrv-231xrv-219xrv22xrv272xrv224xrv-237xrv-235xrv-234')
  [1m[36mPlaceType Load (0.2ms)[0m  [1mselect * from place_types where name='Hut'[0m
  [1m[35mSQL (0.4ms)[0m  INSERT INTO "route_indices" ("created_at", "endplace_id", "isDest", "startplace_id", "updated_at", "url") VALUES ($1, $2, $3, $4, $5, $6) RETURNING "id"  [["created_at", Mon, 27 Oct 2014 10:08:04 NZDT +13:00], ["endplace_id", 650], ["isDest", true], ["startplace_id", 45], ["updated_at", Mon, 27 Oct 2014 10:08:04 NZDT +13:00], ["url", "xrv-231xrv-219xrv22xrv272xrv224xrv-237xrv-235xrv-234"]]
  [1m[36mPlace Load (0.3ms)[0m  [1mSELECT "places".* FROM "places" WHERE "places"."id" = 1128 LIMIT 1[0m
  [1m[35m (1.1ms)[0m  SELECT COUNT(*) FROM "route_indices" WHERE (url = 'xrv-231xrv-219xrv22xrv272xrv239xrv240xrv228xrv229xrv230')
  [1m[36mPlaceType Load (0.2ms)[0m  [1mselect * from place_types where name='Roadend'[0m
  [1m[35mSQL (0.4ms)[0m  INSERT INTO "route_indices" ("created_at", "endplace_id", "isDest", "startplace_id", "updated_at", "url") VALUES ($1, $2, $3, $4, $5, $6) RETURNING "id"  [["created_at", Mon, 27 Oct 2014 10:08:04 NZDT +13:00], ["endplace_id", 1128], ["isDest", true], ["startplace_id", 45], ["updated_at", Mon, 27 Oct 2014 10:08:04 NZDT +13:00], ["url", "xrv-231xrv-219xrv22xrv272xrv239xrv240xrv228xrv229xrv230"]]
  [1m[36mPlace Load (0.3ms)[0m  [1mSELECT "places".* FROM "places" WHERE "places"."id" = 207 LIMIT 1[0m
  [1m[35m (1.1ms)[0m  SELECT COUNT(*) FROM "route_indices" WHERE (url = 'xrv-231xrv-219xrv22xrv272xrv224xrv223xrv222xrv-238xrv-235')
  [1m[36mPlaceType Load (0.2ms)[0m  [1mselect * from place_types where name='Hut'[0m
  [1m[35mSQL (0.4ms)[0m  INSERT INTO "route_indices" ("created_at", "endplace_id", "isDest", "startplace_id", "updated_at", "url") VALUES ($1, $2, $3, $4, $5, $6) RETURNING "id"  [["created_at", Mon, 27 Oct 2014 10:08:04 NZDT +13:00], ["endplace_id", 207], ["isDest", true], ["startplace_id", 45], ["updated_at", Mon, 27 Oct 2014 10:08:04 NZDT +13:00], ["url", "xrv-231xrv-219xrv22xrv272xrv224xrv223xrv222xrv-238xrv-235"]]
  [1m[36mPlace Load (0.3ms)[0m  [1mSELECT "places".* FROM "places" WHERE "places"."id" = 1125 LIMIT 1[0m
  [1m[35m (1.1ms)[0m  SELECT COUNT(*) FROM "route_indices" WHERE (url = 'xrv-231xrv-219xrv22xrv272xrv224xrv-237xrv238xrv-222xrv225')
  [1m[36mPlaceType Load (0.3ms)[0m  [1mselect * from place_types where name='Campsite'[0m
  [1m[35mSQL (0.4ms)[0m  INSERT INTO "route_indices" ("created_at", "endplace_id", "isDest", "startplace_id", "updated_at", "url") VALUES ($1, $2, $3, $4, $5, $6) RETURNING "id"  [["created_at", Mon, 27 Oct 2014 10:08:04 NZDT +13:00], ["endplace_id", 1125], ["isDest", true], ["startplace_id", 45], ["updated_at", Mon, 27 Oct 2014 10:08:04 NZDT +13:00], ["url", "xrv-231xrv-219xrv22xrv272xrv224xrv-237xrv238xrv-222xrv225"]]
  [1m[36mPlace Load (0.3ms)[0m  [1mSELECT "places".* FROM "places" WHERE "places"."id" = 976 LIMIT 1[0m
  [1m[35m (1.3ms)[0m  SELECT COUNT(*) FROM "route_indices" WHERE (url = 'xrv-231xrv-219xrv22xrv272xrv224xrv223xrv222xrv221xrv21xrv220')
  [1m[36mPlaceType Load (0.2ms)[0m  [1mselect * from place_types where name='Summit'[0m
  [1m[35mSQL (0.4ms)[0m  INSERT INTO "route_indices" ("created_at", "endplace_id", "isDest", "startplace_id", "updated_at", "url") VALUES ($1, $2, $3, $4, $5, $6) RETURNING "id"  [["created_at", Mon, 27 Oct 2014 10:08:04 NZDT +13:00], ["endplace_id", 976], ["isDest", true], ["startplace_id", 45], ["updated_at", Mon, 27 Oct 2014 10:08:04 NZDT +13:00], ["url", "xrv-231xrv-219xrv22xrv272xrv224xrv223xrv222xrv221xrv21xrv220"]]
  [1m[36mPlace Load (0.3ms)[0m  [1mSELECT "places".* FROM "places" WHERE "places"."id" = 650 LIMIT 1[0m
  [1m[35m (1.1ms)[0m  SELECT COUNT(*) FROM "route_indices" WHERE (url = 'xrv-231xrv-219xrv22xrv272xrv224xrv223xrv222xrv-238xrv-235xrv-234')
  [1m[36mPlaceType Load (0.2ms)[0m  [1mselect * from place_types where name='Hut'[0m
  [1m[35mSQL (0.4ms)[0m  INSERT INTO "route_indices" ("created_at", "endplace_id", "isDest", "startplace_id", "updated_at", "url") VALUES ($1, $2, $3, $4, $5, $6) RETURNING "id"  [["created_at", Mon, 27 Oct 2014 10:08:04 NZDT +13:00], ["endplace_id", 650], ["isDest", true], ["startplace_id", 45], ["updated_at", Mon, 27 Oct 2014 10:08:04 NZDT +13:00], ["url", "xrv-231xrv-219xrv22xrv272xrv224xrv223xrv222xrv-238xrv-235xrv-234"]]
  [1m[36mPlace Load (0.3ms)[0m  [1mSELECT "places".* FROM "places" WHERE "places"."id" = 976 LIMIT 1[0m
  [1m[35m (1.1ms)[0m  SELECT COUNT(*) FROM "route_indices" WHERE (url = 'xrv-231xrv-219xrv22xrv272xrv224xrv-237xrv238xrv221xrv21xrv220')
  [1m[36mPlaceType Load (0.2ms)[0m  [1mselect * from place_types where name='Summit'[0m
  [1m[35mSQL (0.4ms)[0m  INSERT INTO "route_indices" ("created_at", "endplace_id", "isDest", "startplace_id", "updated_at", "url") VALUES ($1, $2, $3, $4, $5, $6) RETURNING "id"  [["created_at", Mon, 27 Oct 2014 10:08:04 NZDT +13:00], ["endplace_id", 976], ["isDest", true], ["startplace_id", 45], ["updated_at", Mon, 27 Oct 2014 10:08:04 NZDT +13:00], ["url", "xrv-231xrv-219xrv22xrv272xrv224xrv-237xrv238xrv221xrv21xrv220"]]
  [1m[36mPlace Load (0.3ms)[0m  [1mSELECT "places".* FROM "places" WHERE "places"."id" = 769 LIMIT 1[0m
  [1m[35m (1.1ms)[0m  SELECT COUNT(*) FROM "route_indices" WHERE (url = 'xrv-231xrv-219xrv22xrv272xrv224xrv-237xrv238xrv-222xrv225xrv226')
  [1m[36mPlaceType Load (0.2ms)[0m  [1mselect * from place_types where name='Hut'[0m
  [1m[35mSQL (0.4ms)[0m  INSERT INTO "route_indices" ("created_at", "endplace_id", "isDest", "startplace_id", "updated_at", "url") VALUES ($1, $2, $3, $4, $5, $6) RETURNING "id"  [["created_at", Mon, 27 Oct 2014 10:08:04 NZDT +13:00], ["endplace_id", 769], ["isDest", true], ["startplace_id", 45], ["updated_at", Mon, 27 Oct 2014 10:08:04 NZDT +13:00], ["url", "xrv-231xrv-219xrv22xrv272xrv224xrv-237xrv238xrv-222xrv225xrv226"]]
  [1m[36mPlace Load (0.3ms)[0m  [1mSELECT "places".* FROM "places" WHERE "places"."id" = 1132 LIMIT 1[0m
  [1m[35m (1.1ms)[0m  SELECT COUNT(*) FROM "route_indices" WHERE (url = 'xrv-231xrv-219xrv22xrv272xrv224xrv-237xrv-235xrv-243xrv-242xrv-241')
  [1m[36mPlaceType Load (0.3ms)[0m  [1mselect * from place_types where name='Campsite'[0m
  [1m[35mSQL (0.4ms)[0m  INSERT INTO "route_indices" ("created_at", "endplace_id", "isDest", "startplace_id", "updated_at", "url") VALUES ($1, $2, $3, $4, $5, $6) RETURNING "id"  [["created_at", Mon, 27 Oct 2014 10:08:04 NZDT +13:00], ["endplace_id", 1132], ["isDest", true], ["startplace_id", 45], ["updated_at", Mon, 27 Oct 2014 10:08:04 NZDT +13:00], ["url", "xrv-231xrv-219xrv22xrv272xrv224xrv-237xrv-235xrv-243xrv-242xrv-241"]]
  [1m[36mPlace Load (0.3ms)[0m  [1mSELECT "places".* FROM "places" WHERE "places"."id" = 419 LIMIT 1[0m
  [1m[35m (1.1ms)[0m  SELECT COUNT(*) FROM "route_indices" WHERE (url = 'xrv-231xrv-219xrv22xrv272xrv224xrv223xrv225xrv226xrv227xrv228xrv229')
  [1m[36mPlaceType Load (0.2ms)[0m  [1mselect * from place_types where name='Hut'[0m
  [1m[35mSQL (0.4ms)[0m  INSERT INTO "route_indices" ("created_at", "endplace_id", "isDest", "startplace_id", "updated_at", "url") VALUES ($1, $2, $3, $4, $5, $6) RETURNING "id"  [["created_at", Mon, 27 Oct 2014 10:08:04 NZDT +13:00], ["endplace_id", 419], ["isDest", true], ["startplace_id", 45], ["updated_at", Mon, 27 Oct 2014 10:08:04 NZDT +13:00], ["url", "xrv-231xrv-219xrv22xrv272xrv224xrv223xrv225xrv226xrv227xrv228xrv229"]]
  [1m[36mPlace Load (0.3ms)[0m  [1mSELECT "places".* FROM "places" WHERE "places"."id" = 1130 LIMIT 1[0m
  [1m[35m (1.1ms)[0m  SELECT COUNT(*) FROM "route_indices" WHERE (url = 'xrv-231xrv-219xrv22xrv272xrv224xrv223xrv225xrv226xrv227xrv-240')
  [1m[36mPlaceType Load (0.2ms)[0m  [1mselect * from place_types where name='Junction'[0m
  [1m[35mSQL (0.4ms)[0m  INSERT INTO "route_indices" ("created_at", "endplace_id", "isDest", "startplace_id", "updated_at", "url") VALUES ($1, $2, $3, $4, $5, $6) RETURNING "id"  [["created_at", Mon, 27 Oct 2014 10:08:04 NZDT +13:00], ["endplace_id", 1130], ["isDest", false], ["startplace_id", 45], ["updated_at", Mon, 27 Oct 2014 10:08:04 NZDT +13:00], ["url", "xrv-231xrv-219xrv22xrv272xrv224xrv223xrv225xrv226xrv227xrv-240"]]
  [1m[36mPlace Load (0.4ms)[0m  [1mSELECT "places".* FROM "places" WHERE "places"."id" = 207 LIMIT 1[0m
  [1m[35m (1.1ms)[0m  SELECT COUNT(*) FROM "route_indices" WHERE (url = 'xrv-231xrv-219xrv22xrv272xrv239xrv240xrv-227xrv-226xrv-225xrv222xrv-238xrv-235')
  [1m[36mPlaceType Load (0.2ms)[0m  [1mselect * from place_types where name='Hut'[0m
  [1m[35mSQL (0.4ms)[0m  INSERT INTO "route_indices" ("created_at", "endplace_id", "isDest", "startplace_id", "updated_at", "url") VALUES ($1, $2, $3, $4, $5, $6) RETURNING "id"  [["created_at", Mon, 27 Oct 2014 10:08:04 NZDT +13:00], ["endplace_id", 207], ["isDest", true], ["startplace_id", 45], ["updated_at", Mon, 27 Oct 2014 10:08:04 NZDT +13:00], ["url", "xrv-231xrv-219xrv22xrv272xrv239xrv240xrv-227xrv-226xrv-225xrv222xrv-238xrv-235"]]
  [1m[36mPlace Load (0.4ms)[0m  [1mSELECT "places".* FROM "places" WHERE "places"."id" = 207 LIMIT 1[0m
  [1m[35m (1.4ms)[0m  SELECT COUNT(*) FROM "route_indices" WHERE (url = 'xrv-231xrv-219xrv22xrv272xrv239xrv240xrv-227xrv-226xrv-225xrv-223xrv-237xrv-235')
  [1m[36mPlaceType Load (0.3ms)[0m  [1mselect * from place_types where name='Hut'[0m
  [1m[35mSQL (0.5ms)[0m  INSERT INTO "route_indices" ("created_at", "endplace_id", "isDest", "startplace_id", "updated_at", "url") VALUES ($1, $2, $3, $4, $5, $6) RETURNING "id"  [["created_at", Mon, 27 Oct 2014 10:08:04 NZDT +13:00], ["endplace_id", 207], ["isDest", true], ["startplace_id", 45], ["updated_at", Mon, 27 Oct 2014 10:08:04 NZDT +13:00], ["url", "xrv-231xrv-219xrv22xrv272xrv239xrv240xrv-227xrv-226xrv-225xrv-223xrv-237xrv-235"]]
  [1m[36mPlace Load (0.3ms)[0m  [1mSELECT "places".* FROM "places" WHERE "places"."id" = 1132 LIMIT 1[0m
  [1m[35m (1.2ms)[0m  SELECT COUNT(*) FROM "route_indices" WHERE (url = 'xrv-231xrv-219xrv22xrv272xrv224xrv223xrv222xrv-238xrv-235xrv-243xrv-242xrv-241')
  [1m[36mPlaceType Load (0.2ms)[0m  [1mselect * from place_types where name='Campsite'[0m
  [1m[35mSQL (0.4ms)[0m  INSERT INTO "route_indices" ("created_at", "endplace_id", "isDest", "startplace_id", "updated_at", "url") VALUES ($1, $2, $3, $4, $5, $6) RETURNING "id"  [["created_at", Mon, 27 Oct 2014 10:08:04 NZDT +13:00], ["endplace_id", 1132], ["isDest", true], ["startplace_id", 45], ["updated_at", Mon, 27 Oct 2014 10:08:04 NZDT +13:00], ["url", "xrv-231xrv-219xrv22xrv272xrv224xrv223xrv222xrv-238xrv-235xrv-243xrv-242xrv-241"]]
  [1m[36mPlace Load (0.3ms)[0m  [1mSELECT "places".* FROM "places" WHERE "places"."id" = 1128 LIMIT 1[0m
  [1m[35m (1.1ms)[0m  SELECT COUNT(*) FROM "route_indices" WHERE (url = 'xrv-231xrv-219xrv22xrv272xrv224xrv223xrv225xrv226xrv227xrv228xrv229xrv230')
  [1m[36mPlaceType Load (0.2ms)[0m  [1mselect * from place_types where name='Roadend'[0m
  [1m[35mSQL (0.4ms)[0m  INSERT INTO "route_indices" ("created_at", "endplace_id", "isDest", "startplace_id", "updated_at", "url") VALUES ($1, $2, $3, $4, $5, $6) RETURNING "id"  [["created_at", Mon, 27 Oct 2014 10:08:04 NZDT +13:00], ["endplace_id", 1128], ["isDest", true], ["startplace_id", 45], ["updated_at", Mon, 27 Oct 2014 10:08:04 NZDT +13:00], ["url", "xrv-231xrv-219xrv22xrv272xrv224xrv223xrv225xrv226xrv227xrv228xrv229xrv230"]]
  [1m[36mPlace Load (0.3ms)[0m  [1mSELECT "places".* FROM "places" WHERE "places"."id" = 976 LIMIT 1[0m
  [1m[35m (1.1ms)[0m  SELECT COUNT(*) FROM "route_indices" WHERE (url = 'xrv-231xrv-219xrv22xrv272xrv239xrv240xrv-227xrv-226xrv-225xrv222xrv221xrv21xrv220')
  [1m[36mPlaceType Load (0.2ms)[0m  [1mselect * from place_types where name='Summit'[0m
  [1m[35mSQL (0.4ms)[0m  INSERT INTO "route_indices" ("created_at", "endplace_id", "isDest", "startplace_id", "updated_at", "url") VALUES ($1, $2, $3, $4, $5, $6) RETURNING "id"  [["created_at", Mon, 27 Oct 2014 10:08:04 NZDT +13:00], ["endplace_id", 976], ["isDest", true], ["startplace_id", 45], ["updated_at", Mon, 27 Oct 2014 10:08:04 NZDT +13:00], ["url", "xrv-231xrv-219xrv22xrv272xrv239xrv240xrv-227xrv-226xrv-225xrv222xrv221xrv21xrv220"]]
  [1m[36mPlace Load (0.3ms)[0m  [1mSELECT "places".* FROM "places" WHERE "places"."id" = 1124 LIMIT 1[0m
  [1m[35m (1.1ms)[0m  SELECT COUNT(*) FROM "route_indices" WHERE (url = 'xrv-231xrv-219xrv22xrv272xrv239xrv240xrv-227xrv-226xrv-225xrv222xrv-238xrv237')
  [1m[36mPlaceType Load (0.2ms)[0m  [1mselect * from place_types where name='Junction'[0m
  [1m[35mSQL (0.4ms)[0m  INSERT INTO "route_indices" ("created_at", "endplace_id", "isDest", "startplace_id", "updated_at", "url") VALUES ($1, $2, $3, $4, $5, $6) RETURNING "id"  [["created_at", Mon, 27 Oct 2014 10:08:04 NZDT +13:00], ["endplace_id", 1124], ["isDest", false], ["startplace_id", 45], ["updated_at", Mon, 27 Oct 2014 10:08:04 NZDT +13:00], ["url", "xrv-231xrv-219xrv22xrv272xrv239xrv240xrv-227xrv-226xrv-225xrv222xrv-238xrv237"]]
  [1m[36mPlace Load (0.3ms)[0m  [1mSELECT "places".* FROM "places" WHERE "places"."id" = 650 LIMIT 1[0m
  [1m[35m (1.1ms)[0m  SELECT COUNT(*) FROM "route_indices" WHERE (url = 'xrv-231xrv-219xrv22xrv272xrv239xrv240xrv-227xrv-226xrv-225xrv222xrv-238xrv-235xrv-234')
  [1m[36mPlaceType Load (0.2ms)[0m  [1mselect * from place_types where name='Hut'[0m
  [1m[35mSQL (0.4ms)[0m  INSERT INTO "route_indices" ("created_at", "endplace_id", "isDest", "startplace_id", "updated_at", "url") VALUES ($1, $2, $3, $4, $5, $6) RETURNING "id"  [["created_at", Mon, 27 Oct 2014 10:08:04 NZDT +13:00], ["endplace_id", 650], ["isDest", true], ["startplace_id", 45], ["updated_at", Mon, 27 Oct 2014 10:08:04 NZDT +13:00], ["url", "xrv-231xrv-219xrv22xrv272xrv239xrv240xrv-227xrv-226xrv-225xrv222xrv-238xrv-235xrv-234"]]
  [1m[36mPlace Load (0.3ms)[0m  [1mSELECT "places".* FROM "places" WHERE "places"."id" = 650 LIMIT 1[0m
  [1m[35m (1.1ms)[0m  SELECT COUNT(*) FROM "route_indices" WHERE (url = 'xrv-231xrv-219xrv22xrv272xrv239xrv240xrv-227xrv-226xrv-225xrv-223xrv-237xrv-235xrv-234')
  [1m[36mPlaceType Load (0.2ms)[0m  [1mselect * from place_types where name='Hut'[0m
  [1m[35mSQL (0.4ms)[0m  INSERT INTO "route_indices" ("created_at", "endplace_id", "isDest", "startplace_id", "updated_at", "url") VALUES ($1, $2, $3, $4, $5, $6) RETURNING "id"  [["created_at", Mon, 27 Oct 2014 10:08:04 NZDT +13:00], ["endplace_id", 650], ["isDest", true], ["startplace_id", 45], ["updated_at", Mon, 27 Oct 2014 10:08:04 NZDT +13:00], ["url", "xrv-231xrv-219xrv22xrv272xrv239xrv240xrv-227xrv-226xrv-225xrv-223xrv-237xrv-235xrv-234"]]
  [1m[36mPlace Load (0.3ms)[0m  [1mSELECT "places".* FROM "places" WHERE "places"."id" = 419 LIMIT 1[0m
  [1m[35m (1.1ms)[0m  SELECT COUNT(*) FROM "route_indices" WHERE (url = 'xrv-231xrv-219xrv22xrv272xrv224xrv-237xrv238xrv-222xrv225xrv226xrv227xrv228xrv229')
  [1m[36mPlaceType Load (0.2ms)[0m  [1mselect * from place_types where name='Hut'[0m
  [1m[35mSQL (0.4ms)[0m  INSERT INTO "route_indices" ("created_at", "endplace_id", "isDest", "startplace_id", "updated_at", "url") VALUES ($1, $2, $3, $4, $5, $6) RETURNING "id"  [["created_at", Mon, 27 Oct 2014 10:08:04 NZDT +13:00], ["endplace_id", 419], ["isDest", true], ["startplace_id", 45], ["updated_at", Mon, 27 Oct 2014 10:08:04 NZDT +13:00], ["url", "xrv-231xrv-219xrv22xrv272xrv224xrv-237xrv238xrv-222xrv225xrv226xrv227xrv228xrv229"]]
  [1m[36mPlace Load (0.3ms)[0m  [1mSELECT "places".* FROM "places" WHERE "places"."id" = 1130 LIMIT 1[0m
  [1m[35m (1.1ms)[0m  SELECT COUNT(*) FROM "route_indices" WHERE (url = 'xrv-231xrv-219xrv22xrv272xrv224xrv-237xrv238xrv-222xrv225xrv226xrv227xrv-240')
  [1m[36mPlaceType Load (0.2ms)[0m  [1mselect * from place_types where name='Junction'[0m
  [1m[35mSQL (0.4ms)[0m  INSERT INTO "route_indices" ("created_at", "endplace_id", "isDest", "startplace_id", "updated_at", "url") VALUES ($1, $2, $3, $4, $5, $6) RETURNING "id"  [["created_at", Mon, 27 Oct 2014 10:08:04 NZDT +13:00], ["endplace_id", 1130], ["isDest", false], ["startplace_id", 45], ["updated_at", Mon, 27 Oct 2014 10:08:04 NZDT +13:00], ["url", "xrv-231xrv-219xrv22xrv272xrv224xrv-237xrv238xrv-222xrv225xrv226xrv227xrv-240"]]
  [1m[36mPlace Load (0.3ms)[0m  [1mSELECT "places".* FROM "places" WHERE "places"."id" = 1128 LIMIT 1[0m
  [1m[35m (1.2ms)[0m  SELECT COUNT(*) FROM "route_indices" WHERE (url = 'xrv-231xrv-219xrv22xrv272xrv224xrv-237xrv238xrv-222xrv225xrv226xrv227xrv228xrv229xrv230')
  [1m[36mPlaceType Load (0.2ms)[0m  [1mselect * from place_types where name='Roadend'[0m
  [1m[35mSQL (0.4ms)[0m  INSERT INTO "route_indices" ("created_at", "endplace_id", "isDest", "startplace_id", "updated_at", "url") VALUES ($1, $2, $3, $4, $5, $6) RETURNING "id"  [["created_at", Mon, 27 Oct 2014 10:08:04 NZDT +13:00], ["endplace_id", 1128], ["isDest", true], ["startplace_id", 45], ["updated_at", Mon, 27 Oct 2014 10:08:04 NZDT +13:00], ["url", "xrv-231xrv-219xrv22xrv272xrv224xrv-237xrv238xrv-222xrv225xrv226xrv227xrv228xrv229xrv230"]]
  [1m[36mPlace Load (0.4ms)[0m  [1mSELECT "places".* FROM "places" WHERE "places"."id" = 1132 LIMIT 1[0m
  [1m[35m (1.2ms)[0m  SELECT COUNT(*) FROM "route_indices" WHERE (url = 'xrv-231xrv-219xrv22xrv272xrv239xrv240xrv-227xrv-226xrv-225xrv222xrv-238xrv-235xrv-243xrv-242xrv-241')
  [1m[36mPlaceType Load (0.2ms)[0m  [1mselect * from place_types where name='Campsite'[0m
  [1m[35mSQL (0.5ms)[0m  INSERT INTO "route_indices" ("created_at", "endplace_id", "isDest", "startplace_id", "updated_at", "url") VALUES ($1, $2, $3, $4, $5, $6) RETURNING "id"  [["created_at", Mon, 27 Oct 2014 10:08:04 NZDT +13:00], ["endplace_id", 1132], ["isDest", true], ["startplace_id", 45], ["updated_at", Mon, 27 Oct 2014 10:08:04 NZDT +13:00], ["url", "xrv-231xrv-219xrv22xrv272xrv239xrv240xrv-227xrv-226xrv-225xrv222xrv-238xrv-235xrv-243xrv-242xrv-241"]]
  [1m[36mPlace Load (0.3ms)[0m  [1mSELECT "places".* FROM "places" WHERE "places"."id" = 976 LIMIT 1[0m
  [1m[35m (1.2ms)[0m  SELECT COUNT(*) FROM "route_indices" WHERE (url = 'xrv-231xrv-219xrv22xrv272xrv239xrv240xrv-227xrv-226xrv-225xrv-223xrv-237xrv238xrv221xrv21xrv220')
  [1m[36mPlaceType Load (0.2ms)[0m  [1mselect * from place_types where name='Summit'[0m
  [1m[35mSQL (0.4ms)[0m  INSERT INTO "route_indices" ("created_at", "endplace_id", "isDest", "startplace_id", "updated_at", "url") VALUES ($1, $2, $3, $4, $5, $6) RETURNING "id"  [["created_at", Mon, 27 Oct 2014 10:08:04 NZDT +13:00], ["endplace_id", 976], ["isDest", true], ["startplace_id", 45], ["updated_at", Mon, 27 Oct 2014 10:08:04 NZDT +13:00], ["url", "xrv-231xrv-219xrv22xrv272xrv239xrv240xrv-227xrv-226xrv-225xrv-223xrv-237xrv238xrv221xrv21xrv220"]]
  [1m[36mPlace Load (0.3ms)[0m  [1mSELECT "places".* FROM "places" WHERE "places"."id" = 1132 LIMIT 1[0m
  [1m[35m (1.2ms)[0m  SELECT COUNT(*) FROM "route_indices" WHERE (url = 'xrv-231xrv-219xrv22xrv272xrv239xrv240xrv-227xrv-226xrv-225xrv-223xrv-237xrv-235xrv-243xrv-242xrv-241')
  [1m[36mPlaceType Load (0.2ms)[0m  [1mselect * from place_types where name='Campsite'[0m
  [1m[35mSQL (0.5ms)[0m  INSERT INTO "route_indices" ("created_at", "endplace_id", "isDest", "startplace_id", "updated_at", "url") VALUES ($1, $2, $3, $4, $5, $6) RETURNING "id"  [["created_at", Mon, 27 Oct 2014 10:08:04 NZDT +13:00], ["endplace_id", 1132], ["isDest", true], ["startplace_id", 45], ["updated_at", Mon, 27 Oct 2014 10:08:04 NZDT +13:00], ["url", "xrv-231xrv-219xrv22xrv272xrv239xrv240xrv-227xrv-226xrv-225xrv-223xrv-237xrv-235xrv-243xrv-242xrv-241"]]
  [1m[36mPlace Load (0.3ms)[0m  [1mSELECT "places".* FROM "places" WHERE "places"."id" = 650 LIMIT 1[0m
  [1m[35mPlaceType Load (0.2ms)[0m  select name, "isDest" from place_types
  [1m[36mRoute Load (0.4ms)[0m  [1mSELECT "routes".* FROM "routes" WHERE "routes"."id" = 231 LIMIT 1[0m
  [1m[35mPlace Load (0.2ms)[0m  SELECT "places".* FROM "places" WHERE "places"."id" = $1 LIMIT 1  [["id", 45]]
  [1m[36mPlace Load (0.2ms)[0m  [1mSELECT "places".* FROM "places" WHERE "places"."id" = $1 LIMIT 1[0m  [["id", 976]]
  [1m[35mRoute Load (0.3ms)[0m  SELECT "routes".* FROM "routes" WHERE "routes"."id" = 219 LIMIT 1
  [1m[36mCACHE (0.0ms)[0m  [1mSELECT "places".* FROM "places" WHERE "places"."id" = $1 LIMIT 1[0m  [["id", 976]]
  [1m[35mPlace Load (0.3ms)[0m  SELECT "places".* FROM "places" WHERE "places"."id" = $1 LIMIT 1  [["id", 1119]]
  [1m[36mRoute Load (0.5ms)[0m  [1mSELECT "routes".* FROM "routes" WHERE "routes"."id" = 22 LIMIT 1[0m
  [1m[35mRoute Load (0.3ms)[0m  SELECT "routes".* FROM "routes" WHERE "routes"."id" = 272 LIMIT 1
  [1m[36mPlace Load (0.3ms)[0m  [1mSELECT "places".* FROM "places" WHERE "places"."id" = 974 LIMIT 1[0m
  [1m[35mCACHE (0.0ms)[0m  SELECT "places".* FROM "places" WHERE "places"."id" = 974 LIMIT 1
  [1m[36mRoute Load (0.4ms)[0m  [1mselect * from routes where startplace_id = 974[0m
  [1m[35mRoute Load (0.3ms)[0m  select * from routes where endplace_id = 974
  [1m[36mPlace Load (0.2ms)[0m  [1mSELECT "places".* FROM "places" WHERE "places"."id" = $1 LIMIT 1[0m  [["id", 974]]
  [1m[35mPlace Load (0.2ms)[0m  SELECT "places".* FROM "places" WHERE "places"."id" = $1 LIMIT 1  [["id", 471]]
  [1m[36mPlace Load (0.2ms)[0m  [1mSELECT "places".* FROM "places" WHERE "places"."id" = $1 LIMIT 1[0m  [["id", 1130]]
  [1m[35mPlace Load (0.2ms)[0m  SELECT "places".* FROM "places" WHERE "places"."id" = $1 LIMIT 1  [["id", 1124]]
  [1m[36mPlace Load (0.3ms)[0m  [1mSELECT "places".* FROM "places" WHERE "places"."id" = 1130 LIMIT 1[0m
  [1m[35mRoute Load (0.3ms)[0m  select * from routes where startplace_id = 1130
  [1m[36mRoute Load (0.3ms)[0m  [1mselect * from routes where endplace_id = 1130[0m
  [1m[35mCACHE (0.0ms)[0m  SELECT "places".* FROM "places" WHERE "places"."id" = $1 LIMIT 1  [["id", 1130]]
  [1m[36mCACHE (0.0ms)[0m  [1mSELECT "places".* FROM "places" WHERE "places"."id" = $1 LIMIT 1[0m  [["id", 974]]
  [1m[35mPlace Load (0.2ms)[0m  SELECT "places".* FROM "places" WHERE "places"."id" = $1 LIMIT 1  [["id", 1126]]
  [1m[36mPlace Load (0.3ms)[0m  [1mSELECT "places".* FROM "places" WHERE "places"."id" = 1124 LIMIT 1[0m
  [1m[35mRoute Load (0.3ms)[0m  select * from routes where startplace_id = 1124
  [1m[36mRoute Load (0.3ms)[0m  [1mselect * from routes where endplace_id = 1124[0m
  [1m[35mCACHE (0.0ms)[0m  SELECT "places".* FROM "places" WHERE "places"."id" = $1 LIMIT 1  [["id", 1124]]
  [1m[36mPlace Load (0.2ms)[0m  [1mSELECT "places".* FROM "places" WHERE "places"."id" = $1 LIMIT 1[0m  [["id", 1129]]
  [1m[35mCACHE (0.0ms)[0m  SELECT "places".* FROM "places" WHERE "places"."id" = $1 LIMIT 1  [["id", 1124]]
  [1m[36mCACHE (0.0ms)[0m  [1mSELECT "places".* FROM "places" WHERE "places"."id" = $1 LIMIT 1[0m  [["id", 974]]
  [1m[35mPlace Load (0.2ms)[0m  SELECT "places".* FROM "places" WHERE "places"."id" = $1 LIMIT 1  [["id", 1123]]
  [1m[36mPlace Load (0.3ms)[0m  [1mSELECT "places".* FROM "places" WHERE "places"."id" = 1126 LIMIT 1[0m
  [1m[35mRoute Load (0.3ms)[0m  select * from routes where startplace_id = 1126
  [1m[36mRoute Load (0.3ms)[0m  [1mselect * from routes where endplace_id = 1126[0m
  [1m[35mCACHE (0.0ms)[0m  SELECT "places".* FROM "places" WHERE "places"."id" = $1 LIMIT 1  [["id", 1126]]
  [1m[36mCACHE (0.0ms)[0m  [1mSELECT "places".* FROM "places" WHERE "places"."id" = $1 LIMIT 1[0m  [["id", 1130]]
  [1m[35mCACHE (0.0ms)[0m  SELECT "places".* FROM "places" WHERE "places"."id" = $1 LIMIT 1  [["id", 1126]]
  [1m[36mPlace Load (0.2ms)[0m  [1mSELECT "places".* FROM "places" WHERE "places"."id" = $1 LIMIT 1[0m  [["id", 769]]
  [1m[35mPlace Load (0.2ms)[0m  SELECT "places".* FROM "places" WHERE "places"."id" = $1 LIMIT 1  [["id", 1127]]
  [1m[36mPlace Load (0.3ms)[0m  [1mSELECT "places".* FROM "places" WHERE "places"."id" = 1123 LIMIT 1[0m
  [1m[35mRoute Load (0.3ms)[0m  select * from routes where startplace_id = 1123
  [1m[36mRoute Load (0.3ms)[0m  [1mselect * from routes where endplace_id = 1123[0m
  [1m[35mCACHE (0.0ms)[0m  SELECT "places".* FROM "places" WHERE "places"."id" = $1 LIMIT 1  [["id", 1123]]
  [1m[36mCACHE (0.0ms)[0m  [1mSELECT "places".* FROM "places" WHERE "places"."id" = $1 LIMIT 1[0m  [["id", 1124]]
  [1m[35mPlace Load (0.4ms)[0m  SELECT "places".* FROM "places" WHERE "places"."id" = $1 LIMIT 1  [["id", 975]]
  [1m[36mPlace Load (0.2ms)[0m  [1mSELECT "places".* FROM "places" WHERE "places"."id" = $1 LIMIT 1[0m  [["id", 1125]]
  [1m[35mPlace Load (0.4ms)[0m  SELECT "places".* FROM "places" WHERE "places"."id" = 1129 LIMIT 1
  [1m[36mRoute Load (0.4ms)[0m  [1mselect * from routes where startplace_id = 1129[0m
  [1m[35mRoute Load (0.3ms)[0m  select * from routes where endplace_id = 1129
  [1m[36mCACHE (0.0ms)[0m  [1mSELECT "places".* FROM "places" WHERE "places"."id" = $1 LIMIT 1[0m  [["id", 1129]]
  [1m[35mPlace Load (0.2ms)[0m  SELECT "places".* FROM "places" WHERE "places"."id" = $1 LIMIT 1  [["id", 207]]
  [1m[36mCACHE (0.0ms)[0m  [1mSELECT "places".* FROM "places" WHERE "places"."id" = $1 LIMIT 1[0m  [["id", 1124]]
  [1m[35mCACHE (0.0ms)[0m  SELECT "places".* FROM "places" WHERE "places"."id" = $1 LIMIT 1  [["id", 975]]
  [1m[36mPlace Load (0.3ms)[0m  [1mSELECT "places".* FROM "places" WHERE "places"."id" = 1127 LIMIT 1[0m
  [1m[35mRoute Load (0.3ms)[0m  select * from routes where startplace_id = 1127
  [1m[36mRoute Load (0.3ms)[0m  [1mselect * from routes where endplace_id = 1127[0m
  [1m[35mCACHE (0.0ms)[0m  SELECT "places".* FROM "places" WHERE "places"."id" = $1 LIMIT 1  [["id", 1127]]
  [1m[36mCACHE (0.0ms)[0m  [1mSELECT "places".* FROM "places" WHERE "places"."id" = $1 LIMIT 1[0m  [["id", 1126]]
  [1m[35mPlace Load (0.2ms)[0m  SELECT "places".* FROM "places" WHERE "places"."id" = $1 LIMIT 1  [["id", 419]]
  [1m[36mPlace Load (0.3ms)[0m  [1mSELECT "places".* FROM "places" WHERE "places"."id" = 769 LIMIT 1[0m
  [1m[35mRoute Load (0.3ms)[0m  select * from routes where startplace_id = 769
  [1m[36mRoute Load (0.3ms)[0m  [1mselect * from routes where endplace_id = 769[0m
  [1m[35mCACHE (0.0ms)[0m  SELECT "places".* FROM "places" WHERE "places"."id" = $1 LIMIT 1  [["id", 769]]
  [1m[36mCACHE (0.0ms)[0m  [1mSELECT "places".* FROM "places" WHERE "places"."id" = $1 LIMIT 1[0m  [["id", 1125]]
  [1m[35mCACHE (0.0ms)[0m  SELECT "places".* FROM "places" WHERE "places"."id" = $1 LIMIT 1  [["id", 1126]]
  [1m[36mPlace Load (0.3ms)[0m  [1mSELECT "places".* FROM "places" WHERE "places"."id" = 975 LIMIT 1[0m
  [1m[35mRoute Load (0.3ms)[0m  select * from routes where startplace_id = 975
  [1m[36mRoute Load (0.3ms)[0m  [1mselect * from routes where endplace_id = 975[0m
  [1m[35mCACHE (0.0ms)[0m  SELECT "places".* FROM "places" WHERE "places"."id" = $1 LIMIT 1  [["id", 975]]
  [1m[36mCACHE (0.0ms)[0m  [1mSELECT "places".* FROM "places" WHERE "places"."id" = $1 LIMIT 1[0m  [["id", 1129]]
  [1m[35mCACHE (0.0ms)[0m  SELECT "places".* FROM "places" WHERE "places"."id" = $1 LIMIT 1  [["id", 975]]
  [1m[36mCACHE (0.0ms)[0m  [1mSELECT "places".* FROM "places" WHERE "places"."id" = $1 LIMIT 1[0m  [["id", 1123]]
  [1m[35mPlace Load (0.2ms)[0m  SELECT "places".* FROM "places" WHERE "places"."id" = $1 LIMIT 1  [["id", 1122]]
  [1m[36mPlace Load (0.3ms)[0m  [1mSELECT "places".* FROM "places" WHERE "places"."id" = 1125 LIMIT 1[0m
  [1m[35mRoute Load (0.3ms)[0m  select * from routes where startplace_id = 1125
  [1m[36mRoute Load (0.3ms)[0m  [1mselect * from routes where endplace_id = 1125[0m
  [1m[35mCACHE (0.0ms)[0m  SELECT "places".* FROM "places" WHERE "places"."id" = $1 LIMIT 1  [["id", 1125]]
  [1m[36mCACHE (0.0ms)[0m  [1mSELECT "places".* FROM "places" WHERE "places"."id" = $1 LIMIT 1[0m  [["id", 1123]]
  [1m[35mCACHE (0.0ms)[0m  SELECT "places".* FROM "places" WHERE "places"."id" = $1 LIMIT 1  [["id", 769]]
  [1m[36mCACHE (0.0ms)[0m  [1mSELECT "places".* FROM "places" WHERE "places"."id" = 975 LIMIT 1[0m
  [1m[35mCACHE (0.0ms)[0m  select * from routes where startplace_id = 975
  [1m[36mCACHE (0.0ms)[0m  [1mselect * from routes where endplace_id = 975[0m
  [1m[35mCACHE (0.0ms)[0m  SELECT "places".* FROM "places" WHERE "places"."id" = $1 LIMIT 1  [["id", 975]]
  [1m[36mCACHE (0.0ms)[0m  [1mSELECT "places".* FROM "places" WHERE "places"."id" = $1 LIMIT 1[0m  [["id", 1129]]
  [1m[35mCACHE (0.0ms)[0m  SELECT "places".* FROM "places" WHERE "places"."id" = $1 LIMIT 1  [["id", 975]]
  [1m[36mCACHE (0.0ms)[0m  [1mSELECT "places".* FROM "places" WHERE "places"."id" = $1 LIMIT 1[0m  [["id", 1123]]
  [1m[35mCACHE (0.0ms)[0m  SELECT "places".* FROM "places" WHERE "places"."id" = $1 LIMIT 1  [["id", 1122]]
  [1m[36mPlace Load (0.4ms)[0m  [1mSELECT "places".* FROM "places" WHERE "places"."id" = 207 LIMIT 1[0m
  [1m[35mRoute Load (0.3ms)[0m  select * from routes where startplace_id = 207
  [1m[36mRoute Load (0.4ms)[0m  [1mselect * from routes where endplace_id = 207[0m
  [1m[35mCACHE (0.0ms)[0m  SELECT "places".* FROM "places" WHERE "places"."id" = $1 LIMIT 1  [["id", 207]]
  [1m[36mPlace Load (0.3ms)[0m  [1mSELECT "places".* FROM "places" WHERE "places"."id" = $1 LIMIT 1[0m  [["id", 650]]
  [1m[35mCACHE (0.0ms)[0m  SELECT "places".* FROM "places" WHERE "places"."id" = $1 LIMIT 1  [["id", 207]]
  [1m[36mPlace Load (0.3ms)[0m  [1mSELECT "places".* FROM "places" WHERE "places"."id" = $1 LIMIT 1[0m  [["id", 1133]]
  [1m[35mCACHE (0.0ms)[0m  SELECT "places".* FROM "places" WHERE "places"."id" = $1 LIMIT 1  [["id", 1129]]
  [1m[36mPlace Load (0.4ms)[0m  [1mSELECT "places".* FROM "places" WHERE "places"."id" = 419 LIMIT 1[0m
  [1m[35mRoute Load (0.4ms)[0m  select * from routes where startplace_id = 419
  [1m[36mRoute Load (0.3ms)[0m  [1mselect * from routes where endplace_id = 419[0m
  [1m[35mCACHE (0.0ms)[0m  SELECT "places".* FROM "places" WHERE "places"."id" = $1 LIMIT 1  [["id", 419]]
  [1m[36mCACHE (0.0ms)[0m  [1mSELECT "places".* FROM "places" WHERE "places"."id" = $1 LIMIT 1[0m  [["id", 1127]]
  [1m[35mPlace Load (0.3ms)[0m  SELECT "places".* FROM "places" WHERE "places"."id" = $1 LIMIT 1  [["id", 1128]]
  [1m[36mCACHE (0.0ms)[0m  [1mSELECT "places".* FROM "places" WHERE "places"."id" = 1125 LIMIT 1[0m
  [1m[35mCACHE (0.0ms)[0m  select * from routes where startplace_id = 1125
  [1m[36mCACHE (0.0ms)[0m  [1mselect * from routes where endplace_id = 1125[0m
  [1m[35mCACHE (0.0ms)[0m  SELECT "places".* FROM "places" WHERE "places"."id" = $1 LIMIT 1  [["id", 1125]]
  [1m[36mCACHE (0.0ms)[0m  [1mSELECT "places".* FROM "places" WHERE "places"."id" = $1 LIMIT 1[0m  [["id", 1123]]
  [1m[35mCACHE (0.0ms)[0m  SELECT "places".* FROM "places" WHERE "places"."id" = $1 LIMIT 1  [["id", 769]]
  [1m[36mPlace Load (0.5ms)[0m  [1mSELECT "places".* FROM "places" WHERE "places"."id" = 1122 LIMIT 1[0m
  [1m[35mRoute Load (0.3ms)[0m  select * from routes where startplace_id = 1122
  [1m[36mRoute Load (0.3ms)[0m  [1mselect * from routes where endplace_id = 1122[0m
  [1m[35mCACHE (0.1ms)[0m  SELECT "places".* FROM "places" WHERE "places"."id" = $1 LIMIT 1  [["id", 1122]]
  [1m[36mCACHE (0.0ms)[0m  [1mSELECT "places".* FROM "places" WHERE "places"."id" = $1 LIMIT 1[0m  [["id", 975]]
  [1m[35mPlace Load (0.3ms)[0m  SELECT "places".* FROM "places" WHERE "places"."id" = $1 LIMIT 1  [["id", 1121]]
  [1m[36mCACHE (0.0ms)[0m  [1mSELECT "places".* FROM "places" WHERE "places"."id" = 1129 LIMIT 1[0m
  [1m[35mCACHE (0.0ms)[0m  select * from routes where startplace_id = 1129
  [1m[36mCACHE (0.0ms)[0m  [1mselect * from routes where endplace_id = 1129[0m
  [1m[35mCACHE (0.0ms)[0m  SELECT "places".* FROM "places" WHERE "places"."id" = $1 LIMIT 1  [["id", 1129]]
  [1m[36mCACHE (0.0ms)[0m  [1mSELECT "places".* FROM "places" WHERE "places"."id" = $1 LIMIT 1[0m  [["id", 207]]
  [1m[35mCACHE (0.0ms)[0m  SELECT "places".* FROM "places" WHERE "places"."id" = $1 LIMIT 1  [["id", 1124]]
  [1m[36mCACHE (0.0ms)[0m  [1mSELECT "places".* FROM "places" WHERE "places"."id" = $1 LIMIT 1[0m  [["id", 975]]
  [1m[35mCACHE (0.0ms)[0m  SELECT "places".* FROM "places" WHERE "places"."id" = 769 LIMIT 1
  [1m[36mCACHE (0.0ms)[0m  [1mselect * from routes where startplace_id = 769[0m
  [1m[35mCACHE (0.0ms)[0m  select * from routes where endplace_id = 769
  [1m[36mCACHE (0.0ms)[0m  [1mSELECT "places".* FROM "places" WHERE "places"."id" = $1 LIMIT 1[0m  [["id", 769]]
  [1m[35mCACHE (0.0ms)[0m  SELECT "places".* FROM "places" WHERE "places"."id" = $1 LIMIT 1  [["id", 1125]]
  [1m[36mCACHE (0.0ms)[0m  [1mSELECT "places".* FROM "places" WHERE "places"."id" = $1 LIMIT 1[0m  [["id", 1126]]
  [1m[35mCACHE (0.0ms)[0m  SELECT "places".* FROM "places" WHERE "places"."id" = 1122 LIMIT 1
  [1m[36mCACHE (0.0ms)[0m  [1mselect * from routes where startplace_id = 1122[0m
  [1m[35mCACHE (0.0ms)[0m  select * from routes where endplace_id = 1122
  [1m[36mCACHE (0.0ms)[0m  [1mSELECT "places".* FROM "places" WHERE "places"."id" = $1 LIMIT 1[0m  [["id", 1122]]
  [1m[35mCACHE (0.0ms)[0m  SELECT "places".* FROM "places" WHERE "places"."id" = $1 LIMIT 1  [["id", 975]]
  [1m[36mCACHE (0.0ms)[0m  [1mSELECT "places".* FROM "places" WHERE "places"."id" = $1 LIMIT 1[0m  [["id", 1121]]
  [1m[35mCACHE (0.0ms)[0m  SELECT "places".* FROM "places" WHERE "places"."id" = 1123 LIMIT 1
  [1m[36mCACHE (0.0ms)[0m  [1mselect * from routes where startplace_id = 1123[0m
  [1m[35mCACHE (0.0ms)[0m  select * from routes where endplace_id = 1123
  [1m[36mCACHE (0.0ms)[0m  [1mSELECT "places".* FROM "places" WHERE "places"."id" = $1 LIMIT 1[0m  [["id", 1123]]
  [1m[35mCACHE (0.0ms)[0m  SELECT "places".* FROM "places" WHERE "places"."id" = $1 LIMIT 1  [["id", 1124]]
  [1m[36mCACHE (0.0ms)[0m  [1mSELECT "places".* FROM "places" WHERE "places"."id" = $1 LIMIT 1[0m  [["id", 975]]
  [1m[35mCACHE (0.0ms)[0m  SELECT "places".* FROM "places" WHERE "places"."id" = $1 LIMIT 1  [["id", 1125]]
  [1m[36mPlace Load (0.7ms)[0m  [1mSELECT "places".* FROM "places" WHERE "places"."id" = 1133 LIMIT 1[0m
  [1m[35mRoute Load (0.4ms)[0m  select * from routes where startplace_id = 1133
  [1m[36mRoute Load (0.3ms)[0m  [1mselect * from routes where endplace_id = 1133[0m
  [1m[35mCACHE (0.0ms)[0m  SELECT "places".* FROM "places" WHERE "places"."id" = $1 LIMIT 1  [["id", 1133]]
  [1m[36mPlace Load (0.3ms)[0m  [1mSELECT "places".* FROM "places" WHERE "places"."id" = $1 LIMIT 1[0m  [["id", 1131]]
  [1m[35mCACHE (0.1ms)[0m  SELECT "places".* FROM "places" WHERE "places"."id" = $1 LIMIT 1  [["id", 207]]
  [1m[36mPlace Load (0.3ms)[0m  [1mSELECT "places".* FROM "places" WHERE "places"."id" = 1128 LIMIT 1[0m
  [1m[35mRoute Load (0.3ms)[0m  select * from routes where startplace_id = 1128
  [1m[36mRoute Load (0.3ms)[0m  [1mselect * from routes where endplace_id = 1128[0m
  [1m[35mCACHE (0.0ms)[0m  SELECT "places".* FROM "places" WHERE "places"."id" = $1 LIMIT 1  [["id", 1128]]
  [1m[36mCACHE (0.0ms)[0m  [1mSELECT "places".* FROM "places" WHERE "places"."id" = $1 LIMIT 1[0m  [["id", 419]]
  [1m[35mCACHE (0.0ms)[0m  SELECT "places".* FROM "places" WHERE "places"."id" = 1123 LIMIT 1
  [1m[36mCACHE (0.0ms)[0m  [1mselect * from routes where startplace_id = 1123[0m
  [1m[35mCACHE (0.0ms)[0m  select * from routes where endplace_id = 1123
  [1m[36mCACHE (0.0ms)[0m  [1mSELECT "places".* FROM "places" WHERE "places"."id" = $1 LIMIT 1[0m  [["id", 1123]]
  [1m[35mCACHE (0.0ms)[0m  SELECT "places".* FROM "places" WHERE "places"."id" = $1 LIMIT 1  [["id", 1124]]
  [1m[36mCACHE (0.0ms)[0m  [1mSELECT "places".* FROM "places" WHERE "places"."id" = $1 LIMIT 1[0m  [["id", 975]]
  [1m[35mCACHE (0.0ms)[0m  SELECT "places".* FROM "places" WHERE "places"."id" = $1 LIMIT 1  [["id", 1125]]
  [1m[36mPlace Load (0.5ms)[0m  [1mSELECT "places".* FROM "places" WHERE "places"."id" = 1121 LIMIT 1[0m
  [1m[35mRoute Load (0.3ms)[0m  select * from routes where startplace_id = 1121
  [1m[36mRoute Load (0.3ms)[0m  [1mselect * from routes where endplace_id = 1121[0m
  [1m[35mCACHE (0.0ms)[0m  SELECT "places".* FROM "places" WHERE "places"."id" = $1 LIMIT 1  [["id", 1121]]
  [1m[36mCACHE (0.0ms)[0m  [1mSELECT "places".* FROM "places" WHERE "places"."id" = $1 LIMIT 1[0m  [["id", 1122]]
  [1m[35mCACHE (0.0ms)[0m  SELECT "places".* FROM "places" WHERE "places"."id" = $1 LIMIT 1  [["id", 976]]
  [1m[36mCACHE (0.0ms)[0m  [1mSELECT "places".* FROM "places" WHERE "places"."id" = 207 LIMIT 1[0m
  [1m[35mCACHE (0.0ms)[0m  select * from routes where startplace_id = 207
  [1m[36mCACHE (0.0ms)[0m  [1mselect * from routes where endplace_id = 207[0m
  [1m[35mCACHE (0.0ms)[0m  SELECT "places".* FROM "places" WHERE "places"."id" = $1 LIMIT 1  [["id", 207]]
  [1m[36mCACHE (0.0ms)[0m  [1mSELECT "places".* FROM "places" WHERE "places"."id" = $1 LIMIT 1[0m  [["id", 650]]
  [1m[35mCACHE (0.0ms)[0m  SELECT "places".* FROM "places" WHERE "places"."id" = $1 LIMIT 1  [["id", 207]]
  [1m[36mCACHE (0.0ms)[0m  [1mSELECT "places".* FROM "places" WHERE "places"."id" = $1 LIMIT 1[0m  [["id", 1133]]
  [1m[35mCACHE (0.0ms)[0m  SELECT "places".* FROM "places" WHERE "places"."id" = $1 LIMIT 1  [["id", 1129]]
  [1m[36mCACHE (0.0ms)[0m  [1mSELECT "places".* FROM "places" WHERE "places"."id" = 1126 LIMIT 1[0m
  [1m[35mCACHE (0.0ms)[0m  select * from routes where startplace_id = 1126
  [1m[36mCACHE (0.0ms)[0m  [1mselect * from routes where endplace_id = 1126[0m
  [1m[35mCACHE (0.0ms)[0m  SELECT "places".* FROM "places" WHERE "places"."id" = $1 LIMIT 1  [["id", 1126]]
  [1m[36mCACHE (0.0ms)[0m  [1mSELECT "places".* FROM "places" WHERE "places"."id" = $1 LIMIT 1[0m  [["id", 1130]]
  [1m[35mCACHE (0.0ms)[0m  SELECT "places".* FROM "places" WHERE "places"."id" = $1 LIMIT 1  [["id", 1126]]
  [1m[36mCACHE (0.0ms)[0m  [1mSELECT "places".* FROM "places" WHERE "places"."id" = $1 LIMIT 1[0m  [["id", 769]]
  [1m[35mCACHE (0.0ms)[0m  SELECT "places".* FROM "places" WHERE "places"."id" = $1 LIMIT 1  [["id", 1127]]
  [1m[36mCACHE (0.0ms)[0m  [1mSELECT "places".* FROM "places" WHERE "places"."id" = 1121 LIMIT 1[0m
  [1m[35mCACHE (0.0ms)[0m  select * from routes where startplace_id = 1121
  [1m[36mCACHE (0.0ms)[0m  [1mselect * from routes where endplace_id = 1121[0m
  [1m[35mCACHE (0.0ms)[0m  SELECT "places".* FROM "places" WHERE "places"."id" = $1 LIMIT 1  [["id", 1121]]
  [1m[36mCACHE (0.0ms)[0m  [1mSELECT "places".* FROM "places" WHERE "places"."id" = $1 LIMIT 1[0m  [["id", 1122]]
  [1m[35mCACHE (0.0ms)[0m  SELECT "places".* FROM "places" WHERE "places"."id" = $1 LIMIT 1  [["id", 976]]
  [1m[36mCACHE (0.0ms)[0m  [1mSELECT "places".* FROM "places" WHERE "places"."id" = 1125 LIMIT 1[0m
  [1m[35mCACHE (0.0ms)[0m  select * from routes where startplace_id = 1125
  [1m[36mCACHE (0.0ms)[0m  [1mselect * from routes where endplace_id = 1125[0m
  [1m[35mCACHE (0.0ms)[0m  SELECT "places".* FROM "places" WHERE "places"."id" = $1 LIMIT 1  [["id", 1125]]
  [1m[36mCACHE (0.0ms)[0m  [1mSELECT "places".* FROM "places" WHERE "places"."id" = $1 LIMIT 1[0m  [["id", 1123]]
  [1m[35mCACHE (0.0ms)[0m  SELECT "places".* FROM "places" WHERE "places"."id" = $1 LIMIT 1  [["id", 769]]
  [1m[36mPlace Load (0.7ms)[0m  [1mSELECT "places".* FROM "places" WHERE "places"."id" = 1131 LIMIT 1[0m
  [1m[35mRoute Load (0.3ms)[0m  select * from routes where startplace_id = 1131
  [1m[36mRoute Load (0.3ms)[0m  [1mselect * from routes where endplace_id = 1131[0m
  [1m[35mCACHE (0.0ms)[0m  SELECT "places".* FROM "places" WHERE "places"."id" = $1 LIMIT 1  [["id", 1131]]
  [1m[36mPlace Load (0.3ms)[0m  [1mSELECT "places".* FROM "places" WHERE "places"."id" = $1 LIMIT 1[0m  [["id", 1132]]
  [1m[35mCACHE (0.0ms)[0m  SELECT "places".* FROM "places" WHERE "places"."id" = $1 LIMIT 1  [["id", 1133]]
  [1m[36mCACHE (0.0ms)[0m  [1mSELECT "places".* FROM "places" WHERE "places"."id" = 975 LIMIT 1[0m
  [1m[35mCACHE (0.0ms)[0m  select * from routes where startplace_id = 975
  [1m[36mCACHE (0.0ms)[0m  [1mselect * from routes where endplace_id = 975[0m
  [1m[35mCACHE (0.0ms)[0m  SELECT "places".* FROM "places" WHERE "places"."id" = $1 LIMIT 1  [["id", 975]]
  [1m[36mCACHE (0.0ms)[0m  [1mSELECT "places".* FROM "places" WHERE "places"."id" = $1 LIMIT 1[0m  [["id", 1129]]
  [1m[35mCACHE (0.0ms)[0m  SELECT "places".* FROM "places" WHERE "places"."id" = $1 LIMIT 1  [["id", 975]]
  [1m[36mCACHE (0.0ms)[0m  [1mSELECT "places".* FROM "places" WHERE "places"."id" = $1 LIMIT 1[0m  [["id", 1123]]
  [1m[35mCACHE (0.0ms)[0m  SELECT "places".* FROM "places" WHERE "places"."id" = $1 LIMIT 1  [["id", 1122]]
  [1m[36mCACHE (0.0ms)[0m  [1mSELECT "places".* FROM "places" WHERE "places"."id" = 1124 LIMIT 1[0m
  [1m[35mCACHE (0.0ms)[0m  select * from routes where startplace_id = 1124
  [1m[36mCACHE (0.0ms)[0m  [1mselect * from routes where endplace_id = 1124[0m
  [1m[35mCACHE (0.0ms)[0m  SELECT "places".* FROM "places" WHERE "places"."id" = $1 LIMIT 1  [["id", 1124]]
  [1m[36mCACHE (0.0ms)[0m  [1mSELECT "places".* FROM "places" WHERE "places"."id" = $1 LIMIT 1[0m  [["id", 1129]]
  [1m[35mCACHE (0.0ms)[0m  SELECT "places".* FROM "places" WHERE "places"."id" = $1 LIMIT 1  [["id", 1124]]
  [1m[36mCACHE (0.0ms)[0m  [1mSELECT "places".* FROM "places" WHERE "places"."id" = $1 LIMIT 1[0m  [["id", 974]]
  [1m[35mCACHE (0.0ms)[0m  SELECT "places".* FROM "places" WHERE "places"."id" = $1 LIMIT 1  [["id", 1123]]
  [1m[36mCACHE (0.0ms)[0m  [1mSELECT "places".* FROM "places" WHERE "places"."id" = 1133 LIMIT 1[0m
  [1m[35mCACHE (0.0ms)[0m  select * from routes where startplace_id = 1133
  [1m[36mCACHE (0.0ms)[0m  [1mselect * from routes where endplace_id = 1133[0m
  [1m[35mCACHE (0.0ms)[0m  SELECT "places".* FROM "places" WHERE "places"."id" = $1 LIMIT 1  [["id", 1133]]
  [1m[36mCACHE (0.0ms)[0m  [1mSELECT "places".* FROM "places" WHERE "places"."id" = $1 LIMIT 1[0m  [["id", 1131]]
  [1m[35mCACHE (0.0ms)[0m  SELECT "places".* FROM "places" WHERE "places"."id" = $1 LIMIT 1  [["id", 207]]
  [1m[36mCACHE (0.0ms)[0m  [1mSELECT "places".* FROM "places" WHERE "places"."id" = 1127 LIMIT 1[0m
  [1m[35mCACHE (0.0ms)[0m  select * from routes where startplace_id = 1127
  [1m[36mCACHE (0.0ms)[0m  [1mselect * from routes where endplace_id = 1127[0m
  [1m[35mCACHE (0.0ms)[0m  SELECT "places".* FROM "places" WHERE "places"."id" = $1 LIMIT 1  [["id", 1127]]
  [1m[36mCACHE (0.0ms)[0m  [1mSELECT "places".* FROM "places" WHERE "places"."id" = $1 LIMIT 1[0m  [["id", 1126]]
  [1m[35mCACHE (0.0ms)[0m  SELECT "places".* FROM "places" WHERE "places"."id" = $1 LIMIT 1  [["id", 419]]
  [1m[36mCACHE (0.0ms)[0m  [1mSELECT "places".* FROM "places" WHERE "places"."id" = 1130 LIMIT 1[0m
  [1m[35mCACHE (0.0ms)[0m  select * from routes where startplace_id = 1130
  [1m[36mCACHE (0.0ms)[0m  [1mselect * from routes where endplace_id = 1130[0m
  [1m[35mCACHE (0.0ms)[0m  SELECT "places".* FROM "places" WHERE "places"."id" = $1 LIMIT 1  [["id", 1130]]
  [1m[36mCACHE (0.0ms)[0m  [1mSELECT "places".* FROM "places" WHERE "places"."id" = $1 LIMIT 1[0m  [["id", 974]]
  [1m[35mCACHE (0.0ms)[0m  SELECT "places".* FROM "places" WHERE "places"."id" = $1 LIMIT 1  [["id", 1126]]
  [1m[36mCACHE (0.0ms)[0m  [1mSELECT "places".* FROM "places" WHERE "places"."id" = 769 LIMIT 1[0m
  [1m[35mCACHE (0.0ms)[0m  select * from routes where startplace_id = 769
  [1m[36mCACHE (0.0ms)[0m  [1mselect * from routes where endplace_id = 769[0m
  [1m[35mCACHE (0.0ms)[0m  SELECT "places".* FROM "places" WHERE "places"."id" = $1 LIMIT 1  [["id", 769]]
  [1m[36mCACHE (0.0ms)[0m  [1mSELECT "places".* FROM "places" WHERE "places"."id" = $1 LIMIT 1[0m  [["id", 1125]]
  [1m[35mCACHE (0.0ms)[0m  SELECT "places".* FROM "places" WHERE "places"."id" = $1 LIMIT 1  [["id", 1126]]
  [1m[36mPlace Load (0.3ms)[0m  [1mSELECT "places".* FROM "places" WHERE "places"."id" = 1132 LIMIT 1[0m
  [1m[35mRoute Load (0.3ms)[0m  select * from routes where startplace_id = 1132
  [1m[36mRoute Load (0.3ms)[0m  [1mselect * from routes where endplace_id = 1132[0m
  [1m[35mCACHE (0.0ms)[0m  SELECT "places".* FROM "places" WHERE "places"."id" = $1 LIMIT 1  [["id", 1131]]
  [1m[36mCACHE (0.0ms)[0m  [1mSELECT "places".* FROM "places" WHERE "places"."id" = 1122 LIMIT 1[0m
  [1m[35mCACHE (0.0ms)[0m  select * from routes where startplace_id = 1122
  [1m[36mCACHE (0.0ms)[0m  [1mselect * from routes where endplace_id = 1122[0m
  [1m[35mCACHE (0.0ms)[0m  SELECT "places".* FROM "places" WHERE "places"."id" = $1 LIMIT 1  [["id", 1122]]
  [1m[36mCACHE (0.0ms)[0m  [1mSELECT "places".* FROM "places" WHERE "places"."id" = $1 LIMIT 1[0m  [["id", 975]]
  [1m[35mCACHE (0.0ms)[0m  SELECT "places".* FROM "places" WHERE "places"."id" = $1 LIMIT 1  [["id", 1121]]
  [1m[36mCACHE (0.0ms)[0m  [1mSELECT "places".* FROM "places" WHERE "places"."id" = 1129 LIMIT 1[0m
  [1m[35mCACHE (0.0ms)[0m  select * from routes where startplace_id = 1129
  [1m[36mCACHE (0.0ms)[0m  [1mselect * from routes where endplace_id = 1129[0m
  [1m[35mCACHE (0.0ms)[0m  SELECT "places".* FROM "places" WHERE "places"."id" = $1 LIMIT 1  [["id", 1129]]
  [1m[36mCACHE (0.0ms)[0m  [1mSELECT "places".* FROM "places" WHERE "places"."id" = $1 LIMIT 1[0m  [["id", 207]]
  [1m[35mCACHE (0.0ms)[0m  SELECT "places".* FROM "places" WHERE "places"."id" = $1 LIMIT 1  [["id", 1124]]
  [1m[36mCACHE (0.0ms)[0m  [1mSELECT "places".* FROM "places" WHERE "places"."id" = $1 LIMIT 1[0m  [["id", 975]]
  [1m[35mCACHE (0.0ms)[0m  SELECT "places".* FROM "places" WHERE "places"."id" = 1129 LIMIT 1
  [1m[36mCACHE (0.0ms)[0m  [1mselect * from routes where startplace_id = 1129[0m
  [1m[35mCACHE (0.0ms)[0m  select * from routes where endplace_id = 1129
  [1m[36mCACHE (0.0ms)[0m  [1mSELECT "places".* FROM "places" WHERE "places"."id" = $1 LIMIT 1[0m  [["id", 1129]]
  [1m[35mCACHE (0.0ms)[0m  SELECT "places".* FROM "places" WHERE "places"."id" = $1 LIMIT 1  [["id", 207]]
  [1m[36mCACHE (0.0ms)[0m  [1mSELECT "places".* FROM "places" WHERE "places"."id" = $1 LIMIT 1[0m  [["id", 1124]]
  [1m[35mCACHE (0.0ms)[0m  SELECT "places".* FROM "places" WHERE "places"."id" = $1 LIMIT 1  [["id", 975]]
  [1m[36mCACHE (0.0ms)[0m  [1mSELECT "places".* FROM "places" WHERE "places"."id" = 1131 LIMIT 1[0m
  [1m[35mCACHE (0.0ms)[0m  select * from routes where startplace_id = 1131
  [1m[36mCACHE (0.0ms)[0m  [1mselect * from routes where endplace_id = 1131[0m
  [1m[35mCACHE (0.0ms)[0m  SELECT "places".* FROM "places" WHERE "places"."id" = $1 LIMIT 1  [["id", 1131]]
  [1m[36mCACHE (0.0ms)[0m  [1mSELECT "places".* FROM "places" WHERE "places"."id" = $1 LIMIT 1[0m  [["id", 1132]]
  [1m[35mCACHE (0.0ms)[0m  SELECT "places".* FROM "places" WHERE "places"."id" = $1 LIMIT 1  [["id", 1133]]
  [1m[36mCACHE (0.0ms)[0m  [1mSELECT "places".* FROM "places" WHERE "places"."id" = 419 LIMIT 1[0m
  [1m[35mCACHE (0.0ms)[0m  select * from routes where startplace_id = 419
  [1m[36mCACHE (0.0ms)[0m  [1mselect * from routes where endplace_id = 419[0m
  [1m[35mCACHE (0.0ms)[0m  SELECT "places".* FROM "places" WHERE "places"."id" = $1 LIMIT 1  [["id", 419]]
  [1m[36mCACHE (0.1ms)[0m  [1mSELECT "places".* FROM "places" WHERE "places"."id" = $1 LIMIT 1[0m  [["id", 1127]]
  [1m[35mCACHE (0.0ms)[0m  SELECT "places".* FROM "places" WHERE "places"."id" = $1 LIMIT 1  [["id", 1128]]
  [1m[36mCACHE (0.0ms)[0m  [1mSELECT "places".* FROM "places" WHERE "places"."id" = 1126 LIMIT 1[0m
  [1m[35mCACHE (0.0ms)[0m  select * from routes where startplace_id = 1126
  [1m[36mCACHE (0.0ms)[0m  [1mselect * from routes where endplace_id = 1126[0m
  [1m[35mCACHE (0.0ms)[0m  SELECT "places".* FROM "places" WHERE "places"."id" = $1 LIMIT 1  [["id", 1126]]
  [1m[36mCACHE (0.0ms)[0m  [1mSELECT "places".* FROM "places" WHERE "places"."id" = $1 LIMIT 1[0m  [["id", 1130]]
  [1m[35mCACHE (0.0ms)[0m  SELECT "places".* FROM "places" WHERE "places"."id" = $1 LIMIT 1  [["id", 1126]]
  [1m[36mCACHE (0.0ms)[0m  [1mSELECT "places".* FROM "places" WHERE "places"."id" = $1 LIMIT 1[0m  [["id", 769]]
  [1m[35mCACHE (0.0ms)[0m  SELECT "places".* FROM "places" WHERE "places"."id" = $1 LIMIT 1  [["id", 1127]]
  [1m[36mCACHE (0.0ms)[0m  [1mSELECT "places".* FROM "places" WHERE "places"."id" = 1121 LIMIT 1[0m
  [1m[35mCACHE (0.0ms)[0m  select * from routes where startplace_id = 1121
  [1m[36mCACHE (0.0ms)[0m  [1mselect * from routes where endplace_id = 1121[0m
  [1m[35mCACHE (0.0ms)[0m  SELECT "places".* FROM "places" WHERE "places"."id" = $1 LIMIT 1  [["id", 1121]]
  [1m[36mCACHE (0.0ms)[0m  [1mSELECT "places".* FROM "places" WHERE "places"."id" = $1 LIMIT 1[0m  [["id", 1122]]
  [1m[35mCACHE (0.0ms)[0m  SELECT "places".* FROM "places" WHERE "places"."id" = $1 LIMIT 1  [["id", 976]]
  [1m[36mCACHE (0.0ms)[0m  [1mSELECT "places".* FROM "places" WHERE "places"."id" = 1124 LIMIT 1[0m
  [1m[35mCACHE (0.0ms)[0m  select * from routes where startplace_id = 1124
  [1m[36mCACHE (0.0ms)[0m  [1mselect * from routes where endplace_id = 1124[0m
  [1m[35mCACHE (0.0ms)[0m  SELECT "places".* FROM "places" WHERE "places"."id" = $1 LIMIT 1  [["id", 1124]]
  [1m[36mCACHE (0.0ms)[0m  [1mSELECT "places".* FROM "places" WHERE "places"."id" = $1 LIMIT 1[0m  [["id", 1129]]
  [1m[35mCACHE (0.0ms)[0m  SELECT "places".* FROM "places" WHERE "places"."id" = $1 LIMIT 1  [["id", 1124]]
  [1m[36mCACHE (0.0ms)[0m  [1mSELECT "places".* FROM "places" WHERE "places"."id" = $1 LIMIT 1[0m  [["id", 974]]
  [1m[35mCACHE (0.0ms)[0m  SELECT "places".* FROM "places" WHERE "places"."id" = $1 LIMIT 1  [["id", 1123]]
  [1m[36mCACHE (0.0ms)[0m  [1mSELECT "places".* FROM "places" WHERE "places"."id" = 207 LIMIT 1[0m
  [1m[35mCACHE (0.0ms)[0m  select * from routes where startplace_id = 207
  [1m[36mCACHE (0.0ms)[0m  [1mselect * from routes where endplace_id = 207[0m
  [1m[35mCACHE (0.0ms)[0m  SELECT "places".* FROM "places" WHERE "places"."id" = $1 LIMIT 1  [["id", 207]]
  [1m[36mCACHE (0.0ms)[0m  [1mSELECT "places".* FROM "places" WHERE "places"."id" = $1 LIMIT 1[0m  [["id", 650]]
  [1m[35mCACHE (0.0ms)[0m  SELECT "places".* FROM "places" WHERE "places"."id" = $1 LIMIT 1  [["id", 207]]
  [1m[36mCACHE (0.0ms)[0m  [1mSELECT "places".* FROM "places" WHERE "places"."id" = $1 LIMIT 1[0m  [["id", 1133]]
  [1m[35mCACHE (0.0ms)[0m  SELECT "places".* FROM "places" WHERE "places"."id" = $1 LIMIT 1  [["id", 1129]]
  [1m[36mCACHE (0.0ms)[0m  [1mSELECT "places".* FROM "places" WHERE "places"."id" = 975 LIMIT 1[0m
  [1m[35mCACHE (0.0ms)[0m  select * from routes where startplace_id = 975
  [1m[36mCACHE (0.0ms)[0m  [1mselect * from routes where endplace_id = 975[0m
  [1m[35mCACHE (0.0ms)[0m  SELECT "places".* FROM "places" WHERE "places"."id" = $1 LIMIT 1  [["id", 975]]
  [1m[36mCACHE (0.0ms)[0m  [1mSELECT "places".* FROM "places" WHERE "places"."id" = $1 LIMIT 1[0m  [["id", 1129]]
  [1m[35mCACHE (0.0ms)[0m  SELECT "places".* FROM "places" WHERE "places"."id" = $1 LIMIT 1  [["id", 975]]
  [1m[36mCACHE (0.0ms)[0m  [1mSELECT "places".* FROM "places" WHERE "places"."id" = $1 LIMIT 1[0m  [["id", 1123]]
  [1m[35mCACHE (0.0ms)[0m  SELECT "places".* FROM "places" WHERE "places"."id" = $1 LIMIT 1  [["id", 1122]]
  [1m[36mCACHE (0.0ms)[0m  [1mSELECT "places".* FROM "places" WHERE "places"."id" = 207 LIMIT 1[0m
  [1m[35mCACHE (0.0ms)[0m  select * from routes where startplace_id = 207
  [1m[36mCACHE (0.0ms)[0m  [1mselect * from routes where endplace_id = 207[0m
  [1m[35mCACHE (0.0ms)[0m  SELECT "places".* FROM "places" WHERE "places"."id" = $1 LIMIT 1  [["id", 207]]
  [1m[36mCACHE (0.0ms)[0m  [1mSELECT "places".* FROM "places" WHERE "places"."id" = $1 LIMIT 1[0m  [["id", 650]]
  [1m[35mCACHE (0.0ms)[0m  SELECT "places".* FROM "places" WHERE "places"."id" = $1 LIMIT 1  [["id", 207]]
  [1m[36mCACHE (0.0ms)[0m  [1mSELECT "places".* FROM "places" WHERE "places"."id" = $1 LIMIT 1[0m  [["id", 1133]]
  [1m[35mCACHE (0.0ms)[0m  SELECT "places".* FROM "places" WHERE "places"."id" = $1 LIMIT 1  [["id", 1129]]
  [1m[36mCACHE (0.0ms)[0m  [1mSELECT "places".* FROM "places" WHERE "places"."id" = 1132 LIMIT 1[0m
  [1m[35mCACHE (0.0ms)[0m  select * from routes where startplace_id = 1132
  [1m[36mCACHE (0.0ms)[0m  [1mselect * from routes where endplace_id = 1132[0m
  [1m[35mCACHE (0.0ms)[0m  SELECT "places".* FROM "places" WHERE "places"."id" = $1 LIMIT 1  [["id", 1131]]
  [1m[36mCACHE (0.0ms)[0m  [1mSELECT "places".* FROM "places" WHERE "places"."id" = 1128 LIMIT 1[0m
  [1m[35mCACHE (0.0ms)[0m  select * from routes where startplace_id = 1128
  [1m[36mCACHE (0.0ms)[0m  [1mselect * from routes where endplace_id = 1128[0m
  [1m[35mCACHE (0.0ms)[0m  SELECT "places".* FROM "places" WHERE "places"."id" = $1 LIMIT 1  [["id", 1128]]
  [1m[36mCACHE (0.0ms)[0m  [1mSELECT "places".* FROM "places" WHERE "places"."id" = $1 LIMIT 1[0m  [["id", 419]]
  [1m[35mCACHE (0.0ms)[0m  SELECT "places".* FROM "places" WHERE "places"."id" = 1127 LIMIT 1
  [1m[36mCACHE (0.0ms)[0m  [1mselect * from routes where startplace_id = 1127[0m
  [1m[35mCACHE (0.0ms)[0m  select * from routes where endplace_id = 1127
  [1m[36mCACHE (0.0ms)[0m  [1mSELECT "places".* FROM "places" WHERE "places"."id" = $1 LIMIT 1[0m  [["id", 1127]]
  [1m[35mCACHE (0.0ms)[0m  SELECT "places".* FROM "places" WHERE "places"."id" = $1 LIMIT 1  [["id", 1126]]
  [1m[36mCACHE (0.0ms)[0m  [1mSELECT "places".* FROM "places" WHERE "places"."id" = $1 LIMIT 1[0m  [["id", 419]]
  [1m[35mCACHE (0.0ms)[0m  SELECT "places".* FROM "places" WHERE "places"."id" = 1130 LIMIT 1
  [1m[36mCACHE (0.0ms)[0m  [1mselect * from routes where startplace_id = 1130[0m
  [1m[35mCACHE (0.0ms)[0m  select * from routes where endplace_id = 1130
  [1m[36mCACHE (0.0ms)[0m  [1mSELECT "places".* FROM "places" WHERE "places"."id" = $1 LIMIT 1[0m  [["id", 1130]]
  [1m[35mCACHE (0.0ms)[0m  SELECT "places".* FROM "places" WHERE "places"."id" = $1 LIMIT 1  [["id", 974]]
  [1m[36mCACHE (0.0ms)[0m  [1mSELECT "places".* FROM "places" WHERE "places"."id" = $1 LIMIT 1[0m  [["id", 1126]]
  [1m[35mCACHE (0.0ms)[0m  SELECT "places".* FROM "places" WHERE "places"."id" = 1133 LIMIT 1
  [1m[36mCACHE (0.0ms)[0m  [1mselect * from routes where startplace_id = 1133[0m
  [1m[35mCACHE (0.0ms)[0m  select * from routes where endplace_id = 1133
  [1m[36mCACHE (0.0ms)[0m  [1mSELECT "places".* FROM "places" WHERE "places"."id" = $1 LIMIT 1[0m  [["id", 1133]]
  [1m[35mCACHE (0.0ms)[0m  SELECT "places".* FROM "places" WHERE "places"."id" = $1 LIMIT 1  [["id", 1131]]
  [1m[36mCACHE (0.0ms)[0m  [1mSELECT "places".* FROM "places" WHERE "places"."id" = $1 LIMIT 1[0m  [["id", 207]]
  [1m[35mCACHE (0.0ms)[0m  SELECT "places".* FROM "places" WHERE "places"."id" = 1122 LIMIT 1
  [1m[36mCACHE (0.0ms)[0m  [1mselect * from routes where startplace_id = 1122[0m
  [1m[35mCACHE (0.0ms)[0m  select * from routes where endplace_id = 1122
  [1m[36mCACHE (0.0ms)[0m  [1mSELECT "places".* FROM "places" WHERE "places"."id" = $1 LIMIT 1[0m  [["id", 1122]]
  [1m[35mCACHE (0.0ms)[0m  SELECT "places".* FROM "places" WHERE "places"."id" = $1 LIMIT 1  [["id", 975]]
  [1m[36mCACHE (0.0ms)[0m  [1mSELECT "places".* FROM "places" WHERE "places"."id" = $1 LIMIT 1[0m  [["id", 1121]]
  [1m[35mCACHE (0.0ms)[0m  SELECT "places".* FROM "places" WHERE "places"."id" = 1133 LIMIT 1
  [1m[36mCACHE (0.0ms)[0m  [1mselect * from routes where startplace_id = 1133[0m
  [1m[35mCACHE (0.0ms)[0m  select * from routes where endplace_id = 1133
  [1m[36mCACHE (0.0ms)[0m  [1mSELECT "places".* FROM "places" WHERE "places"."id" = $1 LIMIT 1[0m  [["id", 1133]]
  [1m[35mCACHE (0.0ms)[0m  SELECT "places".* FROM "places" WHERE "places"."id" = $1 LIMIT 1  [["id", 1131]]
  [1m[36mCACHE (0.0ms)[0m  [1mSELECT "places".* FROM "places" WHERE "places"."id" = $1 LIMIT 1[0m  [["id", 207]]
  [1m[35mCACHE (0.0ms)[0m  SELECT "places".* FROM "places" WHERE "places"."id" = 419 LIMIT 1
  [1m[36mCACHE (0.0ms)[0m  [1mselect * from routes where startplace_id = 419[0m
  [1m[35mCACHE (0.0ms)[0m  select * from routes where endplace_id = 419
  [1m[36mCACHE (0.0ms)[0m  [1mSELECT "places".* FROM "places" WHERE "places"."id" = $1 LIMIT 1[0m  [["id", 419]]
  [1m[35mCACHE (0.0ms)[0m  SELECT "places".* FROM "places" WHERE "places"."id" = $1 LIMIT 1  [["id", 1127]]
  [1m[36mCACHE (0.0ms)[0m  [1mSELECT "places".* FROM "places" WHERE "places"."id" = $1 LIMIT 1[0m  [["id", 1128]]
  [1m[35mCACHE (0.0ms)[0m  SELECT "places".* FROM "places" WHERE "places"."id" = 1131 LIMIT 1
  [1m[36mCACHE (0.0ms)[0m  [1mselect * from routes where startplace_id = 1131[0m
  [1m[35mCACHE (0.0ms)[0m  select * from routes where endplace_id = 1131
  [1m[36mCACHE (0.0ms)[0m  [1mSELECT "places".* FROM "places" WHERE "places"."id" = $1 LIMIT 1[0m  [["id", 1131]]
  [1m[35mCACHE (0.0ms)[0m  SELECT "places".* FROM "places" WHERE "places"."id" = $1 LIMIT 1  [["id", 1132]]
  [1m[36mCACHE (0.0ms)[0m  [1mSELECT "places".* FROM "places" WHERE "places"."id" = $1 LIMIT 1[0m  [["id", 1133]]
  [1m[35mCACHE (0.0ms)[0m  SELECT "places".* FROM "places" WHERE "places"."id" = 1121 LIMIT 1
  [1m[36mCACHE (0.0ms)[0m  [1mselect * from routes where startplace_id = 1121[0m
  [1m[35mCACHE (0.0ms)[0m  select * from routes where endplace_id = 1121
  [1m[36mCACHE (0.0ms)[0m  [1mSELECT "places".* FROM "places" WHERE "places"."id" = $1 LIMIT 1[0m  [["id", 1121]]
  [1m[35mCACHE (0.0ms)[0m  SELECT "places".* FROM "places" WHERE "places"."id" = $1 LIMIT 1  [["id", 1122]]
  [1m[36mCACHE (0.0ms)[0m  [1mSELECT "places".* FROM "places" WHERE "places"."id" = $1 LIMIT 1[0m  [["id", 976]]
  [1m[35mCACHE (0.0ms)[0m  SELECT "places".* FROM "places" WHERE "places"."id" = 1131 LIMIT 1
  [1m[36mCACHE (0.0ms)[0m  [1mselect * from routes where startplace_id = 1131[0m
  [1m[35mCACHE (0.0ms)[0m  select * from routes where endplace_id = 1131
  [1m[36mCACHE (0.0ms)[0m  [1mSELECT "places".* FROM "places" WHERE "places"."id" = $1 LIMIT 1[0m  [["id", 1131]]
  [1m[35mCACHE (0.0ms)[0m  SELECT "places".* FROM "places" WHERE "places"."id" = $1 LIMIT 1  [["id", 1132]]
  [1m[36mCACHE (0.0ms)[0m  [1mSELECT "places".* FROM "places" WHERE "places"."id" = $1 LIMIT 1[0m  [["id", 1133]]
  [1m[35mCACHE (0.0ms)[0m  SELECT "places".* FROM "places" WHERE "places"."id" = 1128 LIMIT 1
  [1m[36mCACHE (0.0ms)[0m  [1mselect * from routes where startplace_id = 1128[0m
  [1m[35mCACHE (0.0ms)[0m  select * from routes where endplace_id = 1128
  [1m[36mCACHE (0.0ms)[0m  [1mSELECT "places".* FROM "places" WHERE "places"."id" = $1 LIMIT 1[0m  [["id", 1128]]
  [1m[35mCACHE (0.0ms)[0m  SELECT "places".* FROM "places" WHERE "places"."id" = $1 LIMIT 1  [["id", 419]]
BNewroutes
650
{:place=>974, :route=>[272, 22, -219, -231], :url=>"xrv-233xrv-231xrv-219xrv22xrv272"}
{:place=>769, :route=>[-227, 240, 239, 272, 22, -219, -231], :url=>"xrv-233xrv-231xrv-219xrv22xrv272xrv239xrv240xrv-227"}
{:place=>1125, :route=>[225, 223, 224, 272, 22, -219, -231], :url=>"xrv-233xrv-231xrv-219xrv22xrv272xrv224xrv223xrv225"}
{:place=>207, :route=>[-235, -237, 224, 272, 22, -219, -231], :url=>"xrv-233xrv-231xrv-219xrv22xrv272xrv224xrv-237xrv-235"}
{:place=>419, :route=>[229, 228, 240, 239, 272, 22, -219, -231], :url=>"xrv-233xrv-231xrv-219xrv22xrv272xrv239xrv240xrv228xrv229"}
{:place=>1125, :route=>[-226, -227, 240, 239, 272, 22, -219, -231], :url=>"xrv-233xrv-231xrv-219xrv22xrv272xrv239xrv240xrv-227xrv-226"}
{:place=>769, :route=>[226, 225, 223, 224, 272, 22, -219, -231], :url=>"xrv-233xrv-231xrv-219xrv22xrv272xrv224xrv223xrv225xrv226"}
{:place=>1128, :route=>[230, 229, 228, 240, 239, 272, 22, -219, -231], :url=>"xrv-233xrv-231xrv-219xrv22xrv272xrv239xrv240xrv228xrv229xrv230"}
{:place=>207, :route=>[-235, -238, 222, 223, 224, 272, 22, -219, -231], :url=>"xrv-233xrv-231xrv-219xrv22xrv272xrv224xrv223xrv222xrv-238xrv-235"}
{:place=>1125, :route=>[225, -222, 238, -237, 224, 272, 22, -219, -231], :url=>"xrv-233xrv-231xrv-219xrv22xrv272xrv224xrv-237xrv238xrv-222xrv225"}
{:place=>1121, :route=>[21, 221, 222, 223, 224, 272, 22, -219, -231], :url=>"xrv-233xrv-231xrv-219xrv22xrv272xrv224xrv223xrv222xrv221xrv21"}
{:place=>1121, :route=>[21, 221, 238, -237, 224, 272, 22, -219, -231], :url=>"xrv-233xrv-231xrv-219xrv22xrv272xrv224xrv-237xrv238xrv221xrv21"}
{:place=>769, :route=>[226, 225, -222, 238, -237, 224, 272, 22, -219, -231], :url=>"xrv-233xrv-231xrv-219xrv22xrv272xrv224xrv-237xrv238xrv-222xrv225xrv226"}
{:place=>1132, :route=>[-241, -242, -243, -235, -237, 224, 272, 22, -219, -231], :url=>"xrv-233xrv-231xrv-219xrv22xrv272xrv224xrv-237xrv-235xrv-243xrv-242xrv-241"}
{:place=>419, :route=>[229, 228, 227, 226, 225, 223, 224, 272, 22, -219, -231], :url=>"xrv-233xrv-231xrv-219xrv22xrv272xrv224xrv223xrv225xrv226xrv227xrv228xrv229"}
{:place=>1130, :route=>[-240, 227, 226, 225, 223, 224, 272, 22, -219, -231], :url=>"xrv-233xrv-231xrv-219xrv22xrv272xrv224xrv223xrv225xrv226xrv227xrv-240"}
{:place=>207, :route=>[-235, -238, 222, -225, -226, -227, 240, 239, 272, 22, -219, -231], :url=>"xrv-233xrv-231xrv-219xrv22xrv272xrv239xrv240xrv-227xrv-226xrv-225xrv222xrv-238xrv-235"}
{:place=>207, :route=>[-235, -237, -223, -225, -226, -227, 240, 239, 272, 22, -219, -231], :url=>"xrv-233xrv-231xrv-219xrv22xrv272xrv239xrv240xrv-227xrv-226xrv-225xrv-223xrv-237xrv-235"}
{:place=>1132, :route=>[-241, -242, -243, -235, -238, 222, 223, 224, 272, 22, -219, -231], :url=>"xrv-233xrv-231xrv-219xrv22xrv272xrv224xrv223xrv222xrv-238xrv-235xrv-243xrv-242xrv-241"}
{:place=>1128, :route=>[230, 229, 228, 227, 226, 225, 223, 224, 272, 22, -219, -231], :url=>"xrv-233xrv-231xrv-219xrv22xrv272xrv224xrv223xrv225xrv226xrv227xrv228xrv229xrv230"}
{:place=>1121, :route=>[21, 221, 222, -225, -226, -227, 240, 239, 272, 22, -219, -231], :url=>"xrv-233xrv-231xrv-219xrv22xrv272xrv239xrv240xrv-227xrv-226xrv-225xrv222xrv221xrv21"}
{:place=>1124, :route=>[237, -238, 222, -225, -226, -227, 240, 239, 272, 22, -219, -231], :url=>"xrv-233xrv-231xrv-219xrv22xrv272xrv239xrv240xrv-227xrv-226xrv-225xrv222xrv-238xrv237"}
{:place=>419, :route=>[229, 228, 227, 226, 225, -222, 238, -237, 224, 272, 22, -219, -231], :url=>"xrv-233xrv-231xrv-219xrv22xrv272xrv224xrv-237xrv238xrv-222xrv225xrv226xrv227xrv228xrv229"}
{:place=>1130, :route=>[-240, 227, 226, 225, -222, 238, -237, 224, 272, 22, -219, -231], :url=>"xrv-233xrv-231xrv-219xrv22xrv272xrv224xrv-237xrv238xrv-222xrv225xrv226xrv227xrv-240"}
{:place=>1128, :route=>[230, 229, 228, 227, 226, 225, -222, 238, -237, 224, 272, 22, -219, -231], :url=>"xrv-233xrv-231xrv-219xrv22xrv272xrv224xrv-237xrv238xrv-222xrv225xrv226xrv227xrv228xrv229xrv230"}
{:place=>1132, :route=>[-241, -242, -243, -235, -238, 222, -225, -226, -227, 240, 239, 272, 22, -219, -231], :url=>"xrv-233xrv-231xrv-219xrv22xrv272xrv239xrv240xrv-227xrv-226xrv-225xrv222xrv-238xrv-235xrv-243xrv-242xrv-241"}
{:place=>1121, :route=>[21, 221, 238, -237, -223, -225, -226, -227, 240, 239, 272, 22, -219, -231], :url=>"xrv-233xrv-231xrv-219xrv22xrv272xrv239xrv240xrv-227xrv-226xrv-225xrv-223xrv-237xrv238xrv221xrv21"}
{:place=>1132, :route=>[-241, -242, -243, -235, -237, -223, -225, -226, -227, 240, 239, 272, 22, -219, -231], :url=>"xrv-233xrv-231xrv-219xrv22xrv272xrv239xrv240xrv-227xrv-226xrv-225xrv-223xrv-237xrv-235xrv-243xrv-242xrv-241"}
  [1m[36mCACHE (0.0ms)[0m  [1mSELECT "places".* FROM "places" WHERE "places"."id" = 974 LIMIT 1[0m
  [1m[35m (1.6ms)[0m  SELECT COUNT(*) FROM "route_indices" WHERE (url = 'xrv-233xrv-231xrv-219xrv22xrv272')
  [1m[36mPlaceType Load (0.3ms)[0m  [1mselect * from place_types where name='Roadend'[0m
  [1m[35mSQL (0.6ms)[0m  INSERT INTO "route_indices" ("created_at", "endplace_id", "isDest", "startplace_id", "updated_at", "url") VALUES ($1, $2, $3, $4, $5, $6) RETURNING "id"  [["created_at", Mon, 27 Oct 2014 10:08:05 NZDT +13:00], ["endplace_id", 974], ["isDest", true], ["startplace_id", 650], ["updated_at", Mon, 27 Oct 2014 10:08:05 NZDT +13:00], ["url", "xrv-233xrv-231xrv-219xrv22xrv272"]]
  [1m[36mPlace Load (0.3ms)[0m  [1mSELECT "places".* FROM "places" WHERE "places"."id" = 769 LIMIT 1[0m
  [1m[35m (1.0ms)[0m  SELECT COUNT(*) FROM "route_indices" WHERE (url = 'xrv-233xrv-231xrv-219xrv22xrv272xrv239xrv240xrv-227')
  [1m[36mPlaceType Load (0.2ms)[0m  [1mselect * from place_types where name='Hut'[0m
  [1m[35mSQL (0.4ms)[0m  INSERT INTO "route_indices" ("created_at", "endplace_id", "isDest", "startplace_id", "updated_at", "url") VALUES ($1, $2, $3, $4, $5, $6) RETURNING "id"  [["created_at", Mon, 27 Oct 2014 10:08:05 NZDT +13:00], ["endplace_id", 769], ["isDest", true], ["startplace_id", 650], ["updated_at", Mon, 27 Oct 2014 10:08:05 NZDT +13:00], ["url", "xrv-233xrv-231xrv-219xrv22xrv272xrv239xrv240xrv-227"]]
  [1m[36mPlace Load (0.3ms)[0m  [1mSELECT "places".* FROM "places" WHERE "places"."id" = 1125 LIMIT 1[0m
  [1m[35m (1.0ms)[0m  SELECT COUNT(*) FROM "route_indices" WHERE (url = 'xrv-233xrv-231xrv-219xrv22xrv272xrv224xrv223xrv225')
  [1m[36mPlaceType Load (0.2ms)[0m  [1mselect * from place_types where name='Campsite'[0m
  [1m[35mSQL (0.4ms)[0m  INSERT INTO "route_indices" ("created_at", "endplace_id", "isDest", "startplace_id", "updated_at", "url") VALUES ($1, $2, $3, $4, $5, $6) RETURNING "id"  [["created_at", Mon, 27 Oct 2014 10:08:05 NZDT +13:00], ["endplace_id", 1125], ["isDest", true], ["startplace_id", 650], ["updated_at", Mon, 27 Oct 2014 10:08:05 NZDT +13:00], ["url", "xrv-233xrv-231xrv-219xrv22xrv272xrv224xrv223xrv225"]]
  [1m[36mPlace Load (0.3ms)[0m  [1mSELECT "places".* FROM "places" WHERE "places"."id" = 207 LIMIT 1[0m
  [1m[35m (1.0ms)[0m  SELECT COUNT(*) FROM "route_indices" WHERE (url = 'xrv-233xrv-231xrv-219xrv22xrv272xrv224xrv-237xrv-235')
  [1m[36mPlaceType Load (0.2ms)[0m  [1mselect * from place_types where name='Hut'[0m
  [1m[35mSQL (0.4ms)[0m  INSERT INTO "route_indices" ("created_at", "endplace_id", "isDest", "startplace_id", "updated_at", "url") VALUES ($1, $2, $3, $4, $5, $6) RETURNING "id"  [["created_at", Mon, 27 Oct 2014 10:08:05 NZDT +13:00], ["endplace_id", 207], ["isDest", true], ["startplace_id", 650], ["updated_at", Mon, 27 Oct 2014 10:08:05 NZDT +13:00], ["url", "xrv-233xrv-231xrv-219xrv22xrv272xrv224xrv-237xrv-235"]]
  [1m[36mPlace Load (0.2ms)[0m  [1mSELECT "places".* FROM "places" WHERE "places"."id" = 419 LIMIT 1[0m
  [1m[35m (1.0ms)[0m  SELECT COUNT(*) FROM "route_indices" WHERE (url = 'xrv-233xrv-231xrv-219xrv22xrv272xrv239xrv240xrv228xrv229')
  [1m[36mPlaceType Load (0.2ms)[0m  [1mselect * from place_types where name='Hut'[0m
  [1m[35mSQL (0.4ms)[0m  INSERT INTO "route_indices" ("created_at", "endplace_id", "isDest", "startplace_id", "updated_at", "url") VALUES ($1, $2, $3, $4, $5, $6) RETURNING "id"  [["created_at", Mon, 27 Oct 2014 10:08:05 NZDT +13:00], ["endplace_id", 419], ["isDest", true], ["startplace_id", 650], ["updated_at", Mon, 27 Oct 2014 10:08:05 NZDT +13:00], ["url", "xrv-233xrv-231xrv-219xrv22xrv272xrv239xrv240xrv228xrv229"]]
  [1m[36mPlace Load (0.2ms)[0m  [1mSELECT "places".* FROM "places" WHERE "places"."id" = 1125 LIMIT 1[0m
  [1m[35m (1.0ms)[0m  SELECT COUNT(*) FROM "route_indices" WHERE (url = 'xrv-233xrv-231xrv-219xrv22xrv272xrv239xrv240xrv-227xrv-226')
  [1m[36mPlaceType Load (0.2ms)[0m  [1mselect * from place_types where name='Campsite'[0m
  [1m[35mSQL (0.4ms)[0m  INSERT INTO "route_indices" ("created_at", "endplace_id", "isDest", "startplace_id", "updated_at", "url") VALUES ($1, $2, $3, $4, $5, $6) RETURNING "id"  [["created_at", Mon, 27 Oct 2014 10:08:05 NZDT +13:00], ["endplace_id", 1125], ["isDest", true], ["startplace_id", 650], ["updated_at", Mon, 27 Oct 2014 10:08:05 NZDT +13:00], ["url", "xrv-233xrv-231xrv-219xrv22xrv272xrv239xrv240xrv-227xrv-226"]]
  [1m[36mPlace Load (0.3ms)[0m  [1mSELECT "places".* FROM "places" WHERE "places"."id" = 769 LIMIT 1[0m
  [1m[35m (1.0ms)[0m  SELECT COUNT(*) FROM "route_indices" WHERE (url = 'xrv-233xrv-231xrv-219xrv22xrv272xrv224xrv223xrv225xrv226')
  [1m[36mPlaceType Load (0.2ms)[0m  [1mselect * from place_types where name='Hut'[0m
  [1m[35mSQL (0.4ms)[0m  INSERT INTO "route_indices" ("created_at", "endplace_id", "isDest", "startplace_id", "updated_at", "url") VALUES ($1, $2, $3, $4, $5, $6) RETURNING "id"  [["created_at", Mon, 27 Oct 2014 10:08:05 NZDT +13:00], ["endplace_id", 769], ["isDest", true], ["startplace_id", 650], ["updated_at", Mon, 27 Oct 2014 10:08:05 NZDT +13:00], ["url", "xrv-233xrv-231xrv-219xrv22xrv272xrv224xrv223xrv225xrv226"]]
  [1m[36mPlace Load (0.3ms)[0m  [1mSELECT "places".* FROM "places" WHERE "places"."id" = 1128 LIMIT 1[0m
  [1m[35m (1.0ms)[0m  SELECT COUNT(*) FROM "route_indices" WHERE (url = 'xrv-233xrv-231xrv-219xrv22xrv272xrv239xrv240xrv228xrv229xrv230')
  [1m[36mPlaceType Load (0.2ms)[0m  [1mselect * from place_types where name='Roadend'[0m
  [1m[35mSQL (0.4ms)[0m  INSERT INTO "route_indices" ("created_at", "endplace_id", "isDest", "startplace_id", "updated_at", "url") VALUES ($1, $2, $3, $4, $5, $6) RETURNING "id"  [["created_at", Mon, 27 Oct 2014 10:08:05 NZDT +13:00], ["endplace_id", 1128], ["isDest", true], ["startplace_id", 650], ["updated_at", Mon, 27 Oct 2014 10:08:05 NZDT +13:00], ["url", "xrv-233xrv-231xrv-219xrv22xrv272xrv239xrv240xrv228xrv229xrv230"]]
  [1m[36mPlace Load (0.3ms)[0m  [1mSELECT "places".* FROM "places" WHERE "places"."id" = 207 LIMIT 1[0m
  [1m[35m (1.0ms)[0m  SELECT COUNT(*) FROM "route_indices" WHERE (url = 'xrv-233xrv-231xrv-219xrv22xrv272xrv224xrv223xrv222xrv-238xrv-235')
  [1m[36mPlaceType Load (0.3ms)[0m  [1mselect * from place_types where name='Hut'[0m
  [1m[35mSQL (0.4ms)[0m  INSERT INTO "route_indices" ("created_at", "endplace_id", "isDest", "startplace_id", "updated_at", "url") VALUES ($1, $2, $3, $4, $5, $6) RETURNING "id"  [["created_at", Mon, 27 Oct 2014 10:08:05 NZDT +13:00], ["endplace_id", 207], ["isDest", true], ["startplace_id", 650], ["updated_at", Mon, 27 Oct 2014 10:08:05 NZDT +13:00], ["url", "xrv-233xrv-231xrv-219xrv22xrv272xrv224xrv223xrv222xrv-238xrv-235"]]
  [1m[36mPlace Load (0.2ms)[0m  [1mSELECT "places".* FROM "places" WHERE "places"."id" = 1125 LIMIT 1[0m
  [1m[35m (1.0ms)[0m  SELECT COUNT(*) FROM "route_indices" WHERE (url = 'xrv-233xrv-231xrv-219xrv22xrv272xrv224xrv-237xrv238xrv-222xrv225')
  [1m[36mPlaceType Load (0.3ms)[0m  [1mselect * from place_types where name='Campsite'[0m
  [1m[35mSQL (0.4ms)[0m  INSERT INTO "route_indices" ("created_at", "endplace_id", "isDest", "startplace_id", "updated_at", "url") VALUES ($1, $2, $3, $4, $5, $6) RETURNING "id"  [["created_at", Mon, 27 Oct 2014 10:08:05 NZDT +13:00], ["endplace_id", 1125], ["isDest", true], ["startplace_id", 650], ["updated_at", Mon, 27 Oct 2014 10:08:05 NZDT +13:00], ["url", "xrv-233xrv-231xrv-219xrv22xrv272xrv224xrv-237xrv238xrv-222xrv225"]]
  [1m[36mPlace Load (0.3ms)[0m  [1mSELECT "places".* FROM "places" WHERE "places"."id" = 1121 LIMIT 1[0m
  [1m[35m (1.0ms)[0m  SELECT COUNT(*) FROM "route_indices" WHERE (url = 'xrv-233xrv-231xrv-219xrv22xrv272xrv224xrv223xrv222xrv221xrv21')
  [1m[36mPlaceType Load (0.2ms)[0m  [1mselect * from place_types where name='Junction'[0m
  [1m[35mSQL (39.9ms)[0m  INSERT INTO "route_indices" ("created_at", "endplace_id", "isDest", "startplace_id", "updated_at", "url") VALUES ($1, $2, $3, $4, $5, $6) RETURNING "id"  [["created_at", Mon, 27 Oct 2014 10:08:05 NZDT +13:00], ["endplace_id", 1121], ["isDest", false], ["startplace_id", 650], ["updated_at", Mon, 27 Oct 2014 10:08:05 NZDT +13:00], ["url", "xrv-233xrv-231xrv-219xrv22xrv272xrv224xrv223xrv222xrv221xrv21"]]
  [1m[36mPlace Load (0.4ms)[0m  [1mSELECT "places".* FROM "places" WHERE "places"."id" = 1121 LIMIT 1[0m
  [1m[35m (1.3ms)[0m  SELECT COUNT(*) FROM "route_indices" WHERE (url = 'xrv-233xrv-231xrv-219xrv22xrv272xrv224xrv-237xrv238xrv221xrv21')
  [1m[36mPlaceType Load (0.3ms)[0m  [1mselect * from place_types where name='Junction'[0m
  [1m[35mSQL (0.5ms)[0m  INSERT INTO "route_indices" ("created_at", "endplace_id", "isDest", "startplace_id", "updated_at", "url") VALUES ($1, $2, $3, $4, $5, $6) RETURNING "id"  [["created_at", Mon, 27 Oct 2014 10:08:05 NZDT +13:00], ["endplace_id", 1121], ["isDest", false], ["startplace_id", 650], ["updated_at", Mon, 27 Oct 2014 10:08:05 NZDT +13:00], ["url", "xrv-233xrv-231xrv-219xrv22xrv272xrv224xrv-237xrv238xrv221xrv21"]]
  [1m[36mPlace Load (0.3ms)[0m  [1mSELECT "places".* FROM "places" WHERE "places"."id" = 769 LIMIT 1[0m
  [1m[35m (1.0ms)[0m  SELECT COUNT(*) FROM "route_indices" WHERE (url = 'xrv-233xrv-231xrv-219xrv22xrv272xrv224xrv-237xrv238xrv-222xrv225xrv226')
  [1m[36mPlaceType Load (0.2ms)[0m  [1mselect * from place_types where name='Hut'[0m
  [1m[35mSQL (0.4ms)[0m  INSERT INTO "route_indices" ("created_at", "endplace_id", "isDest", "startplace_id", "updated_at", "url") VALUES ($1, $2, $3, $4, $5, $6) RETURNING "id"  [["created_at", Mon, 27 Oct 2014 10:08:05 NZDT +13:00], ["endplace_id", 769], ["isDest", true], ["startplace_id", 650], ["updated_at", Mon, 27 Oct 2014 10:08:05 NZDT +13:00], ["url", "xrv-233xrv-231xrv-219xrv22xrv272xrv224xrv-237xrv238xrv-222xrv225xrv226"]]
  [1m[36mPlace Load (0.3ms)[0m  [1mSELECT "places".* FROM "places" WHERE "places"."id" = 1132 LIMIT 1[0m
  [1m[35m (1.1ms)[0m  SELECT COUNT(*) FROM "route_indices" WHERE (url = 'xrv-233xrv-231xrv-219xrv22xrv272xrv224xrv-237xrv-235xrv-243xrv-242xrv-241')
  [1m[36mPlaceType Load (0.2ms)[0m  [1mselect * from place_types where name='Campsite'[0m
  [1m[35mSQL (0.4ms)[0m  INSERT INTO "route_indices" ("created_at", "endplace_id", "isDest", "startplace_id", "updated_at", "url") VALUES ($1, $2, $3, $4, $5, $6) RETURNING "id"  [["created_at", Mon, 27 Oct 2014 10:08:05 NZDT +13:00], ["endplace_id", 1132], ["isDest", true], ["startplace_id", 650], ["updated_at", Mon, 27 Oct 2014 10:08:05 NZDT +13:00], ["url", "xrv-233xrv-231xrv-219xrv22xrv272xrv224xrv-237xrv-235xrv-243xrv-242xrv-241"]]
  [1m[36mPlace Load (0.2ms)[0m  [1mSELECT "places".* FROM "places" WHERE "places"."id" = 419 LIMIT 1[0m
  [1m[35m (1.0ms)[0m  SELECT COUNT(*) FROM "route_indices" WHERE (url = 'xrv-233xrv-231xrv-219xrv22xrv272xrv224xrv223xrv225xrv226xrv227xrv228xrv229')
  [1m[36mPlaceType Load (0.2ms)[0m  [1mselect * from place_types where name='Hut'[0m
  [1m[35mSQL (0.4ms)[0m  INSERT INTO "route_indices" ("created_at", "endplace_id", "isDest", "startplace_id", "updated_at", "url") VALUES ($1, $2, $3, $4, $5, $6) RETURNING "id"  [["created_at", Mon, 27 Oct 2014 10:08:05 NZDT +13:00], ["endplace_id", 419], ["isDest", true], ["startplace_id", 650], ["updated_at", Mon, 27 Oct 2014 10:08:05 NZDT +13:00], ["url", "xrv-233xrv-231xrv-219xrv22xrv272xrv224xrv223xrv225xrv226xrv227xrv228xrv229"]]
  [1m[36mPlace Load (0.3ms)[0m  [1mSELECT "places".* FROM "places" WHERE "places"."id" = 1130 LIMIT 1[0m
  [1m[35m (1.0ms)[0m  SELECT COUNT(*) FROM "route_indices" WHERE (url = 'xrv-233xrv-231xrv-219xrv22xrv272xrv224xrv223xrv225xrv226xrv227xrv-240')
  [1m[36mPlaceType Load (0.2ms)[0m  [1mselect * from place_types where name='Junction'[0m
  [1m[35mSQL (0.5ms)[0m  INSERT INTO "route_indices" ("created_at", "endplace_id", "isDest", "startplace_id", "updated_at", "url") VALUES ($1, $2, $3, $4, $5, $6) RETURNING "id"  [["created_at", Mon, 27 Oct 2014 10:08:05 NZDT +13:00], ["endplace_id", 1130], ["isDest", false], ["startplace_id", 650], ["updated_at", Mon, 27 Oct 2014 10:08:05 NZDT +13:00], ["url", "xrv-233xrv-231xrv-219xrv22xrv272xrv224xrv223xrv225xrv226xrv227xrv-240"]]
  [1m[36mPlace Load (0.3ms)[0m  [1mSELECT "places".* FROM "places" WHERE "places"."id" = 207 LIMIT 1[0m
  [1m[35m (1.0ms)[0m  SELECT COUNT(*) FROM "route_indices" WHERE (url = 'xrv-233xrv-231xrv-219xrv22xrv272xrv239xrv240xrv-227xrv-226xrv-225xrv222xrv-238xrv-235')
  [1m[36mPlaceType Load (0.2ms)[0m  [1mselect * from place_types where name='Hut'[0m
  [1m[35mSQL (0.5ms)[0m  INSERT INTO "route_indices" ("created_at", "endplace_id", "isDest", "startplace_id", "updated_at", "url") VALUES ($1, $2, $3, $4, $5, $6) RETURNING "id"  [["created_at", Mon, 27 Oct 2014 10:08:05 NZDT +13:00], ["endplace_id", 207], ["isDest", true], ["startplace_id", 650], ["updated_at", Mon, 27 Oct 2014 10:08:05 NZDT +13:00], ["url", "xrv-233xrv-231xrv-219xrv22xrv272xrv239xrv240xrv-227xrv-226xrv-225xrv222xrv-238xrv-235"]]
  [1m[36mPlace Load (0.2ms)[0m  [1mSELECT "places".* FROM "places" WHERE "places"."id" = 207 LIMIT 1[0m
  [1m[35m (1.0ms)[0m  SELECT COUNT(*) FROM "route_indices" WHERE (url = 'xrv-233xrv-231xrv-219xrv22xrv272xrv239xrv240xrv-227xrv-226xrv-225xrv-223xrv-237xrv-235')
  [1m[36mPlaceType Load (0.2ms)[0m  [1mselect * from place_types where name='Hut'[0m
  [1m[35mSQL (0.5ms)[0m  INSERT INTO "route_indices" ("created_at", "endplace_id", "isDest", "startplace_id", "updated_at", "url") VALUES ($1, $2, $3, $4, $5, $6) RETURNING "id"  [["created_at", Mon, 27 Oct 2014 10:08:05 NZDT +13:00], ["endplace_id", 207], ["isDest", true], ["startplace_id", 650], ["updated_at", Mon, 27 Oct 2014 10:08:05 NZDT +13:00], ["url", "xrv-233xrv-231xrv-219xrv22xrv272xrv239xrv240xrv-227xrv-226xrv-225xrv-223xrv-237xrv-235"]]
  [1m[36mPlace Load (0.3ms)[0m  [1mSELECT "places".* FROM "places" WHERE "places"."id" = 1132 LIMIT 1[0m
  [1m[35m (1.0ms)[0m  SELECT COUNT(*) FROM "route_indices" WHERE (url = 'xrv-233xrv-231xrv-219xrv22xrv272xrv224xrv223xrv222xrv-238xrv-235xrv-243xrv-242xrv-241')
  [1m[36mPlaceType Load (0.2ms)[0m  [1mselect * from place_types where name='Campsite'[0m
  [1m[35mSQL (0.4ms)[0m  INSERT INTO "route_indices" ("created_at", "endplace_id", "isDest", "startplace_id", "updated_at", "url") VALUES ($1, $2, $3, $4, $5, $6) RETURNING "id"  [["created_at", Mon, 27 Oct 2014 10:08:05 NZDT +13:00], ["endplace_id", 1132], ["isDest", true], ["startplace_id", 650], ["updated_at", Mon, 27 Oct 2014 10:08:05 NZDT +13:00], ["url", "xrv-233xrv-231xrv-219xrv22xrv272xrv224xrv223xrv222xrv-238xrv-235xrv-243xrv-242xrv-241"]]
  [1m[36mPlace Load (0.3ms)[0m  [1mSELECT "places".* FROM "places" WHERE "places"."id" = 1128 LIMIT 1[0m
  [1m[35m (1.1ms)[0m  SELECT COUNT(*) FROM "route_indices" WHERE (url = 'xrv-233xrv-231xrv-219xrv22xrv272xrv224xrv223xrv225xrv226xrv227xrv228xrv229xrv230')
  [1m[36mPlaceType Load (0.3ms)[0m  [1mselect * from place_types where name='Roadend'[0m
  [1m[35mSQL (0.5ms)[0m  INSERT INTO "route_indices" ("created_at", "endplace_id", "isDest", "startplace_id", "updated_at", "url") VALUES ($1, $2, $3, $4, $5, $6) RETURNING "id"  [["created_at", Mon, 27 Oct 2014 10:08:05 NZDT +13:00], ["endplace_id", 1128], ["isDest", true], ["startplace_id", 650], ["updated_at", Mon, 27 Oct 2014 10:08:05 NZDT +13:00], ["url", "xrv-233xrv-231xrv-219xrv22xrv272xrv224xrv223xrv225xrv226xrv227xrv228xrv229xrv230"]]
  [1m[36mPlace Load (0.3ms)[0m  [1mSELECT "places".* FROM "places" WHERE "places"."id" = 1121 LIMIT 1[0m
  [1m[35m (1.0ms)[0m  SELECT COUNT(*) FROM "route_indices" WHERE (url = 'xrv-233xrv-231xrv-219xrv22xrv272xrv239xrv240xrv-227xrv-226xrv-225xrv222xrv221xrv21')
  [1m[36mPlaceType Load (0.2ms)[0m  [1mselect * from place_types where name='Junction'[0m
  [1m[35mSQL (0.4ms)[0m  INSERT INTO "route_indices" ("created_at", "endplace_id", "isDest", "startplace_id", "updated_at", "url") VALUES ($1, $2, $3, $4, $5, $6) RETURNING "id"  [["created_at", Mon, 27 Oct 2014 10:08:05 NZDT +13:00], ["endplace_id", 1121], ["isDest", false], ["startplace_id", 650], ["updated_at", Mon, 27 Oct 2014 10:08:05 NZDT +13:00], ["url", "xrv-233xrv-231xrv-219xrv22xrv272xrv239xrv240xrv-227xrv-226xrv-225xrv222xrv221xrv21"]]
  [1m[36mPlace Load (0.3ms)[0m  [1mSELECT "places".* FROM "places" WHERE "places"."id" = 1124 LIMIT 1[0m
  [1m[35m (1.1ms)[0m  SELECT COUNT(*) FROM "route_indices" WHERE (url = 'xrv-233xrv-231xrv-219xrv22xrv272xrv239xrv240xrv-227xrv-226xrv-225xrv222xrv-238xrv237')
  [1m[36mPlaceType Load (0.3ms)[0m  [1mselect * from place_types where name='Junction'[0m
  [1m[35mSQL (0.6ms)[0m  INSERT INTO "route_indices" ("created_at", "endplace_id", "isDest", "startplace_id", "updated_at", "url") VALUES ($1, $2, $3, $4, $5, $6) RETURNING "id"  [["created_at", Mon, 27 Oct 2014 10:08:05 NZDT +13:00], ["endplace_id", 1124], ["isDest", false], ["startplace_id", 650], ["updated_at", Mon, 27 Oct 2014 10:08:05 NZDT +13:00], ["url", "xrv-233xrv-231xrv-219xrv22xrv272xrv239xrv240xrv-227xrv-226xrv-225xrv222xrv-238xrv237"]]
  [1m[36mPlace Load (0.3ms)[0m  [1mSELECT "places".* FROM "places" WHERE "places"."id" = 419 LIMIT 1[0m
  [1m[35m (1.0ms)[0m  SELECT COUNT(*) FROM "route_indices" WHERE (url = 'xrv-233xrv-231xrv-219xrv22xrv272xrv224xrv-237xrv238xrv-222xrv225xrv226xrv227xrv228xrv229')
  [1m[36mPlaceType Load (0.2ms)[0m  [1mselect * from place_types where name='Hut'[0m
  [1m[35mSQL (0.4ms)[0m  INSERT INTO "route_indices" ("created_at", "endplace_id", "isDest", "startplace_id", "updated_at", "url") VALUES ($1, $2, $3, $4, $5, $6) RETURNING "id"  [["created_at", Mon, 27 Oct 2014 10:08:05 NZDT +13:00], ["endplace_id", 419], ["isDest", true], ["startplace_id", 650], ["updated_at", Mon, 27 Oct 2014 10:08:05 NZDT +13:00], ["url", "xrv-233xrv-231xrv-219xrv22xrv272xrv224xrv-237xrv238xrv-222xrv225xrv226xrv227xrv228xrv229"]]
  [1m[36mPlace Load (0.3ms)[0m  [1mSELECT "places".* FROM "places" WHERE "places"."id" = 1130 LIMIT 1[0m
  [1m[35m (1.1ms)[0m  SELECT COUNT(*) FROM "route_indices" WHERE (url = 'xrv-233xrv-231xrv-219xrv22xrv272xrv224xrv-237xrv238xrv-222xrv225xrv226xrv227xrv-240')
  [1m[36mPlaceType Load (0.2ms)[0m  [1mselect * from place_types where name='Junction'[0m
  [1m[35mSQL (0.4ms)[0m  INSERT INTO "route_indices" ("created_at", "endplace_id", "isDest", "startplace_id", "updated_at", "url") VALUES ($1, $2, $3, $4, $5, $6) RETURNING "id"  [["created_at", Mon, 27 Oct 2014 10:08:05 NZDT +13:00], ["endplace_id", 1130], ["isDest", false], ["startplace_id", 650], ["updated_at", Mon, 27 Oct 2014 10:08:05 NZDT +13:00], ["url", "xrv-233xrv-231xrv-219xrv22xrv272xrv224xrv-237xrv238xrv-222xrv225xrv226xrv227xrv-240"]]
  [1m[36mPlace Load (0.3ms)[0m  [1mSELECT "places".* FROM "places" WHERE "places"."id" = 1128 LIMIT 1[0m
  [1m[35m (1.1ms)[0m  SELECT COUNT(*) FROM "route_indices" WHERE (url = 'xrv-233xrv-231xrv-219xrv22xrv272xrv224xrv-237xrv238xrv-222xrv225xrv226xrv227xrv228xrv229xrv230')
  [1m[36mPlaceType Load (0.2ms)[0m  [1mselect * from place_types where name='Roadend'[0m
  [1m[35mSQL (0.4ms)[0m  INSERT INTO "route_indices" ("created_at", "endplace_id", "isDest", "startplace_id", "updated_at", "url") VALUES ($1, $2, $3, $4, $5, $6) RETURNING "id"  [["created_at", Mon, 27 Oct 2014 10:08:05 NZDT +13:00], ["endplace_id", 1128], ["isDest", true], ["startplace_id", 650], ["updated_at", Mon, 27 Oct 2014 10:08:05 NZDT +13:00], ["url", "xrv-233xrv-231xrv-219xrv22xrv272xrv224xrv-237xrv238xrv-222xrv225xrv226xrv227xrv228xrv229xrv230"]]
  [1m[36mPlace Load (0.3ms)[0m  [1mSELECT "places".* FROM "places" WHERE "places"."id" = 1132 LIMIT 1[0m
  [1m[35m (1.0ms)[0m  SELECT COUNT(*) FROM "route_indices" WHERE (url = 'xrv-233xrv-231xrv-219xrv22xrv272xrv239xrv240xrv-227xrv-226xrv-225xrv222xrv-238xrv-235xrv-243xrv-242xrv-241')
  [1m[36mPlaceType Load (0.2ms)[0m  [1mselect * from place_types where name='Campsite'[0m
  [1m[35mSQL (0.4ms)[0m  INSERT INTO "route_indices" ("created_at", "endplace_id", "isDest", "startplace_id", "updated_at", "url") VALUES ($1, $2, $3, $4, $5, $6) RETURNING "id"  [["created_at", Mon, 27 Oct 2014 10:08:05 NZDT +13:00], ["endplace_id", 1132], ["isDest", true], ["startplace_id", 650], ["updated_at", Mon, 27 Oct 2014 10:08:05 NZDT +13:00], ["url", "xrv-233xrv-231xrv-219xrv22xrv272xrv239xrv240xrv-227xrv-226xrv-225xrv222xrv-238xrv-235xrv-243xrv-242xrv-241"]]
  [1m[36mPlace Load (0.3ms)[0m  [1mSELECT "places".* FROM "places" WHERE "places"."id" = 1121 LIMIT 1[0m
  [1m[35m (1.1ms)[0m  SELECT COUNT(*) FROM "route_indices" WHERE (url = 'xrv-233xrv-231xrv-219xrv22xrv272xrv239xrv240xrv-227xrv-226xrv-225xrv-223xrv-237xrv238xrv221xrv21')
  [1m[36mPlaceType Load (0.2ms)[0m  [1mselect * from place_types where name='Junction'[0m
  [1m[35mSQL (0.4ms)[0m  INSERT INTO "route_indices" ("created_at", "endplace_id", "isDest", "startplace_id", "updated_at", "url") VALUES ($1, $2, $3, $4, $5, $6) RETURNING "id"  [["created_at", Mon, 27 Oct 2014 10:08:05 NZDT +13:00], ["endplace_id", 1121], ["isDest", false], ["startplace_id", 650], ["updated_at", Mon, 27 Oct 2014 10:08:05 NZDT +13:00], ["url", "xrv-233xrv-231xrv-219xrv22xrv272xrv239xrv240xrv-227xrv-226xrv-225xrv-223xrv-237xrv238xrv221xrv21"]]
  [1m[36mPlace Load (0.3ms)[0m  [1mSELECT "places".* FROM "places" WHERE "places"."id" = 1132 LIMIT 1[0m
  [1m[35m (1.0ms)[0m  SELECT COUNT(*) FROM "route_indices" WHERE (url = 'xrv-233xrv-231xrv-219xrv22xrv272xrv239xrv240xrv-227xrv-226xrv-225xrv-223xrv-237xrv-235xrv-243xrv-242xrv-241')
  [1m[36mPlaceType Load (0.2ms)[0m  [1mselect * from place_types where name='Campsite'[0m
  [1m[35mSQL (0.4ms)[0m  INSERT INTO "route_indices" ("created_at", "endplace_id", "isDest", "startplace_id", "updated_at", "url") VALUES ($1, $2, $3, $4, $5, $6) RETURNING "id"  [["created_at", Mon, 27 Oct 2014 10:08:05 NZDT +13:00], ["endplace_id", 1132], ["isDest", true], ["startplace_id", 650], ["updated_at", Mon, 27 Oct 2014 10:08:05 NZDT +13:00], ["url", "xrv-233xrv-231xrv-219xrv22xrv272xrv239xrv240xrv-227xrv-226xrv-225xrv-223xrv-237xrv-235xrv-243xrv-242xrv-241"]]
  [1m[36mPlace Load (0.3ms)[0m  [1mSELECT "places".* FROM "places" WHERE "places"."id" = 207 LIMIT 1[0m
  [1m[35mPlaceType Load (0.2ms)[0m  select name, "isDest" from place_types
  [1m[36mRoute Load (0.3ms)[0m  [1mSELECT "routes".* FROM "routes" WHERE "routes"."id" = 233 LIMIT 1[0m
  [1m[35mPlace Load (0.2ms)[0m  SELECT "places".* FROM "places" WHERE "places"."id" = $1 LIMIT 1  [["id", 650]]
  [1m[36mPlace Load (0.2ms)[0m  [1mSELECT "places".* FROM "places" WHERE "places"."id" = $1 LIMIT 1[0m  [["id", 45]]
  [1m[35mRoute Load (0.3ms)[0m  SELECT "routes".* FROM "routes" WHERE "routes"."id" = 231 LIMIT 1
  [1m[36mCACHE (0.0ms)[0m  [1mSELECT "places".* FROM "places" WHERE "places"."id" = $1 LIMIT 1[0m  [["id", 45]]
  [1m[35mPlace Load (0.2ms)[0m  SELECT "places".* FROM "places" WHERE "places"."id" = $1 LIMIT 1  [["id", 976]]
  [1m[36mRoute Load (0.3ms)[0m  [1mSELECT "routes".* FROM "routes" WHERE "routes"."id" = 219 LIMIT 1[0m
  [1m[35mCACHE (0.0ms)[0m  SELECT "places".* FROM "places" WHERE "places"."id" = $1 LIMIT 1  [["id", 976]]
  [1m[36mPlace Load (0.2ms)[0m  [1mSELECT "places".* FROM "places" WHERE "places"."id" = $1 LIMIT 1[0m  [["id", 1119]]
  [1m[35mRoute Load (0.3ms)[0m  SELECT "routes".* FROM "routes" WHERE "routes"."id" = 22 LIMIT 1
  [1m[36mRoute Load (0.3ms)[0m  [1mSELECT "routes".* FROM "routes" WHERE "routes"."id" = 272 LIMIT 1[0m
  [1m[35mPlace Load (0.3ms)[0m  SELECT "places".* FROM "places" WHERE "places"."id" = 974 LIMIT 1
  [1m[36mCACHE (0.0ms)[0m  [1mSELECT "places".* FROM "places" WHERE "places"."id" = 974 LIMIT 1[0m
  [1m[35mRoute Load (0.3ms)[0m  select * from routes where startplace_id = 974
  [1m[36mRoute Load (0.3ms)[0m  [1mselect * from routes where endplace_id = 974[0m
  [1m[35mPlace Load (0.2ms)[0m  SELECT "places".* FROM "places" WHERE "places"."id" = $1 LIMIT 1  [["id", 974]]
  [1m[36mPlace Load (0.2ms)[0m  [1mSELECT "places".* FROM "places" WHERE "places"."id" = $1 LIMIT 1[0m  [["id", 471]]
  [1m[35mPlace Load (0.2ms)[0m  SELECT "places".* FROM "places" WHERE "places"."id" = $1 LIMIT 1  [["id", 1130]]
  [1m[36mPlace Load (0.2ms)[0m  [1mSELECT "places".* FROM "places" WHERE "places"."id" = $1 LIMIT 1[0m  [["id", 1124]]
  [1m[35mPlace Load (0.2ms)[0m  SELECT "places".* FROM "places" WHERE "places"."id" = 1130 LIMIT 1
  [1m[36mRoute Load (0.3ms)[0m  [1mselect * from routes where startplace_id = 1130[0m
  [1m[35mRoute Load (0.3ms)[0m  select * from routes where endplace_id = 1130
  [1m[36mCACHE (0.0ms)[0m  [1mSELECT "places".* FROM "places" WHERE "places"."id" = $1 LIMIT 1[0m  [["id", 1130]]
  [1m[35mCACHE (0.0ms)[0m  SELECT "places".* FROM "places" WHERE "places"."id" = $1 LIMIT 1  [["id", 974]]
  [1m[36mPlace Load (0.2ms)[0m  [1mSELECT "places".* FROM "places" WHERE "places"."id" = $1 LIMIT 1[0m  [["id", 1126]]
  [1m[35mPlace Load (0.3ms)[0m  SELECT "places".* FROM "places" WHERE "places"."id" = 1124 LIMIT 1
  [1m[36mRoute Load (0.3ms)[0m  [1mselect * from routes where startplace_id = 1124[0m
  [1m[35mRoute Load (0.3ms)[0m  select * from routes where endplace_id = 1124
  [1m[36mCACHE (0.0ms)[0m  [1mSELECT "places".* FROM "places" WHERE "places"."id" = $1 LIMIT 1[0m  [["id", 1124]]
  [1m[35mPlace Load (0.2ms)[0m  SELECT "places".* FROM "places" WHERE "places"."id" = $1 LIMIT 1  [["id", 1129]]
  [1m[36mCACHE (0.0ms)[0m  [1mSELECT "places".* FROM "places" WHERE "places"."id" = $1 LIMIT 1[0m  [["id", 1124]]
  [1m[35mCACHE (0.0ms)[0m  SELECT "places".* FROM "places" WHERE "places"."id" = $1 LIMIT 1  [["id", 974]]
  [1m[36mPlace Load (0.2ms)[0m  [1mSELECT "places".* FROM "places" WHERE "places"."id" = $1 LIMIT 1[0m  [["id", 1123]]
  [1m[35mPlace Load (0.3ms)[0m  SELECT "places".* FROM "places" WHERE "places"."id" = 1126 LIMIT 1
  [1m[36mRoute Load (0.3ms)[0m  [1mselect * from routes where startplace_id = 1126[0m
  [1m[35mRoute Load (0.3ms)[0m  select * from routes where endplace_id = 1126
  [1m[36mCACHE (0.0ms)[0m  [1mSELECT "places".* FROM "places" WHERE "places"."id" = $1 LIMIT 1[0m  [["id", 1126]]
  [1m[35mCACHE (0.0ms)[0m  SELECT "places".* FROM "places" WHERE "places"."id" = $1 LIMIT 1  [["id", 1130]]
  [1m[36mCACHE (0.0ms)[0m  [1mSELECT "places".* FROM "places" WHERE "places"."id" = $1 LIMIT 1[0m  [["id", 1126]]
  [1m[35mPlace Load (0.2ms)[0m  SELECT "places".* FROM "places" WHERE "places"."id" = $1 LIMIT 1  [["id", 769]]
  [1m[36mPlace Load (0.2ms)[0m  [1mSELECT "places".* FROM "places" WHERE "places"."id" = $1 LIMIT 1[0m  [["id", 1127]]
  [1m[35mPlace Load (0.2ms)[0m  SELECT "places".* FROM "places" WHERE "places"."id" = 1123 LIMIT 1
  [1m[36mRoute Load (0.3ms)[0m  [1mselect * from routes where startplace_id = 1123[0m
  [1m[35mRoute Load (0.3ms)[0m  select * from routes where endplace_id = 1123
  [1m[36mCACHE (0.0ms)[0m  [1mSELECT "places".* FROM "places" WHERE "places"."id" = $1 LIMIT 1[0m  [["id", 1123]]
  [1m[35mCACHE (0.0ms)[0m  SELECT "places".* FROM "places" WHERE "places"."id" = $1 LIMIT 1  [["id", 1124]]
  [1m[36mPlace Load (0.2ms)[0m  [1mSELECT "places".* FROM "places" WHERE "places"."id" = $1 LIMIT 1[0m  [["id", 975]]
  [1m[35mPlace Load (0.2ms)[0m  SELECT "places".* FROM "places" WHERE "places"."id" = $1 LIMIT 1  [["id", 1125]]
  [1m[36mPlace Load (0.3ms)[0m  [1mSELECT "places".* FROM "places" WHERE "places"."id" = 1129 LIMIT 1[0m
  [1m[35mRoute Load (0.3ms)[0m  select * from routes where startplace_id = 1129
  [1m[36mRoute Load (0.3ms)[0m  [1mselect * from routes where endplace_id = 1129[0m
  [1m[35mCACHE (0.0ms)[0m  SELECT "places".* FROM "places" WHERE "places"."id" = $1 LIMIT 1  [["id", 1129]]
  [1m[36mPlace Load (0.2ms)[0m  [1mSELECT "places".* FROM "places" WHERE "places"."id" = $1 LIMIT 1[0m  [["id", 207]]
  [1m[35mCACHE (0.0ms)[0m  SELECT "places".* FROM "places" WHERE "places"."id" = $1 LIMIT 1  [["id", 1124]]
  [1m[36mCACHE (0.0ms)[0m  [1mSELECT "places".* FROM "places" WHERE "places"."id" = $1 LIMIT 1[0m  [["id", 975]]
  [1m[35mPlace Load (0.3ms)[0m  SELECT "places".* FROM "places" WHERE "places"."id" = 1127 LIMIT 1
  [1m[36mRoute Load (0.3ms)[0m  [1mselect * from routes where startplace_id = 1127[0m
  [1m[35mRoute Load (0.3ms)[0m  select * from routes where endplace_id = 1127
  [1m[36mCACHE (0.0ms)[0m  [1mSELECT "places".* FROM "places" WHERE "places"."id" = $1 LIMIT 1[0m  [["id", 1127]]
  [1m[35mCACHE (0.0ms)[0m  SELECT "places".* FROM "places" WHERE "places"."id" = $1 LIMIT 1  [["id", 1126]]
  [1m[36mPlace Load (0.2ms)[0m  [1mSELECT "places".* FROM "places" WHERE "places"."id" = $1 LIMIT 1[0m  [["id", 419]]
  [1m[35mPlace Load (0.2ms)[0m  SELECT "places".* FROM "places" WHERE "places"."id" = 769 LIMIT 1
  [1m[36mRoute Load (0.3ms)[0m  [1mselect * from routes where startplace_id = 769[0m
  [1m[35mRoute Load (0.3ms)[0m  select * from routes where endplace_id = 769
  [1m[36mCACHE (0.0ms)[0m  [1mSELECT "places".* FROM "places" WHERE "places"."id" = $1 LIMIT 1[0m  [["id", 769]]
  [1m[35mCACHE (0.0ms)[0m  SELECT "places".* FROM "places" WHERE "places"."id" = $1 LIMIT 1  [["id", 1125]]
  [1m[36mCACHE (0.0ms)[0m  [1mSELECT "places".* FROM "places" WHERE "places"."id" = $1 LIMIT 1[0m  [["id", 1126]]
  [1m[35mPlace Load (0.3ms)[0m  SELECT "places".* FROM "places" WHERE "places"."id" = 975 LIMIT 1
  [1m[36mRoute Load (0.3ms)[0m  [1mselect * from routes where startplace_id = 975[0m
  [1m[35mRoute Load (0.3ms)[0m  select * from routes where endplace_id = 975
  [1m[36mCACHE (0.0ms)[0m  [1mSELECT "places".* FROM "places" WHERE "places"."id" = $1 LIMIT 1[0m  [["id", 975]]
  [1m[35mCACHE (0.0ms)[0m  SELECT "places".* FROM "places" WHERE "places"."id" = $1 LIMIT 1  [["id", 1129]]
  [1m[36mCACHE (0.0ms)[0m  [1mSELECT "places".* FROM "places" WHERE "places"."id" = $1 LIMIT 1[0m  [["id", 975]]
  [1m[35mCACHE (0.0ms)[0m  SELECT "places".* FROM "places" WHERE "places"."id" = $1 LIMIT 1  [["id", 1123]]
  [1m[36mPlace Load (0.2ms)[0m  [1mSELECT "places".* FROM "places" WHERE "places"."id" = $1 LIMIT 1[0m  [["id", 1122]]
  [1m[35mPlace Load (0.3ms)[0m  SELECT "places".* FROM "places" WHERE "places"."id" = 1125 LIMIT 1
  [1m[36mRoute Load (0.3ms)[0m  [1mselect * from routes where startplace_id = 1125[0m
  [1m[35mRoute Load (0.3ms)[0m  select * from routes where endplace_id = 1125
  [1m[36mCACHE (0.0ms)[0m  [1mSELECT "places".* FROM "places" WHERE "places"."id" = $1 LIMIT 1[0m  [["id", 1125]]
  [1m[35mCACHE (0.0ms)[0m  SELECT "places".* FROM "places" WHERE "places"."id" = $1 LIMIT 1  [["id", 1123]]
  [1m[36mCACHE (0.0ms)[0m  [1mSELECT "places".* FROM "places" WHERE "places"."id" = $1 LIMIT 1[0m  [["id", 769]]
  [1m[35mCACHE (0.0ms)[0m  SELECT "places".* FROM "places" WHERE "places"."id" = 975 LIMIT 1
  [1m[36mCACHE (0.0ms)[0m  [1mselect * from routes where startplace_id = 975[0m
  [1m[35mCACHE (0.0ms)[0m  select * from routes where endplace_id = 975
  [1m[36mCACHE (0.0ms)[0m  [1mSELECT "places".* FROM "places" WHERE "places"."id" = $1 LIMIT 1[0m  [["id", 975]]
  [1m[35mCACHE (0.0ms)[0m  SELECT "places".* FROM "places" WHERE "places"."id" = $1 LIMIT 1  [["id", 1129]]
  [1m[36mCACHE (0.0ms)[0m  [1mSELECT "places".* FROM "places" WHERE "places"."id" = $1 LIMIT 1[0m  [["id", 975]]
  [1m[35mCACHE (0.0ms)[0m  SELECT "places".* FROM "places" WHERE "places"."id" = $1 LIMIT 1  [["id", 1123]]
  [1m[36mCACHE (0.0ms)[0m  [1mSELECT "places".* FROM "places" WHERE "places"."id" = $1 LIMIT 1[0m  [["id", 1122]]
  [1m[35mPlace Load (0.3ms)[0m  SELECT "places".* FROM "places" WHERE "places"."id" = 419 LIMIT 1
  [1m[36mRoute Load (0.3ms)[0m  [1mselect * from routes where startplace_id = 419[0m
  [1m[35mRoute Load (0.3ms)[0m  select * from routes where endplace_id = 419
  [1m[36mCACHE (0.1ms)[0m  [1mSELECT "places".* FROM "places" WHERE "places"."id" = $1 LIMIT 1[0m  [["id", 419]]
  [1m[35mCACHE (0.0ms)[0m  SELECT "places".* FROM "places" WHERE "places"."id" = $1 LIMIT 1  [["id", 1127]]
  [1m[36mPlace Load (0.6ms)[0m  [1mSELECT "places".* FROM "places" WHERE "places"."id" = $1 LIMIT 1[0m  [["id", 1128]]
  [1m[35mCACHE (0.0ms)[0m  SELECT "places".* FROM "places" WHERE "places"."id" = 1125 LIMIT 1
  [1m[36mCACHE (0.0ms)[0m  [1mselect * from routes where startplace_id = 1125[0m
  [1m[35mCACHE (0.0ms)[0m  select * from routes where endplace_id = 1125
  [1m[36mCACHE (0.0ms)[0m  [1mSELECT "places".* FROM "places" WHERE "places"."id" = $1 LIMIT 1[0m  [["id", 1125]]
  [1m[35mCACHE (0.0ms)[0m  SELECT "places".* FROM "places" WHERE "places"."id" = $1 LIMIT 1  [["id", 1123]]
  [1m[36mCACHE (0.0ms)[0m  [1mSELECT "places".* FROM "places" WHERE "places"."id" = $1 LIMIT 1[0m  [["id", 769]]
  [1m[35mPlace Load (0.4ms)[0m  SELECT "places".* FROM "places" WHERE "places"."id" = 1122 LIMIT 1
  [1m[36mRoute Load (0.3ms)[0m  [1mselect * from routes where startplace_id = 1122[0m
  [1m[35mRoute Load (0.3ms)[0m  select * from routes where endplace_id = 1122
  [1m[36mCACHE (0.0ms)[0m  [1mSELECT "places".* FROM "places" WHERE "places"."id" = $1 LIMIT 1[0m  [["id", 1122]]
  [1m[35mCACHE (0.0ms)[0m  SELECT "places".* FROM "places" WHERE "places"."id" = $1 LIMIT 1  [["id", 975]]
  [1m[36mPlace Load (0.2ms)[0m  [1mSELECT "places".* FROM "places" WHERE "places"."id" = $1 LIMIT 1[0m  [["id", 1121]]
  [1m[35mCACHE (0.0ms)[0m  SELECT "places".* FROM "places" WHERE "places"."id" = 1129 LIMIT 1
  [1m[36mCACHE (0.0ms)[0m  [1mselect * from routes where startplace_id = 1129[0m
  [1m[35mCACHE (0.0ms)[0m  select * from routes where endplace_id = 1129
  [1m[36mCACHE (0.0ms)[0m  [1mSELECT "places".* FROM "places" WHERE "places"."id" = $1 LIMIT 1[0m  [["id", 1129]]
  [1m[35mCACHE (0.0ms)[0m  SELECT "places".* FROM "places" WHERE "places"."id" = $1 LIMIT 1  [["id", 207]]
  [1m[36mCACHE (0.0ms)[0m  [1mSELECT "places".* FROM "places" WHERE "places"."id" = $1 LIMIT 1[0m  [["id", 1124]]
  [1m[35mCACHE (0.0ms)[0m  SELECT "places".* FROM "places" WHERE "places"."id" = $1 LIMIT 1  [["id", 975]]
  [1m[36mCACHE (0.0ms)[0m  [1mSELECT "places".* FROM "places" WHERE "places"."id" = 769 LIMIT 1[0m
  [1m[35mCACHE (0.0ms)[0m  select * from routes where startplace_id = 769
  [1m[36mCACHE (0.0ms)[0m  [1mselect * from routes where endplace_id = 769[0m
  [1m[35mCACHE (0.0ms)[0m  SELECT "places".* FROM "places" WHERE "places"."id" = $1 LIMIT 1  [["id", 769]]
  [1m[36mCACHE (0.0ms)[0m  [1mSELECT "places".* FROM "places" WHERE "places"."id" = $1 LIMIT 1[0m  [["id", 1125]]
  [1m[35mCACHE (0.0ms)[0m  SELECT "places".* FROM "places" WHERE "places"."id" = $1 LIMIT 1  [["id", 1126]]
  [1m[36mCACHE (0.0ms)[0m  [1mSELECT "places".* FROM "places" WHERE "places"."id" = 1122 LIMIT 1[0m
  [1m[35mCACHE (0.0ms)[0m  select * from routes where startplace_id = 1122
  [1m[36mCACHE (0.0ms)[0m  [1mselect * from routes where endplace_id = 1122[0m
  [1m[35mCACHE (0.0ms)[0m  SELECT "places".* FROM "places" WHERE "places"."id" = $1 LIMIT 1  [["id", 1122]]
  [1m[36mCACHE (0.0ms)[0m  [1mSELECT "places".* FROM "places" WHERE "places"."id" = $1 LIMIT 1[0m  [["id", 975]]
  [1m[35mCACHE (0.0ms)[0m  SELECT "places".* FROM "places" WHERE "places"."id" = $1 LIMIT 1  [["id", 1121]]
  [1m[36mCACHE (0.0ms)[0m  [1mSELECT "places".* FROM "places" WHERE "places"."id" = 1123 LIMIT 1[0m
  [1m[35mCACHE (0.0ms)[0m  select * from routes where startplace_id = 1123
  [1m[36mCACHE (0.0ms)[0m  [1mselect * from routes where endplace_id = 1123[0m
  [1m[35mCACHE (0.0ms)[0m  SELECT "places".* FROM "places" WHERE "places"."id" = $1 LIMIT 1  [["id", 1123]]
  [1m[36mCACHE (0.0ms)[0m  [1mSELECT "places".* FROM "places" WHERE "places"."id" = $1 LIMIT 1[0m  [["id", 1124]]
  [1m[35mCACHE (0.0ms)[0m  SELECT "places".* FROM "places" WHERE "places"."id" = $1 LIMIT 1  [["id", 975]]
  [1m[36mCACHE (0.0ms)[0m  [1mSELECT "places".* FROM "places" WHERE "places"."id" = $1 LIMIT 1[0m  [["id", 1125]]
  [1m[35mPlace Load (0.3ms)[0m  SELECT "places".* FROM "places" WHERE "places"."id" = 1128 LIMIT 1
  [1m[36mRoute Load (0.2ms)[0m  [1mselect * from routes where startplace_id = 1128[0m
  [1m[35mRoute Load (0.3ms)[0m  select * from routes where endplace_id = 1128
  [1m[36mCACHE (0.0ms)[0m  [1mSELECT "places".* FROM "places" WHERE "places"."id" = $1 LIMIT 1[0m  [["id", 1128]]
  [1m[35mCACHE (0.0ms)[0m  SELECT "places".* FROM "places" WHERE "places"."id" = $1 LIMIT 1  [["id", 419]]
  [1m[36mCACHE (0.0ms)[0m  [1mSELECT "places".* FROM "places" WHERE "places"."id" = 1123 LIMIT 1[0m
  [1m[35mCACHE (0.0ms)[0m  select * from routes where startplace_id = 1123
  [1m[36mCACHE (0.0ms)[0m  [1mselect * from routes where endplace_id = 1123[0m
  [1m[35mCACHE (0.0ms)[0m  SELECT "places".* FROM "places" WHERE "places"."id" = $1 LIMIT 1  [["id", 1123]]
  [1m[36mCACHE (0.0ms)[0m  [1mSELECT "places".* FROM "places" WHERE "places"."id" = $1 LIMIT 1[0m  [["id", 1124]]
  [1m[35mCACHE (0.0ms)[0m  SELECT "places".* FROM "places" WHERE "places"."id" = $1 LIMIT 1  [["id", 975]]
  [1m[36mCACHE (0.0ms)[0m  [1mSELECT "places".* FROM "places" WHERE "places"."id" = $1 LIMIT 1[0m  [["id", 1125]]
  [1m[35mPlace Load (0.3ms)[0m  SELECT "places".* FROM "places" WHERE "places"."id" = 1121 LIMIT 1
  [1m[36mRoute Load (0.3ms)[0m  [1mselect * from routes where startplace_id = 1121[0m
  [1m[35mRoute Load (0.3ms)[0m  select * from routes where endplace_id = 1121
  [1m[36mCACHE (0.0ms)[0m  [1mSELECT "places".* FROM "places" WHERE "places"."id" = $1 LIMIT 1[0m  [["id", 1121]]
  [1m[35mCACHE (0.0ms)[0m  SELECT "places".* FROM "places" WHERE "places"."id" = $1 LIMIT 1  [["id", 1122]]
  [1m[36mCACHE (0.0ms)[0m  [1mSELECT "places".* FROM "places" WHERE "places"."id" = $1 LIMIT 1[0m  [["id", 976]]
  [1m[35mCACHE (0.0ms)[0m  SELECT "places".* FROM "places" WHERE "places"."id" = 1126 LIMIT 1
  [1m[36mCACHE (0.0ms)[0m  [1mselect * from routes where startplace_id = 1126[0m
  [1m[35mCACHE (0.0ms)[0m  select * from routes where endplace_id = 1126
  [1m[36mCACHE (0.0ms)[0m  [1mSELECT "places".* FROM "places" WHERE "places"."id" = $1 LIMIT 1[0m  [["id", 1126]]
  [1m[35mCACHE (0.0ms)[0m  SELECT "places".* FROM "places" WHERE "places"."id" = $1 LIMIT 1  [["id", 1130]]
  [1m[36mCACHE (0.0ms)[0m  [1mSELECT "places".* FROM "places" WHERE "places"."id" = $1 LIMIT 1[0m  [["id", 1126]]
  [1m[35mCACHE (0.0ms)[0m  SELECT "places".* FROM "places" WHERE "places"."id" = $1 LIMIT 1  [["id", 769]]
  [1m[36mCACHE (0.0ms)[0m  [1mSELECT "places".* FROM "places" WHERE "places"."id" = $1 LIMIT 1[0m  [["id", 1127]]
  [1m[35mCACHE (0.0ms)[0m  SELECT "places".* FROM "places" WHERE "places"."id" = 1121 LIMIT 1
  [1m[36mCACHE (0.0ms)[0m  [1mselect * from routes where startplace_id = 1121[0m
  [1m[35mCACHE (0.0ms)[0m  select * from routes where endplace_id = 1121
  [1m[36mCACHE (0.0ms)[0m  [1mSELECT "places".* FROM "places" WHERE "places"."id" = $1 LIMIT 1[0m  [["id", 1121]]
  [1m[35mCACHE (0.0ms)[0m  SELECT "places".* FROM "places" WHERE "places"."id" = $1 LIMIT 1  [["id", 1122]]
  [1m[36mCACHE (0.0ms)[0m  [1mSELECT "places".* FROM "places" WHERE "places"."id" = $1 LIMIT 1[0m  [["id", 976]]
  [1m[35mCACHE (0.0ms)[0m  SELECT "places".* FROM "places" WHERE "places"."id" = 1125 LIMIT 1
  [1m[36mCACHE (0.0ms)[0m  [1mselect * from routes where startplace_id = 1125[0m
  [1m[35mCACHE (0.0ms)[0m  select * from routes where endplace_id = 1125
  [1m[36mCACHE (0.0ms)[0m  [1mSELECT "places".* FROM "places" WHERE "places"."id" = $1 LIMIT 1[0m  [["id", 1125]]
  [1m[35mCACHE (0.0ms)[0m  SELECT "places".* FROM "places" WHERE "places"."id" = $1 LIMIT 1  [["id", 1123]]
  [1m[36mCACHE (0.0ms)[0m  [1mSELECT "places".* FROM "places" WHERE "places"."id" = $1 LIMIT 1[0m  [["id", 769]]
  [1m[35mCACHE (0.0ms)[0m  SELECT "places".* FROM "places" WHERE "places"."id" = 975 LIMIT 1
  [1m[36mCACHE (0.0ms)[0m  [1mselect * from routes where startplace_id = 975[0m
  [1m[35mCACHE (0.0ms)[0m  select * from routes where endplace_id = 975
  [1m[36mCACHE (0.0ms)[0m  [1mSELECT "places".* FROM "places" WHERE "places"."id" = $1 LIMIT 1[0m  [["id", 975]]
  [1m[35mCACHE (0.0ms)[0m  SELECT "places".* FROM "places" WHERE "places"."id" = $1 LIMIT 1  [["id", 1129]]
  [1m[36mCACHE (0.0ms)[0m  [1mSELECT "places".* FROM "places" WHERE "places"."id" = $1 LIMIT 1[0m  [["id", 975]]
  [1m[35mCACHE (0.0ms)[0m  SELECT "places".* FROM "places" WHERE "places"."id" = $1 LIMIT 1  [["id", 1123]]
  [1m[36mCACHE (0.0ms)[0m  [1mSELECT "places".* FROM "places" WHERE "places"."id" = $1 LIMIT 1[0m  [["id", 1122]]
  [1m[35mCACHE (0.0ms)[0m  SELECT "places".* FROM "places" WHERE "places"."id" = 1124 LIMIT 1
  [1m[36mCACHE (0.0ms)[0m  [1mselect * from routes where startplace_id = 1124[0m
  [1m[35mCACHE (0.0ms)[0m  select * from routes where endplace_id = 1124
  [1m[36mCACHE (0.0ms)[0m  [1mSELECT "places".* FROM "places" WHERE "places"."id" = $1 LIMIT 1[0m  [["id", 1124]]
  [1m[35mCACHE (0.0ms)[0m  SELECT "places".* FROM "places" WHERE "places"."id" = $1 LIMIT 1  [["id", 1129]]
  [1m[36mCACHE (0.0ms)[0m  [1mSELECT "places".* FROM "places" WHERE "places"."id" = $1 LIMIT 1[0m  [["id", 1124]]
  [1m[35mCACHE (0.0ms)[0m  SELECT "places".* FROM "places" WHERE "places"."id" = $1 LIMIT 1  [["id", 974]]
  [1m[36mCACHE (0.0ms)[0m  [1mSELECT "places".* FROM "places" WHERE "places"."id" = $1 LIMIT 1[0m  [["id", 1123]]
  [1m[35mCACHE (0.0ms)[0m  SELECT "places".* FROM "places" WHERE "places"."id" = 1127 LIMIT 1
  [1m[36mCACHE (0.0ms)[0m  [1mselect * from routes where startplace_id = 1127[0m
  [1m[35mCACHE (0.0ms)[0m  select * from routes where endplace_id = 1127
  [1m[36mCACHE (0.0ms)[0m  [1mSELECT "places".* FROM "places" WHERE "places"."id" = $1 LIMIT 1[0m  [["id", 1127]]
  [1m[35mCACHE (0.0ms)[0m  SELECT "places".* FROM "places" WHERE "places"."id" = $1 LIMIT 1  [["id", 1126]]
  [1m[36mCACHE (0.0ms)[0m  [1mSELECT "places".* FROM "places" WHERE "places"."id" = $1 LIMIT 1[0m  [["id", 419]]
  [1m[35mCACHE (0.0ms)[0m  SELECT "places".* FROM "places" WHERE "places"."id" = 1130 LIMIT 1
  [1m[36mCACHE (0.0ms)[0m  [1mselect * from routes where startplace_id = 1130[0m
  [1m[35mCACHE (0.0ms)[0m  select * from routes where endplace_id = 1130
  [1m[36mCACHE (0.0ms)[0m  [1mSELECT "places".* FROM "places" WHERE "places"."id" = $1 LIMIT 1[0m  [["id", 1130]]
  [1m[35mCACHE (0.0ms)[0m  SELECT "places".* FROM "places" WHERE "places"."id" = $1 LIMIT 1  [["id", 974]]
  [1m[36mCACHE (0.0ms)[0m  [1mSELECT "places".* FROM "places" WHERE "places"."id" = $1 LIMIT 1[0m  [["id", 1126]]
  [1m[35mCACHE (0.0ms)[0m  SELECT "places".* FROM "places" WHERE "places"."id" = 769 LIMIT 1
  [1m[36mCACHE (0.0ms)[0m  [1mselect * from routes where startplace_id = 769[0m
  [1m[35mCACHE (0.0ms)[0m  select * from routes where endplace_id = 769
  [1m[36mCACHE (0.0ms)[0m  [1mSELECT "places".* FROM "places" WHERE "places"."id" = $1 LIMIT 1[0m  [["id", 769]]
  [1m[35mCACHE (0.0ms)[0m  SELECT "places".* FROM "places" WHERE "places"."id" = $1 LIMIT 1  [["id", 1125]]
  [1m[36mCACHE (0.0ms)[0m  [1mSELECT "places".* FROM "places" WHERE "places"."id" = $1 LIMIT 1[0m  [["id", 1126]]
  [1m[35mCACHE (0.0ms)[0m  SELECT "places".* FROM "places" WHERE "places"."id" = 1122 LIMIT 1
  [1m[36mCACHE (0.0ms)[0m  [1mselect * from routes where startplace_id = 1122[0m
  [1m[35mCACHE (0.0ms)[0m  select * from routes where endplace_id = 1122
  [1m[36mCACHE (0.0ms)[0m  [1mSELECT "places".* FROM "places" WHERE "places"."id" = $1 LIMIT 1[0m  [["id", 1122]]
  [1m[35mCACHE (0.0ms)[0m  SELECT "places".* FROM "places" WHERE "places"."id" = $1 LIMIT 1  [["id", 975]]
  [1m[36mCACHE (0.0ms)[0m  [1mSELECT "places".* FROM "places" WHERE "places"."id" = $1 LIMIT 1[0m  [["id", 1121]]
  [1m[35mCACHE (0.0ms)[0m  SELECT "places".* FROM "places" WHERE "places"."id" = 1129 LIMIT 1
  [1m[36mCACHE (0.0ms)[0m  [1mselect * from routes where startplace_id = 1129[0m
  [1m[35mCACHE (0.0ms)[0m  select * from routes where endplace_id = 1129
  [1m[36mCACHE (0.0ms)[0m  [1mSELECT "places".* FROM "places" WHERE "places"."id" = $1 LIMIT 1[0m  [["id", 1129]]
  [1m[35mCACHE (0.0ms)[0m  SELECT "places".* FROM "places" WHERE "places"."id" = $1 LIMIT 1  [["id", 207]]
  [1m[36mCACHE (0.0ms)[0m  [1mSELECT "places".* FROM "places" WHERE "places"."id" = $1 LIMIT 1[0m  [["id", 1124]]
  [1m[35mCACHE (0.0ms)[0m  SELECT "places".* FROM "places" WHERE "places"."id" = $1 LIMIT 1  [["id", 975]]
  [1m[36mCACHE (0.0ms)[0m  [1mSELECT "places".* FROM "places" WHERE "places"."id" = 1129 LIMIT 1[0m
  [1m[35mCACHE (0.0ms)[0m  select * from routes where startplace_id = 1129
  [1m[36mCACHE (0.0ms)[0m  [1mselect * from routes where endplace_id = 1129[0m
  [1m[35mCACHE (0.0ms)[0m  SELECT "places".* FROM "places" WHERE "places"."id" = $1 LIMIT 1  [["id", 1129]]
  [1m[36mCACHE (0.0ms)[0m  [1mSELECT "places".* FROM "places" WHERE "places"."id" = $1 LIMIT 1[0m  [["id", 207]]
  [1m[35mCACHE (0.0ms)[0m  SELECT "places".* FROM "places" WHERE "places"."id" = $1 LIMIT 1  [["id", 1124]]
  [1m[36mCACHE (0.0ms)[0m  [1mSELECT "places".* FROM "places" WHERE "places"."id" = $1 LIMIT 1[0m  [["id", 975]]
  [1m[35mCACHE (0.0ms)[0m  SELECT "places".* FROM "places" WHERE "places"."id" = 419 LIMIT 1
  [1m[36mCACHE (0.0ms)[0m  [1mselect * from routes where startplace_id = 419[0m
  [1m[35mCACHE (0.0ms)[0m  select * from routes where endplace_id = 419
  [1m[36mCACHE (0.0ms)[0m  [1mSELECT "places".* FROM "places" WHERE "places"."id" = $1 LIMIT 1[0m  [["id", 419]]
  [1m[35mCACHE (0.0ms)[0m  SELECT "places".* FROM "places" WHERE "places"."id" = $1 LIMIT 1  [["id", 1127]]
  [1m[36mCACHE (0.0ms)[0m  [1mSELECT "places".* FROM "places" WHERE "places"."id" = $1 LIMIT 1[0m  [["id", 1128]]
  [1m[35mCACHE (0.0ms)[0m  SELECT "places".* FROM "places" WHERE "places"."id" = 1126 LIMIT 1
  [1m[36mCACHE (0.0ms)[0m  [1mselect * from routes where startplace_id = 1126[0m
  [1m[35mCACHE (0.0ms)[0m  select * from routes where endplace_id = 1126
  [1m[36mCACHE (0.0ms)[0m  [1mSELECT "places".* FROM "places" WHERE "places"."id" = $1 LIMIT 1[0m  [["id", 1126]]
  [1m[35mCACHE (0.0ms)[0m  SELECT "places".* FROM "places" WHERE "places"."id" = $1 LIMIT 1  [["id", 1130]]
  [1m[36mCACHE (0.0ms)[0m  [1mSELECT "places".* FROM "places" WHERE "places"."id" = $1 LIMIT 1[0m  [["id", 1126]]
  [1m[35mCACHE (0.0ms)[0m  SELECT "places".* FROM "places" WHERE "places"."id" = $1 LIMIT 1  [["id", 769]]
  [1m[36mCACHE (0.0ms)[0m  [1mSELECT "places".* FROM "places" WHERE "places"."id" = $1 LIMIT 1[0m  [["id", 1127]]
  [1m[35mCACHE (0.0ms)[0m  SELECT "places".* FROM "places" WHERE "places"."id" = 1121 LIMIT 1
  [1m[36mCACHE (0.0ms)[0m  [1mselect * from routes where startplace_id = 1121[0m
  [1m[35mCACHE (0.0ms)[0m  select * from routes where endplace_id = 1121
  [1m[36mCACHE (0.0ms)[0m  [1mSELECT "places".* FROM "places" WHERE "places"."id" = $1 LIMIT 1[0m  [["id", 1121]]
  [1m[35mCACHE (0.0ms)[0m  SELECT "places".* FROM "places" WHERE "places"."id" = $1 LIMIT 1  [["id", 1122]]
  [1m[36mCACHE (0.0ms)[0m  [1mSELECT "places".* FROM "places" WHERE "places"."id" = $1 LIMIT 1[0m  [["id", 976]]
  [1m[35mCACHE (0.0ms)[0m  SELECT "places".* FROM "places" WHERE "places"."id" = 1124 LIMIT 1
  [1m[36mCACHE (0.0ms)[0m  [1mselect * from routes where startplace_id = 1124[0m
  [1m[35mCACHE (0.0ms)[0m  select * from routes where endplace_id = 1124
  [1m[36mCACHE (0.0ms)[0m  [1mSELECT "places".* FROM "places" WHERE "places"."id" = $1 LIMIT 1[0m  [["id", 1124]]
  [1m[35mCACHE (0.0ms)[0m  SELECT "places".* FROM "places" WHERE "places"."id" = $1 LIMIT 1  [["id", 1129]]
  [1m[36mCACHE (0.0ms)[0m  [1mSELECT "places".* FROM "places" WHERE "places"."id" = $1 LIMIT 1[0m  [["id", 1124]]
  [1m[35mCACHE (0.0ms)[0m  SELECT "places".* FROM "places" WHERE "places"."id" = $1 LIMIT 1  [["id", 974]]
  [1m[36mCACHE (0.0ms)[0m  [1mSELECT "places".* FROM "places" WHERE "places"."id" = $1 LIMIT 1[0m  [["id", 1123]]
  [1m[35mCACHE (0.0ms)[0m  SELECT "places".* FROM "places" WHERE "places"."id" = 975 LIMIT 1
  [1m[36mCACHE (0.0ms)[0m  [1mselect * from routes where startplace_id = 975[0m
  [1m[35mCACHE (0.0ms)[0m  select * from routes where endplace_id = 975
  [1m[36mCACHE (0.0ms)[0m  [1mSELECT "places".* FROM "places" WHERE "places"."id" = $1 LIMIT 1[0m  [["id", 975]]
  [1m[35mCACHE (0.0ms)[0m  SELECT "places".* FROM "places" WHERE "places"."id" = $1 LIMIT 1  [["id", 1129]]
  [1m[36mCACHE (0.0ms)[0m  [1mSELECT "places".* FROM "places" WHERE "places"."id" = $1 LIMIT 1[0m  [["id", 975]]
  [1m[35mCACHE (0.0ms)[0m  SELECT "places".* FROM "places" WHERE "places"."id" = $1 LIMIT 1  [["id", 1123]]
  [1m[36mCACHE (0.0ms)[0m  [1mSELECT "places".* FROM "places" WHERE "places"."id" = $1 LIMIT 1[0m  [["id", 1122]]
  [1m[35mCACHE (0.0ms)[0m  SELECT "places".* FROM "places" WHERE "places"."id" = 1128 LIMIT 1
  [1m[36mCACHE (0.0ms)[0m  [1mselect * from routes where startplace_id = 1128[0m
  [1m[35mCACHE (0.0ms)[0m  select * from routes where endplace_id = 1128
  [1m[36mCACHE (0.0ms)[0m  [1mSELECT "places".* FROM "places" WHERE "places"."id" = $1 LIMIT 1[0m  [["id", 1128]]
  [1m[35mCACHE (0.0ms)[0m  SELECT "places".* FROM "places" WHERE "places"."id" = $1 LIMIT 1  [["id", 419]]
  [1m[36mCACHE (0.0ms)[0m  [1mSELECT "places".* FROM "places" WHERE "places"."id" = 1127 LIMIT 1[0m
  [1m[35mCACHE (0.0ms)[0m  select * from routes where startplace_id = 1127
  [1m[36mCACHE (0.0ms)[0m  [1mselect * from routes where endplace_id = 1127[0m
  [1m[35mCACHE (0.0ms)[0m  SELECT "places".* FROM "places" WHERE "places"."id" = $1 LIMIT 1  [["id", 1127]]
  [1m[36mCACHE (0.0ms)[0m  [1mSELECT "places".* FROM "places" WHERE "places"."id" = $1 LIMIT 1[0m  [["id", 1126]]
  [1m[35mCACHE (0.0ms)[0m  SELECT "places".* FROM "places" WHERE "places"."id" = $1 LIMIT 1  [["id", 419]]
  [1m[36mCACHE (0.0ms)[0m  [1mSELECT "places".* FROM "places" WHERE "places"."id" = 1130 LIMIT 1[0m
  [1m[35mCACHE (0.0ms)[0m  select * from routes where startplace_id = 1130
  [1m[36mCACHE (0.0ms)[0m  [1mselect * from routes where endplace_id = 1130[0m
  [1m[35mCACHE (0.0ms)[0m  SELECT "places".* FROM "places" WHERE "places"."id" = $1 LIMIT 1  [["id", 1130]]
  [1m[36mCACHE (0.0ms)[0m  [1mSELECT "places".* FROM "places" WHERE "places"."id" = $1 LIMIT 1[0m  [["id", 974]]
  [1m[35mCACHE (0.0ms)[0m  SELECT "places".* FROM "places" WHERE "places"."id" = $1 LIMIT 1  [["id", 1126]]
  [1m[36mCACHE (0.0ms)[0m  [1mSELECT "places".* FROM "places" WHERE "places"."id" = 1122 LIMIT 1[0m
  [1m[35mCACHE (0.0ms)[0m  select * from routes where startplace_id = 1122
  [1m[36mCACHE (0.0ms)[0m  [1mselect * from routes where endplace_id = 1122[0m
  [1m[35mCACHE (0.0ms)[0m  SELECT "places".* FROM "places" WHERE "places"."id" = $1 LIMIT 1  [["id", 1122]]
  [1m[36mCACHE (0.0ms)[0m  [1mSELECT "places".* FROM "places" WHERE "places"."id" = $1 LIMIT 1[0m  [["id", 975]]
  [1m[35mCACHE (0.0ms)[0m  SELECT "places".* FROM "places" WHERE "places"."id" = $1 LIMIT 1  [["id", 1121]]
  [1m[36mCACHE (0.0ms)[0m  [1mSELECT "places".* FROM "places" WHERE "places"."id" = 419 LIMIT 1[0m
  [1m[35mCACHE (0.0ms)[0m  select * from routes where startplace_id = 419
  [1m[36mCACHE (0.0ms)[0m  [1mselect * from routes where endplace_id = 419[0m
  [1m[35mCACHE (0.0ms)[0m  SELECT "places".* FROM "places" WHERE "places"."id" = $1 LIMIT 1  [["id", 419]]
  [1m[36mCACHE (0.0ms)[0m  [1mSELECT "places".* FROM "places" WHERE "places"."id" = $1 LIMIT 1[0m  [["id", 1127]]
  [1m[35mCACHE (0.0ms)[0m  SELECT "places".* FROM "places" WHERE "places"."id" = $1 LIMIT 1  [["id", 1128]]
BNewroutes
207
{:place=>974, :route=>[272, 22, -219, -231, -233], :url=>"xrv-234xrv-233xrv-231xrv-219xrv22xrv272"}
{:place=>769, :route=>[-227, 240, 239, 272, 22, -219, -231, -233], :url=>"xrv-234xrv-233xrv-231xrv-219xrv22xrv272xrv239xrv240xrv-227"}
{:place=>1125, :route=>[225, 223, 224, 272, 22, -219, -231, -233], :url=>"xrv-234xrv-233xrv-231xrv-219xrv22xrv272xrv224xrv223xrv225"}
{:place=>419, :route=>[229, 228, 240, 239, 272, 22, -219, -231, -233], :url=>"xrv-234xrv-233xrv-231xrv-219xrv22xrv272xrv239xrv240xrv228xrv229"}
{:place=>1125, :route=>[-226, -227, 240, 239, 272, 22, -219, -231, -233], :url=>"xrv-234xrv-233xrv-231xrv-219xrv22xrv272xrv239xrv240xrv-227xrv-226"}
{:place=>769, :route=>[226, 225, 223, 224, 272, 22, -219, -231, -233], :url=>"xrv-234xrv-233xrv-231xrv-219xrv22xrv272xrv224xrv223xrv225xrv226"}
{:place=>1128, :route=>[230, 229, 228, 240, 239, 272, 22, -219, -231, -233], :url=>"xrv-234xrv-233xrv-231xrv-219xrv22xrv272xrv239xrv240xrv228xrv229xrv230"}
{:place=>1129, :route=>[-238, 222, 223, 224, 272, 22, -219, -231, -233], :url=>"xrv-234xrv-233xrv-231xrv-219xrv22xrv272xrv224xrv223xrv222xrv-238"}
{:place=>1125, :route=>[225, -222, 238, -237, 224, 272, 22, -219, -231, -233], :url=>"xrv-234xrv-233xrv-231xrv-219xrv22xrv272xrv224xrv-237xrv238xrv-222xrv225"}
{:place=>1121, :route=>[21, 221, 222, 223, 224, 272, 22, -219, -231, -233], :url=>"xrv-234xrv-233xrv-231xrv-219xrv22xrv272xrv224xrv223xrv222xrv221xrv21"}
{:place=>1121, :route=>[21, 221, 238, -237, 224, 272, 22, -219, -231, -233], :url=>"xrv-234xrv-233xrv-231xrv-219xrv22xrv272xrv224xrv-237xrv238xrv221xrv21"}
{:place=>769, :route=>[226, 225, -222, 238, -237, 224, 272, 22, -219, -231, -233], :url=>"xrv-234xrv-233xrv-231xrv-219xrv22xrv272xrv224xrv-237xrv238xrv-222xrv225xrv226"}
{:place=>419, :route=>[229, 228, 227, 226, 225, 223, 224, 272, 22, -219, -231, -233], :url=>"xrv-234xrv-233xrv-231xrv-219xrv22xrv272xrv224xrv223xrv225xrv226xrv227xrv228xrv229"}
{:place=>1130, :route=>[-240, 227, 226, 225, 223, 224, 272, 22, -219, -231, -233], :url=>"xrv-234xrv-233xrv-231xrv-219xrv22xrv272xrv224xrv223xrv225xrv226xrv227xrv-240"}
{:place=>1128, :route=>[230, 229, 228, 227, 226, 225, 223, 224, 272, 22, -219, -231, -233], :url=>"xrv-234xrv-233xrv-231xrv-219xrv22xrv272xrv224xrv223xrv225xrv226xrv227xrv228xrv229xrv230"}
{:place=>1121, :route=>[21, 221, 222, -225, -226, -227, 240, 239, 272, 22, -219, -231, -233], :url=>"xrv-234xrv-233xrv-231xrv-219xrv22xrv272xrv239xrv240xrv-227xrv-226xrv-225xrv222xrv221xrv21"}
{:place=>1124, :route=>[237, -238, 222, -225, -226, -227, 240, 239, 272, 22, -219, -231, -233], :url=>"xrv-234xrv-233xrv-231xrv-219xrv22xrv272xrv239xrv240xrv-227xrv-226xrv-225xrv222xrv-238xrv237"}
{:place=>419, :route=>[229, 228, 227, 226, 225, -222, 238, -237, 224, 272, 22, -219, -231, -233], :url=>"xrv-234xrv-233xrv-231xrv-219xrv22xrv272xrv224xrv-237xrv238xrv-222xrv225xrv226xrv227xrv228xrv229"}
{:place=>1130, :route=>[-240, 227, 226, 225, -222, 238, -237, 224, 272, 22, -219, -231, -233], :url=>"xrv-234xrv-233xrv-231xrv-219xrv22xrv272xrv224xrv-237xrv238xrv-222xrv225xrv226xrv227xrv-240"}
{:place=>1128, :route=>[230, 229, 228, 227, 226, 225, -222, 238, -237, 224, 272, 22, -219, -231, -233], :url=>"xrv-234xrv-233xrv-231xrv-219xrv22xrv272xrv224xrv-237xrv238xrv-222xrv225xrv226xrv227xrv228xrv229xrv230"}
  [1m[36mCACHE (0.0ms)[0m  [1mSELECT "places".* FROM "places" WHERE "places"."id" = 974 LIMIT 1[0m
  [1m[35m (1.5ms)[0m  SELECT COUNT(*) FROM "route_indices" WHERE (url = 'xrv-234xrv-233xrv-231xrv-219xrv22xrv272')
  [1m[36mPlaceType Load (0.2ms)[0m  [1mselect * from place_types where name='Roadend'[0m
  [1m[35mSQL (0.6ms)[0m  INSERT INTO "route_indices" ("created_at", "endplace_id", "isDest", "startplace_id", "updated_at", "url") VALUES ($1, $2, $3, $4, $5, $6) RETURNING "id"  [["created_at", Mon, 27 Oct 2014 10:08:05 NZDT +13:00], ["endplace_id", 974], ["isDest", true], ["startplace_id", 207], ["updated_at", Mon, 27 Oct 2014 10:08:05 NZDT +13:00], ["url", "xrv-234xrv-233xrv-231xrv-219xrv22xrv272"]]
  [1m[36mPlace Load (0.3ms)[0m  [1mSELECT "places".* FROM "places" WHERE "places"."id" = 769 LIMIT 1[0m
  [1m[35m (1.0ms)[0m  SELECT COUNT(*) FROM "route_indices" WHERE (url = 'xrv-234xrv-233xrv-231xrv-219xrv22xrv272xrv239xrv240xrv-227')
  [1m[36mPlaceType Load (0.2ms)[0m  [1mselect * from place_types where name='Hut'[0m
  [1m[35mSQL (0.4ms)[0m  INSERT INTO "route_indices" ("created_at", "endplace_id", "isDest", "startplace_id", "updated_at", "url") VALUES ($1, $2, $3, $4, $5, $6) RETURNING "id"  [["created_at", Mon, 27 Oct 2014 10:08:05 NZDT +13:00], ["endplace_id", 769], ["isDest", true], ["startplace_id", 207], ["updated_at", Mon, 27 Oct 2014 10:08:05 NZDT +13:00], ["url", "xrv-234xrv-233xrv-231xrv-219xrv22xrv272xrv239xrv240xrv-227"]]
  [1m[36mPlace Load (0.3ms)[0m  [1mSELECT "places".* FROM "places" WHERE "places"."id" = 1125 LIMIT 1[0m
  [1m[35m (1.0ms)[0m  SELECT COUNT(*) FROM "route_indices" WHERE (url = 'xrv-234xrv-233xrv-231xrv-219xrv22xrv272xrv224xrv223xrv225')
  [1m[36mPlaceType Load (0.2ms)[0m  [1mselect * from place_types where name='Campsite'[0m
  [1m[35mSQL (0.4ms)[0m  INSERT INTO "route_indices" ("created_at", "endplace_id", "isDest", "startplace_id", "updated_at", "url") VALUES ($1, $2, $3, $4, $5, $6) RETURNING "id"  [["created_at", Mon, 27 Oct 2014 10:08:05 NZDT +13:00], ["endplace_id", 1125], ["isDest", true], ["startplace_id", 207], ["updated_at", Mon, 27 Oct 2014 10:08:05 NZDT +13:00], ["url", "xrv-234xrv-233xrv-231xrv-219xrv22xrv272xrv224xrv223xrv225"]]
  [1m[36mPlace Load (0.3ms)[0m  [1mSELECT "places".* FROM "places" WHERE "places"."id" = 419 LIMIT 1[0m
  [1m[35m (1.1ms)[0m  SELECT COUNT(*) FROM "route_indices" WHERE (url = 'xrv-234xrv-233xrv-231xrv-219xrv22xrv272xrv239xrv240xrv228xrv229')
  [1m[36mPlaceType Load (0.2ms)[0m  [1mselect * from place_types where name='Hut'[0m
  [1m[35mSQL (0.4ms)[0m  INSERT INTO "route_indices" ("created_at", "endplace_id", "isDest", "startplace_id", "updated_at", "url") VALUES ($1, $2, $3, $4, $5, $6) RETURNING "id"  [["created_at", Mon, 27 Oct 2014 10:08:05 NZDT +13:00], ["endplace_id", 419], ["isDest", true], ["startplace_id", 207], ["updated_at", Mon, 27 Oct 2014 10:08:05 NZDT +13:00], ["url", "xrv-234xrv-233xrv-231xrv-219xrv22xrv272xrv239xrv240xrv228xrv229"]]
  [1m[36mPlace Load (0.3ms)[0m  [1mSELECT "places".* FROM "places" WHERE "places"."id" = 1125 LIMIT 1[0m
  [1m[35m (1.1ms)[0m  SELECT COUNT(*) FROM "route_indices" WHERE (url = 'xrv-234xrv-233xrv-231xrv-219xrv22xrv272xrv239xrv240xrv-227xrv-226')
  [1m[36mPlaceType Load (0.2ms)[0m  [1mselect * from place_types where name='Campsite'[0m
  [1m[35mSQL (0.4ms)[0m  INSERT INTO "route_indices" ("created_at", "endplace_id", "isDest", "startplace_id", "updated_at", "url") VALUES ($1, $2, $3, $4, $5, $6) RETURNING "id"  [["created_at", Mon, 27 Oct 2014 10:08:05 NZDT +13:00], ["endplace_id", 1125], ["isDest", true], ["startplace_id", 207], ["updated_at", Mon, 27 Oct 2014 10:08:05 NZDT +13:00], ["url", "xrv-234xrv-233xrv-231xrv-219xrv22xrv272xrv239xrv240xrv-227xrv-226"]]
  [1m[36mPlace Load (0.3ms)[0m  [1mSELECT "places".* FROM "places" WHERE "places"."id" = 769 LIMIT 1[0m
  [1m[35m (1.0ms)[0m  SELECT COUNT(*) FROM "route_indices" WHERE (url = 'xrv-234xrv-233xrv-231xrv-219xrv22xrv272xrv224xrv223xrv225xrv226')
  [1m[36mPlaceType Load (0.2ms)[0m  [1mselect * from place_types where name='Hut'[0m
  [1m[35mSQL (0.4ms)[0m  INSERT INTO "route_indices" ("created_at", "endplace_id", "isDest", "startplace_id", "updated_at", "url") VALUES ($1, $2, $3, $4, $5, $6) RETURNING "id"  [["created_at", Mon, 27 Oct 2014 10:08:05 NZDT +13:00], ["endplace_id", 769], ["isDest", true], ["startplace_id", 207], ["updated_at", Mon, 27 Oct 2014 10:08:05 NZDT +13:00], ["url", "xrv-234xrv-233xrv-231xrv-219xrv22xrv272xrv224xrv223xrv225xrv226"]]
  [1m[36mPlace Load (0.3ms)[0m  [1mSELECT "places".* FROM "places" WHERE "places"."id" = 1128 LIMIT 1[0m
  [1m[35m (1.0ms)[0m  SELECT COUNT(*) FROM "route_indices" WHERE (url = 'xrv-234xrv-233xrv-231xrv-219xrv22xrv272xrv239xrv240xrv228xrv229xrv230')
  [1m[36mPlaceType Load (0.2ms)[0m  [1mselect * from place_types where name='Roadend'[0m
  [1m[35mSQL (0.4ms)[0m  INSERT INTO "route_indices" ("created_at", "endplace_id", "isDest", "startplace_id", "updated_at", "url") VALUES ($1, $2, $3, $4, $5, $6) RETURNING "id"  [["created_at", Mon, 27 Oct 2014 10:08:05 NZDT +13:00], ["endplace_id", 1128], ["isDest", true], ["startplace_id", 207], ["updated_at", Mon, 27 Oct 2014 10:08:05 NZDT +13:00], ["url", "xrv-234xrv-233xrv-231xrv-219xrv22xrv272xrv239xrv240xrv228xrv229xrv230"]]
  [1m[36mPlace Load (0.3ms)[0m  [1mSELECT "places".* FROM "places" WHERE "places"."id" = 1129 LIMIT 1[0m
  [1m[35m (1.1ms)[0m  SELECT COUNT(*) FROM "route_indices" WHERE (url = 'xrv-234xrv-233xrv-231xrv-219xrv22xrv272xrv224xrv223xrv222xrv-238')
  [1m[36mPlaceType Load (0.2ms)[0m  [1mselect * from place_types where name='Junction'[0m
  [1m[35mSQL (0.4ms)[0m  INSERT INTO "route_indices" ("created_at", "endplace_id", "isDest", "startplace_id", "updated_at", "url") VALUES ($1, $2, $3, $4, $5, $6) RETURNING "id"  [["created_at", Mon, 27 Oct 2014 10:08:05 NZDT +13:00], ["endplace_id", 1129], ["isDest", false], ["startplace_id", 207], ["updated_at", Mon, 27 Oct 2014 10:08:05 NZDT +13:00], ["url", "xrv-234xrv-233xrv-231xrv-219xrv22xrv272xrv224xrv223xrv222xrv-238"]]
  [1m[36mPlace Load (0.3ms)[0m  [1mSELECT "places".* FROM "places" WHERE "places"."id" = 1125 LIMIT 1[0m
  [1m[35m (1.1ms)[0m  SELECT COUNT(*) FROM "route_indices" WHERE (url = 'xrv-234xrv-233xrv-231xrv-219xrv22xrv272xrv224xrv-237xrv238xrv-222xrv225')
  [1m[36mPlaceType Load (0.2ms)[0m  [1mselect * from place_types where name='Campsite'[0m
  [1m[35mSQL (0.4ms)[0m  INSERT INTO "route_indices" ("created_at", "endplace_id", "isDest", "startplace_id", "updated_at", "url") VALUES ($1, $2, $3, $4, $5, $6) RETURNING "id"  [["created_at", Mon, 27 Oct 2014 10:08:05 NZDT +13:00], ["endplace_id", 1125], ["isDest", true], ["startplace_id", 207], ["updated_at", Mon, 27 Oct 2014 10:08:05 NZDT +13:00], ["url", "xrv-234xrv-233xrv-231xrv-219xrv22xrv272xrv224xrv-237xrv238xrv-222xrv225"]]
  [1m[36mPlace Load (0.3ms)[0m  [1mSELECT "places".* FROM "places" WHERE "places"."id" = 1121 LIMIT 1[0m
  [1m[35m (1.1ms)[0m  SELECT COUNT(*) FROM "route_indices" WHERE (url = 'xrv-234xrv-233xrv-231xrv-219xrv22xrv272xrv224xrv223xrv222xrv221xrv21')
  [1m[36mPlaceType Load (0.2ms)[0m  [1mselect * from place_types where name='Junction'[0m
  [1m[35mSQL (0.4ms)[0m  INSERT INTO "route_indices" ("created_at", "endplace_id", "isDest", "startplace_id", "updated_at", "url") VALUES ($1, $2, $3, $4, $5, $6) RETURNING "id"  [["created_at", Mon, 27 Oct 2014 10:08:05 NZDT +13:00], ["endplace_id", 1121], ["isDest", false], ["startplace_id", 207], ["updated_at", Mon, 27 Oct 2014 10:08:05 NZDT +13:00], ["url", "xrv-234xrv-233xrv-231xrv-219xrv22xrv272xrv224xrv223xrv222xrv221xrv21"]]
  [1m[36mPlace Load (0.3ms)[0m  [1mSELECT "places".* FROM "places" WHERE "places"."id" = 1121 LIMIT 1[0m
  [1m[35m (1.0ms)[0m  SELECT COUNT(*) FROM "route_indices" WHERE (url = 'xrv-234xrv-233xrv-231xrv-219xrv22xrv272xrv224xrv-237xrv238xrv221xrv21')
  [1m[36mPlaceType Load (0.2ms)[0m  [1mselect * from place_types where name='Junction'[0m
  [1m[35mSQL (0.4ms)[0m  INSERT INTO "route_indices" ("created_at", "endplace_id", "isDest", "startplace_id", "updated_at", "url") VALUES ($1, $2, $3, $4, $5, $6) RETURNING "id"  [["created_at", Mon, 27 Oct 2014 10:08:05 NZDT +13:00], ["endplace_id", 1121], ["isDest", false], ["startplace_id", 207], ["updated_at", Mon, 27 Oct 2014 10:08:05 NZDT +13:00], ["url", "xrv-234xrv-233xrv-231xrv-219xrv22xrv272xrv224xrv-237xrv238xrv221xrv21"]]
  [1m[36mPlace Load (0.3ms)[0m  [1mSELECT "places".* FROM "places" WHERE "places"."id" = 769 LIMIT 1[0m
  [1m[35m (1.0ms)[0m  SELECT COUNT(*) FROM "route_indices" WHERE (url = 'xrv-234xrv-233xrv-231xrv-219xrv22xrv272xrv224xrv-237xrv238xrv-222xrv225xrv226')
  [1m[36mPlaceType Load (0.2ms)[0m  [1mselect * from place_types where name='Hut'[0m
  [1m[35mSQL (0.4ms)[0m  INSERT INTO "route_indices" ("created_at", "endplace_id", "isDest", "startplace_id", "updated_at", "url") VALUES ($1, $2, $3, $4, $5, $6) RETURNING "id"  [["created_at", Mon, 27 Oct 2014 10:08:05 NZDT +13:00], ["endplace_id", 769], ["isDest", true], ["startplace_id", 207], ["updated_at", Mon, 27 Oct 2014 10:08:05 NZDT +13:00], ["url", "xrv-234xrv-233xrv-231xrv-219xrv22xrv272xrv224xrv-237xrv238xrv-222xrv225xrv226"]]
  [1m[36mPlace Load (0.3ms)[0m  [1mSELECT "places".* FROM "places" WHERE "places"."id" = 419 LIMIT 1[0m
  [1m[35m (1.1ms)[0m  SELECT COUNT(*) FROM "route_indices" WHERE (url = 'xrv-234xrv-233xrv-231xrv-219xrv22xrv272xrv224xrv223xrv225xrv226xrv227xrv228xrv229')
  [1m[36mPlaceType Load (0.2ms)[0m  [1mselect * from place_types where name='Hut'[0m
  [1m[35mSQL (0.4ms)[0m  INSERT INTO "route_indices" ("created_at", "endplace_id", "isDest", "startplace_id", "updated_at", "url") VALUES ($1, $2, $3, $4, $5, $6) RETURNING "id"  [["created_at", Mon, 27 Oct 2014 10:08:05 NZDT +13:00], ["endplace_id", 419], ["isDest", true], ["startplace_id", 207], ["updated_at", Mon, 27 Oct 2014 10:08:05 NZDT +13:00], ["url", "xrv-234xrv-233xrv-231xrv-219xrv22xrv272xrv224xrv223xrv225xrv226xrv227xrv228xrv229"]]
  [1m[36mPlace Load (0.3ms)[0m  [1mSELECT "places".* FROM "places" WHERE "places"."id" = 1130 LIMIT 1[0m
  [1m[35m (1.0ms)[0m  SELECT COUNT(*) FROM "route_indices" WHERE (url = 'xrv-234xrv-233xrv-231xrv-219xrv22xrv272xrv224xrv223xrv225xrv226xrv227xrv-240')
  [1m[36mPlaceType Load (0.2ms)[0m  [1mselect * from place_types where name='Junction'[0m
  [1m[35mSQL (0.4ms)[0m  INSERT INTO "route_indices" ("created_at", "endplace_id", "isDest", "startplace_id", "updated_at", "url") VALUES ($1, $2, $3, $4, $5, $6) RETURNING "id"  [["created_at", Mon, 27 Oct 2014 10:08:05 NZDT +13:00], ["endplace_id", 1130], ["isDest", false], ["startplace_id", 207], ["updated_at", Mon, 27 Oct 2014 10:08:05 NZDT +13:00], ["url", "xrv-234xrv-233xrv-231xrv-219xrv22xrv272xrv224xrv223xrv225xrv226xrv227xrv-240"]]
  [1m[36mPlace Load (0.3ms)[0m  [1mSELECT "places".* FROM "places" WHERE "places"."id" = 1128 LIMIT 1[0m
  [1m[35m (1.0ms)[0m  SELECT COUNT(*) FROM "route_indices" WHERE (url = 'xrv-234xrv-233xrv-231xrv-219xrv22xrv272xrv224xrv223xrv225xrv226xrv227xrv228xrv229xrv230')
  [1m[36mPlaceType Load (0.2ms)[0m  [1mselect * from place_types where name='Roadend'[0m
  [1m[35mSQL (0.4ms)[0m  INSERT INTO "route_indices" ("created_at", "endplace_id", "isDest", "startplace_id", "updated_at", "url") VALUES ($1, $2, $3, $4, $5, $6) RETURNING "id"  [["created_at", Mon, 27 Oct 2014 10:08:05 NZDT +13:00], ["endplace_id", 1128], ["isDest", true], ["startplace_id", 207], ["updated_at", Mon, 27 Oct 2014 10:08:05 NZDT +13:00], ["url", "xrv-234xrv-233xrv-231xrv-219xrv22xrv272xrv224xrv223xrv225xrv226xrv227xrv228xrv229xrv230"]]
  [1m[36mPlace Load (0.3ms)[0m  [1mSELECT "places".* FROM "places" WHERE "places"."id" = 1121 LIMIT 1[0m
  [1m[35m (1.1ms)[0m  SELECT COUNT(*) FROM "route_indices" WHERE (url = 'xrv-234xrv-233xrv-231xrv-219xrv22xrv272xrv239xrv240xrv-227xrv-226xrv-225xrv222xrv221xrv21')
  [1m[36mPlaceType Load (0.2ms)[0m  [1mselect * from place_types where name='Junction'[0m
  [1m[35mSQL (0.4ms)[0m  INSERT INTO "route_indices" ("created_at", "endplace_id", "isDest", "startplace_id", "updated_at", "url") VALUES ($1, $2, $3, $4, $5, $6) RETURNING "id"  [["created_at", Mon, 27 Oct 2014 10:08:05 NZDT +13:00], ["endplace_id", 1121], ["isDest", false], ["startplace_id", 207], ["updated_at", Mon, 27 Oct 2014 10:08:05 NZDT +13:00], ["url", "xrv-234xrv-233xrv-231xrv-219xrv22xrv272xrv239xrv240xrv-227xrv-226xrv-225xrv222xrv221xrv21"]]
  [1m[36mPlace Load (0.3ms)[0m  [1mSELECT "places".* FROM "places" WHERE "places"."id" = 1124 LIMIT 1[0m
  [1m[35m (1.0ms)[0m  SELECT COUNT(*) FROM "route_indices" WHERE (url = 'xrv-234xrv-233xrv-231xrv-219xrv22xrv272xrv239xrv240xrv-227xrv-226xrv-225xrv222xrv-238xrv237')
  [1m[36mPlaceType Load (0.2ms)[0m  [1mselect * from place_types where name='Junction'[0m
  [1m[35mSQL (0.4ms)[0m  INSERT INTO "route_indices" ("created_at", "endplace_id", "isDest", "startplace_id", "updated_at", "url") VALUES ($1, $2, $3, $4, $5, $6) RETURNING "id"  [["created_at", Mon, 27 Oct 2014 10:08:05 NZDT +13:00], ["endplace_id", 1124], ["isDest", false], ["startplace_id", 207], ["updated_at", Mon, 27 Oct 2014 10:08:05 NZDT +13:00], ["url", "xrv-234xrv-233xrv-231xrv-219xrv22xrv272xrv239xrv240xrv-227xrv-226xrv-225xrv222xrv-238xrv237"]]
  [1m[36mPlace Load (0.3ms)[0m  [1mSELECT "places".* FROM "places" WHERE "places"."id" = 419 LIMIT 1[0m
  [1m[35m (1.0ms)[0m  SELECT COUNT(*) FROM "route_indices" WHERE (url = 'xrv-234xrv-233xrv-231xrv-219xrv22xrv272xrv224xrv-237xrv238xrv-222xrv225xrv226xrv227xrv228xrv229')
  [1m[36mPlaceType Load (0.2ms)[0m  [1mselect * from place_types where name='Hut'[0m
  [1m[35mSQL (0.4ms)[0m  INSERT INTO "route_indices" ("created_at", "endplace_id", "isDest", "startplace_id", "updated_at", "url") VALUES ($1, $2, $3, $4, $5, $6) RETURNING "id"  [["created_at", Mon, 27 Oct 2014 10:08:05 NZDT +13:00], ["endplace_id", 419], ["isDest", true], ["startplace_id", 207], ["updated_at", Mon, 27 Oct 2014 10:08:05 NZDT +13:00], ["url", "xrv-234xrv-233xrv-231xrv-219xrv22xrv272xrv224xrv-237xrv238xrv-222xrv225xrv226xrv227xrv228xrv229"]]
  [1m[36mPlace Load (0.3ms)[0m  [1mSELECT "places".* FROM "places" WHERE "places"."id" = 1130 LIMIT 1[0m
  [1m[35m (1.0ms)[0m  SELECT COUNT(*) FROM "route_indices" WHERE (url = 'xrv-234xrv-233xrv-231xrv-219xrv22xrv272xrv224xrv-237xrv238xrv-222xrv225xrv226xrv227xrv-240')
  [1m[36mPlaceType Load (0.2ms)[0m  [1mselect * from place_types where name='Junction'[0m
  [1m[35mSQL (0.4ms)[0m  INSERT INTO "route_indices" ("created_at", "endplace_id", "isDest", "startplace_id", "updated_at", "url") VALUES ($1, $2, $3, $4, $5, $6) RETURNING "id"  [["created_at", Mon, 27 Oct 2014 10:08:05 NZDT +13:00], ["endplace_id", 1130], ["isDest", false], ["startplace_id", 207], ["updated_at", Mon, 27 Oct 2014 10:08:05 NZDT +13:00], ["url", "xrv-234xrv-233xrv-231xrv-219xrv22xrv272xrv224xrv-237xrv238xrv-222xrv225xrv226xrv227xrv-240"]]
  [1m[36mPlace Load (0.3ms)[0m  [1mSELECT "places".* FROM "places" WHERE "places"."id" = 1128 LIMIT 1[0m
  [1m[35m (1.1ms)[0m  SELECT COUNT(*) FROM "route_indices" WHERE (url = 'xrv-234xrv-233xrv-231xrv-219xrv22xrv272xrv224xrv-237xrv238xrv-222xrv225xrv226xrv227xrv228xrv229xrv230')
  [1m[36mPlaceType Load (0.2ms)[0m  [1mselect * from place_types where name='Roadend'[0m
  [1m[35mSQL (0.8ms)[0m  INSERT INTO "route_indices" ("created_at", "endplace_id", "isDest", "startplace_id", "updated_at", "url") VALUES ($1, $2, $3, $4, $5, $6) RETURNING "id"  [["created_at", Mon, 27 Oct 2014 10:08:05 NZDT +13:00], ["endplace_id", 1128], ["isDest", true], ["startplace_id", 207], ["updated_at", Mon, 27 Oct 2014 10:08:05 NZDT +13:00], ["url", "xrv-234xrv-233xrv-231xrv-219xrv22xrv272xrv224xrv-237xrv238xrv-222xrv225xrv226xrv227xrv228xrv229xrv230"]]
  [1m[36mPlace Load (0.4ms)[0m  [1mSELECT "places".* FROM "places" WHERE "places"."id" = 258 LIMIT 1[0m
  [1m[35mPlaceType Load (0.2ms)[0m  select name, "isDest" from place_types
  [1m[36mRoute Load (0.4ms)[0m  [1mSELECT "routes".* FROM "routes" WHERE "routes"."id" = 216 LIMIT 1[0m
  [1m[35mRoute Load (0.3ms)[0m  SELECT "routes".* FROM "routes" WHERE "routes"."id" = 217 LIMIT 1
  [1m[36mRoute Load (0.3ms)[0m  [1mSELECT "routes".* FROM "routes" WHERE "routes"."id" = 218 LIMIT 1[0m
  [1m[35mRoute Load (0.3ms)[0m  SELECT "routes".* FROM "routes" WHERE "routes"."id" = 22 LIMIT 1
  [1m[36mRoute Load (0.3ms)[0m  [1mSELECT "routes".* FROM "routes" WHERE "routes"."id" = 272 LIMIT 1[0m
  [1m[35mPlace Load (0.3ms)[0m  SELECT "places".* FROM "places" WHERE "places"."id" = 974 LIMIT 1
  [1m[36mCACHE (0.0ms)[0m  [1mSELECT "places".* FROM "places" WHERE "places"."id" = 974 LIMIT 1[0m
  [1m[35mRoute Load (0.4ms)[0m  select * from routes where startplace_id = 974
  [1m[36mRoute Load (0.3ms)[0m  [1mselect * from routes where endplace_id = 974[0m
  [1m[35mPlace Load (0.3ms)[0m  SELECT "places".* FROM "places" WHERE "places"."id" = $1 LIMIT 1  [["id", 974]]
  [1m[36mPlace Load (0.2ms)[0m  [1mSELECT "places".* FROM "places" WHERE "places"."id" = $1 LIMIT 1[0m  [["id", 471]]
  [1m[35mPlace Load (0.2ms)[0m  SELECT "places".* FROM "places" WHERE "places"."id" = $1 LIMIT 1  [["id", 1130]]
  [1m[36mPlace Load (0.2ms)[0m  [1mSELECT "places".* FROM "places" WHERE "places"."id" = $1 LIMIT 1[0m  [["id", 1124]]
  [1m[35mPlace Load (0.3ms)[0m  SELECT "places".* FROM "places" WHERE "places"."id" = 1130 LIMIT 1
  [1m[36mRoute Load (0.3ms)[0m  [1mselect * from routes where startplace_id = 1130[0m
  [1m[35mRoute Load (0.3ms)[0m  select * from routes where endplace_id = 1130
  [1m[36mCACHE (0.0ms)[0m  [1mSELECT "places".* FROM "places" WHERE "places"."id" = $1 LIMIT 1[0m  [["id", 1130]]
  [1m[35mCACHE (0.0ms)[0m  SELECT "places".* FROM "places" WHERE "places"."id" = $1 LIMIT 1  [["id", 974]]
  [1m[36mPlace Load (0.3ms)[0m  [1mSELECT "places".* FROM "places" WHERE "places"."id" = $1 LIMIT 1[0m  [["id", 1126]]
  [1m[35mPlace Load (0.3ms)[0m  SELECT "places".* FROM "places" WHERE "places"."id" = 1124 LIMIT 1
  [1m[36mRoute Load (0.3ms)[0m  [1mselect * from routes where startplace_id = 1124[0m
  [1m[35mRoute Load (0.4ms)[0m  select * from routes where endplace_id = 1124
  [1m[36mCACHE (0.0ms)[0m  [1mSELECT "places".* FROM "places" WHERE "places"."id" = $1 LIMIT 1[0m  [["id", 1124]]
  [1m[35mPlace Load (0.2ms)[0m  SELECT "places".* FROM "places" WHERE "places"."id" = $1 LIMIT 1  [["id", 1129]]
  [1m[36mCACHE (0.0ms)[0m  [1mSELECT "places".* FROM "places" WHERE "places"."id" = $1 LIMIT 1[0m  [["id", 1124]]
  [1m[35mCACHE (0.0ms)[0m  SELECT "places".* FROM "places" WHERE "places"."id" = $1 LIMIT 1  [["id", 974]]
  [1m[36mPlace Load (0.2ms)[0m  [1mSELECT "places".* FROM "places" WHERE "places"."id" = $1 LIMIT 1[0m  [["id", 1123]]
  [1m[35mPlace Load (0.2ms)[0m  SELECT "places".* FROM "places" WHERE "places"."id" = 1126 LIMIT 1
  [1m[36mRoute Load (0.3ms)[0m  [1mselect * from routes where startplace_id = 1126[0m
  [1m[35mRoute Load (0.3ms)[0m  select * from routes where endplace_id = 1126
  [1m[36mCACHE (0.0ms)[0m  [1mSELECT "places".* FROM "places" WHERE "places"."id" = $1 LIMIT 1[0m  [["id", 1126]]
  [1m[35mCACHE (0.0ms)[0m  SELECT "places".* FROM "places" WHERE "places"."id" = $1 LIMIT 1  [["id", 1130]]
  [1m[36mCACHE (0.0ms)[0m  [1mSELECT "places".* FROM "places" WHERE "places"."id" = $1 LIMIT 1[0m  [["id", 1126]]
  [1m[35mPlace Load (0.3ms)[0m  SELECT "places".* FROM "places" WHERE "places"."id" = $1 LIMIT 1  [["id", 769]]
  [1m[36mPlace Load (0.2ms)[0m  [1mSELECT "places".* FROM "places" WHERE "places"."id" = $1 LIMIT 1[0m  [["id", 1127]]
  [1m[35mPlace Load (0.3ms)[0m  SELECT "places".* FROM "places" WHERE "places"."id" = 1123 LIMIT 1
  [1m[36mRoute Load (0.3ms)[0m  [1mselect * from routes where startplace_id = 1123[0m
  [1m[35mRoute Load (0.3ms)[0m  select * from routes where endplace_id = 1123
  [1m[36mCACHE (0.0ms)[0m  [1mSELECT "places".* FROM "places" WHERE "places"."id" = $1 LIMIT 1[0m  [["id", 1123]]
  [1m[35mCACHE (0.0ms)[0m  SELECT "places".* FROM "places" WHERE "places"."id" = $1 LIMIT 1  [["id", 1124]]
  [1m[36mPlace Load (0.2ms)[0m  [1mSELECT "places".* FROM "places" WHERE "places"."id" = $1 LIMIT 1[0m  [["id", 975]]
  [1m[35mPlace Load (0.2ms)[0m  SELECT "places".* FROM "places" WHERE "places"."id" = $1 LIMIT 1  [["id", 1125]]
  [1m[36mPlace Load (0.3ms)[0m  [1mSELECT "places".* FROM "places" WHERE "places"."id" = 1129 LIMIT 1[0m
  [1m[35mRoute Load (0.3ms)[0m  select * from routes where startplace_id = 1129
  [1m[36mRoute Load (0.3ms)[0m  [1mselect * from routes where endplace_id = 1129[0m
  [1m[35mCACHE (0.0ms)[0m  SELECT "places".* FROM "places" WHERE "places"."id" = $1 LIMIT 1  [["id", 1129]]
  [1m[36mPlace Load (0.2ms)[0m  [1mSELECT "places".* FROM "places" WHERE "places"."id" = $1 LIMIT 1[0m  [["id", 207]]
  [1m[35mCACHE (0.0ms)[0m  SELECT "places".* FROM "places" WHERE "places"."id" = $1 LIMIT 1  [["id", 1124]]
  [1m[36mCACHE (0.0ms)[0m  [1mSELECT "places".* FROM "places" WHERE "places"."id" = $1 LIMIT 1[0m  [["id", 975]]
  [1m[35mPlace Load (0.3ms)[0m  SELECT "places".* FROM "places" WHERE "places"."id" = 1127 LIMIT 1
  [1m[36mRoute Load (0.3ms)[0m  [1mselect * from routes where startplace_id = 1127[0m
  [1m[35mRoute Load (0.3ms)[0m  select * from routes where endplace_id = 1127
  [1m[36mCACHE (0.0ms)[0m  [1mSELECT "places".* FROM "places" WHERE "places"."id" = $1 LIMIT 1[0m  [["id", 1127]]
  [1m[35mCACHE (0.0ms)[0m  SELECT "places".* FROM "places" WHERE "places"."id" = $1 LIMIT 1  [["id", 1126]]
  [1m[36mPlace Load (0.3ms)[0m  [1mSELECT "places".* FROM "places" WHERE "places"."id" = $1 LIMIT 1[0m  [["id", 419]]
  [1m[35mPlace Load (0.3ms)[0m  SELECT "places".* FROM "places" WHERE "places"."id" = 769 LIMIT 1
  [1m[36mRoute Load (0.3ms)[0m  [1mselect * from routes where startplace_id = 769[0m
  [1m[35mRoute Load (0.3ms)[0m  select * from routes where endplace_id = 769
  [1m[36mCACHE (0.0ms)[0m  [1mSELECT "places".* FROM "places" WHERE "places"."id" = $1 LIMIT 1[0m  [["id", 769]]
  [1m[35mCACHE (0.0ms)[0m  SELECT "places".* FROM "places" WHERE "places"."id" = $1 LIMIT 1  [["id", 1125]]
  [1m[36mCACHE (0.0ms)[0m  [1mSELECT "places".* FROM "places" WHERE "places"."id" = $1 LIMIT 1[0m  [["id", 1126]]
  [1m[35mPlace Load (0.3ms)[0m  SELECT "places".* FROM "places" WHERE "places"."id" = 975 LIMIT 1
  [1m[36mRoute Load (0.3ms)[0m  [1mselect * from routes where startplace_id = 975[0m
  [1m[35mRoute Load (0.3ms)[0m  select * from routes where endplace_id = 975
  [1m[36mCACHE (0.0ms)[0m  [1mSELECT "places".* FROM "places" WHERE "places"."id" = $1 LIMIT 1[0m  [["id", 975]]
  [1m[35mCACHE (0.0ms)[0m  SELECT "places".* FROM "places" WHERE "places"."id" = $1 LIMIT 1  [["id", 1129]]
  [1m[36mCACHE (0.0ms)[0m  [1mSELECT "places".* FROM "places" WHERE "places"."id" = $1 LIMIT 1[0m  [["id", 975]]
  [1m[35mCACHE (0.0ms)[0m  SELECT "places".* FROM "places" WHERE "places"."id" = $1 LIMIT 1  [["id", 1123]]
  [1m[36mPlace Load (0.2ms)[0m  [1mSELECT "places".* FROM "places" WHERE "places"."id" = $1 LIMIT 1[0m  [["id", 1122]]
  [1m[35mPlace Load (0.2ms)[0m  SELECT "places".* FROM "places" WHERE "places"."id" = 1125 LIMIT 1
  [1m[36mRoute Load (0.3ms)[0m  [1mselect * from routes where startplace_id = 1125[0m
  [1m[35mRoute Load (0.3ms)[0m  select * from routes where endplace_id = 1125
  [1m[36mCACHE (0.0ms)[0m  [1mSELECT "places".* FROM "places" WHERE "places"."id" = $1 LIMIT 1[0m  [["id", 1125]]
  [1m[35mCACHE (0.0ms)[0m  SELECT "places".* FROM "places" WHERE "places"."id" = $1 LIMIT 1  [["id", 1123]]
  [1m[36mCACHE (0.0ms)[0m  [1mSELECT "places".* FROM "places" WHERE "places"."id" = $1 LIMIT 1[0m  [["id", 769]]
  [1m[35mCACHE (0.0ms)[0m  SELECT "places".* FROM "places" WHERE "places"."id" = 975 LIMIT 1
  [1m[36mCACHE (0.0ms)[0m  [1mselect * from routes where startplace_id = 975[0m
  [1m[35mCACHE (0.0ms)[0m  select * from routes where endplace_id = 975
  [1m[36mCACHE (0.0ms)[0m  [1mSELECT "places".* FROM "places" WHERE "places"."id" = $1 LIMIT 1[0m  [["id", 975]]
  [1m[35mCACHE (0.0ms)[0m  SELECT "places".* FROM "places" WHERE "places"."id" = $1 LIMIT 1  [["id", 1129]]
  [1m[36mCACHE (0.0ms)[0m  [1mSELECT "places".* FROM "places" WHERE "places"."id" = $1 LIMIT 1[0m  [["id", 975]]
  [1m[35mCACHE (0.0ms)[0m  SELECT "places".* FROM "places" WHERE "places"."id" = $1 LIMIT 1  [["id", 1123]]
  [1m[36mCACHE (0.0ms)[0m  [1mSELECT "places".* FROM "places" WHERE "places"."id" = $1 LIMIT 1[0m  [["id", 1122]]
  [1m[35mPlace Load (0.3ms)[0m  SELECT "places".* FROM "places" WHERE "places"."id" = 207 LIMIT 1
  [1m[36mRoute Load (0.3ms)[0m  [1mselect * from routes where startplace_id = 207[0m
  [1m[35mRoute Load (0.3ms)[0m  select * from routes where endplace_id = 207
  [1m[36mCACHE (0.0ms)[0m  [1mSELECT "places".* FROM "places" WHERE "places"."id" = $1 LIMIT 1[0m  [["id", 207]]
  [1m[35mPlace Load (0.2ms)[0m  SELECT "places".* FROM "places" WHERE "places"."id" = $1 LIMIT 1  [["id", 650]]
  [1m[36mCACHE (0.0ms)[0m  [1mSELECT "places".* FROM "places" WHERE "places"."id" = $1 LIMIT 1[0m  [["id", 207]]
  [1m[35mPlace Load (0.2ms)[0m  SELECT "places".* FROM "places" WHERE "places"."id" = $1 LIMIT 1  [["id", 1133]]
  [1m[36mCACHE (0.0ms)[0m  [1mSELECT "places".* FROM "places" WHERE "places"."id" = $1 LIMIT 1[0m  [["id", 1129]]
  [1m[35mPlace Load (0.2ms)[0m  SELECT "places".* FROM "places" WHERE "places"."id" = 419 LIMIT 1
  [1m[36mRoute Load (0.3ms)[0m  [1mselect * from routes where startplace_id = 419[0m
  [1m[35mRoute Load (0.3ms)[0m  select * from routes where endplace_id = 419
  [1m[36mCACHE (0.0ms)[0m  [1mSELECT "places".* FROM "places" WHERE "places"."id" = $1 LIMIT 1[0m  [["id", 419]]
  [1m[35mCACHE (0.0ms)[0m  SELECT "places".* FROM "places" WHERE "places"."id" = $1 LIMIT 1  [["id", 1127]]
  [1m[36mPlace Load (0.2ms)[0m  [1mSELECT "places".* FROM "places" WHERE "places"."id" = $1 LIMIT 1[0m  [["id", 1128]]
  [1m[35mCACHE (0.0ms)[0m  SELECT "places".* FROM "places" WHERE "places"."id" = 1125 LIMIT 1
  [1m[36mCACHE (0.0ms)[0m  [1mselect * from routes where startplace_id = 1125[0m
  [1m[35mCACHE (0.0ms)[0m  select * from routes where endplace_id = 1125
  [1m[36mCACHE (0.0ms)[0m  [1mSELECT "places".* FROM "places" WHERE "places"."id" = $1 LIMIT 1[0m  [["id", 1125]]
  [1m[35mCACHE (0.0ms)[0m  SELECT "places".* FROM "places" WHERE "places"."id" = $1 LIMIT 1  [["id", 1123]]
  [1m[36mCACHE (0.0ms)[0m  [1mSELECT "places".* FROM "places" WHERE "places"."id" = $1 LIMIT 1[0m  [["id", 769]]
  [1m[35mPlace Load (0.3ms)[0m  SELECT "places".* FROM "places" WHERE "places"."id" = 1122 LIMIT 1
  [1m[36mRoute Load (0.3ms)[0m  [1mselect * from routes where startplace_id = 1122[0m
  [1m[35mRoute Load (0.3ms)[0m  select * from routes where endplace_id = 1122
  [1m[36mCACHE (0.0ms)[0m  [1mSELECT "places".* FROM "places" WHERE "places"."id" = $1 LIMIT 1[0m  [["id", 1122]]
  [1m[35mCACHE (0.0ms)[0m  SELECT "places".* FROM "places" WHERE "places"."id" = $1 LIMIT 1  [["id", 975]]
  [1m[36mPlace Load (0.2ms)[0m  [1mSELECT "places".* FROM "places" WHERE "places"."id" = $1 LIMIT 1[0m  [["id", 1121]]
  [1m[35mCACHE (0.0ms)[0m  SELECT "places".* FROM "places" WHERE "places"."id" = 1129 LIMIT 1
  [1m[36mCACHE (0.0ms)[0m  [1mselect * from routes where startplace_id = 1129[0m
  [1m[35mCACHE (0.0ms)[0m  select * from routes where endplace_id = 1129
  [1m[36mCACHE (0.0ms)[0m  [1mSELECT "places".* FROM "places" WHERE "places"."id" = $1 LIMIT 1[0m  [["id", 1129]]
  [1m[35mCACHE (0.0ms)[0m  SELECT "places".* FROM "places" WHERE "places"."id" = $1 LIMIT 1  [["id", 207]]
  [1m[36mCACHE (0.1ms)[0m  [1mSELECT "places".* FROM "places" WHERE "places"."id" = $1 LIMIT 1[0m  [["id", 1124]]
  [1m[35mCACHE (0.0ms)[0m  SELECT "places".* FROM "places" WHERE "places"."id" = $1 LIMIT 1  [["id", 975]]
  [1m[36mCACHE (0.0ms)[0m  [1mSELECT "places".* FROM "places" WHERE "places"."id" = 769 LIMIT 1[0m
  [1m[35mCACHE (0.0ms)[0m  select * from routes where startplace_id = 769
  [1m[36mCACHE (0.0ms)[0m  [1mselect * from routes where endplace_id = 769[0m
  [1m[35mCACHE (0.0ms)[0m  SELECT "places".* FROM "places" WHERE "places"."id" = $1 LIMIT 1  [["id", 769]]
  [1m[36mCACHE (0.0ms)[0m  [1mSELECT "places".* FROM "places" WHERE "places"."id" = $1 LIMIT 1[0m  [["id", 1125]]
  [1m[35mCACHE (0.0ms)[0m  SELECT "places".* FROM "places" WHERE "places"."id" = $1 LIMIT 1  [["id", 1126]]
  [1m[36mCACHE (0.0ms)[0m  [1mSELECT "places".* FROM "places" WHERE "places"."id" = 1122 LIMIT 1[0m
  [1m[35mCACHE (0.0ms)[0m  select * from routes where startplace_id = 1122
  [1m[36mCACHE (0.0ms)[0m  [1mselect * from routes where endplace_id = 1122[0m
  [1m[35mCACHE (0.0ms)[0m  SELECT "places".* FROM "places" WHERE "places"."id" = $1 LIMIT 1  [["id", 1122]]
  [1m[36mCACHE (0.0ms)[0m  [1mSELECT "places".* FROM "places" WHERE "places"."id" = $1 LIMIT 1[0m  [["id", 975]]
  [1m[35mCACHE (0.0ms)[0m  SELECT "places".* FROM "places" WHERE "places"."id" = $1 LIMIT 1  [["id", 1121]]
  [1m[36mCACHE (0.0ms)[0m  [1mSELECT "places".* FROM "places" WHERE "places"."id" = 1123 LIMIT 1[0m
  [1m[35mCACHE (0.0ms)[0m  select * from routes where startplace_id = 1123
  [1m[36mCACHE (0.0ms)[0m  [1mselect * from routes where endplace_id = 1123[0m
  [1m[35mCACHE (0.0ms)[0m  SELECT "places".* FROM "places" WHERE "places"."id" = $1 LIMIT 1  [["id", 1123]]
  [1m[36mCACHE (0.0ms)[0m  [1mSELECT "places".* FROM "places" WHERE "places"."id" = $1 LIMIT 1[0m  [["id", 1124]]
  [1m[35mCACHE (0.0ms)[0m  SELECT "places".* FROM "places" WHERE "places"."id" = $1 LIMIT 1  [["id", 975]]
  [1m[36mCACHE (0.0ms)[0m  [1mSELECT "places".* FROM "places" WHERE "places"."id" = $1 LIMIT 1[0m  [["id", 1125]]
  [1m[35mPlace Load (0.3ms)[0m  SELECT "places".* FROM "places" WHERE "places"."id" = 650 LIMIT 1
  [1m[36mRoute Load (0.3ms)[0m  [1mselect * from routes where startplace_id = 650[0m
  [1m[35mRoute Load (0.3ms)[0m  select * from routes where endplace_id = 650
  [1m[36mCACHE (0.0ms)[0m  [1mSELECT "places".* FROM "places" WHERE "places"."id" = $1 LIMIT 1[0m  [["id", 650]]
  [1m[35mPlace Load (0.6ms)[0m  SELECT "places".* FROM "places" WHERE "places"."id" = $1 LIMIT 1  [["id", 45]]
  [1m[36mCACHE (0.0ms)[0m  [1mSELECT "places".* FROM "places" WHERE "places"."id" = $1 LIMIT 1[0m  [["id", 207]]
  [1m[35mPlace Load (0.5ms)[0m  SELECT "places".* FROM "places" WHERE "places"."id" = 1133 LIMIT 1
  [1m[36mRoute Load (0.4ms)[0m  [1mselect * from routes where startplace_id = 1133[0m
  [1m[35mRoute Load (0.3ms)[0m  select * from routes where endplace_id = 1133
  [1m[36mCACHE (0.0ms)[0m  [1mSELECT "places".* FROM "places" WHERE "places"."id" = $1 LIMIT 1[0m  [["id", 1133]]
  [1m[35mPlace Load (0.2ms)[0m  SELECT "places".* FROM "places" WHERE "places"."id" = $1 LIMIT 1  [["id", 1131]]
  [1m[36mCACHE (0.0ms)[0m  [1mSELECT "places".* FROM "places" WHERE "places"."id" = $1 LIMIT 1[0m  [["id", 207]]
  [1m[35mPlace Load (0.3ms)[0m  SELECT "places".* FROM "places" WHERE "places"."id" = 1128 LIMIT 1
  [1m[36mRoute Load (0.3ms)[0m  [1mselect * from routes where startplace_id = 1128[0m
  [1m[35mRoute Load (0.3ms)[0m  select * from routes where endplace_id = 1128
  [1m[36mCACHE (0.0ms)[0m  [1mSELECT "places".* FROM "places" WHERE "places"."id" = $1 LIMIT 1[0m  [["id", 1128]]
  [1m[35mCACHE (0.0ms)[0m  SELECT "places".* FROM "places" WHERE "places"."id" = $1 LIMIT 1  [["id", 419]]
  [1m[36mCACHE (0.0ms)[0m  [1mSELECT "places".* FROM "places" WHERE "places"."id" = 1123 LIMIT 1[0m
  [1m[35mCACHE (0.0ms)[0m  select * from routes where startplace_id = 1123
  [1m[36mCACHE (0.0ms)[0m  [1mselect * from routes where endplace_id = 1123[0m
  [1m[35mCACHE (0.0ms)[0m  SELECT "places".* FROM "places" WHERE "places"."id" = $1 LIMIT 1  [["id", 1123]]
  [1m[36mCACHE (0.0ms)[0m  [1mSELECT "places".* FROM "places" WHERE "places"."id" = $1 LIMIT 1[0m  [["id", 1124]]
  [1m[35mCACHE (0.0ms)[0m  SELECT "places".* FROM "places" WHERE "places"."id" = $1 LIMIT 1  [["id", 975]]
  [1m[36mCACHE (0.0ms)[0m  [1mSELECT "places".* FROM "places" WHERE "places"."id" = $1 LIMIT 1[0m  [["id", 1125]]
  [1m[35mPlace Load (0.3ms)[0m  SELECT "places".* FROM "places" WHERE "places"."id" = 1121 LIMIT 1
  [1m[36mRoute Load (0.3ms)[0m  [1mselect * from routes where startplace_id = 1121[0m
  [1m[35mRoute Load (0.3ms)[0m  select * from routes where endplace_id = 1121
  [1m[36mCACHE (0.0ms)[0m  [1mSELECT "places".* FROM "places" WHERE "places"."id" = $1 LIMIT 1[0m  [["id", 1121]]
  [1m[35mCACHE (0.0ms)[0m  SELECT "places".* FROM "places" WHERE "places"."id" = $1 LIMIT 1  [["id", 1122]]
  [1m[36mPlace Load (0.2ms)[0m  [1mSELECT "places".* FROM "places" WHERE "places"."id" = $1 LIMIT 1[0m  [["id", 976]]
  [1m[35mCACHE (0.0ms)[0m  SELECT "places".* FROM "places" WHERE "places"."id" = 207 LIMIT 1
  [1m[36mCACHE (0.0ms)[0m  [1mselect * from routes where startplace_id = 207[0m
  [1m[35mCACHE (0.0ms)[0m  select * from routes where endplace_id = 207
  [1m[36mCACHE (0.0ms)[0m  [1mSELECT "places".* FROM "places" WHERE "places"."id" = $1 LIMIT 1[0m  [["id", 207]]
  [1m[35mCACHE (0.0ms)[0m  SELECT "places".* FROM "places" WHERE "places"."id" = $1 LIMIT 1  [["id", 650]]
  [1m[36mCACHE (0.0ms)[0m  [1mSELECT "places".* FROM "places" WHERE "places"."id" = $1 LIMIT 1[0m  [["id", 207]]
  [1m[35mCACHE (0.0ms)[0m  SELECT "places".* FROM "places" WHERE "places"."id" = $1 LIMIT 1  [["id", 1133]]
  [1m[36mCACHE (0.0ms)[0m  [1mSELECT "places".* FROM "places" WHERE "places"."id" = $1 LIMIT 1[0m  [["id", 1129]]
  [1m[35mCACHE (0.0ms)[0m  SELECT "places".* FROM "places" WHERE "places"."id" = 1126 LIMIT 1
  [1m[36mCACHE (0.0ms)[0m  [1mselect * from routes where startplace_id = 1126[0m
  [1m[35mCACHE (0.0ms)[0m  select * from routes where endplace_id = 1126
  [1m[36mCACHE (0.0ms)[0m  [1mSELECT "places".* FROM "places" WHERE "places"."id" = $1 LIMIT 1[0m  [["id", 1126]]
  [1m[35mCACHE (0.0ms)[0m  SELECT "places".* FROM "places" WHERE "places"."id" = $1 LIMIT 1  [["id", 1130]]
  [1m[36mCACHE (0.0ms)[0m  [1mSELECT "places".* FROM "places" WHERE "places"."id" = $1 LIMIT 1[0m  [["id", 1126]]
  [1m[35mCACHE (0.0ms)[0m  SELECT "places".* FROM "places" WHERE "places"."id" = $1 LIMIT 1  [["id", 769]]
  [1m[36mCACHE (0.0ms)[0m  [1mSELECT "places".* FROM "places" WHERE "places"."id" = $1 LIMIT 1[0m  [["id", 1127]]
  [1m[35mCACHE (0.0ms)[0m  SELECT "places".* FROM "places" WHERE "places"."id" = 1121 LIMIT 1
  [1m[36mCACHE (0.0ms)[0m  [1mselect * from routes where startplace_id = 1121[0m
  [1m[35mCACHE (0.0ms)[0m  select * from routes where endplace_id = 1121
  [1m[36mCACHE (0.0ms)[0m  [1mSELECT "places".* FROM "places" WHERE "places"."id" = $1 LIMIT 1[0m  [["id", 1121]]
  [1m[35mCACHE (0.0ms)[0m  SELECT "places".* FROM "places" WHERE "places"."id" = $1 LIMIT 1  [["id", 1122]]
  [1m[36mCACHE (0.0ms)[0m  [1mSELECT "places".* FROM "places" WHERE "places"."id" = $1 LIMIT 1[0m  [["id", 976]]
  [1m[35mCACHE (0.0ms)[0m  SELECT "places".* FROM "places" WHERE "places"."id" = 1125 LIMIT 1
  [1m[36mCACHE (0.0ms)[0m  [1mselect * from routes where startplace_id = 1125[0m
  [1m[35mCACHE (0.0ms)[0m  select * from routes where endplace_id = 1125
  [1m[36mCACHE (0.0ms)[0m  [1mSELECT "places".* FROM "places" WHERE "places"."id" = $1 LIMIT 1[0m  [["id", 1125]]
  [1m[35mCACHE (0.0ms)[0m  SELECT "places".* FROM "places" WHERE "places"."id" = $1 LIMIT 1  [["id", 1123]]
  [1m[36mCACHE (0.0ms)[0m  [1mSELECT "places".* FROM "places" WHERE "places"."id" = $1 LIMIT 1[0m  [["id", 769]]
  [1m[35mPlace Load (0.3ms)[0m  SELECT "places".* FROM "places" WHERE "places"."id" = 45 LIMIT 1
  [1m[36mRoute Load (0.3ms)[0m  [1mselect * from routes where startplace_id = 45[0m
  [1m[35mRoute Load (0.3ms)[0m  select * from routes where endplace_id = 45
  [1m[36mCACHE (0.0ms)[0m  [1mSELECT "places".* FROM "places" WHERE "places"."id" = $1 LIMIT 1[0m  [["id", 45]]
  [1m[35mCACHE (0.0ms)[0m  SELECT "places".* FROM "places" WHERE "places"."id" = $1 LIMIT 1  [["id", 976]]
  [1m[36mCACHE (0.0ms)[0m  [1mSELECT "places".* FROM "places" WHERE "places"."id" = $1 LIMIT 1[0m  [["id", 650]]
  [1m[35mPlace Load (0.3ms)[0m  SELECT "places".* FROM "places" WHERE "places"."id" = 1131 LIMIT 1
  [1m[36mRoute Load (0.3ms)[0m  [1mselect * from routes where startplace_id = 1131[0m
  [1m[35mRoute Load (0.3ms)[0m  select * from routes where endplace_id = 1131
  [1m[36mCACHE (0.0ms)[0m  [1mSELECT "places".* FROM "places" WHERE "places"."id" = $1 LIMIT 1[0m  [["id", 1131]]
  [1m[35mPlace Load (0.2ms)[0m  SELECT "places".* FROM "places" WHERE "places"."id" = $1 LIMIT 1  [["id", 1132]]
  [1m[36mCACHE (0.0ms)[0m  [1mSELECT "places".* FROM "places" WHERE "places"."id" = $1 LIMIT 1[0m  [["id", 1133]]
  [1m[35mCACHE (0.0ms)[0m  SELECT "places".* FROM "places" WHERE "places"."id" = 975 LIMIT 1
  [1m[36mCACHE (0.0ms)[0m  [1mselect * from routes where startplace_id = 975[0m
  [1m[35mCACHE (0.0ms)[0m  select * from routes where endplace_id = 975
  [1m[36mCACHE (0.0ms)[0m  [1mSELECT "places".* FROM "places" WHERE "places"."id" = $1 LIMIT 1[0m  [["id", 975]]
  [1m[35mCACHE (0.0ms)[0m  SELECT "places".* FROM "places" WHERE "places"."id" = $1 LIMIT 1  [["id", 1129]]
  [1m[36mCACHE (0.0ms)[0m  [1mSELECT "places".* FROM "places" WHERE "places"."id" = $1 LIMIT 1[0m  [["id", 975]]
  [1m[35mCACHE (0.0ms)[0m  SELECT "places".* FROM "places" WHERE "places"."id" = $1 LIMIT 1  [["id", 1123]]
  [1m[36mCACHE (0.0ms)[0m  [1mSELECT "places".* FROM "places" WHERE "places"."id" = $1 LIMIT 1[0m  [["id", 1122]]
  [1m[35mCACHE (0.0ms)[0m  SELECT "places".* FROM "places" WHERE "places"."id" = 1124 LIMIT 1
  [1m[36mCACHE (0.0ms)[0m  [1mselect * from routes where startplace_id = 1124[0m
  [1m[35mCACHE (0.0ms)[0m  select * from routes where endplace_id = 1124
  [1m[36mCACHE (0.0ms)[0m  [1mSELECT "places".* FROM "places" WHERE "places"."id" = $1 LIMIT 1[0m  [["id", 1124]]
  [1m[35mCACHE (0.0ms)[0m  SELECT "places".* FROM "places" WHERE "places"."id" = $1 LIMIT 1  [["id", 1129]]
  [1m[36mCACHE (0.0ms)[0m  [1mSELECT "places".* FROM "places" WHERE "places"."id" = $1 LIMIT 1[0m  [["id", 1124]]
  [1m[35mCACHE (0.0ms)[0m  SELECT "places".* FROM "places" WHERE "places"."id" = $1 LIMIT 1  [["id", 974]]
  [1m[36mCACHE (0.0ms)[0m  [1mSELECT "places".* FROM "places" WHERE "places"."id" = $1 LIMIT 1[0m  [["id", 1123]]
  [1m[35mPlace Load (0.3ms)[0m  SELECT "places".* FROM "places" WHERE "places"."id" = 976 LIMIT 1
  [1m[36mRoute Load (0.3ms)[0m  [1mselect * from routes where startplace_id = 976[0m
  [1m[35mRoute Load (0.3ms)[0m  select * from routes where endplace_id = 976
  [1m[36mCACHE (0.0ms)[0m  [1mSELECT "places".* FROM "places" WHERE "places"."id" = $1 LIMIT 1[0m  [["id", 976]]
  [1m[35mCACHE (0.0ms)[0m  SELECT "places".* FROM "places" WHERE "places"."id" = $1 LIMIT 1  [["id", 1121]]
  [1m[36mCACHE (0.0ms)[0m  [1mSELECT "places".* FROM "places" WHERE "places"."id" = $1 LIMIT 1[0m  [["id", 976]]
  [1m[35mPlace Load (0.2ms)[0m  SELECT "places".* FROM "places" WHERE "places"."id" = $1 LIMIT 1  [["id", 1119]]
  [1m[36mCACHE (0.0ms)[0m  [1mSELECT "places".* FROM "places" WHERE "places"."id" = $1 LIMIT 1[0m  [["id", 45]]
  [1m[35mCACHE (0.0ms)[0m  SELECT "places".* FROM "places" WHERE "places"."id" = 650 LIMIT 1
  [1m[36mCACHE (0.0ms)[0m  [1mselect * from routes where startplace_id = 650[0m
  [1m[35mCACHE (0.0ms)[0m  select * from routes where endplace_id = 650
  [1m[36mCACHE (0.0ms)[0m  [1mSELECT "places".* FROM "places" WHERE "places"."id" = $1 LIMIT 1[0m  [["id", 650]]
  [1m[35mCACHE (0.0ms)[0m  SELECT "places".* FROM "places" WHERE "places"."id" = $1 LIMIT 1  [["id", 45]]
  [1m[36mCACHE (0.0ms)[0m  [1mSELECT "places".* FROM "places" WHERE "places"."id" = $1 LIMIT 1[0m  [["id", 207]]
  [1m[35mCACHE (0.0ms)[0m  SELECT "places".* FROM "places" WHERE "places"."id" = 1133 LIMIT 1
  [1m[36mCACHE (0.0ms)[0m  [1mselect * from routes where startplace_id = 1133[0m
  [1m[35mCACHE (0.0ms)[0m  select * from routes where endplace_id = 1133
  [1m[36mCACHE (0.0ms)[0m  [1mSELECT "places".* FROM "places" WHERE "places"."id" = $1 LIMIT 1[0m  [["id", 1133]]
  [1m[35mCACHE (0.0ms)[0m  SELECT "places".* FROM "places" WHERE "places"."id" = $1 LIMIT 1  [["id", 1131]]
  [1m[36mCACHE (0.0ms)[0m  [1mSELECT "places".* FROM "places" WHERE "places"."id" = $1 LIMIT 1[0m  [["id", 207]]
  [1m[35mCACHE (0.0ms)[0m  SELECT "places".* FROM "places" WHERE "places"."id" = 1127 LIMIT 1
  [1m[36mCACHE (0.0ms)[0m  [1mselect * from routes where startplace_id = 1127[0m
  [1m[35mCACHE (0.0ms)[0m  select * from routes where endplace_id = 1127
  [1m[36mCACHE (0.0ms)[0m  [1mSELECT "places".* FROM "places" WHERE "places"."id" = $1 LIMIT 1[0m  [["id", 1127]]
  [1m[35mCACHE (0.0ms)[0m  SELECT "places".* FROM "places" WHERE "places"."id" = $1 LIMIT 1  [["id", 1126]]
  [1m[36mCACHE (0.0ms)[0m  [1mSELECT "places".* FROM "places" WHERE "places"."id" = $1 LIMIT 1[0m  [["id", 419]]
  [1m[35mCACHE (0.0ms)[0m  SELECT "places".* FROM "places" WHERE "places"."id" = 1130 LIMIT 1
  [1m[36mCACHE (0.0ms)[0m  [1mselect * from routes where startplace_id = 1130[0m
  [1m[35mCACHE (0.0ms)[0m  select * from routes where endplace_id = 1130
  [1m[36mCACHE (0.0ms)[0m  [1mSELECT "places".* FROM "places" WHERE "places"."id" = $1 LIMIT 1[0m  [["id", 1130]]
  [1m[35mCACHE (0.0ms)[0m  SELECT "places".* FROM "places" WHERE "places"."id" = $1 LIMIT 1  [["id", 974]]
  [1m[36mCACHE (0.0ms)[0m  [1mSELECT "places".* FROM "places" WHERE "places"."id" = $1 LIMIT 1[0m  [["id", 1126]]
  [1m[35mCACHE (0.0ms)[0m  SELECT "places".* FROM "places" WHERE "places"."id" = 976 LIMIT 1
  [1m[36mCACHE (0.0ms)[0m  [1mselect * from routes where startplace_id = 976[0m
  [1m[35mCACHE (0.0ms)[0m  select * from routes where endplace_id = 976
  [1m[36mCACHE (0.0ms)[0m  [1mSELECT "places".* FROM "places" WHERE "places"."id" = $1 LIMIT 1[0m  [["id", 976]]
  [1m[35mCACHE (0.0ms)[0m  SELECT "places".* FROM "places" WHERE "places"."id" = $1 LIMIT 1  [["id", 1121]]
  [1m[36mCACHE (0.0ms)[0m  [1mSELECT "places".* FROM "places" WHERE "places"."id" = $1 LIMIT 1[0m  [["id", 976]]
  [1m[35mCACHE (0.0ms)[0m  SELECT "places".* FROM "places" WHERE "places"."id" = $1 LIMIT 1  [["id", 1119]]
  [1m[36mCACHE (0.0ms)[0m  [1mSELECT "places".* FROM "places" WHERE "places"."id" = $1 LIMIT 1[0m  [["id", 45]]
  [1m[35mCACHE (0.0ms)[0m  SELECT "places".* FROM "places" WHERE "places"."id" = 769 LIMIT 1
  [1m[36mCACHE (0.0ms)[0m  [1mselect * from routes where startplace_id = 769[0m
  [1m[35mCACHE (0.0ms)[0m  select * from routes where endplace_id = 769
  [1m[36mCACHE (0.0ms)[0m  [1mSELECT "places".* FROM "places" WHERE "places"."id" = $1 LIMIT 1[0m  [["id", 769]]
  [1m[35mCACHE (0.0ms)[0m  SELECT "places".* FROM "places" WHERE "places"."id" = $1 LIMIT 1  [["id", 1125]]
  [1m[36mCACHE (0.0ms)[0m  [1mSELECT "places".* FROM "places" WHERE "places"."id" = $1 LIMIT 1[0m  [["id", 1126]]
  [1m[35mCACHE (0.0ms)[0m  SELECT "places".* FROM "places" WHERE "places"."id" = 976 LIMIT 1
  [1m[36mCACHE (0.0ms)[0m  [1mselect * from routes where startplace_id = 976[0m
  [1m[35mCACHE (0.0ms)[0m  select * from routes where endplace_id = 976
  [1m[36mCACHE (0.0ms)[0m  [1mSELECT "places".* FROM "places" WHERE "places"."id" = $1 LIMIT 1[0m  [["id", 976]]
  [1m[35mCACHE (0.0ms)[0m  SELECT "places".* FROM "places" WHERE "places"."id" = $1 LIMIT 1  [["id", 1121]]
  [1m[36mCACHE (0.0ms)[0m  [1mSELECT "places".* FROM "places" WHERE "places"."id" = $1 LIMIT 1[0m  [["id", 976]]
  [1m[35mCACHE (0.0ms)[0m  SELECT "places".* FROM "places" WHERE "places"."id" = $1 LIMIT 1  [["id", 1119]]
  [1m[36mCACHE (0.0ms)[0m  [1mSELECT "places".* FROM "places" WHERE "places"."id" = $1 LIMIT 1[0m  [["id", 45]]
  [1m[35mPlace Load (0.3ms)[0m  SELECT "places".* FROM "places" WHERE "places"."id" = 1132 LIMIT 1
  [1m[36mRoute Load (0.3ms)[0m  [1mselect * from routes where startplace_id = 1132[0m
  [1m[35mRoute Load (0.3ms)[0m  select * from routes where endplace_id = 1132
  [1m[36mCACHE (0.0ms)[0m  [1mSELECT "places".* FROM "places" WHERE "places"."id" = $1 LIMIT 1[0m  [["id", 1131]]
  [1m[35mCACHE (0.0ms)[0m  SELECT "places".* FROM "places" WHERE "places"."id" = 1122 LIMIT 1
  [1m[36mCACHE (0.0ms)[0m  [1mselect * from routes where startplace_id = 1122[0m
  [1m[35mCACHE (0.0ms)[0m  select * from routes where endplace_id = 1122
  [1m[36mCACHE (0.0ms)[0m  [1mSELECT "places".* FROM "places" WHERE "places"."id" = $1 LIMIT 1[0m  [["id", 1122]]
  [1m[35mCACHE (0.0ms)[0m  SELECT "places".* FROM "places" WHERE "places"."id" = $1 LIMIT 1  [["id", 975]]
  [1m[36mCACHE (0.0ms)[0m  [1mSELECT "places".* FROM "places" WHERE "places"."id" = $1 LIMIT 1[0m  [["id", 1121]]
  [1m[35mCACHE (0.0ms)[0m  SELECT "places".* FROM "places" WHERE "places"."id" = 1129 LIMIT 1
  [1m[36mCACHE (0.0ms)[0m  [1mselect * from routes where startplace_id = 1129[0m
  [1m[35mCACHE (0.0ms)[0m  select * from routes where endplace_id = 1129
  [1m[36mCACHE (0.0ms)[0m  [1mSELECT "places".* FROM "places" WHERE "places"."id" = $1 LIMIT 1[0m  [["id", 1129]]
  [1m[35mCACHE (0.0ms)[0m  SELECT "places".* FROM "places" WHERE "places"."id" = $1 LIMIT 1  [["id", 207]]
  [1m[36mCACHE (0.0ms)[0m  [1mSELECT "places".* FROM "places" WHERE "places"."id" = $1 LIMIT 1[0m  [["id", 1124]]
  [1m[35mCACHE (0.0ms)[0m  SELECT "places".* FROM "places" WHERE "places"."id" = $1 LIMIT 1  [["id", 975]]
  [1m[36mCACHE (0.0ms)[0m  [1mSELECT "places".* FROM "places" WHERE "places"."id" = 1129 LIMIT 1[0m
  [1m[35mCACHE (0.0ms)[0m  select * from routes where startplace_id = 1129
  [1m[36mCACHE (0.0ms)[0m  [1mselect * from routes where endplace_id = 1129[0m
  [1m[35mCACHE (0.0ms)[0m  SELECT "places".* FROM "places" WHERE "places"."id" = $1 LIMIT 1  [["id", 1129]]
  [1m[36mCACHE (0.0ms)[0m  [1mSELECT "places".* FROM "places" WHERE "places"."id" = $1 LIMIT 1[0m  [["id", 207]]
  [1m[35mCACHE (0.0ms)[0m  SELECT "places".* FROM "places" WHERE "places"."id" = $1 LIMIT 1  [["id", 1124]]
  [1m[36mCACHE (0.0ms)[0m  [1mSELECT "places".* FROM "places" WHERE "places"."id" = $1 LIMIT 1[0m  [["id", 975]]
  [1m[35mCACHE (0.0ms)[0m  SELECT "places".* FROM "places" WHERE "places"."id" = 45 LIMIT 1
  [1m[36mCACHE (0.0ms)[0m  [1mselect * from routes where startplace_id = 45[0m
  [1m[35mCACHE (0.0ms)[0m  select * from routes where endplace_id = 45
  [1m[36mCACHE (0.0ms)[0m  [1mSELECT "places".* FROM "places" WHERE "places"."id" = $1 LIMIT 1[0m  [["id", 45]]
  [1m[35mCACHE (0.0ms)[0m  SELECT "places".* FROM "places" WHERE "places"."id" = $1 LIMIT 1  [["id", 976]]
  [1m[36mCACHE (0.0ms)[0m  [1mSELECT "places".* FROM "places" WHERE "places"."id" = $1 LIMIT 1[0m  [["id", 650]]
  [1m[35mCACHE (0.0ms)[0m  SELECT "places".* FROM "places" WHERE "places"."id" = 45 LIMIT 1
  [1m[36mCACHE (0.0ms)[0m  [1mselect * from routes where startplace_id = 45[0m
  [1m[35mCACHE (0.2ms)[0m  select * from routes where endplace_id = 45
  [1m[36mCACHE (0.0ms)[0m  [1mSELECT "places".* FROM "places" WHERE "places"."id" = $1 LIMIT 1[0m  [["id", 45]]
  [1m[35mCACHE (0.0ms)[0m  SELECT "places".* FROM "places" WHERE "places"."id" = $1 LIMIT 1  [["id", 976]]
  [1m[36mCACHE (0.0ms)[0m  [1mSELECT "places".* FROM "places" WHERE "places"."id" = $1 LIMIT 1[0m  [["id", 650]]
  [1m[35mCACHE (0.0ms)[0m  SELECT "places".* FROM "places" WHERE "places"."id" = 1131 LIMIT 1
  [1m[36mCACHE (0.0ms)[0m  [1mselect * from routes where startplace_id = 1131[0m
  [1m[35mCACHE (0.0ms)[0m  select * from routes where endplace_id = 1131
  [1m[36mCACHE (0.0ms)[0m  [1mSELECT "places".* FROM "places" WHERE "places"."id" = $1 LIMIT 1[0m  [["id", 1131]]
  [1m[35mCACHE (0.0ms)[0m  SELECT "places".* FROM "places" WHERE "places"."id" = $1 LIMIT 1  [["id", 1132]]
  [1m[36mCACHE (0.0ms)[0m  [1mSELECT "places".* FROM "places" WHERE "places"."id" = $1 LIMIT 1[0m  [["id", 1133]]
  [1m[35mCACHE (0.0ms)[0m  SELECT "places".* FROM "places" WHERE "places"."id" = 419 LIMIT 1
  [1m[36mCACHE (0.0ms)[0m  [1mselect * from routes where startplace_id = 419[0m
  [1m[35mCACHE (0.0ms)[0m  select * from routes where endplace_id = 419
  [1m[36mCACHE (0.0ms)[0m  [1mSELECT "places".* FROM "places" WHERE "places"."id" = $1 LIMIT 1[0m  [["id", 419]]
  [1m[35mCACHE (0.0ms)[0m  SELECT "places".* FROM "places" WHERE "places"."id" = $1 LIMIT 1  [["id", 1127]]
  [1m[36mCACHE (0.0ms)[0m  [1mSELECT "places".* FROM "places" WHERE "places"."id" = $1 LIMIT 1[0m  [["id", 1128]]
  [1m[35mCACHE (0.0ms)[0m  SELECT "places".* FROM "places" WHERE "places"."id" = 45 LIMIT 1
  [1m[36mCACHE (0.0ms)[0m  [1mselect * from routes where startplace_id = 45[0m
  [1m[35mCACHE (0.0ms)[0m  select * from routes where endplace_id = 45
  [1m[36mCACHE (0.0ms)[0m  [1mSELECT "places".* FROM "places" WHERE "places"."id" = $1 LIMIT 1[0m  [["id", 45]]
  [1m[35mCACHE (0.0ms)[0m  SELECT "places".* FROM "places" WHERE "places"."id" = $1 LIMIT 1  [["id", 976]]
  [1m[36mCACHE (0.0ms)[0m  [1mSELECT "places".* FROM "places" WHERE "places"."id" = $1 LIMIT 1[0m  [["id", 650]]
  [1m[35mCACHE (0.0ms)[0m  SELECT "places".* FROM "places" WHERE "places"."id" = 1126 LIMIT 1
  [1m[36mCACHE (0.0ms)[0m  [1mselect * from routes where startplace_id = 1126[0m
  [1m[35mCACHE (0.0ms)[0m  select * from routes where endplace_id = 1126
  [1m[36mCACHE (0.0ms)[0m  [1mSELECT "places".* FROM "places" WHERE "places"."id" = $1 LIMIT 1[0m  [["id", 1126]]
  [1m[35mCACHE (0.0ms)[0m  SELECT "places".* FROM "places" WHERE "places"."id" = $1 LIMIT 1  [["id", 1130]]
  [1m[36mCACHE (0.0ms)[0m  [1mSELECT "places".* FROM "places" WHERE "places"."id" = $1 LIMIT 1[0m  [["id", 1126]]
  [1m[35mCACHE (0.0ms)[0m  SELECT "places".* FROM "places" WHERE "places"."id" = $1 LIMIT 1  [["id", 769]]
  [1m[36mCACHE (0.0ms)[0m  [1mSELECT "places".* FROM "places" WHERE "places"."id" = $1 LIMIT 1[0m  [["id", 1127]]
  [1m[35mCACHE (0.0ms)[0m  SELECT "places".* FROM "places" WHERE "places"."id" = 1121 LIMIT 1
  [1m[36mCACHE (0.0ms)[0m  [1mselect * from routes where startplace_id = 1121[0m
  [1m[35mCACHE (0.0ms)[0m  select * from routes where endplace_id = 1121
  [1m[36mCACHE (0.0ms)[0m  [1mSELECT "places".* FROM "places" WHERE "places"."id" = $1 LIMIT 1[0m  [["id", 1121]]
  [1m[35mCACHE (0.0ms)[0m  SELECT "places".* FROM "places" WHERE "places"."id" = $1 LIMIT 1  [["id", 1122]]
  [1m[36mCACHE (0.0ms)[0m  [1mSELECT "places".* FROM "places" WHERE "places"."id" = $1 LIMIT 1[0m  [["id", 976]]
  [1m[35mCACHE (0.0ms)[0m  SELECT "places".* FROM "places" WHERE "places"."id" = 1121 LIMIT 1
  [1m[36mCACHE (0.0ms)[0m  [1mselect * from routes where startplace_id = 1121[0m
  [1m[35mCACHE (0.0ms)[0m  select * from routes where endplace_id = 1121
  [1m[36mCACHE (0.0ms)[0m  [1mSELECT "places".* FROM "places" WHERE "places"."id" = $1 LIMIT 1[0m  [["id", 1121]]
  [1m[35mCACHE (0.0ms)[0m  SELECT "places".* FROM "places" WHERE "places"."id" = $1 LIMIT 1  [["id", 1122]]
  [1m[36mCACHE (0.0ms)[0m  [1mSELECT "places".* FROM "places" WHERE "places"."id" = $1 LIMIT 1[0m  [["id", 976]]
  [1m[35mCACHE (0.0ms)[0m  SELECT "places".* FROM "places" WHERE "places"."id" = 1124 LIMIT 1
  [1m[36mCACHE (0.0ms)[0m  [1mselect * from routes where startplace_id = 1124[0m
  [1m[35mCACHE (0.0ms)[0m  select * from routes where endplace_id = 1124
  [1m[36mCACHE (0.0ms)[0m  [1mSELECT "places".* FROM "places" WHERE "places"."id" = $1 LIMIT 1[0m  [["id", 1124]]
  [1m[35mCACHE (0.0ms)[0m  SELECT "places".* FROM "places" WHERE "places"."id" = $1 LIMIT 1  [["id", 1129]]
  [1m[36mCACHE (0.0ms)[0m  [1mSELECT "places".* FROM "places" WHERE "places"."id" = $1 LIMIT 1[0m  [["id", 1124]]
  [1m[35mCACHE (0.0ms)[0m  SELECT "places".* FROM "places" WHERE "places"."id" = $1 LIMIT 1  [["id", 974]]
  [1m[36mCACHE (0.0ms)[0m  [1mSELECT "places".* FROM "places" WHERE "places"."id" = $1 LIMIT 1[0m  [["id", 1123]]
  [1m[35mCACHE (0.0ms)[0m  SELECT "places".* FROM "places" WHERE "places"."id" = 207 LIMIT 1
  [1m[36mCACHE (0.0ms)[0m  [1mselect * from routes where startplace_id = 207[0m
  [1m[35mCACHE (0.0ms)[0m  select * from routes where endplace_id = 207
  [1m[36mCACHE (0.0ms)[0m  [1mSELECT "places".* FROM "places" WHERE "places"."id" = $1 LIMIT 1[0m  [["id", 207]]
  [1m[35mCACHE (0.0ms)[0m  SELECT "places".* FROM "places" WHERE "places"."id" = $1 LIMIT 1  [["id", 650]]
  [1m[36mCACHE (0.0ms)[0m  [1mSELECT "places".* FROM "places" WHERE "places"."id" = $1 LIMIT 1[0m  [["id", 207]]
  [1m[35mCACHE (0.0ms)[0m  SELECT "places".* FROM "places" WHERE "places"."id" = $1 LIMIT 1  [["id", 1133]]
  [1m[36mCACHE (0.0ms)[0m  [1mSELECT "places".* FROM "places" WHERE "places"."id" = $1 LIMIT 1[0m  [["id", 1129]]
  [1m[35mCACHE (0.0ms)[0m  SELECT "places".* FROM "places" WHERE "places"."id" = 975 LIMIT 1
  [1m[36mCACHE (0.0ms)[0m  [1mselect * from routes where startplace_id = 975[0m
  [1m[35mCACHE (0.0ms)[0m  select * from routes where endplace_id = 975
  [1m[36mCACHE (0.0ms)[0m  [1mSELECT "places".* FROM "places" WHERE "places"."id" = $1 LIMIT 1[0m  [["id", 975]]
  [1m[35mCACHE (0.0ms)[0m  SELECT "places".* FROM "places" WHERE "places"."id" = $1 LIMIT 1  [["id", 1129]]
  [1m[36mCACHE (0.0ms)[0m  [1mSELECT "places".* FROM "places" WHERE "places"."id" = $1 LIMIT 1[0m  [["id", 975]]
  [1m[35mCACHE (0.0ms)[0m  SELECT "places".* FROM "places" WHERE "places"."id" = $1 LIMIT 1  [["id", 1123]]
  [1m[36mCACHE (0.0ms)[0m  [1mSELECT "places".* FROM "places" WHERE "places"."id" = $1 LIMIT 1[0m  [["id", 1122]]
  [1m[35mCACHE (0.0ms)[0m  SELECT "places".* FROM "places" WHERE "places"."id" = 207 LIMIT 1
  [1m[36mCACHE (0.0ms)[0m  [1mselect * from routes where startplace_id = 207[0m
  [1m[35mCACHE (0.0ms)[0m  select * from routes where endplace_id = 207
  [1m[36mCACHE (0.0ms)[0m  [1mSELECT "places".* FROM "places" WHERE "places"."id" = $1 LIMIT 1[0m  [["id", 207]]
  [1m[35mCACHE (0.0ms)[0m  SELECT "places".* FROM "places" WHERE "places"."id" = $1 LIMIT 1  [["id", 650]]
  [1m[36mCACHE (0.0ms)[0m  [1mSELECT "places".* FROM "places" WHERE "places"."id" = $1 LIMIT 1[0m  [["id", 207]]
  [1m[35mCACHE (0.0ms)[0m  SELECT "places".* FROM "places" WHERE "places"."id" = $1 LIMIT 1  [["id", 1133]]
  [1m[36mCACHE (0.0ms)[0m  [1mSELECT "places".* FROM "places" WHERE "places"."id" = $1 LIMIT 1[0m  [["id", 1129]]
  [1m[35mCACHE (0.1ms)[0m  SELECT "places".* FROM "places" WHERE "places"."id" = 650 LIMIT 1
  [1m[36mCACHE (0.0ms)[0m  [1mselect * from routes where startplace_id = 650[0m
  [1m[35mCACHE (0.0ms)[0m  select * from routes where endplace_id = 650
  [1m[36mCACHE (0.0ms)[0m  [1mSELECT "places".* FROM "places" WHERE "places"."id" = $1 LIMIT 1[0m  [["id", 650]]
  [1m[35mCACHE (0.0ms)[0m  SELECT "places".* FROM "places" WHERE "places"."id" = $1 LIMIT 1  [["id", 45]]
  [1m[36mCACHE (0.0ms)[0m  [1mSELECT "places".* FROM "places" WHERE "places"."id" = $1 LIMIT 1[0m  [["id", 207]]
  [1m[35mCACHE (0.0ms)[0m  SELECT "places".* FROM "places" WHERE "places"."id" = 976 LIMIT 1
  [1m[36mCACHE (0.0ms)[0m  [1mselect * from routes where startplace_id = 976[0m
  [1m[35mCACHE (0.0ms)[0m  select * from routes where endplace_id = 976
  [1m[36mCACHE (0.0ms)[0m  [1mSELECT "places".* FROM "places" WHERE "places"."id" = $1 LIMIT 1[0m  [["id", 976]]
  [1m[35mCACHE (0.0ms)[0m  SELECT "places".* FROM "places" WHERE "places"."id" = $1 LIMIT 1  [["id", 1121]]
  [1m[36mCACHE (0.0ms)[0m  [1mSELECT "places".* FROM "places" WHERE "places"."id" = $1 LIMIT 1[0m  [["id", 976]]
  [1m[35mCACHE (0.0ms)[0m  SELECT "places".* FROM "places" WHERE "places"."id" = $1 LIMIT 1  [["id", 1119]]
  [1m[36mCACHE (0.0ms)[0m  [1mSELECT "places".* FROM "places" WHERE "places"."id" = $1 LIMIT 1[0m  [["id", 45]]
  [1m[35mCACHE (0.0ms)[0m  SELECT "places".* FROM "places" WHERE "places"."id" = 1132 LIMIT 1
  [1m[36mCACHE (0.1ms)[0m  [1mselect * from routes where startplace_id = 1132[0m
  [1m[35mCACHE (0.0ms)[0m  select * from routes where endplace_id = 1132
  [1m[36mCACHE (0.0ms)[0m  [1mSELECT "places".* FROM "places" WHERE "places"."id" = $1 LIMIT 1[0m  [["id", 1131]]
  [1m[35mCACHE (0.0ms)[0m  SELECT "places".* FROM "places" WHERE "places"."id" = 1128 LIMIT 1
  [1m[36mCACHE (0.0ms)[0m  [1mselect * from routes where startplace_id = 1128[0m
  [1m[35mCACHE (0.0ms)[0m  select * from routes where endplace_id = 1128
  [1m[36mCACHE (0.0ms)[0m  [1mSELECT "places".* FROM "places" WHERE "places"."id" = $1 LIMIT 1[0m  [["id", 1128]]
  [1m[35mCACHE (0.0ms)[0m  SELECT "places".* FROM "places" WHERE "places"."id" = $1 LIMIT 1  [["id", 419]]
  [1m[36mCACHE (0.0ms)[0m  [1mSELECT "places".* FROM "places" WHERE "places"."id" = 650 LIMIT 1[0m
  [1m[35mCACHE (0.0ms)[0m  select * from routes where startplace_id = 650
  [1m[36mCACHE (0.0ms)[0m  [1mselect * from routes where endplace_id = 650[0m
  [1m[35mCACHE (0.0ms)[0m  SELECT "places".* FROM "places" WHERE "places"."id" = $1 LIMIT 1  [["id", 650]]
  [1m[36mCACHE (0.0ms)[0m  [1mSELECT "places".* FROM "places" WHERE "places"."id" = $1 LIMIT 1[0m  [["id", 45]]
  [1m[35mCACHE (0.0ms)[0m  SELECT "places".* FROM "places" WHERE "places"."id" = $1 LIMIT 1  [["id", 207]]
  [1m[36mCACHE (0.0ms)[0m  [1mSELECT "places".* FROM "places" WHERE "places"."id" = 1127 LIMIT 1[0m
  [1m[35mCACHE (0.0ms)[0m  select * from routes where startplace_id = 1127
  [1m[36mCACHE (0.0ms)[0m  [1mselect * from routes where endplace_id = 1127[0m
  [1m[35mCACHE (0.0ms)[0m  SELECT "places".* FROM "places" WHERE "places"."id" = $1 LIMIT 1  [["id", 1127]]
  [1m[36mCACHE (0.0ms)[0m  [1mSELECT "places".* FROM "places" WHERE "places"."id" = $1 LIMIT 1[0m  [["id", 1126]]
  [1m[35mCACHE (0.0ms)[0m  SELECT "places".* FROM "places" WHERE "places"."id" = $1 LIMIT 1  [["id", 419]]
  [1m[36mCACHE (0.0ms)[0m  [1mSELECT "places".* FROM "places" WHERE "places"."id" = 1130 LIMIT 1[0m
  [1m[35mCACHE (0.0ms)[0m  select * from routes where startplace_id = 1130
  [1m[36mCACHE (0.0ms)[0m  [1mselect * from routes where endplace_id = 1130[0m
  [1m[35mCACHE (0.0ms)[0m  SELECT "places".* FROM "places" WHERE "places"."id" = $1 LIMIT 1  [["id", 1130]]
  [1m[36mCACHE (0.0ms)[0m  [1mSELECT "places".* FROM "places" WHERE "places"."id" = $1 LIMIT 1[0m  [["id", 974]]
  [1m[35mCACHE (0.0ms)[0m  SELECT "places".* FROM "places" WHERE "places"."id" = $1 LIMIT 1  [["id", 1126]]
  [1m[36mCACHE (0.0ms)[0m  [1mSELECT "places".* FROM "places" WHERE "places"."id" = 1122 LIMIT 1[0m
  [1m[35mCACHE (0.0ms)[0m  select * from routes where startplace_id = 1122
  [1m[36mCACHE (0.0ms)[0m  [1mselect * from routes where endplace_id = 1122[0m
  [1m[35mCACHE (0.0ms)[0m  SELECT "places".* FROM "places" WHERE "places"."id" = $1 LIMIT 1  [["id", 1122]]
  [1m[36mCACHE (0.0ms)[0m  [1mSELECT "places".* FROM "places" WHERE "places"."id" = $1 LIMIT 1[0m  [["id", 975]]
  [1m[35mCACHE (0.0ms)[0m  SELECT "places".* FROM "places" WHERE "places"."id" = $1 LIMIT 1  [["id", 1121]]
  [1m[36mCACHE (0.0ms)[0m  [1mSELECT "places".* FROM "places" WHERE "places"."id" = 976 LIMIT 1[0m
  [1m[35mCACHE (0.0ms)[0m  select * from routes where startplace_id = 976
  [1m[36mCACHE (0.0ms)[0m  [1mselect * from routes where endplace_id = 976[0m
  [1m[35mCACHE (0.0ms)[0m  SELECT "places".* FROM "places" WHERE "places"."id" = $1 LIMIT 1  [["id", 976]]
  [1m[36mCACHE (0.0ms)[0m  [1mSELECT "places".* FROM "places" WHERE "places"."id" = $1 LIMIT 1[0m  [["id", 1121]]
  [1m[35mCACHE (0.0ms)[0m  SELECT "places".* FROM "places" WHERE "places"."id" = $1 LIMIT 1  [["id", 976]]
  [1m[36mCACHE (0.0ms)[0m  [1mSELECT "places".* FROM "places" WHERE "places"."id" = $1 LIMIT 1[0m  [["id", 1119]]
  [1m[35mCACHE (0.0ms)[0m  SELECT "places".* FROM "places" WHERE "places"."id" = $1 LIMIT 1  [["id", 45]]
  [1m[36mCACHE (0.0ms)[0m  [1mSELECT "places".* FROM "places" WHERE "places"."id" = 650 LIMIT 1[0m
  [1m[35mCACHE (0.0ms)[0m  select * from routes where startplace_id = 650
  [1m[36mCACHE (0.0ms)[0m  [1mselect * from routes where endplace_id = 650[0m
  [1m[35mCACHE (0.0ms)[0m  SELECT "places".* FROM "places" WHERE "places"."id" = $1 LIMIT 1  [["id", 650]]
  [1m[36mCACHE (0.0ms)[0m  [1mSELECT "places".* FROM "places" WHERE "places"."id" = $1 LIMIT 1[0m  [["id", 45]]
  [1m[35mCACHE (0.0ms)[0m  SELECT "places".* FROM "places" WHERE "places"."id" = $1 LIMIT 1  [["id", 207]]
  [1m[36mCACHE (0.0ms)[0m  [1mSELECT "places".* FROM "places" WHERE "places"."id" = 1133 LIMIT 1[0m
  [1m[35mCACHE (0.0ms)[0m  select * from routes where startplace_id = 1133
  [1m[36mCACHE (0.0ms)[0m  [1mselect * from routes where endplace_id = 1133[0m
  [1m[35mCACHE (0.0ms)[0m  SELECT "places".* FROM "places" WHERE "places"."id" = $1 LIMIT 1  [["id", 1133]]
  [1m[36mCACHE (0.0ms)[0m  [1mSELECT "places".* FROM "places" WHERE "places"."id" = $1 LIMIT 1[0m  [["id", 1131]]
  [1m[35mCACHE (0.0ms)[0m  SELECT "places".* FROM "places" WHERE "places"."id" = $1 LIMIT 1  [["id", 207]]
  [1m[36mCACHE (0.0ms)[0m  [1mSELECT "places".* FROM "places" WHERE "places"."id" = 1122 LIMIT 1[0m
  [1m[35mCACHE (0.0ms)[0m  select * from routes where startplace_id = 1122
  [1m[36mCACHE (0.0ms)[0m  [1mselect * from routes where endplace_id = 1122[0m
  [1m[35mCACHE (0.0ms)[0m  SELECT "places".* FROM "places" WHERE "places"."id" = $1 LIMIT 1  [["id", 1122]]
  [1m[36mCACHE (0.0ms)[0m  [1mSELECT "places".* FROM "places" WHERE "places"."id" = $1 LIMIT 1[0m  [["id", 975]]
  [1m[35mCACHE (0.0ms)[0m  SELECT "places".* FROM "places" WHERE "places"."id" = $1 LIMIT 1  [["id", 1121]]
  [1m[36mCACHE (0.0ms)[0m  [1mSELECT "places".* FROM "places" WHERE "places"."id" = 650 LIMIT 1[0m
  [1m[35mCACHE (0.0ms)[0m  select * from routes where startplace_id = 650
  [1m[36mCACHE (0.0ms)[0m  [1mselect * from routes where endplace_id = 650[0m
  [1m[35mCACHE (0.0ms)[0m  SELECT "places".* FROM "places" WHERE "places"."id" = $1 LIMIT 1  [["id", 650]]
  [1m[36mCACHE (0.0ms)[0m  [1mSELECT "places".* FROM "places" WHERE "places"."id" = $1 LIMIT 1[0m  [["id", 45]]
  [1m[35mCACHE (0.0ms)[0m  SELECT "places".* FROM "places" WHERE "places"."id" = $1 LIMIT 1  [["id", 207]]
  [1m[36mCACHE (0.0ms)[0m  [1mSELECT "places".* FROM "places" WHERE "places"."id" = 1133 LIMIT 1[0m
  [1m[35mCACHE (0.0ms)[0m  select * from routes where startplace_id = 1133
  [1m[36mCACHE (0.0ms)[0m  [1mselect * from routes where endplace_id = 1133[0m
  [1m[35mCACHE (0.0ms)[0m  SELECT "places".* FROM "places" WHERE "places"."id" = $1 LIMIT 1  [["id", 1133]]
  [1m[36mCACHE (0.0ms)[0m  [1mSELECT "places".* FROM "places" WHERE "places"."id" = $1 LIMIT 1[0m  [["id", 1131]]
  [1m[35mCACHE (0.0ms)[0m  SELECT "places".* FROM "places" WHERE "places"."id" = $1 LIMIT 1  [["id", 207]]
  [1m[36mCACHE (0.0ms)[0m  [1mSELECT "places".* FROM "places" WHERE "places"."id" = 207 LIMIT 1[0m
  [1m[35mCACHE (0.0ms)[0m  select * from routes where startplace_id = 207
  [1m[36mCACHE (0.0ms)[0m  [1mselect * from routes where endplace_id = 207[0m
  [1m[35mCACHE (0.0ms)[0m  SELECT "places".* FROM "places" WHERE "places"."id" = $1 LIMIT 1  [["id", 207]]
  [1m[36mCACHE (0.0ms)[0m  [1mSELECT "places".* FROM "places" WHERE "places"."id" = $1 LIMIT 1[0m  [["id", 650]]
  [1m[35mCACHE (0.0ms)[0m  SELECT "places".* FROM "places" WHERE "places"."id" = $1 LIMIT 1  [["id", 207]]
  [1m[36mCACHE (0.0ms)[0m  [1mSELECT "places".* FROM "places" WHERE "places"."id" = $1 LIMIT 1[0m  [["id", 1133]]
  [1m[35mCACHE (0.0ms)[0m  SELECT "places".* FROM "places" WHERE "places"."id" = $1 LIMIT 1  [["id", 1129]]
  [1m[36mCACHE (0.0ms)[0m  [1mSELECT "places".* FROM "places" WHERE "places"."id" = 1121 LIMIT 1[0m
  [1m[35mCACHE (0.0ms)[0m  select * from routes where startplace_id = 1121
  [1m[36mCACHE (0.0ms)[0m  [1mselect * from routes where endplace_id = 1121[0m
  [1m[35mCACHE (0.0ms)[0m  SELECT "places".* FROM "places" WHERE "places"."id" = $1 LIMIT 1  [["id", 1121]]
  [1m[36mCACHE (0.0ms)[0m  [1mSELECT "places".* FROM "places" WHERE "places"."id" = $1 LIMIT 1[0m  [["id", 1122]]
  [1m[35mCACHE (0.0ms)[0m  SELECT "places".* FROM "places" WHERE "places"."id" = $1 LIMIT 1  [["id", 976]]
  [1m[36mCACHE (0.0ms)[0m  [1mSELECT "places".* FROM "places" WHERE "places"."id" = 207 LIMIT 1[0m
  [1m[35mCACHE (0.0ms)[0m  select * from routes where startplace_id = 207
  [1m[36mCACHE (0.0ms)[0m  [1mselect * from routes where endplace_id = 207[0m
  [1m[35mCACHE (0.0ms)[0m  SELECT "places".* FROM "places" WHERE "places"."id" = $1 LIMIT 1  [["id", 207]]
  [1m[36mCACHE (0.1ms)[0m  [1mSELECT "places".* FROM "places" WHERE "places"."id" = $1 LIMIT 1[0m  [["id", 650]]
  [1m[35mCACHE (0.0ms)[0m  SELECT "places".* FROM "places" WHERE "places"."id" = $1 LIMIT 1  [["id", 207]]
  [1m[36mCACHE (0.0ms)[0m  [1mSELECT "places".* FROM "places" WHERE "places"."id" = $1 LIMIT 1[0m  [["id", 1133]]
  [1m[35mCACHE (0.0ms)[0m  SELECT "places".* FROM "places" WHERE "places"."id" = $1 LIMIT 1  [["id", 1129]]
  [1m[36mCACHE (0.0ms)[0m  [1mSELECT "places".* FROM "places" WHERE "places"."id" = 419 LIMIT 1[0m
  [1m[35mCACHE (0.0ms)[0m  select * from routes where startplace_id = 419
  [1m[36mCACHE (0.0ms)[0m  [1mselect * from routes where endplace_id = 419[0m
  [1m[35mCACHE (0.0ms)[0m  SELECT "places".* FROM "places" WHERE "places"."id" = $1 LIMIT 1  [["id", 419]]
  [1m[36mCACHE (0.0ms)[0m  [1mSELECT "places".* FROM "places" WHERE "places"."id" = $1 LIMIT 1[0m  [["id", 1127]]
  [1m[35mCACHE (0.0ms)[0m  SELECT "places".* FROM "places" WHERE "places"."id" = $1 LIMIT 1  [["id", 1128]]
  [1m[36mCACHE (0.0ms)[0m  [1mSELECT "places".* FROM "places" WHERE "places"."id" = 975 LIMIT 1[0m
  [1m[35mCACHE (0.0ms)[0m  select * from routes where startplace_id = 975
  [1m[36mCACHE (0.0ms)[0m  [1mselect * from routes where endplace_id = 975[0m
  [1m[35mCACHE (0.0ms)[0m  SELECT "places".* FROM "places" WHERE "places"."id" = $1 LIMIT 1  [["id", 975]]
  [1m[36mCACHE (0.0ms)[0m  [1mSELECT "places".* FROM "places" WHERE "places"."id" = $1 LIMIT 1[0m  [["id", 1129]]
  [1m[35mCACHE (0.0ms)[0m  SELECT "places".* FROM "places" WHERE "places"."id" = $1 LIMIT 1  [["id", 975]]
  [1m[36mCACHE (0.0ms)[0m  [1mSELECT "places".* FROM "places" WHERE "places"."id" = $1 LIMIT 1[0m  [["id", 1123]]
  [1m[35mCACHE (0.0ms)[0m  SELECT "places".* FROM "places" WHERE "places"."id" = $1 LIMIT 1  [["id", 1122]]
BNewroutes
258
{:place=>974, :route=>[272, 22, 218, 217, 216], :url=>"xrv-215xrv216xrv217xrv218xrv22xrv272"}
{:place=>769, :route=>[-227, 240, 239, 272, 22, 218, 217, 216], :url=>"xrv-215xrv216xrv217xrv218xrv22xrv272xrv239xrv240xrv-227"}
{:place=>1125, :route=>[225, 223, 224, 272, 22, 218, 217, 216], :url=>"xrv-215xrv216xrv217xrv218xrv22xrv272xrv224xrv223xrv225"}
{:place=>207, :route=>[-235, -237, 224, 272, 22, 218, 217, 216], :url=>"xrv-215xrv216xrv217xrv218xrv22xrv272xrv224xrv-237xrv-235"}
{:place=>419, :route=>[229, 228, 240, 239, 272, 22, 218, 217, 216], :url=>"xrv-215xrv216xrv217xrv218xrv22xrv272xrv239xrv240xrv228xrv229"}
{:place=>1125, :route=>[-226, -227, 240, 239, 272, 22, 218, 217, 216], :url=>"xrv-215xrv216xrv217xrv218xrv22xrv272xrv239xrv240xrv-227xrv-226"}
{:place=>769, :route=>[226, 225, 223, 224, 272, 22, 218, 217, 216], :url=>"xrv-215xrv216xrv217xrv218xrv22xrv272xrv224xrv223xrv225xrv226"}
{:place=>650, :route=>[-234, -235, -237, 224, 272, 22, 218, 217, 216], :url=>"xrv-215xrv216xrv217xrv218xrv22xrv272xrv224xrv-237xrv-235xrv-234"}
{:place=>1128, :route=>[230, 229, 228, 240, 239, 272, 22, 218, 217, 216], :url=>"xrv-215xrv216xrv217xrv218xrv22xrv272xrv239xrv240xrv228xrv229xrv230"}
{:place=>207, :route=>[-235, -238, 222, 223, 224, 272, 22, 218, 217, 216], :url=>"xrv-215xrv216xrv217xrv218xrv22xrv272xrv224xrv223xrv222xrv-238xrv-235"}
{:place=>1125, :route=>[225, -222, 238, -237, 224, 272, 22, 218, 217, 216], :url=>"xrv-215xrv216xrv217xrv218xrv22xrv272xrv224xrv-237xrv238xrv-222xrv225"}
{:place=>45, :route=>[-233, -234, -235, -237, 224, 272, 22, 218, 217, 216], :url=>"xrv-215xrv216xrv217xrv218xrv22xrv272xrv224xrv-237xrv-235xrv-234xrv-233"}
{:place=>976, :route=>[220, 21, 221, 222, 223, 224, 272, 22, 218, 217, 216], :url=>"xrv-215xrv216xrv217xrv218xrv22xrv272xrv224xrv223xrv222xrv221xrv21xrv220"}
{:place=>650, :route=>[-234, -235, -238, 222, 223, 224, 272, 22, 218, 217, 216], :url=>"xrv-215xrv216xrv217xrv218xrv22xrv272xrv224xrv223xrv222xrv-238xrv-235xrv-234"}
{:place=>976, :route=>[220, 21, 221, 238, -237, 224, 272, 22, 218, 217, 216], :url=>"xrv-215xrv216xrv217xrv218xrv22xrv272xrv224xrv-237xrv238xrv221xrv21xrv220"}
{:place=>769, :route=>[226, 225, -222, 238, -237, 224, 272, 22, 218, 217, 216], :url=>"xrv-215xrv216xrv217xrv218xrv22xrv272xrv224xrv-237xrv238xrv-222xrv225xrv226"}
{:place=>976, :route=>[-231, -233, -234, -235, -237, 224, 272, 22, 218, 217, 216], :url=>"xrv-215xrv216xrv217xrv218xrv22xrv272xrv224xrv-237xrv-235xrv-234xrv-233xrv-231"}
{:place=>1132, :route=>[-241, -242, -243, -235, -237, 224, 272, 22, 218, 217, 216], :url=>"xrv-215xrv216xrv217xrv218xrv22xrv272xrv224xrv-237xrv-235xrv-243xrv-242xrv-241"}
{:place=>45, :route=>[231, 220, 21, 221, 222, 223, 224, 272, 22, 218, 217, 216], :url=>"xrv-215xrv216xrv217xrv218xrv22xrv272xrv224xrv223xrv222xrv221xrv21xrv220xrv231"}
{:place=>45, :route=>[-233, -234, -235, -238, 222, 223, 224, 272, 22, 218, 217, 216], :url=>"xrv-215xrv216xrv217xrv218xrv22xrv272xrv224xrv223xrv222xrv-238xrv-235xrv-234xrv-233"}
{:place=>419, :route=>[229, 228, 227, 226, 225, 223, 224, 272, 22, 218, 217, 216], :url=>"xrv-215xrv216xrv217xrv218xrv22xrv272xrv224xrv223xrv225xrv226xrv227xrv228xrv229"}
{:place=>1130, :route=>[-240, 227, 226, 225, 223, 224, 272, 22, 218, 217, 216], :url=>"xrv-215xrv216xrv217xrv218xrv22xrv272xrv224xrv223xrv225xrv226xrv227xrv-240"}
{:place=>45, :route=>[231, 220, 21, 221, 238, -237, 224, 272, 22, 218, 217, 216], :url=>"xrv-215xrv216xrv217xrv218xrv22xrv272xrv224xrv-237xrv238xrv221xrv21xrv220xrv231"}
{:place=>207, :route=>[-235, -238, 222, -225, -226, -227, 240, 239, 272, 22, 218, 217, 216], :url=>"xrv-215xrv216xrv217xrv218xrv22xrv272xrv239xrv240xrv-227xrv-226xrv-225xrv222xrv-238xrv-235"}
{:place=>207, :route=>[-235, -237, -223, -225, -226, -227, 240, 239, 272, 22, 218, 217, 216], :url=>"xrv-215xrv216xrv217xrv218xrv22xrv272xrv239xrv240xrv-227xrv-226xrv-225xrv-223xrv-237xrv-235"}
{:place=>650, :route=>[233, 231, 220, 21, 221, 222, 223, 224, 272, 22, 218, 217, 216], :url=>"xrv-215xrv216xrv217xrv218xrv22xrv272xrv224xrv223xrv222xrv221xrv21xrv220xrv231xrv233"}
{:place=>976, :route=>[-231, -233, -234, -235, -238, 222, 223, 224, 272, 22, 218, 217, 216], :url=>"xrv-215xrv216xrv217xrv218xrv22xrv272xrv224xrv223xrv222xrv-238xrv-235xrv-234xrv-233xrv-231"}
{:place=>1132, :route=>[-241, -242, -243, -235, -238, 222, 223, 224, 272, 22, 218, 217, 216], :url=>"xrv-215xrv216xrv217xrv218xrv22xrv272xrv224xrv223xrv222xrv-238xrv-235xrv-243xrv-242xrv-241"}
{:place=>1128, :route=>[230, 229, 228, 227, 226, 225, 223, 224, 272, 22, 218, 217, 216], :url=>"xrv-215xrv216xrv217xrv218xrv22xrv272xrv224xrv223xrv225xrv226xrv227xrv228xrv229xrv230"}
{:place=>650, :route=>[233, 231, 220, 21, 221, 238, -237, 224, 272, 22, 218, 217, 216], :url=>"xrv-215xrv216xrv217xrv218xrv22xrv272xrv224xrv-237xrv238xrv221xrv21xrv220xrv231xrv233"}
{:place=>976, :route=>[220, 21, 221, 222, -225, -226, -227, 240, 239, 272, 22, 218, 217, 216], :url=>"xrv-215xrv216xrv217xrv218xrv22xrv272xrv239xrv240xrv-227xrv-226xrv-225xrv222xrv221xrv21xrv220"}
{:place=>1124, :route=>[237, -238, 222, -225, -226, -227, 240, 239, 272, 22, 218, 217, 216], :url=>"xrv-215xrv216xrv217xrv218xrv22xrv272xrv239xrv240xrv-227xrv-226xrv-225xrv222xrv-238xrv237"}
{:place=>650, :route=>[-234, -235, -238, 222, -225, -226, -227, 240, 239, 272, 22, 218, 217, 216], :url=>"xrv-215xrv216xrv217xrv218xrv22xrv272xrv239xrv240xrv-227xrv-226xrv-225xrv222xrv-238xrv-235xrv-234"}
{:place=>650, :route=>[-234, -235, -237, -223, -225, -226, -227, 240, 239, 272, 22, 218, 217, 216], :url=>"xrv-215xrv216xrv217xrv218xrv22xrv272xrv239xrv240xrv-227xrv-226xrv-225xrv-223xrv-237xrv-235xrv-234"}
{:place=>207, :route=>[234, 233, 231, 220, 21, 221, 222, 223, 224, 272, 22, 218, 217, 216], :url=>"xrv-215xrv216xrv217xrv218xrv22xrv272xrv224xrv223xrv222xrv221xrv21xrv220xrv231xrv233xrv234"}
{:place=>207, :route=>[234, 233, 231, 220, 21, 221, 238, -237, 224, 272, 22, 218, 217, 216], :url=>"xrv-215xrv216xrv217xrv218xrv22xrv272xrv224xrv-237xrv238xrv221xrv21xrv220xrv231xrv233xrv234"}
{:place=>419, :route=>[229, 228, 227, 226, 225, -222, 238, -237, 224, 272, 22, 218, 217, 216], :url=>"xrv-215xrv216xrv217xrv218xrv22xrv272xrv224xrv-237xrv238xrv-222xrv225xrv226xrv227xrv228xrv229"}
{:place=>1130, :route=>[-240, 227, 226, 225, -222, 238, -237, 224, 272, 22, 218, 217, 216], :url=>"xrv-215xrv216xrv217xrv218xrv22xrv272xrv224xrv-237xrv238xrv-222xrv225xrv226xrv227xrv-240"}
{:place=>45, :route=>[231, 220, 21, 221, 222, -225, -226, -227, 240, 239, 272, 22, 218, 217, 216], :url=>"xrv-215xrv216xrv217xrv218xrv22xrv272xrv239xrv240xrv-227xrv-226xrv-225xrv222xrv221xrv21xrv220xrv231"}
{:place=>45, :route=>[-233, -234, -235, -238, 222, -225, -226, -227, 240, 239, 272, 22, 218, 217, 216], :url=>"xrv-215xrv216xrv217xrv218xrv22xrv272xrv239xrv240xrv-227xrv-226xrv-225xrv222xrv-238xrv-235xrv-234xrv-233"}
{:place=>45, :route=>[-233, -234, -235, -237, -223, -225, -226, -227, 240, 239, 272, 22, 218, 217, 216], :url=>"xrv-215xrv216xrv217xrv218xrv22xrv272xrv239xrv240xrv-227xrv-226xrv-225xrv-223xrv-237xrv-235xrv-234xrv-233"}
{:place=>1128, :route=>[230, 229, 228, 227, 226, 225, -222, 238, -237, 224, 272, 22, 218, 217, 216], :url=>"xrv-215xrv216xrv217xrv218xrv22xrv272xrv224xrv-237xrv238xrv-222xrv225xrv226xrv227xrv228xrv229xrv230"}
  [1m[36mCACHE (0.0ms)[0m  [1mSELECT "places".* FROM "places" WHERE "places"."id" = 974 LIMIT 1[0m
  [1m[35m (1.5ms)[0m  SELECT COUNT(*) FROM "route_indices" WHERE (url = 'xrv-215xrv216xrv217xrv218xrv22xrv272')
  [1m[36mPlaceType Load (0.3ms)[0m  [1mselect * from place_types where name='Roadend'[0m
  [1m[35mSQL (0.6ms)[0m  INSERT INTO "route_indices" ("created_at", "endplace_id", "isDest", "startplace_id", "updated_at", "url") VALUES ($1, $2, $3, $4, $5, $6) RETURNING "id"  [["created_at", Mon, 27 Oct 2014 10:08:06 NZDT +13:00], ["endplace_id", 974], ["isDest", true], ["startplace_id", 258], ["updated_at", Mon, 27 Oct 2014 10:08:06 NZDT +13:00], ["url", "xrv-215xrv216xrv217xrv218xrv22xrv272"]]
  [1m[36mPlace Load (0.3ms)[0m  [1mSELECT "places".* FROM "places" WHERE "places"."id" = 769 LIMIT 1[0m
  [1m[35m (1.0ms)[0m  SELECT COUNT(*) FROM "route_indices" WHERE (url = 'xrv-215xrv216xrv217xrv218xrv22xrv272xrv239xrv240xrv-227')
  [1m[36mPlaceType Load (0.2ms)[0m  [1mselect * from place_types where name='Hut'[0m
  [1m[35mSQL (0.3ms)[0m  INSERT INTO "route_indices" ("created_at", "endplace_id", "isDest", "startplace_id", "updated_at", "url") VALUES ($1, $2, $3, $4, $5, $6) RETURNING "id"  [["created_at", Mon, 27 Oct 2014 10:08:06 NZDT +13:00], ["endplace_id", 769], ["isDest", true], ["startplace_id", 258], ["updated_at", Mon, 27 Oct 2014 10:08:06 NZDT +13:00], ["url", "xrv-215xrv216xrv217xrv218xrv22xrv272xrv239xrv240xrv-227"]]
  [1m[36mPlace Load (0.3ms)[0m  [1mSELECT "places".* FROM "places" WHERE "places"."id" = 1125 LIMIT 1[0m
  [1m[35m (1.1ms)[0m  SELECT COUNT(*) FROM "route_indices" WHERE (url = 'xrv-215xrv216xrv217xrv218xrv22xrv272xrv224xrv223xrv225')
  [1m[36mPlaceType Load (0.2ms)[0m  [1mselect * from place_types where name='Campsite'[0m
  [1m[35mSQL (0.4ms)[0m  INSERT INTO "route_indices" ("created_at", "endplace_id", "isDest", "startplace_id", "updated_at", "url") VALUES ($1, $2, $3, $4, $5, $6) RETURNING "id"  [["created_at", Mon, 27 Oct 2014 10:08:06 NZDT +13:00], ["endplace_id", 1125], ["isDest", true], ["startplace_id", 258], ["updated_at", Mon, 27 Oct 2014 10:08:06 NZDT +13:00], ["url", "xrv-215xrv216xrv217xrv218xrv22xrv272xrv224xrv223xrv225"]]
  [1m[36mPlace Load (0.2ms)[0m  [1mSELECT "places".* FROM "places" WHERE "places"."id" = 207 LIMIT 1[0m
  [1m[35m (1.0ms)[0m  SELECT COUNT(*) FROM "route_indices" WHERE (url = 'xrv-215xrv216xrv217xrv218xrv22xrv272xrv224xrv-237xrv-235')
  [1m[36mPlaceType Load (0.2ms)[0m  [1mselect * from place_types where name='Hut'[0m
  [1m[35mSQL (0.4ms)[0m  INSERT INTO "route_indices" ("created_at", "endplace_id", "isDest", "startplace_id", "updated_at", "url") VALUES ($1, $2, $3, $4, $5, $6) RETURNING "id"  [["created_at", Mon, 27 Oct 2014 10:08:06 NZDT +13:00], ["endplace_id", 207], ["isDest", true], ["startplace_id", 258], ["updated_at", Mon, 27 Oct 2014 10:08:06 NZDT +13:00], ["url", "xrv-215xrv216xrv217xrv218xrv22xrv272xrv224xrv-237xrv-235"]]
  [1m[36mPlace Load (0.2ms)[0m  [1mSELECT "places".* FROM "places" WHERE "places"."id" = 419 LIMIT 1[0m
  [1m[35m (1.0ms)[0m  SELECT COUNT(*) FROM "route_indices" WHERE (url = 'xrv-215xrv216xrv217xrv218xrv22xrv272xrv239xrv240xrv228xrv229')
  [1m[36mPlaceType Load (0.3ms)[0m  [1mselect * from place_types where name='Hut'[0m
  [1m[35mSQL (4.1ms)[0m  INSERT INTO "route_indices" ("created_at", "endplace_id", "isDest", "startplace_id", "updated_at", "url") VALUES ($1, $2, $3, $4, $5, $6) RETURNING "id"  [["created_at", Mon, 27 Oct 2014 10:08:06 NZDT +13:00], ["endplace_id", 419], ["isDest", true], ["startplace_id", 258], ["updated_at", Mon, 27 Oct 2014 10:08:06 NZDT +13:00], ["url", "xrv-215xrv216xrv217xrv218xrv22xrv272xrv239xrv240xrv228xrv229"]]
  [1m[36mPlace Load (0.7ms)[0m  [1mSELECT "places".* FROM "places" WHERE "places"."id" = 1125 LIMIT 1[0m
  [1m[35m (1.3ms)[0m  SELECT COUNT(*) FROM "route_indices" WHERE (url = 'xrv-215xrv216xrv217xrv218xrv22xrv272xrv239xrv240xrv-227xrv-226')
  [1m[36mPlaceType Load (0.3ms)[0m  [1mselect * from place_types where name='Campsite'[0m
  [1m[35mSQL (0.4ms)[0m  INSERT INTO "route_indices" ("created_at", "endplace_id", "isDest", "startplace_id", "updated_at", "url") VALUES ($1, $2, $3, $4, $5, $6) RETURNING "id"  [["created_at", Mon, 27 Oct 2014 10:08:06 NZDT +13:00], ["endplace_id", 1125], ["isDest", true], ["startplace_id", 258], ["updated_at", Mon, 27 Oct 2014 10:08:06 NZDT +13:00], ["url", "xrv-215xrv216xrv217xrv218xrv22xrv272xrv239xrv240xrv-227xrv-226"]]
  [1m[36mPlace Load (0.2ms)[0m  [1mSELECT "places".* FROM "places" WHERE "places"."id" = 769 LIMIT 1[0m
  [1m[35m (1.1ms)[0m  SELECT COUNT(*) FROM "route_indices" WHERE (url = 'xrv-215xrv216xrv217xrv218xrv22xrv272xrv224xrv223xrv225xrv226')
  [1m[36mPlaceType Load (0.2ms)[0m  [1mselect * from place_types where name='Hut'[0m
  [1m[35mSQL (0.4ms)[0m  INSERT INTO "route_indices" ("created_at", "endplace_id", "isDest", "startplace_id", "updated_at", "url") VALUES ($1, $2, $3, $4, $5, $6) RETURNING "id"  [["created_at", Mon, 27 Oct 2014 10:08:06 NZDT +13:00], ["endplace_id", 769], ["isDest", true], ["startplace_id", 258], ["updated_at", Mon, 27 Oct 2014 10:08:06 NZDT +13:00], ["url", "xrv-215xrv216xrv217xrv218xrv22xrv272xrv224xrv223xrv225xrv226"]]
  [1m[36mPlace Load (0.3ms)[0m  [1mSELECT "places".* FROM "places" WHERE "places"."id" = 650 LIMIT 1[0m
  [1m[35m (1.1ms)[0m  SELECT COUNT(*) FROM "route_indices" WHERE (url = 'xrv-215xrv216xrv217xrv218xrv22xrv272xrv224xrv-237xrv-235xrv-234')
  [1m[36mPlaceType Load (0.2ms)[0m  [1mselect * from place_types where name='Hut'[0m
  [1m[35mSQL (0.4ms)[0m  INSERT INTO "route_indices" ("created_at", "endplace_id", "isDest", "startplace_id", "updated_at", "url") VALUES ($1, $2, $3, $4, $5, $6) RETURNING "id"  [["created_at", Mon, 27 Oct 2014 10:08:06 NZDT +13:00], ["endplace_id", 650], ["isDest", true], ["startplace_id", 258], ["updated_at", Mon, 27 Oct 2014 10:08:06 NZDT +13:00], ["url", "xrv-215xrv216xrv217xrv218xrv22xrv272xrv224xrv-237xrv-235xrv-234"]]
  [1m[36mPlace Load (0.5ms)[0m  [1mSELECT "places".* FROM "places" WHERE "places"."id" = 1128 LIMIT 1[0m
  [1m[35m (1.0ms)[0m  SELECT COUNT(*) FROM "route_indices" WHERE (url = 'xrv-215xrv216xrv217xrv218xrv22xrv272xrv239xrv240xrv228xrv229xrv230')
  [1m[36mPlaceType Load (0.2ms)[0m  [1mselect * from place_types where name='Roadend'[0m
  [1m[35mSQL (0.4ms)[0m  INSERT INTO "route_indices" ("created_at", "endplace_id", "isDest", "startplace_id", "updated_at", "url") VALUES ($1, $2, $3, $4, $5, $6) RETURNING "id"  [["created_at", Mon, 27 Oct 2014 10:08:06 NZDT +13:00], ["endplace_id", 1128], ["isDest", true], ["startplace_id", 258], ["updated_at", Mon, 27 Oct 2014 10:08:06 NZDT +13:00], ["url", "xrv-215xrv216xrv217xrv218xrv22xrv272xrv239xrv240xrv228xrv229xrv230"]]
  [1m[36mPlace Load (0.3ms)[0m  [1mSELECT "places".* FROM "places" WHERE "places"."id" = 207 LIMIT 1[0m
  [1m[35m (1.1ms)[0m  SELECT COUNT(*) FROM "route_indices" WHERE (url = 'xrv-215xrv216xrv217xrv218xrv22xrv272xrv224xrv223xrv222xrv-238xrv-235')
  [1m[36mPlaceType Load (0.2ms)[0m  [1mselect * from place_types where name='Hut'[0m
  [1m[35mSQL (0.4ms)[0m  INSERT INTO "route_indices" ("created_at", "endplace_id", "isDest", "startplace_id", "updated_at", "url") VALUES ($1, $2, $3, $4, $5, $6) RETURNING "id"  [["created_at", Mon, 27 Oct 2014 10:08:06 NZDT +13:00], ["endplace_id", 207], ["isDest", true], ["startplace_id", 258], ["updated_at", Mon, 27 Oct 2014 10:08:06 NZDT +13:00], ["url", "xrv-215xrv216xrv217xrv218xrv22xrv272xrv224xrv223xrv222xrv-238xrv-235"]]
  [1m[36mPlace Load (0.3ms)[0m  [1mSELECT "places".* FROM "places" WHERE "places"."id" = 1125 LIMIT 1[0m
  [1m[35m (1.0ms)[0m  SELECT COUNT(*) FROM "route_indices" WHERE (url = 'xrv-215xrv216xrv217xrv218xrv22xrv272xrv224xrv-237xrv238xrv-222xrv225')
  [1m[36mPlaceType Load (0.2ms)[0m  [1mselect * from place_types where name='Campsite'[0m
  [1m[35mSQL (0.4ms)[0m  INSERT INTO "route_indices" ("created_at", "endplace_id", "isDest", "startplace_id", "updated_at", "url") VALUES ($1, $2, $3, $4, $5, $6) RETURNING "id"  [["created_at", Mon, 27 Oct 2014 10:08:06 NZDT +13:00], ["endplace_id", 1125], ["isDest", true], ["startplace_id", 258], ["updated_at", Mon, 27 Oct 2014 10:08:06 NZDT +13:00], ["url", "xrv-215xrv216xrv217xrv218xrv22xrv272xrv224xrv-237xrv238xrv-222xrv225"]]
  [1m[36mPlace Load (0.3ms)[0m  [1mSELECT "places".* FROM "places" WHERE "places"."id" = 45 LIMIT 1[0m
  [1m[35m (1.0ms)[0m  SELECT COUNT(*) FROM "route_indices" WHERE (url = 'xrv-215xrv216xrv217xrv218xrv22xrv272xrv224xrv-237xrv-235xrv-234xrv-233')
  [1m[36mPlaceType Load (0.2ms)[0m  [1mselect * from place_types where name='Hut'[0m
  [1m[35mSQL (0.4ms)[0m  INSERT INTO "route_indices" ("created_at", "endplace_id", "isDest", "startplace_id", "updated_at", "url") VALUES ($1, $2, $3, $4, $5, $6) RETURNING "id"  [["created_at", Mon, 27 Oct 2014 10:08:06 NZDT +13:00], ["endplace_id", 45], ["isDest", true], ["startplace_id", 258], ["updated_at", Mon, 27 Oct 2014 10:08:06 NZDT +13:00], ["url", "xrv-215xrv216xrv217xrv218xrv22xrv272xrv224xrv-237xrv-235xrv-234xrv-233"]]
  [1m[36mPlace Load (0.3ms)[0m  [1mSELECT "places".* FROM "places" WHERE "places"."id" = 976 LIMIT 1[0m
  [1m[35m (1.1ms)[0m  SELECT COUNT(*) FROM "route_indices" WHERE (url = 'xrv-215xrv216xrv217xrv218xrv22xrv272xrv224xrv223xrv222xrv221xrv21xrv220')
  [1m[36mPlaceType Load (0.2ms)[0m  [1mselect * from place_types where name='Summit'[0m
  [1m[35mSQL (0.4ms)[0m  INSERT INTO "route_indices" ("created_at", "endplace_id", "isDest", "startplace_id", "updated_at", "url") VALUES ($1, $2, $3, $4, $5, $6) RETURNING "id"  [["created_at", Mon, 27 Oct 2014 10:08:06 NZDT +13:00], ["endplace_id", 976], ["isDest", true], ["startplace_id", 258], ["updated_at", Mon, 27 Oct 2014 10:08:06 NZDT +13:00], ["url", "xrv-215xrv216xrv217xrv218xrv22xrv272xrv224xrv223xrv222xrv221xrv21xrv220"]]
  [1m[36mPlace Load (0.3ms)[0m  [1mSELECT "places".* FROM "places" WHERE "places"."id" = 650 LIMIT 1[0m
  [1m[35m (1.1ms)[0m  SELECT COUNT(*) FROM "route_indices" WHERE (url = 'xrv-215xrv216xrv217xrv218xrv22xrv272xrv224xrv223xrv222xrv-238xrv-235xrv-234')
  [1m[36mPlaceType Load (0.2ms)[0m  [1mselect * from place_types where name='Hut'[0m
  [1m[35mSQL (0.4ms)[0m  INSERT INTO "route_indices" ("created_at", "endplace_id", "isDest", "startplace_id", "updated_at", "url") VALUES ($1, $2, $3, $4, $5, $6) RETURNING "id"  [["created_at", Mon, 27 Oct 2014 10:08:06 NZDT +13:00], ["endplace_id", 650], ["isDest", true], ["startplace_id", 258], ["updated_at", Mon, 27 Oct 2014 10:08:06 NZDT +13:00], ["url", "xrv-215xrv216xrv217xrv218xrv22xrv272xrv224xrv223xrv222xrv-238xrv-235xrv-234"]]
  [1m[36mPlace Load (0.3ms)[0m  [1mSELECT "places".* FROM "places" WHERE "places"."id" = 976 LIMIT 1[0m
  [1m[35m (1.0ms)[0m  SELECT COUNT(*) FROM "route_indices" WHERE (url = 'xrv-215xrv216xrv217xrv218xrv22xrv272xrv224xrv-237xrv238xrv221xrv21xrv220')
  [1m[36mPlaceType Load (0.2ms)[0m  [1mselect * from place_types where name='Summit'[0m
  [1m[35mSQL (0.4ms)[0m  INSERT INTO "route_indices" ("created_at", "endplace_id", "isDest", "startplace_id", "updated_at", "url") VALUES ($1, $2, $3, $4, $5, $6) RETURNING "id"  [["created_at", Mon, 27 Oct 2014 10:08:06 NZDT +13:00], ["endplace_id", 976], ["isDest", true], ["startplace_id", 258], ["updated_at", Mon, 27 Oct 2014 10:08:06 NZDT +13:00], ["url", "xrv-215xrv216xrv217xrv218xrv22xrv272xrv224xrv-237xrv238xrv221xrv21xrv220"]]
  [1m[36mPlace Load (0.3ms)[0m  [1mSELECT "places".* FROM "places" WHERE "places"."id" = 769 LIMIT 1[0m
  [1m[35m (1.0ms)[0m  SELECT COUNT(*) FROM "route_indices" WHERE (url = 'xrv-215xrv216xrv217xrv218xrv22xrv272xrv224xrv-237xrv238xrv-222xrv225xrv226')
  [1m[36mPlaceType Load (0.2ms)[0m  [1mselect * from place_types where name='Hut'[0m
  [1m[35mSQL (0.4ms)[0m  INSERT INTO "route_indices" ("created_at", "endplace_id", "isDest", "startplace_id", "updated_at", "url") VALUES ($1, $2, $3, $4, $5, $6) RETURNING "id"  [["created_at", Mon, 27 Oct 2014 10:08:06 NZDT +13:00], ["endplace_id", 769], ["isDest", true], ["startplace_id", 258], ["updated_at", Mon, 27 Oct 2014 10:08:06 NZDT +13:00], ["url", "xrv-215xrv216xrv217xrv218xrv22xrv272xrv224xrv-237xrv238xrv-222xrv225xrv226"]]
  [1m[36mPlace Load (0.3ms)[0m  [1mSELECT "places".* FROM "places" WHERE "places"."id" = 976 LIMIT 1[0m
  [1m[35m (1.0ms)[0m  SELECT COUNT(*) FROM "route_indices" WHERE (url = 'xrv-215xrv216xrv217xrv218xrv22xrv272xrv224xrv-237xrv-235xrv-234xrv-233xrv-231')
  [1m[36mPlaceType Load (0.2ms)[0m  [1mselect * from place_types where name='Summit'[0m
  [1m[35mSQL (0.4ms)[0m  INSERT INTO "route_indices" ("created_at", "endplace_id", "isDest", "startplace_id", "updated_at", "url") VALUES ($1, $2, $3, $4, $5, $6) RETURNING "id"  [["created_at", Mon, 27 Oct 2014 10:08:06 NZDT +13:00], ["endplace_id", 976], ["isDest", true], ["startplace_id", 258], ["updated_at", Mon, 27 Oct 2014 10:08:06 NZDT +13:00], ["url", "xrv-215xrv216xrv217xrv218xrv22xrv272xrv224xrv-237xrv-235xrv-234xrv-233xrv-231"]]
  [1m[36mPlace Load (0.3ms)[0m  [1mSELECT "places".* FROM "places" WHERE "places"."id" = 1132 LIMIT 1[0m
  [1m[35m (1.0ms)[0m  SELECT COUNT(*) FROM "route_indices" WHERE (url = 'xrv-215xrv216xrv217xrv218xrv22xrv272xrv224xrv-237xrv-235xrv-243xrv-242xrv-241')
  [1m[36mPlaceType Load (0.2ms)[0m  [1mselect * from place_types where name='Campsite'[0m
  [1m[35mSQL (0.4ms)[0m  INSERT INTO "route_indices" ("created_at", "endplace_id", "isDest", "startplace_id", "updated_at", "url") VALUES ($1, $2, $3, $4, $5, $6) RETURNING "id"  [["created_at", Mon, 27 Oct 2014 10:08:06 NZDT +13:00], ["endplace_id", 1132], ["isDest", true], ["startplace_id", 258], ["updated_at", Mon, 27 Oct 2014 10:08:06 NZDT +13:00], ["url", "xrv-215xrv216xrv217xrv218xrv22xrv272xrv224xrv-237xrv-235xrv-243xrv-242xrv-241"]]
  [1m[36mPlace Load (0.3ms)[0m  [1mSELECT "places".* FROM "places" WHERE "places"."id" = 45 LIMIT 1[0m
  [1m[35m (1.0ms)[0m  SELECT COUNT(*) FROM "route_indices" WHERE (url = 'xrv-215xrv216xrv217xrv218xrv22xrv272xrv224xrv223xrv222xrv221xrv21xrv220xrv231')
  [1m[36mPlaceType Load (0.2ms)[0m  [1mselect * from place_types where name='Hut'[0m
  [1m[35mSQL (0.4ms)[0m  INSERT INTO "route_indices" ("created_at", "endplace_id", "isDest", "startplace_id", "updated_at", "url") VALUES ($1, $2, $3, $4, $5, $6) RETURNING "id"  [["created_at", Mon, 27 Oct 2014 10:08:06 NZDT +13:00], ["endplace_id", 45], ["isDest", true], ["startplace_id", 258], ["updated_at", Mon, 27 Oct 2014 10:08:06 NZDT +13:00], ["url", "xrv-215xrv216xrv217xrv218xrv22xrv272xrv224xrv223xrv222xrv221xrv21xrv220xrv231"]]
  [1m[36mPlace Load (0.3ms)[0m  [1mSELECT "places".* FROM "places" WHERE "places"."id" = 45 LIMIT 1[0m
  [1m[35m (1.0ms)[0m  SELECT COUNT(*) FROM "route_indices" WHERE (url = 'xrv-215xrv216xrv217xrv218xrv22xrv272xrv224xrv223xrv222xrv-238xrv-235xrv-234xrv-233')
  [1m[36mPlaceType Load (0.2ms)[0m  [1mselect * from place_types where name='Hut'[0m
  [1m[35mSQL (0.3ms)[0m  INSERT INTO "route_indices" ("created_at", "endplace_id", "isDest", "startplace_id", "updated_at", "url") VALUES ($1, $2, $3, $4, $5, $6) RETURNING "id"  [["created_at", Mon, 27 Oct 2014 10:08:06 NZDT +13:00], ["endplace_id", 45], ["isDest", true], ["startplace_id", 258], ["updated_at", Mon, 27 Oct 2014 10:08:06 NZDT +13:00], ["url", "xrv-215xrv216xrv217xrv218xrv22xrv272xrv224xrv223xrv222xrv-238xrv-235xrv-234xrv-233"]]
  [1m[36mPlace Load (0.3ms)[0m  [1mSELECT "places".* FROM "places" WHERE "places"."id" = 419 LIMIT 1[0m
  [1m[35m (1.0ms)[0m  SELECT COUNT(*) FROM "route_indices" WHERE (url = 'xrv-215xrv216xrv217xrv218xrv22xrv272xrv224xrv223xrv225xrv226xrv227xrv228xrv229')
  [1m[36mPlaceType Load (0.2ms)[0m  [1mselect * from place_types where name='Hut'[0m
  [1m[35mSQL (0.4ms)[0m  INSERT INTO "route_indices" ("created_at", "endplace_id", "isDest", "startplace_id", "updated_at", "url") VALUES ($1, $2, $3, $4, $5, $6) RETURNING "id"  [["created_at", Mon, 27 Oct 2014 10:08:06 NZDT +13:00], ["endplace_id", 419], ["isDest", true], ["startplace_id", 258], ["updated_at", Mon, 27 Oct 2014 10:08:06 NZDT +13:00], ["url", "xrv-215xrv216xrv217xrv218xrv22xrv272xrv224xrv223xrv225xrv226xrv227xrv228xrv229"]]
  [1m[36mPlace Load (0.3ms)[0m  [1mSELECT "places".* FROM "places" WHERE "places"."id" = 1130 LIMIT 1[0m
  [1m[35m (1.0ms)[0m  SELECT COUNT(*) FROM "route_indices" WHERE (url = 'xrv-215xrv216xrv217xrv218xrv22xrv272xrv224xrv223xrv225xrv226xrv227xrv-240')
  [1m[36mPlaceType Load (0.2ms)[0m  [1mselect * from place_types where name='Junction'[0m
  [1m[35mSQL (0.4ms)[0m  INSERT INTO "route_indices" ("created_at", "endplace_id", "isDest", "startplace_id", "updated_at", "url") VALUES ($1, $2, $3, $4, $5, $6) RETURNING "id"  [["created_at", Mon, 27 Oct 2014 10:08:06 NZDT +13:00], ["endplace_id", 1130], ["isDest", false], ["startplace_id", 258], ["updated_at", Mon, 27 Oct 2014 10:08:06 NZDT +13:00], ["url", "xrv-215xrv216xrv217xrv218xrv22xrv272xrv224xrv223xrv225xrv226xrv227xrv-240"]]
  [1m[36mPlace Load (0.3ms)[0m  [1mSELECT "places".* FROM "places" WHERE "places"."id" = 45 LIMIT 1[0m
  [1m[35m (1.1ms)[0m  SELECT COUNT(*) FROM "route_indices" WHERE (url = 'xrv-215xrv216xrv217xrv218xrv22xrv272xrv224xrv-237xrv238xrv221xrv21xrv220xrv231')
  [1m[36mPlaceType Load (0.3ms)[0m  [1mselect * from place_types where name='Hut'[0m
  [1m[35mSQL (0.4ms)[0m  INSERT INTO "route_indices" ("created_at", "endplace_id", "isDest", "startplace_id", "updated_at", "url") VALUES ($1, $2, $3, $4, $5, $6) RETURNING "id"  [["created_at", Mon, 27 Oct 2014 10:08:06 NZDT +13:00], ["endplace_id", 45], ["isDest", true], ["startplace_id", 258], ["updated_at", Mon, 27 Oct 2014 10:08:06 NZDT +13:00], ["url", "xrv-215xrv216xrv217xrv218xrv22xrv272xrv224xrv-237xrv238xrv221xrv21xrv220xrv231"]]
  [1m[36mPlace Load (0.3ms)[0m  [1mSELECT "places".* FROM "places" WHERE "places"."id" = 207 LIMIT 1[0m
  [1m[35m (1.0ms)[0m  SELECT COUNT(*) FROM "route_indices" WHERE (url = 'xrv-215xrv216xrv217xrv218xrv22xrv272xrv239xrv240xrv-227xrv-226xrv-225xrv222xrv-238xrv-235')
  [1m[36mPlaceType Load (0.3ms)[0m  [1mselect * from place_types where name='Hut'[0m
  [1m[35mSQL (0.4ms)[0m  INSERT INTO "route_indices" ("created_at", "endplace_id", "isDest", "startplace_id", "updated_at", "url") VALUES ($1, $2, $3, $4, $5, $6) RETURNING "id"  [["created_at", Mon, 27 Oct 2014 10:08:06 NZDT +13:00], ["endplace_id", 207], ["isDest", true], ["startplace_id", 258], ["updated_at", Mon, 27 Oct 2014 10:08:06 NZDT +13:00], ["url", "xrv-215xrv216xrv217xrv218xrv22xrv272xrv239xrv240xrv-227xrv-226xrv-225xrv222xrv-238xrv-235"]]
  [1m[36mPlace Load (0.3ms)[0m  [1mSELECT "places".* FROM "places" WHERE "places"."id" = 207 LIMIT 1[0m
  [1m[35m (1.1ms)[0m  SELECT COUNT(*) FROM "route_indices" WHERE (url = 'xrv-215xrv216xrv217xrv218xrv22xrv272xrv239xrv240xrv-227xrv-226xrv-225xrv-223xrv-237xrv-235')
  [1m[36mPlaceType Load (0.2ms)[0m  [1mselect * from place_types where name='Hut'[0m
  [1m[35mSQL (0.4ms)[0m  INSERT INTO "route_indices" ("created_at", "endplace_id", "isDest", "startplace_id", "updated_at", "url") VALUES ($1, $2, $3, $4, $5, $6) RETURNING "id"  [["created_at", Mon, 27 Oct 2014 10:08:06 NZDT +13:00], ["endplace_id", 207], ["isDest", true], ["startplace_id", 258], ["updated_at", Mon, 27 Oct 2014 10:08:06 NZDT +13:00], ["url", "xrv-215xrv216xrv217xrv218xrv22xrv272xrv239xrv240xrv-227xrv-226xrv-225xrv-223xrv-237xrv-235"]]
  [1m[36mPlace Load (0.3ms)[0m  [1mSELECT "places".* FROM "places" WHERE "places"."id" = 650 LIMIT 1[0m
  [1m[35m (1.1ms)[0m  SELECT COUNT(*) FROM "route_indices" WHERE (url = 'xrv-215xrv216xrv217xrv218xrv22xrv272xrv224xrv223xrv222xrv221xrv21xrv220xrv231xrv233')
  [1m[36mPlaceType Load (0.2ms)[0m  [1mselect * from place_types where name='Hut'[0m
  [1m[35mSQL (0.4ms)[0m  INSERT INTO "route_indices" ("created_at", "endplace_id", "isDest", "startplace_id", "updated_at", "url") VALUES ($1, $2, $3, $4, $5, $6) RETURNING "id"  [["created_at", Mon, 27 Oct 2014 10:08:06 NZDT +13:00], ["endplace_id", 650], ["isDest", true], ["startplace_id", 258], ["updated_at", Mon, 27 Oct 2014 10:08:06 NZDT +13:00], ["url", "xrv-215xrv216xrv217xrv218xrv22xrv272xrv224xrv223xrv222xrv221xrv21xrv220xrv231xrv233"]]
  [1m[36mPlace Load (0.3ms)[0m  [1mSELECT "places".* FROM "places" WHERE "places"."id" = 976 LIMIT 1[0m
  [1m[35m (1.1ms)[0m  SELECT COUNT(*) FROM "route_indices" WHERE (url = 'xrv-215xrv216xrv217xrv218xrv22xrv272xrv224xrv223xrv222xrv-238xrv-235xrv-234xrv-233xrv-231')
  [1m[36mPlaceType Load (0.2ms)[0m  [1mselect * from place_types where name='Summit'[0m
  [1m[35mSQL (0.4ms)[0m  INSERT INTO "route_indices" ("created_at", "endplace_id", "isDest", "startplace_id", "updated_at", "url") VALUES ($1, $2, $3, $4, $5, $6) RETURNING "id"  [["created_at", Mon, 27 Oct 2014 10:08:06 NZDT +13:00], ["endplace_id", 976], ["isDest", true], ["startplace_id", 258], ["updated_at", Mon, 27 Oct 2014 10:08:06 NZDT +13:00], ["url", "xrv-215xrv216xrv217xrv218xrv22xrv272xrv224xrv223xrv222xrv-238xrv-235xrv-234xrv-233xrv-231"]]
  [1m[36mPlace Load (0.3ms)[0m  [1mSELECT "places".* FROM "places" WHERE "places"."id" = 1132 LIMIT 1[0m
  [1m[35m (1.1ms)[0m  SELECT COUNT(*) FROM "route_indices" WHERE (url = 'xrv-215xrv216xrv217xrv218xrv22xrv272xrv224xrv223xrv222xrv-238xrv-235xrv-243xrv-242xrv-241')
  [1m[36mPlaceType Load (0.2ms)[0m  [1mselect * from place_types where name='Campsite'[0m
  [1m[35mSQL (0.4ms)[0m  INSERT INTO "route_indices" ("created_at", "endplace_id", "isDest", "startplace_id", "updated_at", "url") VALUES ($1, $2, $3, $4, $5, $6) RETURNING "id"  [["created_at", Mon, 27 Oct 2014 10:08:06 NZDT +13:00], ["endplace_id", 1132], ["isDest", true], ["startplace_id", 258], ["updated_at", Mon, 27 Oct 2014 10:08:06 NZDT +13:00], ["url", "xrv-215xrv216xrv217xrv218xrv22xrv272xrv224xrv223xrv222xrv-238xrv-235xrv-243xrv-242xrv-241"]]
  [1m[36mPlace Load (0.3ms)[0m  [1mSELECT "places".* FROM "places" WHERE "places"."id" = 1128 LIMIT 1[0m
  [1m[35m (1.0ms)[0m  SELECT COUNT(*) FROM "route_indices" WHERE (url = 'xrv-215xrv216xrv217xrv218xrv22xrv272xrv224xrv223xrv225xrv226xrv227xrv228xrv229xrv230')
  [1m[36mPlaceType Load (0.2ms)[0m  [1mselect * from place_types where name='Roadend'[0m
  [1m[35mSQL (0.4ms)[0m  INSERT INTO "route_indices" ("created_at", "endplace_id", "isDest", "startplace_id", "updated_at", "url") VALUES ($1, $2, $3, $4, $5, $6) RETURNING "id"  [["created_at", Mon, 27 Oct 2014 10:08:06 NZDT +13:00], ["endplace_id", 1128], ["isDest", true], ["startplace_id", 258], ["updated_at", Mon, 27 Oct 2014 10:08:06 NZDT +13:00], ["url", "xrv-215xrv216xrv217xrv218xrv22xrv272xrv224xrv223xrv225xrv226xrv227xrv228xrv229xrv230"]]
  [1m[36mPlace Load (0.3ms)[0m  [1mSELECT "places".* FROM "places" WHERE "places"."id" = 650 LIMIT 1[0m
  [1m[35m (1.1ms)[0m  SELECT COUNT(*) FROM "route_indices" WHERE (url = 'xrv-215xrv216xrv217xrv218xrv22xrv272xrv224xrv-237xrv238xrv221xrv21xrv220xrv231xrv233')
  [1m[36mPlaceType Load (0.2ms)[0m  [1mselect * from place_types where name='Hut'[0m
  [1m[35mSQL (0.3ms)[0m  INSERT INTO "route_indices" ("created_at", "endplace_id", "isDest", "startplace_id", "updated_at", "url") VALUES ($1, $2, $3, $4, $5, $6) RETURNING "id"  [["created_at", Mon, 27 Oct 2014 10:08:06 NZDT +13:00], ["endplace_id", 650], ["isDest", true], ["startplace_id", 258], ["updated_at", Mon, 27 Oct 2014 10:08:06 NZDT +13:00], ["url", "xrv-215xrv216xrv217xrv218xrv22xrv272xrv224xrv-237xrv238xrv221xrv21xrv220xrv231xrv233"]]
  [1m[36mPlace Load (0.3ms)[0m  [1mSELECT "places".* FROM "places" WHERE "places"."id" = 976 LIMIT 1[0m
  [1m[35m (1.1ms)[0m  SELECT COUNT(*) FROM "route_indices" WHERE (url = 'xrv-215xrv216xrv217xrv218xrv22xrv272xrv239xrv240xrv-227xrv-226xrv-225xrv222xrv221xrv21xrv220')
  [1m[36mPlaceType Load (0.2ms)[0m  [1mselect * from place_types where name='Summit'[0m
  [1m[35mSQL (0.4ms)[0m  INSERT INTO "route_indices" ("created_at", "endplace_id", "isDest", "startplace_id", "updated_at", "url") VALUES ($1, $2, $3, $4, $5, $6) RETURNING "id"  [["created_at", Mon, 27 Oct 2014 10:08:06 NZDT +13:00], ["endplace_id", 976], ["isDest", true], ["startplace_id", 258], ["updated_at", Mon, 27 Oct 2014 10:08:06 NZDT +13:00], ["url", "xrv-215xrv216xrv217xrv218xrv22xrv272xrv239xrv240xrv-227xrv-226xrv-225xrv222xrv221xrv21xrv220"]]
  [1m[36mPlace Load (0.3ms)[0m  [1mSELECT "places".* FROM "places" WHERE "places"."id" = 1124 LIMIT 1[0m
  [1m[35m (1.0ms)[0m  SELECT COUNT(*) FROM "route_indices" WHERE (url = 'xrv-215xrv216xrv217xrv218xrv22xrv272xrv239xrv240xrv-227xrv-226xrv-225xrv222xrv-238xrv237')
  [1m[36mPlaceType Load (0.3ms)[0m  [1mselect * from place_types where name='Junction'[0m
  [1m[35mSQL (0.4ms)[0m  INSERT INTO "route_indices" ("created_at", "endplace_id", "isDest", "startplace_id", "updated_at", "url") VALUES ($1, $2, $3, $4, $5, $6) RETURNING "id"  [["created_at", Mon, 27 Oct 2014 10:08:06 NZDT +13:00], ["endplace_id", 1124], ["isDest", false], ["startplace_id", 258], ["updated_at", Mon, 27 Oct 2014 10:08:06 NZDT +13:00], ["url", "xrv-215xrv216xrv217xrv218xrv22xrv272xrv239xrv240xrv-227xrv-226xrv-225xrv222xrv-238xrv237"]]
  [1m[36mPlace Load (0.3ms)[0m  [1mSELECT "places".* FROM "places" WHERE "places"."id" = 650 LIMIT 1[0m
  [1m[35m (1.0ms)[0m  SELECT COUNT(*) FROM "route_indices" WHERE (url = 'xrv-215xrv216xrv217xrv218xrv22xrv272xrv239xrv240xrv-227xrv-226xrv-225xrv222xrv-238xrv-235xrv-234')
  [1m[36mPlaceType Load (0.2ms)[0m  [1mselect * from place_types where name='Hut'[0m
  [1m[35mSQL (0.4ms)[0m  INSERT INTO "route_indices" ("created_at", "endplace_id", "isDest", "startplace_id", "updated_at", "url") VALUES ($1, $2, $3, $4, $5, $6) RETURNING "id"  [["created_at", Mon, 27 Oct 2014 10:08:06 NZDT +13:00], ["endplace_id", 650], ["isDest", true], ["startplace_id", 258], ["updated_at", Mon, 27 Oct 2014 10:08:06 NZDT +13:00], ["url", "xrv-215xrv216xrv217xrv218xrv22xrv272xrv239xrv240xrv-227xrv-226xrv-225xrv222xrv-238xrv-235xrv-234"]]
  [1m[36mPlace Load (0.3ms)[0m  [1mSELECT "places".* FROM "places" WHERE "places"."id" = 650 LIMIT 1[0m
  [1m[35m (1.0ms)[0m  SELECT COUNT(*) FROM "route_indices" WHERE (url = 'xrv-215xrv216xrv217xrv218xrv22xrv272xrv239xrv240xrv-227xrv-226xrv-225xrv-223xrv-237xrv-235xrv-234')
  [1m[36mPlaceType Load (0.2ms)[0m  [1mselect * from place_types where name='Hut'[0m
  [1m[35mSQL (0.4ms)[0m  INSERT INTO "route_indices" ("created_at", "endplace_id", "isDest", "startplace_id", "updated_at", "url") VALUES ($1, $2, $3, $4, $5, $6) RETURNING "id"  [["created_at", Mon, 27 Oct 2014 10:08:06 NZDT +13:00], ["endplace_id", 650], ["isDest", true], ["startplace_id", 258], ["updated_at", Mon, 27 Oct 2014 10:08:06 NZDT +13:00], ["url", "xrv-215xrv216xrv217xrv218xrv22xrv272xrv239xrv240xrv-227xrv-226xrv-225xrv-223xrv-237xrv-235xrv-234"]]
  [1m[36mPlace Load (0.3ms)[0m  [1mSELECT "places".* FROM "places" WHERE "places"."id" = 207 LIMIT 1[0m
  [1m[35m (1.1ms)[0m  SELECT COUNT(*) FROM "route_indices" WHERE (url = 'xrv-215xrv216xrv217xrv218xrv22xrv272xrv224xrv223xrv222xrv221xrv21xrv220xrv231xrv233xrv234')
  [1m[36mPlaceType Load (0.2ms)[0m  [1mselect * from place_types where name='Hut'[0m
  [1m[35mSQL (0.4ms)[0m  INSERT INTO "route_indices" ("created_at", "endplace_id", "isDest", "startplace_id", "updated_at", "url") VALUES ($1, $2, $3, $4, $5, $6) RETURNING "id"  [["created_at", Mon, 27 Oct 2014 10:08:06 NZDT +13:00], ["endplace_id", 207], ["isDest", true], ["startplace_id", 258], ["updated_at", Mon, 27 Oct 2014 10:08:06 NZDT +13:00], ["url", "xrv-215xrv216xrv217xrv218xrv22xrv272xrv224xrv223xrv222xrv221xrv21xrv220xrv231xrv233xrv234"]]
  [1m[36mPlace Load (0.3ms)[0m  [1mSELECT "places".* FROM "places" WHERE "places"."id" = 207 LIMIT 1[0m
  [1m[35m (1.1ms)[0m  SELECT COUNT(*) FROM "route_indices" WHERE (url = 'xrv-215xrv216xrv217xrv218xrv22xrv272xrv224xrv-237xrv238xrv221xrv21xrv220xrv231xrv233xrv234')
  [1m[36mPlaceType Load (0.2ms)[0m  [1mselect * from place_types where name='Hut'[0m
  [1m[35mSQL (0.4ms)[0m  INSERT INTO "route_indices" ("created_at", "endplace_id", "isDest", "startplace_id", "updated_at", "url") VALUES ($1, $2, $3, $4, $5, $6) RETURNING "id"  [["created_at", Mon, 27 Oct 2014 10:08:06 NZDT +13:00], ["endplace_id", 207], ["isDest", true], ["startplace_id", 258], ["updated_at", Mon, 27 Oct 2014 10:08:06 NZDT +13:00], ["url", "xrv-215xrv216xrv217xrv218xrv22xrv272xrv224xrv-237xrv238xrv221xrv21xrv220xrv231xrv233xrv234"]]
  [1m[36mPlace Load (0.3ms)[0m  [1mSELECT "places".* FROM "places" WHERE "places"."id" = 419 LIMIT 1[0m
  [1m[35m (1.1ms)[0m  SELECT COUNT(*) FROM "route_indices" WHERE (url = 'xrv-215xrv216xrv217xrv218xrv22xrv272xrv224xrv-237xrv238xrv-222xrv225xrv226xrv227xrv228xrv229')
  [1m[36mPlaceType Load (0.2ms)[0m  [1mselect * from place_types where name='Hut'[0m
  [1m[35mSQL (0.4ms)[0m  INSERT INTO "route_indices" ("created_at", "endplace_id", "isDest", "startplace_id", "updated_at", "url") VALUES ($1, $2, $3, $4, $5, $6) RETURNING "id"  [["created_at", Mon, 27 Oct 2014 10:08:06 NZDT +13:00], ["endplace_id", 419], ["isDest", true], ["startplace_id", 258], ["updated_at", Mon, 27 Oct 2014 10:08:06 NZDT +13:00], ["url", "xrv-215xrv216xrv217xrv218xrv22xrv272xrv224xrv-237xrv238xrv-222xrv225xrv226xrv227xrv228xrv229"]]
  [1m[36mPlace Load (0.3ms)[0m  [1mSELECT "places".* FROM "places" WHERE "places"."id" = 1130 LIMIT 1[0m
  [1m[35m (1.1ms)[0m  SELECT COUNT(*) FROM "route_indices" WHERE (url = 'xrv-215xrv216xrv217xrv218xrv22xrv272xrv224xrv-237xrv238xrv-222xrv225xrv226xrv227xrv-240')
  [1m[36mPlaceType Load (0.2ms)[0m  [1mselect * from place_types where name='Junction'[0m
  [1m[35mSQL (0.4ms)[0m  INSERT INTO "route_indices" ("created_at", "endplace_id", "isDest", "startplace_id", "updated_at", "url") VALUES ($1, $2, $3, $4, $5, $6) RETURNING "id"  [["created_at", Mon, 27 Oct 2014 10:08:06 NZDT +13:00], ["endplace_id", 1130], ["isDest", false], ["startplace_id", 258], ["updated_at", Mon, 27 Oct 2014 10:08:06 NZDT +13:00], ["url", "xrv-215xrv216xrv217xrv218xrv22xrv272xrv224xrv-237xrv238xrv-222xrv225xrv226xrv227xrv-240"]]
  [1m[36mPlace Load (0.3ms)[0m  [1mSELECT "places".* FROM "places" WHERE "places"."id" = 45 LIMIT 1[0m
  [1m[35m (1.0ms)[0m  SELECT COUNT(*) FROM "route_indices" WHERE (url = 'xrv-215xrv216xrv217xrv218xrv22xrv272xrv239xrv240xrv-227xrv-226xrv-225xrv222xrv221xrv21xrv220xrv231')
  [1m[36mPlaceType Load (0.2ms)[0m  [1mselect * from place_types where name='Hut'[0m
  [1m[35mSQL (0.4ms)[0m  INSERT INTO "route_indices" ("created_at", "endplace_id", "isDest", "startplace_id", "updated_at", "url") VALUES ($1, $2, $3, $4, $5, $6) RETURNING "id"  [["created_at", Mon, 27 Oct 2014 10:08:06 NZDT +13:00], ["endplace_id", 45], ["isDest", true], ["startplace_id", 258], ["updated_at", Mon, 27 Oct 2014 10:08:06 NZDT +13:00], ["url", "xrv-215xrv216xrv217xrv218xrv22xrv272xrv239xrv240xrv-227xrv-226xrv-225xrv222xrv221xrv21xrv220xrv231"]]
  [1m[36mPlace Load (0.3ms)[0m  [1mSELECT "places".* FROM "places" WHERE "places"."id" = 45 LIMIT 1[0m
  [1m[35m (1.0ms)[0m  SELECT COUNT(*) FROM "route_indices" WHERE (url = 'xrv-215xrv216xrv217xrv218xrv22xrv272xrv239xrv240xrv-227xrv-226xrv-225xrv222xrv-238xrv-235xrv-234xrv-233')
  [1m[36mPlaceType Load (0.2ms)[0m  [1mselect * from place_types where name='Hut'[0m
  [1m[35mSQL (0.4ms)[0m  INSERT INTO "route_indices" ("created_at", "endplace_id", "isDest", "startplace_id", "updated_at", "url") VALUES ($1, $2, $3, $4, $5, $6) RETURNING "id"  [["created_at", Mon, 27 Oct 2014 10:08:06 NZDT +13:00], ["endplace_id", 45], ["isDest", true], ["startplace_id", 258], ["updated_at", Mon, 27 Oct 2014 10:08:06 NZDT +13:00], ["url", "xrv-215xrv216xrv217xrv218xrv22xrv272xrv239xrv240xrv-227xrv-226xrv-225xrv222xrv-238xrv-235xrv-234xrv-233"]]
  [1m[36mPlace Load (0.3ms)[0m  [1mSELECT "places".* FROM "places" WHERE "places"."id" = 45 LIMIT 1[0m
  [1m[35m (1.1ms)[0m  SELECT COUNT(*) FROM "route_indices" WHERE (url = 'xrv-215xrv216xrv217xrv218xrv22xrv272xrv239xrv240xrv-227xrv-226xrv-225xrv-223xrv-237xrv-235xrv-234xrv-233')
  [1m[36mPlaceType Load (0.2ms)[0m  [1mselect * from place_types where name='Hut'[0m
  [1m[35mSQL (0.4ms)[0m  INSERT INTO "route_indices" ("created_at", "endplace_id", "isDest", "startplace_id", "updated_at", "url") VALUES ($1, $2, $3, $4, $5, $6) RETURNING "id"  [["created_at", Mon, 27 Oct 2014 10:08:06 NZDT +13:00], ["endplace_id", 45], ["isDest", true], ["startplace_id", 258], ["updated_at", Mon, 27 Oct 2014 10:08:06 NZDT +13:00], ["url", "xrv-215xrv216xrv217xrv218xrv22xrv272xrv239xrv240xrv-227xrv-226xrv-225xrv-223xrv-237xrv-235xrv-234xrv-233"]]
  [1m[36mPlace Load (0.3ms)[0m  [1mSELECT "places".* FROM "places" WHERE "places"."id" = 1128 LIMIT 1[0m
  [1m[35m (1.0ms)[0m  SELECT COUNT(*) FROM "route_indices" WHERE (url = 'xrv-215xrv216xrv217xrv218xrv22xrv272xrv224xrv-237xrv238xrv-222xrv225xrv226xrv227xrv228xrv229xrv230')
  [1m[36mPlaceType Load (0.2ms)[0m  [1mselect * from place_types where name='Roadend'[0m
  [1m[35mSQL (0.4ms)[0m  INSERT INTO "route_indices" ("created_at", "endplace_id", "isDest", "startplace_id", "updated_at", "url") VALUES ($1, $2, $3, $4, $5, $6) RETURNING "id"  [["created_at", Mon, 27 Oct 2014 10:08:06 NZDT +13:00], ["endplace_id", 1128], ["isDest", true], ["startplace_id", 258], ["updated_at", Mon, 27 Oct 2014 10:08:06 NZDT +13:00], ["url", "xrv-215xrv216xrv217xrv218xrv22xrv272xrv224xrv-237xrv238xrv-222xrv225xrv226xrv227xrv228xrv229xrv230"]]
  [1m[36mPlace Load (0.3ms)[0m  [1mSELECT "places".* FROM "places" WHERE "places"."id" = 58 LIMIT 1[0m
  [1m[35mPlaceType Load (0.2ms)[0m  select name, "isDest" from place_types
  [1m[36mRoute Load (0.3ms)[0m  [1mSELECT "routes".* FROM "routes" WHERE "routes"."id" = 216 LIMIT 1[0m
  [1m[35mRoute Load (0.3ms)[0m  SELECT "routes".* FROM "routes" WHERE "routes"."id" = 217 LIMIT 1
  [1m[36mRoute Load (0.3ms)[0m  [1mSELECT "routes".* FROM "routes" WHERE "routes"."id" = 218 LIMIT 1[0m
  [1m[35mRoute Load (0.3ms)[0m  SELECT "routes".* FROM "routes" WHERE "routes"."id" = 22 LIMIT 1
  [1m[36mRoute Load (0.3ms)[0m  [1mSELECT "routes".* FROM "routes" WHERE "routes"."id" = 272 LIMIT 1[0m
  [1m[35mPlace Load (0.3ms)[0m  SELECT "places".* FROM "places" WHERE "places"."id" = 974 LIMIT 1
  [1m[36mCACHE (0.0ms)[0m  [1mSELECT "places".* FROM "places" WHERE "places"."id" = 974 LIMIT 1[0m
  [1m[35mRoute Load (0.3ms)[0m  select * from routes where startplace_id = 974
  [1m[36mRoute Load (0.3ms)[0m  [1mselect * from routes where endplace_id = 974[0m
  [1m[35mPlace Load (0.2ms)[0m  SELECT "places".* FROM "places" WHERE "places"."id" = $1 LIMIT 1  [["id", 974]]
  [1m[36mPlace Load (0.2ms)[0m  [1mSELECT "places".* FROM "places" WHERE "places"."id" = $1 LIMIT 1[0m  [["id", 471]]
  [1m[35mPlace Load (0.2ms)[0m  SELECT "places".* FROM "places" WHERE "places"."id" = $1 LIMIT 1  [["id", 1130]]
  [1m[36mPlace Load (0.2ms)[0m  [1mSELECT "places".* FROM "places" WHERE "places"."id" = $1 LIMIT 1[0m  [["id", 1124]]
  [1m[35mPlace Load (0.3ms)[0m  SELECT "places".* FROM "places" WHERE "places"."id" = 1130 LIMIT 1
  [1m[36mRoute Load (0.3ms)[0m  [1mselect * from routes where startplace_id = 1130[0m
  [1m[35mRoute Load (0.3ms)[0m  select * from routes where endplace_id = 1130
  [1m[36mCACHE (0.0ms)[0m  [1mSELECT "places".* FROM "places" WHERE "places"."id" = $1 LIMIT 1[0m  [["id", 1130]]
  [1m[35mCACHE (0.0ms)[0m  SELECT "places".* FROM "places" WHERE "places"."id" = $1 LIMIT 1  [["id", 974]]
  [1m[36mPlace Load (0.2ms)[0m  [1mSELECT "places".* FROM "places" WHERE "places"."id" = $1 LIMIT 1[0m  [["id", 1126]]
  [1m[35mPlace Load (0.3ms)[0m  SELECT "places".* FROM "places" WHERE "places"."id" = 1124 LIMIT 1
  [1m[36mRoute Load (0.3ms)[0m  [1mselect * from routes where startplace_id = 1124[0m
  [1m[35mRoute Load (0.3ms)[0m  select * from routes where endplace_id = 1124
  [1m[36mCACHE (0.0ms)[0m  [1mSELECT "places".* FROM "places" WHERE "places"."id" = $1 LIMIT 1[0m  [["id", 1124]]
  [1m[35mPlace Load (0.2ms)[0m  SELECT "places".* FROM "places" WHERE "places"."id" = $1 LIMIT 1  [["id", 1129]]
  [1m[36mCACHE (0.0ms)[0m  [1mSELECT "places".* FROM "places" WHERE "places"."id" = $1 LIMIT 1[0m  [["id", 1124]]
  [1m[35mCACHE (0.0ms)[0m  SELECT "places".* FROM "places" WHERE "places"."id" = $1 LIMIT 1  [["id", 974]]
  [1m[36mPlace Load (0.2ms)[0m  [1mSELECT "places".* FROM "places" WHERE "places"."id" = $1 LIMIT 1[0m  [["id", 1123]]
  [1m[35mPlace Load (0.3ms)[0m  SELECT "places".* FROM "places" WHERE "places"."id" = 1126 LIMIT 1
  [1m[36mRoute Load (0.3ms)[0m  [1mselect * from routes where startplace_id = 1126[0m
  [1m[35mRoute Load (0.3ms)[0m  select * from routes where endplace_id = 1126
  [1m[36mCACHE (0.0ms)[0m  [1mSELECT "places".* FROM "places" WHERE "places"."id" = $1 LIMIT 1[0m  [["id", 1126]]
  [1m[35mCACHE (0.0ms)[0m  SELECT "places".* FROM "places" WHERE "places"."id" = $1 LIMIT 1  [["id", 1130]]
  [1m[36mCACHE (0.0ms)[0m  [1mSELECT "places".* FROM "places" WHERE "places"."id" = $1 LIMIT 1[0m  [["id", 1126]]
  [1m[35mPlace Load (0.2ms)[0m  SELECT "places".* FROM "places" WHERE "places"."id" = $1 LIMIT 1  [["id", 769]]
  [1m[36mPlace Load (0.2ms)[0m  [1mSELECT "places".* FROM "places" WHERE "places"."id" = $1 LIMIT 1[0m  [["id", 1127]]
  [1m[35mPlace Load (0.3ms)[0m  SELECT "places".* FROM "places" WHERE "places"."id" = 1123 LIMIT 1
  [1m[36mRoute Load (0.3ms)[0m  [1mselect * from routes where startplace_id = 1123[0m
  [1m[35mRoute Load (0.3ms)[0m  select * from routes where endplace_id = 1123
  [1m[36mCACHE (0.0ms)[0m  [1mSELECT "places".* FROM "places" WHERE "places"."id" = $1 LIMIT 1[0m  [["id", 1123]]
  [1m[35mCACHE (0.0ms)[0m  SELECT "places".* FROM "places" WHERE "places"."id" = $1 LIMIT 1  [["id", 1124]]
  [1m[36mPlace Load (0.2ms)[0m  [1mSELECT "places".* FROM "places" WHERE "places"."id" = $1 LIMIT 1[0m  [["id", 975]]
  [1m[35mPlace Load (0.2ms)[0m  SELECT "places".* FROM "places" WHERE "places"."id" = $1 LIMIT 1  [["id", 1125]]
  [1m[36mPlace Load (0.2ms)[0m  [1mSELECT "places".* FROM "places" WHERE "places"."id" = 1129 LIMIT 1[0m
  [1m[35mRoute Load (0.3ms)[0m  select * from routes where startplace_id = 1129
  [1m[36mRoute Load (0.3ms)[0m  [1mselect * from routes where endplace_id = 1129[0m
  [1m[35mCACHE (0.0ms)[0m  SELECT "places".* FROM "places" WHERE "places"."id" = $1 LIMIT 1  [["id", 1129]]
  [1m[36mPlace Load (0.2ms)[0m  [1mSELECT "places".* FROM "places" WHERE "places"."id" = $1 LIMIT 1[0m  [["id", 207]]
  [1m[35mCACHE (0.0ms)[0m  SELECT "places".* FROM "places" WHERE "places"."id" = $1 LIMIT 1  [["id", 1124]]
  [1m[36mCACHE (0.0ms)[0m  [1mSELECT "places".* FROM "places" WHERE "places"."id" = $1 LIMIT 1[0m  [["id", 975]]
  [1m[35mPlace Load (0.3ms)[0m  SELECT "places".* FROM "places" WHERE "places"."id" = 1127 LIMIT 1
  [1m[36mRoute Load (0.3ms)[0m  [1mselect * from routes where startplace_id = 1127[0m
  [1m[35mRoute Load (0.3ms)[0m  select * from routes where endplace_id = 1127
  [1m[36mCACHE (0.0ms)[0m  [1mSELECT "places".* FROM "places" WHERE "places"."id" = $1 LIMIT 1[0m  [["id", 1127]]
  [1m[35mCACHE (0.0ms)[0m  SELECT "places".* FROM "places" WHERE "places"."id" = $1 LIMIT 1  [["id", 1126]]
  [1m[36mPlace Load (0.2ms)[0m  [1mSELECT "places".* FROM "places" WHERE "places"."id" = $1 LIMIT 1[0m  [["id", 419]]
  [1m[35mPlace Load (0.2ms)[0m  SELECT "places".* FROM "places" WHERE "places"."id" = 769 LIMIT 1
  [1m[36mRoute Load (0.3ms)[0m  [1mselect * from routes where startplace_id = 769[0m
  [1m[35mRoute Load (0.3ms)[0m  select * from routes where endplace_id = 769
  [1m[36mCACHE (0.0ms)[0m  [1mSELECT "places".* FROM "places" WHERE "places"."id" = $1 LIMIT 1[0m  [["id", 769]]
  [1m[35mCACHE (0.0ms)[0m  SELECT "places".* FROM "places" WHERE "places"."id" = $1 LIMIT 1  [["id", 1125]]
  [1m[36mCACHE (0.0ms)[0m  [1mSELECT "places".* FROM "places" WHERE "places"."id" = $1 LIMIT 1[0m  [["id", 1126]]
  [1m[35mPlace Load (0.3ms)[0m  SELECT "places".* FROM "places" WHERE "places"."id" = 975 LIMIT 1
  [1m[36mRoute Load (0.3ms)[0m  [1mselect * from routes where startplace_id = 975[0m
  [1m[35mRoute Load (0.3ms)[0m  select * from routes where endplace_id = 975
  [1m[36mCACHE (0.0ms)[0m  [1mSELECT "places".* FROM "places" WHERE "places"."id" = $1 LIMIT 1[0m  [["id", 975]]
  [1m[35mCACHE (0.0ms)[0m  SELECT "places".* FROM "places" WHERE "places"."id" = $1 LIMIT 1  [["id", 1129]]
  [1m[36mCACHE (0.0ms)[0m  [1mSELECT "places".* FROM "places" WHERE "places"."id" = $1 LIMIT 1[0m  [["id", 975]]
  [1m[35mCACHE (0.0ms)[0m  SELECT "places".* FROM "places" WHERE "places"."id" = $1 LIMIT 1  [["id", 1123]]
  [1m[36mPlace Load (0.2ms)[0m  [1mSELECT "places".* FROM "places" WHERE "places"."id" = $1 LIMIT 1[0m  [["id", 1122]]
  [1m[35mPlace Load (0.2ms)[0m  SELECT "places".* FROM "places" WHERE "places"."id" = 1125 LIMIT 1
  [1m[36mRoute Load (0.3ms)[0m  [1mselect * from routes where startplace_id = 1125[0m
  [1m[35mRoute Load (0.3ms)[0m  select * from routes where endplace_id = 1125
  [1m[36mCACHE (0.0ms)[0m  [1mSELECT "places".* FROM "places" WHERE "places"."id" = $1 LIMIT 1[0m  [["id", 1125]]
  [1m[35mCACHE (0.0ms)[0m  SELECT "places".* FROM "places" WHERE "places"."id" = $1 LIMIT 1  [["id", 1123]]
  [1m[36mCACHE (0.0ms)[0m  [1mSELECT "places".* FROM "places" WHERE "places"."id" = $1 LIMIT 1[0m  [["id", 769]]
  [1m[35mCACHE (0.0ms)[0m  SELECT "places".* FROM "places" WHERE "places"."id" = 975 LIMIT 1
  [1m[36mCACHE (0.0ms)[0m  [1mselect * from routes where startplace_id = 975[0m
  [1m[35mCACHE (0.0ms)[0m  select * from routes where endplace_id = 975
  [1m[36mCACHE (0.0ms)[0m  [1mSELECT "places".* FROM "places" WHERE "places"."id" = $1 LIMIT 1[0m  [["id", 975]]
  [1m[35mCACHE (0.0ms)[0m  SELECT "places".* FROM "places" WHERE "places"."id" = $1 LIMIT 1  [["id", 1129]]
  [1m[36mCACHE (0.0ms)[0m  [1mSELECT "places".* FROM "places" WHERE "places"."id" = $1 LIMIT 1[0m  [["id", 975]]
  [1m[35mCACHE (0.0ms)[0m  SELECT "places".* FROM "places" WHERE "places"."id" = $1 LIMIT 1  [["id", 1123]]
  [1m[36mCACHE (0.0ms)[0m  [1mSELECT "places".* FROM "places" WHERE "places"."id" = $1 LIMIT 1[0m  [["id", 1122]]
  [1m[35mPlace Load (0.3ms)[0m  SELECT "places".* FROM "places" WHERE "places"."id" = 207 LIMIT 1
  [1m[36mRoute Load (0.3ms)[0m  [1mselect * from routes where startplace_id = 207[0m
  [1m[35mRoute Load (0.3ms)[0m  select * from routes where endplace_id = 207
  [1m[36mCACHE (0.0ms)[0m  [1mSELECT "places".* FROM "places" WHERE "places"."id" = $1 LIMIT 1[0m  [["id", 207]]
  [1m[35mPlace Load (0.2ms)[0m  SELECT "places".* FROM "places" WHERE "places"."id" = $1 LIMIT 1  [["id", 650]]
  [1m[36mCACHE (0.0ms)[0m  [1mSELECT "places".* FROM "places" WHERE "places"."id" = $1 LIMIT 1[0m  [["id", 207]]
  [1m[35mPlace Load (0.2ms)[0m  SELECT "places".* FROM "places" WHERE "places"."id" = $1 LIMIT 1  [["id", 1133]]
  [1m[36mCACHE (0.0ms)[0m  [1mSELECT "places".* FROM "places" WHERE "places"."id" = $1 LIMIT 1[0m  [["id", 1129]]
  [1m[35mPlace Load (0.3ms)[0m  SELECT "places".* FROM "places" WHERE "places"."id" = 419 LIMIT 1
  [1m[36mRoute Load (0.3ms)[0m  [1mselect * from routes where startplace_id = 419[0m
  [1m[35mRoute Load (0.3ms)[0m  select * from routes where endplace_id = 419
  [1m[36mCACHE (0.0ms)[0m  [1mSELECT "places".* FROM "places" WHERE "places"."id" = $1 LIMIT 1[0m  [["id", 419]]
  [1m[35mCACHE (0.0ms)[0m  SELECT "places".* FROM "places" WHERE "places"."id" = $1 LIMIT 1  [["id", 1127]]
  [1m[36mPlace Load (0.2ms)[0m  [1mSELECT "places".* FROM "places" WHERE "places"."id" = $1 LIMIT 1[0m  [["id", 1128]]
  [1m[35mCACHE (0.0ms)[0m  SELECT "places".* FROM "places" WHERE "places"."id" = 1125 LIMIT 1
  [1m[36mCACHE (0.0ms)[0m  [1mselect * from routes where startplace_id = 1125[0m
  [1m[35mCACHE (0.0ms)[0m  select * from routes where endplace_id = 1125
  [1m[36mCACHE (0.0ms)[0m  [1mSELECT "places".* FROM "places" WHERE "places"."id" = $1 LIMIT 1[0m  [["id", 1125]]
  [1m[35mCACHE (0.0ms)[0m  SELECT "places".* FROM "places" WHERE "places"."id" = $1 LIMIT 1  [["id", 1123]]
  [1m[36mCACHE (0.0ms)[0m  [1mSELECT "places".* FROM "places" WHERE "places"."id" = $1 LIMIT 1[0m  [["id", 769]]
  [1m[35mPlace Load (0.3ms)[0m  SELECT "places".* FROM "places" WHERE "places"."id" = 1122 LIMIT 1
  [1m[36mRoute Load (0.3ms)[0m  [1mselect * from routes where startplace_id = 1122[0m
  [1m[35mRoute Load (0.3ms)[0m  select * from routes where endplace_id = 1122
  [1m[36mCACHE (0.0ms)[0m  [1mSELECT "places".* FROM "places" WHERE "places"."id" = $1 LIMIT 1[0m  [["id", 1122]]
  [1m[35mCACHE (0.0ms)[0m  SELECT "places".* FROM "places" WHERE "places"."id" = $1 LIMIT 1  [["id", 975]]
  [1m[36mPlace Load (0.2ms)[0m  [1mSELECT "places".* FROM "places" WHERE "places"."id" = $1 LIMIT 1[0m  [["id", 1121]]
  [1m[35mCACHE (0.0ms)[0m  SELECT "places".* FROM "places" WHERE "places"."id" = 1129 LIMIT 1
  [1m[36mCACHE (0.0ms)[0m  [1mselect * from routes where startplace_id = 1129[0m
  [1m[35mCACHE (0.0ms)[0m  select * from routes where endplace_id = 1129
  [1m[36mCACHE (0.0ms)[0m  [1mSELECT "places".* FROM "places" WHERE "places"."id" = $1 LIMIT 1[0m  [["id", 1129]]
  [1m[35mCACHE (0.0ms)[0m  SELECT "places".* FROM "places" WHERE "places"."id" = $1 LIMIT 1  [["id", 207]]
  [1m[36mCACHE (0.0ms)[0m  [1mSELECT "places".* FROM "places" WHERE "places"."id" = $1 LIMIT 1[0m  [["id", 1124]]
  [1m[35mCACHE (0.0ms)[0m  SELECT "places".* FROM "places" WHERE "places"."id" = $1 LIMIT 1  [["id", 975]]
  [1m[36mCACHE (0.0ms)[0m  [1mSELECT "places".* FROM "places" WHERE "places"."id" = 769 LIMIT 1[0m
  [1m[35mCACHE (0.0ms)[0m  select * from routes where startplace_id = 769
  [1m[36mCACHE (0.0ms)[0m  [1mselect * from routes where endplace_id = 769[0m
  [1m[35mCACHE (0.0ms)[0m  SELECT "places".* FROM "places" WHERE "places"."id" = $1 LIMIT 1  [["id", 769]]
  [1m[36mCACHE (0.0ms)[0m  [1mSELECT "places".* FROM "places" WHERE "places"."id" = $1 LIMIT 1[0m  [["id", 1125]]
  [1m[35mCACHE (0.0ms)[0m  SELECT "places".* FROM "places" WHERE "places"."id" = $1 LIMIT 1  [["id", 1126]]
  [1m[36mCACHE (0.0ms)[0m  [1mSELECT "places".* FROM "places" WHERE "places"."id" = 1122 LIMIT 1[0m
  [1m[35mCACHE (0.0ms)[0m  select * from routes where startplace_id = 1122
  [1m[36mCACHE (0.0ms)[0m  [1mselect * from routes where endplace_id = 1122[0m
  [1m[35mCACHE (0.0ms)[0m  SELECT "places".* FROM "places" WHERE "places"."id" = $1 LIMIT 1  [["id", 1122]]
  [1m[36mCACHE (0.0ms)[0m  [1mSELECT "places".* FROM "places" WHERE "places"."id" = $1 LIMIT 1[0m  [["id", 975]]
  [1m[35mCACHE (0.0ms)[0m  SELECT "places".* FROM "places" WHERE "places"."id" = $1 LIMIT 1  [["id", 1121]]
  [1m[36mCACHE (0.0ms)[0m  [1mSELECT "places".* FROM "places" WHERE "places"."id" = 1123 LIMIT 1[0m
  [1m[35mCACHE (0.0ms)[0m  select * from routes where startplace_id = 1123
  [1m[36mCACHE (0.0ms)[0m  [1mselect * from routes where endplace_id = 1123[0m
  [1m[35mCACHE (0.0ms)[0m  SELECT "places".* FROM "places" WHERE "places"."id" = $1 LIMIT 1  [["id", 1123]]
  [1m[36mCACHE (0.0ms)[0m  [1mSELECT "places".* FROM "places" WHERE "places"."id" = $1 LIMIT 1[0m  [["id", 1124]]
  [1m[35mCACHE (0.0ms)[0m  SELECT "places".* FROM "places" WHERE "places"."id" = $1 LIMIT 1  [["id", 975]]
  [1m[36mCACHE (0.0ms)[0m  [1mSELECT "places".* FROM "places" WHERE "places"."id" = $1 LIMIT 1[0m  [["id", 1125]]
  [1m[35mPlace Load (0.3ms)[0m  SELECT "places".* FROM "places" WHERE "places"."id" = 650 LIMIT 1
  [1m[36mRoute Load (0.3ms)[0m  [1mselect * from routes where startplace_id = 650[0m
  [1m[35mRoute Load (0.3ms)[0m  select * from routes where endplace_id = 650
  [1m[36mCACHE (0.0ms)[0m  [1mSELECT "places".* FROM "places" WHERE "places"."id" = $1 LIMIT 1[0m  [["id", 650]]
  [1m[35mPlace Load (0.2ms)[0m  SELECT "places".* FROM "places" WHERE "places"."id" = $1 LIMIT 1  [["id", 45]]
  [1m[36mCACHE (0.0ms)[0m  [1mSELECT "places".* FROM "places" WHERE "places"."id" = $1 LIMIT 1[0m  [["id", 207]]
  [1m[35mPlace Load (0.3ms)[0m  SELECT "places".* FROM "places" WHERE "places"."id" = 1133 LIMIT 1
  [1m[36mRoute Load (0.3ms)[0m  [1mselect * from routes where startplace_id = 1133[0m
  [1m[35mRoute Load (0.3ms)[0m  select * from routes where endplace_id = 1133
  [1m[36mCACHE (0.0ms)[0m  [1mSELECT "places".* FROM "places" WHERE "places"."id" = $1 LIMIT 1[0m  [["id", 1133]]
  [1m[35mPlace Load (0.2ms)[0m  SELECT "places".* FROM "places" WHERE "places"."id" = $1 LIMIT 1  [["id", 1131]]
  [1m[36mCACHE (0.0ms)[0m  [1mSELECT "places".* FROM "places" WHERE "places"."id" = $1 LIMIT 1[0m  [["id", 207]]
  [1m[35mPlace Load (0.7ms)[0m  SELECT "places".* FROM "places" WHERE "places"."id" = 1128 LIMIT 1
  [1m[36mRoute Load (0.3ms)[0m  [1mselect * from routes where startplace_id = 1128[0m
  [1m[35mRoute Load (0.4ms)[0m  select * from routes where endplace_id = 1128
  [1m[36mCACHE (0.0ms)[0m  [1mSELECT "places".* FROM "places" WHERE "places"."id" = $1 LIMIT 1[0m  [["id", 1128]]
  [1m[35mCACHE (0.0ms)[0m  SELECT "places".* FROM "places" WHERE "places"."id" = $1 LIMIT 1  [["id", 419]]
  [1m[36mCACHE (0.0ms)[0m  [1mSELECT "places".* FROM "places" WHERE "places"."id" = 1123 LIMIT 1[0m
  [1m[35mCACHE (0.0ms)[0m  select * from routes where startplace_id = 1123
  [1m[36mCACHE (0.0ms)[0m  [1mselect * from routes where endplace_id = 1123[0m
  [1m[35mCACHE (0.0ms)[0m  SELECT "places".* FROM "places" WHERE "places"."id" = $1 LIMIT 1  [["id", 1123]]
  [1m[36mCACHE (0.0ms)[0m  [1mSELECT "places".* FROM "places" WHERE "places"."id" = $1 LIMIT 1[0m  [["id", 1124]]
  [1m[35mCACHE (0.0ms)[0m  SELECT "places".* FROM "places" WHERE "places"."id" = $1 LIMIT 1  [["id", 975]]
  [1m[36mCACHE (0.0ms)[0m  [1mSELECT "places".* FROM "places" WHERE "places"."id" = $1 LIMIT 1[0m  [["id", 1125]]
  [1m[35mPlace Load (0.3ms)[0m  SELECT "places".* FROM "places" WHERE "places"."id" = 1121 LIMIT 1
  [1m[36mRoute Load (0.3ms)[0m  [1mselect * from routes where startplace_id = 1121[0m
  [1m[35mRoute Load (0.3ms)[0m  select * from routes where endplace_id = 1121
  [1m[36mCACHE (0.0ms)[0m  [1mSELECT "places".* FROM "places" WHERE "places"."id" = $1 LIMIT 1[0m  [["id", 1121]]
  [1m[35mCACHE (0.0ms)[0m  SELECT "places".* FROM "places" WHERE "places"."id" = $1 LIMIT 1  [["id", 1122]]
  [1m[36mPlace Load (0.2ms)[0m  [1mSELECT "places".* FROM "places" WHERE "places"."id" = $1 LIMIT 1[0m  [["id", 976]]
  [1m[35mCACHE (0.0ms)[0m  SELECT "places".* FROM "places" WHERE "places"."id" = 207 LIMIT 1
  [1m[36mCACHE (0.0ms)[0m  [1mselect * from routes where startplace_id = 207[0m
  [1m[35mCACHE (0.0ms)[0m  select * from routes where endplace_id = 207
  [1m[36mCACHE (0.0ms)[0m  [1mSELECT "places".* FROM "places" WHERE "places"."id" = $1 LIMIT 1[0m  [["id", 207]]
  [1m[35mCACHE (0.0ms)[0m  SELECT "places".* FROM "places" WHERE "places"."id" = $1 LIMIT 1  [["id", 650]]
  [1m[36mCACHE (0.0ms)[0m  [1mSELECT "places".* FROM "places" WHERE "places"."id" = $1 LIMIT 1[0m  [["id", 207]]
  [1m[35mCACHE (0.0ms)[0m  SELECT "places".* FROM "places" WHERE "places"."id" = $1 LIMIT 1  [["id", 1133]]
  [1m[36mCACHE (0.0ms)[0m  [1mSELECT "places".* FROM "places" WHERE "places"."id" = $1 LIMIT 1[0m  [["id", 1129]]
  [1m[35mCACHE (0.0ms)[0m  SELECT "places".* FROM "places" WHERE "places"."id" = 1126 LIMIT 1
  [1m[36mCACHE (0.0ms)[0m  [1mselect * from routes where startplace_id = 1126[0m
  [1m[35mCACHE (0.0ms)[0m  select * from routes where endplace_id = 1126
  [1m[36mCACHE (0.0ms)[0m  [1mSELECT "places".* FROM "places" WHERE "places"."id" = $1 LIMIT 1[0m  [["id", 1126]]
  [1m[35mCACHE (0.0ms)[0m  SELECT "places".* FROM "places" WHERE "places"."id" = $1 LIMIT 1  [["id", 1130]]
  [1m[36mCACHE (0.0ms)[0m  [1mSELECT "places".* FROM "places" WHERE "places"."id" = $1 LIMIT 1[0m  [["id", 1126]]
  [1m[35mCACHE (0.0ms)[0m  SELECT "places".* FROM "places" WHERE "places"."id" = $1 LIMIT 1  [["id", 769]]
  [1m[36mCACHE (0.0ms)[0m  [1mSELECT "places".* FROM "places" WHERE "places"."id" = $1 LIMIT 1[0m  [["id", 1127]]
  [1m[35mCACHE (0.0ms)[0m  SELECT "places".* FROM "places" WHERE "places"."id" = 1121 LIMIT 1
  [1m[36mCACHE (0.0ms)[0m  [1mselect * from routes where startplace_id = 1121[0m
  [1m[35mCACHE (0.0ms)[0m  select * from routes where endplace_id = 1121
  [1m[36mCACHE (0.0ms)[0m  [1mSELECT "places".* FROM "places" WHERE "places"."id" = $1 LIMIT 1[0m  [["id", 1121]]
  [1m[35mCACHE (0.0ms)[0m  SELECT "places".* FROM "places" WHERE "places"."id" = $1 LIMIT 1  [["id", 1122]]
  [1m[36mCACHE (0.0ms)[0m  [1mSELECT "places".* FROM "places" WHERE "places"."id" = $1 LIMIT 1[0m  [["id", 976]]
  [1m[35mCACHE (0.0ms)[0m  SELECT "places".* FROM "places" WHERE "places"."id" = 1125 LIMIT 1
  [1m[36mCACHE (0.0ms)[0m  [1mselect * from routes where startplace_id = 1125[0m
  [1m[35mCACHE (0.0ms)[0m  select * from routes where endplace_id = 1125
  [1m[36mCACHE (0.0ms)[0m  [1mSELECT "places".* FROM "places" WHERE "places"."id" = $1 LIMIT 1[0m  [["id", 1125]]
  [1m[35mCACHE (0.0ms)[0m  SELECT "places".* FROM "places" WHERE "places"."id" = $1 LIMIT 1  [["id", 1123]]
  [1m[36mCACHE (0.0ms)[0m  [1mSELECT "places".* FROM "places" WHERE "places"."id" = $1 LIMIT 1[0m  [["id", 769]]
  [1m[35mPlace Load (0.3ms)[0m  SELECT "places".* FROM "places" WHERE "places"."id" = 45 LIMIT 1
  [1m[36mRoute Load (0.3ms)[0m  [1mselect * from routes where startplace_id = 45[0m
  [1m[35mRoute Load (0.3ms)[0m  select * from routes where endplace_id = 45
  [1m[36mCACHE (0.0ms)[0m  [1mSELECT "places".* FROM "places" WHERE "places"."id" = $1 LIMIT 1[0m  [["id", 45]]
  [1m[35mCACHE (0.0ms)[0m  SELECT "places".* FROM "places" WHERE "places"."id" = $1 LIMIT 1  [["id", 976]]
  [1m[36mCACHE (0.0ms)[0m  [1mSELECT "places".* FROM "places" WHERE "places"."id" = $1 LIMIT 1[0m  [["id", 650]]
  [1m[35mPlace Load (0.2ms)[0m  SELECT "places".* FROM "places" WHERE "places"."id" = 1131 LIMIT 1
  [1m[36mRoute Load (0.3ms)[0m  [1mselect * from routes where startplace_id = 1131[0m
  [1m[35mRoute Load (0.3ms)[0m  select * from routes where endplace_id = 1131
  [1m[36mCACHE (0.0ms)[0m  [1mSELECT "places".* FROM "places" WHERE "places"."id" = $1 LIMIT 1[0m  [["id", 1131]]
  [1m[35mPlace Load (0.3ms)[0m  SELECT "places".* FROM "places" WHERE "places"."id" = $1 LIMIT 1  [["id", 1132]]
  [1m[36mCACHE (0.0ms)[0m  [1mSELECT "places".* FROM "places" WHERE "places"."id" = $1 LIMIT 1[0m  [["id", 1133]]
  [1m[35mCACHE (0.0ms)[0m  SELECT "places".* FROM "places" WHERE "places"."id" = 975 LIMIT 1
  [1m[36mCACHE (0.0ms)[0m  [1mselect * from routes where startplace_id = 975[0m
  [1m[35mCACHE (0.0ms)[0m  select * from routes where endplace_id = 975
  [1m[36mCACHE (0.0ms)[0m  [1mSELECT "places".* FROM "places" WHERE "places"."id" = $1 LIMIT 1[0m  [["id", 975]]
  [1m[35mCACHE (0.0ms)[0m  SELECT "places".* FROM "places" WHERE "places"."id" = $1 LIMIT 1  [["id", 1129]]
  [1m[36mCACHE (0.0ms)[0m  [1mSELECT "places".* FROM "places" WHERE "places"."id" = $1 LIMIT 1[0m  [["id", 975]]
  [1m[35mCACHE (0.0ms)[0m  SELECT "places".* FROM "places" WHERE "places"."id" = $1 LIMIT 1  [["id", 1123]]
  [1m[36mCACHE (0.0ms)[0m  [1mSELECT "places".* FROM "places" WHERE "places"."id" = $1 LIMIT 1[0m  [["id", 1122]]
  [1m[35mCACHE (0.0ms)[0m  SELECT "places".* FROM "places" WHERE "places"."id" = 1124 LIMIT 1
  [1m[36mCACHE (0.0ms)[0m  [1mselect * from routes where startplace_id = 1124[0m
  [1m[35mCACHE (0.0ms)[0m  select * from routes where endplace_id = 1124
  [1m[36mCACHE (0.0ms)[0m  [1mSELECT "places".* FROM "places" WHERE "places"."id" = $1 LIMIT 1[0m  [["id", 1124]]
  [1m[35mCACHE (0.0ms)[0m  SELECT "places".* FROM "places" WHERE "places"."id" = $1 LIMIT 1  [["id", 1129]]
  [1m[36mCACHE (0.0ms)[0m  [1mSELECT "places".* FROM "places" WHERE "places"."id" = $1 LIMIT 1[0m  [["id", 1124]]
  [1m[35mCACHE (0.0ms)[0m  SELECT "places".* FROM "places" WHERE "places"."id" = $1 LIMIT 1  [["id", 974]]
  [1m[36mCACHE (0.0ms)[0m  [1mSELECT "places".* FROM "places" WHERE "places"."id" = $1 LIMIT 1[0m  [["id", 1123]]
  [1m[35mPlace Load (0.3ms)[0m  SELECT "places".* FROM "places" WHERE "places"."id" = 976 LIMIT 1
  [1m[36mRoute Load (0.3ms)[0m  [1mselect * from routes where startplace_id = 976[0m
  [1m[35mRoute Load (0.3ms)[0m  select * from routes where endplace_id = 976
  [1m[36mCACHE (0.0ms)[0m  [1mSELECT "places".* FROM "places" WHERE "places"."id" = $1 LIMIT 1[0m  [["id", 976]]
  [1m[35mCACHE (0.0ms)[0m  SELECT "places".* FROM "places" WHERE "places"."id" = $1 LIMIT 1  [["id", 1121]]
  [1m[36mCACHE (0.0ms)[0m  [1mSELECT "places".* FROM "places" WHERE "places"."id" = $1 LIMIT 1[0m  [["id", 976]]
  [1m[35mPlace Load (0.2ms)[0m  SELECT "places".* FROM "places" WHERE "places"."id" = $1 LIMIT 1  [["id", 1119]]
  [1m[36mCACHE (0.0ms)[0m  [1mSELECT "places".* FROM "places" WHERE "places"."id" = $1 LIMIT 1[0m  [["id", 45]]
  [1m[35mCACHE (0.0ms)[0m  SELECT "places".* FROM "places" WHERE "places"."id" = 650 LIMIT 1
  [1m[36mCACHE (0.0ms)[0m  [1mselect * from routes where startplace_id = 650[0m
  [1m[35mCACHE (0.0ms)[0m  select * from routes where endplace_id = 650
  [1m[36mCACHE (0.0ms)[0m  [1mSELECT "places".* FROM "places" WHERE "places"."id" = $1 LIMIT 1[0m  [["id", 650]]
  [1m[35mCACHE (0.0ms)[0m  SELECT "places".* FROM "places" WHERE "places"."id" = $1 LIMIT 1  [["id", 45]]
  [1m[36mCACHE (0.0ms)[0m  [1mSELECT "places".* FROM "places" WHERE "places"."id" = $1 LIMIT 1[0m  [["id", 207]]
  [1m[35mCACHE (0.0ms)[0m  SELECT "places".* FROM "places" WHERE "places"."id" = 1133 LIMIT 1
  [1m[36mCACHE (0.0ms)[0m  [1mselect * from routes where startplace_id = 1133[0m
  [1m[35mCACHE (0.0ms)[0m  select * from routes where endplace_id = 1133
  [1m[36mCACHE (0.0ms)[0m  [1mSELECT "places".* FROM "places" WHERE "places"."id" = $1 LIMIT 1[0m  [["id", 1133]]
  [1m[35mCACHE (0.0ms)[0m  SELECT "places".* FROM "places" WHERE "places"."id" = $1 LIMIT 1  [["id", 1131]]
  [1m[36mCACHE (0.0ms)[0m  [1mSELECT "places".* FROM "places" WHERE "places"."id" = $1 LIMIT 1[0m  [["id", 207]]
  [1m[35mCACHE (0.0ms)[0m  SELECT "places".* FROM "places" WHERE "places"."id" = 1127 LIMIT 1
  [1m[36mCACHE (0.0ms)[0m  [1mselect * from routes where startplace_id = 1127[0m
  [1m[35mCACHE (0.0ms)[0m  select * from routes where endplace_id = 1127
  [1m[36mCACHE (0.0ms)[0m  [1mSELECT "places".* FROM "places" WHERE "places"."id" = $1 LIMIT 1[0m  [["id", 1127]]
  [1m[35mCACHE (0.0ms)[0m  SELECT "places".* FROM "places" WHERE "places"."id" = $1 LIMIT 1  [["id", 1126]]
  [1m[36mCACHE (0.0ms)[0m  [1mSELECT "places".* FROM "places" WHERE "places"."id" = $1 LIMIT 1[0m  [["id", 419]]
  [1m[35mCACHE (0.0ms)[0m  SELECT "places".* FROM "places" WHERE "places"."id" = 1130 LIMIT 1
  [1m[36mCACHE (0.0ms)[0m  [1mselect * from routes where startplace_id = 1130[0m
  [1m[35mCACHE (0.0ms)[0m  select * from routes where endplace_id = 1130
  [1m[36mCACHE (0.0ms)[0m  [1mSELECT "places".* FROM "places" WHERE "places"."id" = $1 LIMIT 1[0m  [["id", 1130]]
  [1m[35mCACHE (0.0ms)[0m  SELECT "places".* FROM "places" WHERE "places"."id" = $1 LIMIT 1  [["id", 974]]
  [1m[36mCACHE (0.0ms)[0m  [1mSELECT "places".* FROM "places" WHERE "places"."id" = $1 LIMIT 1[0m  [["id", 1126]]
  [1m[35mCACHE (0.0ms)[0m  SELECT "places".* FROM "places" WHERE "places"."id" = 976 LIMIT 1
  [1m[36mCACHE (0.0ms)[0m  [1mselect * from routes where startplace_id = 976[0m
  [1m[35mCACHE (0.0ms)[0m  select * from routes where endplace_id = 976
  [1m[36mCACHE (0.0ms)[0m  [1mSELECT "places".* FROM "places" WHERE "places"."id" = $1 LIMIT 1[0m  [["id", 976]]
  [1m[35mCACHE (0.0ms)[0m  SELECT "places".* FROM "places" WHERE "places"."id" = $1 LIMIT 1  [["id", 1121]]
  [1m[36mCACHE (0.0ms)[0m  [1mSELECT "places".* FROM "places" WHERE "places"."id" = $1 LIMIT 1[0m  [["id", 976]]
  [1m[35mCACHE (0.0ms)[0m  SELECT "places".* FROM "places" WHERE "places"."id" = $1 LIMIT 1  [["id", 1119]]
  [1m[36mCACHE (0.0ms)[0m  [1mSELECT "places".* FROM "places" WHERE "places"."id" = $1 LIMIT 1[0m  [["id", 45]]
  [1m[35mCACHE (0.0ms)[0m  SELECT "places".* FROM "places" WHERE "places"."id" = 769 LIMIT 1
  [1m[36mCACHE (0.0ms)[0m  [1mselect * from routes where startplace_id = 769[0m
  [1m[35mCACHE (0.0ms)[0m  select * from routes where endplace_id = 769
  [1m[36mCACHE (0.0ms)[0m  [1mSELECT "places".* FROM "places" WHERE "places"."id" = $1 LIMIT 1[0m  [["id", 769]]
  [1m[35mCACHE (0.0ms)[0m  SELECT "places".* FROM "places" WHERE "places"."id" = $1 LIMIT 1  [["id", 1125]]
  [1m[36mCACHE (0.0ms)[0m  [1mSELECT "places".* FROM "places" WHERE "places"."id" = $1 LIMIT 1[0m  [["id", 1126]]
  [1m[35mCACHE (0.0ms)[0m  SELECT "places".* FROM "places" WHERE "places"."id" = 976 LIMIT 1
  [1m[36mCACHE (0.0ms)[0m  [1mselect * from routes where startplace_id = 976[0m
  [1m[35mCACHE (0.0ms)[0m  select * from routes where endplace_id = 976
  [1m[36mCACHE (0.1ms)[0m  [1mSELECT "places".* FROM "places" WHERE "places"."id" = $1 LIMIT 1[0m  [["id", 976]]
  [1m[35mCACHE (0.0ms)[0m  SELECT "places".* FROM "places" WHERE "places"."id" = $1 LIMIT 1  [["id", 1121]]
  [1m[36mCACHE (0.0ms)[0m  [1mSELECT "places".* FROM "places" WHERE "places"."id" = $1 LIMIT 1[0m  [["id", 976]]
  [1m[35mCACHE (0.0ms)[0m  SELECT "places".* FROM "places" WHERE "places"."id" = $1 LIMIT 1  [["id", 1119]]
  [1m[36mCACHE (0.0ms)[0m  [1mSELECT "places".* FROM "places" WHERE "places"."id" = $1 LIMIT 1[0m  [["id", 45]]
  [1m[35mPlace Load (0.6ms)[0m  SELECT "places".* FROM "places" WHERE "places"."id" = 1132 LIMIT 1
  [1m[36mRoute Load (0.3ms)[0m  [1mselect * from routes where startplace_id = 1132[0m
  [1m[35mRoute Load (0.2ms)[0m  select * from routes where endplace_id = 1132
  [1m[36mCACHE (0.0ms)[0m  [1mSELECT "places".* FROM "places" WHERE "places"."id" = $1 LIMIT 1[0m  [["id", 1131]]
  [1m[35mCACHE (0.0ms)[0m  SELECT "places".* FROM "places" WHERE "places"."id" = 1122 LIMIT 1
  [1m[36mCACHE (0.0ms)[0m  [1mselect * from routes where startplace_id = 1122[0m
  [1m[35mCACHE (0.0ms)[0m  select * from routes where endplace_id = 1122
  [1m[36mCACHE (0.0ms)[0m  [1mSELECT "places".* FROM "places" WHERE "places"."id" = $1 LIMIT 1[0m  [["id", 1122]]
  [1m[35mCACHE (0.1ms)[0m  SELECT "places".* FROM "places" WHERE "places"."id" = $1 LIMIT 1  [["id", 975]]
  [1m[36mCACHE (0.0ms)[0m  [1mSELECT "places".* FROM "places" WHERE "places"."id" = $1 LIMIT 1[0m  [["id", 1121]]
  [1m[35mCACHE (0.0ms)[0m  SELECT "places".* FROM "places" WHERE "places"."id" = 1129 LIMIT 1
  [1m[36mCACHE (0.0ms)[0m  [1mselect * from routes where startplace_id = 1129[0m
  [1m[35mCACHE (0.0ms)[0m  select * from routes where endplace_id = 1129
  [1m[36mCACHE (0.0ms)[0m  [1mSELECT "places".* FROM "places" WHERE "places"."id" = $1 LIMIT 1[0m  [["id", 1129]]
  [1m[35mCACHE (0.0ms)[0m  SELECT "places".* FROM "places" WHERE "places"."id" = $1 LIMIT 1  [["id", 207]]
  [1m[36mCACHE (0.0ms)[0m  [1mSELECT "places".* FROM "places" WHERE "places"."id" = $1 LIMIT 1[0m  [["id", 1124]]
  [1m[35mCACHE (0.0ms)[0m  SELECT "places".* FROM "places" WHERE "places"."id" = $1 LIMIT 1  [["id", 975]]
  [1m[36mCACHE (0.0ms)[0m  [1mSELECT "places".* FROM "places" WHERE "places"."id" = 1129 LIMIT 1[0m
  [1m[35mCACHE (0.0ms)[0m  select * from routes where startplace_id = 1129
  [1m[36mCACHE (0.0ms)[0m  [1mselect * from routes where endplace_id = 1129[0m
  [1m[35mCACHE (0.0ms)[0m  SELECT "places".* FROM "places" WHERE "places"."id" = $1 LIMIT 1  [["id", 1129]]
  [1m[36mCACHE (0.0ms)[0m  [1mSELECT "places".* FROM "places" WHERE "places"."id" = $1 LIMIT 1[0m  [["id", 207]]
  [1m[35mCACHE (0.0ms)[0m  SELECT "places".* FROM "places" WHERE "places"."id" = $1 LIMIT 1  [["id", 1124]]
  [1m[36mCACHE (0.0ms)[0m  [1mSELECT "places".* FROM "places" WHERE "places"."id" = $1 LIMIT 1[0m  [["id", 975]]
  [1m[35mCACHE (0.0ms)[0m  SELECT "places".* FROM "places" WHERE "places"."id" = 45 LIMIT 1
  [1m[36mCACHE (0.0ms)[0m  [1mselect * from routes where startplace_id = 45[0m
  [1m[35mCACHE (0.0ms)[0m  select * from routes where endplace_id = 45
  [1m[36mCACHE (0.0ms)[0m  [1mSELECT "places".* FROM "places" WHERE "places"."id" = $1 LIMIT 1[0m  [["id", 45]]
  [1m[35mCACHE (0.0ms)[0m  SELECT "places".* FROM "places" WHERE "places"."id" = $1 LIMIT 1  [["id", 976]]
  [1m[36mCACHE (0.0ms)[0m  [1mSELECT "places".* FROM "places" WHERE "places"."id" = $1 LIMIT 1[0m  [["id", 650]]
  [1m[35mCACHE (0.0ms)[0m  SELECT "places".* FROM "places" WHERE "places"."id" = 45 LIMIT 1
  [1m[36mCACHE (0.0ms)[0m  [1mselect * from routes where startplace_id = 45[0m
  [1m[35mCACHE (0.0ms)[0m  select * from routes where endplace_id = 45
  [1m[36mCACHE (0.0ms)[0m  [1mSELECT "places".* FROM "places" WHERE "places"."id" = $1 LIMIT 1[0m  [["id", 45]]
  [1m[35mCACHE (0.0ms)[0m  SELECT "places".* FROM "places" WHERE "places"."id" = $1 LIMIT 1  [["id", 976]]
  [1m[36mCACHE (0.0ms)[0m  [1mSELECT "places".* FROM "places" WHERE "places"."id" = $1 LIMIT 1[0m  [["id", 650]]
  [1m[35mCACHE (0.0ms)[0m  SELECT "places".* FROM "places" WHERE "places"."id" = 1131 LIMIT 1
  [1m[36mCACHE (0.0ms)[0m  [1mselect * from routes where startplace_id = 1131[0m
  [1m[35mCACHE (0.0ms)[0m  select * from routes where endplace_id = 1131
  [1m[36mCACHE (0.0ms)[0m  [1mSELECT "places".* FROM "places" WHERE "places"."id" = $1 LIMIT 1[0m  [["id", 1131]]
  [1m[35mCACHE (0.0ms)[0m  SELECT "places".* FROM "places" WHERE "places"."id" = $1 LIMIT 1  [["id", 1132]]
  [1m[36mCACHE (0.0ms)[0m  [1mSELECT "places".* FROM "places" WHERE "places"."id" = $1 LIMIT 1[0m  [["id", 1133]]
  [1m[35mCACHE (0.0ms)[0m  SELECT "places".* FROM "places" WHERE "places"."id" = 419 LIMIT 1
  [1m[36mCACHE (0.0ms)[0m  [1mselect * from routes where startplace_id = 419[0m
  [1m[35mCACHE (0.0ms)[0m  select * from routes where endplace_id = 419
  [1m[36mCACHE (0.0ms)[0m  [1mSELECT "places".* FROM "places" WHERE "places"."id" = $1 LIMIT 1[0m  [["id", 419]]
  [1m[35mCACHE (0.0ms)[0m  SELECT "places".* FROM "places" WHERE "places"."id" = $1 LIMIT 1  [["id", 1127]]
  [1m[36mCACHE (0.0ms)[0m  [1mSELECT "places".* FROM "places" WHERE "places"."id" = $1 LIMIT 1[0m  [["id", 1128]]
  [1m[35mCACHE (0.0ms)[0m  SELECT "places".* FROM "places" WHERE "places"."id" = 45 LIMIT 1
  [1m[36mCACHE (0.0ms)[0m  [1mselect * from routes where startplace_id = 45[0m
  [1m[35mCACHE (0.0ms)[0m  select * from routes where endplace_id = 45
  [1m[36mCACHE (0.0ms)[0m  [1mSELECT "places".* FROM "places" WHERE "places"."id" = $1 LIMIT 1[0m  [["id", 45]]
  [1m[35mCACHE (0.0ms)[0m  SELECT "places".* FROM "places" WHERE "places"."id" = $1 LIMIT 1  [["id", 976]]
  [1m[36mCACHE (0.0ms)[0m  [1mSELECT "places".* FROM "places" WHERE "places"."id" = $1 LIMIT 1[0m  [["id", 650]]
  [1m[35mCACHE (0.0ms)[0m  SELECT "places".* FROM "places" WHERE "places"."id" = 1126 LIMIT 1
  [1m[36mCACHE (0.0ms)[0m  [1mselect * from routes where startplace_id = 1126[0m
  [1m[35mCACHE (0.0ms)[0m  select * from routes where endplace_id = 1126
  [1m[36mCACHE (0.0ms)[0m  [1mSELECT "places".* FROM "places" WHERE "places"."id" = $1 LIMIT 1[0m  [["id", 1126]]
  [1m[35mCACHE (0.0ms)[0m  SELECT "places".* FROM "places" WHERE "places"."id" = $1 LIMIT 1  [["id", 1130]]
  [1m[36mCACHE (0.0ms)[0m  [1mSELECT "places".* FROM "places" WHERE "places"."id" = $1 LIMIT 1[0m  [["id", 1126]]
  [1m[35mCACHE (0.0ms)[0m  SELECT "places".* FROM "places" WHERE "places"."id" = $1 LIMIT 1  [["id", 769]]
  [1m[36mCACHE (0.0ms)[0m  [1mSELECT "places".* FROM "places" WHERE "places"."id" = $1 LIMIT 1[0m  [["id", 1127]]
  [1m[35mCACHE (0.0ms)[0m  SELECT "places".* FROM "places" WHERE "places"."id" = 1121 LIMIT 1
  [1m[36mCACHE (0.0ms)[0m  [1mselect * from routes where startplace_id = 1121[0m
  [1m[35mCACHE (0.0ms)[0m  select * from routes where endplace_id = 1121
  [1m[36mCACHE (0.0ms)[0m  [1mSELECT "places".* FROM "places" WHERE "places"."id" = $1 LIMIT 1[0m  [["id", 1121]]
  [1m[35mCACHE (0.0ms)[0m  SELECT "places".* FROM "places" WHERE "places"."id" = $1 LIMIT 1  [["id", 1122]]
  [1m[36mCACHE (0.0ms)[0m  [1mSELECT "places".* FROM "places" WHERE "places"."id" = $1 LIMIT 1[0m  [["id", 976]]
  [1m[35mCACHE (0.0ms)[0m  SELECT "places".* FROM "places" WHERE "places"."id" = 1121 LIMIT 1
  [1m[36mCACHE (0.0ms)[0m  [1mselect * from routes where startplace_id = 1121[0m
  [1m[35mCACHE (0.0ms)[0m  select * from routes where endplace_id = 1121
  [1m[36mCACHE (0.0ms)[0m  [1mSELECT "places".* FROM "places" WHERE "places"."id" = $1 LIMIT 1[0m  [["id", 1121]]
  [1m[35mCACHE (0.0ms)[0m  SELECT "places".* FROM "places" WHERE "places"."id" = $1 LIMIT 1  [["id", 1122]]
  [1m[36mCACHE (0.0ms)[0m  [1mSELECT "places".* FROM "places" WHERE "places"."id" = $1 LIMIT 1[0m  [["id", 976]]
  [1m[35mCACHE (0.0ms)[0m  SELECT "places".* FROM "places" WHERE "places"."id" = 1124 LIMIT 1
  [1m[36mCACHE (0.0ms)[0m  [1mselect * from routes where startplace_id = 1124[0m
  [1m[35mCACHE (0.0ms)[0m  select * from routes where endplace_id = 1124
  [1m[36mCACHE (0.0ms)[0m  [1mSELECT "places".* FROM "places" WHERE "places"."id" = $1 LIMIT 1[0m  [["id", 1124]]
  [1m[35mCACHE (0.0ms)[0m  SELECT "places".* FROM "places" WHERE "places"."id" = $1 LIMIT 1  [["id", 1129]]
  [1m[36mCACHE (0.0ms)[0m  [1mSELECT "places".* FROM "places" WHERE "places"."id" = $1 LIMIT 1[0m  [["id", 1124]]
  [1m[35mCACHE (0.0ms)[0m  SELECT "places".* FROM "places" WHERE "places"."id" = $1 LIMIT 1  [["id", 974]]
  [1m[36mCACHE (0.0ms)[0m  [1mSELECT "places".* FROM "places" WHERE "places"."id" = $1 LIMIT 1[0m  [["id", 1123]]
  [1m[35mCACHE (0.0ms)[0m  SELECT "places".* FROM "places" WHERE "places"."id" = 207 LIMIT 1
  [1m[36mCACHE (0.0ms)[0m  [1mselect * from routes where startplace_id = 207[0m
  [1m[35mCACHE (0.0ms)[0m  select * from routes where endplace_id = 207
  [1m[36mCACHE (0.0ms)[0m  [1mSELECT "places".* FROM "places" WHERE "places"."id" = $1 LIMIT 1[0m  [["id", 207]]
  [1m[35mCACHE (0.0ms)[0m  SELECT "places".* FROM "places" WHERE "places"."id" = $1 LIMIT 1  [["id", 650]]
  [1m[36mCACHE (0.0ms)[0m  [1mSELECT "places".* FROM "places" WHERE "places"."id" = $1 LIMIT 1[0m  [["id", 207]]
  [1m[35mCACHE (0.0ms)[0m  SELECT "places".* FROM "places" WHERE "places"."id" = $1 LIMIT 1  [["id", 1133]]
  [1m[36mCACHE (0.0ms)[0m  [1mSELECT "places".* FROM "places" WHERE "places"."id" = $1 LIMIT 1[0m  [["id", 1129]]
  [1m[35mCACHE (0.0ms)[0m  SELECT "places".* FROM "places" WHERE "places"."id" = 975 LIMIT 1
  [1m[36mCACHE (0.0ms)[0m  [1mselect * from routes where startplace_id = 975[0m
  [1m[35mCACHE (0.0ms)[0m  select * from routes where endplace_id = 975
  [1m[36mCACHE (0.0ms)[0m  [1mSELECT "places".* FROM "places" WHERE "places"."id" = $1 LIMIT 1[0m  [["id", 975]]
  [1m[35mCACHE (0.0ms)[0m  SELECT "places".* FROM "places" WHERE "places"."id" = $1 LIMIT 1  [["id", 1129]]
  [1m[36mCACHE (0.0ms)[0m  [1mSELECT "places".* FROM "places" WHERE "places"."id" = $1 LIMIT 1[0m  [["id", 975]]
  [1m[35mCACHE (0.0ms)[0m  SELECT "places".* FROM "places" WHERE "places"."id" = $1 LIMIT 1  [["id", 1123]]
  [1m[36mCACHE (0.0ms)[0m  [1mSELECT "places".* FROM "places" WHERE "places"."id" = $1 LIMIT 1[0m  [["id", 1122]]
  [1m[35mCACHE (0.0ms)[0m  SELECT "places".* FROM "places" WHERE "places"."id" = 207 LIMIT 1
  [1m[36mCACHE (0.0ms)[0m  [1mselect * from routes where startplace_id = 207[0m
  [1m[35mCACHE (0.0ms)[0m  select * from routes where endplace_id = 207
  [1m[36mCACHE (0.0ms)[0m  [1mSELECT "places".* FROM "places" WHERE "places"."id" = $1 LIMIT 1[0m  [["id", 207]]
  [1m[35mCACHE (0.0ms)[0m  SELECT "places".* FROM "places" WHERE "places"."id" = $1 LIMIT 1  [["id", 650]]
  [1m[36mCACHE (0.0ms)[0m  [1mSELECT "places".* FROM "places" WHERE "places"."id" = $1 LIMIT 1[0m  [["id", 207]]
  [1m[35mCACHE (0.0ms)[0m  SELECT "places".* FROM "places" WHERE "places"."id" = $1 LIMIT 1  [["id", 1133]]
  [1m[36mCACHE (0.0ms)[0m  [1mSELECT "places".* FROM "places" WHERE "places"."id" = $1 LIMIT 1[0m  [["id", 1129]]
  [1m[35mCACHE (0.0ms)[0m  SELECT "places".* FROM "places" WHERE "places"."id" = 650 LIMIT 1
  [1m[36mCACHE (0.0ms)[0m  [1mselect * from routes where startplace_id = 650[0m
  [1m[35mCACHE (0.0ms)[0m  select * from routes where endplace_id = 650
  [1m[36mCACHE (0.0ms)[0m  [1mSELECT "places".* FROM "places" WHERE "places"."id" = $1 LIMIT 1[0m  [["id", 650]]
  [1m[35mCACHE (0.0ms)[0m  SELECT "places".* FROM "places" WHERE "places"."id" = $1 LIMIT 1  [["id", 45]]
  [1m[36mCACHE (0.0ms)[0m  [1mSELECT "places".* FROM "places" WHERE "places"."id" = $1 LIMIT 1[0m  [["id", 207]]
  [1m[35mCACHE (0.0ms)[0m  SELECT "places".* FROM "places" WHERE "places"."id" = 976 LIMIT 1
  [1m[36mCACHE (0.0ms)[0m  [1mselect * from routes where startplace_id = 976[0m
  [1m[35mCACHE (0.0ms)[0m  select * from routes where endplace_id = 976
  [1m[36mCACHE (0.0ms)[0m  [1mSELECT "places".* FROM "places" WHERE "places"."id" = $1 LIMIT 1[0m  [["id", 976]]
  [1m[35mCACHE (0.0ms)[0m  SELECT "places".* FROM "places" WHERE "places"."id" = $1 LIMIT 1  [["id", 1121]]
  [1m[36mCACHE (0.0ms)[0m  [1mSELECT "places".* FROM "places" WHERE "places"."id" = $1 LIMIT 1[0m  [["id", 976]]
  [1m[35mCACHE (0.0ms)[0m  SELECT "places".* FROM "places" WHERE "places"."id" = $1 LIMIT 1  [["id", 1119]]
  [1m[36mCACHE (0.0ms)[0m  [1mSELECT "places".* FROM "places" WHERE "places"."id" = $1 LIMIT 1[0m  [["id", 45]]
  [1m[35mCACHE (0.0ms)[0m  SELECT "places".* FROM "places" WHERE "places"."id" = 1132 LIMIT 1
  [1m[36mCACHE (0.0ms)[0m  [1mselect * from routes where startplace_id = 1132[0m
  [1m[35mCACHE (0.0ms)[0m  select * from routes where endplace_id = 1132
  [1m[36mCACHE (0.0ms)[0m  [1mSELECT "places".* FROM "places" WHERE "places"."id" = $1 LIMIT 1[0m  [["id", 1131]]
  [1m[35mCACHE (0.0ms)[0m  SELECT "places".* FROM "places" WHERE "places"."id" = 1128 LIMIT 1
  [1m[36mCACHE (0.0ms)[0m  [1mselect * from routes where startplace_id = 1128[0m
  [1m[35mCACHE (0.0ms)[0m  select * from routes where endplace_id = 1128
  [1m[36mCACHE (0.0ms)[0m  [1mSELECT "places".* FROM "places" WHERE "places"."id" = $1 LIMIT 1[0m  [["id", 1128]]
  [1m[35mCACHE (0.0ms)[0m  SELECT "places".* FROM "places" WHERE "places"."id" = $1 LIMIT 1  [["id", 419]]
  [1m[36mCACHE (0.0ms)[0m  [1mSELECT "places".* FROM "places" WHERE "places"."id" = 650 LIMIT 1[0m
  [1m[35mCACHE (0.0ms)[0m  select * from routes where startplace_id = 650
  [1m[36mCACHE (0.0ms)[0m  [1mselect * from routes where endplace_id = 650[0m
  [1m[35mCACHE (0.0ms)[0m  SELECT "places".* FROM "places" WHERE "places"."id" = $1 LIMIT 1  [["id", 650]]
  [1m[36mCACHE (0.0ms)[0m  [1mSELECT "places".* FROM "places" WHERE "places"."id" = $1 LIMIT 1[0m  [["id", 45]]
  [1m[35mCACHE (0.0ms)[0m  SELECT "places".* FROM "places" WHERE "places"."id" = $1 LIMIT 1  [["id", 207]]
  [1m[36mCACHE (0.0ms)[0m  [1mSELECT "places".* FROM "places" WHERE "places"."id" = 1127 LIMIT 1[0m
  [1m[35mCACHE (0.0ms)[0m  select * from routes where startplace_id = 1127
  [1m[36mCACHE (0.0ms)[0m  [1mselect * from routes where endplace_id = 1127[0m
  [1m[35mCACHE (0.0ms)[0m  SELECT "places".* FROM "places" WHERE "places"."id" = $1 LIMIT 1  [["id", 1127]]
  [1m[36mCACHE (0.0ms)[0m  [1mSELECT "places".* FROM "places" WHERE "places"."id" = $1 LIMIT 1[0m  [["id", 1126]]
  [1m[35mCACHE (0.0ms)[0m  SELECT "places".* FROM "places" WHERE "places"."id" = $1 LIMIT 1  [["id", 419]]
  [1m[36mCACHE (0.0ms)[0m  [1mSELECT "places".* FROM "places" WHERE "places"."id" = 1130 LIMIT 1[0m
  [1m[35mCACHE (0.0ms)[0m  select * from routes where startplace_id = 1130
  [1m[36mCACHE (0.0ms)[0m  [1mselect * from routes where endplace_id = 1130[0m
  [1m[35mCACHE (0.0ms)[0m  SELECT "places".* FROM "places" WHERE "places"."id" = $1 LIMIT 1  [["id", 1130]]
  [1m[36mCACHE (0.0ms)[0m  [1mSELECT "places".* FROM "places" WHERE "places"."id" = $1 LIMIT 1[0m  [["id", 974]]
  [1m[35mCACHE (0.0ms)[0m  SELECT "places".* FROM "places" WHERE "places"."id" = $1 LIMIT 1  [["id", 1126]]
  [1m[36mCACHE (0.0ms)[0m  [1mSELECT "places".* FROM "places" WHERE "places"."id" = 1122 LIMIT 1[0m
  [1m[35mCACHE (0.0ms)[0m  select * from routes where startplace_id = 1122
  [1m[36mCACHE (0.0ms)[0m  [1mselect * from routes where endplace_id = 1122[0m
  [1m[35mCACHE (0.0ms)[0m  SELECT "places".* FROM "places" WHERE "places"."id" = $1 LIMIT 1  [["id", 1122]]
  [1m[36mCACHE (0.0ms)[0m  [1mSELECT "places".* FROM "places" WHERE "places"."id" = $1 LIMIT 1[0m  [["id", 975]]
  [1m[35mCACHE (0.0ms)[0m  SELECT "places".* FROM "places" WHERE "places"."id" = $1 LIMIT 1  [["id", 1121]]
  [1m[36mCACHE (0.0ms)[0m  [1mSELECT "places".* FROM "places" WHERE "places"."id" = 976 LIMIT 1[0m
  [1m[35mCACHE (0.0ms)[0m  select * from routes where startplace_id = 976
  [1m[36mCACHE (0.0ms)[0m  [1mselect * from routes where endplace_id = 976[0m
  [1m[35mCACHE (0.0ms)[0m  SELECT "places".* FROM "places" WHERE "places"."id" = $1 LIMIT 1  [["id", 976]]
  [1m[36mCACHE (0.0ms)[0m  [1mSELECT "places".* FROM "places" WHERE "places"."id" = $1 LIMIT 1[0m  [["id", 1121]]
  [1m[35mCACHE (0.0ms)[0m  SELECT "places".* FROM "places" WHERE "places"."id" = $1 LIMIT 1  [["id", 976]]
  [1m[36mCACHE (0.0ms)[0m  [1mSELECT "places".* FROM "places" WHERE "places"."id" = $1 LIMIT 1[0m  [["id", 1119]]
  [1m[35mCACHE (0.0ms)[0m  SELECT "places".* FROM "places" WHERE "places"."id" = $1 LIMIT 1  [["id", 45]]
  [1m[36mCACHE (0.0ms)[0m  [1mSELECT "places".* FROM "places" WHERE "places"."id" = 650 LIMIT 1[0m
  [1m[35mCACHE (0.0ms)[0m  select * from routes where startplace_id = 650
  [1m[36mCACHE (0.0ms)[0m  [1mselect * from routes where endplace_id = 650[0m
  [1m[35mCACHE (0.0ms)[0m  SELECT "places".* FROM "places" WHERE "places"."id" = $1 LIMIT 1  [["id", 650]]
  [1m[36mCACHE (0.0ms)[0m  [1mSELECT "places".* FROM "places" WHERE "places"."id" = $1 LIMIT 1[0m  [["id", 45]]
  [1m[35mCACHE (0.0ms)[0m  SELECT "places".* FROM "places" WHERE "places"."id" = $1 LIMIT 1  [["id", 207]]
  [1m[36mCACHE (0.0ms)[0m  [1mSELECT "places".* FROM "places" WHERE "places"."id" = 1133 LIMIT 1[0m
  [1m[35mCACHE (0.0ms)[0m  select * from routes where startplace_id = 1133
  [1m[36mCACHE (0.0ms)[0m  [1mselect * from routes where endplace_id = 1133[0m
  [1m[35mCACHE (0.0ms)[0m  SELECT "places".* FROM "places" WHERE "places"."id" = $1 LIMIT 1  [["id", 1133]]
  [1m[36mCACHE (0.0ms)[0m  [1mSELECT "places".* FROM "places" WHERE "places"."id" = $1 LIMIT 1[0m  [["id", 1131]]
  [1m[35mCACHE (0.0ms)[0m  SELECT "places".* FROM "places" WHERE "places"."id" = $1 LIMIT 1  [["id", 207]]
  [1m[36mCACHE (0.0ms)[0m  [1mSELECT "places".* FROM "places" WHERE "places"."id" = 1122 LIMIT 1[0m
  [1m[35mCACHE (0.0ms)[0m  select * from routes where startplace_id = 1122
  [1m[36mCACHE (0.0ms)[0m  [1mselect * from routes where endplace_id = 1122[0m
  [1m[35mCACHE (0.0ms)[0m  SELECT "places".* FROM "places" WHERE "places"."id" = $1 LIMIT 1  [["id", 1122]]
  [1m[36mCACHE (0.0ms)[0m  [1mSELECT "places".* FROM "places" WHERE "places"."id" = $1 LIMIT 1[0m  [["id", 975]]
  [1m[35mCACHE (0.0ms)[0m  SELECT "places".* FROM "places" WHERE "places"."id" = $1 LIMIT 1  [["id", 1121]]
  [1m[36mCACHE (0.0ms)[0m  [1mSELECT "places".* FROM "places" WHERE "places"."id" = 650 LIMIT 1[0m
  [1m[35mCACHE (0.0ms)[0m  select * from routes where startplace_id = 650
  [1m[36mCACHE (0.0ms)[0m  [1mselect * from routes where endplace_id = 650[0m
  [1m[35mCACHE (0.0ms)[0m  SELECT "places".* FROM "places" WHERE "places"."id" = $1 LIMIT 1  [["id", 650]]
  [1m[36mCACHE (0.0ms)[0m  [1mSELECT "places".* FROM "places" WHERE "places"."id" = $1 LIMIT 1[0m  [["id", 45]]
  [1m[35mCACHE (0.0ms)[0m  SELECT "places".* FROM "places" WHERE "places"."id" = $1 LIMIT 1  [["id", 207]]
  [1m[36mCACHE (0.0ms)[0m  [1mSELECT "places".* FROM "places" WHERE "places"."id" = 1133 LIMIT 1[0m
  [1m[35mCACHE (0.0ms)[0m  select * from routes where startplace_id = 1133
  [1m[36mCACHE (0.0ms)[0m  [1mselect * from routes where endplace_id = 1133[0m
  [1m[35mCACHE (0.0ms)[0m  SELECT "places".* FROM "places" WHERE "places"."id" = $1 LIMIT 1  [["id", 1133]]
  [1m[36mCACHE (0.0ms)[0m  [1mSELECT "places".* FROM "places" WHERE "places"."id" = $1 LIMIT 1[0m  [["id", 1131]]
  [1m[35mCACHE (0.0ms)[0m  SELECT "places".* FROM "places" WHERE "places"."id" = $1 LIMIT 1  [["id", 207]]
  [1m[36mCACHE (0.0ms)[0m  [1mSELECT "places".* FROM "places" WHERE "places"."id" = 207 LIMIT 1[0m
  [1m[35mCACHE (0.0ms)[0m  select * from routes where startplace_id = 207
  [1m[36mCACHE (0.0ms)[0m  [1mselect * from routes where endplace_id = 207[0m
  [1m[35mCACHE (0.0ms)[0m  SELECT "places".* FROM "places" WHERE "places"."id" = $1 LIMIT 1  [["id", 207]]
  [1m[36mCACHE (0.0ms)[0m  [1mSELECT "places".* FROM "places" WHERE "places"."id" = $1 LIMIT 1[0m  [["id", 650]]
  [1m[35mCACHE (0.0ms)[0m  SELECT "places".* FROM "places" WHERE "places"."id" = $1 LIMIT 1  [["id", 207]]
  [1m[36mCACHE (0.0ms)[0m  [1mSELECT "places".* FROM "places" WHERE "places"."id" = $1 LIMIT 1[0m  [["id", 1133]]
  [1m[35mCACHE (0.0ms)[0m  SELECT "places".* FROM "places" WHERE "places"."id" = $1 LIMIT 1  [["id", 1129]]
  [1m[36mCACHE (0.0ms)[0m  [1mSELECT "places".* FROM "places" WHERE "places"."id" = 1121 LIMIT 1[0m
  [1m[35mCACHE (0.0ms)[0m  select * from routes where startplace_id = 1121
  [1m[36mCACHE (0.0ms)[0m  [1mselect * from routes where endplace_id = 1121[0m
  [1m[35mCACHE (0.0ms)[0m  SELECT "places".* FROM "places" WHERE "places"."id" = $1 LIMIT 1  [["id", 1121]]
  [1m[36mCACHE (0.0ms)[0m  [1mSELECT "places".* FROM "places" WHERE "places"."id" = $1 LIMIT 1[0m  [["id", 1122]]
  [1m[35mCACHE (0.0ms)[0m  SELECT "places".* FROM "places" WHERE "places"."id" = $1 LIMIT 1  [["id", 976]]
  [1m[36mCACHE (0.0ms)[0m  [1mSELECT "places".* FROM "places" WHERE "places"."id" = 207 LIMIT 1[0m
  [1m[35mCACHE (0.0ms)[0m  select * from routes where startplace_id = 207
  [1m[36mCACHE (0.0ms)[0m  [1mselect * from routes where endplace_id = 207[0m
  [1m[35mCACHE (0.0ms)[0m  SELECT "places".* FROM "places" WHERE "places"."id" = $1 LIMIT 1  [["id", 207]]
  [1m[36mCACHE (0.0ms)[0m  [1mSELECT "places".* FROM "places" WHERE "places"."id" = $1 LIMIT 1[0m  [["id", 650]]
  [1m[35mCACHE (0.0ms)[0m  SELECT "places".* FROM "places" WHERE "places"."id" = $1 LIMIT 1  [["id", 207]]
  [1m[36mCACHE (0.0ms)[0m  [1mSELECT "places".* FROM "places" WHERE "places"."id" = $1 LIMIT 1[0m  [["id", 1133]]
  [1m[35mCACHE (0.0ms)[0m  SELECT "places".* FROM "places" WHERE "places"."id" = $1 LIMIT 1  [["id", 1129]]
  [1m[36mCACHE (0.0ms)[0m  [1mSELECT "places".* FROM "places" WHERE "places"."id" = 419 LIMIT 1[0m
  [1m[35mCACHE (0.0ms)[0m  select * from routes where startplace_id = 419
  [1m[36mCACHE (0.0ms)[0m  [1mselect * from routes where endplace_id = 419[0m
  [1m[35mCACHE (0.0ms)[0m  SELECT "places".* FROM "places" WHERE "places"."id" = $1 LIMIT 1  [["id", 419]]
  [1m[36mCACHE (0.0ms)[0m  [1mSELECT "places".* FROM "places" WHERE "places"."id" = $1 LIMIT 1[0m  [["id", 1127]]
  [1m[35mCACHE (0.0ms)[0m  SELECT "places".* FROM "places" WHERE "places"."id" = $1 LIMIT 1  [["id", 1128]]
  [1m[36mCACHE (0.0ms)[0m  [1mSELECT "places".* FROM "places" WHERE "places"."id" = 975 LIMIT 1[0m
  [1m[35mCACHE (0.0ms)[0m  select * from routes where startplace_id = 975
  [1m[36mCACHE (0.0ms)[0m  [1mselect * from routes where endplace_id = 975[0m
  [1m[35mCACHE (0.0ms)[0m  SELECT "places".* FROM "places" WHERE "places"."id" = $1 LIMIT 1  [["id", 975]]
  [1m[36mCACHE (0.0ms)[0m  [1mSELECT "places".* FROM "places" WHERE "places"."id" = $1 LIMIT 1[0m  [["id", 1129]]
  [1m[35mCACHE (0.0ms)[0m  SELECT "places".* FROM "places" WHERE "places"."id" = $1 LIMIT 1  [["id", 975]]
  [1m[36mCACHE (0.0ms)[0m  [1mSELECT "places".* FROM "places" WHERE "places"."id" = $1 LIMIT 1[0m  [["id", 1123]]
  [1m[35mCACHE (0.0ms)[0m  SELECT "places".* FROM "places" WHERE "places"."id" = $1 LIMIT 1  [["id", 1122]]
BNewroutes
58
{:place=>974, :route=>[272, 22, 218, 217, 216], :url=>"xrv214xrv216xrv217xrv218xrv22xrv272"}
{:place=>769, :route=>[-227, 240, 239, 272, 22, 218, 217, 216], :url=>"xrv214xrv216xrv217xrv218xrv22xrv272xrv239xrv240xrv-227"}
{:place=>1125, :route=>[225, 223, 224, 272, 22, 218, 217, 216], :url=>"xrv214xrv216xrv217xrv218xrv22xrv272xrv224xrv223xrv225"}
{:place=>207, :route=>[-235, -237, 224, 272, 22, 218, 217, 216], :url=>"xrv214xrv216xrv217xrv218xrv22xrv272xrv224xrv-237xrv-235"}
{:place=>419, :route=>[229, 228, 240, 239, 272, 22, 218, 217, 216], :url=>"xrv214xrv216xrv217xrv218xrv22xrv272xrv239xrv240xrv228xrv229"}
{:place=>1125, :route=>[-226, -227, 240, 239, 272, 22, 218, 217, 216], :url=>"xrv214xrv216xrv217xrv218xrv22xrv272xrv239xrv240xrv-227xrv-226"}
{:place=>769, :route=>[226, 225, 223, 224, 272, 22, 218, 217, 216], :url=>"xrv214xrv216xrv217xrv218xrv22xrv272xrv224xrv223xrv225xrv226"}
{:place=>650, :route=>[-234, -235, -237, 224, 272, 22, 218, 217, 216], :url=>"xrv214xrv216xrv217xrv218xrv22xrv272xrv224xrv-237xrv-235xrv-234"}
{:place=>1128, :route=>[230, 229, 228, 240, 239, 272, 22, 218, 217, 216], :url=>"xrv214xrv216xrv217xrv218xrv22xrv272xrv239xrv240xrv228xrv229xrv230"}
{:place=>207, :route=>[-235, -238, 222, 223, 224, 272, 22, 218, 217, 216], :url=>"xrv214xrv216xrv217xrv218xrv22xrv272xrv224xrv223xrv222xrv-238xrv-235"}
{:place=>1125, :route=>[225, -222, 238, -237, 224, 272, 22, 218, 217, 216], :url=>"xrv214xrv216xrv217xrv218xrv22xrv272xrv224xrv-237xrv238xrv-222xrv225"}
{:place=>45, :route=>[-233, -234, -235, -237, 224, 272, 22, 218, 217, 216], :url=>"xrv214xrv216xrv217xrv218xrv22xrv272xrv224xrv-237xrv-235xrv-234xrv-233"}
{:place=>976, :route=>[220, 21, 221, 222, 223, 224, 272, 22, 218, 217, 216], :url=>"xrv214xrv216xrv217xrv218xrv22xrv272xrv224xrv223xrv222xrv221xrv21xrv220"}
{:place=>650, :route=>[-234, -235, -238, 222, 223, 224, 272, 22, 218, 217, 216], :url=>"xrv214xrv216xrv217xrv218xrv22xrv272xrv224xrv223xrv222xrv-238xrv-235xrv-234"}
{:place=>976, :route=>[220, 21, 221, 238, -237, 224, 272, 22, 218, 217, 216], :url=>"xrv214xrv216xrv217xrv218xrv22xrv272xrv224xrv-237xrv238xrv221xrv21xrv220"}
{:place=>769, :route=>[226, 225, -222, 238, -237, 224, 272, 22, 218, 217, 216], :url=>"xrv214xrv216xrv217xrv218xrv22xrv272xrv224xrv-237xrv238xrv-222xrv225xrv226"}
{:place=>976, :route=>[-231, -233, -234, -235, -237, 224, 272, 22, 218, 217, 216], :url=>"xrv214xrv216xrv217xrv218xrv22xrv272xrv224xrv-237xrv-235xrv-234xrv-233xrv-231"}
{:place=>1132, :route=>[-241, -242, -243, -235, -237, 224, 272, 22, 218, 217, 216], :url=>"xrv214xrv216xrv217xrv218xrv22xrv272xrv224xrv-237xrv-235xrv-243xrv-242xrv-241"}
{:place=>45, :route=>[231, 220, 21, 221, 222, 223, 224, 272, 22, 218, 217, 216], :url=>"xrv214xrv216xrv217xrv218xrv22xrv272xrv224xrv223xrv222xrv221xrv21xrv220xrv231"}
{:place=>45, :route=>[-233, -234, -235, -238, 222, 223, 224, 272, 22, 218, 217, 216], :url=>"xrv214xrv216xrv217xrv218xrv22xrv272xrv224xrv223xrv222xrv-238xrv-235xrv-234xrv-233"}
{:place=>419, :route=>[229, 228, 227, 226, 225, 223, 224, 272, 22, 218, 217, 216], :url=>"xrv214xrv216xrv217xrv218xrv22xrv272xrv224xrv223xrv225xrv226xrv227xrv228xrv229"}
{:place=>1130, :route=>[-240, 227, 226, 225, 223, 224, 272, 22, 218, 217, 216], :url=>"xrv214xrv216xrv217xrv218xrv22xrv272xrv224xrv223xrv225xrv226xrv227xrv-240"}
{:place=>45, :route=>[231, 220, 21, 221, 238, -237, 224, 272, 22, 218, 217, 216], :url=>"xrv214xrv216xrv217xrv218xrv22xrv272xrv224xrv-237xrv238xrv221xrv21xrv220xrv231"}
{:place=>207, :route=>[-235, -238, 222, -225, -226, -227, 240, 239, 272, 22, 218, 217, 216], :url=>"xrv214xrv216xrv217xrv218xrv22xrv272xrv239xrv240xrv-227xrv-226xrv-225xrv222xrv-238xrv-235"}
{:place=>207, :route=>[-235, -237, -223, -225, -226, -227, 240, 239, 272, 22, 218, 217, 216], :url=>"xrv214xrv216xrv217xrv218xrv22xrv272xrv239xrv240xrv-227xrv-226xrv-225xrv-223xrv-237xrv-235"}
{:place=>650, :route=>[233, 231, 220, 21, 221, 222, 223, 224, 272, 22, 218, 217, 216], :url=>"xrv214xrv216xrv217xrv218xrv22xrv272xrv224xrv223xrv222xrv221xrv21xrv220xrv231xrv233"}
{:place=>976, :route=>[-231, -233, -234, -235, -238, 222, 223, 224, 272, 22, 218, 217, 216], :url=>"xrv214xrv216xrv217xrv218xrv22xrv272xrv224xrv223xrv222xrv-238xrv-235xrv-234xrv-233xrv-231"}
{:place=>1132, :route=>[-241, -242, -243, -235, -238, 222, 223, 224, 272, 22, 218, 217, 216], :url=>"xrv214xrv216xrv217xrv218xrv22xrv272xrv224xrv223xrv222xrv-238xrv-235xrv-243xrv-242xrv-241"}
{:place=>1128, :route=>[230, 229, 228, 227, 226, 225, 223, 224, 272, 22, 218, 217, 216], :url=>"xrv214xrv216xrv217xrv218xrv22xrv272xrv224xrv223xrv225xrv226xrv227xrv228xrv229xrv230"}
{:place=>650, :route=>[233, 231, 220, 21, 221, 238, -237, 224, 272, 22, 218, 217, 216], :url=>"xrv214xrv216xrv217xrv218xrv22xrv272xrv224xrv-237xrv238xrv221xrv21xrv220xrv231xrv233"}
{:place=>976, :route=>[220, 21, 221, 222, -225, -226, -227, 240, 239, 272, 22, 218, 217, 216], :url=>"xrv214xrv216xrv217xrv218xrv22xrv272xrv239xrv240xrv-227xrv-226xrv-225xrv222xrv221xrv21xrv220"}
{:place=>1124, :route=>[237, -238, 222, -225, -226, -227, 240, 239, 272, 22, 218, 217, 216], :url=>"xrv214xrv216xrv217xrv218xrv22xrv272xrv239xrv240xrv-227xrv-226xrv-225xrv222xrv-238xrv237"}
{:place=>650, :route=>[-234, -235, -238, 222, -225, -226, -227, 240, 239, 272, 22, 218, 217, 216], :url=>"xrv214xrv216xrv217xrv218xrv22xrv272xrv239xrv240xrv-227xrv-226xrv-225xrv222xrv-238xrv-235xrv-234"}
{:place=>650, :route=>[-234, -235, -237, -223, -225, -226, -227, 240, 239, 272, 22, 218, 217, 216], :url=>"xrv214xrv216xrv217xrv218xrv22xrv272xrv239xrv240xrv-227xrv-226xrv-225xrv-223xrv-237xrv-235xrv-234"}
{:place=>207, :route=>[234, 233, 231, 220, 21, 221, 222, 223, 224, 272, 22, 218, 217, 216], :url=>"xrv214xrv216xrv217xrv218xrv22xrv272xrv224xrv223xrv222xrv221xrv21xrv220xrv231xrv233xrv234"}
{:place=>207, :route=>[234, 233, 231, 220, 21, 221, 238, -237, 224, 272, 22, 218, 217, 216], :url=>"xrv214xrv216xrv217xrv218xrv22xrv272xrv224xrv-237xrv238xrv221xrv21xrv220xrv231xrv233xrv234"}
{:place=>419, :route=>[229, 228, 227, 226, 225, -222, 238, -237, 224, 272, 22, 218, 217, 216], :url=>"xrv214xrv216xrv217xrv218xrv22xrv272xrv224xrv-237xrv238xrv-222xrv225xrv226xrv227xrv228xrv229"}
{:place=>1130, :route=>[-240, 227, 226, 225, -222, 238, -237, 224, 272, 22, 218, 217, 216], :url=>"xrv214xrv216xrv217xrv218xrv22xrv272xrv224xrv-237xrv238xrv-222xrv225xrv226xrv227xrv-240"}
{:place=>45, :route=>[231, 220, 21, 221, 222, -225, -226, -227, 240, 239, 272, 22, 218, 217, 216], :url=>"xrv214xrv216xrv217xrv218xrv22xrv272xrv239xrv240xrv-227xrv-226xrv-225xrv222xrv221xrv21xrv220xrv231"}
{:place=>45, :route=>[-233, -234, -235, -238, 222, -225, -226, -227, 240, 239, 272, 22, 218, 217, 216], :url=>"xrv214xrv216xrv217xrv218xrv22xrv272xrv239xrv240xrv-227xrv-226xrv-225xrv222xrv-238xrv-235xrv-234xrv-233"}
{:place=>45, :route=>[-233, -234, -235, -237, -223, -225, -226, -227, 240, 239, 272, 22, 218, 217, 216], :url=>"xrv214xrv216xrv217xrv218xrv22xrv272xrv239xrv240xrv-227xrv-226xrv-225xrv-223xrv-237xrv-235xrv-234xrv-233"}
{:place=>1128, :route=>[230, 229, 228, 227, 226, 225, -222, 238, -237, 224, 272, 22, 218, 217, 216], :url=>"xrv214xrv216xrv217xrv218xrv22xrv272xrv224xrv-237xrv238xrv-222xrv225xrv226xrv227xrv228xrv229xrv230"}
  [1m[36mCACHE (0.0ms)[0m  [1mSELECT "places".* FROM "places" WHERE "places"."id" = 974 LIMIT 1[0m
  [1m[35m (1.6ms)[0m  SELECT COUNT(*) FROM "route_indices" WHERE (url = 'xrv214xrv216xrv217xrv218xrv22xrv272')
  [1m[36mPlaceType Load (0.3ms)[0m  [1mselect * from place_types where name='Roadend'[0m
  [1m[35mSQL (0.7ms)[0m  INSERT INTO "route_indices" ("created_at", "endplace_id", "isDest", "startplace_id", "updated_at", "url") VALUES ($1, $2, $3, $4, $5, $6) RETURNING "id"  [["created_at", Mon, 27 Oct 2014 10:08:07 NZDT +13:00], ["endplace_id", 974], ["isDest", true], ["startplace_id", 58], ["updated_at", Mon, 27 Oct 2014 10:08:07 NZDT +13:00], ["url", "xrv214xrv216xrv217xrv218xrv22xrv272"]]
  [1m[36mPlace Load (0.3ms)[0m  [1mSELECT "places".* FROM "places" WHERE "places"."id" = 769 LIMIT 1[0m
  [1m[35m (1.1ms)[0m  SELECT COUNT(*) FROM "route_indices" WHERE (url = 'xrv214xrv216xrv217xrv218xrv22xrv272xrv239xrv240xrv-227')
  [1m[36mPlaceType Load (0.2ms)[0m  [1mselect * from place_types where name='Hut'[0m
  [1m[35mSQL (0.4ms)[0m  INSERT INTO "route_indices" ("created_at", "endplace_id", "isDest", "startplace_id", "updated_at", "url") VALUES ($1, $2, $3, $4, $5, $6) RETURNING "id"  [["created_at", Mon, 27 Oct 2014 10:08:07 NZDT +13:00], ["endplace_id", 769], ["isDest", true], ["startplace_id", 58], ["updated_at", Mon, 27 Oct 2014 10:08:07 NZDT +13:00], ["url", "xrv214xrv216xrv217xrv218xrv22xrv272xrv239xrv240xrv-227"]]
  [1m[36mPlace Load (0.3ms)[0m  [1mSELECT "places".* FROM "places" WHERE "places"."id" = 1125 LIMIT 1[0m
  [1m[35m (1.1ms)[0m  SELECT COUNT(*) FROM "route_indices" WHERE (url = 'xrv214xrv216xrv217xrv218xrv22xrv272xrv224xrv223xrv225')
  [1m[36mPlaceType Load (0.2ms)[0m  [1mselect * from place_types where name='Campsite'[0m
  [1m[35mSQL (0.4ms)[0m  INSERT INTO "route_indices" ("created_at", "endplace_id", "isDest", "startplace_id", "updated_at", "url") VALUES ($1, $2, $3, $4, $5, $6) RETURNING "id"  [["created_at", Mon, 27 Oct 2014 10:08:07 NZDT +13:00], ["endplace_id", 1125], ["isDest", true], ["startplace_id", 58], ["updated_at", Mon, 27 Oct 2014 10:08:07 NZDT +13:00], ["url", "xrv214xrv216xrv217xrv218xrv22xrv272xrv224xrv223xrv225"]]
  [1m[36mPlace Load (0.3ms)[0m  [1mSELECT "places".* FROM "places" WHERE "places"."id" = 207 LIMIT 1[0m
  [1m[35m (1.1ms)[0m  SELECT COUNT(*) FROM "route_indices" WHERE (url = 'xrv214xrv216xrv217xrv218xrv22xrv272xrv224xrv-237xrv-235')
  [1m[36mPlaceType Load (0.2ms)[0m  [1mselect * from place_types where name='Hut'[0m
  [1m[35mSQL (0.4ms)[0m  INSERT INTO "route_indices" ("created_at", "endplace_id", "isDest", "startplace_id", "updated_at", "url") VALUES ($1, $2, $3, $4, $5, $6) RETURNING "id"  [["created_at", Mon, 27 Oct 2014 10:08:07 NZDT +13:00], ["endplace_id", 207], ["isDest", true], ["startplace_id", 58], ["updated_at", Mon, 27 Oct 2014 10:08:07 NZDT +13:00], ["url", "xrv214xrv216xrv217xrv218xrv22xrv272xrv224xrv-237xrv-235"]]
  [1m[36mPlace Load (0.3ms)[0m  [1mSELECT "places".* FROM "places" WHERE "places"."id" = 419 LIMIT 1[0m
  [1m[35m (1.0ms)[0m  SELECT COUNT(*) FROM "route_indices" WHERE (url = 'xrv214xrv216xrv217xrv218xrv22xrv272xrv239xrv240xrv228xrv229')
  [1m[36mPlaceType Load (0.2ms)[0m  [1mselect * from place_types where name='Hut'[0m
  [1m[35mSQL (0.4ms)[0m  INSERT INTO "route_indices" ("created_at", "endplace_id", "isDest", "startplace_id", "updated_at", "url") VALUES ($1, $2, $3, $4, $5, $6) RETURNING "id"  [["created_at", Mon, 27 Oct 2014 10:08:07 NZDT +13:00], ["endplace_id", 419], ["isDest", true], ["startplace_id", 58], ["updated_at", Mon, 27 Oct 2014 10:08:07 NZDT +13:00], ["url", "xrv214xrv216xrv217xrv218xrv22xrv272xrv239xrv240xrv228xrv229"]]
  [1m[36mPlace Load (0.3ms)[0m  [1mSELECT "places".* FROM "places" WHERE "places"."id" = 1125 LIMIT 1[0m
  [1m[35m (1.0ms)[0m  SELECT COUNT(*) FROM "route_indices" WHERE (url = 'xrv214xrv216xrv217xrv218xrv22xrv272xrv239xrv240xrv-227xrv-226')
  [1m[36mPlaceType Load (0.2ms)[0m  [1mselect * from place_types where name='Campsite'[0m
  [1m[35mSQL (0.4ms)[0m  INSERT INTO "route_indices" ("created_at", "endplace_id", "isDest", "startplace_id", "updated_at", "url") VALUES ($1, $2, $3, $4, $5, $6) RETURNING "id"  [["created_at", Mon, 27 Oct 2014 10:08:07 NZDT +13:00], ["endplace_id", 1125], ["isDest", true], ["startplace_id", 58], ["updated_at", Mon, 27 Oct 2014 10:08:07 NZDT +13:00], ["url", "xrv214xrv216xrv217xrv218xrv22xrv272xrv239xrv240xrv-227xrv-226"]]
  [1m[36mPlace Load (0.3ms)[0m  [1mSELECT "places".* FROM "places" WHERE "places"."id" = 769 LIMIT 1[0m
  [1m[35m (1.1ms)[0m  SELECT COUNT(*) FROM "route_indices" WHERE (url = 'xrv214xrv216xrv217xrv218xrv22xrv272xrv224xrv223xrv225xrv226')
  [1m[36mPlaceType Load (39.7ms)[0m  [1mselect * from place_types where name='Hut'[0m
  [1m[35mSQL (0.7ms)[0m  INSERT INTO "route_indices" ("created_at", "endplace_id", "isDest", "startplace_id", "updated_at", "url") VALUES ($1, $2, $3, $4, $5, $6) RETURNING "id"  [["created_at", Mon, 27 Oct 2014 10:08:07 NZDT +13:00], ["endplace_id", 769], ["isDest", true], ["startplace_id", 58], ["updated_at", Mon, 27 Oct 2014 10:08:07 NZDT +13:00], ["url", "xrv214xrv216xrv217xrv218xrv22xrv272xrv224xrv223xrv225xrv226"]]
  [1m[36mPlace Load (0.4ms)[0m  [1mSELECT "places".* FROM "places" WHERE "places"."id" = 650 LIMIT 1[0m
  [1m[35m (1.3ms)[0m  SELECT COUNT(*) FROM "route_indices" WHERE (url = 'xrv214xrv216xrv217xrv218xrv22xrv272xrv224xrv-237xrv-235xrv-234')
  [1m[36mPlaceType Load (0.2ms)[0m  [1mselect * from place_types where name='Hut'[0m
  [1m[35mSQL (0.5ms)[0m  INSERT INTO "route_indices" ("created_at", "endplace_id", "isDest", "startplace_id", "updated_at", "url") VALUES ($1, $2, $3, $4, $5, $6) RETURNING "id"  [["created_at", Mon, 27 Oct 2014 10:08:07 NZDT +13:00], ["endplace_id", 650], ["isDest", true], ["startplace_id", 58], ["updated_at", Mon, 27 Oct 2014 10:08:07 NZDT +13:00], ["url", "xrv214xrv216xrv217xrv218xrv22xrv272xrv224xrv-237xrv-235xrv-234"]]
  [1m[36mPlace Load (0.3ms)[0m  [1mSELECT "places".* FROM "places" WHERE "places"."id" = 1128 LIMIT 1[0m
  [1m[35m (1.1ms)[0m  SELECT COUNT(*) FROM "route_indices" WHERE (url = 'xrv214xrv216xrv217xrv218xrv22xrv272xrv239xrv240xrv228xrv229xrv230')
  [1m[36mPlaceType Load (0.2ms)[0m  [1mselect * from place_types where name='Roadend'[0m
  [1m[35mSQL (0.5ms)[0m  INSERT INTO "route_indices" ("created_at", "endplace_id", "isDest", "startplace_id", "updated_at", "url") VALUES ($1, $2, $3, $4, $5, $6) RETURNING "id"  [["created_at", Mon, 27 Oct 2014 10:08:07 NZDT +13:00], ["endplace_id", 1128], ["isDest", true], ["startplace_id", 58], ["updated_at", Mon, 27 Oct 2014 10:08:07 NZDT +13:00], ["url", "xrv214xrv216xrv217xrv218xrv22xrv272xrv239xrv240xrv228xrv229xrv230"]]
  [1m[36mPlace Load (0.3ms)[0m  [1mSELECT "places".* FROM "places" WHERE "places"."id" = 207 LIMIT 1[0m
  [1m[35m (1.1ms)[0m  SELECT COUNT(*) FROM "route_indices" WHERE (url = 'xrv214xrv216xrv217xrv218xrv22xrv272xrv224xrv223xrv222xrv-238xrv-235')
  [1m[36mPlaceType Load (0.2ms)[0m  [1mselect * from place_types where name='Hut'[0m
  [1m[35mSQL (0.5ms)[0m  INSERT INTO "route_indices" ("created_at", "endplace_id", "isDest", "startplace_id", "updated_at", "url") VALUES ($1, $2, $3, $4, $5, $6) RETURNING "id"  [["created_at", Mon, 27 Oct 2014 10:08:07 NZDT +13:00], ["endplace_id", 207], ["isDest", true], ["startplace_id", 58], ["updated_at", Mon, 27 Oct 2014 10:08:07 NZDT +13:00], ["url", "xrv214xrv216xrv217xrv218xrv22xrv272xrv224xrv223xrv222xrv-238xrv-235"]]
  [1m[36mPlace Load (0.3ms)[0m  [1mSELECT "places".* FROM "places" WHERE "places"."id" = 1125 LIMIT 1[0m
  [1m[35m (1.1ms)[0m  SELECT COUNT(*) FROM "route_indices" WHERE (url = 'xrv214xrv216xrv217xrv218xrv22xrv272xrv224xrv-237xrv238xrv-222xrv225')
  [1m[36mPlaceType Load (0.2ms)[0m  [1mselect * from place_types where name='Campsite'[0m
  [1m[35mSQL (0.4ms)[0m  INSERT INTO "route_indices" ("created_at", "endplace_id", "isDest", "startplace_id", "updated_at", "url") VALUES ($1, $2, $3, $4, $5, $6) RETURNING "id"  [["created_at", Mon, 27 Oct 2014 10:08:07 NZDT +13:00], ["endplace_id", 1125], ["isDest", true], ["startplace_id", 58], ["updated_at", Mon, 27 Oct 2014 10:08:07 NZDT +13:00], ["url", "xrv214xrv216xrv217xrv218xrv22xrv272xrv224xrv-237xrv238xrv-222xrv225"]]
  [1m[36mPlace Load (0.3ms)[0m  [1mSELECT "places".* FROM "places" WHERE "places"."id" = 45 LIMIT 1[0m
  [1m[35m (1.1ms)[0m  SELECT COUNT(*) FROM "route_indices" WHERE (url = 'xrv214xrv216xrv217xrv218xrv22xrv272xrv224xrv-237xrv-235xrv-234xrv-233')
  [1m[36mPlaceType Load (0.2ms)[0m  [1mselect * from place_types where name='Hut'[0m
  [1m[35mSQL (0.4ms)[0m  INSERT INTO "route_indices" ("created_at", "endplace_id", "isDest", "startplace_id", "updated_at", "url") VALUES ($1, $2, $3, $4, $5, $6) RETURNING "id"  [["created_at", Mon, 27 Oct 2014 10:08:07 NZDT +13:00], ["endplace_id", 45], ["isDest", true], ["startplace_id", 58], ["updated_at", Mon, 27 Oct 2014 10:08:07 NZDT +13:00], ["url", "xrv214xrv216xrv217xrv218xrv22xrv272xrv224xrv-237xrv-235xrv-234xrv-233"]]
  [1m[36mPlace Load (0.3ms)[0m  [1mSELECT "places".* FROM "places" WHERE "places"."id" = 976 LIMIT 1[0m
  [1m[35m (1.0ms)[0m  SELECT COUNT(*) FROM "route_indices" WHERE (url = 'xrv214xrv216xrv217xrv218xrv22xrv272xrv224xrv223xrv222xrv221xrv21xrv220')
  [1m[36mPlaceType Load (0.2ms)[0m  [1mselect * from place_types where name='Summit'[0m
  [1m[35mSQL (0.7ms)[0m  INSERT INTO "route_indices" ("created_at", "endplace_id", "isDest", "startplace_id", "updated_at", "url") VALUES ($1, $2, $3, $4, $5, $6) RETURNING "id"  [["created_at", Mon, 27 Oct 2014 10:08:07 NZDT +13:00], ["endplace_id", 976], ["isDest", true], ["startplace_id", 58], ["updated_at", Mon, 27 Oct 2014 10:08:07 NZDT +13:00], ["url", "xrv214xrv216xrv217xrv218xrv22xrv272xrv224xrv223xrv222xrv221xrv21xrv220"]]
  [1m[36mPlace Load (0.3ms)[0m  [1mSELECT "places".* FROM "places" WHERE "places"."id" = 650 LIMIT 1[0m
  [1m[35m (1.1ms)[0m  SELECT COUNT(*) FROM "route_indices" WHERE (url = 'xrv214xrv216xrv217xrv218xrv22xrv272xrv224xrv223xrv222xrv-238xrv-235xrv-234')
  [1m[36mPlaceType Load (0.2ms)[0m  [1mselect * from place_types where name='Hut'[0m
  [1m[35mSQL (0.4ms)[0m  INSERT INTO "route_indices" ("created_at", "endplace_id", "isDest", "startplace_id", "updated_at", "url") VALUES ($1, $2, $3, $4, $5, $6) RETURNING "id"  [["created_at", Mon, 27 Oct 2014 10:08:07 NZDT +13:00], ["endplace_id", 650], ["isDest", true], ["startplace_id", 58], ["updated_at", Mon, 27 Oct 2014 10:08:07 NZDT +13:00], ["url", "xrv214xrv216xrv217xrv218xrv22xrv272xrv224xrv223xrv222xrv-238xrv-235xrv-234"]]
  [1m[36mPlace Load (0.3ms)[0m  [1mSELECT "places".* FROM "places" WHERE "places"."id" = 976 LIMIT 1[0m
  [1m[35m (1.1ms)[0m  SELECT COUNT(*) FROM "route_indices" WHERE (url = 'xrv214xrv216xrv217xrv218xrv22xrv272xrv224xrv-237xrv238xrv221xrv21xrv220')
  [1m[36mPlaceType Load (0.2ms)[0m  [1mselect * from place_types where name='Summit'[0m
  [1m[35mSQL (0.4ms)[0m  INSERT INTO "route_indices" ("created_at", "endplace_id", "isDest", "startplace_id", "updated_at", "url") VALUES ($1, $2, $3, $4, $5, $6) RETURNING "id"  [["created_at", Mon, 27 Oct 2014 10:08:07 NZDT +13:00], ["endplace_id", 976], ["isDest", true], ["startplace_id", 58], ["updated_at", Mon, 27 Oct 2014 10:08:07 NZDT +13:00], ["url", "xrv214xrv216xrv217xrv218xrv22xrv272xrv224xrv-237xrv238xrv221xrv21xrv220"]]
  [1m[36mPlace Load (0.3ms)[0m  [1mSELECT "places".* FROM "places" WHERE "places"."id" = 769 LIMIT 1[0m
  [1m[35m (1.1ms)[0m  SELECT COUNT(*) FROM "route_indices" WHERE (url = 'xrv214xrv216xrv217xrv218xrv22xrv272xrv224xrv-237xrv238xrv-222xrv225xrv226')
  [1m[36mPlaceType Load (0.3ms)[0m  [1mselect * from place_types where name='Hut'[0m
  [1m[35mSQL (0.4ms)[0m  INSERT INTO "route_indices" ("created_at", "endplace_id", "isDest", "startplace_id", "updated_at", "url") VALUES ($1, $2, $3, $4, $5, $6) RETURNING "id"  [["created_at", Mon, 27 Oct 2014 10:08:07 NZDT +13:00], ["endplace_id", 769], ["isDest", true], ["startplace_id", 58], ["updated_at", Mon, 27 Oct 2014 10:08:07 NZDT +13:00], ["url", "xrv214xrv216xrv217xrv218xrv22xrv272xrv224xrv-237xrv238xrv-222xrv225xrv226"]]
  [1m[36mPlace Load (0.3ms)[0m  [1mSELECT "places".* FROM "places" WHERE "places"."id" = 976 LIMIT 1[0m
  [1m[35m (1.1ms)[0m  SELECT COUNT(*) FROM "route_indices" WHERE (url = 'xrv214xrv216xrv217xrv218xrv22xrv272xrv224xrv-237xrv-235xrv-234xrv-233xrv-231')
  [1m[36mPlaceType Load (0.2ms)[0m  [1mselect * from place_types where name='Summit'[0m
  [1m[35mSQL (0.4ms)[0m  INSERT INTO "route_indices" ("created_at", "endplace_id", "isDest", "startplace_id", "updated_at", "url") VALUES ($1, $2, $3, $4, $5, $6) RETURNING "id"  [["created_at", Mon, 27 Oct 2014 10:08:07 NZDT +13:00], ["endplace_id", 976], ["isDest", true], ["startplace_id", 58], ["updated_at", Mon, 27 Oct 2014 10:08:07 NZDT +13:00], ["url", "xrv214xrv216xrv217xrv218xrv22xrv272xrv224xrv-237xrv-235xrv-234xrv-233xrv-231"]]
  [1m[36mPlace Load (0.3ms)[0m  [1mSELECT "places".* FROM "places" WHERE "places"."id" = 1132 LIMIT 1[0m
  [1m[35m (1.0ms)[0m  SELECT COUNT(*) FROM "route_indices" WHERE (url = 'xrv214xrv216xrv217xrv218xrv22xrv272xrv224xrv-237xrv-235xrv-243xrv-242xrv-241')
  [1m[36mPlaceType Load (0.2ms)[0m  [1mselect * from place_types where name='Campsite'[0m
  [1m[35mSQL (0.4ms)[0m  INSERT INTO "route_indices" ("created_at", "endplace_id", "isDest", "startplace_id", "updated_at", "url") VALUES ($1, $2, $3, $4, $5, $6) RETURNING "id"  [["created_at", Mon, 27 Oct 2014 10:08:07 NZDT +13:00], ["endplace_id", 1132], ["isDest", true], ["startplace_id", 58], ["updated_at", Mon, 27 Oct 2014 10:08:07 NZDT +13:00], ["url", "xrv214xrv216xrv217xrv218xrv22xrv272xrv224xrv-237xrv-235xrv-243xrv-242xrv-241"]]
  [1m[36mPlace Load (0.3ms)[0m  [1mSELECT "places".* FROM "places" WHERE "places"."id" = 45 LIMIT 1[0m
  [1m[35m (1.1ms)[0m  SELECT COUNT(*) FROM "route_indices" WHERE (url = 'xrv214xrv216xrv217xrv218xrv22xrv272xrv224xrv223xrv222xrv221xrv21xrv220xrv231')
  [1m[36mPlaceType Load (0.2ms)[0m  [1mselect * from place_types where name='Hut'[0m
  [1m[35mSQL (0.4ms)[0m  INSERT INTO "route_indices" ("created_at", "endplace_id", "isDest", "startplace_id", "updated_at", "url") VALUES ($1, $2, $3, $4, $5, $6) RETURNING "id"  [["created_at", Mon, 27 Oct 2014 10:08:07 NZDT +13:00], ["endplace_id", 45], ["isDest", true], ["startplace_id", 58], ["updated_at", Mon, 27 Oct 2014 10:08:07 NZDT +13:00], ["url", "xrv214xrv216xrv217xrv218xrv22xrv272xrv224xrv223xrv222xrv221xrv21xrv220xrv231"]]
  [1m[36mPlace Load (0.3ms)[0m  [1mSELECT "places".* FROM "places" WHERE "places"."id" = 45 LIMIT 1[0m
  [1m[35m (1.1ms)[0m  SELECT COUNT(*) FROM "route_indices" WHERE (url = 'xrv214xrv216xrv217xrv218xrv22xrv272xrv224xrv223xrv222xrv-238xrv-235xrv-234xrv-233')
  [1m[36mPlaceType Load (0.2ms)[0m  [1mselect * from place_types where name='Hut'[0m
  [1m[35mSQL (0.4ms)[0m  INSERT INTO "route_indices" ("created_at", "endplace_id", "isDest", "startplace_id", "updated_at", "url") VALUES ($1, $2, $3, $4, $5, $6) RETURNING "id"  [["created_at", Mon, 27 Oct 2014 10:08:07 NZDT +13:00], ["endplace_id", 45], ["isDest", true], ["startplace_id", 58], ["updated_at", Mon, 27 Oct 2014 10:08:07 NZDT +13:00], ["url", "xrv214xrv216xrv217xrv218xrv22xrv272xrv224xrv223xrv222xrv-238xrv-235xrv-234xrv-233"]]
  [1m[36mPlace Load (0.3ms)[0m  [1mSELECT "places".* FROM "places" WHERE "places"."id" = 419 LIMIT 1[0m
  [1m[35m (1.1ms)[0m  SELECT COUNT(*) FROM "route_indices" WHERE (url = 'xrv214xrv216xrv217xrv218xrv22xrv272xrv224xrv223xrv225xrv226xrv227xrv228xrv229')
  [1m[36mPlaceType Load (0.2ms)[0m  [1mselect * from place_types where name='Hut'[0m
  [1m[35mSQL (0.4ms)[0m  INSERT INTO "route_indices" ("created_at", "endplace_id", "isDest", "startplace_id", "updated_at", "url") VALUES ($1, $2, $3, $4, $5, $6) RETURNING "id"  [["created_at", Mon, 27 Oct 2014 10:08:07 NZDT +13:00], ["endplace_id", 419], ["isDest", true], ["startplace_id", 58], ["updated_at", Mon, 27 Oct 2014 10:08:07 NZDT +13:00], ["url", "xrv214xrv216xrv217xrv218xrv22xrv272xrv224xrv223xrv225xrv226xrv227xrv228xrv229"]]
  [1m[36mPlace Load (0.3ms)[0m  [1mSELECT "places".* FROM "places" WHERE "places"."id" = 1130 LIMIT 1[0m
  [1m[35m (1.0ms)[0m  SELECT COUNT(*) FROM "route_indices" WHERE (url = 'xrv214xrv216xrv217xrv218xrv22xrv272xrv224xrv223xrv225xrv226xrv227xrv-240')
  [1m[36mPlaceType Load (0.2ms)[0m  [1mselect * from place_types where name='Junction'[0m
  [1m[35mSQL (0.4ms)[0m  INSERT INTO "route_indices" ("created_at", "endplace_id", "isDest", "startplace_id", "updated_at", "url") VALUES ($1, $2, $3, $4, $5, $6) RETURNING "id"  [["created_at", Mon, 27 Oct 2014 10:08:07 NZDT +13:00], ["endplace_id", 1130], ["isDest", false], ["startplace_id", 58], ["updated_at", Mon, 27 Oct 2014 10:08:07 NZDT +13:00], ["url", "xrv214xrv216xrv217xrv218xrv22xrv272xrv224xrv223xrv225xrv226xrv227xrv-240"]]
  [1m[36mPlace Load (0.3ms)[0m  [1mSELECT "places".* FROM "places" WHERE "places"."id" = 45 LIMIT 1[0m
  [1m[35m (1.1ms)[0m  SELECT COUNT(*) FROM "route_indices" WHERE (url = 'xrv214xrv216xrv217xrv218xrv22xrv272xrv224xrv-237xrv238xrv221xrv21xrv220xrv231')
  [1m[36mPlaceType Load (0.2ms)[0m  [1mselect * from place_types where name='Hut'[0m
  [1m[35mSQL (0.4ms)[0m  INSERT INTO "route_indices" ("created_at", "endplace_id", "isDest", "startplace_id", "updated_at", "url") VALUES ($1, $2, $3, $4, $5, $6) RETURNING "id"  [["created_at", Mon, 27 Oct 2014 10:08:07 NZDT +13:00], ["endplace_id", 45], ["isDest", true], ["startplace_id", 58], ["updated_at", Mon, 27 Oct 2014 10:08:07 NZDT +13:00], ["url", "xrv214xrv216xrv217xrv218xrv22xrv272xrv224xrv-237xrv238xrv221xrv21xrv220xrv231"]]
  [1m[36mPlace Load (0.3ms)[0m  [1mSELECT "places".* FROM "places" WHERE "places"."id" = 207 LIMIT 1[0m
  [1m[35m (1.1ms)[0m  SELECT COUNT(*) FROM "route_indices" WHERE (url = 'xrv214xrv216xrv217xrv218xrv22xrv272xrv239xrv240xrv-227xrv-226xrv-225xrv222xrv-238xrv-235')
  [1m[36mPlaceType Load (0.2ms)[0m  [1mselect * from place_types where name='Hut'[0m
  [1m[35mSQL (0.4ms)[0m  INSERT INTO "route_indices" ("created_at", "endplace_id", "isDest", "startplace_id", "updated_at", "url") VALUES ($1, $2, $3, $4, $5, $6) RETURNING "id"  [["created_at", Mon, 27 Oct 2014 10:08:07 NZDT +13:00], ["endplace_id", 207], ["isDest", true], ["startplace_id", 58], ["updated_at", Mon, 27 Oct 2014 10:08:07 NZDT +13:00], ["url", "xrv214xrv216xrv217xrv218xrv22xrv272xrv239xrv240xrv-227xrv-226xrv-225xrv222xrv-238xrv-235"]]
  [1m[36mPlace Load (0.3ms)[0m  [1mSELECT "places".* FROM "places" WHERE "places"."id" = 207 LIMIT 1[0m
  [1m[35m (1.1ms)[0m  SELECT COUNT(*) FROM "route_indices" WHERE (url = 'xrv214xrv216xrv217xrv218xrv22xrv272xrv239xrv240xrv-227xrv-226xrv-225xrv-223xrv-237xrv-235')
  [1m[36mPlaceType Load (0.2ms)[0m  [1mselect * from place_types where name='Hut'[0m
  [1m[35mSQL (0.5ms)[0m  INSERT INTO "route_indices" ("created_at", "endplace_id", "isDest", "startplace_id", "updated_at", "url") VALUES ($1, $2, $3, $4, $5, $6) RETURNING "id"  [["created_at", Mon, 27 Oct 2014 10:08:07 NZDT +13:00], ["endplace_id", 207], ["isDest", true], ["startplace_id", 58], ["updated_at", Mon, 27 Oct 2014 10:08:07 NZDT +13:00], ["url", "xrv214xrv216xrv217xrv218xrv22xrv272xrv239xrv240xrv-227xrv-226xrv-225xrv-223xrv-237xrv-235"]]
  [1m[36mPlace Load (0.3ms)[0m  [1mSELECT "places".* FROM "places" WHERE "places"."id" = 650 LIMIT 1[0m
  [1m[35m (1.0ms)[0m  SELECT COUNT(*) FROM "route_indices" WHERE (url = 'xrv214xrv216xrv217xrv218xrv22xrv272xrv224xrv223xrv222xrv221xrv21xrv220xrv231xrv233')
  [1m[36mPlaceType Load (0.2ms)[0m  [1mselect * from place_types where name='Hut'[0m
  [1m[35mSQL (0.4ms)[0m  INSERT INTO "route_indices" ("created_at", "endplace_id", "isDest", "startplace_id", "updated_at", "url") VALUES ($1, $2, $3, $4, $5, $6) RETURNING "id"  [["created_at", Mon, 27 Oct 2014 10:08:07 NZDT +13:00], ["endplace_id", 650], ["isDest", true], ["startplace_id", 58], ["updated_at", Mon, 27 Oct 2014 10:08:07 NZDT +13:00], ["url", "xrv214xrv216xrv217xrv218xrv22xrv272xrv224xrv223xrv222xrv221xrv21xrv220xrv231xrv233"]]
  [1m[36mPlace Load (0.3ms)[0m  [1mSELECT "places".* FROM "places" WHERE "places"."id" = 976 LIMIT 1[0m
  [1m[35m (1.0ms)[0m  SELECT COUNT(*) FROM "route_indices" WHERE (url = 'xrv214xrv216xrv217xrv218xrv22xrv272xrv224xrv223xrv222xrv-238xrv-235xrv-234xrv-233xrv-231')
  [1m[36mPlaceType Load (0.2ms)[0m  [1mselect * from place_types where name='Summit'[0m
  [1m[35mSQL (0.4ms)[0m  INSERT INTO "route_indices" ("created_at", "endplace_id", "isDest", "startplace_id", "updated_at", "url") VALUES ($1, $2, $3, $4, $5, $6) RETURNING "id"  [["created_at", Mon, 27 Oct 2014 10:08:07 NZDT +13:00], ["endplace_id", 976], ["isDest", true], ["startplace_id", 58], ["updated_at", Mon, 27 Oct 2014 10:08:07 NZDT +13:00], ["url", "xrv214xrv216xrv217xrv218xrv22xrv272xrv224xrv223xrv222xrv-238xrv-235xrv-234xrv-233xrv-231"]]
  [1m[36mPlace Load (0.3ms)[0m  [1mSELECT "places".* FROM "places" WHERE "places"."id" = 1132 LIMIT 1[0m
  [1m[35m (1.1ms)[0m  SELECT COUNT(*) FROM "route_indices" WHERE (url = 'xrv214xrv216xrv217xrv218xrv22xrv272xrv224xrv223xrv222xrv-238xrv-235xrv-243xrv-242xrv-241')
  [1m[36mPlaceType Load (0.2ms)[0m  [1mselect * from place_types where name='Campsite'[0m
  [1m[35mSQL (0.4ms)[0m  INSERT INTO "route_indices" ("created_at", "endplace_id", "isDest", "startplace_id", "updated_at", "url") VALUES ($1, $2, $3, $4, $5, $6) RETURNING "id"  [["created_at", Mon, 27 Oct 2014 10:08:07 NZDT +13:00], ["endplace_id", 1132], ["isDest", true], ["startplace_id", 58], ["updated_at", Mon, 27 Oct 2014 10:08:07 NZDT +13:00], ["url", "xrv214xrv216xrv217xrv218xrv22xrv272xrv224xrv223xrv222xrv-238xrv-235xrv-243xrv-242xrv-241"]]
  [1m[36mPlace Load (0.3ms)[0m  [1mSELECT "places".* FROM "places" WHERE "places"."id" = 1128 LIMIT 1[0m
  [1m[35m (1.0ms)[0m  SELECT COUNT(*) FROM "route_indices" WHERE (url = 'xrv214xrv216xrv217xrv218xrv22xrv272xrv224xrv223xrv225xrv226xrv227xrv228xrv229xrv230')
  [1m[36mPlaceType Load (0.2ms)[0m  [1mselect * from place_types where name='Roadend'[0m
  [1m[35mSQL (0.4ms)[0m  INSERT INTO "route_indices" ("created_at", "endplace_id", "isDest", "startplace_id", "updated_at", "url") VALUES ($1, $2, $3, $4, $5, $6) RETURNING "id"  [["created_at", Mon, 27 Oct 2014 10:08:07 NZDT +13:00], ["endplace_id", 1128], ["isDest", true], ["startplace_id", 58], ["updated_at", Mon, 27 Oct 2014 10:08:07 NZDT +13:00], ["url", "xrv214xrv216xrv217xrv218xrv22xrv272xrv224xrv223xrv225xrv226xrv227xrv228xrv229xrv230"]]
  [1m[36mPlace Load (0.3ms)[0m  [1mSELECT "places".* FROM "places" WHERE "places"."id" = 650 LIMIT 1[0m
  [1m[35m (1.1ms)[0m  SELECT COUNT(*) FROM "route_indices" WHERE (url = 'xrv214xrv216xrv217xrv218xrv22xrv272xrv224xrv-237xrv238xrv221xrv21xrv220xrv231xrv233')
  [1m[36mPlaceType Load (0.2ms)[0m  [1mselect * from place_types where name='Hut'[0m
  [1m[35mSQL (0.4ms)[0m  INSERT INTO "route_indices" ("created_at", "endplace_id", "isDest", "startplace_id", "updated_at", "url") VALUES ($1, $2, $3, $4, $5, $6) RETURNING "id"  [["created_at", Mon, 27 Oct 2014 10:08:07 NZDT +13:00], ["endplace_id", 650], ["isDest", true], ["startplace_id", 58], ["updated_at", Mon, 27 Oct 2014 10:08:07 NZDT +13:00], ["url", "xrv214xrv216xrv217xrv218xrv22xrv272xrv224xrv-237xrv238xrv221xrv21xrv220xrv231xrv233"]]
  [1m[36mPlace Load (0.2ms)[0m  [1mSELECT "places".* FROM "places" WHERE "places"."id" = 976 LIMIT 1[0m
  [1m[35m (1.0ms)[0m  SELECT COUNT(*) FROM "route_indices" WHERE (url = 'xrv214xrv216xrv217xrv218xrv22xrv272xrv239xrv240xrv-227xrv-226xrv-225xrv222xrv221xrv21xrv220')
  [1m[36mPlaceType Load (0.2ms)[0m  [1mselect * from place_types where name='Summit'[0m
  [1m[35mSQL (0.4ms)[0m  INSERT INTO "route_indices" ("created_at", "endplace_id", "isDest", "startplace_id", "updated_at", "url") VALUES ($1, $2, $3, $4, $5, $6) RETURNING "id"  [["created_at", Mon, 27 Oct 2014 10:08:07 NZDT +13:00], ["endplace_id", 976], ["isDest", true], ["startplace_id", 58], ["updated_at", Mon, 27 Oct 2014 10:08:07 NZDT +13:00], ["url", "xrv214xrv216xrv217xrv218xrv22xrv272xrv239xrv240xrv-227xrv-226xrv-225xrv222xrv221xrv21xrv220"]]
  [1m[36mPlace Load (0.3ms)[0m  [1mSELECT "places".* FROM "places" WHERE "places"."id" = 1124 LIMIT 1[0m
  [1m[35m (1.1ms)[0m  SELECT COUNT(*) FROM "route_indices" WHERE (url = 'xrv214xrv216xrv217xrv218xrv22xrv272xrv239xrv240xrv-227xrv-226xrv-225xrv222xrv-238xrv237')
  [1m[36mPlaceType Load (0.2ms)[0m  [1mselect * from place_types where name='Junction'[0m
  [1m[35mSQL (0.4ms)[0m  INSERT INTO "route_indices" ("created_at", "endplace_id", "isDest", "startplace_id", "updated_at", "url") VALUES ($1, $2, $3, $4, $5, $6) RETURNING "id"  [["created_at", Mon, 27 Oct 2014 10:08:07 NZDT +13:00], ["endplace_id", 1124], ["isDest", false], ["startplace_id", 58], ["updated_at", Mon, 27 Oct 2014 10:08:07 NZDT +13:00], ["url", "xrv214xrv216xrv217xrv218xrv22xrv272xrv239xrv240xrv-227xrv-226xrv-225xrv222xrv-238xrv237"]]
  [1m[36mPlace Load (0.3ms)[0m  [1mSELECT "places".* FROM "places" WHERE "places"."id" = 650 LIMIT 1[0m
  [1m[35m (1.1ms)[0m  SELECT COUNT(*) FROM "route_indices" WHERE (url = 'xrv214xrv216xrv217xrv218xrv22xrv272xrv239xrv240xrv-227xrv-226xrv-225xrv222xrv-238xrv-235xrv-234')
  [1m[36mPlaceType Load (0.2ms)[0m  [1mselect * from place_types where name='Hut'[0m
  [1m[35mSQL (0.4ms)[0m  INSERT INTO "route_indices" ("created_at", "endplace_id", "isDest", "startplace_id", "updated_at", "url") VALUES ($1, $2, $3, $4, $5, $6) RETURNING "id"  [["created_at", Mon, 27 Oct 2014 10:08:07 NZDT +13:00], ["endplace_id", 650], ["isDest", true], ["startplace_id", 58], ["updated_at", Mon, 27 Oct 2014 10:08:07 NZDT +13:00], ["url", "xrv214xrv216xrv217xrv218xrv22xrv272xrv239xrv240xrv-227xrv-226xrv-225xrv222xrv-238xrv-235xrv-234"]]
  [1m[36mPlace Load (0.3ms)[0m  [1mSELECT "places".* FROM "places" WHERE "places"."id" = 650 LIMIT 1[0m
  [1m[35m (1.0ms)[0m  SELECT COUNT(*) FROM "route_indices" WHERE (url = 'xrv214xrv216xrv217xrv218xrv22xrv272xrv239xrv240xrv-227xrv-226xrv-225xrv-223xrv-237xrv-235xrv-234')
  [1m[36mPlaceType Load (0.2ms)[0m  [1mselect * from place_types where name='Hut'[0m
  [1m[35mSQL (0.4ms)[0m  INSERT INTO "route_indices" ("created_at", "endplace_id", "isDest", "startplace_id", "updated_at", "url") VALUES ($1, $2, $3, $4, $5, $6) RETURNING "id"  [["created_at", Mon, 27 Oct 2014 10:08:07 NZDT +13:00], ["endplace_id", 650], ["isDest", true], ["startplace_id", 58], ["updated_at", Mon, 27 Oct 2014 10:08:07 NZDT +13:00], ["url", "xrv214xrv216xrv217xrv218xrv22xrv272xrv239xrv240xrv-227xrv-226xrv-225xrv-223xrv-237xrv-235xrv-234"]]
  [1m[36mPlace Load (0.2ms)[0m  [1mSELECT "places".* FROM "places" WHERE "places"."id" = 207 LIMIT 1[0m
  [1m[35m (1.0ms)[0m  SELECT COUNT(*) FROM "route_indices" WHERE (url = 'xrv214xrv216xrv217xrv218xrv22xrv272xrv224xrv223xrv222xrv221xrv21xrv220xrv231xrv233xrv234')
  [1m[36mPlaceType Load (0.2ms)[0m  [1mselect * from place_types where name='Hut'[0m
  [1m[35mSQL (0.3ms)[0m  INSERT INTO "route_indices" ("created_at", "endplace_id", "isDest", "startplace_id", "updated_at", "url") VALUES ($1, $2, $3, $4, $5, $6) RETURNING "id"  [["created_at", Mon, 27 Oct 2014 10:08:07 NZDT +13:00], ["endplace_id", 207], ["isDest", true], ["startplace_id", 58], ["updated_at", Mon, 27 Oct 2014 10:08:07 NZDT +13:00], ["url", "xrv214xrv216xrv217xrv218xrv22xrv272xrv224xrv223xrv222xrv221xrv21xrv220xrv231xrv233xrv234"]]
  [1m[36mPlace Load (0.2ms)[0m  [1mSELECT "places".* FROM "places" WHERE "places"."id" = 207 LIMIT 1[0m
  [1m[35m (1.0ms)[0m  SELECT COUNT(*) FROM "route_indices" WHERE (url = 'xrv214xrv216xrv217xrv218xrv22xrv272xrv224xrv-237xrv238xrv221xrv21xrv220xrv231xrv233xrv234')
  [1m[36mPlaceType Load (0.2ms)[0m  [1mselect * from place_types where name='Hut'[0m
  [1m[35mSQL (0.4ms)[0m  INSERT INTO "route_indices" ("created_at", "endplace_id", "isDest", "startplace_id", "updated_at", "url") VALUES ($1, $2, $3, $4, $5, $6) RETURNING "id"  [["created_at", Mon, 27 Oct 2014 10:08:07 NZDT +13:00], ["endplace_id", 207], ["isDest", true], ["startplace_id", 58], ["updated_at", Mon, 27 Oct 2014 10:08:07 NZDT +13:00], ["url", "xrv214xrv216xrv217xrv218xrv22xrv272xrv224xrv-237xrv238xrv221xrv21xrv220xrv231xrv233xrv234"]]
  [1m[36mPlace Load (0.2ms)[0m  [1mSELECT "places".* FROM "places" WHERE "places"."id" = 419 LIMIT 1[0m
  [1m[35m (1.0ms)[0m  SELECT COUNT(*) FROM "route_indices" WHERE (url = 'xrv214xrv216xrv217xrv218xrv22xrv272xrv224xrv-237xrv238xrv-222xrv225xrv226xrv227xrv228xrv229')
  [1m[36mPlaceType Load (0.2ms)[0m  [1mselect * from place_types where name='Hut'[0m
  [1m[35mSQL (0.4ms)[0m  INSERT INTO "route_indices" ("created_at", "endplace_id", "isDest", "startplace_id", "updated_at", "url") VALUES ($1, $2, $3, $4, $5, $6) RETURNING "id"  [["created_at", Mon, 27 Oct 2014 10:08:07 NZDT +13:00], ["endplace_id", 419], ["isDest", true], ["startplace_id", 58], ["updated_at", Mon, 27 Oct 2014 10:08:07 NZDT +13:00], ["url", "xrv214xrv216xrv217xrv218xrv22xrv272xrv224xrv-237xrv238xrv-222xrv225xrv226xrv227xrv228xrv229"]]
  [1m[36mPlace Load (0.3ms)[0m  [1mSELECT "places".* FROM "places" WHERE "places"."id" = 1130 LIMIT 1[0m
  [1m[35m (1.1ms)[0m  SELECT COUNT(*) FROM "route_indices" WHERE (url = 'xrv214xrv216xrv217xrv218xrv22xrv272xrv224xrv-237xrv238xrv-222xrv225xrv226xrv227xrv-240')
  [1m[36mPlaceType Load (0.2ms)[0m  [1mselect * from place_types where name='Junction'[0m
  [1m[35mSQL (0.4ms)[0m  INSERT INTO "route_indices" ("created_at", "endplace_id", "isDest", "startplace_id", "updated_at", "url") VALUES ($1, $2, $3, $4, $5, $6) RETURNING "id"  [["created_at", Mon, 27 Oct 2014 10:08:07 NZDT +13:00], ["endplace_id", 1130], ["isDest", false], ["startplace_id", 58], ["updated_at", Mon, 27 Oct 2014 10:08:07 NZDT +13:00], ["url", "xrv214xrv216xrv217xrv218xrv22xrv272xrv224xrv-237xrv238xrv-222xrv225xrv226xrv227xrv-240"]]
  [1m[36mPlace Load (0.2ms)[0m  [1mSELECT "places".* FROM "places" WHERE "places"."id" = 45 LIMIT 1[0m
  [1m[35m (1.1ms)[0m  SELECT COUNT(*) FROM "route_indices" WHERE (url = 'xrv214xrv216xrv217xrv218xrv22xrv272xrv239xrv240xrv-227xrv-226xrv-225xrv222xrv221xrv21xrv220xrv231')
  [1m[36mPlaceType Load (0.2ms)[0m  [1mselect * from place_types where name='Hut'[0m
  [1m[35mSQL (0.4ms)[0m  INSERT INTO "route_indices" ("created_at", "endplace_id", "isDest", "startplace_id", "updated_at", "url") VALUES ($1, $2, $3, $4, $5, $6) RETURNING "id"  [["created_at", Mon, 27 Oct 2014 10:08:07 NZDT +13:00], ["endplace_id", 45], ["isDest", true], ["startplace_id", 58], ["updated_at", Mon, 27 Oct 2014 10:08:07 NZDT +13:00], ["url", "xrv214xrv216xrv217xrv218xrv22xrv272xrv239xrv240xrv-227xrv-226xrv-225xrv222xrv221xrv21xrv220xrv231"]]
  [1m[36mPlace Load (0.3ms)[0m  [1mSELECT "places".* FROM "places" WHERE "places"."id" = 45 LIMIT 1[0m
  [1m[35m (1.0ms)[0m  SELECT COUNT(*) FROM "route_indices" WHERE (url = 'xrv214xrv216xrv217xrv218xrv22xrv272xrv239xrv240xrv-227xrv-226xrv-225xrv222xrv-238xrv-235xrv-234xrv-233')
  [1m[36mPlaceType Load (0.2ms)[0m  [1mselect * from place_types where name='Hut'[0m
  [1m[35mSQL (0.4ms)[0m  INSERT INTO "route_indices" ("created_at", "endplace_id", "isDest", "startplace_id", "updated_at", "url") VALUES ($1, $2, $3, $4, $5, $6) RETURNING "id"  [["created_at", Mon, 27 Oct 2014 10:08:07 NZDT +13:00], ["endplace_id", 45], ["isDest", true], ["startplace_id", 58], ["updated_at", Mon, 27 Oct 2014 10:08:07 NZDT +13:00], ["url", "xrv214xrv216xrv217xrv218xrv22xrv272xrv239xrv240xrv-227xrv-226xrv-225xrv222xrv-238xrv-235xrv-234xrv-233"]]
  [1m[36mPlace Load (0.3ms)[0m  [1mSELECT "places".* FROM "places" WHERE "places"."id" = 45 LIMIT 1[0m
  [1m[35m (1.0ms)[0m  SELECT COUNT(*) FROM "route_indices" WHERE (url = 'xrv214xrv216xrv217xrv218xrv22xrv272xrv239xrv240xrv-227xrv-226xrv-225xrv-223xrv-237xrv-235xrv-234xrv-233')
  [1m[36mPlaceType Load (0.2ms)[0m  [1mselect * from place_types where name='Hut'[0m
  [1m[35mSQL (0.3ms)[0m  INSERT INTO "route_indices" ("created_at", "endplace_id", "isDest", "startplace_id", "updated_at", "url") VALUES ($1, $2, $3, $4, $5, $6) RETURNING "id"  [["created_at", Mon, 27 Oct 2014 10:08:07 NZDT +13:00], ["endplace_id", 45], ["isDest", true], ["startplace_id", 58], ["updated_at", Mon, 27 Oct 2014 10:08:07 NZDT +13:00], ["url", "xrv214xrv216xrv217xrv218xrv22xrv272xrv239xrv240xrv-227xrv-226xrv-225xrv-223xrv-237xrv-235xrv-234xrv-233"]]
  [1m[36mPlace Load (0.3ms)[0m  [1mSELECT "places".* FROM "places" WHERE "places"."id" = 1128 LIMIT 1[0m
  [1m[35m (1.1ms)[0m  SELECT COUNT(*) FROM "route_indices" WHERE (url = 'xrv214xrv216xrv217xrv218xrv22xrv272xrv224xrv-237xrv238xrv-222xrv225xrv226xrv227xrv228xrv229xrv230')
  [1m[36mPlaceType Load (0.2ms)[0m  [1mselect * from place_types where name='Roadend'[0m
  [1m[35mSQL (0.4ms)[0m  INSERT INTO "route_indices" ("created_at", "endplace_id", "isDest", "startplace_id", "updated_at", "url") VALUES ($1, $2, $3, $4, $5, $6) RETURNING "id"  [["created_at", Mon, 27 Oct 2014 10:08:07 NZDT +13:00], ["endplace_id", 1128], ["isDest", true], ["startplace_id", 58], ["updated_at", Mon, 27 Oct 2014 10:08:07 NZDT +13:00], ["url", "xrv214xrv216xrv217xrv218xrv22xrv272xrv224xrv-237xrv238xrv-222xrv225xrv226xrv227xrv228xrv229xrv230"]]
  [1m[36mPlace Load (0.2ms)[0m  [1mSELECT "places".* FROM "places" WHERE "places"."id" = 271 LIMIT 1[0m
  [1m[35mPlaceType Load (0.2ms)[0m  select name, "isDest" from place_types
  [1m[36mRoute Load (0.3ms)[0m  [1mSELECT "routes".* FROM "routes" WHERE "routes"."id" = 245 LIMIT 1[0m
  [1m[35mPlace Load (0.2ms)[0m  SELECT "places".* FROM "places" WHERE "places"."id" = $1 LIMIT 1  [["id", 1135]]
  [1m[36mPlace Load (0.2ms)[0m  [1mSELECT "places".* FROM "places" WHERE "places"."id" = $1 LIMIT 1[0m  [["id", 1134]]
  [1m[35mRoute Load (0.3ms)[0m  SELECT "routes".* FROM "routes" WHERE "routes"."id" = 244 LIMIT 1
  [1m[36mCACHE (0.0ms)[0m  [1mSELECT "places".* FROM "places" WHERE "places"."id" = $1 LIMIT 1[0m  [["id", 1134]]
  [1m[35mPlace Load (0.2ms)[0m  SELECT "places".* FROM "places" WHERE "places"."id" = $1 LIMIT 1  [["id", 1118]]
  [1m[36mRoute Load (0.3ms)[0m  [1mSELECT "routes".* FROM "routes" WHERE "routes"."id" = 217 LIMIT 1[0m
  [1m[35mRoute Load (0.3ms)[0m  SELECT "routes".* FROM "routes" WHERE "routes"."id" = 218 LIMIT 1
  [1m[36mRoute Load (0.3ms)[0m  [1mSELECT "routes".* FROM "routes" WHERE "routes"."id" = 22 LIMIT 1[0m
  [1m[35mRoute Load (0.3ms)[0m  SELECT "routes".* FROM "routes" WHERE "routes"."id" = 272 LIMIT 1
  [1m[36mPlace Load (0.3ms)[0m  [1mSELECT "places".* FROM "places" WHERE "places"."id" = 974 LIMIT 1[0m
  [1m[35mCACHE (0.0ms)[0m  SELECT "places".* FROM "places" WHERE "places"."id" = 974 LIMIT 1
  [1m[36mRoute Load (0.3ms)[0m  [1mselect * from routes where startplace_id = 974[0m
  [1m[35mRoute Load (0.3ms)[0m  select * from routes where endplace_id = 974
  [1m[36mPlace Load (0.2ms)[0m  [1mSELECT "places".* FROM "places" WHERE "places"."id" = $1 LIMIT 1[0m  [["id", 974]]
  [1m[35mPlace Load (0.2ms)[0m  SELECT "places".* FROM "places" WHERE "places"."id" = $1 LIMIT 1  [["id", 471]]
  [1m[36mPlace Load (0.2ms)[0m  [1mSELECT "places".* FROM "places" WHERE "places"."id" = $1 LIMIT 1[0m  [["id", 1130]]
  [1m[35mPlace Load (0.2ms)[0m  SELECT "places".* FROM "places" WHERE "places"."id" = $1 LIMIT 1  [["id", 1124]]
  [1m[36mPlace Load (0.3ms)[0m  [1mSELECT "places".* FROM "places" WHERE "places"."id" = 1130 LIMIT 1[0m
  [1m[35mRoute Load (0.3ms)[0m  select * from routes where startplace_id = 1130
  [1m[36mRoute Load (0.3ms)[0m  [1mselect * from routes where endplace_id = 1130[0m
  [1m[35mCACHE (0.0ms)[0m  SELECT "places".* FROM "places" WHERE "places"."id" = $1 LIMIT 1  [["id", 1130]]
  [1m[36mCACHE (0.0ms)[0m  [1mSELECT "places".* FROM "places" WHERE "places"."id" = $1 LIMIT 1[0m  [["id", 974]]
  [1m[35mPlace Load (0.2ms)[0m  SELECT "places".* FROM "places" WHERE "places"."id" = $1 LIMIT 1  [["id", 1126]]
  [1m[36mPlace Load (0.3ms)[0m  [1mSELECT "places".* FROM "places" WHERE "places"."id" = 1124 LIMIT 1[0m
  [1m[35mRoute Load (0.3ms)[0m  select * from routes where startplace_id = 1124
  [1m[36mRoute Load (0.3ms)[0m  [1mselect * from routes where endplace_id = 1124[0m
  [1m[35mCACHE (0.0ms)[0m  SELECT "places".* FROM "places" WHERE "places"."id" = $1 LIMIT 1  [["id", 1124]]
  [1m[36mPlace Load (0.2ms)[0m  [1mSELECT "places".* FROM "places" WHERE "places"."id" = $1 LIMIT 1[0m  [["id", 1129]]
  [1m[35mCACHE (0.0ms)[0m  SELECT "places".* FROM "places" WHERE "places"."id" = $1 LIMIT 1  [["id", 1124]]
  [1m[36mCACHE (0.0ms)[0m  [1mSELECT "places".* FROM "places" WHERE "places"."id" = $1 LIMIT 1[0m  [["id", 974]]
  [1m[35mPlace Load (0.2ms)[0m  SELECT "places".* FROM "places" WHERE "places"."id" = $1 LIMIT 1  [["id", 1123]]
  [1m[36mPlace Load (0.3ms)[0m  [1mSELECT "places".* FROM "places" WHERE "places"."id" = 1126 LIMIT 1[0m
  [1m[35mRoute Load (0.3ms)[0m  select * from routes where startplace_id = 1126
  [1m[36mRoute Load (0.3ms)[0m  [1mselect * from routes where endplace_id = 1126[0m
  [1m[35mCACHE (0.0ms)[0m  SELECT "places".* FROM "places" WHERE "places"."id" = $1 LIMIT 1  [["id", 1126]]
  [1m[36mCACHE (0.0ms)[0m  [1mSELECT "places".* FROM "places" WHERE "places"."id" = $1 LIMIT 1[0m  [["id", 1130]]
  [1m[35mCACHE (0.0ms)[0m  SELECT "places".* FROM "places" WHERE "places"."id" = $1 LIMIT 1  [["id", 1126]]
  [1m[36mPlace Load (0.2ms)[0m  [1mSELECT "places".* FROM "places" WHERE "places"."id" = $1 LIMIT 1[0m  [["id", 769]]
  [1m[35mPlace Load (0.2ms)[0m  SELECT "places".* FROM "places" WHERE "places"."id" = $1 LIMIT 1  [["id", 1127]]
  [1m[36mPlace Load (3.8ms)[0m  [1mSELECT "places".* FROM "places" WHERE "places"."id" = 1123 LIMIT 1[0m
  [1m[35mRoute Load (0.5ms)[0m  select * from routes where startplace_id = 1123
  [1m[36mRoute Load (0.4ms)[0m  [1mselect * from routes where endplace_id = 1123[0m
  [1m[35mCACHE (0.0ms)[0m  SELECT "places".* FROM "places" WHERE "places"."id" = $1 LIMIT 1  [["id", 1123]]
  [1m[36mCACHE (0.0ms)[0m  [1mSELECT "places".* FROM "places" WHERE "places"."id" = $1 LIMIT 1[0m  [["id", 1124]]
  [1m[35mPlace Load (0.3ms)[0m  SELECT "places".* FROM "places" WHERE "places"."id" = $1 LIMIT 1  [["id", 975]]
  [1m[36mPlace Load (0.2ms)[0m  [1mSELECT "places".* FROM "places" WHERE "places"."id" = $1 LIMIT 1[0m  [["id", 1125]]
  [1m[35mPlace Load (0.3ms)[0m  SELECT "places".* FROM "places" WHERE "places"."id" = 1129 LIMIT 1
  [1m[36mRoute Load (0.4ms)[0m  [1mselect * from routes where startplace_id = 1129[0m
  [1m[35mRoute Load (0.3ms)[0m  select * from routes where endplace_id = 1129
  [1m[36mCACHE (0.0ms)[0m  [1mSELECT "places".* FROM "places" WHERE "places"."id" = $1 LIMIT 1[0m  [["id", 1129]]
  [1m[35mPlace Load (0.2ms)[0m  SELECT "places".* FROM "places" WHERE "places"."id" = $1 LIMIT 1  [["id", 207]]
  [1m[36mCACHE (0.0ms)[0m  [1mSELECT "places".* FROM "places" WHERE "places"."id" = $1 LIMIT 1[0m  [["id", 1124]]
  [1m[35mCACHE (0.0ms)[0m  SELECT "places".* FROM "places" WHERE "places"."id" = $1 LIMIT 1  [["id", 975]]
  [1m[36mPlace Load (0.3ms)[0m  [1mSELECT "places".* FROM "places" WHERE "places"."id" = 1127 LIMIT 1[0m
  [1m[35mRoute Load (0.3ms)[0m  select * from routes where startplace_id = 1127
  [1m[36mRoute Load (0.3ms)[0m  [1mselect * from routes where endplace_id = 1127[0m
  [1m[35mCACHE (0.0ms)[0m  SELECT "places".* FROM "places" WHERE "places"."id" = $1 LIMIT 1  [["id", 1127]]
  [1m[36mCACHE (0.0ms)[0m  [1mSELECT "places".* FROM "places" WHERE "places"."id" = $1 LIMIT 1[0m  [["id", 1126]]
  [1m[35mPlace Load (0.2ms)[0m  SELECT "places".* FROM "places" WHERE "places"."id" = $1 LIMIT 1  [["id", 419]]
  [1m[36mPlace Load (0.3ms)[0m  [1mSELECT "places".* FROM "places" WHERE "places"."id" = 769 LIMIT 1[0m
  [1m[35mRoute Load (0.3ms)[0m  select * from routes where startplace_id = 769
  [1m[36mRoute Load (0.3ms)[0m  [1mselect * from routes where endplace_id = 769[0m
  [1m[35mCACHE (0.0ms)[0m  SELECT "places".* FROM "places" WHERE "places"."id" = $1 LIMIT 1  [["id", 769]]
  [1m[36mCACHE (0.0ms)[0m  [1mSELECT "places".* FROM "places" WHERE "places"."id" = $1 LIMIT 1[0m  [["id", 1125]]
  [1m[35mCACHE (0.0ms)[0m  SELECT "places".* FROM "places" WHERE "places"."id" = $1 LIMIT 1  [["id", 1126]]
  [1m[36mPlace Load (0.3ms)[0m  [1mSELECT "places".* FROM "places" WHERE "places"."id" = 975 LIMIT 1[0m
  [1m[35mRoute Load (0.3ms)[0m  select * from routes where startplace_id = 975
  [1m[36mRoute Load (0.3ms)[0m  [1mselect * from routes where endplace_id = 975[0m
  [1m[35mCACHE (0.0ms)[0m  SELECT "places".* FROM "places" WHERE "places"."id" = $1 LIMIT 1  [["id", 975]]
  [1m[36mCACHE (0.0ms)[0m  [1mSELECT "places".* FROM "places" WHERE "places"."id" = $1 LIMIT 1[0m  [["id", 1129]]
  [1m[35mCACHE (0.0ms)[0m  SELECT "places".* FROM "places" WHERE "places"."id" = $1 LIMIT 1  [["id", 975]]
  [1m[36mCACHE (0.0ms)[0m  [1mSELECT "places".* FROM "places" WHERE "places"."id" = $1 LIMIT 1[0m  [["id", 1123]]
  [1m[35mPlace Load (0.2ms)[0m  SELECT "places".* FROM "places" WHERE "places"."id" = $1 LIMIT 1  [["id", 1122]]
  [1m[36mPlace Load (0.3ms)[0m  [1mSELECT "places".* FROM "places" WHERE "places"."id" = 1125 LIMIT 1[0m
  [1m[35mRoute Load (0.3ms)[0m  select * from routes where startplace_id = 1125
  [1m[36mRoute Load (0.3ms)[0m  [1mselect * from routes where endplace_id = 1125[0m
  [1m[35mCACHE (0.0ms)[0m  SELECT "places".* FROM "places" WHERE "places"."id" = $1 LIMIT 1  [["id", 1125]]
  [1m[36mCACHE (0.0ms)[0m  [1mSELECT "places".* FROM "places" WHERE "places"."id" = $1 LIMIT 1[0m  [["id", 1123]]
  [1m[35mCACHE (0.0ms)[0m  SELECT "places".* FROM "places" WHERE "places"."id" = $1 LIMIT 1  [["id", 769]]
  [1m[36mCACHE (0.0ms)[0m  [1mSELECT "places".* FROM "places" WHERE "places"."id" = 975 LIMIT 1[0m
  [1m[35mCACHE (0.0ms)[0m  select * from routes where startplace_id = 975
  [1m[36mCACHE (0.0ms)[0m  [1mselect * from routes where endplace_id = 975[0m
  [1m[35mCACHE (0.0ms)[0m  SELECT "places".* FROM "places" WHERE "places"."id" = $1 LIMIT 1  [["id", 975]]
  [1m[36mCACHE (0.0ms)[0m  [1mSELECT "places".* FROM "places" WHERE "places"."id" = $1 LIMIT 1[0m  [["id", 1129]]
  [1m[35mCACHE (0.0ms)[0m  SELECT "places".* FROM "places" WHERE "places"."id" = $1 LIMIT 1  [["id", 975]]
  [1m[36mCACHE (0.0ms)[0m  [1mSELECT "places".* FROM "places" WHERE "places"."id" = $1 LIMIT 1[0m  [["id", 1123]]
  [1m[35mCACHE (0.0ms)[0m  SELECT "places".* FROM "places" WHERE "places"."id" = $1 LIMIT 1  [["id", 1122]]
  [1m[36mPlace Load (0.3ms)[0m  [1mSELECT "places".* FROM "places" WHERE "places"."id" = 207 LIMIT 1[0m
  [1m[35mRoute Load (0.3ms)[0m  select * from routes where startplace_id = 207
  [1m[36mRoute Load (0.4ms)[0m  [1mselect * from routes where endplace_id = 207[0m
  [1m[35mCACHE (0.0ms)[0m  SELECT "places".* FROM "places" WHERE "places"."id" = $1 LIMIT 1  [["id", 207]]
  [1m[36mPlace Load (0.2ms)[0m  [1mSELECT "places".* FROM "places" WHERE "places"."id" = $1 LIMIT 1[0m  [["id", 650]]
  [1m[35mCACHE (0.0ms)[0m  SELECT "places".* FROM "places" WHERE "places"."id" = $1 LIMIT 1  [["id", 207]]
  [1m[36mPlace Load (0.2ms)[0m  [1mSELECT "places".* FROM "places" WHERE "places"."id" = $1 LIMIT 1[0m  [["id", 1133]]
  [1m[35mCACHE (0.0ms)[0m  SELECT "places".* FROM "places" WHERE "places"."id" = $1 LIMIT 1  [["id", 1129]]
  [1m[36mPlace Load (0.3ms)[0m  [1mSELECT "places".* FROM "places" WHERE "places"."id" = 419 LIMIT 1[0m
  [1m[35mRoute Load (0.3ms)[0m  select * from routes where startplace_id = 419
  [1m[36mRoute Load (0.3ms)[0m  [1mselect * from routes where endplace_id = 419[0m
  [1m[35mCACHE (0.0ms)[0m  SELECT "places".* FROM "places" WHERE "places"."id" = $1 LIMIT 1  [["id", 419]]
  [1m[36mCACHE (0.0ms)[0m  [1mSELECT "places".* FROM "places" WHERE "places"."id" = $1 LIMIT 1[0m  [["id", 1127]]
  [1m[35mPlace Load (0.2ms)[0m  SELECT "places".* FROM "places" WHERE "places"."id" = $1 LIMIT 1  [["id", 1128]]
  [1m[36mCACHE (0.0ms)[0m  [1mSELECT "places".* FROM "places" WHERE "places"."id" = 1125 LIMIT 1[0m
  [1m[35mCACHE (0.0ms)[0m  select * from routes where startplace_id = 1125
  [1m[36mCACHE (0.0ms)[0m  [1mselect * from routes where endplace_id = 1125[0m
  [1m[35mCACHE (0.0ms)[0m  SELECT "places".* FROM "places" WHERE "places"."id" = $1 LIMIT 1  [["id", 1125]]
  [1m[36mCACHE (0.0ms)[0m  [1mSELECT "places".* FROM "places" WHERE "places"."id" = $1 LIMIT 1[0m  [["id", 1123]]
  [1m[35mCACHE (0.0ms)[0m  SELECT "places".* FROM "places" WHERE "places"."id" = $1 LIMIT 1  [["id", 769]]
  [1m[36mPlace Load (0.3ms)[0m  [1mSELECT "places".* FROM "places" WHERE "places"."id" = 1122 LIMIT 1[0m
  [1m[35mRoute Load (0.3ms)[0m  select * from routes where startplace_id = 1122
  [1m[36mRoute Load (0.3ms)[0m  [1mselect * from routes where endplace_id = 1122[0m
  [1m[35mCACHE (0.0ms)[0m  SELECT "places".* FROM "places" WHERE "places"."id" = $1 LIMIT 1  [["id", 1122]]
  [1m[36mCACHE (0.0ms)[0m  [1mSELECT "places".* FROM "places" WHERE "places"."id" = $1 LIMIT 1[0m  [["id", 975]]
  [1m[35mPlace Load (0.2ms)[0m  SELECT "places".* FROM "places" WHERE "places"."id" = $1 LIMIT 1  [["id", 1121]]
  [1m[36mCACHE (0.0ms)[0m  [1mSELECT "places".* FROM "places" WHERE "places"."id" = 1129 LIMIT 1[0m
  [1m[35mCACHE (0.0ms)[0m  select * from routes where startplace_id = 1129
  [1m[36mCACHE (0.0ms)[0m  [1mselect * from routes where endplace_id = 1129[0m
  [1m[35mCACHE (0.0ms)[0m  SELECT "places".* FROM "places" WHERE "places"."id" = $1 LIMIT 1  [["id", 1129]]
  [1m[36mCACHE (0.0ms)[0m  [1mSELECT "places".* FROM "places" WHERE "places"."id" = $1 LIMIT 1[0m  [["id", 207]]
  [1m[35mCACHE (0.0ms)[0m  SELECT "places".* FROM "places" WHERE "places"."id" = $1 LIMIT 1  [["id", 1124]]
  [1m[36mCACHE (0.0ms)[0m  [1mSELECT "places".* FROM "places" WHERE "places"."id" = $1 LIMIT 1[0m  [["id", 975]]
  [1m[35mCACHE (0.0ms)[0m  SELECT "places".* FROM "places" WHERE "places"."id" = 769 LIMIT 1
  [1m[36mCACHE (0.0ms)[0m  [1mselect * from routes where startplace_id = 769[0m
  [1m[35mCACHE (0.0ms)[0m  select * from routes where endplace_id = 769
  [1m[36mCACHE (0.0ms)[0m  [1mSELECT "places".* FROM "places" WHERE "places"."id" = $1 LIMIT 1[0m  [["id", 769]]
  [1m[35mCACHE (0.0ms)[0m  SELECT "places".* FROM "places" WHERE "places"."id" = $1 LIMIT 1  [["id", 1125]]
  [1m[36mCACHE (0.0ms)[0m  [1mSELECT "places".* FROM "places" WHERE "places"."id" = $1 LIMIT 1[0m  [["id", 1126]]
  [1m[35mCACHE (0.0ms)[0m  SELECT "places".* FROM "places" WHERE "places"."id" = 1122 LIMIT 1
  [1m[36mCACHE (0.0ms)[0m  [1mselect * from routes where startplace_id = 1122[0m
  [1m[35mCACHE (0.0ms)[0m  select * from routes where endplace_id = 1122
  [1m[36mCACHE (0.0ms)[0m  [1mSELECT "places".* FROM "places" WHERE "places"."id" = $1 LIMIT 1[0m  [["id", 1122]]
  [1m[35mCACHE (0.0ms)[0m  SELECT "places".* FROM "places" WHERE "places"."id" = $1 LIMIT 1  [["id", 975]]
  [1m[36mCACHE (0.0ms)[0m  [1mSELECT "places".* FROM "places" WHERE "places"."id" = $1 LIMIT 1[0m  [["id", 1121]]
  [1m[35mCACHE (0.0ms)[0m  SELECT "places".* FROM "places" WHERE "places"."id" = 1123 LIMIT 1
  [1m[36mCACHE (0.0ms)[0m  [1mselect * from routes where startplace_id = 1123[0m
  [1m[35mCACHE (0.0ms)[0m  select * from routes where endplace_id = 1123
  [1m[36mCACHE (0.0ms)[0m  [1mSELECT "places".* FROM "places" WHERE "places"."id" = $1 LIMIT 1[0m  [["id", 1123]]
  [1m[35mCACHE (0.0ms)[0m  SELECT "places".* FROM "places" WHERE "places"."id" = $1 LIMIT 1  [["id", 1124]]
  [1m[36mCACHE (0.0ms)[0m  [1mSELECT "places".* FROM "places" WHERE "places"."id" = $1 LIMIT 1[0m  [["id", 975]]
  [1m[35mCACHE (0.0ms)[0m  SELECT "places".* FROM "places" WHERE "places"."id" = $1 LIMIT 1  [["id", 1125]]
  [1m[36mPlace Load (0.3ms)[0m  [1mSELECT "places".* FROM "places" WHERE "places"."id" = 650 LIMIT 1[0m
  [1m[35mRoute Load (0.3ms)[0m  select * from routes where startplace_id = 650
  [1m[36mRoute Load (0.3ms)[0m  [1mselect * from routes where endplace_id = 650[0m
  [1m[35mCACHE (0.0ms)[0m  SELECT "places".* FROM "places" WHERE "places"."id" = $1 LIMIT 1  [["id", 650]]
  [1m[36mPlace Load (0.2ms)[0m  [1mSELECT "places".* FROM "places" WHERE "places"."id" = $1 LIMIT 1[0m  [["id", 45]]
  [1m[35mCACHE (0.0ms)[0m  SELECT "places".* FROM "places" WHERE "places"."id" = $1 LIMIT 1  [["id", 207]]
  [1m[36mPlace Load (0.3ms)[0m  [1mSELECT "places".* FROM "places" WHERE "places"."id" = 1133 LIMIT 1[0m
  [1m[35mRoute Load (0.3ms)[0m  select * from routes where startplace_id = 1133
  [1m[36mRoute Load (0.3ms)[0m  [1mselect * from routes where endplace_id = 1133[0m
  [1m[35mCACHE (0.0ms)[0m  SELECT "places".* FROM "places" WHERE "places"."id" = $1 LIMIT 1  [["id", 1133]]
  [1m[36mPlace Load (0.3ms)[0m  [1mSELECT "places".* FROM "places" WHERE "places"."id" = $1 LIMIT 1[0m  [["id", 1131]]
  [1m[35mCACHE (0.0ms)[0m  SELECT "places".* FROM "places" WHERE "places"."id" = $1 LIMIT 1  [["id", 207]]
  [1m[36mPlace Load (0.3ms)[0m  [1mSELECT "places".* FROM "places" WHERE "places"."id" = 1128 LIMIT 1[0m
  [1m[35mRoute Load (0.2ms)[0m  select * from routes where startplace_id = 1128
  [1m[36mRoute Load (0.3ms)[0m  [1mselect * from routes where endplace_id = 1128[0m
  [1m[35mCACHE (0.0ms)[0m  SELECT "places".* FROM "places" WHERE "places"."id" = $1 LIMIT 1  [["id", 1128]]
  [1m[36mCACHE (0.0ms)[0m  [1mSELECT "places".* FROM "places" WHERE "places"."id" = $1 LIMIT 1[0m  [["id", 419]]
  [1m[35mCACHE (0.0ms)[0m  SELECT "places".* FROM "places" WHERE "places"."id" = 1123 LIMIT 1
  [1m[36mCACHE (0.0ms)[0m  [1mselect * from routes where startplace_id = 1123[0m
  [1m[35mCACHE (0.0ms)[0m  select * from routes where endplace_id = 1123
  [1m[36mCACHE (0.0ms)[0m  [1mSELECT "places".* FROM "places" WHERE "places"."id" = $1 LIMIT 1[0m  [["id", 1123]]
  [1m[35mCACHE (0.0ms)[0m  SELECT "places".* FROM "places" WHERE "places"."id" = $1 LIMIT 1  [["id", 1124]]
  [1m[36mCACHE (0.0ms)[0m  [1mSELECT "places".* FROM "places" WHERE "places"."id" = $1 LIMIT 1[0m  [["id", 975]]
  [1m[35mCACHE (0.0ms)[0m  SELECT "places".* FROM "places" WHERE "places"."id" = $1 LIMIT 1  [["id", 1125]]
  [1m[36mPlace Load (0.3ms)[0m  [1mSELECT "places".* FROM "places" WHERE "places"."id" = 1121 LIMIT 1[0m
  [1m[35mRoute Load (0.3ms)[0m  select * from routes where startplace_id = 1121
  [1m[36mRoute Load (0.3ms)[0m  [1mselect * from routes where endplace_id = 1121[0m
  [1m[35mCACHE (0.0ms)[0m  SELECT "places".* FROM "places" WHERE "places"."id" = $1 LIMIT 1  [["id", 1121]]
  [1m[36mCACHE (0.0ms)[0m  [1mSELECT "places".* FROM "places" WHERE "places"."id" = $1 LIMIT 1[0m  [["id", 1122]]
  [1m[35mPlace Load (0.2ms)[0m  SELECT "places".* FROM "places" WHERE "places"."id" = $1 LIMIT 1  [["id", 976]]
  [1m[36mCACHE (0.0ms)[0m  [1mSELECT "places".* FROM "places" WHERE "places"."id" = 207 LIMIT 1[0m
  [1m[35mCACHE (0.0ms)[0m  select * from routes where startplace_id = 207
  [1m[36mCACHE (0.0ms)[0m  [1mselect * from routes where endplace_id = 207[0m
  [1m[35mCACHE (0.0ms)[0m  SELECT "places".* FROM "places" WHERE "places"."id" = $1 LIMIT 1  [["id", 207]]
  [1m[36mCACHE (0.0ms)[0m  [1mSELECT "places".* FROM "places" WHERE "places"."id" = $1 LIMIT 1[0m  [["id", 650]]
  [1m[35mCACHE (0.0ms)[0m  SELECT "places".* FROM "places" WHERE "places"."id" = $1 LIMIT 1  [["id", 207]]
  [1m[36mCACHE (0.0ms)[0m  [1mSELECT "places".* FROM "places" WHERE "places"."id" = $1 LIMIT 1[0m  [["id", 1133]]
  [1m[35mCACHE (0.0ms)[0m  SELECT "places".* FROM "places" WHERE "places"."id" = $1 LIMIT 1  [["id", 1129]]
  [1m[36mCACHE (0.0ms)[0m  [1mSELECT "places".* FROM "places" WHERE "places"."id" = 1126 LIMIT 1[0m
  [1m[35mCACHE (0.0ms)[0m  select * from routes where startplace_id = 1126
  [1m[36mCACHE (0.0ms)[0m  [1mselect * from routes where endplace_id = 1126[0m
  [1m[35mCACHE (0.0ms)[0m  SELECT "places".* FROM "places" WHERE "places"."id" = $1 LIMIT 1  [["id", 1126]]
  [1m[36mCACHE (0.0ms)[0m  [1mSELECT "places".* FROM "places" WHERE "places"."id" = $1 LIMIT 1[0m  [["id", 1130]]
  [1m[35mCACHE (0.0ms)[0m  SELECT "places".* FROM "places" WHERE "places"."id" = $1 LIMIT 1  [["id", 1126]]
  [1m[36mCACHE (0.0ms)[0m  [1mSELECT "places".* FROM "places" WHERE "places"."id" = $1 LIMIT 1[0m  [["id", 769]]
  [1m[35mCACHE (0.0ms)[0m  SELECT "places".* FROM "places" WHERE "places"."id" = $1 LIMIT 1  [["id", 1127]]
  [1m[36mCACHE (0.0ms)[0m  [1mSELECT "places".* FROM "places" WHERE "places"."id" = 1121 LIMIT 1[0m
  [1m[35mCACHE (0.0ms)[0m  select * from routes where startplace_id = 1121
  [1m[36mCACHE (0.0ms)[0m  [1mselect * from routes where endplace_id = 1121[0m
  [1m[35mCACHE (0.0ms)[0m  SELECT "places".* FROM "places" WHERE "places"."id" = $1 LIMIT 1  [["id", 1121]]
  [1m[36mCACHE (0.0ms)[0m  [1mSELECT "places".* FROM "places" WHERE "places"."id" = $1 LIMIT 1[0m  [["id", 1122]]
  [1m[35mCACHE (0.0ms)[0m  SELECT "places".* FROM "places" WHERE "places"."id" = $1 LIMIT 1  [["id", 976]]
  [1m[36mCACHE (0.0ms)[0m  [1mSELECT "places".* FROM "places" WHERE "places"."id" = 1125 LIMIT 1[0m
  [1m[35mCACHE (0.0ms)[0m  select * from routes where startplace_id = 1125
  [1m[36mCACHE (0.0ms)[0m  [1mselect * from routes where endplace_id = 1125[0m
  [1m[35mCACHE (0.0ms)[0m  SELECT "places".* FROM "places" WHERE "places"."id" = $1 LIMIT 1  [["id", 1125]]
  [1m[36mCACHE (0.0ms)[0m  [1mSELECT "places".* FROM "places" WHERE "places"."id" = $1 LIMIT 1[0m  [["id", 1123]]
  [1m[35mCACHE (0.0ms)[0m  SELECT "places".* FROM "places" WHERE "places"."id" = $1 LIMIT 1  [["id", 769]]
  [1m[36mPlace Load (0.3ms)[0m  [1mSELECT "places".* FROM "places" WHERE "places"."id" = 45 LIMIT 1[0m
  [1m[35mRoute Load (0.3ms)[0m  select * from routes where startplace_id = 45
  [1m[36mRoute Load (0.3ms)[0m  [1mselect * from routes where endplace_id = 45[0m
  [1m[35mCACHE (0.0ms)[0m  SELECT "places".* FROM "places" WHERE "places"."id" = $1 LIMIT 1  [["id", 45]]
  [1m[36mCACHE (0.0ms)[0m  [1mSELECT "places".* FROM "places" WHERE "places"."id" = $1 LIMIT 1[0m  [["id", 976]]
  [1m[35mCACHE (0.0ms)[0m  SELECT "places".* FROM "places" WHERE "places"."id" = $1 LIMIT 1  [["id", 650]]
  [1m[36mPlace Load (0.2ms)[0m  [1mSELECT "places".* FROM "places" WHERE "places"."id" = 1131 LIMIT 1[0m
  [1m[35mRoute Load (0.3ms)[0m  select * from routes where startplace_id = 1131
  [1m[36mRoute Load (0.3ms)[0m  [1mselect * from routes where endplace_id = 1131[0m
  [1m[35mCACHE (0.0ms)[0m  SELECT "places".* FROM "places" WHERE "places"."id" = $1 LIMIT 1  [["id", 1131]]
  [1m[36mPlace Load (0.2ms)[0m  [1mSELECT "places".* FROM "places" WHERE "places"."id" = $1 LIMIT 1[0m  [["id", 1132]]
  [1m[35mCACHE (0.0ms)[0m  SELECT "places".* FROM "places" WHERE "places"."id" = $1 LIMIT 1  [["id", 1133]]
  [1m[36mCACHE (0.0ms)[0m  [1mSELECT "places".* FROM "places" WHERE "places"."id" = 975 LIMIT 1[0m
  [1m[35mCACHE (0.0ms)[0m  select * from routes where startplace_id = 975
  [1m[36mCACHE (0.0ms)[0m  [1mselect * from routes where endplace_id = 975[0m
  [1m[35mCACHE (0.0ms)[0m  SELECT "places".* FROM "places" WHERE "places"."id" = $1 LIMIT 1  [["id", 975]]
  [1m[36mCACHE (0.0ms)[0m  [1mSELECT "places".* FROM "places" WHERE "places"."id" = $1 LIMIT 1[0m  [["id", 1129]]
  [1m[35mCACHE (0.0ms)[0m  SELECT "places".* FROM "places" WHERE "places"."id" = $1 LIMIT 1  [["id", 975]]
  [1m[36mCACHE (0.0ms)[0m  [1mSELECT "places".* FROM "places" WHERE "places"."id" = $1 LIMIT 1[0m  [["id", 1123]]
  [1m[35mCACHE (0.0ms)[0m  SELECT "places".* FROM "places" WHERE "places"."id" = $1 LIMIT 1  [["id", 1122]]
  [1m[36mCACHE (0.0ms)[0m  [1mSELECT "places".* FROM "places" WHERE "places"."id" = 1124 LIMIT 1[0m
  [1m[35mCACHE (0.0ms)[0m  select * from routes where startplace_id = 1124
  [1m[36mCACHE (0.0ms)[0m  [1mselect * from routes where endplace_id = 1124[0m
  [1m[35mCACHE (0.0ms)[0m  SELECT "places".* FROM "places" WHERE "places"."id" = $1 LIMIT 1  [["id", 1124]]
  [1m[36mCACHE (0.0ms)[0m  [1mSELECT "places".* FROM "places" WHERE "places"."id" = $1 LIMIT 1[0m  [["id", 1129]]
  [1m[35mCACHE (0.0ms)[0m  SELECT "places".* FROM "places" WHERE "places"."id" = $1 LIMIT 1  [["id", 1124]]
  [1m[36mCACHE (0.0ms)[0m  [1mSELECT "places".* FROM "places" WHERE "places"."id" = $1 LIMIT 1[0m  [["id", 974]]
  [1m[35mCACHE (0.0ms)[0m  SELECT "places".* FROM "places" WHERE "places"."id" = $1 LIMIT 1  [["id", 1123]]
  [1m[36mPlace Load (0.3ms)[0m  [1mSELECT "places".* FROM "places" WHERE "places"."id" = 976 LIMIT 1[0m
  [1m[35mRoute Load (0.3ms)[0m  select * from routes where startplace_id = 976
  [1m[36mRoute Load (0.3ms)[0m  [1mselect * from routes where endplace_id = 976[0m
  [1m[35mCACHE (0.0ms)[0m  SELECT "places".* FROM "places" WHERE "places"."id" = $1 LIMIT 1  [["id", 976]]
  [1m[36mCACHE (0.0ms)[0m  [1mSELECT "places".* FROM "places" WHERE "places"."id" = $1 LIMIT 1[0m  [["id", 1121]]
  [1m[35mCACHE (0.0ms)[0m  SELECT "places".* FROM "places" WHERE "places"."id" = $1 LIMIT 1  [["id", 976]]
  [1m[36mPlace Load (0.2ms)[0m  [1mSELECT "places".* FROM "places" WHERE "places"."id" = $1 LIMIT 1[0m  [["id", 1119]]
  [1m[35mCACHE (0.0ms)[0m  SELECT "places".* FROM "places" WHERE "places"."id" = $1 LIMIT 1  [["id", 45]]
  [1m[36mCACHE (0.0ms)[0m  [1mSELECT "places".* FROM "places" WHERE "places"."id" = 650 LIMIT 1[0m
  [1m[35mCACHE (0.0ms)[0m  select * from routes where startplace_id = 650
  [1m[36mCACHE (0.0ms)[0m  [1mselect * from routes where endplace_id = 650[0m
  [1m[35mCACHE (0.0ms)[0m  SELECT "places".* FROM "places" WHERE "places"."id" = $1 LIMIT 1  [["id", 650]]
  [1m[36mCACHE (0.0ms)[0m  [1mSELECT "places".* FROM "places" WHERE "places"."id" = $1 LIMIT 1[0m  [["id", 45]]
  [1m[35mCACHE (0.0ms)[0m  SELECT "places".* FROM "places" WHERE "places"."id" = $1 LIMIT 1  [["id", 207]]
  [1m[36mCACHE (0.0ms)[0m  [1mSELECT "places".* FROM "places" WHERE "places"."id" = 1133 LIMIT 1[0m
  [1m[35mCACHE (0.0ms)[0m  select * from routes where startplace_id = 1133
  [1m[36mCACHE (0.0ms)[0m  [1mselect * from routes where endplace_id = 1133[0m
  [1m[35mCACHE (0.0ms)[0m  SELECT "places".* FROM "places" WHERE "places"."id" = $1 LIMIT 1  [["id", 1133]]
  [1m[36mCACHE (0.0ms)[0m  [1mSELECT "places".* FROM "places" WHERE "places"."id" = $1 LIMIT 1[0m  [["id", 1131]]
  [1m[35mCACHE (0.0ms)[0m  SELECT "places".* FROM "places" WHERE "places"."id" = $1 LIMIT 1  [["id", 207]]
  [1m[36mCACHE (0.0ms)[0m  [1mSELECT "places".* FROM "places" WHERE "places"."id" = 1127 LIMIT 1[0m
  [1m[35mCACHE (0.0ms)[0m  select * from routes where startplace_id = 1127
  [1m[36mCACHE (0.0ms)[0m  [1mselect * from routes where endplace_id = 1127[0m
  [1m[35mCACHE (0.0ms)[0m  SELECT "places".* FROM "places" WHERE "places"."id" = $1 LIMIT 1  [["id", 1127]]
  [1m[36mCACHE (0.0ms)[0m  [1mSELECT "places".* FROM "places" WHERE "places"."id" = $1 LIMIT 1[0m  [["id", 1126]]
  [1m[35mCACHE (0.0ms)[0m  SELECT "places".* FROM "places" WHERE "places"."id" = $1 LIMIT 1  [["id", 419]]
  [1m[36mCACHE (0.0ms)[0m  [1mSELECT "places".* FROM "places" WHERE "places"."id" = 1130 LIMIT 1[0m
  [1m[35mCACHE (0.0ms)[0m  select * from routes where startplace_id = 1130
  [1m[36mCACHE (0.0ms)[0m  [1mselect * from routes where endplace_id = 1130[0m
  [1m[35mCACHE (0.0ms)[0m  SELECT "places".* FROM "places" WHERE "places"."id" = $1 LIMIT 1  [["id", 1130]]
  [1m[36mCACHE (0.0ms)[0m  [1mSELECT "places".* FROM "places" WHERE "places"."id" = $1 LIMIT 1[0m  [["id", 974]]
  [1m[35mCACHE (0.0ms)[0m  SELECT "places".* FROM "places" WHERE "places"."id" = $1 LIMIT 1  [["id", 1126]]
  [1m[36mCACHE (0.0ms)[0m  [1mSELECT "places".* FROM "places" WHERE "places"."id" = 976 LIMIT 1[0m
  [1m[35mCACHE (0.0ms)[0m  select * from routes where startplace_id = 976
  [1m[36mCACHE (0.0ms)[0m  [1mselect * from routes where endplace_id = 976[0m
  [1m[35mCACHE (0.0ms)[0m  SELECT "places".* FROM "places" WHERE "places"."id" = $1 LIMIT 1  [["id", 976]]
  [1m[36mCACHE (0.0ms)[0m  [1mSELECT "places".* FROM "places" WHERE "places"."id" = $1 LIMIT 1[0m  [["id", 1121]]
  [1m[35mCACHE (0.0ms)[0m  SELECT "places".* FROM "places" WHERE "places"."id" = $1 LIMIT 1  [["id", 976]]
  [1m[36mCACHE (0.0ms)[0m  [1mSELECT "places".* FROM "places" WHERE "places"."id" = $1 LIMIT 1[0m  [["id", 1119]]
  [1m[35mCACHE (0.0ms)[0m  SELECT "places".* FROM "places" WHERE "places"."id" = $1 LIMIT 1  [["id", 45]]
  [1m[36mCACHE (0.0ms)[0m  [1mSELECT "places".* FROM "places" WHERE "places"."id" = 769 LIMIT 1[0m
  [1m[35mCACHE (0.0ms)[0m  select * from routes where startplace_id = 769
  [1m[36mCACHE (0.0ms)[0m  [1mselect * from routes where endplace_id = 769[0m
  [1m[35mCACHE (0.0ms)[0m  SELECT "places".* FROM "places" WHERE "places"."id" = $1 LIMIT 1  [["id", 769]]
  [1m[36mCACHE (0.0ms)[0m  [1mSELECT "places".* FROM "places" WHERE "places"."id" = $1 LIMIT 1[0m  [["id", 1125]]
  [1m[35mCACHE (0.0ms)[0m  SELECT "places".* FROM "places" WHERE "places"."id" = $1 LIMIT 1  [["id", 1126]]
  [1m[36mCACHE (0.0ms)[0m  [1mSELECT "places".* FROM "places" WHERE "places"."id" = 976 LIMIT 1[0m
  [1m[35mCACHE (0.0ms)[0m  select * from routes where startplace_id = 976
  [1m[36mCACHE (0.0ms)[0m  [1mselect * from routes where endplace_id = 976[0m
  [1m[35mCACHE (0.0ms)[0m  SELECT "places".* FROM "places" WHERE "places"."id" = $1 LIMIT 1  [["id", 976]]
  [1m[36mCACHE (0.0ms)[0m  [1mSELECT "places".* FROM "places" WHERE "places"."id" = $1 LIMIT 1[0m  [["id", 1121]]
  [1m[35mCACHE (0.0ms)[0m  SELECT "places".* FROM "places" WHERE "places"."id" = $1 LIMIT 1  [["id", 976]]
  [1m[36mCACHE (0.0ms)[0m  [1mSELECT "places".* FROM "places" WHERE "places"."id" = $1 LIMIT 1[0m  [["id", 1119]]
  [1m[35mCACHE (0.0ms)[0m  SELECT "places".* FROM "places" WHERE "places"."id" = $1 LIMIT 1  [["id", 45]]
  [1m[36mPlace Load (0.3ms)[0m  [1mSELECT "places".* FROM "places" WHERE "places"."id" = 1132 LIMIT 1[0m
  [1m[35mRoute Load (0.3ms)[0m  select * from routes where startplace_id = 1132
  [1m[36mRoute Load (0.2ms)[0m  [1mselect * from routes where endplace_id = 1132[0m
  [1m[35mCACHE (0.0ms)[0m  SELECT "places".* FROM "places" WHERE "places"."id" = $1 LIMIT 1  [["id", 1131]]
  [1m[36mCACHE (0.0ms)[0m  [1mSELECT "places".* FROM "places" WHERE "places"."id" = 1122 LIMIT 1[0m
  [1m[35mCACHE (0.0ms)[0m  select * from routes where startplace_id = 1122
  [1m[36mCACHE (0.0ms)[0m  [1mselect * from routes where endplace_id = 1122[0m
  [1m[35mCACHE (0.0ms)[0m  SELECT "places".* FROM "places" WHERE "places"."id" = $1 LIMIT 1  [["id", 1122]]
  [1m[36mCACHE (0.0ms)[0m  [1mSELECT "places".* FROM "places" WHERE "places"."id" = $1 LIMIT 1[0m  [["id", 975]]
  [1m[35mCACHE (0.0ms)[0m  SELECT "places".* FROM "places" WHERE "places"."id" = $1 LIMIT 1  [["id", 1121]]
  [1m[36mCACHE (0.0ms)[0m  [1mSELECT "places".* FROM "places" WHERE "places"."id" = 1129 LIMIT 1[0m
  [1m[35mCACHE (0.0ms)[0m  select * from routes where startplace_id = 1129
  [1m[36mCACHE (0.0ms)[0m  [1mselect * from routes where endplace_id = 1129[0m
  [1m[35mCACHE (0.0ms)[0m  SELECT "places".* FROM "places" WHERE "places"."id" = $1 LIMIT 1  [["id", 1129]]
  [1m[36mCACHE (0.0ms)[0m  [1mSELECT "places".* FROM "places" WHERE "places"."id" = $1 LIMIT 1[0m  [["id", 207]]
  [1m[35mCACHE (0.0ms)[0m  SELECT "places".* FROM "places" WHERE "places"."id" = $1 LIMIT 1  [["id", 1124]]
  [1m[36mCACHE (0.0ms)[0m  [1mSELECT "places".* FROM "places" WHERE "places"."id" = $1 LIMIT 1[0m  [["id", 975]]
  [1m[35mCACHE (0.0ms)[0m  SELECT "places".* FROM "places" WHERE "places"."id" = 1129 LIMIT 1
  [1m[36mCACHE (0.0ms)[0m  [1mselect * from routes where startplace_id = 1129[0m
  [1m[35mCACHE (0.0ms)[0m  select * from routes where endplace_id = 1129
  [1m[36mCACHE (0.0ms)[0m  [1mSELECT "places".* FROM "places" WHERE "places"."id" = $1 LIMIT 1[0m  [["id", 1129]]
  [1m[35mCACHE (0.0ms)[0m  SELECT "places".* FROM "places" WHERE "places"."id" = $1 LIMIT 1  [["id", 207]]
  [1m[36mCACHE (0.0ms)[0m  [1mSELECT "places".* FROM "places" WHERE "places"."id" = $1 LIMIT 1[0m  [["id", 1124]]
  [1m[35mCACHE (0.0ms)[0m  SELECT "places".* FROM "places" WHERE "places"."id" = $1 LIMIT 1  [["id", 975]]
  [1m[36mCACHE (0.0ms)[0m  [1mSELECT "places".* FROM "places" WHERE "places"."id" = 45 LIMIT 1[0m
  [1m[35mCACHE (0.0ms)[0m  select * from routes where startplace_id = 45
  [1m[36mCACHE (0.0ms)[0m  [1mselect * from routes where endplace_id = 45[0m
  [1m[35mCACHE (0.0ms)[0m  SELECT "places".* FROM "places" WHERE "places"."id" = $1 LIMIT 1  [["id", 45]]
  [1m[36mCACHE (0.0ms)[0m  [1mSELECT "places".* FROM "places" WHERE "places"."id" = $1 LIMIT 1[0m  [["id", 976]]
  [1m[35mCACHE (0.0ms)[0m  SELECT "places".* FROM "places" WHERE "places"."id" = $1 LIMIT 1  [["id", 650]]
  [1m[36mCACHE (0.0ms)[0m  [1mSELECT "places".* FROM "places" WHERE "places"."id" = 45 LIMIT 1[0m
  [1m[35mCACHE (0.0ms)[0m  select * from routes where startplace_id = 45
  [1m[36mCACHE (0.0ms)[0m  [1mselect * from routes where endplace_id = 45[0m
  [1m[35mCACHE (0.0ms)[0m  SELECT "places".* FROM "places" WHERE "places"."id" = $1 LIMIT 1  [["id", 45]]
  [1m[36mCACHE (0.0ms)[0m  [1mSELECT "places".* FROM "places" WHERE "places"."id" = $1 LIMIT 1[0m  [["id", 976]]
  [1m[35mCACHE (0.0ms)[0m  SELECT "places".* FROM "places" WHERE "places"."id" = $1 LIMIT 1  [["id", 650]]
  [1m[36mCACHE (0.0ms)[0m  [1mSELECT "places".* FROM "places" WHERE "places"."id" = 1131 LIMIT 1[0m
  [1m[35mCACHE (0.0ms)[0m  select * from routes where startplace_id = 1131
  [1m[36mCACHE (0.0ms)[0m  [1mselect * from routes where endplace_id = 1131[0m
  [1m[35mCACHE (0.0ms)[0m  SELECT "places".* FROM "places" WHERE "places"."id" = $1 LIMIT 1  [["id", 1131]]
  [1m[36mCACHE (0.0ms)[0m  [1mSELECT "places".* FROM "places" WHERE "places"."id" = $1 LIMIT 1[0m  [["id", 1132]]
  [1m[35mCACHE (0.0ms)[0m  SELECT "places".* FROM "places" WHERE "places"."id" = $1 LIMIT 1  [["id", 1133]]
  [1m[36mCACHE (0.0ms)[0m  [1mSELECT "places".* FROM "places" WHERE "places"."id" = 419 LIMIT 1[0m
  [1m[35mCACHE (0.0ms)[0m  select * from routes where startplace_id = 419
  [1m[36mCACHE (0.0ms)[0m  [1mselect * from routes where endplace_id = 419[0m
  [1m[35mCACHE (0.0ms)[0m  SELECT "places".* FROM "places" WHERE "places"."id" = $1 LIMIT 1  [["id", 419]]
  [1m[36mCACHE (0.0ms)[0m  [1mSELECT "places".* FROM "places" WHERE "places"."id" = $1 LIMIT 1[0m  [["id", 1127]]
  [1m[35mCACHE (0.0ms)[0m  SELECT "places".* FROM "places" WHERE "places"."id" = $1 LIMIT 1  [["id", 1128]]
  [1m[36mCACHE (0.0ms)[0m  [1mSELECT "places".* FROM "places" WHERE "places"."id" = 45 LIMIT 1[0m
  [1m[35mCACHE (0.0ms)[0m  select * from routes where startplace_id = 45
  [1m[36mCACHE (0.0ms)[0m  [1mselect * from routes where endplace_id = 45[0m
  [1m[35mCACHE (0.0ms)[0m  SELECT "places".* FROM "places" WHERE "places"."id" = $1 LIMIT 1  [["id", 45]]
  [1m[36mCACHE (0.0ms)[0m  [1mSELECT "places".* FROM "places" WHERE "places"."id" = $1 LIMIT 1[0m  [["id", 976]]
  [1m[35mCACHE (0.0ms)[0m  SELECT "places".* FROM "places" WHERE "places"."id" = $1 LIMIT 1  [["id", 650]]
  [1m[36mCACHE (0.0ms)[0m  [1mSELECT "places".* FROM "places" WHERE "places"."id" = 1126 LIMIT 1[0m
  [1m[35mCACHE (0.0ms)[0m  select * from routes where startplace_id = 1126
  [1m[36mCACHE (0.0ms)[0m  [1mselect * from routes where endplace_id = 1126[0m
  [1m[35mCACHE (0.0ms)[0m  SELECT "places".* FROM "places" WHERE "places"."id" = $1 LIMIT 1  [["id", 1126]]
  [1m[36mCACHE (0.0ms)[0m  [1mSELECT "places".* FROM "places" WHERE "places"."id" = $1 LIMIT 1[0m  [["id", 1130]]
  [1m[35mCACHE (0.0ms)[0m  SELECT "places".* FROM "places" WHERE "places"."id" = $1 LIMIT 1  [["id", 1126]]
  [1m[36mCACHE (0.0ms)[0m  [1mSELECT "places".* FROM "places" WHERE "places"."id" = $1 LIMIT 1[0m  [["id", 769]]
  [1m[35mCACHE (0.0ms)[0m  SELECT "places".* FROM "places" WHERE "places"."id" = $1 LIMIT 1  [["id", 1127]]
  [1m[36mCACHE (0.0ms)[0m  [1mSELECT "places".* FROM "places" WHERE "places"."id" = 1121 LIMIT 1[0m
  [1m[35mCACHE (0.0ms)[0m  select * from routes where startplace_id = 1121
  [1m[36mCACHE (0.0ms)[0m  [1mselect * from routes where endplace_id = 1121[0m
  [1m[35mCACHE (0.0ms)[0m  SELECT "places".* FROM "places" WHERE "places"."id" = $1 LIMIT 1  [["id", 1121]]
  [1m[36mCACHE (0.0ms)[0m  [1mSELECT "places".* FROM "places" WHERE "places"."id" = $1 LIMIT 1[0m  [["id", 1122]]
  [1m[35mCACHE (0.0ms)[0m  SELECT "places".* FROM "places" WHERE "places"."id" = $1 LIMIT 1  [["id", 976]]
  [1m[36mCACHE (0.0ms)[0m  [1mSELECT "places".* FROM "places" WHERE "places"."id" = 1121 LIMIT 1[0m
  [1m[35mCACHE (0.0ms)[0m  select * from routes where startplace_id = 1121
  [1m[36mCACHE (0.0ms)[0m  [1mselect * from routes where endplace_id = 1121[0m
  [1m[35mCACHE (0.0ms)[0m  SELECT "places".* FROM "places" WHERE "places"."id" = $1 LIMIT 1  [["id", 1121]]
  [1m[36mCACHE (0.0ms)[0m  [1mSELECT "places".* FROM "places" WHERE "places"."id" = $1 LIMIT 1[0m  [["id", 1122]]
  [1m[35mCACHE (0.0ms)[0m  SELECT "places".* FROM "places" WHERE "places"."id" = $1 LIMIT 1  [["id", 976]]
  [1m[36mCACHE (0.0ms)[0m  [1mSELECT "places".* FROM "places" WHERE "places"."id" = 1124 LIMIT 1[0m
  [1m[35mCACHE (0.0ms)[0m  select * from routes where startplace_id = 1124
  [1m[36mCACHE (0.1ms)[0m  [1mselect * from routes where endplace_id = 1124[0m
  [1m[35mCACHE (0.0ms)[0m  SELECT "places".* FROM "places" WHERE "places"."id" = $1 LIMIT 1  [["id", 1124]]
  [1m[36mCACHE (0.0ms)[0m  [1mSELECT "places".* FROM "places" WHERE "places"."id" = $1 LIMIT 1[0m  [["id", 1129]]
  [1m[35mCACHE (0.0ms)[0m  SELECT "places".* FROM "places" WHERE "places"."id" = $1 LIMIT 1  [["id", 1124]]
  [1m[36mCACHE (0.0ms)[0m  [1mSELECT "places".* FROM "places" WHERE "places"."id" = $1 LIMIT 1[0m  [["id", 974]]
  [1m[35mCACHE (0.0ms)[0m  SELECT "places".* FROM "places" WHERE "places"."id" = $1 LIMIT 1  [["id", 1123]]
  [1m[36mCACHE (0.0ms)[0m  [1mSELECT "places".* FROM "places" WHERE "places"."id" = 207 LIMIT 1[0m
  [1m[35mCACHE (0.0ms)[0m  select * from routes where startplace_id = 207
  [1m[36mCACHE (0.0ms)[0m  [1mselect * from routes where endplace_id = 207[0m
  [1m[35mCACHE (0.0ms)[0m  SELECT "places".* FROM "places" WHERE "places"."id" = $1 LIMIT 1  [["id", 207]]
  [1m[36mCACHE (0.0ms)[0m  [1mSELECT "places".* FROM "places" WHERE "places"."id" = $1 LIMIT 1[0m  [["id", 650]]
  [1m[35mCACHE (0.0ms)[0m  SELECT "places".* FROM "places" WHERE "places"."id" = $1 LIMIT 1  [["id", 207]]
  [1m[36mCACHE (0.0ms)[0m  [1mSELECT "places".* FROM "places" WHERE "places"."id" = $1 LIMIT 1[0m  [["id", 1133]]
  [1m[35mCACHE (0.0ms)[0m  SELECT "places".* FROM "places" WHERE "places"."id" = $1 LIMIT 1  [["id", 1129]]
  [1m[36mCACHE (0.0ms)[0m  [1mSELECT "places".* FROM "places" WHERE "places"."id" = 975 LIMIT 1[0m
  [1m[35mCACHE (0.0ms)[0m  select * from routes where startplace_id = 975
  [1m[36mCACHE (0.0ms)[0m  [1mselect * from routes where endplace_id = 975[0m
  [1m[35mCACHE (0.0ms)[0m  SELECT "places".* FROM "places" WHERE "places"."id" = $1 LIMIT 1  [["id", 975]]
  [1m[36mCACHE (0.0ms)[0m  [1mSELECT "places".* FROM "places" WHERE "places"."id" = $1 LIMIT 1[0m  [["id", 1129]]
  [1m[35mCACHE (0.0ms)[0m  SELECT "places".* FROM "places" WHERE "places"."id" = $1 LIMIT 1  [["id", 975]]
  [1m[36mCACHE (0.0ms)[0m  [1mSELECT "places".* FROM "places" WHERE "places"."id" = $1 LIMIT 1[0m  [["id", 1123]]
  [1m[35mCACHE (0.0ms)[0m  SELECT "places".* FROM "places" WHERE "places"."id" = $1 LIMIT 1  [["id", 1122]]
  [1m[36mCACHE (0.0ms)[0m  [1mSELECT "places".* FROM "places" WHERE "places"."id" = 207 LIMIT 1[0m
  [1m[35mCACHE (0.0ms)[0m  select * from routes where startplace_id = 207
  [1m[36mCACHE (0.0ms)[0m  [1mselect * from routes where endplace_id = 207[0m
  [1m[35mCACHE (0.0ms)[0m  SELECT "places".* FROM "places" WHERE "places"."id" = $1 LIMIT 1  [["id", 207]]
  [1m[36mCACHE (0.0ms)[0m  [1mSELECT "places".* FROM "places" WHERE "places"."id" = $1 LIMIT 1[0m  [["id", 650]]
  [1m[35mCACHE (0.0ms)[0m  SELECT "places".* FROM "places" WHERE "places"."id" = $1 LIMIT 1  [["id", 207]]
  [1m[36mCACHE (0.0ms)[0m  [1mSELECT "places".* FROM "places" WHERE "places"."id" = $1 LIMIT 1[0m  [["id", 1133]]
  [1m[35mCACHE (0.0ms)[0m  SELECT "places".* FROM "places" WHERE "places"."id" = $1 LIMIT 1  [["id", 1129]]
  [1m[36mCACHE (0.0ms)[0m  [1mSELECT "places".* FROM "places" WHERE "places"."id" = 650 LIMIT 1[0m
  [1m[35mCACHE (0.0ms)[0m  select * from routes where startplace_id = 650
  [1m[36mCACHE (0.0ms)[0m  [1mselect * from routes where endplace_id = 650[0m
  [1m[35mCACHE (0.0ms)[0m  SELECT "places".* FROM "places" WHERE "places"."id" = $1 LIMIT 1  [["id", 650]]
  [1m[36mCACHE (0.0ms)[0m  [1mSELECT "places".* FROM "places" WHERE "places"."id" = $1 LIMIT 1[0m  [["id", 45]]
  [1m[35mCACHE (0.0ms)[0m  SELECT "places".* FROM "places" WHERE "places"."id" = $1 LIMIT 1  [["id", 207]]
  [1m[36mCACHE (0.0ms)[0m  [1mSELECT "places".* FROM "places" WHERE "places"."id" = 976 LIMIT 1[0m
  [1m[35mCACHE (0.0ms)[0m  select * from routes where startplace_id = 976
  [1m[36mCACHE (0.0ms)[0m  [1mselect * from routes where endplace_id = 976[0m
  [1m[35mCACHE (0.0ms)[0m  SELECT "places".* FROM "places" WHERE "places"."id" = $1 LIMIT 1  [["id", 976]]
  [1m[36mCACHE (0.0ms)[0m  [1mSELECT "places".* FROM "places" WHERE "places"."id" = $1 LIMIT 1[0m  [["id", 1121]]
  [1m[35mCACHE (0.0ms)[0m  SELECT "places".* FROM "places" WHERE "places"."id" = $1 LIMIT 1  [["id", 976]]
  [1m[36mCACHE (0.0ms)[0m  [1mSELECT "places".* FROM "places" WHERE "places"."id" = $1 LIMIT 1[0m  [["id", 1119]]
  [1m[35mCACHE (0.0ms)[0m  SELECT "places".* FROM "places" WHERE "places"."id" = $1 LIMIT 1  [["id", 45]]
  [1m[36mCACHE (0.0ms)[0m  [1mSELECT "places".* FROM "places" WHERE "places"."id" = 1132 LIMIT 1[0m
  [1m[35mCACHE (0.0ms)[0m  select * from routes where startplace_id = 1132
  [1m[36mCACHE (0.0ms)[0m  [1mselect * from routes where endplace_id = 1132[0m
  [1m[35mCACHE (0.0ms)[0m  SELECT "places".* FROM "places" WHERE "places"."id" = $1 LIMIT 1  [["id", 1131]]
  [1m[36mCACHE (0.0ms)[0m  [1mSELECT "places".* FROM "places" WHERE "places"."id" = 1128 LIMIT 1[0m
  [1m[35mCACHE (0.0ms)[0m  select * from routes where startplace_id = 1128
  [1m[36mCACHE (0.0ms)[0m  [1mselect * from routes where endplace_id = 1128[0m
  [1m[35mCACHE (0.0ms)[0m  SELECT "places".* FROM "places" WHERE "places"."id" = $1 LIMIT 1  [["id", 1128]]
  [1m[36mCACHE (0.0ms)[0m  [1mSELECT "places".* FROM "places" WHERE "places"."id" = $1 LIMIT 1[0m  [["id", 419]]
  [1m[35mCACHE (0.0ms)[0m  SELECT "places".* FROM "places" WHERE "places"."id" = 650 LIMIT 1
  [1m[36mCACHE (0.0ms)[0m  [1mselect * from routes where startplace_id = 650[0m
  [1m[35mCACHE (0.0ms)[0m  select * from routes where endplace_id = 650
  [1m[36mCACHE (0.0ms)[0m  [1mSELECT "places".* FROM "places" WHERE "places"."id" = $1 LIMIT 1[0m  [["id", 650]]
  [1m[35mCACHE (0.0ms)[0m  SELECT "places".* FROM "places" WHERE "places"."id" = $1 LIMIT 1  [["id", 45]]
  [1m[36mCACHE (0.0ms)[0m  [1mSELECT "places".* FROM "places" WHERE "places"."id" = $1 LIMIT 1[0m  [["id", 207]]
  [1m[35mCACHE (0.0ms)[0m  SELECT "places".* FROM "places" WHERE "places"."id" = 1127 LIMIT 1
  [1m[36mCACHE (0.0ms)[0m  [1mselect * from routes where startplace_id = 1127[0m
  [1m[35mCACHE (0.0ms)[0m  select * from routes where endplace_id = 1127
  [1m[36mCACHE (0.0ms)[0m  [1mSELECT "places".* FROM "places" WHERE "places"."id" = $1 LIMIT 1[0m  [["id", 1127]]
  [1m[35mCACHE (0.0ms)[0m  SELECT "places".* FROM "places" WHERE "places"."id" = $1 LIMIT 1  [["id", 1126]]
  [1m[36mCACHE (0.0ms)[0m  [1mSELECT "places".* FROM "places" WHERE "places"."id" = $1 LIMIT 1[0m  [["id", 419]]
  [1m[35mCACHE (0.0ms)[0m  SELECT "places".* FROM "places" WHERE "places"."id" = 1130 LIMIT 1
  [1m[36mCACHE (0.0ms)[0m  [1mselect * from routes where startplace_id = 1130[0m
  [1m[35mCACHE (0.0ms)[0m  select * from routes where endplace_id = 1130
  [1m[36mCACHE (0.0ms)[0m  [1mSELECT "places".* FROM "places" WHERE "places"."id" = $1 LIMIT 1[0m  [["id", 1130]]
  [1m[35mCACHE (0.0ms)[0m  SELECT "places".* FROM "places" WHERE "places"."id" = $1 LIMIT 1  [["id", 974]]
  [1m[36mCACHE (0.0ms)[0m  [1mSELECT "places".* FROM "places" WHERE "places"."id" = $1 LIMIT 1[0m  [["id", 1126]]
  [1m[35mCACHE (0.0ms)[0m  SELECT "places".* FROM "places" WHERE "places"."id" = 1122 LIMIT 1
  [1m[36mCACHE (0.0ms)[0m  [1mselect * from routes where startplace_id = 1122[0m
  [1m[35mCACHE (0.0ms)[0m  select * from routes where endplace_id = 1122
  [1m[36mCACHE (0.0ms)[0m  [1mSELECT "places".* FROM "places" WHERE "places"."id" = $1 LIMIT 1[0m  [["id", 1122]]
  [1m[35mCACHE (0.0ms)[0m  SELECT "places".* FROM "places" WHERE "places"."id" = $1 LIMIT 1  [["id", 975]]
  [1m[36mCACHE (0.0ms)[0m  [1mSELECT "places".* FROM "places" WHERE "places"."id" = $1 LIMIT 1[0m  [["id", 1121]]
BNewroutes
271
{:place=>974, :route=>[272, 22, 218, 217, -244, -245], :url=>"xrv-246xrv-245xrv-244xrv217xrv218xrv22xrv272"}
{:place=>769, :route=>[-227, 240, 239, 272, 22, 218, 217, -244, -245], :url=>"xrv-246xrv-245xrv-244xrv217xrv218xrv22xrv272xrv239xrv240xrv-227"}
{:place=>1125, :route=>[225, 223, 224, 272, 22, 218, 217, -244, -245], :url=>"xrv-246xrv-245xrv-244xrv217xrv218xrv22xrv272xrv224xrv223xrv225"}
{:place=>207, :route=>[-235, -237, 224, 272, 22, 218, 217, -244, -245], :url=>"xrv-246xrv-245xrv-244xrv217xrv218xrv22xrv272xrv224xrv-237xrv-235"}
{:place=>419, :route=>[229, 228, 240, 239, 272, 22, 218, 217, -244, -245], :url=>"xrv-246xrv-245xrv-244xrv217xrv218xrv22xrv272xrv239xrv240xrv228xrv229"}
{:place=>1125, :route=>[-226, -227, 240, 239, 272, 22, 218, 217, -244, -245], :url=>"xrv-246xrv-245xrv-244xrv217xrv218xrv22xrv272xrv239xrv240xrv-227xrv-226"}
{:place=>769, :route=>[226, 225, 223, 224, 272, 22, 218, 217, -244, -245], :url=>"xrv-246xrv-245xrv-244xrv217xrv218xrv22xrv272xrv224xrv223xrv225xrv226"}
{:place=>650, :route=>[-234, -235, -237, 224, 272, 22, 218, 217, -244, -245], :url=>"xrv-246xrv-245xrv-244xrv217xrv218xrv22xrv272xrv224xrv-237xrv-235xrv-234"}
{:place=>1128, :route=>[230, 229, 228, 240, 239, 272, 22, 218, 217, -244, -245], :url=>"xrv-246xrv-245xrv-244xrv217xrv218xrv22xrv272xrv239xrv240xrv228xrv229xrv230"}
{:place=>207, :route=>[-235, -238, 222, 223, 224, 272, 22, 218, 217, -244, -245], :url=>"xrv-246xrv-245xrv-244xrv217xrv218xrv22xrv272xrv224xrv223xrv222xrv-238xrv-235"}
{:place=>1125, :route=>[225, -222, 238, -237, 224, 272, 22, 218, 217, -244, -245], :url=>"xrv-246xrv-245xrv-244xrv217xrv218xrv22xrv272xrv224xrv-237xrv238xrv-222xrv225"}
{:place=>45, :route=>[-233, -234, -235, -237, 224, 272, 22, 218, 217, -244, -245], :url=>"xrv-246xrv-245xrv-244xrv217xrv218xrv22xrv272xrv224xrv-237xrv-235xrv-234xrv-233"}
{:place=>976, :route=>[220, 21, 221, 222, 223, 224, 272, 22, 218, 217, -244, -245], :url=>"xrv-246xrv-245xrv-244xrv217xrv218xrv22xrv272xrv224xrv223xrv222xrv221xrv21xrv220"}
{:place=>650, :route=>[-234, -235, -238, 222, 223, 224, 272, 22, 218, 217, -244, -245], :url=>"xrv-246xrv-245xrv-244xrv217xrv218xrv22xrv272xrv224xrv223xrv222xrv-238xrv-235xrv-234"}
{:place=>976, :route=>[220, 21, 221, 238, -237, 224, 272, 22, 218, 217, -244, -245], :url=>"xrv-246xrv-245xrv-244xrv217xrv218xrv22xrv272xrv224xrv-237xrv238xrv221xrv21xrv220"}
{:place=>769, :route=>[226, 225, -222, 238, -237, 224, 272, 22, 218, 217, -244, -245], :url=>"xrv-246xrv-245xrv-244xrv217xrv218xrv22xrv272xrv224xrv-237xrv238xrv-222xrv225xrv226"}
{:place=>976, :route=>[-231, -233, -234, -235, -237, 224, 272, 22, 218, 217, -244, -245], :url=>"xrv-246xrv-245xrv-244xrv217xrv218xrv22xrv272xrv224xrv-237xrv-235xrv-234xrv-233xrv-231"}
{:place=>1132, :route=>[-241, -242, -243, -235, -237, 224, 272, 22, 218, 217, -244, -245], :url=>"xrv-246xrv-245xrv-244xrv217xrv218xrv22xrv272xrv224xrv-237xrv-235xrv-243xrv-242xrv-241"}
{:place=>45, :route=>[231, 220, 21, 221, 222, 223, 224, 272, 22, 218, 217, -244, -245], :url=>"xrv-246xrv-245xrv-244xrv217xrv218xrv22xrv272xrv224xrv223xrv222xrv221xrv21xrv220xrv231"}
{:place=>45, :route=>[-233, -234, -235, -238, 222, 223, 224, 272, 22, 218, 217, -244, -245], :url=>"xrv-246xrv-245xrv-244xrv217xrv218xrv22xrv272xrv224xrv223xrv222xrv-238xrv-235xrv-234xrv-233"}
{:place=>419, :route=>[229, 228, 227, 226, 225, 223, 224, 272, 22, 218, 217, -244, -245], :url=>"xrv-246xrv-245xrv-244xrv217xrv218xrv22xrv272xrv224xrv223xrv225xrv226xrv227xrv228xrv229"}
{:place=>1130, :route=>[-240, 227, 226, 225, 223, 224, 272, 22, 218, 217, -244, -245], :url=>"xrv-246xrv-245xrv-244xrv217xrv218xrv22xrv272xrv224xrv223xrv225xrv226xrv227xrv-240"}
{:place=>45, :route=>[231, 220, 21, 221, 238, -237, 224, 272, 22, 218, 217, -244, -245], :url=>"xrv-246xrv-245xrv-244xrv217xrv218xrv22xrv272xrv224xrv-237xrv238xrv221xrv21xrv220xrv231"}
{:place=>207, :route=>[-235, -238, 222, -225, -226, -227, 240, 239, 272, 22, 218, 217, -244, -245], :url=>"xrv-246xrv-245xrv-244xrv217xrv218xrv22xrv272xrv239xrv240xrv-227xrv-226xrv-225xrv222xrv-238xrv-235"}
{:place=>207, :route=>[-235, -237, -223, -225, -226, -227, 240, 239, 272, 22, 218, 217, -244, -245], :url=>"xrv-246xrv-245xrv-244xrv217xrv218xrv22xrv272xrv239xrv240xrv-227xrv-226xrv-225xrv-223xrv-237xrv-235"}
{:place=>650, :route=>[233, 231, 220, 21, 221, 222, 223, 224, 272, 22, 218, 217, -244, -245], :url=>"xrv-246xrv-245xrv-244xrv217xrv218xrv22xrv272xrv224xrv223xrv222xrv221xrv21xrv220xrv231xrv233"}
{:place=>976, :route=>[-231, -233, -234, -235, -238, 222, 223, 224, 272, 22, 218, 217, -244, -245], :url=>"xrv-246xrv-245xrv-244xrv217xrv218xrv22xrv272xrv224xrv223xrv222xrv-238xrv-235xrv-234xrv-233xrv-231"}
{:place=>1132, :route=>[-241, -242, -243, -235, -238, 222, 223, 224, 272, 22, 218, 217, -244, -245], :url=>"xrv-246xrv-245xrv-244xrv217xrv218xrv22xrv272xrv224xrv223xrv222xrv-238xrv-235xrv-243xrv-242xrv-241"}
{:place=>1128, :route=>[230, 229, 228, 227, 226, 225, 223, 224, 272, 22, 218, 217, -244, -245], :url=>"xrv-246xrv-245xrv-244xrv217xrv218xrv22xrv272xrv224xrv223xrv225xrv226xrv227xrv228xrv229xrv230"}
{:place=>650, :route=>[233, 231, 220, 21, 221, 238, -237, 224, 272, 22, 218, 217, -244, -245], :url=>"xrv-246xrv-245xrv-244xrv217xrv218xrv22xrv272xrv224xrv-237xrv238xrv221xrv21xrv220xrv231xrv233"}
{:place=>976, :route=>[220, 21, 221, 222, -225, -226, -227, 240, 239, 272, 22, 218, 217, -244, -245], :url=>"xrv-246xrv-245xrv-244xrv217xrv218xrv22xrv272xrv239xrv240xrv-227xrv-226xrv-225xrv222xrv221xrv21xrv220"}
{:place=>1124, :route=>[237, -238, 222, -225, -226, -227, 240, 239, 272, 22, 218, 217, -244, -245], :url=>"xrv-246xrv-245xrv-244xrv217xrv218xrv22xrv272xrv239xrv240xrv-227xrv-226xrv-225xrv222xrv-238xrv237"}
{:place=>650, :route=>[-234, -235, -238, 222, -225, -226, -227, 240, 239, 272, 22, 218, 217, -244, -245], :url=>"xrv-246xrv-245xrv-244xrv217xrv218xrv22xrv272xrv239xrv240xrv-227xrv-226xrv-225xrv222xrv-238xrv-235xrv-234"}
{:place=>650, :route=>[-234, -235, -237, -223, -225, -226, -227, 240, 239, 272, 22, 218, 217, -244, -245], :url=>"xrv-246xrv-245xrv-244xrv217xrv218xrv22xrv272xrv239xrv240xrv-227xrv-226xrv-225xrv-223xrv-237xrv-235xrv-234"}
{:place=>207, :route=>[234, 233, 231, 220, 21, 221, 222, 223, 224, 272, 22, 218, 217, -244, -245], :url=>"xrv-246xrv-245xrv-244xrv217xrv218xrv22xrv272xrv224xrv223xrv222xrv221xrv21xrv220xrv231xrv233xrv234"}
{:place=>207, :route=>[234, 233, 231, 220, 21, 221, 238, -237, 224, 272, 22, 218, 217, -244, -245], :url=>"xrv-246xrv-245xrv-244xrv217xrv218xrv22xrv272xrv224xrv-237xrv238xrv221xrv21xrv220xrv231xrv233xrv234"}
{:place=>419, :route=>[229, 228, 227, 226, 225, -222, 238, -237, 224, 272, 22, 218, 217, -244, -245], :url=>"xrv-246xrv-245xrv-244xrv217xrv218xrv22xrv272xrv224xrv-237xrv238xrv-222xrv225xrv226xrv227xrv228xrv229"}
{:place=>1130, :route=>[-240, 227, 226, 225, -222, 238, -237, 224, 272, 22, 218, 217, -244, -245], :url=>"xrv-246xrv-245xrv-244xrv217xrv218xrv22xrv272xrv224xrv-237xrv238xrv-222xrv225xrv226xrv227xrv-240"}
  [1m[35mCACHE (0.0ms)[0m  SELECT "places".* FROM "places" WHERE "places"."id" = 974 LIMIT 1
  [1m[36m (1.6ms)[0m  [1mSELECT COUNT(*) FROM "route_indices" WHERE (url = 'xrv-246xrv-245xrv-244xrv217xrv218xrv22xrv272')[0m
  [1m[35mPlaceType Load (0.3ms)[0m  select * from place_types where name='Roadend'
  [1m[36mSQL (0.6ms)[0m  [1mINSERT INTO "route_indices" ("created_at", "endplace_id", "isDest", "startplace_id", "updated_at", "url") VALUES ($1, $2, $3, $4, $5, $6) RETURNING "id"[0m  [["created_at", Mon, 27 Oct 2014 10:08:07 NZDT +13:00], ["endplace_id", 974], ["isDest", true], ["startplace_id", 271], ["updated_at", Mon, 27 Oct 2014 10:08:07 NZDT +13:00], ["url", "xrv-246xrv-245xrv-244xrv217xrv218xrv22xrv272"]]
  [1m[35mPlace Load (0.3ms)[0m  SELECT "places".* FROM "places" WHERE "places"."id" = 769 LIMIT 1
  [1m[36m (1.1ms)[0m  [1mSELECT COUNT(*) FROM "route_indices" WHERE (url = 'xrv-246xrv-245xrv-244xrv217xrv218xrv22xrv272xrv239xrv240xrv-227')[0m
  [1m[35mPlaceType Load (0.2ms)[0m  select * from place_types where name='Hut'
  [1m[36mSQL (0.4ms)[0m  [1mINSERT INTO "route_indices" ("created_at", "endplace_id", "isDest", "startplace_id", "updated_at", "url") VALUES ($1, $2, $3, $4, $5, $6) RETURNING "id"[0m  [["created_at", Mon, 27 Oct 2014 10:08:07 NZDT +13:00], ["endplace_id", 769], ["isDest", true], ["startplace_id", 271], ["updated_at", Mon, 27 Oct 2014 10:08:07 NZDT +13:00], ["url", "xrv-246xrv-245xrv-244xrv217xrv218xrv22xrv272xrv239xrv240xrv-227"]]
  [1m[35mPlace Load (0.3ms)[0m  SELECT "places".* FROM "places" WHERE "places"."id" = 1125 LIMIT 1
  [1m[36m (1.0ms)[0m  [1mSELECT COUNT(*) FROM "route_indices" WHERE (url = 'xrv-246xrv-245xrv-244xrv217xrv218xrv22xrv272xrv224xrv223xrv225')[0m
  [1m[35mPlaceType Load (0.2ms)[0m  select * from place_types where name='Campsite'
  [1m[36mSQL (0.4ms)[0m  [1mINSERT INTO "route_indices" ("created_at", "endplace_id", "isDest", "startplace_id", "updated_at", "url") VALUES ($1, $2, $3, $4, $5, $6) RETURNING "id"[0m  [["created_at", Mon, 27 Oct 2014 10:08:07 NZDT +13:00], ["endplace_id", 1125], ["isDest", true], ["startplace_id", 271], ["updated_at", Mon, 27 Oct 2014 10:08:07 NZDT +13:00], ["url", "xrv-246xrv-245xrv-244xrv217xrv218xrv22xrv272xrv224xrv223xrv225"]]
  [1m[35mPlace Load (0.3ms)[0m  SELECT "places".* FROM "places" WHERE "places"."id" = 207 LIMIT 1
  [1m[36m (1.1ms)[0m  [1mSELECT COUNT(*) FROM "route_indices" WHERE (url = 'xrv-246xrv-245xrv-244xrv217xrv218xrv22xrv272xrv224xrv-237xrv-235')[0m
  [1m[35mPlaceType Load (0.2ms)[0m  select * from place_types where name='Hut'
  [1m[36mSQL (0.4ms)[0m  [1mINSERT INTO "route_indices" ("created_at", "endplace_id", "isDest", "startplace_id", "updated_at", "url") VALUES ($1, $2, $3, $4, $5, $6) RETURNING "id"[0m  [["created_at", Mon, 27 Oct 2014 10:08:07 NZDT +13:00], ["endplace_id", 207], ["isDest", true], ["startplace_id", 271], ["updated_at", Mon, 27 Oct 2014 10:08:07 NZDT +13:00], ["url", "xrv-246xrv-245xrv-244xrv217xrv218xrv22xrv272xrv224xrv-237xrv-235"]]
  [1m[35mPlace Load (0.3ms)[0m  SELECT "places".* FROM "places" WHERE "places"."id" = 419 LIMIT 1
  [1m[36m (1.0ms)[0m  [1mSELECT COUNT(*) FROM "route_indices" WHERE (url = 'xrv-246xrv-245xrv-244xrv217xrv218xrv22xrv272xrv239xrv240xrv228xrv229')[0m
  [1m[35mPlaceType Load (0.2ms)[0m  select * from place_types where name='Hut'
  [1m[36mSQL (0.4ms)[0m  [1mINSERT INTO "route_indices" ("created_at", "endplace_id", "isDest", "startplace_id", "updated_at", "url") VALUES ($1, $2, $3, $4, $5, $6) RETURNING "id"[0m  [["created_at", Mon, 27 Oct 2014 10:08:07 NZDT +13:00], ["endplace_id", 419], ["isDest", true], ["startplace_id", 271], ["updated_at", Mon, 27 Oct 2014 10:08:07 NZDT +13:00], ["url", "xrv-246xrv-245xrv-244xrv217xrv218xrv22xrv272xrv239xrv240xrv228xrv229"]]
  [1m[35mPlace Load (0.2ms)[0m  SELECT "places".* FROM "places" WHERE "places"."id" = 1125 LIMIT 1
  [1m[36m (1.0ms)[0m  [1mSELECT COUNT(*) FROM "route_indices" WHERE (url = 'xrv-246xrv-245xrv-244xrv217xrv218xrv22xrv272xrv239xrv240xrv-227xrv-226')[0m
  [1m[35mPlaceType Load (0.2ms)[0m  select * from place_types where name='Campsite'
  [1m[36mSQL (0.4ms)[0m  [1mINSERT INTO "route_indices" ("created_at", "endplace_id", "isDest", "startplace_id", "updated_at", "url") VALUES ($1, $2, $3, $4, $5, $6) RETURNING "id"[0m  [["created_at", Mon, 27 Oct 2014 10:08:07 NZDT +13:00], ["endplace_id", 1125], ["isDest", true], ["startplace_id", 271], ["updated_at", Mon, 27 Oct 2014 10:08:07 NZDT +13:00], ["url", "xrv-246xrv-245xrv-244xrv217xrv218xrv22xrv272xrv239xrv240xrv-227xrv-226"]]
  [1m[35mPlace Load (0.3ms)[0m  SELECT "places".* FROM "places" WHERE "places"."id" = 769 LIMIT 1
  [1m[36m (1.1ms)[0m  [1mSELECT COUNT(*) FROM "route_indices" WHERE (url = 'xrv-246xrv-245xrv-244xrv217xrv218xrv22xrv272xrv224xrv223xrv225xrv226')[0m
  [1m[35mPlaceType Load (0.2ms)[0m  select * from place_types where name='Hut'
  [1m[36mSQL (0.3ms)[0m  [1mINSERT INTO "route_indices" ("created_at", "endplace_id", "isDest", "startplace_id", "updated_at", "url") VALUES ($1, $2, $3, $4, $5, $6) RETURNING "id"[0m  [["created_at", Mon, 27 Oct 2014 10:08:07 NZDT +13:00], ["endplace_id", 769], ["isDest", true], ["startplace_id", 271], ["updated_at", Mon, 27 Oct 2014 10:08:07 NZDT +13:00], ["url", "xrv-246xrv-245xrv-244xrv217xrv218xrv22xrv272xrv224xrv223xrv225xrv226"]]
  [1m[35mPlace Load (0.3ms)[0m  SELECT "places".* FROM "places" WHERE "places"."id" = 650 LIMIT 1
  [1m[36m (1.0ms)[0m  [1mSELECT COUNT(*) FROM "route_indices" WHERE (url = 'xrv-246xrv-245xrv-244xrv217xrv218xrv22xrv272xrv224xrv-237xrv-235xrv-234')[0m
  [1m[35mPlaceType Load (0.2ms)[0m  select * from place_types where name='Hut'
  [1m[36mSQL (0.4ms)[0m  [1mINSERT INTO "route_indices" ("created_at", "endplace_id", "isDest", "startplace_id", "updated_at", "url") VALUES ($1, $2, $3, $4, $5, $6) RETURNING "id"[0m  [["created_at", Mon, 27 Oct 2014 10:08:07 NZDT +13:00], ["endplace_id", 650], ["isDest", true], ["startplace_id", 271], ["updated_at", Mon, 27 Oct 2014 10:08:07 NZDT +13:00], ["url", "xrv-246xrv-245xrv-244xrv217xrv218xrv22xrv272xrv224xrv-237xrv-235xrv-234"]]
  [1m[35mPlace Load (0.3ms)[0m  SELECT "places".* FROM "places" WHERE "places"."id" = 1128 LIMIT 1
  [1m[36m (1.0ms)[0m  [1mSELECT COUNT(*) FROM "route_indices" WHERE (url = 'xrv-246xrv-245xrv-244xrv217xrv218xrv22xrv272xrv239xrv240xrv228xrv229xrv230')[0m
  [1m[35mPlaceType Load (0.2ms)[0m  select * from place_types where name='Roadend'
  [1m[36mSQL (0.4ms)[0m  [1mINSERT INTO "route_indices" ("created_at", "endplace_id", "isDest", "startplace_id", "updated_at", "url") VALUES ($1, $2, $3, $4, $5, $6) RETURNING "id"[0m  [["created_at", Mon, 27 Oct 2014 10:08:07 NZDT +13:00], ["endplace_id", 1128], ["isDest", true], ["startplace_id", 271], ["updated_at", Mon, 27 Oct 2014 10:08:07 NZDT +13:00], ["url", "xrv-246xrv-245xrv-244xrv217xrv218xrv22xrv272xrv239xrv240xrv228xrv229xrv230"]]
  [1m[35mPlace Load (0.3ms)[0m  SELECT "places".* FROM "places" WHERE "places"."id" = 207 LIMIT 1
  [1m[36m (1.0ms)[0m  [1mSELECT COUNT(*) FROM "route_indices" WHERE (url = 'xrv-246xrv-245xrv-244xrv217xrv218xrv22xrv272xrv224xrv223xrv222xrv-238xrv-235')[0m
  [1m[35mPlaceType Load (0.2ms)[0m  select * from place_types where name='Hut'
  [1m[36mSQL (0.4ms)[0m  [1mINSERT INTO "route_indices" ("created_at", "endplace_id", "isDest", "startplace_id", "updated_at", "url") VALUES ($1, $2, $3, $4, $5, $6) RETURNING "id"[0m  [["created_at", Mon, 27 Oct 2014 10:08:07 NZDT +13:00], ["endplace_id", 207], ["isDest", true], ["startplace_id", 271], ["updated_at", Mon, 27 Oct 2014 10:08:07 NZDT +13:00], ["url", "xrv-246xrv-245xrv-244xrv217xrv218xrv22xrv272xrv224xrv223xrv222xrv-238xrv-235"]]
  [1m[35mPlace Load (0.2ms)[0m  SELECT "places".* FROM "places" WHERE "places"."id" = 1125 LIMIT 1
  [1m[36m (1.1ms)[0m  [1mSELECT COUNT(*) FROM "route_indices" WHERE (url = 'xrv-246xrv-245xrv-244xrv217xrv218xrv22xrv272xrv224xrv-237xrv238xrv-222xrv225')[0m
  [1m[35mPlaceType Load (0.2ms)[0m  select * from place_types where name='Campsite'
  [1m[36mSQL (0.3ms)[0m  [1mINSERT INTO "route_indices" ("created_at", "endplace_id", "isDest", "startplace_id", "updated_at", "url") VALUES ($1, $2, $3, $4, $5, $6) RETURNING "id"[0m  [["created_at", Mon, 27 Oct 2014 10:08:07 NZDT +13:00], ["endplace_id", 1125], ["isDest", true], ["startplace_id", 271], ["updated_at", Mon, 27 Oct 2014 10:08:07 NZDT +13:00], ["url", "xrv-246xrv-245xrv-244xrv217xrv218xrv22xrv272xrv224xrv-237xrv238xrv-222xrv225"]]
  [1m[35mPlace Load (0.3ms)[0m  SELECT "places".* FROM "places" WHERE "places"."id" = 45 LIMIT 1
  [1m[36m (1.1ms)[0m  [1mSELECT COUNT(*) FROM "route_indices" WHERE (url = 'xrv-246xrv-245xrv-244xrv217xrv218xrv22xrv272xrv224xrv-237xrv-235xrv-234xrv-233')[0m
  [1m[35mPlaceType Load (0.2ms)[0m  select * from place_types where name='Hut'
  [1m[36mSQL (0.4ms)[0m  [1mINSERT INTO "route_indices" ("created_at", "endplace_id", "isDest", "startplace_id", "updated_at", "url") VALUES ($1, $2, $3, $4, $5, $6) RETURNING "id"[0m  [["created_at", Mon, 27 Oct 2014 10:08:07 NZDT +13:00], ["endplace_id", 45], ["isDest", true], ["startplace_id", 271], ["updated_at", Mon, 27 Oct 2014 10:08:07 NZDT +13:00], ["url", "xrv-246xrv-245xrv-244xrv217xrv218xrv22xrv272xrv224xrv-237xrv-235xrv-234xrv-233"]]
  [1m[35mPlace Load (0.3ms)[0m  SELECT "places".* FROM "places" WHERE "places"."id" = 976 LIMIT 1
  [1m[36m (1.0ms)[0m  [1mSELECT COUNT(*) FROM "route_indices" WHERE (url = 'xrv-246xrv-245xrv-244xrv217xrv218xrv22xrv272xrv224xrv223xrv222xrv221xrv21xrv220')[0m
  [1m[35mPlaceType Load (0.2ms)[0m  select * from place_types where name='Summit'
  [1m[36mSQL (0.4ms)[0m  [1mINSERT INTO "route_indices" ("created_at", "endplace_id", "isDest", "startplace_id", "updated_at", "url") VALUES ($1, $2, $3, $4, $5, $6) RETURNING "id"[0m  [["created_at", Mon, 27 Oct 2014 10:08:07 NZDT +13:00], ["endplace_id", 976], ["isDest", true], ["startplace_id", 271], ["updated_at", Mon, 27 Oct 2014 10:08:07 NZDT +13:00], ["url", "xrv-246xrv-245xrv-244xrv217xrv218xrv22xrv272xrv224xrv223xrv222xrv221xrv21xrv220"]]
  [1m[35mPlace Load (0.3ms)[0m  SELECT "places".* FROM "places" WHERE "places"."id" = 650 LIMIT 1
  [1m[36m (1.0ms)[0m  [1mSELECT COUNT(*) FROM "route_indices" WHERE (url = 'xrv-246xrv-245xrv-244xrv217xrv218xrv22xrv272xrv224xrv223xrv222xrv-238xrv-235xrv-234')[0m
  [1m[35mPlaceType Load (0.2ms)[0m  select * from place_types where name='Hut'
  [1m[36mSQL (0.4ms)[0m  [1mINSERT INTO "route_indices" ("created_at", "endplace_id", "isDest", "startplace_id", "updated_at", "url") VALUES ($1, $2, $3, $4, $5, $6) RETURNING "id"[0m  [["created_at", Mon, 27 Oct 2014 10:08:07 NZDT +13:00], ["endplace_id", 650], ["isDest", true], ["startplace_id", 271], ["updated_at", Mon, 27 Oct 2014 10:08:07 NZDT +13:00], ["url", "xrv-246xrv-245xrv-244xrv217xrv218xrv22xrv272xrv224xrv223xrv222xrv-238xrv-235xrv-234"]]
  [1m[35mPlace Load (0.3ms)[0m  SELECT "places".* FROM "places" WHERE "places"."id" = 976 LIMIT 1
  [1m[36m (1.1ms)[0m  [1mSELECT COUNT(*) FROM "route_indices" WHERE (url = 'xrv-246xrv-245xrv-244xrv217xrv218xrv22xrv272xrv224xrv-237xrv238xrv221xrv21xrv220')[0m
  [1m[35mPlaceType Load (0.2ms)[0m  select * from place_types where name='Summit'
  [1m[36mSQL (0.4ms)[0m  [1mINSERT INTO "route_indices" ("created_at", "endplace_id", "isDest", "startplace_id", "updated_at", "url") VALUES ($1, $2, $3, $4, $5, $6) RETURNING "id"[0m  [["created_at", Mon, 27 Oct 2014 10:08:07 NZDT +13:00], ["endplace_id", 976], ["isDest", true], ["startplace_id", 271], ["updated_at", Mon, 27 Oct 2014 10:08:07 NZDT +13:00], ["url", "xrv-246xrv-245xrv-244xrv217xrv218xrv22xrv272xrv224xrv-237xrv238xrv221xrv21xrv220"]]
  [1m[35mPlace Load (0.2ms)[0m  SELECT "places".* FROM "places" WHERE "places"."id" = 769 LIMIT 1
  [1m[36m (1.1ms)[0m  [1mSELECT COUNT(*) FROM "route_indices" WHERE (url = 'xrv-246xrv-245xrv-244xrv217xrv218xrv22xrv272xrv224xrv-237xrv238xrv-222xrv225xrv226')[0m
  [1m[35mPlaceType Load (0.2ms)[0m  select * from place_types where name='Hut'
  [1m[36mSQL (0.4ms)[0m  [1mINSERT INTO "route_indices" ("created_at", "endplace_id", "isDest", "startplace_id", "updated_at", "url") VALUES ($1, $2, $3, $4, $5, $6) RETURNING "id"[0m  [["created_at", Mon, 27 Oct 2014 10:08:07 NZDT +13:00], ["endplace_id", 769], ["isDest", true], ["startplace_id", 271], ["updated_at", Mon, 27 Oct 2014 10:08:07 NZDT +13:00], ["url", "xrv-246xrv-245xrv-244xrv217xrv218xrv22xrv272xrv224xrv-237xrv238xrv-222xrv225xrv226"]]
  [1m[35mPlace Load (0.3ms)[0m  SELECT "places".* FROM "places" WHERE "places"."id" = 976 LIMIT 1
  [1m[36m (1.1ms)[0m  [1mSELECT COUNT(*) FROM "route_indices" WHERE (url = 'xrv-246xrv-245xrv-244xrv217xrv218xrv22xrv272xrv224xrv-237xrv-235xrv-234xrv-233xrv-231')[0m
  [1m[35mPlaceType Load (0.2ms)[0m  select * from place_types where name='Summit'
  [1m[36mSQL (0.4ms)[0m  [1mINSERT INTO "route_indices" ("created_at", "endplace_id", "isDest", "startplace_id", "updated_at", "url") VALUES ($1, $2, $3, $4, $5, $6) RETURNING "id"[0m  [["created_at", Mon, 27 Oct 2014 10:08:07 NZDT +13:00], ["endplace_id", 976], ["isDest", true], ["startplace_id", 271], ["updated_at", Mon, 27 Oct 2014 10:08:07 NZDT +13:00], ["url", "xrv-246xrv-245xrv-244xrv217xrv218xrv22xrv272xrv224xrv-237xrv-235xrv-234xrv-233xrv-231"]]
  [1m[35mPlace Load (0.3ms)[0m  SELECT "places".* FROM "places" WHERE "places"."id" = 1132 LIMIT 1
  [1m[36m (1.0ms)[0m  [1mSELECT COUNT(*) FROM "route_indices" WHERE (url = 'xrv-246xrv-245xrv-244xrv217xrv218xrv22xrv272xrv224xrv-237xrv-235xrv-243xrv-242xrv-241')[0m
  [1m[35mPlaceType Load (0.2ms)[0m  select * from place_types where name='Campsite'
  [1m[36mSQL (0.4ms)[0m  [1mINSERT INTO "route_indices" ("created_at", "endplace_id", "isDest", "startplace_id", "updated_at", "url") VALUES ($1, $2, $3, $4, $5, $6) RETURNING "id"[0m  [["created_at", Mon, 27 Oct 2014 10:08:07 NZDT +13:00], ["endplace_id", 1132], ["isDest", true], ["startplace_id", 271], ["updated_at", Mon, 27 Oct 2014 10:08:07 NZDT +13:00], ["url", "xrv-246xrv-245xrv-244xrv217xrv218xrv22xrv272xrv224xrv-237xrv-235xrv-243xrv-242xrv-241"]]
  [1m[35mPlace Load (0.3ms)[0m  SELECT "places".* FROM "places" WHERE "places"."id" = 45 LIMIT 1
  [1m[36m (1.0ms)[0m  [1mSELECT COUNT(*) FROM "route_indices" WHERE (url = 'xrv-246xrv-245xrv-244xrv217xrv218xrv22xrv272xrv224xrv223xrv222xrv221xrv21xrv220xrv231')[0m
  [1m[35mPlaceType Load (0.2ms)[0m  select * from place_types where name='Hut'
  [1m[36mSQL (0.4ms)[0m  [1mINSERT INTO "route_indices" ("created_at", "endplace_id", "isDest", "startplace_id", "updated_at", "url") VALUES ($1, $2, $3, $4, $5, $6) RETURNING "id"[0m  [["created_at", Mon, 27 Oct 2014 10:08:07 NZDT +13:00], ["endplace_id", 45], ["isDest", true], ["startplace_id", 271], ["updated_at", Mon, 27 Oct 2014 10:08:07 NZDT +13:00], ["url", "xrv-246xrv-245xrv-244xrv217xrv218xrv22xrv272xrv224xrv223xrv222xrv221xrv21xrv220xrv231"]]
  [1m[35mPlace Load (0.3ms)[0m  SELECT "places".* FROM "places" WHERE "places"."id" = 45 LIMIT 1
  [1m[36m (1.0ms)[0m  [1mSELECT COUNT(*) FROM "route_indices" WHERE (url = 'xrv-246xrv-245xrv-244xrv217xrv218xrv22xrv272xrv224xrv223xrv222xrv-238xrv-235xrv-234xrv-233')[0m
  [1m[35mPlaceType Load (0.2ms)[0m  select * from place_types where name='Hut'
  [1m[36mSQL (0.4ms)[0m  [1mINSERT INTO "route_indices" ("created_at", "endplace_id", "isDest", "startplace_id", "updated_at", "url") VALUES ($1, $2, $3, $4, $5, $6) RETURNING "id"[0m  [["created_at", Mon, 27 Oct 2014 10:08:07 NZDT +13:00], ["endplace_id", 45], ["isDest", true], ["startplace_id", 271], ["updated_at", Mon, 27 Oct 2014 10:08:07 NZDT +13:00], ["url", "xrv-246xrv-245xrv-244xrv217xrv218xrv22xrv272xrv224xrv223xrv222xrv-238xrv-235xrv-234xrv-233"]]
  [1m[35mPlace Load (0.3ms)[0m  SELECT "places".* FROM "places" WHERE "places"."id" = 419 LIMIT 1
  [1m[36m (1.0ms)[0m  [1mSELECT COUNT(*) FROM "route_indices" WHERE (url = 'xrv-246xrv-245xrv-244xrv217xrv218xrv22xrv272xrv224xrv223xrv225xrv226xrv227xrv228xrv229')[0m
  [1m[35mPlaceType Load (0.2ms)[0m  select * from place_types where name='Hut'
  [1m[36mSQL (0.3ms)[0m  [1mINSERT INTO "route_indices" ("created_at", "endplace_id", "isDest", "startplace_id", "updated_at", "url") VALUES ($1, $2, $3, $4, $5, $6) RETURNING "id"[0m  [["created_at", Mon, 27 Oct 2014 10:08:07 NZDT +13:00], ["endplace_id", 419], ["isDest", true], ["startplace_id", 271], ["updated_at", Mon, 27 Oct 2014 10:08:07 NZDT +13:00], ["url", "xrv-246xrv-245xrv-244xrv217xrv218xrv22xrv272xrv224xrv223xrv225xrv226xrv227xrv228xrv229"]]
  [1m[35mPlace Load (0.2ms)[0m  SELECT "places".* FROM "places" WHERE "places"."id" = 1130 LIMIT 1
  [1m[36m (1.0ms)[0m  [1mSELECT COUNT(*) FROM "route_indices" WHERE (url = 'xrv-246xrv-245xrv-244xrv217xrv218xrv22xrv272xrv224xrv223xrv225xrv226xrv227xrv-240')[0m
  [1m[35mPlaceType Load (0.2ms)[0m  select * from place_types where name='Junction'
  [1m[36mSQL (0.3ms)[0m  [1mINSERT INTO "route_indices" ("created_at", "endplace_id", "isDest", "startplace_id", "updated_at", "url") VALUES ($1, $2, $3, $4, $5, $6) RETURNING "id"[0m  [["created_at", Mon, 27 Oct 2014 10:08:07 NZDT +13:00], ["endplace_id", 1130], ["isDest", false], ["startplace_id", 271], ["updated_at", Mon, 27 Oct 2014 10:08:07 NZDT +13:00], ["url", "xrv-246xrv-245xrv-244xrv217xrv218xrv22xrv272xrv224xrv223xrv225xrv226xrv227xrv-240"]]
  [1m[35mPlace Load (0.3ms)[0m  SELECT "places".* FROM "places" WHERE "places"."id" = 45 LIMIT 1
  [1m[36m (1.0ms)[0m  [1mSELECT COUNT(*) FROM "route_indices" WHERE (url = 'xrv-246xrv-245xrv-244xrv217xrv218xrv22xrv272xrv224xrv-237xrv238xrv221xrv21xrv220xrv231')[0m
  [1m[35mPlaceType Load (0.2ms)[0m  select * from place_types where name='Hut'
  [1m[36mSQL (0.3ms)[0m  [1mINSERT INTO "route_indices" ("created_at", "endplace_id", "isDest", "startplace_id", "updated_at", "url") VALUES ($1, $2, $3, $4, $5, $6) RETURNING "id"[0m  [["created_at", Mon, 27 Oct 2014 10:08:07 NZDT +13:00], ["endplace_id", 45], ["isDest", true], ["startplace_id", 271], ["updated_at", Mon, 27 Oct 2014 10:08:07 NZDT +13:00], ["url", "xrv-246xrv-245xrv-244xrv217xrv218xrv22xrv272xrv224xrv-237xrv238xrv221xrv21xrv220xrv231"]]
  [1m[35mPlace Load (0.2ms)[0m  SELECT "places".* FROM "places" WHERE "places"."id" = 207 LIMIT 1
  [1m[36m (1.0ms)[0m  [1mSELECT COUNT(*) FROM "route_indices" WHERE (url = 'xrv-246xrv-245xrv-244xrv217xrv218xrv22xrv272xrv239xrv240xrv-227xrv-226xrv-225xrv222xrv-238xrv-235')[0m
  [1m[35mPlaceType Load (0.2ms)[0m  select * from place_types where name='Hut'
  [1m[36mSQL (0.4ms)[0m  [1mINSERT INTO "route_indices" ("created_at", "endplace_id", "isDest", "startplace_id", "updated_at", "url") VALUES ($1, $2, $3, $4, $5, $6) RETURNING "id"[0m  [["created_at", Mon, 27 Oct 2014 10:08:07 NZDT +13:00], ["endplace_id", 207], ["isDest", true], ["startplace_id", 271], ["updated_at", Mon, 27 Oct 2014 10:08:07 NZDT +13:00], ["url", "xrv-246xrv-245xrv-244xrv217xrv218xrv22xrv272xrv239xrv240xrv-227xrv-226xrv-225xrv222xrv-238xrv-235"]]
  [1m[35mPlace Load (0.3ms)[0m  SELECT "places".* FROM "places" WHERE "places"."id" = 207 LIMIT 1
  [1m[36m (1.1ms)[0m  [1mSELECT COUNT(*) FROM "route_indices" WHERE (url = 'xrv-246xrv-245xrv-244xrv217xrv218xrv22xrv272xrv239xrv240xrv-227xrv-226xrv-225xrv-223xrv-237xrv-235')[0m
  [1m[35mPlaceType Load (0.2ms)[0m  select * from place_types where name='Hut'
  [1m[36mSQL (0.4ms)[0m  [1mINSERT INTO "route_indices" ("created_at", "endplace_id", "isDest", "startplace_id", "updated_at", "url") VALUES ($1, $2, $3, $4, $5, $6) RETURNING "id"[0m  [["created_at", Mon, 27 Oct 2014 10:08:07 NZDT +13:00], ["endplace_id", 207], ["isDest", true], ["startplace_id", 271], ["updated_at", Mon, 27 Oct 2014 10:08:07 NZDT +13:00], ["url", "xrv-246xrv-245xrv-244xrv217xrv218xrv22xrv272xrv239xrv240xrv-227xrv-226xrv-225xrv-223xrv-237xrv-235"]]
  [1m[35mPlace Load (0.3ms)[0m  SELECT "places".* FROM "places" WHERE "places"."id" = 650 LIMIT 1
  [1m[36m (1.0ms)[0m  [1mSELECT COUNT(*) FROM "route_indices" WHERE (url = 'xrv-246xrv-245xrv-244xrv217xrv218xrv22xrv272xrv224xrv223xrv222xrv221xrv21xrv220xrv231xrv233')[0m
  [1m[35mPlaceType Load (0.2ms)[0m  select * from place_types where name='Hut'
  [1m[36mSQL (0.4ms)[0m  [1mINSERT INTO "route_indices" ("created_at", "endplace_id", "isDest", "startplace_id", "updated_at", "url") VALUES ($1, $2, $3, $4, $5, $6) RETURNING "id"[0m  [["created_at", Mon, 27 Oct 2014 10:08:07 NZDT +13:00], ["endplace_id", 650], ["isDest", true], ["startplace_id", 271], ["updated_at", Mon, 27 Oct 2014 10:08:07 NZDT +13:00], ["url", "xrv-246xrv-245xrv-244xrv217xrv218xrv22xrv272xrv224xrv223xrv222xrv221xrv21xrv220xrv231xrv233"]]
  [1m[35mPlace Load (0.2ms)[0m  SELECT "places".* FROM "places" WHERE "places"."id" = 976 LIMIT 1
  [1m[36m (1.0ms)[0m  [1mSELECT COUNT(*) FROM "route_indices" WHERE (url = 'xrv-246xrv-245xrv-244xrv217xrv218xrv22xrv272xrv224xrv223xrv222xrv-238xrv-235xrv-234xrv-233xrv-231')[0m
  [1m[35mPlaceType Load (0.2ms)[0m  select * from place_types where name='Summit'
  [1m[36mSQL (0.4ms)[0m  [1mINSERT INTO "route_indices" ("created_at", "endplace_id", "isDest", "startplace_id", "updated_at", "url") VALUES ($1, $2, $3, $4, $5, $6) RETURNING "id"[0m  [["created_at", Mon, 27 Oct 2014 10:08:07 NZDT +13:00], ["endplace_id", 976], ["isDest", true], ["startplace_id", 271], ["updated_at", Mon, 27 Oct 2014 10:08:07 NZDT +13:00], ["url", "xrv-246xrv-245xrv-244xrv217xrv218xrv22xrv272xrv224xrv223xrv222xrv-238xrv-235xrv-234xrv-233xrv-231"]]
  [1m[35mPlace Load (0.3ms)[0m  SELECT "places".* FROM "places" WHERE "places"."id" = 1132 LIMIT 1
  [1m[36m (1.0ms)[0m  [1mSELECT COUNT(*) FROM "route_indices" WHERE (url = 'xrv-246xrv-245xrv-244xrv217xrv218xrv22xrv272xrv224xrv223xrv222xrv-238xrv-235xrv-243xrv-242xrv-241')[0m
  [1m[35mPlaceType Load (0.2ms)[0m  select * from place_types where name='Campsite'
  [1m[36mSQL (0.4ms)[0m  [1mINSERT INTO "route_indices" ("created_at", "endplace_id", "isDest", "startplace_id", "updated_at", "url") VALUES ($1, $2, $3, $4, $5, $6) RETURNING "id"[0m  [["created_at", Mon, 27 Oct 2014 10:08:07 NZDT +13:00], ["endplace_id", 1132], ["isDest", true], ["startplace_id", 271], ["updated_at", Mon, 27 Oct 2014 10:08:07 NZDT +13:00], ["url", "xrv-246xrv-245xrv-244xrv217xrv218xrv22xrv272xrv224xrv223xrv222xrv-238xrv-235xrv-243xrv-242xrv-241"]]
  [1m[35mPlace Load (0.2ms)[0m  SELECT "places".* FROM "places" WHERE "places"."id" = 1128 LIMIT 1
  [1m[36m (1.0ms)[0m  [1mSELECT COUNT(*) FROM "route_indices" WHERE (url = 'xrv-246xrv-245xrv-244xrv217xrv218xrv22xrv272xrv224xrv223xrv225xrv226xrv227xrv228xrv229xrv230')[0m
  [1m[35mPlaceType Load (0.2ms)[0m  select * from place_types where name='Roadend'
  [1m[36mSQL (0.4ms)[0m  [1mINSERT INTO "route_indices" ("created_at", "endplace_id", "isDest", "startplace_id", "updated_at", "url") VALUES ($1, $2, $3, $4, $5, $6) RETURNING "id"[0m  [["created_at", Mon, 27 Oct 2014 10:08:07 NZDT +13:00], ["endplace_id", 1128], ["isDest", true], ["startplace_id", 271], ["updated_at", Mon, 27 Oct 2014 10:08:07 NZDT +13:00], ["url", "xrv-246xrv-245xrv-244xrv217xrv218xrv22xrv272xrv224xrv223xrv225xrv226xrv227xrv228xrv229xrv230"]]
  [1m[35mPlace Load (0.3ms)[0m  SELECT "places".* FROM "places" WHERE "places"."id" = 650 LIMIT 1
  [1m[36m (1.1ms)[0m  [1mSELECT COUNT(*) FROM "route_indices" WHERE (url = 'xrv-246xrv-245xrv-244xrv217xrv218xrv22xrv272xrv224xrv-237xrv238xrv221xrv21xrv220xrv231xrv233')[0m
  [1m[35mPlaceType Load (0.2ms)[0m  select * from place_types where name='Hut'
  [1m[36mSQL (0.4ms)[0m  [1mINSERT INTO "route_indices" ("created_at", "endplace_id", "isDest", "startplace_id", "updated_at", "url") VALUES ($1, $2, $3, $4, $5, $6) RETURNING "id"[0m  [["created_at", Mon, 27 Oct 2014 10:08:07 NZDT +13:00], ["endplace_id", 650], ["isDest", true], ["startplace_id", 271], ["updated_at", Mon, 27 Oct 2014 10:08:07 NZDT +13:00], ["url", "xrv-246xrv-245xrv-244xrv217xrv218xrv22xrv272xrv224xrv-237xrv238xrv221xrv21xrv220xrv231xrv233"]]
  [1m[35mPlace Load (0.3ms)[0m  SELECT "places".* FROM "places" WHERE "places"."id" = 976 LIMIT 1
  [1m[36m (1.0ms)[0m  [1mSELECT COUNT(*) FROM "route_indices" WHERE (url = 'xrv-246xrv-245xrv-244xrv217xrv218xrv22xrv272xrv239xrv240xrv-227xrv-226xrv-225xrv222xrv221xrv21xrv220')[0m
  [1m[35mPlaceType Load (0.2ms)[0m  select * from place_types where name='Summit'
  [1m[36mSQL (0.4ms)[0m  [1mINSERT INTO "route_indices" ("created_at", "endplace_id", "isDest", "startplace_id", "updated_at", "url") VALUES ($1, $2, $3, $4, $5, $6) RETURNING "id"[0m  [["created_at", Mon, 27 Oct 2014 10:08:07 NZDT +13:00], ["endplace_id", 976], ["isDest", true], ["startplace_id", 271], ["updated_at", Mon, 27 Oct 2014 10:08:07 NZDT +13:00], ["url", "xrv-246xrv-245xrv-244xrv217xrv218xrv22xrv272xrv239xrv240xrv-227xrv-226xrv-225xrv222xrv221xrv21xrv220"]]
  [1m[35mPlace Load (0.3ms)[0m  SELECT "places".* FROM "places" WHERE "places"."id" = 1124 LIMIT 1
  [1m[36m (1.1ms)[0m  [1mSELECT COUNT(*) FROM "route_indices" WHERE (url = 'xrv-246xrv-245xrv-244xrv217xrv218xrv22xrv272xrv239xrv240xrv-227xrv-226xrv-225xrv222xrv-238xrv237')[0m
  [1m[35mPlaceType Load (0.2ms)[0m  select * from place_types where name='Junction'
  [1m[36mSQL (0.4ms)[0m  [1mINSERT INTO "route_indices" ("created_at", "endplace_id", "isDest", "startplace_id", "updated_at", "url") VALUES ($1, $2, $3, $4, $5, $6) RETURNING "id"[0m  [["created_at", Mon, 27 Oct 2014 10:08:07 NZDT +13:00], ["endplace_id", 1124], ["isDest", false], ["startplace_id", 271], ["updated_at", Mon, 27 Oct 2014 10:08:07 NZDT +13:00], ["url", "xrv-246xrv-245xrv-244xrv217xrv218xrv22xrv272xrv239xrv240xrv-227xrv-226xrv-225xrv222xrv-238xrv237"]]
  [1m[35mPlace Load (0.2ms)[0m  SELECT "places".* FROM "places" WHERE "places"."id" = 650 LIMIT 1
  [1m[36m (1.0ms)[0m  [1mSELECT COUNT(*) FROM "route_indices" WHERE (url = 'xrv-246xrv-245xrv-244xrv217xrv218xrv22xrv272xrv239xrv240xrv-227xrv-226xrv-225xrv222xrv-238xrv-235xrv-234')[0m
  [1m[35mPlaceType Load (0.2ms)[0m  select * from place_types where name='Hut'
  [1m[36mSQL (0.4ms)[0m  [1mINSERT INTO "route_indices" ("created_at", "endplace_id", "isDest", "startplace_id", "updated_at", "url") VALUES ($1, $2, $3, $4, $5, $6) RETURNING "id"[0m  [["created_at", Mon, 27 Oct 2014 10:08:07 NZDT +13:00], ["endplace_id", 650], ["isDest", true], ["startplace_id", 271], ["updated_at", Mon, 27 Oct 2014 10:08:07 NZDT +13:00], ["url", "xrv-246xrv-245xrv-244xrv217xrv218xrv22xrv272xrv239xrv240xrv-227xrv-226xrv-225xrv222xrv-238xrv-235xrv-234"]]
  [1m[35mPlace Load (0.2ms)[0m  SELECT "places".* FROM "places" WHERE "places"."id" = 650 LIMIT 1
  [1m[36m (1.1ms)[0m  [1mSELECT COUNT(*) FROM "route_indices" WHERE (url = 'xrv-246xrv-245xrv-244xrv217xrv218xrv22xrv272xrv239xrv240xrv-227xrv-226xrv-225xrv-223xrv-237xrv-235xrv-234')[0m
  [1m[35mPlaceType Load (0.2ms)[0m  select * from place_types where name='Hut'
  [1m[36mSQL (0.4ms)[0m  [1mINSERT INTO "route_indices" ("created_at", "endplace_id", "isDest", "startplace_id", "updated_at", "url") VALUES ($1, $2, $3, $4, $5, $6) RETURNING "id"[0m  [["created_at", Mon, 27 Oct 2014 10:08:07 NZDT +13:00], ["endplace_id", 650], ["isDest", true], ["startplace_id", 271], ["updated_at", Mon, 27 Oct 2014 10:08:07 NZDT +13:00], ["url", "xrv-246xrv-245xrv-244xrv217xrv218xrv22xrv272xrv239xrv240xrv-227xrv-226xrv-225xrv-223xrv-237xrv-235xrv-234"]]
  [1m[35mPlace Load (0.3ms)[0m  SELECT "places".* FROM "places" WHERE "places"."id" = 207 LIMIT 1
  [1m[36m (1.0ms)[0m  [1mSELECT COUNT(*) FROM "route_indices" WHERE (url = 'xrv-246xrv-245xrv-244xrv217xrv218xrv22xrv272xrv224xrv223xrv222xrv221xrv21xrv220xrv231xrv233xrv234')[0m
  [1m[35mPlaceType Load (0.2ms)[0m  select * from place_types where name='Hut'
  [1m[36mSQL (0.4ms)[0m  [1mINSERT INTO "route_indices" ("created_at", "endplace_id", "isDest", "startplace_id", "updated_at", "url") VALUES ($1, $2, $3, $4, $5, $6) RETURNING "id"[0m  [["created_at", Mon, 27 Oct 2014 10:08:07 NZDT +13:00], ["endplace_id", 207], ["isDest", true], ["startplace_id", 271], ["updated_at", Mon, 27 Oct 2014 10:08:07 NZDT +13:00], ["url", "xrv-246xrv-245xrv-244xrv217xrv218xrv22xrv272xrv224xrv223xrv222xrv221xrv21xrv220xrv231xrv233xrv234"]]
  [1m[35mPlace Load (0.2ms)[0m  SELECT "places".* FROM "places" WHERE "places"."id" = 207 LIMIT 1
  [1m[36m (1.0ms)[0m  [1mSELECT COUNT(*) FROM "route_indices" WHERE (url = 'xrv-246xrv-245xrv-244xrv217xrv218xrv22xrv272xrv224xrv-237xrv238xrv221xrv21xrv220xrv231xrv233xrv234')[0m
  [1m[35mPlaceType Load (0.2ms)[0m  select * from place_types where name='Hut'
  [1m[36mSQL (0.4ms)[0m  [1mINSERT INTO "route_indices" ("created_at", "endplace_id", "isDest", "startplace_id", "updated_at", "url") VALUES ($1, $2, $3, $4, $5, $6) RETURNING "id"[0m  [["created_at", Mon, 27 Oct 2014 10:08:07 NZDT +13:00], ["endplace_id", 207], ["isDest", true], ["startplace_id", 271], ["updated_at", Mon, 27 Oct 2014 10:08:07 NZDT +13:00], ["url", "xrv-246xrv-245xrv-244xrv217xrv218xrv22xrv272xrv224xrv-237xrv238xrv221xrv21xrv220xrv231xrv233xrv234"]]
  [1m[35mPlace Load (0.3ms)[0m  SELECT "places".* FROM "places" WHERE "places"."id" = 419 LIMIT 1
  [1m[36m (1.0ms)[0m  [1mSELECT COUNT(*) FROM "route_indices" WHERE (url = 'xrv-246xrv-245xrv-244xrv217xrv218xrv22xrv272xrv224xrv-237xrv238xrv-222xrv225xrv226xrv227xrv228xrv229')[0m
  [1m[35mPlaceType Load (0.2ms)[0m  select * from place_types where name='Hut'
  [1m[36mSQL (0.3ms)[0m  [1mINSERT INTO "route_indices" ("created_at", "endplace_id", "isDest", "startplace_id", "updated_at", "url") VALUES ($1, $2, $3, $4, $5, $6) RETURNING "id"[0m  [["created_at", Mon, 27 Oct 2014 10:08:07 NZDT +13:00], ["endplace_id", 419], ["isDest", true], ["startplace_id", 271], ["updated_at", Mon, 27 Oct 2014 10:08:07 NZDT +13:00], ["url", "xrv-246xrv-245xrv-244xrv217xrv218xrv22xrv272xrv224xrv-237xrv238xrv-222xrv225xrv226xrv227xrv228xrv229"]]
  [1m[35mPlace Load (0.3ms)[0m  SELECT "places".* FROM "places" WHERE "places"."id" = 1130 LIMIT 1
  [1m[36m (1.1ms)[0m  [1mSELECT COUNT(*) FROM "route_indices" WHERE (url = 'xrv-246xrv-245xrv-244xrv217xrv218xrv22xrv272xrv224xrv-237xrv238xrv-222xrv225xrv226xrv227xrv-240')[0m
  [1m[35mPlaceType Load (0.2ms)[0m  select * from place_types where name='Junction'
  [1m[36mSQL (0.4ms)[0m  [1mINSERT INTO "route_indices" ("created_at", "endplace_id", "isDest", "startplace_id", "updated_at", "url") VALUES ($1, $2, $3, $4, $5, $6) RETURNING "id"[0m  [["created_at", Mon, 27 Oct 2014 10:08:07 NZDT +13:00], ["endplace_id", 1130], ["isDest", false], ["startplace_id", 271], ["updated_at", Mon, 27 Oct 2014 10:08:07 NZDT +13:00], ["url", "xrv-246xrv-245xrv-244xrv217xrv218xrv22xrv272xrv224xrv-237xrv238xrv-222xrv225xrv226xrv227xrv-240"]]
  [1m[35mPlace Load (0.3ms)[0m  SELECT "places".* FROM "places" WHERE "places"."id" = 207 LIMIT 1
  [1m[36mPlaceType Load (0.2ms)[0m  [1mselect name, "isDest" from place_types[0m
  [1m[35mRoute Load (0.3ms)[0m  SELECT "routes".* FROM "routes" WHERE "routes"."id" = 238 LIMIT 1
  [1m[36mRoute Load (0.3ms)[0m  [1mSELECT "routes".* FROM "routes" WHERE "routes"."id" = 221 LIMIT 1[0m
  [1m[35mRoute Load (0.3ms)[0m  SELECT "routes".* FROM "routes" WHERE "routes"."id" = 21 LIMIT 1
  [1m[36mRoute Load (0.3ms)[0m  [1mSELECT "routes".* FROM "routes" WHERE "routes"."id" = 220 LIMIT 1[0m
  [1m[35mRoute Load (0.3ms)[0m  SELECT "routes".* FROM "routes" WHERE "routes"."id" = 219 LIMIT 1
  [1m[36mPlace Load (0.2ms)[0m  [1mSELECT "places".* FROM "places" WHERE "places"."id" = $1 LIMIT 1[0m  [["id", 976]]
  [1m[35mPlace Load (0.2ms)[0m  SELECT "places".* FROM "places" WHERE "places"."id" = $1 LIMIT 1  [["id", 1119]]
  [1m[36mRoute Load (0.3ms)[0m  [1mSELECT "routes".* FROM "routes" WHERE "routes"."id" = 22 LIMIT 1[0m
  [1m[35mRoute Load (0.3ms)[0m  SELECT "routes".* FROM "routes" WHERE "routes"."id" = 272 LIMIT 1
  [1m[36mPlace Load (0.3ms)[0m  [1mSELECT "places".* FROM "places" WHERE "places"."id" = 974 LIMIT 1[0m
  [1m[35mCACHE (0.0ms)[0m  SELECT "places".* FROM "places" WHERE "places"."id" = 974 LIMIT 1
  [1m[36mRoute Load (0.3ms)[0m  [1mselect * from routes where startplace_id = 974[0m
  [1m[35mRoute Load (0.3ms)[0m  select * from routes where endplace_id = 974
  [1m[36mPlace Load (0.2ms)[0m  [1mSELECT "places".* FROM "places" WHERE "places"."id" = $1 LIMIT 1[0m  [["id", 974]]
  [1m[35mPlace Load (0.2ms)[0m  SELECT "places".* FROM "places" WHERE "places"."id" = $1 LIMIT 1  [["id", 471]]
  [1m[36mPlace Load (0.2ms)[0m  [1mSELECT "places".* FROM "places" WHERE "places"."id" = $1 LIMIT 1[0m  [["id", 1130]]
  [1m[35mPlace Load (0.2ms)[0m  SELECT "places".* FROM "places" WHERE "places"."id" = $1 LIMIT 1  [["id", 1124]]
  [1m[36mPlace Load (0.2ms)[0m  [1mSELECT "places".* FROM "places" WHERE "places"."id" = 1130 LIMIT 1[0m
  [1m[35mRoute Load (0.3ms)[0m  select * from routes where startplace_id = 1130
  [1m[36mRoute Load (0.3ms)[0m  [1mselect * from routes where endplace_id = 1130[0m
  [1m[35mCACHE (0.0ms)[0m  SELECT "places".* FROM "places" WHERE "places"."id" = $1 LIMIT 1  [["id", 1130]]
  [1m[36mCACHE (0.0ms)[0m  [1mSELECT "places".* FROM "places" WHERE "places"."id" = $1 LIMIT 1[0m  [["id", 974]]
  [1m[35mPlace Load (0.2ms)[0m  SELECT "places".* FROM "places" WHERE "places"."id" = $1 LIMIT 1  [["id", 1126]]
  [1m[36mPlace Load (0.3ms)[0m  [1mSELECT "places".* FROM "places" WHERE "places"."id" = 1124 LIMIT 1[0m
  [1m[35mRoute Load (0.3ms)[0m  select * from routes where startplace_id = 1124
  [1m[36mRoute Load (0.3ms)[0m  [1mselect * from routes where endplace_id = 1124[0m
  [1m[35mCACHE (0.0ms)[0m  SELECT "places".* FROM "places" WHERE "places"."id" = $1 LIMIT 1  [["id", 1124]]
  [1m[36mPlace Load (0.2ms)[0m  [1mSELECT "places".* FROM "places" WHERE "places"."id" = $1 LIMIT 1[0m  [["id", 1129]]
  [1m[35mCACHE (0.0ms)[0m  SELECT "places".* FROM "places" WHERE "places"."id" = $1 LIMIT 1  [["id", 1124]]
  [1m[36mCACHE (0.0ms)[0m  [1mSELECT "places".* FROM "places" WHERE "places"."id" = $1 LIMIT 1[0m  [["id", 974]]
  [1m[35mPlace Load (0.2ms)[0m  SELECT "places".* FROM "places" WHERE "places"."id" = $1 LIMIT 1  [["id", 1123]]
  [1m[36mPlace Load (0.2ms)[0m  [1mSELECT "places".* FROM "places" WHERE "places"."id" = 1126 LIMIT 1[0m
  [1m[35mRoute Load (0.3ms)[0m  select * from routes where startplace_id = 1126
  [1m[36mRoute Load (0.3ms)[0m  [1mselect * from routes where endplace_id = 1126[0m
  [1m[35mCACHE (0.0ms)[0m  SELECT "places".* FROM "places" WHERE "places"."id" = $1 LIMIT 1  [["id", 1126]]
  [1m[36mCACHE (0.0ms)[0m  [1mSELECT "places".* FROM "places" WHERE "places"."id" = $1 LIMIT 1[0m  [["id", 1130]]
  [1m[35mCACHE (0.0ms)[0m  SELECT "places".* FROM "places" WHERE "places"."id" = $1 LIMIT 1  [["id", 1126]]
  [1m[36mPlace Load (0.2ms)[0m  [1mSELECT "places".* FROM "places" WHERE "places"."id" = $1 LIMIT 1[0m  [["id", 769]]
  [1m[35mPlace Load (0.2ms)[0m  SELECT "places".* FROM "places" WHERE "places"."id" = $1 LIMIT 1  [["id", 1127]]
  [1m[36mPlace Load (0.3ms)[0m  [1mSELECT "places".* FROM "places" WHERE "places"."id" = 1123 LIMIT 1[0m
  [1m[35mRoute Load (0.3ms)[0m  select * from routes where startplace_id = 1123
  [1m[36mRoute Load (0.3ms)[0m  [1mselect * from routes where endplace_id = 1123[0m
  [1m[35mCACHE (0.0ms)[0m  SELECT "places".* FROM "places" WHERE "places"."id" = $1 LIMIT 1  [["id", 1123]]
  [1m[36mCACHE (0.0ms)[0m  [1mSELECT "places".* FROM "places" WHERE "places"."id" = $1 LIMIT 1[0m  [["id", 1124]]
  [1m[35mPlace Load (0.2ms)[0m  SELECT "places".* FROM "places" WHERE "places"."id" = $1 LIMIT 1  [["id", 975]]
  [1m[36mPlace Load (0.2ms)[0m  [1mSELECT "places".* FROM "places" WHERE "places"."id" = $1 LIMIT 1[0m  [["id", 1125]]
  [1m[35mPlace Load (0.3ms)[0m  SELECT "places".* FROM "places" WHERE "places"."id" = 1129 LIMIT 1
  [1m[36mRoute Load (0.3ms)[0m  [1mselect * from routes where startplace_id = 1129[0m
  [1m[35mRoute Load (0.3ms)[0m  select * from routes where endplace_id = 1129
  [1m[36mCACHE (0.0ms)[0m  [1mSELECT "places".* FROM "places" WHERE "places"."id" = $1 LIMIT 1[0m  [["id", 1129]]
  [1m[35mPlace Load (0.2ms)[0m  SELECT "places".* FROM "places" WHERE "places"."id" = $1 LIMIT 1  [["id", 207]]
  [1m[36mCACHE (0.0ms)[0m  [1mSELECT "places".* FROM "places" WHERE "places"."id" = $1 LIMIT 1[0m  [["id", 1124]]
  [1m[35mCACHE (0.0ms)[0m  SELECT "places".* FROM "places" WHERE "places"."id" = $1 LIMIT 1  [["id", 975]]
  [1m[36mPlace Load (0.3ms)[0m  [1mSELECT "places".* FROM "places" WHERE "places"."id" = 1127 LIMIT 1[0m
  [1m[35mRoute Load (0.3ms)[0m  select * from routes where startplace_id = 1127
  [1m[36mRoute Load (0.3ms)[0m  [1mselect * from routes where endplace_id = 1127[0m
  [1m[35mCACHE (0.0ms)[0m  SELECT "places".* FROM "places" WHERE "places"."id" = $1 LIMIT 1  [["id", 1127]]
  [1m[36mCACHE (0.0ms)[0m  [1mSELECT "places".* FROM "places" WHERE "places"."id" = $1 LIMIT 1[0m  [["id", 1126]]
  [1m[35mPlace Load (0.2ms)[0m  SELECT "places".* FROM "places" WHERE "places"."id" = $1 LIMIT 1  [["id", 419]]
  [1m[36mPlace Load (0.4ms)[0m  [1mSELECT "places".* FROM "places" WHERE "places"."id" = 769 LIMIT 1[0m
  [1m[35mRoute Load (0.3ms)[0m  select * from routes where startplace_id = 769
  [1m[36mRoute Load (0.3ms)[0m  [1mselect * from routes where endplace_id = 769[0m
  [1m[35mCACHE (0.0ms)[0m  SELECT "places".* FROM "places" WHERE "places"."id" = $1 LIMIT 1  [["id", 769]]
  [1m[36mCACHE (0.0ms)[0m  [1mSELECT "places".* FROM "places" WHERE "places"."id" = $1 LIMIT 1[0m  [["id", 1125]]
  [1m[35mCACHE (0.0ms)[0m  SELECT "places".* FROM "places" WHERE "places"."id" = $1 LIMIT 1  [["id", 1126]]
  [1m[36mPlace Load (0.3ms)[0m  [1mSELECT "places".* FROM "places" WHERE "places"."id" = 1125 LIMIT 1[0m
  [1m[35mRoute Load (0.3ms)[0m  select * from routes where startplace_id = 1125
  [1m[36mRoute Load (0.3ms)[0m  [1mselect * from routes where endplace_id = 1125[0m
  [1m[35mCACHE (0.0ms)[0m  SELECT "places".* FROM "places" WHERE "places"."id" = $1 LIMIT 1  [["id", 1125]]
  [1m[36mCACHE (0.0ms)[0m  [1mSELECT "places".* FROM "places" WHERE "places"."id" = $1 LIMIT 1[0m  [["id", 1123]]
  [1m[35mCACHE (0.0ms)[0m  SELECT "places".* FROM "places" WHERE "places"."id" = $1 LIMIT 1  [["id", 769]]
  [1m[36mPlace Load (0.3ms)[0m  [1mSELECT "places".* FROM "places" WHERE "places"."id" = 419 LIMIT 1[0m
  [1m[35mRoute Load (0.3ms)[0m  select * from routes where startplace_id = 419
  [1m[36mRoute Load (0.3ms)[0m  [1mselect * from routes where endplace_id = 419[0m
  [1m[35mCACHE (0.0ms)[0m  SELECT "places".* FROM "places" WHERE "places"."id" = $1 LIMIT 1  [["id", 419]]
  [1m[36mCACHE (0.0ms)[0m  [1mSELECT "places".* FROM "places" WHERE "places"."id" = $1 LIMIT 1[0m  [["id", 1127]]
  [1m[35mPlace Load (0.2ms)[0m  SELECT "places".* FROM "places" WHERE "places"."id" = $1 LIMIT 1  [["id", 1128]]
  [1m[36mCACHE (0.0ms)[0m  [1mSELECT "places".* FROM "places" WHERE "places"."id" = 1125 LIMIT 1[0m
  [1m[35mCACHE (0.0ms)[0m  select * from routes where startplace_id = 1125
  [1m[36mCACHE (0.0ms)[0m  [1mselect * from routes where endplace_id = 1125[0m
  [1m[35mCACHE (0.0ms)[0m  SELECT "places".* FROM "places" WHERE "places"."id" = $1 LIMIT 1  [["id", 1125]]
  [1m[36mCACHE (0.0ms)[0m  [1mSELECT "places".* FROM "places" WHERE "places"."id" = $1 LIMIT 1[0m  [["id", 1123]]
  [1m[35mCACHE (0.0ms)[0m  SELECT "places".* FROM "places" WHERE "places"."id" = $1 LIMIT 1  [["id", 769]]
  [1m[36mCACHE (0.0ms)[0m  [1mSELECT "places".* FROM "places" WHERE "places"."id" = 769 LIMIT 1[0m
  [1m[35mCACHE (0.0ms)[0m  select * from routes where startplace_id = 769
  [1m[36mCACHE (0.0ms)[0m  [1mselect * from routes where endplace_id = 769[0m
  [1m[35mCACHE (0.0ms)[0m  SELECT "places".* FROM "places" WHERE "places"."id" = $1 LIMIT 1  [["id", 769]]
  [1m[36mCACHE (0.0ms)[0m  [1mSELECT "places".* FROM "places" WHERE "places"."id" = $1 LIMIT 1[0m  [["id", 1125]]
  [1m[35mCACHE (0.0ms)[0m  SELECT "places".* FROM "places" WHERE "places"."id" = $1 LIMIT 1  [["id", 1126]]
  [1m[36mPlace Load (0.3ms)[0m  [1mSELECT "places".* FROM "places" WHERE "places"."id" = 1128 LIMIT 1[0m
  [1m[35mRoute Load (0.2ms)[0m  select * from routes where startplace_id = 1128
  [1m[36mRoute Load (0.3ms)[0m  [1mselect * from routes where endplace_id = 1128[0m
  [1m[35mCACHE (0.0ms)[0m  SELECT "places".* FROM "places" WHERE "places"."id" = $1 LIMIT 1  [["id", 1128]]
  [1m[36mCACHE (0.0ms)[0m  [1mSELECT "places".* FROM "places" WHERE "places"."id" = $1 LIMIT 1[0m  [["id", 419]]
  [1m[35mCACHE (0.0ms)[0m  SELECT "places".* FROM "places" WHERE "places"."id" = 1123 LIMIT 1
  [1m[36mCACHE (0.0ms)[0m  [1mselect * from routes where startplace_id = 1123[0m
  [1m[35mCACHE (0.0ms)[0m  select * from routes where endplace_id = 1123
  [1m[36mCACHE (0.0ms)[0m  [1mSELECT "places".* FROM "places" WHERE "places"."id" = $1 LIMIT 1[0m  [["id", 1123]]
  [1m[35mCACHE (0.0ms)[0m  SELECT "places".* FROM "places" WHERE "places"."id" = $1 LIMIT 1  [["id", 1124]]
  [1m[36mCACHE (0.0ms)[0m  [1mSELECT "places".* FROM "places" WHERE "places"."id" = $1 LIMIT 1[0m  [["id", 975]]
  [1m[35mCACHE (0.0ms)[0m  SELECT "places".* FROM "places" WHERE "places"."id" = $1 LIMIT 1  [["id", 1125]]
  [1m[36mCACHE (0.0ms)[0m  [1mSELECT "places".* FROM "places" WHERE "places"."id" = 1126 LIMIT 1[0m
  [1m[35mCACHE (0.0ms)[0m  select * from routes where startplace_id = 1126
  [1m[36mCACHE (0.0ms)[0m  [1mselect * from routes where endplace_id = 1126[0m
  [1m[35mCACHE (0.0ms)[0m  SELECT "places".* FROM "places" WHERE "places"."id" = $1 LIMIT 1  [["id", 1126]]
  [1m[36mCACHE (0.0ms)[0m  [1mSELECT "places".* FROM "places" WHERE "places"."id" = $1 LIMIT 1[0m  [["id", 1130]]
  [1m[35mCACHE (0.0ms)[0m  SELECT "places".* FROM "places" WHERE "places"."id" = $1 LIMIT 1  [["id", 1126]]
  [1m[36mCACHE (0.0ms)[0m  [1mSELECT "places".* FROM "places" WHERE "places"."id" = $1 LIMIT 1[0m  [["id", 769]]
  [1m[35mCACHE (0.0ms)[0m  SELECT "places".* FROM "places" WHERE "places"."id" = $1 LIMIT 1  [["id", 1127]]
  [1m[36mCACHE (0.0ms)[0m  [1mSELECT "places".* FROM "places" WHERE "places"."id" = 1124 LIMIT 1[0m
  [1m[35mCACHE (0.0ms)[0m  select * from routes where startplace_id = 1124
  [1m[36mCACHE (0.0ms)[0m  [1mselect * from routes where endplace_id = 1124[0m
  [1m[35mCACHE (0.0ms)[0m  SELECT "places".* FROM "places" WHERE "places"."id" = $1 LIMIT 1  [["id", 1124]]
  [1m[36mCACHE (0.0ms)[0m  [1mSELECT "places".* FROM "places" WHERE "places"."id" = $1 LIMIT 1[0m  [["id", 1129]]
  [1m[35mCACHE (0.0ms)[0m  SELECT "places".* FROM "places" WHERE "places"."id" = $1 LIMIT 1  [["id", 1124]]
  [1m[36mCACHE (0.0ms)[0m  [1mSELECT "places".* FROM "places" WHERE "places"."id" = $1 LIMIT 1[0m  [["id", 974]]
  [1m[35mCACHE (0.0ms)[0m  SELECT "places".* FROM "places" WHERE "places"."id" = $1 LIMIT 1  [["id", 1123]]
  [1m[36mCACHE (0.0ms)[0m  [1mSELECT "places".* FROM "places" WHERE "places"."id" = 1127 LIMIT 1[0m
  [1m[35mCACHE (0.0ms)[0m  select * from routes where startplace_id = 1127
  [1m[36mCACHE (0.0ms)[0m  [1mselect * from routes where endplace_id = 1127[0m
  [1m[35mCACHE (0.0ms)[0m  SELECT "places".* FROM "places" WHERE "places"."id" = $1 LIMIT 1  [["id", 1127]]
  [1m[36mCACHE (0.0ms)[0m  [1mSELECT "places".* FROM "places" WHERE "places"."id" = $1 LIMIT 1[0m  [["id", 1126]]
  [1m[35mCACHE (0.0ms)[0m  SELECT "places".* FROM "places" WHERE "places"."id" = $1 LIMIT 1  [["id", 419]]
  [1m[36mCACHE (0.0ms)[0m  [1mSELECT "places".* FROM "places" WHERE "places"."id" = 1130 LIMIT 1[0m
  [1m[35mCACHE (0.0ms)[0m  select * from routes where startplace_id = 1130
  [1m[36mCACHE (0.0ms)[0m  [1mselect * from routes where endplace_id = 1130[0m
  [1m[35mCACHE (0.0ms)[0m  SELECT "places".* FROM "places" WHERE "places"."id" = $1 LIMIT 1  [["id", 1130]]
  [1m[36mCACHE (0.0ms)[0m  [1mSELECT "places".* FROM "places" WHERE "places"."id" = $1 LIMIT 1[0m  [["id", 974]]
  [1m[35mCACHE (0.0ms)[0m  SELECT "places".* FROM "places" WHERE "places"."id" = $1 LIMIT 1  [["id", 1126]]
  [1m[36mCACHE (0.0ms)[0m  [1mSELECT "places".* FROM "places" WHERE "places"."id" = 1129 LIMIT 1[0m
  [1m[35mCACHE (0.0ms)[0m  select * from routes where startplace_id = 1129
  [1m[36mCACHE (0.0ms)[0m  [1mselect * from routes where endplace_id = 1129[0m
  [1m[35mCACHE (0.0ms)[0m  SELECT "places".* FROM "places" WHERE "places"."id" = $1 LIMIT 1  [["id", 1129]]
  [1m[36mCACHE (0.0ms)[0m  [1mSELECT "places".* FROM "places" WHERE "places"."id" = $1 LIMIT 1[0m  [["id", 207]]
  [1m[35mCACHE (0.0ms)[0m  SELECT "places".* FROM "places" WHERE "places"."id" = $1 LIMIT 1  [["id", 1124]]
  [1m[36mCACHE (0.0ms)[0m  [1mSELECT "places".* FROM "places" WHERE "places"."id" = $1 LIMIT 1[0m  [["id", 975]]
  [1m[35mCACHE (0.0ms)[0m  SELECT "places".* FROM "places" WHERE "places"."id" = 419 LIMIT 1
  [1m[36mCACHE (0.0ms)[0m  [1mselect * from routes where startplace_id = 419[0m
  [1m[35mCACHE (0.0ms)[0m  select * from routes where endplace_id = 419
  [1m[36mCACHE (0.0ms)[0m  [1mSELECT "places".* FROM "places" WHERE "places"."id" = $1 LIMIT 1[0m  [["id", 419]]
  [1m[35mCACHE (0.0ms)[0m  SELECT "places".* FROM "places" WHERE "places"."id" = $1 LIMIT 1  [["id", 1127]]
  [1m[36mCACHE (0.0ms)[0m  [1mSELECT "places".* FROM "places" WHERE "places"."id" = $1 LIMIT 1[0m  [["id", 1128]]
BNewroutes
207
{:place=>974, :route=>[272, 22, -219, 220, 21, 221, 238], :url=>"xrv235xrv238xrv221xrv21xrv220xrv-219xrv22xrv272"}
{:place=>769, :route=>[-227, 240, 239, 272, 22, -219, 220, 21, 221, 238], :url=>"xrv235xrv238xrv221xrv21xrv220xrv-219xrv22xrv272xrv239xrv240xrv-227"}
{:place=>1125, :route=>[225, 223, 224, 272, 22, -219, 220, 21, 221, 238], :url=>"xrv235xrv238xrv221xrv21xrv220xrv-219xrv22xrv272xrv224xrv223xrv225"}
{:place=>1129, :route=>[-237, 224, 272, 22, -219, 220, 21, 221, 238], :url=>"xrv235xrv238xrv221xrv21xrv220xrv-219xrv22xrv272xrv224xrv-237"}
{:place=>419, :route=>[229, 228, 240, 239, 272, 22, -219, 220, 21, 221, 238], :url=>"xrv235xrv238xrv221xrv21xrv220xrv-219xrv22xrv272xrv239xrv240xrv228xrv229"}
{:place=>1125, :route=>[-226, -227, 240, 239, 272, 22, -219, 220, 21, 221, 238], :url=>"xrv235xrv238xrv221xrv21xrv220xrv-219xrv22xrv272xrv239xrv240xrv-227xrv-226"}
{:place=>769, :route=>[226, 225, 223, 224, 272, 22, -219, 220, 21, 221, 238], :url=>"xrv235xrv238xrv221xrv21xrv220xrv-219xrv22xrv272xrv224xrv223xrv225xrv226"}
{:place=>1128, :route=>[230, 229, 228, 240, 239, 272, 22, -219, 220, 21, 221, 238], :url=>"xrv235xrv238xrv221xrv21xrv220xrv-219xrv22xrv272xrv239xrv240xrv228xrv229xrv230"}
{:place=>419, :route=>[229, 228, 227, 226, 225, 223, 224, 272, 22, -219, 220, 21, 221, 238], :url=>"xrv235xrv238xrv221xrv21xrv220xrv-219xrv22xrv272xrv224xrv223xrv225xrv226xrv227xrv228xrv229"}
{:place=>1130, :route=>[-240, 227, 226, 225, 223, 224, 272, 22, -219, 220, 21, 221, 238], :url=>"xrv235xrv238xrv221xrv21xrv220xrv-219xrv22xrv272xrv224xrv223xrv225xrv226xrv227xrv-240"}
{:place=>1129, :route=>[-237, -223, -225, -226, -227, 240, 239, 272, 22, -219, 220, 21, 221, 238], :url=>"xrv235xrv238xrv221xrv21xrv220xrv-219xrv22xrv272xrv239xrv240xrv-227xrv-226xrv-225xrv-223xrv-237"}
{:place=>1128, :route=>[230, 229, 228, 227, 226, 225, 223, 224, 272, 22, -219, 220, 21, 221, 238], :url=>"xrv235xrv238xrv221xrv21xrv220xrv-219xrv22xrv272xrv224xrv223xrv225xrv226xrv227xrv228xrv229xrv230"}
  [1m[35mCACHE (0.0ms)[0m  SELECT "places".* FROM "places" WHERE "places"."id" = 974 LIMIT 1
  [1m[36m (1.5ms)[0m  [1mSELECT COUNT(*) FROM "route_indices" WHERE (url = 'xrv235xrv238xrv221xrv21xrv220xrv-219xrv22xrv272')[0m
  [1m[35mPlaceType Load (0.2ms)[0m  select * from place_types where name='Roadend'
  [1m[36mSQL (0.5ms)[0m  [1mINSERT INTO "route_indices" ("created_at", "endplace_id", "isDest", "startplace_id", "updated_at", "url") VALUES ($1, $2, $3, $4, $5, $6) RETURNING "id"[0m  [["created_at", Mon, 27 Oct 2014 10:08:08 NZDT +13:00], ["endplace_id", 974], ["isDest", true], ["startplace_id", 207], ["updated_at", Mon, 27 Oct 2014 10:08:08 NZDT +13:00], ["url", "xrv235xrv238xrv221xrv21xrv220xrv-219xrv22xrv272"]]
  [1m[35mPlace Load (0.3ms)[0m  SELECT "places".* FROM "places" WHERE "places"."id" = 769 LIMIT 1
  [1m[36m (1.1ms)[0m  [1mSELECT COUNT(*) FROM "route_indices" WHERE (url = 'xrv235xrv238xrv221xrv21xrv220xrv-219xrv22xrv272xrv239xrv240xrv-227')[0m
  [1m[35mPlaceType Load (0.2ms)[0m  select * from place_types where name='Hut'
  [1m[36mSQL (0.4ms)[0m  [1mINSERT INTO "route_indices" ("created_at", "endplace_id", "isDest", "startplace_id", "updated_at", "url") VALUES ($1, $2, $3, $4, $5, $6) RETURNING "id"[0m  [["created_at", Mon, 27 Oct 2014 10:08:08 NZDT +13:00], ["endplace_id", 769], ["isDest", true], ["startplace_id", 207], ["updated_at", Mon, 27 Oct 2014 10:08:08 NZDT +13:00], ["url", "xrv235xrv238xrv221xrv21xrv220xrv-219xrv22xrv272xrv239xrv240xrv-227"]]
  [1m[35mPlace Load (0.3ms)[0m  SELECT "places".* FROM "places" WHERE "places"."id" = 1125 LIMIT 1
  [1m[36m (1.1ms)[0m  [1mSELECT COUNT(*) FROM "route_indices" WHERE (url = 'xrv235xrv238xrv221xrv21xrv220xrv-219xrv22xrv272xrv224xrv223xrv225')[0m
  [1m[35mPlaceType Load (0.2ms)[0m  select * from place_types where name='Campsite'
  [1m[36mSQL (0.4ms)[0m  [1mINSERT INTO "route_indices" ("created_at", "endplace_id", "isDest", "startplace_id", "updated_at", "url") VALUES ($1, $2, $3, $4, $5, $6) RETURNING "id"[0m  [["created_at", Mon, 27 Oct 2014 10:08:08 NZDT +13:00], ["endplace_id", 1125], ["isDest", true], ["startplace_id", 207], ["updated_at", Mon, 27 Oct 2014 10:08:08 NZDT +13:00], ["url", "xrv235xrv238xrv221xrv21xrv220xrv-219xrv22xrv272xrv224xrv223xrv225"]]
  [1m[35mPlace Load (0.3ms)[0m  SELECT "places".* FROM "places" WHERE "places"."id" = 1129 LIMIT 1
  [1m[36m (1.0ms)[0m  [1mSELECT COUNT(*) FROM "route_indices" WHERE (url = 'xrv235xrv238xrv221xrv21xrv220xrv-219xrv22xrv272xrv224xrv-237')[0m
  [1m[35mPlaceType Load (0.2ms)[0m  select * from place_types where name='Junction'
  [1m[36mSQL (0.3ms)[0m  [1mINSERT INTO "route_indices" ("created_at", "endplace_id", "isDest", "startplace_id", "updated_at", "url") VALUES ($1, $2, $3, $4, $5, $6) RETURNING "id"[0m  [["created_at", Mon, 27 Oct 2014 10:08:08 NZDT +13:00], ["endplace_id", 1129], ["isDest", false], ["startplace_id", 207], ["updated_at", Mon, 27 Oct 2014 10:08:08 NZDT +13:00], ["url", "xrv235xrv238xrv221xrv21xrv220xrv-219xrv22xrv272xrv224xrv-237"]]
  [1m[35mPlace Load (0.3ms)[0m  SELECT "places".* FROM "places" WHERE "places"."id" = 419 LIMIT 1
  [1m[36m (1.0ms)[0m  [1mSELECT COUNT(*) FROM "route_indices" WHERE (url = 'xrv235xrv238xrv221xrv21xrv220xrv-219xrv22xrv272xrv239xrv240xrv228xrv229')[0m
  [1m[35mPlaceType Load (0.2ms)[0m  select * from place_types where name='Hut'
  [1m[36mSQL (0.4ms)[0m  [1mINSERT INTO "route_indices" ("created_at", "endplace_id", "isDest", "startplace_id", "updated_at", "url") VALUES ($1, $2, $3, $4, $5, $6) RETURNING "id"[0m  [["created_at", Mon, 27 Oct 2014 10:08:08 NZDT +13:00], ["endplace_id", 419], ["isDest", true], ["startplace_id", 207], ["updated_at", Mon, 27 Oct 2014 10:08:08 NZDT +13:00], ["url", "xrv235xrv238xrv221xrv21xrv220xrv-219xrv22xrv272xrv239xrv240xrv228xrv229"]]
  [1m[35mPlace Load (0.2ms)[0m  SELECT "places".* FROM "places" WHERE "places"."id" = 1125 LIMIT 1
  [1m[36m (1.0ms)[0m  [1mSELECT COUNT(*) FROM "route_indices" WHERE (url = 'xrv235xrv238xrv221xrv21xrv220xrv-219xrv22xrv272xrv239xrv240xrv-227xrv-226')[0m
  [1m[35mPlaceType Load (0.2ms)[0m  select * from place_types where name='Campsite'
  [1m[36mSQL (0.4ms)[0m  [1mINSERT INTO "route_indices" ("created_at", "endplace_id", "isDest", "startplace_id", "updated_at", "url") VALUES ($1, $2, $3, $4, $5, $6) RETURNING "id"[0m  [["created_at", Mon, 27 Oct 2014 10:08:08 NZDT +13:00], ["endplace_id", 1125], ["isDest", true], ["startplace_id", 207], ["updated_at", Mon, 27 Oct 2014 10:08:08 NZDT +13:00], ["url", "xrv235xrv238xrv221xrv21xrv220xrv-219xrv22xrv272xrv239xrv240xrv-227xrv-226"]]
  [1m[35mPlace Load (0.2ms)[0m  SELECT "places".* FROM "places" WHERE "places"."id" = 769 LIMIT 1
  [1m[36m (1.0ms)[0m  [1mSELECT COUNT(*) FROM "route_indices" WHERE (url = 'xrv235xrv238xrv221xrv21xrv220xrv-219xrv22xrv272xrv224xrv223xrv225xrv226')[0m
  [1m[35mPlaceType Load (0.2ms)[0m  select * from place_types where name='Hut'
  [1m[36mSQL (0.4ms)[0m  [1mINSERT INTO "route_indices" ("created_at", "endplace_id", "isDest", "startplace_id", "updated_at", "url") VALUES ($1, $2, $3, $4, $5, $6) RETURNING "id"[0m  [["created_at", Mon, 27 Oct 2014 10:08:08 NZDT +13:00], ["endplace_id", 769], ["isDest", true], ["startplace_id", 207], ["updated_at", Mon, 27 Oct 2014 10:08:08 NZDT +13:00], ["url", "xrv235xrv238xrv221xrv21xrv220xrv-219xrv22xrv272xrv224xrv223xrv225xrv226"]]
  [1m[35mPlace Load (0.3ms)[0m  SELECT "places".* FROM "places" WHERE "places"."id" = 1128 LIMIT 1
  [1m[36m (1.1ms)[0m  [1mSELECT COUNT(*) FROM "route_indices" WHERE (url = 'xrv235xrv238xrv221xrv21xrv220xrv-219xrv22xrv272xrv239xrv240xrv228xrv229xrv230')[0m
  [1m[35mPlaceType Load (0.2ms)[0m  select * from place_types where name='Roadend'
  [1m[36mSQL (0.4ms)[0m  [1mINSERT INTO "route_indices" ("created_at", "endplace_id", "isDest", "startplace_id", "updated_at", "url") VALUES ($1, $2, $3, $4, $5, $6) RETURNING "id"[0m  [["created_at", Mon, 27 Oct 2014 10:08:08 NZDT +13:00], ["endplace_id", 1128], ["isDest", true], ["startplace_id", 207], ["updated_at", Mon, 27 Oct 2014 10:08:08 NZDT +13:00], ["url", "xrv235xrv238xrv221xrv21xrv220xrv-219xrv22xrv272xrv239xrv240xrv228xrv229xrv230"]]
  [1m[35mPlace Load (0.3ms)[0m  SELECT "places".* FROM "places" WHERE "places"."id" = 419 LIMIT 1
  [1m[36m (1.1ms)[0m  [1mSELECT COUNT(*) FROM "route_indices" WHERE (url = 'xrv235xrv238xrv221xrv21xrv220xrv-219xrv22xrv272xrv224xrv223xrv225xrv226xrv227xrv228xrv229')[0m
  [1m[35mPlaceType Load (0.2ms)[0m  select * from place_types where name='Hut'
  [1m[36mSQL (0.4ms)[0m  [1mINSERT INTO "route_indices" ("created_at", "endplace_id", "isDest", "startplace_id", "updated_at", "url") VALUES ($1, $2, $3, $4, $5, $6) RETURNING "id"[0m  [["created_at", Mon, 27 Oct 2014 10:08:08 NZDT +13:00], ["endplace_id", 419], ["isDest", true], ["startplace_id", 207], ["updated_at", Mon, 27 Oct 2014 10:08:08 NZDT +13:00], ["url", "xrv235xrv238xrv221xrv21xrv220xrv-219xrv22xrv272xrv224xrv223xrv225xrv226xrv227xrv228xrv229"]]
  [1m[35mPlace Load (0.2ms)[0m  SELECT "places".* FROM "places" WHERE "places"."id" = 1130 LIMIT 1
  [1m[36m (1.1ms)[0m  [1mSELECT COUNT(*) FROM "route_indices" WHERE (url = 'xrv235xrv238xrv221xrv21xrv220xrv-219xrv22xrv272xrv224xrv223xrv225xrv226xrv227xrv-240')[0m
  [1m[35mPlaceType Load (0.2ms)[0m  select * from place_types where name='Junction'
  [1m[36mSQL (0.3ms)[0m  [1mINSERT INTO "route_indices" ("created_at", "endplace_id", "isDest", "startplace_id", "updated_at", "url") VALUES ($1, $2, $3, $4, $5, $6) RETURNING "id"[0m  [["created_at", Mon, 27 Oct 2014 10:08:08 NZDT +13:00], ["endplace_id", 1130], ["isDest", false], ["startplace_id", 207], ["updated_at", Mon, 27 Oct 2014 10:08:08 NZDT +13:00], ["url", "xrv235xrv238xrv221xrv21xrv220xrv-219xrv22xrv272xrv224xrv223xrv225xrv226xrv227xrv-240"]]
  [1m[35mPlace Load (0.3ms)[0m  SELECT "places".* FROM "places" WHERE "places"."id" = 1129 LIMIT 1
  [1m[36m (1.0ms)[0m  [1mSELECT COUNT(*) FROM "route_indices" WHERE (url = 'xrv235xrv238xrv221xrv21xrv220xrv-219xrv22xrv272xrv239xrv240xrv-227xrv-226xrv-225xrv-223xrv-237')[0m
  [1m[35mPlaceType Load (0.2ms)[0m  select * from place_types where name='Junction'
  [1m[36mSQL (0.4ms)[0m  [1mINSERT INTO "route_indices" ("created_at", "endplace_id", "isDest", "startplace_id", "updated_at", "url") VALUES ($1, $2, $3, $4, $5, $6) RETURNING "id"[0m  [["created_at", Mon, 27 Oct 2014 10:08:08 NZDT +13:00], ["endplace_id", 1129], ["isDest", false], ["startplace_id", 207], ["updated_at", Mon, 27 Oct 2014 10:08:08 NZDT +13:00], ["url", "xrv235xrv238xrv221xrv21xrv220xrv-219xrv22xrv272xrv239xrv240xrv-227xrv-226xrv-225xrv-223xrv-237"]]
  [1m[35mPlace Load (0.3ms)[0m  SELECT "places".* FROM "places" WHERE "places"."id" = 1128 LIMIT 1
  [1m[36m (1.0ms)[0m  [1mSELECT COUNT(*) FROM "route_indices" WHERE (url = 'xrv235xrv238xrv221xrv21xrv220xrv-219xrv22xrv272xrv224xrv223xrv225xrv226xrv227xrv228xrv229xrv230')[0m
  [1m[35mPlaceType Load (0.2ms)[0m  select * from place_types where name='Roadend'
  [1m[36mSQL (0.4ms)[0m  [1mINSERT INTO "route_indices" ("created_at", "endplace_id", "isDest", "startplace_id", "updated_at", "url") VALUES ($1, $2, $3, $4, $5, $6) RETURNING "id"[0m  [["created_at", Mon, 27 Oct 2014 10:08:08 NZDT +13:00], ["endplace_id", 1128], ["isDest", true], ["startplace_id", 207], ["updated_at", Mon, 27 Oct 2014 10:08:08 NZDT +13:00], ["url", "xrv235xrv238xrv221xrv21xrv220xrv-219xrv22xrv272xrv224xrv223xrv225xrv226xrv227xrv228xrv229xrv230"]]
  [1m[35mPlace Load (0.3ms)[0m  SELECT "places".* FROM "places" WHERE "places"."id" = 1125 LIMIT 1
  [1m[36mPlaceType Load (0.2ms)[0m  [1mselect name, "isDest" from place_types[0m
  [1m[35mRoute Load (0.4ms)[0m  SELECT "routes".* FROM "routes" WHERE "routes"."id" = 222 LIMIT 1
  [1m[36mRoute Load (0.3ms)[0m  [1mSELECT "routes".* FROM "routes" WHERE "routes"."id" = 221 LIMIT 1[0m
  [1m[35mRoute Load (0.3ms)[0m  SELECT "routes".* FROM "routes" WHERE "routes"."id" = 21 LIMIT 1
  [1m[36mRoute Load (0.3ms)[0m  [1mSELECT "routes".* FROM "routes" WHERE "routes"."id" = 220 LIMIT 1[0m
  [1m[35mRoute Load (0.3ms)[0m  SELECT "routes".* FROM "routes" WHERE "routes"."id" = 219 LIMIT 1
  [1m[36mPlace Load (0.2ms)[0m  [1mSELECT "places".* FROM "places" WHERE "places"."id" = $1 LIMIT 1[0m  [["id", 976]]
  [1m[35mPlace Load (0.2ms)[0m  SELECT "places".* FROM "places" WHERE "places"."id" = $1 LIMIT 1  [["id", 1119]]
  [1m[36mRoute Load (0.3ms)[0m  [1mSELECT "routes".* FROM "routes" WHERE "routes"."id" = 22 LIMIT 1[0m
  [1m[35mRoute Load (0.3ms)[0m  SELECT "routes".* FROM "routes" WHERE "routes"."id" = 272 LIMIT 1
  [1m[36mPlace Load (0.3ms)[0m  [1mSELECT "places".* FROM "places" WHERE "places"."id" = 974 LIMIT 1[0m
  [1m[35mCACHE (0.0ms)[0m  SELECT "places".* FROM "places" WHERE "places"."id" = 974 LIMIT 1
  [1m[36mRoute Load (0.3ms)[0m  [1mselect * from routes where startplace_id = 974[0m
  [1m[35mRoute Load (0.3ms)[0m  select * from routes where endplace_id = 974
  [1m[36mPlace Load (0.2ms)[0m  [1mSELECT "places".* FROM "places" WHERE "places"."id" = $1 LIMIT 1[0m  [["id", 974]]
  [1m[35mPlace Load (0.2ms)[0m  SELECT "places".* FROM "places" WHERE "places"."id" = $1 LIMIT 1  [["id", 471]]
  [1m[36mPlace Load (0.2ms)[0m  [1mSELECT "places".* FROM "places" WHERE "places"."id" = $1 LIMIT 1[0m  [["id", 1130]]
  [1m[35mPlace Load (0.2ms)[0m  SELECT "places".* FROM "places" WHERE "places"."id" = $1 LIMIT 1  [["id", 1124]]
  [1m[36mPlace Load (0.3ms)[0m  [1mSELECT "places".* FROM "places" WHERE "places"."id" = 1130 LIMIT 1[0m
  [1m[35mRoute Load (0.3ms)[0m  select * from routes where startplace_id = 1130
  [1m[36mRoute Load (0.3ms)[0m  [1mselect * from routes where endplace_id = 1130[0m
  [1m[35mCACHE (0.0ms)[0m  SELECT "places".* FROM "places" WHERE "places"."id" = $1 LIMIT 1  [["id", 1130]]
  [1m[36mCACHE (0.0ms)[0m  [1mSELECT "places".* FROM "places" WHERE "places"."id" = $1 LIMIT 1[0m  [["id", 974]]
  [1m[35mPlace Load (0.2ms)[0m  SELECT "places".* FROM "places" WHERE "places"."id" = $1 LIMIT 1  [["id", 1126]]
  [1m[36mPlace Load (0.2ms)[0m  [1mSELECT "places".* FROM "places" WHERE "places"."id" = 1124 LIMIT 1[0m
  [1m[35mRoute Load (0.3ms)[0m  select * from routes where startplace_id = 1124
  [1m[36mRoute Load (0.4ms)[0m  [1mselect * from routes where endplace_id = 1124[0m
  [1m[35mCACHE (0.0ms)[0m  SELECT "places".* FROM "places" WHERE "places"."id" = $1 LIMIT 1  [["id", 1124]]
  [1m[36mPlace Load (0.2ms)[0m  [1mSELECT "places".* FROM "places" WHERE "places"."id" = $1 LIMIT 1[0m  [["id", 1129]]
  [1m[35mCACHE (0.0ms)[0m  SELECT "places".* FROM "places" WHERE "places"."id" = $1 LIMIT 1  [["id", 1124]]
  [1m[36mCACHE (0.0ms)[0m  [1mSELECT "places".* FROM "places" WHERE "places"."id" = $1 LIMIT 1[0m  [["id", 974]]
  [1m[35mPlace Load (0.2ms)[0m  SELECT "places".* FROM "places" WHERE "places"."id" = $1 LIMIT 1  [["id", 1123]]
  [1m[36mPlace Load (0.3ms)[0m  [1mSELECT "places".* FROM "places" WHERE "places"."id" = 1126 LIMIT 1[0m
  [1m[35mRoute Load (0.3ms)[0m  select * from routes where startplace_id = 1126
  [1m[36mRoute Load (0.3ms)[0m  [1mselect * from routes where endplace_id = 1126[0m
  [1m[35mCACHE (0.0ms)[0m  SELECT "places".* FROM "places" WHERE "places"."id" = $1 LIMIT 1  [["id", 1126]]
  [1m[36mCACHE (0.0ms)[0m  [1mSELECT "places".* FROM "places" WHERE "places"."id" = $1 LIMIT 1[0m  [["id", 1130]]
  [1m[35mCACHE (0.0ms)[0m  SELECT "places".* FROM "places" WHERE "places"."id" = $1 LIMIT 1  [["id", 1126]]
  [1m[36mPlace Load (0.2ms)[0m  [1mSELECT "places".* FROM "places" WHERE "places"."id" = $1 LIMIT 1[0m  [["id", 769]]
  [1m[35mPlace Load (0.2ms)[0m  SELECT "places".* FROM "places" WHERE "places"."id" = $1 LIMIT 1  [["id", 1127]]
  [1m[36mPlace Load (0.3ms)[0m  [1mSELECT "places".* FROM "places" WHERE "places"."id" = 1123 LIMIT 1[0m
  [1m[35mRoute Load (0.3ms)[0m  select * from routes where startplace_id = 1123
  [1m[36mRoute Load (0.3ms)[0m  [1mselect * from routes where endplace_id = 1123[0m
  [1m[35mCACHE (0.0ms)[0m  SELECT "places".* FROM "places" WHERE "places"."id" = $1 LIMIT 1  [["id", 1123]]
  [1m[36mCACHE (0.0ms)[0m  [1mSELECT "places".* FROM "places" WHERE "places"."id" = $1 LIMIT 1[0m  [["id", 1124]]
  [1m[35mPlace Load (0.4ms)[0m  SELECT "places".* FROM "places" WHERE "places"."id" = $1 LIMIT 1  [["id", 975]]
  [1m[36mPlace Load (0.2ms)[0m  [1mSELECT "places".* FROM "places" WHERE "places"."id" = $1 LIMIT 1[0m  [["id", 1125]]
  [1m[35mPlace Load (0.3ms)[0m  SELECT "places".* FROM "places" WHERE "places"."id" = 1129 LIMIT 1
  [1m[36mRoute Load (0.3ms)[0m  [1mselect * from routes where startplace_id = 1129[0m
  [1m[35mRoute Load (0.3ms)[0m  select * from routes where endplace_id = 1129
  [1m[36mCACHE (0.0ms)[0m  [1mSELECT "places".* FROM "places" WHERE "places"."id" = $1 LIMIT 1[0m  [["id", 1129]]
  [1m[35mPlace Load (0.2ms)[0m  SELECT "places".* FROM "places" WHERE "places"."id" = $1 LIMIT 1  [["id", 207]]
  [1m[36mCACHE (0.0ms)[0m  [1mSELECT "places".* FROM "places" WHERE "places"."id" = $1 LIMIT 1[0m  [["id", 1124]]
  [1m[35mCACHE (0.0ms)[0m  SELECT "places".* FROM "places" WHERE "places"."id" = $1 LIMIT 1  [["id", 975]]
  [1m[36mPlace Load (0.3ms)[0m  [1mSELECT "places".* FROM "places" WHERE "places"."id" = 1127 LIMIT 1[0m
  [1m[35mRoute Load (0.3ms)[0m  select * from routes where startplace_id = 1127
  [1m[36mRoute Load (0.3ms)[0m  [1mselect * from routes where endplace_id = 1127[0m
  [1m[35mCACHE (0.0ms)[0m  SELECT "places".* FROM "places" WHERE "places"."id" = $1 LIMIT 1  [["id", 1127]]
  [1m[36mCACHE (0.1ms)[0m  [1mSELECT "places".* FROM "places" WHERE "places"."id" = $1 LIMIT 1[0m  [["id", 1126]]
  [1m[35mPlace Load (0.3ms)[0m  SELECT "places".* FROM "places" WHERE "places"."id" = $1 LIMIT 1  [["id", 419]]
  [1m[36mPlace Load (0.3ms)[0m  [1mSELECT "places".* FROM "places" WHERE "places"."id" = 769 LIMIT 1[0m
  [1m[35mRoute Load (0.3ms)[0m  select * from routes where startplace_id = 769
  [1m[36mRoute Load (0.3ms)[0m  [1mselect * from routes where endplace_id = 769[0m
  [1m[35mCACHE (0.0ms)[0m  SELECT "places".* FROM "places" WHERE "places"."id" = $1 LIMIT 1  [["id", 769]]
  [1m[36mCACHE (0.0ms)[0m  [1mSELECT "places".* FROM "places" WHERE "places"."id" = $1 LIMIT 1[0m  [["id", 1125]]
  [1m[35mCACHE (0.0ms)[0m  SELECT "places".* FROM "places" WHERE "places"."id" = $1 LIMIT 1  [["id", 1126]]
  [1m[36mPlace Load (0.3ms)[0m  [1mSELECT "places".* FROM "places" WHERE "places"."id" = 207 LIMIT 1[0m
  [1m[35mRoute Load (0.3ms)[0m  select * from routes where startplace_id = 207
  [1m[36mRoute Load (0.3ms)[0m  [1mselect * from routes where endplace_id = 207[0m
  [1m[35mCACHE (0.0ms)[0m  SELECT "places".* FROM "places" WHERE "places"."id" = $1 LIMIT 1  [["id", 207]]
  [1m[36mPlace Load (0.2ms)[0m  [1mSELECT "places".* FROM "places" WHERE "places"."id" = $1 LIMIT 1[0m  [["id", 650]]
  [1m[35mCACHE (0.0ms)[0m  SELECT "places".* FROM "places" WHERE "places"."id" = $1 LIMIT 1  [["id", 207]]
  [1m[36mPlace Load (0.2ms)[0m  [1mSELECT "places".* FROM "places" WHERE "places"."id" = $1 LIMIT 1[0m  [["id", 1133]]
  [1m[35mCACHE (0.0ms)[0m  SELECT "places".* FROM "places" WHERE "places"."id" = $1 LIMIT 1  [["id", 1129]]
  [1m[36mPlace Load (0.3ms)[0m  [1mSELECT "places".* FROM "places" WHERE "places"."id" = 419 LIMIT 1[0m
  [1m[35mRoute Load (0.3ms)[0m  select * from routes where startplace_id = 419
  [1m[36mRoute Load (52.1ms)[0m  [1mselect * from routes where endplace_id = 419[0m
  [1m[35mCACHE (0.0ms)[0m  SELECT "places".* FROM "places" WHERE "places"."id" = $1 LIMIT 1  [["id", 419]]
  [1m[36mCACHE (0.0ms)[0m  [1mSELECT "places".* FROM "places" WHERE "places"."id" = $1 LIMIT 1[0m  [["id", 1127]]
  [1m[35mPlace Load (0.5ms)[0m  SELECT "places".* FROM "places" WHERE "places"."id" = $1 LIMIT 1  [["id", 1128]]
  [1m[36mPlace Load (0.4ms)[0m  [1mSELECT "places".* FROM "places" WHERE "places"."id" = 650 LIMIT 1[0m
  [1m[35mRoute Load (0.4ms)[0m  select * from routes where startplace_id = 650
  [1m[36mRoute Load (0.3ms)[0m  [1mselect * from routes where endplace_id = 650[0m
  [1m[35mCACHE (0.0ms)[0m  SELECT "places".* FROM "places" WHERE "places"."id" = $1 LIMIT 1  [["id", 650]]
  [1m[36mPlace Load (0.2ms)[0m  [1mSELECT "places".* FROM "places" WHERE "places"."id" = $1 LIMIT 1[0m  [["id", 45]]
  [1m[35mCACHE (0.0ms)[0m  SELECT "places".* FROM "places" WHERE "places"."id" = $1 LIMIT 1  [["id", 207]]
  [1m[36mPlace Load (0.3ms)[0m  [1mSELECT "places".* FROM "places" WHERE "places"."id" = 1133 LIMIT 1[0m
  [1m[35mRoute Load (0.3ms)[0m  select * from routes where startplace_id = 1133
  [1m[36mRoute Load (0.3ms)[0m  [1mselect * from routes where endplace_id = 1133[0m
  [1m[35mCACHE (0.0ms)[0m  SELECT "places".* FROM "places" WHERE "places"."id" = $1 LIMIT 1  [["id", 1133]]
  [1m[36mPlace Load (0.2ms)[0m  [1mSELECT "places".* FROM "places" WHERE "places"."id" = $1 LIMIT 1[0m  [["id", 1131]]
  [1m[35mCACHE (0.0ms)[0m  SELECT "places".* FROM "places" WHERE "places"."id" = $1 LIMIT 1  [["id", 207]]
  [1m[36mPlace Load (0.3ms)[0m  [1mSELECT "places".* FROM "places" WHERE "places"."id" = 1128 LIMIT 1[0m
  [1m[35mRoute Load (0.2ms)[0m  select * from routes where startplace_id = 1128
  [1m[36mRoute Load (0.3ms)[0m  [1mselect * from routes where endplace_id = 1128[0m
  [1m[35mCACHE (0.0ms)[0m  SELECT "places".* FROM "places" WHERE "places"."id" = $1 LIMIT 1  [["id", 1128]]
  [1m[36mCACHE (0.0ms)[0m  [1mSELECT "places".* FROM "places" WHERE "places"."id" = $1 LIMIT 1[0m  [["id", 419]]
  [1m[35mPlace Load (0.2ms)[0m  SELECT "places".* FROM "places" WHERE "places"."id" = 45 LIMIT 1
  [1m[36mRoute Load (0.3ms)[0m  [1mselect * from routes where startplace_id = 45[0m
  [1m[35mRoute Load (0.3ms)[0m  select * from routes where endplace_id = 45
  [1m[36mCACHE (0.0ms)[0m  [1mSELECT "places".* FROM "places" WHERE "places"."id" = $1 LIMIT 1[0m  [["id", 45]]
  [1m[35mCACHE (0.0ms)[0m  SELECT "places".* FROM "places" WHERE "places"."id" = $1 LIMIT 1  [["id", 976]]
  [1m[36mCACHE (0.0ms)[0m  [1mSELECT "places".* FROM "places" WHERE "places"."id" = $1 LIMIT 1[0m  [["id", 650]]
  [1m[35mPlace Load (0.3ms)[0m  SELECT "places".* FROM "places" WHERE "places"."id" = 1131 LIMIT 1
  [1m[36mRoute Load (0.3ms)[0m  [1mselect * from routes where startplace_id = 1131[0m
  [1m[35mRoute Load (0.3ms)[0m  select * from routes where endplace_id = 1131
  [1m[36mCACHE (0.0ms)[0m  [1mSELECT "places".* FROM "places" WHERE "places"."id" = $1 LIMIT 1[0m  [["id", 1131]]
  [1m[35mPlace Load (0.2ms)[0m  SELECT "places".* FROM "places" WHERE "places"."id" = $1 LIMIT 1  [["id", 1132]]
  [1m[36mCACHE (0.0ms)[0m  [1mSELECT "places".* FROM "places" WHERE "places"."id" = $1 LIMIT 1[0m  [["id", 1133]]
  [1m[35mPlace Load (0.3ms)[0m  SELECT "places".* FROM "places" WHERE "places"."id" = 1132 LIMIT 1
  [1m[36mRoute Load (0.3ms)[0m  [1mselect * from routes where startplace_id = 1132[0m
  [1m[35mRoute Load (0.2ms)[0m  select * from routes where endplace_id = 1132
  [1m[36mCACHE (0.0ms)[0m  [1mSELECT "places".* FROM "places" WHERE "places"."id" = $1 LIMIT 1[0m  [["id", 1131]]
BNewroutes
1125
{:place=>974, :route=>[272, 22, -219, 220, 21, 221, 222], :url=>"xrv-225xrv222xrv221xrv21xrv220xrv-219xrv22xrv272"}
{:place=>769, :route=>[-227, 240, 239, 272, 22, -219, 220, 21, 221, 222], :url=>"xrv-225xrv222xrv221xrv21xrv220xrv-219xrv22xrv272xrv239xrv240xrv-227"}
{:place=>1123, :route=>[223, 224, 272, 22, -219, 220, 21, 221, 222], :url=>"xrv-225xrv222xrv221xrv21xrv220xrv-219xrv22xrv272xrv224xrv223"}
{:place=>207, :route=>[-235, -237, 224, 272, 22, -219, 220, 21, 221, 222], :url=>"xrv-225xrv222xrv221xrv21xrv220xrv-219xrv22xrv272xrv224xrv-237xrv-235"}
{:place=>419, :route=>[229, 228, 240, 239, 272, 22, -219, 220, 21, 221, 222], :url=>"xrv-225xrv222xrv221xrv21xrv220xrv-219xrv22xrv272xrv239xrv240xrv228xrv229"}
{:place=>650, :route=>[-234, -235, -237, 224, 272, 22, -219, 220, 21, 221, 222], :url=>"xrv-225xrv222xrv221xrv21xrv220xrv-219xrv22xrv272xrv224xrv-237xrv-235xrv-234"}
{:place=>1128, :route=>[230, 229, 228, 240, 239, 272, 22, -219, 220, 21, 221, 222], :url=>"xrv-225xrv222xrv221xrv21xrv220xrv-219xrv22xrv272xrv239xrv240xrv228xrv229xrv230"}
{:place=>45, :route=>[-233, -234, -235, -237, 224, 272, 22, -219, 220, 21, 221, 222], :url=>"xrv-225xrv222xrv221xrv21xrv220xrv-219xrv22xrv272xrv224xrv-237xrv-235xrv-234xrv-233"}
{:place=>1132, :route=>[-241, -242, -243, -235, -237, 224, 272, 22, -219, 220, 21, 221, 222], :url=>"xrv-225xrv222xrv221xrv21xrv220xrv-219xrv22xrv272xrv224xrv-237xrv-235xrv-243xrv-242xrv-241"}
  [1m[35mCACHE (0.0ms)[0m  SELECT "places".* FROM "places" WHERE "places"."id" = 974 LIMIT 1
  [1m[36m (1.3ms)[0m  [1mSELECT COUNT(*) FROM "route_indices" WHERE (url = 'xrv-225xrv222xrv221xrv21xrv220xrv-219xrv22xrv272')[0m
  [1m[35mPlaceType Load (0.2ms)[0m  select * from place_types where name='Roadend'
  [1m[36mSQL (0.6ms)[0m  [1mINSERT INTO "route_indices" ("created_at", "endplace_id", "isDest", "startplace_id", "updated_at", "url") VALUES ($1, $2, $3, $4, $5, $6) RETURNING "id"[0m  [["created_at", Mon, 27 Oct 2014 10:08:08 NZDT +13:00], ["endplace_id", 974], ["isDest", true], ["startplace_id", 1125], ["updated_at", Mon, 27 Oct 2014 10:08:08 NZDT +13:00], ["url", "xrv-225xrv222xrv221xrv21xrv220xrv-219xrv22xrv272"]]
  [1m[35mPlace Load (0.3ms)[0m  SELECT "places".* FROM "places" WHERE "places"."id" = 769 LIMIT 1
  [1m[36m (1.0ms)[0m  [1mSELECT COUNT(*) FROM "route_indices" WHERE (url = 'xrv-225xrv222xrv221xrv21xrv220xrv-219xrv22xrv272xrv239xrv240xrv-227')[0m
  [1m[35mPlaceType Load (0.2ms)[0m  select * from place_types where name='Hut'
  [1m[36mSQL (0.4ms)[0m  [1mINSERT INTO "route_indices" ("created_at", "endplace_id", "isDest", "startplace_id", "updated_at", "url") VALUES ($1, $2, $3, $4, $5, $6) RETURNING "id"[0m  [["created_at", Mon, 27 Oct 2014 10:08:08 NZDT +13:00], ["endplace_id", 769], ["isDest", true], ["startplace_id", 1125], ["updated_at", Mon, 27 Oct 2014 10:08:08 NZDT +13:00], ["url", "xrv-225xrv222xrv221xrv21xrv220xrv-219xrv22xrv272xrv239xrv240xrv-227"]]
  [1m[35mPlace Load (0.3ms)[0m  SELECT "places".* FROM "places" WHERE "places"."id" = 1123 LIMIT 1
  [1m[36m (1.0ms)[0m  [1mSELECT COUNT(*) FROM "route_indices" WHERE (url = 'xrv-225xrv222xrv221xrv21xrv220xrv-219xrv22xrv272xrv224xrv223')[0m
  [1m[35mPlaceType Load (0.2ms)[0m  select * from place_types where name='Junction'
  [1m[36mSQL (0.5ms)[0m  [1mINSERT INTO "route_indices" ("created_at", "endplace_id", "isDest", "startplace_id", "updated_at", "url") VALUES ($1, $2, $3, $4, $5, $6) RETURNING "id"[0m  [["created_at", Mon, 27 Oct 2014 10:08:08 NZDT +13:00], ["endplace_id", 1123], ["isDest", false], ["startplace_id", 1125], ["updated_at", Mon, 27 Oct 2014 10:08:08 NZDT +13:00], ["url", "xrv-225xrv222xrv221xrv21xrv220xrv-219xrv22xrv272xrv224xrv223"]]
  [1m[35mPlace Load (0.3ms)[0m  SELECT "places".* FROM "places" WHERE "places"."id" = 207 LIMIT 1
  [1m[36m (1.1ms)[0m  [1mSELECT COUNT(*) FROM "route_indices" WHERE (url = 'xrv-225xrv222xrv221xrv21xrv220xrv-219xrv22xrv272xrv224xrv-237xrv-235')[0m
  [1m[35mPlaceType Load (0.2ms)[0m  select * from place_types where name='Hut'
  [1m[36mSQL (0.4ms)[0m  [1mINSERT INTO "route_indices" ("created_at", "endplace_id", "isDest", "startplace_id", "updated_at", "url") VALUES ($1, $2, $3, $4, $5, $6) RETURNING "id"[0m  [["created_at", Mon, 27 Oct 2014 10:08:08 NZDT +13:00], ["endplace_id", 207], ["isDest", true], ["startplace_id", 1125], ["updated_at", Mon, 27 Oct 2014 10:08:08 NZDT +13:00], ["url", "xrv-225xrv222xrv221xrv21xrv220xrv-219xrv22xrv272xrv224xrv-237xrv-235"]]
  [1m[35mPlace Load (0.3ms)[0m  SELECT "places".* FROM "places" WHERE "places"."id" = 419 LIMIT 1
  [1m[36m (1.0ms)[0m  [1mSELECT COUNT(*) FROM "route_indices" WHERE (url = 'xrv-225xrv222xrv221xrv21xrv220xrv-219xrv22xrv272xrv239xrv240xrv228xrv229')[0m
  [1m[35mPlaceType Load (0.2ms)[0m  select * from place_types where name='Hut'
  [1m[36mSQL (0.4ms)[0m  [1mINSERT INTO "route_indices" ("created_at", "endplace_id", "isDest", "startplace_id", "updated_at", "url") VALUES ($1, $2, $3, $4, $5, $6) RETURNING "id"[0m  [["created_at", Mon, 27 Oct 2014 10:08:08 NZDT +13:00], ["endplace_id", 419], ["isDest", true], ["startplace_id", 1125], ["updated_at", Mon, 27 Oct 2014 10:08:08 NZDT +13:00], ["url", "xrv-225xrv222xrv221xrv21xrv220xrv-219xrv22xrv272xrv239xrv240xrv228xrv229"]]
  [1m[35mPlace Load (0.3ms)[0m  SELECT "places".* FROM "places" WHERE "places"."id" = 650 LIMIT 1
  [1m[36m (1.0ms)[0m  [1mSELECT COUNT(*) FROM "route_indices" WHERE (url = 'xrv-225xrv222xrv221xrv21xrv220xrv-219xrv22xrv272xrv224xrv-237xrv-235xrv-234')[0m
  [1m[35mPlaceType Load (0.2ms)[0m  select * from place_types where name='Hut'
  [1m[36mSQL (0.4ms)[0m  [1mINSERT INTO "route_indices" ("created_at", "endplace_id", "isDest", "startplace_id", "updated_at", "url") VALUES ($1, $2, $3, $4, $5, $6) RETURNING "id"[0m  [["created_at", Mon, 27 Oct 2014 10:08:08 NZDT +13:00], ["endplace_id", 650], ["isDest", true], ["startplace_id", 1125], ["updated_at", Mon, 27 Oct 2014 10:08:08 NZDT +13:00], ["url", "xrv-225xrv222xrv221xrv21xrv220xrv-219xrv22xrv272xrv224xrv-237xrv-235xrv-234"]]
  [1m[35mPlace Load (0.3ms)[0m  SELECT "places".* FROM "places" WHERE "places"."id" = 1128 LIMIT 1
  [1m[36m (1.0ms)[0m  [1mSELECT COUNT(*) FROM "route_indices" WHERE (url = 'xrv-225xrv222xrv221xrv21xrv220xrv-219xrv22xrv272xrv239xrv240xrv228xrv229xrv230')[0m
  [1m[35mPlaceType Load (0.2ms)[0m  select * from place_types where name='Roadend'
  [1m[36mSQL (0.7ms)[0m  [1mINSERT INTO "route_indices" ("created_at", "endplace_id", "isDest", "startplace_id", "updated_at", "url") VALUES ($1, $2, $3, $4, $5, $6) RETURNING "id"[0m  [["created_at", Mon, 27 Oct 2014 10:08:08 NZDT +13:00], ["endplace_id", 1128], ["isDest", true], ["startplace_id", 1125], ["updated_at", Mon, 27 Oct 2014 10:08:08 NZDT +13:00], ["url", "xrv-225xrv222xrv221xrv21xrv220xrv-219xrv22xrv272xrv239xrv240xrv228xrv229xrv230"]]
  [1m[35mPlace Load (0.3ms)[0m  SELECT "places".* FROM "places" WHERE "places"."id" = 45 LIMIT 1
  [1m[36m (1.1ms)[0m  [1mSELECT COUNT(*) FROM "route_indices" WHERE (url = 'xrv-225xrv222xrv221xrv21xrv220xrv-219xrv22xrv272xrv224xrv-237xrv-235xrv-234xrv-233')[0m
  [1m[35mPlaceType Load (0.2ms)[0m  select * from place_types where name='Hut'
  [1m[36mSQL (0.4ms)[0m  [1mINSERT INTO "route_indices" ("created_at", "endplace_id", "isDest", "startplace_id", "updated_at", "url") VALUES ($1, $2, $3, $4, $5, $6) RETURNING "id"[0m  [["created_at", Mon, 27 Oct 2014 10:08:08 NZDT +13:00], ["endplace_id", 45], ["isDest", true], ["startplace_id", 1125], ["updated_at", Mon, 27 Oct 2014 10:08:08 NZDT +13:00], ["url", "xrv-225xrv222xrv221xrv21xrv220xrv-219xrv22xrv272xrv224xrv-237xrv-235xrv-234xrv-233"]]
  [1m[35mPlace Load (0.3ms)[0m  SELECT "places".* FROM "places" WHERE "places"."id" = 1132 LIMIT 1
  [1m[36m (1.1ms)[0m  [1mSELECT COUNT(*) FROM "route_indices" WHERE (url = 'xrv-225xrv222xrv221xrv21xrv220xrv-219xrv22xrv272xrv224xrv-237xrv-235xrv-243xrv-242xrv-241')[0m
  [1m[35mPlaceType Load (0.2ms)[0m  select * from place_types where name='Campsite'
  [1m[36mSQL (0.3ms)[0m  [1mINSERT INTO "route_indices" ("created_at", "endplace_id", "isDest", "startplace_id", "updated_at", "url") VALUES ($1, $2, $3, $4, $5, $6) RETURNING "id"[0m  [["created_at", Mon, 27 Oct 2014 10:08:08 NZDT +13:00], ["endplace_id", 1132], ["isDest", true], ["startplace_id", 1125], ["updated_at", Mon, 27 Oct 2014 10:08:08 NZDT +13:00], ["url", "xrv-225xrv222xrv221xrv21xrv220xrv-219xrv22xrv272xrv224xrv-237xrv-235xrv-243xrv-242xrv-241"]]
  [1m[35mPlace Load (0.3ms)[0m  SELECT "places".* FROM "places" WHERE "places"."id" = 528 LIMIT 1
  [1m[36mPlaceType Load (0.2ms)[0m  [1mselect name, "isDest" from place_types[0m
  [1m[35mRoute Load (0.3ms)[0m  SELECT "routes".* FROM "routes" WHERE "routes"."id" = 213 LIMIT 1
  [1m[36mRoute Load (0.3ms)[0m  [1mSELECT "routes".* FROM "routes" WHERE "routes"."id" = 214 LIMIT 1[0m
  [1m[35mRoute Load (0.3ms)[0m  SELECT "routes".* FROM "routes" WHERE "routes"."id" = 216 LIMIT 1
  [1m[36mRoute Load (0.3ms)[0m  [1mSELECT "routes".* FROM "routes" WHERE "routes"."id" = 217 LIMIT 1[0m
  [1m[35mRoute Load (0.3ms)[0m  SELECT "routes".* FROM "routes" WHERE "routes"."id" = 218 LIMIT 1
  [1m[36mRoute Load (0.3ms)[0m  [1mSELECT "routes".* FROM "routes" WHERE "routes"."id" = 22 LIMIT 1[0m
  [1m[35mRoute Load (0.3ms)[0m  SELECT "routes".* FROM "routes" WHERE "routes"."id" = 272 LIMIT 1
  [1m[36mPlace Load (0.3ms)[0m  [1mSELECT "places".* FROM "places" WHERE "places"."id" = 974 LIMIT 1[0m
  [1m[35mCACHE (0.0ms)[0m  SELECT "places".* FROM "places" WHERE "places"."id" = 974 LIMIT 1
  [1m[36mRoute Load (0.4ms)[0m  [1mselect * from routes where startplace_id = 974[0m
  [1m[35mRoute Load (0.3ms)[0m  select * from routes where endplace_id = 974
  [1m[36mPlace Load (0.2ms)[0m  [1mSELECT "places".* FROM "places" WHERE "places"."id" = $1 LIMIT 1[0m  [["id", 974]]
  [1m[35mPlace Load (0.2ms)[0m  SELECT "places".* FROM "places" WHERE "places"."id" = $1 LIMIT 1  [["id", 471]]
  [1m[36mPlace Load (0.2ms)[0m  [1mSELECT "places".* FROM "places" WHERE "places"."id" = $1 LIMIT 1[0m  [["id", 1130]]
  [1m[35mPlace Load (0.2ms)[0m  SELECT "places".* FROM "places" WHERE "places"."id" = $1 LIMIT 1  [["id", 1124]]
  [1m[36mPlace Load (0.3ms)[0m  [1mSELECT "places".* FROM "places" WHERE "places"."id" = 1130 LIMIT 1[0m
  [1m[35mRoute Load (0.3ms)[0m  select * from routes where startplace_id = 1130
  [1m[36mRoute Load (0.3ms)[0m  [1mselect * from routes where endplace_id = 1130[0m
  [1m[35mCACHE (0.0ms)[0m  SELECT "places".* FROM "places" WHERE "places"."id" = $1 LIMIT 1  [["id", 1130]]
  [1m[36mCACHE (0.0ms)[0m  [1mSELECT "places".* FROM "places" WHERE "places"."id" = $1 LIMIT 1[0m  [["id", 974]]
  [1m[35mPlace Load (0.2ms)[0m  SELECT "places".* FROM "places" WHERE "places"."id" = $1 LIMIT 1  [["id", 1126]]
  [1m[36mPlace Load (0.3ms)[0m  [1mSELECT "places".* FROM "places" WHERE "places"."id" = 1124 LIMIT 1[0m
  [1m[35mRoute Load (0.3ms)[0m  select * from routes where startplace_id = 1124
  [1m[36mRoute Load (0.3ms)[0m  [1mselect * from routes where endplace_id = 1124[0m
  [1m[35mCACHE (0.0ms)[0m  SELECT "places".* FROM "places" WHERE "places"."id" = $1 LIMIT 1  [["id", 1124]]
  [1m[36mPlace Load (0.2ms)[0m  [1mSELECT "places".* FROM "places" WHERE "places"."id" = $1 LIMIT 1[0m  [["id", 1129]]
  [1m[35mCACHE (0.0ms)[0m  SELECT "places".* FROM "places" WHERE "places"."id" = $1 LIMIT 1  [["id", 1124]]
  [1m[36mCACHE (0.0ms)[0m  [1mSELECT "places".* FROM "places" WHERE "places"."id" = $1 LIMIT 1[0m  [["id", 974]]
  [1m[35mPlace Load (0.2ms)[0m  SELECT "places".* FROM "places" WHERE "places"."id" = $1 LIMIT 1  [["id", 1123]]
  [1m[36mPlace Load (0.3ms)[0m  [1mSELECT "places".* FROM "places" WHERE "places"."id" = 1126 LIMIT 1[0m
  [1m[35mRoute Load (0.3ms)[0m  select * from routes where startplace_id = 1126
  [1m[36mRoute Load (0.3ms)[0m  [1mselect * from routes where endplace_id = 1126[0m
  [1m[35mCACHE (0.0ms)[0m  SELECT "places".* FROM "places" WHERE "places"."id" = $1 LIMIT 1  [["id", 1126]]
  [1m[36mCACHE (0.0ms)[0m  [1mSELECT "places".* FROM "places" WHERE "places"."id" = $1 LIMIT 1[0m  [["id", 1130]]
  [1m[35mCACHE (0.0ms)[0m  SELECT "places".* FROM "places" WHERE "places"."id" = $1 LIMIT 1  [["id", 1126]]
  [1m[36mPlace Load (0.2ms)[0m  [1mSELECT "places".* FROM "places" WHERE "places"."id" = $1 LIMIT 1[0m  [["id", 769]]
  [1m[35mPlace Load (0.2ms)[0m  SELECT "places".* FROM "places" WHERE "places"."id" = $1 LIMIT 1  [["id", 1127]]
  [1m[36mPlace Load (0.3ms)[0m  [1mSELECT "places".* FROM "places" WHERE "places"."id" = 1123 LIMIT 1[0m
  [1m[35mRoute Load (0.3ms)[0m  select * from routes where startplace_id = 1123
  [1m[36mRoute Load (0.3ms)[0m  [1mselect * from routes where endplace_id = 1123[0m
  [1m[35mCACHE (0.0ms)[0m  SELECT "places".* FROM "places" WHERE "places"."id" = $1 LIMIT 1  [["id", 1123]]
  [1m[36mCACHE (0.0ms)[0m  [1mSELECT "places".* FROM "places" WHERE "places"."id" = $1 LIMIT 1[0m  [["id", 1124]]
  [1m[35mPlace Load (0.2ms)[0m  SELECT "places".* FROM "places" WHERE "places"."id" = $1 LIMIT 1  [["id", 975]]
  [1m[36mPlace Load (0.2ms)[0m  [1mSELECT "places".* FROM "places" WHERE "places"."id" = $1 LIMIT 1[0m  [["id", 1125]]
  [1m[35mPlace Load (0.3ms)[0m  SELECT "places".* FROM "places" WHERE "places"."id" = 1129 LIMIT 1
  [1m[36mRoute Load (0.3ms)[0m  [1mselect * from routes where startplace_id = 1129[0m
  [1m[35mRoute Load (0.3ms)[0m  select * from routes where endplace_id = 1129
  [1m[36mCACHE (0.0ms)[0m  [1mSELECT "places".* FROM "places" WHERE "places"."id" = $1 LIMIT 1[0m  [["id", 1129]]
  [1m[35mPlace Load (0.2ms)[0m  SELECT "places".* FROM "places" WHERE "places"."id" = $1 LIMIT 1  [["id", 207]]
  [1m[36mCACHE (0.0ms)[0m  [1mSELECT "places".* FROM "places" WHERE "places"."id" = $1 LIMIT 1[0m  [["id", 1124]]
  [1m[35mCACHE (0.0ms)[0m  SELECT "places".* FROM "places" WHERE "places"."id" = $1 LIMIT 1  [["id", 975]]
  [1m[36mPlace Load (0.3ms)[0m  [1mSELECT "places".* FROM "places" WHERE "places"."id" = 1127 LIMIT 1[0m
  [1m[35mRoute Load (0.3ms)[0m  select * from routes where startplace_id = 1127
  [1m[36mRoute Load (0.3ms)[0m  [1mselect * from routes where endplace_id = 1127[0m
  [1m[35mCACHE (0.0ms)[0m  SELECT "places".* FROM "places" WHERE "places"."id" = $1 LIMIT 1  [["id", 1127]]
  [1m[36mCACHE (0.0ms)[0m  [1mSELECT "places".* FROM "places" WHERE "places"."id" = $1 LIMIT 1[0m  [["id", 1126]]
  [1m[35mPlace Load (0.2ms)[0m  SELECT "places".* FROM "places" WHERE "places"."id" = $1 LIMIT 1  [["id", 419]]
  [1m[36mPlace Load (0.3ms)[0m  [1mSELECT "places".* FROM "places" WHERE "places"."id" = 769 LIMIT 1[0m
  [1m[35mRoute Load (0.3ms)[0m  select * from routes where startplace_id = 769
  [1m[36mRoute Load (0.3ms)[0m  [1mselect * from routes where endplace_id = 769[0m
  [1m[35mCACHE (0.0ms)[0m  SELECT "places".* FROM "places" WHERE "places"."id" = $1 LIMIT 1  [["id", 769]]
  [1m[36mCACHE (0.0ms)[0m  [1mSELECT "places".* FROM "places" WHERE "places"."id" = $1 LIMIT 1[0m  [["id", 1125]]
  [1m[35mCACHE (0.0ms)[0m  SELECT "places".* FROM "places" WHERE "places"."id" = $1 LIMIT 1  [["id", 1126]]
  [1m[36mPlace Load (0.3ms)[0m  [1mSELECT "places".* FROM "places" WHERE "places"."id" = 975 LIMIT 1[0m
  [1m[35mRoute Load (0.3ms)[0m  select * from routes where startplace_id = 975
  [1m[36mRoute Load (0.3ms)[0m  [1mselect * from routes where endplace_id = 975[0m
  [1m[35mCACHE (0.0ms)[0m  SELECT "places".* FROM "places" WHERE "places"."id" = $1 LIMIT 1  [["id", 975]]
  [1m[36mCACHE (0.0ms)[0m  [1mSELECT "places".* FROM "places" WHERE "places"."id" = $1 LIMIT 1[0m  [["id", 1129]]
  [1m[35mCACHE (0.0ms)[0m  SELECT "places".* FROM "places" WHERE "places"."id" = $1 LIMIT 1  [["id", 975]]
  [1m[36mCACHE (0.0ms)[0m  [1mSELECT "places".* FROM "places" WHERE "places"."id" = $1 LIMIT 1[0m  [["id", 1123]]
  [1m[35mPlace Load (0.2ms)[0m  SELECT "places".* FROM "places" WHERE "places"."id" = $1 LIMIT 1  [["id", 1122]]
  [1m[36mPlace Load (0.3ms)[0m  [1mSELECT "places".* FROM "places" WHERE "places"."id" = 1125 LIMIT 1[0m
  [1m[35mRoute Load (0.3ms)[0m  select * from routes where startplace_id = 1125
  [1m[36mRoute Load (0.3ms)[0m  [1mselect * from routes where endplace_id = 1125[0m
  [1m[35mCACHE (0.0ms)[0m  SELECT "places".* FROM "places" WHERE "places"."id" = $1 LIMIT 1  [["id", 1125]]
  [1m[36mCACHE (0.0ms)[0m  [1mSELECT "places".* FROM "places" WHERE "places"."id" = $1 LIMIT 1[0m  [["id", 1123]]
  [1m[35mCACHE (0.0ms)[0m  SELECT "places".* FROM "places" WHERE "places"."id" = $1 LIMIT 1  [["id", 769]]
  [1m[36mCACHE (0.0ms)[0m  [1mSELECT "places".* FROM "places" WHERE "places"."id" = 975 LIMIT 1[0m
  [1m[35mCACHE (0.0ms)[0m  select * from routes where startplace_id = 975
  [1m[36mCACHE (0.0ms)[0m  [1mselect * from routes where endplace_id = 975[0m
  [1m[35mCACHE (0.0ms)[0m  SELECT "places".* FROM "places" WHERE "places"."id" = $1 LIMIT 1  [["id", 975]]
  [1m[36mCACHE (0.0ms)[0m  [1mSELECT "places".* FROM "places" WHERE "places"."id" = $1 LIMIT 1[0m  [["id", 1129]]
  [1m[35mCACHE (0.0ms)[0m  SELECT "places".* FROM "places" WHERE "places"."id" = $1 LIMIT 1  [["id", 975]]
  [1m[36mCACHE (0.0ms)[0m  [1mSELECT "places".* FROM "places" WHERE "places"."id" = $1 LIMIT 1[0m  [["id", 1123]]
  [1m[35mCACHE (0.0ms)[0m  SELECT "places".* FROM "places" WHERE "places"."id" = $1 LIMIT 1  [["id", 1122]]
  [1m[36mPlace Load (0.3ms)[0m  [1mSELECT "places".* FROM "places" WHERE "places"."id" = 207 LIMIT 1[0m
  [1m[35mRoute Load (0.3ms)[0m  select * from routes where startplace_id = 207
  [1m[36mRoute Load (0.4ms)[0m  [1mselect * from routes where endplace_id = 207[0m
  [1m[35mCACHE (0.0ms)[0m  SELECT "places".* FROM "places" WHERE "places"."id" = $1 LIMIT 1  [["id", 207]]
  [1m[36mPlace Load (0.2ms)[0m  [1mSELECT "places".* FROM "places" WHERE "places"."id" = $1 LIMIT 1[0m  [["id", 650]]
  [1m[35mCACHE (0.0ms)[0m  SELECT "places".* FROM "places" WHERE "places"."id" = $1 LIMIT 1  [["id", 207]]
  [1m[36mPlace Load (0.2ms)[0m  [1mSELECT "places".* FROM "places" WHERE "places"."id" = $1 LIMIT 1[0m  [["id", 1133]]
  [1m[35mCACHE (0.0ms)[0m  SELECT "places".* FROM "places" WHERE "places"."id" = $1 LIMIT 1  [["id", 1129]]
  [1m[36mPlace Load (0.3ms)[0m  [1mSELECT "places".* FROM "places" WHERE "places"."id" = 419 LIMIT 1[0m
  [1m[35mRoute Load (0.3ms)[0m  select * from routes where startplace_id = 419
  [1m[36mRoute Load (0.3ms)[0m  [1mselect * from routes where endplace_id = 419[0m
  [1m[35mCACHE (0.0ms)[0m  SELECT "places".* FROM "places" WHERE "places"."id" = $1 LIMIT 1  [["id", 419]]
  [1m[36mCACHE (0.0ms)[0m  [1mSELECT "places".* FROM "places" WHERE "places"."id" = $1 LIMIT 1[0m  [["id", 1127]]
  [1m[35mPlace Load (0.2ms)[0m  SELECT "places".* FROM "places" WHERE "places"."id" = $1 LIMIT 1  [["id", 1128]]
  [1m[36mCACHE (0.0ms)[0m  [1mSELECT "places".* FROM "places" WHERE "places"."id" = 1125 LIMIT 1[0m
  [1m[35mCACHE (0.0ms)[0m  select * from routes where startplace_id = 1125
  [1m[36mCACHE (0.0ms)[0m  [1mselect * from routes where endplace_id = 1125[0m
  [1m[35mCACHE (0.0ms)[0m  SELECT "places".* FROM "places" WHERE "places"."id" = $1 LIMIT 1  [["id", 1125]]
  [1m[36mCACHE (0.0ms)[0m  [1mSELECT "places".* FROM "places" WHERE "places"."id" = $1 LIMIT 1[0m  [["id", 1123]]
  [1m[35mCACHE (0.0ms)[0m  SELECT "places".* FROM "places" WHERE "places"."id" = $1 LIMIT 1  [["id", 769]]
  [1m[36mPlace Load (0.3ms)[0m  [1mSELECT "places".* FROM "places" WHERE "places"."id" = 1122 LIMIT 1[0m
  [1m[35mRoute Load (0.3ms)[0m  select * from routes where startplace_id = 1122
  [1m[36mRoute Load (0.3ms)[0m  [1mselect * from routes where endplace_id = 1122[0m
  [1m[35mCACHE (0.0ms)[0m  SELECT "places".* FROM "places" WHERE "places"."id" = $1 LIMIT 1  [["id", 1122]]
  [1m[36mCACHE (0.0ms)[0m  [1mSELECT "places".* FROM "places" WHERE "places"."id" = $1 LIMIT 1[0m  [["id", 975]]
  [1m[35mPlace Load (0.2ms)[0m  SELECT "places".* FROM "places" WHERE "places"."id" = $1 LIMIT 1  [["id", 1121]]
  [1m[36mCACHE (0.0ms)[0m  [1mSELECT "places".* FROM "places" WHERE "places"."id" = 1129 LIMIT 1[0m
  [1m[35mCACHE (0.0ms)[0m  select * from routes where startplace_id = 1129
  [1m[36mCACHE (0.0ms)[0m  [1mselect * from routes where endplace_id = 1129[0m
  [1m[35mCACHE (0.0ms)[0m  SELECT "places".* FROM "places" WHERE "places"."id" = $1 LIMIT 1  [["id", 1129]]
  [1m[36mCACHE (0.0ms)[0m  [1mSELECT "places".* FROM "places" WHERE "places"."id" = $1 LIMIT 1[0m  [["id", 207]]
  [1m[35mCACHE (0.0ms)[0m  SELECT "places".* FROM "places" WHERE "places"."id" = $1 LIMIT 1  [["id", 1124]]
  [1m[36mCACHE (0.0ms)[0m  [1mSELECT "places".* FROM "places" WHERE "places"."id" = $1 LIMIT 1[0m  [["id", 975]]
  [1m[35mCACHE (0.0ms)[0m  SELECT "places".* FROM "places" WHERE "places"."id" = 769 LIMIT 1
  [1m[36mCACHE (0.0ms)[0m  [1mselect * from routes where startplace_id = 769[0m
  [1m[35mCACHE (0.0ms)[0m  select * from routes where endplace_id = 769
  [1m[36mCACHE (0.0ms)[0m  [1mSELECT "places".* FROM "places" WHERE "places"."id" = $1 LIMIT 1[0m  [["id", 769]]
  [1m[35mCACHE (0.0ms)[0m  SELECT "places".* FROM "places" WHERE "places"."id" = $1 LIMIT 1  [["id", 1125]]
  [1m[36mCACHE (0.0ms)[0m  [1mSELECT "places".* FROM "places" WHERE "places"."id" = $1 LIMIT 1[0m  [["id", 1126]]
  [1m[35mCACHE (0.0ms)[0m  SELECT "places".* FROM "places" WHERE "places"."id" = 1122 LIMIT 1
  [1m[36mCACHE (0.0ms)[0m  [1mselect * from routes where startplace_id = 1122[0m
  [1m[35mCACHE (0.0ms)[0m  select * from routes where endplace_id = 1122
  [1m[36mCACHE (0.0ms)[0m  [1mSELECT "places".* FROM "places" WHERE "places"."id" = $1 LIMIT 1[0m  [["id", 1122]]
  [1m[35mCACHE (0.0ms)[0m  SELECT "places".* FROM "places" WHERE "places"."id" = $1 LIMIT 1  [["id", 975]]
  [1m[36mCACHE (0.0ms)[0m  [1mSELECT "places".* FROM "places" WHERE "places"."id" = $1 LIMIT 1[0m  [["id", 1121]]
  [1m[35mCACHE (0.0ms)[0m  SELECT "places".* FROM "places" WHERE "places"."id" = 1123 LIMIT 1
  [1m[36mCACHE (0.0ms)[0m  [1mselect * from routes where startplace_id = 1123[0m
  [1m[35mCACHE (0.0ms)[0m  select * from routes where endplace_id = 1123
  [1m[36mCACHE (0.0ms)[0m  [1mSELECT "places".* FROM "places" WHERE "places"."id" = $1 LIMIT 1[0m  [["id", 1123]]
  [1m[35mCACHE (0.0ms)[0m  SELECT "places".* FROM "places" WHERE "places"."id" = $1 LIMIT 1  [["id", 1124]]
  [1m[36mCACHE (0.0ms)[0m  [1mSELECT "places".* FROM "places" WHERE "places"."id" = $1 LIMIT 1[0m  [["id", 975]]
  [1m[35mCACHE (0.0ms)[0m  SELECT "places".* FROM "places" WHERE "places"."id" = $1 LIMIT 1  [["id", 1125]]
  [1m[36mPlace Load (0.3ms)[0m  [1mSELECT "places".* FROM "places" WHERE "places"."id" = 650 LIMIT 1[0m
  [1m[35mRoute Load (0.3ms)[0m  select * from routes where startplace_id = 650
  [1m[36mRoute Load (0.3ms)[0m  [1mselect * from routes where endplace_id = 650[0m
  [1m[35mCACHE (0.0ms)[0m  SELECT "places".* FROM "places" WHERE "places"."id" = $1 LIMIT 1  [["id", 650]]
  [1m[36mPlace Load (0.2ms)[0m  [1mSELECT "places".* FROM "places" WHERE "places"."id" = $1 LIMIT 1[0m  [["id", 45]]
  [1m[35mCACHE (0.0ms)[0m  SELECT "places".* FROM "places" WHERE "places"."id" = $1 LIMIT 1  [["id", 207]]
  [1m[36mPlace Load (0.3ms)[0m  [1mSELECT "places".* FROM "places" WHERE "places"."id" = 1133 LIMIT 1[0m
  [1m[35mRoute Load (0.3ms)[0m  select * from routes where startplace_id = 1133
  [1m[36mRoute Load (0.3ms)[0m  [1mselect * from routes where endplace_id = 1133[0m
  [1m[35mCACHE (0.0ms)[0m  SELECT "places".* FROM "places" WHERE "places"."id" = $1 LIMIT 1  [["id", 1133]]
  [1m[36mPlace Load (0.2ms)[0m  [1mSELECT "places".* FROM "places" WHERE "places"."id" = $1 LIMIT 1[0m  [["id", 1131]]
  [1m[35mCACHE (0.0ms)[0m  SELECT "places".* FROM "places" WHERE "places"."id" = $1 LIMIT 1  [["id", 207]]
  [1m[36mPlace Load (0.3ms)[0m  [1mSELECT "places".* FROM "places" WHERE "places"."id" = 1128 LIMIT 1[0m
  [1m[35mRoute Load (0.2ms)[0m  select * from routes where startplace_id = 1128
  [1m[36mRoute Load (0.3ms)[0m  [1mselect * from routes where endplace_id = 1128[0m
  [1m[35mCACHE (0.0ms)[0m  SELECT "places".* FROM "places" WHERE "places"."id" = $1 LIMIT 1  [["id", 1128]]
  [1m[36mCACHE (0.0ms)[0m  [1mSELECT "places".* FROM "places" WHERE "places"."id" = $1 LIMIT 1[0m  [["id", 419]]
  [1m[35mCACHE (0.0ms)[0m  SELECT "places".* FROM "places" WHERE "places"."id" = 1123 LIMIT 1
  [1m[36mCACHE (0.0ms)[0m  [1mselect * from routes where startplace_id = 1123[0m
  [1m[35mCACHE (0.0ms)[0m  select * from routes where endplace_id = 1123
  [1m[36mCACHE (0.0ms)[0m  [1mSELECT "places".* FROM "places" WHERE "places"."id" = $1 LIMIT 1[0m  [["id", 1123]]
  [1m[35mCACHE (0.0ms)[0m  SELECT "places".* FROM "places" WHERE "places"."id" = $1 LIMIT 1  [["id", 1124]]
  [1m[36mCACHE (0.0ms)[0m  [1mSELECT "places".* FROM "places" WHERE "places"."id" = $1 LIMIT 1[0m  [["id", 975]]
  [1m[35mCACHE (0.0ms)[0m  SELECT "places".* FROM "places" WHERE "places"."id" = $1 LIMIT 1  [["id", 1125]]
  [1m[36mPlace Load (0.3ms)[0m  [1mSELECT "places".* FROM "places" WHERE "places"."id" = 1121 LIMIT 1[0m
  [1m[35mRoute Load (0.3ms)[0m  select * from routes where startplace_id = 1121
  [1m[36mRoute Load (0.3ms)[0m  [1mselect * from routes where endplace_id = 1121[0m
  [1m[35mCACHE (0.0ms)[0m  SELECT "places".* FROM "places" WHERE "places"."id" = $1 LIMIT 1  [["id", 1121]]
  [1m[36mCACHE (0.0ms)[0m  [1mSELECT "places".* FROM "places" WHERE "places"."id" = $1 LIMIT 1[0m  [["id", 1122]]
  [1m[35mPlace Load (0.2ms)[0m  SELECT "places".* FROM "places" WHERE "places"."id" = $1 LIMIT 1  [["id", 976]]
  [1m[36mCACHE (0.0ms)[0m  [1mSELECT "places".* FROM "places" WHERE "places"."id" = 207 LIMIT 1[0m
  [1m[35mCACHE (0.0ms)[0m  select * from routes where startplace_id = 207
  [1m[36mCACHE (0.0ms)[0m  [1mselect * from routes where endplace_id = 207[0m
  [1m[35mCACHE (0.0ms)[0m  SELECT "places".* FROM "places" WHERE "places"."id" = $1 LIMIT 1  [["id", 207]]
  [1m[36mCACHE (0.0ms)[0m  [1mSELECT "places".* FROM "places" WHERE "places"."id" = $1 LIMIT 1[0m  [["id", 650]]
  [1m[35mCACHE (0.0ms)[0m  SELECT "places".* FROM "places" WHERE "places"."id" = $1 LIMIT 1  [["id", 207]]
  [1m[36mCACHE (0.0ms)[0m  [1mSELECT "places".* FROM "places" WHERE "places"."id" = $1 LIMIT 1[0m  [["id", 1133]]
  [1m[35mCACHE (0.0ms)[0m  SELECT "places".* FROM "places" WHERE "places"."id" = $1 LIMIT 1  [["id", 1129]]
  [1m[36mCACHE (0.0ms)[0m  [1mSELECT "places".* FROM "places" WHERE "places"."id" = 1126 LIMIT 1[0m
  [1m[35mCACHE (0.0ms)[0m  select * from routes where startplace_id = 1126
  [1m[36mCACHE (0.0ms)[0m  [1mselect * from routes where endplace_id = 1126[0m
  [1m[35mCACHE (0.0ms)[0m  SELECT "places".* FROM "places" WHERE "places"."id" = $1 LIMIT 1  [["id", 1126]]
  [1m[36mCACHE (0.1ms)[0m  [1mSELECT "places".* FROM "places" WHERE "places"."id" = $1 LIMIT 1[0m  [["id", 1130]]
  [1m[35mCACHE (0.0ms)[0m  SELECT "places".* FROM "places" WHERE "places"."id" = $1 LIMIT 1  [["id", 1126]]
  [1m[36mCACHE (0.0ms)[0m  [1mSELECT "places".* FROM "places" WHERE "places"."id" = $1 LIMIT 1[0m  [["id", 769]]
  [1m[35mCACHE (0.0ms)[0m  SELECT "places".* FROM "places" WHERE "places"."id" = $1 LIMIT 1  [["id", 1127]]
  [1m[36mCACHE (0.0ms)[0m  [1mSELECT "places".* FROM "places" WHERE "places"."id" = 1121 LIMIT 1[0m
  [1m[35mCACHE (0.0ms)[0m  select * from routes where startplace_id = 1121
  [1m[36mCACHE (0.0ms)[0m  [1mselect * from routes where endplace_id = 1121[0m
  [1m[35mCACHE (0.0ms)[0m  SELECT "places".* FROM "places" WHERE "places"."id" = $1 LIMIT 1  [["id", 1121]]
  [1m[36mCACHE (0.0ms)[0m  [1mSELECT "places".* FROM "places" WHERE "places"."id" = $1 LIMIT 1[0m  [["id", 1122]]
  [1m[35mCACHE (0.0ms)[0m  SELECT "places".* FROM "places" WHERE "places"."id" = $1 LIMIT 1  [["id", 976]]
  [1m[36mCACHE (0.1ms)[0m  [1mSELECT "places".* FROM "places" WHERE "places"."id" = 1125 LIMIT 1[0m
  [1m[35mCACHE (0.0ms)[0m  select * from routes where startplace_id = 1125
  [1m[36mCACHE (0.0ms)[0m  [1mselect * from routes where endplace_id = 1125[0m
  [1m[35mCACHE (0.0ms)[0m  SELECT "places".* FROM "places" WHERE "places"."id" = $1 LIMIT 1  [["id", 1125]]
  [1m[36mCACHE (0.0ms)[0m  [1mSELECT "places".* FROM "places" WHERE "places"."id" = $1 LIMIT 1[0m  [["id", 1123]]
  [1m[35mCACHE (0.0ms)[0m  SELECT "places".* FROM "places" WHERE "places"."id" = $1 LIMIT 1  [["id", 769]]
  [1m[36mPlace Load (0.6ms)[0m  [1mSELECT "places".* FROM "places" WHERE "places"."id" = 45 LIMIT 1[0m
  [1m[35mRoute Load (0.4ms)[0m  select * from routes where startplace_id = 45
  [1m[36mRoute Load (0.3ms)[0m  [1mselect * from routes where endplace_id = 45[0m
  [1m[35mCACHE (0.0ms)[0m  SELECT "places".* FROM "places" WHERE "places"."id" = $1 LIMIT 1  [["id", 45]]
  [1m[36mCACHE (0.0ms)[0m  [1mSELECT "places".* FROM "places" WHERE "places"."id" = $1 LIMIT 1[0m  [["id", 976]]
  [1m[35mCACHE (0.0ms)[0m  SELECT "places".* FROM "places" WHERE "places"."id" = $1 LIMIT 1  [["id", 650]]
  [1m[36mPlace Load (0.3ms)[0m  [1mSELECT "places".* FROM "places" WHERE "places"."id" = 1131 LIMIT 1[0m
  [1m[35mRoute Load (0.3ms)[0m  select * from routes where startplace_id = 1131
  [1m[36mRoute Load (0.3ms)[0m  [1mselect * from routes where endplace_id = 1131[0m
  [1m[35mCACHE (0.0ms)[0m  SELECT "places".* FROM "places" WHERE "places"."id" = $1 LIMIT 1  [["id", 1131]]
  [1m[36mPlace Load (0.2ms)[0m  [1mSELECT "places".* FROM "places" WHERE "places"."id" = $1 LIMIT 1[0m  [["id", 1132]]
  [1m[35mCACHE (0.0ms)[0m  SELECT "places".* FROM "places" WHERE "places"."id" = $1 LIMIT 1  [["id", 1133]]
  [1m[36mCACHE (0.0ms)[0m  [1mSELECT "places".* FROM "places" WHERE "places"."id" = 975 LIMIT 1[0m
  [1m[35mCACHE (0.0ms)[0m  select * from routes where startplace_id = 975
  [1m[36mCACHE (0.0ms)[0m  [1mselect * from routes where endplace_id = 975[0m
  [1m[35mCACHE (0.0ms)[0m  SELECT "places".* FROM "places" WHERE "places"."id" = $1 LIMIT 1  [["id", 975]]
  [1m[36mCACHE (0.0ms)[0m  [1mSELECT "places".* FROM "places" WHERE "places"."id" = $1 LIMIT 1[0m  [["id", 1129]]
  [1m[35mCACHE (0.0ms)[0m  SELECT "places".* FROM "places" WHERE "places"."id" = $1 LIMIT 1  [["id", 975]]
  [1m[36mCACHE (0.0ms)[0m  [1mSELECT "places".* FROM "places" WHERE "places"."id" = $1 LIMIT 1[0m  [["id", 1123]]
  [1m[35mCACHE (0.0ms)[0m  SELECT "places".* FROM "places" WHERE "places"."id" = $1 LIMIT 1  [["id", 1122]]
  [1m[36mCACHE (0.0ms)[0m  [1mSELECT "places".* FROM "places" WHERE "places"."id" = 1124 LIMIT 1[0m
  [1m[35mCACHE (0.0ms)[0m  select * from routes where startplace_id = 1124
  [1m[36mCACHE (0.0ms)[0m  [1mselect * from routes where endplace_id = 1124[0m
  [1m[35mCACHE (0.0ms)[0m  SELECT "places".* FROM "places" WHERE "places"."id" = $1 LIMIT 1  [["id", 1124]]
  [1m[36mCACHE (0.0ms)[0m  [1mSELECT "places".* FROM "places" WHERE "places"."id" = $1 LIMIT 1[0m  [["id", 1129]]
  [1m[35mCACHE (0.0ms)[0m  SELECT "places".* FROM "places" WHERE "places"."id" = $1 LIMIT 1  [["id", 1124]]
  [1m[36mCACHE (0.0ms)[0m  [1mSELECT "places".* FROM "places" WHERE "places"."id" = $1 LIMIT 1[0m  [["id", 974]]
  [1m[35mCACHE (0.0ms)[0m  SELECT "places".* FROM "places" WHERE "places"."id" = $1 LIMIT 1  [["id", 1123]]
  [1m[36mPlace Load (0.3ms)[0m  [1mSELECT "places".* FROM "places" WHERE "places"."id" = 976 LIMIT 1[0m
  [1m[35mRoute Load (0.3ms)[0m  select * from routes where startplace_id = 976
  [1m[36mRoute Load (0.3ms)[0m  [1mselect * from routes where endplace_id = 976[0m
  [1m[35mCACHE (0.0ms)[0m  SELECT "places".* FROM "places" WHERE "places"."id" = $1 LIMIT 1  [["id", 976]]
  [1m[36mCACHE (0.0ms)[0m  [1mSELECT "places".* FROM "places" WHERE "places"."id" = $1 LIMIT 1[0m  [["id", 1121]]
  [1m[35mCACHE (0.0ms)[0m  SELECT "places".* FROM "places" WHERE "places"."id" = $1 LIMIT 1  [["id", 976]]
  [1m[36mPlace Load (0.2ms)[0m  [1mSELECT "places".* FROM "places" WHERE "places"."id" = $1 LIMIT 1[0m  [["id", 1119]]
  [1m[35mCACHE (0.0ms)[0m  SELECT "places".* FROM "places" WHERE "places"."id" = $1 LIMIT 1  [["id", 45]]
  [1m[36mCACHE (0.0ms)[0m  [1mSELECT "places".* FROM "places" WHERE "places"."id" = 650 LIMIT 1[0m
  [1m[35mCACHE (0.0ms)[0m  select * from routes where startplace_id = 650
  [1m[36mCACHE (0.0ms)[0m  [1mselect * from routes where endplace_id = 650[0m
  [1m[35mCACHE (0.0ms)[0m  SELECT "places".* FROM "places" WHERE "places"."id" = $1 LIMIT 1  [["id", 650]]
  [1m[36mCACHE (0.0ms)[0m  [1mSELECT "places".* FROM "places" WHERE "places"."id" = $1 LIMIT 1[0m  [["id", 45]]
  [1m[35mCACHE (0.0ms)[0m  SELECT "places".* FROM "places" WHERE "places"."id" = $1 LIMIT 1  [["id", 207]]
  [1m[36mCACHE (0.0ms)[0m  [1mSELECT "places".* FROM "places" WHERE "places"."id" = 1133 LIMIT 1[0m
  [1m[35mCACHE (0.0ms)[0m  select * from routes where startplace_id = 1133
  [1m[36mCACHE (0.0ms)[0m  [1mselect * from routes where endplace_id = 1133[0m
  [1m[35mCACHE (0.0ms)[0m  SELECT "places".* FROM "places" WHERE "places"."id" = $1 LIMIT 1  [["id", 1133]]
  [1m[36mCACHE (0.0ms)[0m  [1mSELECT "places".* FROM "places" WHERE "places"."id" = $1 LIMIT 1[0m  [["id", 1131]]
  [1m[35mCACHE (0.0ms)[0m  SELECT "places".* FROM "places" WHERE "places"."id" = $1 LIMIT 1  [["id", 207]]
  [1m[36mCACHE (0.0ms)[0m  [1mSELECT "places".* FROM "places" WHERE "places"."id" = 1127 LIMIT 1[0m
  [1m[35mCACHE (0.0ms)[0m  select * from routes where startplace_id = 1127
  [1m[36mCACHE (0.0ms)[0m  [1mselect * from routes where endplace_id = 1127[0m
  [1m[35mCACHE (0.0ms)[0m  SELECT "places".* FROM "places" WHERE "places"."id" = $1 LIMIT 1  [["id", 1127]]
  [1m[36mCACHE (0.0ms)[0m  [1mSELECT "places".* FROM "places" WHERE "places"."id" = $1 LIMIT 1[0m  [["id", 1126]]
  [1m[35mCACHE (0.0ms)[0m  SELECT "places".* FROM "places" WHERE "places"."id" = $1 LIMIT 1  [["id", 419]]
  [1m[36mCACHE (0.0ms)[0m  [1mSELECT "places".* FROM "places" WHERE "places"."id" = 1130 LIMIT 1[0m
  [1m[35mCACHE (0.0ms)[0m  select * from routes where startplace_id = 1130
  [1m[36mCACHE (0.0ms)[0m  [1mselect * from routes where endplace_id = 1130[0m
  [1m[35mCACHE (0.0ms)[0m  SELECT "places".* FROM "places" WHERE "places"."id" = $1 LIMIT 1  [["id", 1130]]
  [1m[36mCACHE (0.0ms)[0m  [1mSELECT "places".* FROM "places" WHERE "places"."id" = $1 LIMIT 1[0m  [["id", 974]]
  [1m[35mCACHE (0.0ms)[0m  SELECT "places".* FROM "places" WHERE "places"."id" = $1 LIMIT 1  [["id", 1126]]
  [1m[36mCACHE (0.0ms)[0m  [1mSELECT "places".* FROM "places" WHERE "places"."id" = 976 LIMIT 1[0m
  [1m[35mCACHE (0.0ms)[0m  select * from routes where startplace_id = 976
  [1m[36mCACHE (0.0ms)[0m  [1mselect * from routes where endplace_id = 976[0m
  [1m[35mCACHE (0.0ms)[0m  SELECT "places".* FROM "places" WHERE "places"."id" = $1 LIMIT 1  [["id", 976]]
  [1m[36mCACHE (0.0ms)[0m  [1mSELECT "places".* FROM "places" WHERE "places"."id" = $1 LIMIT 1[0m  [["id", 1121]]
  [1m[35mCACHE (0.1ms)[0m  SELECT "places".* FROM "places" WHERE "places"."id" = $1 LIMIT 1  [["id", 976]]
  [1m[36mCACHE (0.0ms)[0m  [1mSELECT "places".* FROM "places" WHERE "places"."id" = $1 LIMIT 1[0m  [["id", 1119]]
  [1m[35mCACHE (0.0ms)[0m  SELECT "places".* FROM "places" WHERE "places"."id" = $1 LIMIT 1  [["id", 45]]
  [1m[36mCACHE (0.0ms)[0m  [1mSELECT "places".* FROM "places" WHERE "places"."id" = 769 LIMIT 1[0m
  [1m[35mCACHE (0.0ms)[0m  select * from routes where startplace_id = 769
  [1m[36mCACHE (0.0ms)[0m  [1mselect * from routes where endplace_id = 769[0m
  [1m[35mCACHE (0.0ms)[0m  SELECT "places".* FROM "places" WHERE "places"."id" = $1 LIMIT 1  [["id", 769]]
  [1m[36mCACHE (0.0ms)[0m  [1mSELECT "places".* FROM "places" WHERE "places"."id" = $1 LIMIT 1[0m  [["id", 1125]]
  [1m[35mCACHE (0.0ms)[0m  SELECT "places".* FROM "places" WHERE "places"."id" = $1 LIMIT 1  [["id", 1126]]
  [1m[36mCACHE (0.0ms)[0m  [1mSELECT "places".* FROM "places" WHERE "places"."id" = 976 LIMIT 1[0m
  [1m[35mCACHE (0.0ms)[0m  select * from routes where startplace_id = 976
  [1m[36mCACHE (0.0ms)[0m  [1mselect * from routes where endplace_id = 976[0m
  [1m[35mCACHE (0.0ms)[0m  SELECT "places".* FROM "places" WHERE "places"."id" = $1 LIMIT 1  [["id", 976]]
  [1m[36mCACHE (0.0ms)[0m  [1mSELECT "places".* FROM "places" WHERE "places"."id" = $1 LIMIT 1[0m  [["id", 1121]]
  [1m[35mCACHE (0.0ms)[0m  SELECT "places".* FROM "places" WHERE "places"."id" = $1 LIMIT 1  [["id", 976]]
  [1m[36mCACHE (0.0ms)[0m  [1mSELECT "places".* FROM "places" WHERE "places"."id" = $1 LIMIT 1[0m  [["id", 1119]]
  [1m[35mCACHE (0.0ms)[0m  SELECT "places".* FROM "places" WHERE "places"."id" = $1 LIMIT 1  [["id", 45]]
  [1m[36mPlace Load (0.3ms)[0m  [1mSELECT "places".* FROM "places" WHERE "places"."id" = 1132 LIMIT 1[0m
  [1m[35mRoute Load (0.3ms)[0m  select * from routes where startplace_id = 1132
  [1m[36mRoute Load (0.3ms)[0m  [1mselect * from routes where endplace_id = 1132[0m
  [1m[35mCACHE (0.0ms)[0m  SELECT "places".* FROM "places" WHERE "places"."id" = $1 LIMIT 1  [["id", 1131]]
  [1m[36mCACHE (0.0ms)[0m  [1mSELECT "places".* FROM "places" WHERE "places"."id" = 1122 LIMIT 1[0m
  [1m[35mCACHE (0.0ms)[0m  select * from routes where startplace_id = 1122
  [1m[36mCACHE (0.0ms)[0m  [1mselect * from routes where endplace_id = 1122[0m
  [1m[35mCACHE (0.0ms)[0m  SELECT "places".* FROM "places" WHERE "places"."id" = $1 LIMIT 1  [["id", 1122]]
  [1m[36mCACHE (0.0ms)[0m  [1mSELECT "places".* FROM "places" WHERE "places"."id" = $1 LIMIT 1[0m  [["id", 975]]
  [1m[35mCACHE (0.0ms)[0m  SELECT "places".* FROM "places" WHERE "places"."id" = $1 LIMIT 1  [["id", 1121]]
  [1m[36mCACHE (0.0ms)[0m  [1mSELECT "places".* FROM "places" WHERE "places"."id" = 1129 LIMIT 1[0m
  [1m[35mCACHE (0.0ms)[0m  select * from routes where startplace_id = 1129
  [1m[36mCACHE (0.0ms)[0m  [1mselect * from routes where endplace_id = 1129[0m
  [1m[35mCACHE (0.0ms)[0m  SELECT "places".* FROM "places" WHERE "places"."id" = $1 LIMIT 1  [["id", 1129]]
  [1m[36mCACHE (0.0ms)[0m  [1mSELECT "places".* FROM "places" WHERE "places"."id" = $1 LIMIT 1[0m  [["id", 207]]
  [1m[35mCACHE (0.0ms)[0m  SELECT "places".* FROM "places" WHERE "places"."id" = $1 LIMIT 1  [["id", 1124]]
  [1m[36mCACHE (0.0ms)[0m  [1mSELECT "places".* FROM "places" WHERE "places"."id" = $1 LIMIT 1[0m  [["id", 975]]
  [1m[35mCACHE (0.1ms)[0m  SELECT "places".* FROM "places" WHERE "places"."id" = 1129 LIMIT 1
  [1m[36mCACHE (0.0ms)[0m  [1mselect * from routes where startplace_id = 1129[0m
  [1m[35mCACHE (0.0ms)[0m  select * from routes where endplace_id = 1129
  [1m[36mCACHE (0.0ms)[0m  [1mSELECT "places".* FROM "places" WHERE "places"."id" = $1 LIMIT 1[0m  [["id", 1129]]
  [1m[35mCACHE (0.0ms)[0m  SELECT "places".* FROM "places" WHERE "places"."id" = $1 LIMIT 1  [["id", 207]]
  [1m[36mCACHE (0.0ms)[0m  [1mSELECT "places".* FROM "places" WHERE "places"."id" = $1 LIMIT 1[0m  [["id", 1124]]
  [1m[35mCACHE (0.0ms)[0m  SELECT "places".* FROM "places" WHERE "places"."id" = $1 LIMIT 1  [["id", 975]]
  [1m[36mCACHE (0.0ms)[0m  [1mSELECT "places".* FROM "places" WHERE "places"."id" = 45 LIMIT 1[0m
  [1m[35mCACHE (0.0ms)[0m  select * from routes where startplace_id = 45
  [1m[36mCACHE (0.0ms)[0m  [1mselect * from routes where endplace_id = 45[0m
  [1m[35mCACHE (0.0ms)[0m  SELECT "places".* FROM "places" WHERE "places"."id" = $1 LIMIT 1  [["id", 45]]
  [1m[36mCACHE (0.0ms)[0m  [1mSELECT "places".* FROM "places" WHERE "places"."id" = $1 LIMIT 1[0m  [["id", 976]]
  [1m[35mCACHE (0.0ms)[0m  SELECT "places".* FROM "places" WHERE "places"."id" = $1 LIMIT 1  [["id", 650]]
  [1m[36mCACHE (0.0ms)[0m  [1mSELECT "places".* FROM "places" WHERE "places"."id" = 45 LIMIT 1[0m
  [1m[35mCACHE (0.0ms)[0m  select * from routes where startplace_id = 45
  [1m[36mCACHE (0.0ms)[0m  [1mselect * from routes where endplace_id = 45[0m
  [1m[35mCACHE (0.0ms)[0m  SELECT "places".* FROM "places" WHERE "places"."id" = $1 LIMIT 1  [["id", 45]]
  [1m[36mCACHE (0.0ms)[0m  [1mSELECT "places".* FROM "places" WHERE "places"."id" = $1 LIMIT 1[0m  [["id", 976]]
  [1m[35mCACHE (0.0ms)[0m  SELECT "places".* FROM "places" WHERE "places"."id" = $1 LIMIT 1  [["id", 650]]
  [1m[36mCACHE (0.0ms)[0m  [1mSELECT "places".* FROM "places" WHERE "places"."id" = 1131 LIMIT 1[0m
  [1m[35mCACHE (0.0ms)[0m  select * from routes where startplace_id = 1131
  [1m[36mCACHE (0.0ms)[0m  [1mselect * from routes where endplace_id = 1131[0m
  [1m[35mCACHE (0.0ms)[0m  SELECT "places".* FROM "places" WHERE "places"."id" = $1 LIMIT 1  [["id", 1131]]
  [1m[36mCACHE (0.0ms)[0m  [1mSELECT "places".* FROM "places" WHERE "places"."id" = $1 LIMIT 1[0m  [["id", 1132]]
  [1m[35mCACHE (0.0ms)[0m  SELECT "places".* FROM "places" WHERE "places"."id" = $1 LIMIT 1  [["id", 1133]]
  [1m[36mCACHE (0.0ms)[0m  [1mSELECT "places".* FROM "places" WHERE "places"."id" = 419 LIMIT 1[0m
  [1m[35mCACHE (0.0ms)[0m  select * from routes where startplace_id = 419
  [1m[36mCACHE (0.0ms)[0m  [1mselect * from routes where endplace_id = 419[0m
  [1m[35mCACHE (0.0ms)[0m  SELECT "places".* FROM "places" WHERE "places"."id" = $1 LIMIT 1  [["id", 419]]
  [1m[36mCACHE (0.0ms)[0m  [1mSELECT "places".* FROM "places" WHERE "places"."id" = $1 LIMIT 1[0m  [["id", 1127]]
  [1m[35mCACHE (0.0ms)[0m  SELECT "places".* FROM "places" WHERE "places"."id" = $1 LIMIT 1  [["id", 1128]]
  [1m[36mCACHE (0.0ms)[0m  [1mSELECT "places".* FROM "places" WHERE "places"."id" = 45 LIMIT 1[0m
  [1m[35mCACHE (0.0ms)[0m  select * from routes where startplace_id = 45
  [1m[36mCACHE (0.0ms)[0m  [1mselect * from routes where endplace_id = 45[0m
  [1m[35mCACHE (0.0ms)[0m  SELECT "places".* FROM "places" WHERE "places"."id" = $1 LIMIT 1  [["id", 45]]
  [1m[36mCACHE (0.0ms)[0m  [1mSELECT "places".* FROM "places" WHERE "places"."id" = $1 LIMIT 1[0m  [["id", 976]]
  [1m[35mCACHE (0.1ms)[0m  SELECT "places".* FROM "places" WHERE "places"."id" = $1 LIMIT 1  [["id", 650]]
  [1m[36mCACHE (0.0ms)[0m  [1mSELECT "places".* FROM "places" WHERE "places"."id" = 1126 LIMIT 1[0m
  [1m[35mCACHE (0.0ms)[0m  select * from routes where startplace_id = 1126
  [1m[36mCACHE (0.0ms)[0m  [1mselect * from routes where endplace_id = 1126[0m
  [1m[35mCACHE (0.0ms)[0m  SELECT "places".* FROM "places" WHERE "places"."id" = $1 LIMIT 1  [["id", 1126]]
  [1m[36mCACHE (0.0ms)[0m  [1mSELECT "places".* FROM "places" WHERE "places"."id" = $1 LIMIT 1[0m  [["id", 1130]]
  [1m[35mCACHE (0.0ms)[0m  SELECT "places".* FROM "places" WHERE "places"."id" = $1 LIMIT 1  [["id", 1126]]
  [1m[36mCACHE (0.0ms)[0m  [1mSELECT "places".* FROM "places" WHERE "places"."id" = $1 LIMIT 1[0m  [["id", 769]]
  [1m[35mCACHE (0.0ms)[0m  SELECT "places".* FROM "places" WHERE "places"."id" = $1 LIMIT 1  [["id", 1127]]
  [1m[36mCACHE (0.0ms)[0m  [1mSELECT "places".* FROM "places" WHERE "places"."id" = 1121 LIMIT 1[0m
  [1m[35mCACHE (0.0ms)[0m  select * from routes where startplace_id = 1121
  [1m[36mCACHE (0.0ms)[0m  [1mselect * from routes where endplace_id = 1121[0m
  [1m[35mCACHE (0.0ms)[0m  SELECT "places".* FROM "places" WHERE "places"."id" = $1 LIMIT 1  [["id", 1121]]
  [1m[36mCACHE (0.0ms)[0m  [1mSELECT "places".* FROM "places" WHERE "places"."id" = $1 LIMIT 1[0m  [["id", 1122]]
  [1m[35mCACHE (0.0ms)[0m  SELECT "places".* FROM "places" WHERE "places"."id" = $1 LIMIT 1  [["id", 976]]
BNewroutes
528
{:place=>974, :route=>[272, 22, 218, 217, 216, 214, 213], :url=>"xrv-212xrv213xrv214xrv216xrv217xrv218xrv22xrv272"}
{:place=>769, :route=>[-227, 240, 239, 272, 22, 218, 217, 216, 214, 213], :url=>"xrv-212xrv213xrv214xrv216xrv217xrv218xrv22xrv272xrv239xrv240xrv-227"}
{:place=>1125, :route=>[225, 223, 224, 272, 22, 218, 217, 216, 214, 213], :url=>"xrv-212xrv213xrv214xrv216xrv217xrv218xrv22xrv272xrv224xrv223xrv225"}
{:place=>207, :route=>[-235, -237, 224, 272, 22, 218, 217, 216, 214, 213], :url=>"xrv-212xrv213xrv214xrv216xrv217xrv218xrv22xrv272xrv224xrv-237xrv-235"}
{:place=>419, :route=>[229, 228, 240, 239, 272, 22, 218, 217, 216, 214, 213], :url=>"xrv-212xrv213xrv214xrv216xrv217xrv218xrv22xrv272xrv239xrv240xrv228xrv229"}
{:place=>1125, :route=>[-226, -227, 240, 239, 272, 22, 218, 217, 216, 214, 213], :url=>"xrv-212xrv213xrv214xrv216xrv217xrv218xrv22xrv272xrv239xrv240xrv-227xrv-226"}
{:place=>769, :route=>[226, 225, 223, 224, 272, 22, 218, 217, 216, 214, 213], :url=>"xrv-212xrv213xrv214xrv216xrv217xrv218xrv22xrv272xrv224xrv223xrv225xrv226"}
{:place=>650, :route=>[-234, -235, -237, 224, 272, 22, 218, 217, 216, 214, 213], :url=>"xrv-212xrv213xrv214xrv216xrv217xrv218xrv22xrv272xrv224xrv-237xrv-235xrv-234"}
{:place=>1128, :route=>[230, 229, 228, 240, 239, 272, 22, 218, 217, 216, 214, 213], :url=>"xrv-212xrv213xrv214xrv216xrv217xrv218xrv22xrv272xrv239xrv240xrv228xrv229xrv230"}
{:place=>207, :route=>[-235, -238, 222, 223, 224, 272, 22, 218, 217, 216, 214, 213], :url=>"xrv-212xrv213xrv214xrv216xrv217xrv218xrv22xrv272xrv224xrv223xrv222xrv-238xrv-235"}
{:place=>1125, :route=>[225, -222, 238, -237, 224, 272, 22, 218, 217, 216, 214, 213], :url=>"xrv-212xrv213xrv214xrv216xrv217xrv218xrv22xrv272xrv224xrv-237xrv238xrv-222xrv225"}
{:place=>45, :route=>[-233, -234, -235, -237, 224, 272, 22, 218, 217, 216, 214, 213], :url=>"xrv-212xrv213xrv214xrv216xrv217xrv218xrv22xrv272xrv224xrv-237xrv-235xrv-234xrv-233"}
{:place=>976, :route=>[220, 21, 221, 222, 223, 224, 272, 22, 218, 217, 216, 214, 213], :url=>"xrv-212xrv213xrv214xrv216xrv217xrv218xrv22xrv272xrv224xrv223xrv222xrv221xrv21xrv220"}
{:place=>650, :route=>[-234, -235, -238, 222, 223, 224, 272, 22, 218, 217, 216, 214, 213], :url=>"xrv-212xrv213xrv214xrv216xrv217xrv218xrv22xrv272xrv224xrv223xrv222xrv-238xrv-235xrv-234"}
{:place=>976, :route=>[220, 21, 221, 238, -237, 224, 272, 22, 218, 217, 216, 214, 213], :url=>"xrv-212xrv213xrv214xrv216xrv217xrv218xrv22xrv272xrv224xrv-237xrv238xrv221xrv21xrv220"}
{:place=>769, :route=>[226, 225, -222, 238, -237, 224, 272, 22, 218, 217, 216, 214, 213], :url=>"xrv-212xrv213xrv214xrv216xrv217xrv218xrv22xrv272xrv224xrv-237xrv238xrv-222xrv225xrv226"}
{:place=>976, :route=>[-231, -233, -234, -235, -237, 224, 272, 22, 218, 217, 216, 214, 213], :url=>"xrv-212xrv213xrv214xrv216xrv217xrv218xrv22xrv272xrv224xrv-237xrv-235xrv-234xrv-233xrv-231"}
{:place=>1132, :route=>[-241, -242, -243, -235, -237, 224, 272, 22, 218, 217, 216, 214, 213], :url=>"xrv-212xrv213xrv214xrv216xrv217xrv218xrv22xrv272xrv224xrv-237xrv-235xrv-243xrv-242xrv-241"}
{:place=>45, :route=>[231, 220, 21, 221, 222, 223, 224, 272, 22, 218, 217, 216, 214, 213], :url=>"xrv-212xrv213xrv214xrv216xrv217xrv218xrv22xrv272xrv224xrv223xrv222xrv221xrv21xrv220xrv231"}
{:place=>45, :route=>[-233, -234, -235, -238, 222, 223, 224, 272, 22, 218, 217, 216, 214, 213], :url=>"xrv-212xrv213xrv214xrv216xrv217xrv218xrv22xrv272xrv224xrv223xrv222xrv-238xrv-235xrv-234xrv-233"}
{:place=>419, :route=>[229, 228, 227, 226, 225, 223, 224, 272, 22, 218, 217, 216, 214, 213], :url=>"xrv-212xrv213xrv214xrv216xrv217xrv218xrv22xrv272xrv224xrv223xrv225xrv226xrv227xrv228xrv229"}
{:place=>1130, :route=>[-240, 227, 226, 225, 223, 224, 272, 22, 218, 217, 216, 214, 213], :url=>"xrv-212xrv213xrv214xrv216xrv217xrv218xrv22xrv272xrv224xrv223xrv225xrv226xrv227xrv-240"}
{:place=>45, :route=>[231, 220, 21, 221, 238, -237, 224, 272, 22, 218, 217, 216, 214, 213], :url=>"xrv-212xrv213xrv214xrv216xrv217xrv218xrv22xrv272xrv224xrv-237xrv238xrv221xrv21xrv220xrv231"}
{:place=>207, :route=>[-235, -238, 222, -225, -226, -227, 240, 239, 272, 22, 218, 217, 216, 214, 213], :url=>"xrv-212xrv213xrv214xrv216xrv217xrv218xrv22xrv272xrv239xrv240xrv-227xrv-226xrv-225xrv222xrv-238xrv-235"}
{:place=>207, :route=>[-235, -237, -223, -225, -226, -227, 240, 239, 272, 22, 218, 217, 216, 214, 213], :url=>"xrv-212xrv213xrv214xrv216xrv217xrv218xrv22xrv272xrv239xrv240xrv-227xrv-226xrv-225xrv-223xrv-237xrv-235"}
{:place=>650, :route=>[233, 231, 220, 21, 221, 222, 223, 224, 272, 22, 218, 217, 216, 214, 213], :url=>"xrv-212xrv213xrv214xrv216xrv217xrv218xrv22xrv272xrv224xrv223xrv222xrv221xrv21xrv220xrv231xrv233"}
{:place=>976, :route=>[-231, -233, -234, -235, -238, 222, 223, 224, 272, 22, 218, 217, 216, 214, 213], :url=>"xrv-212xrv213xrv214xrv216xrv217xrv218xrv22xrv272xrv224xrv223xrv222xrv-238xrv-235xrv-234xrv-233xrv-231"}
{:place=>1132, :route=>[-241, -242, -243, -235, -238, 222, 223, 224, 272, 22, 218, 217, 216, 214, 213], :url=>"xrv-212xrv213xrv214xrv216xrv217xrv218xrv22xrv272xrv224xrv223xrv222xrv-238xrv-235xrv-243xrv-242xrv-241"}
{:place=>1128, :route=>[230, 229, 228, 227, 226, 225, 223, 224, 272, 22, 218, 217, 216, 214, 213], :url=>"xrv-212xrv213xrv214xrv216xrv217xrv218xrv22xrv272xrv224xrv223xrv225xrv226xrv227xrv228xrv229xrv230"}
{:place=>650, :route=>[233, 231, 220, 21, 221, 238, -237, 224, 272, 22, 218, 217, 216, 214, 213], :url=>"xrv-212xrv213xrv214xrv216xrv217xrv218xrv22xrv272xrv224xrv-237xrv238xrv221xrv21xrv220xrv231xrv233"}
  [1m[36mCACHE (0.0ms)[0m  [1mSELECT "places".* FROM "places" WHERE "places"."id" = 974 LIMIT 1[0m
  [1m[35m (1.9ms)[0m  SELECT COUNT(*) FROM "route_indices" WHERE (url = 'xrv-212xrv213xrv214xrv216xrv217xrv218xrv22xrv272')
  [1m[36mPlaceType Load (0.3ms)[0m  [1mselect * from place_types where name='Roadend'[0m
  [1m[35mSQL (0.6ms)[0m  INSERT INTO "route_indices" ("created_at", "endplace_id", "isDest", "startplace_id", "updated_at", "url") VALUES ($1, $2, $3, $4, $5, $6) RETURNING "id"  [["created_at", Mon, 27 Oct 2014 10:08:08 NZDT +13:00], ["endplace_id", 974], ["isDest", true], ["startplace_id", 528], ["updated_at", Mon, 27 Oct 2014 10:08:08 NZDT +13:00], ["url", "xrv-212xrv213xrv214xrv216xrv217xrv218xrv22xrv272"]]
  [1m[36mPlace Load (0.3ms)[0m  [1mSELECT "places".* FROM "places" WHERE "places"."id" = 769 LIMIT 1[0m
  [1m[35m (1.0ms)[0m  SELECT COUNT(*) FROM "route_indices" WHERE (url = 'xrv-212xrv213xrv214xrv216xrv217xrv218xrv22xrv272xrv239xrv240xrv-227')
  [1m[36mPlaceType Load (0.2ms)[0m  [1mselect * from place_types where name='Hut'[0m
  [1m[35mSQL (0.4ms)[0m  INSERT INTO "route_indices" ("created_at", "endplace_id", "isDest", "startplace_id", "updated_at", "url") VALUES ($1, $2, $3, $4, $5, $6) RETURNING "id"  [["created_at", Mon, 27 Oct 2014 10:08:08 NZDT +13:00], ["endplace_id", 769], ["isDest", true], ["startplace_id", 528], ["updated_at", Mon, 27 Oct 2014 10:08:08 NZDT +13:00], ["url", "xrv-212xrv213xrv214xrv216xrv217xrv218xrv22xrv272xrv239xrv240xrv-227"]]
  [1m[36mPlace Load (0.3ms)[0m  [1mSELECT "places".* FROM "places" WHERE "places"."id" = 1125 LIMIT 1[0m
  [1m[35m (1.2ms)[0m  SELECT COUNT(*) FROM "route_indices" WHERE (url = 'xrv-212xrv213xrv214xrv216xrv217xrv218xrv22xrv272xrv224xrv223xrv225')
  [1m[36mPlaceType Load (0.2ms)[0m  [1mselect * from place_types where name='Campsite'[0m
  [1m[35mSQL (0.4ms)[0m  INSERT INTO "route_indices" ("created_at", "endplace_id", "isDest", "startplace_id", "updated_at", "url") VALUES ($1, $2, $3, $4, $5, $6) RETURNING "id"  [["created_at", Mon, 27 Oct 2014 10:08:08 NZDT +13:00], ["endplace_id", 1125], ["isDest", true], ["startplace_id", 528], ["updated_at", Mon, 27 Oct 2014 10:08:08 NZDT +13:00], ["url", "xrv-212xrv213xrv214xrv216xrv217xrv218xrv22xrv272xrv224xrv223xrv225"]]
  [1m[36mPlace Load (0.3ms)[0m  [1mSELECT "places".* FROM "places" WHERE "places"."id" = 207 LIMIT 1[0m
  [1m[35m (1.1ms)[0m  SELECT COUNT(*) FROM "route_indices" WHERE (url = 'xrv-212xrv213xrv214xrv216xrv217xrv218xrv22xrv272xrv224xrv-237xrv-235')
  [1m[36mPlaceType Load (0.2ms)[0m  [1mselect * from place_types where name='Hut'[0m
  [1m[35mSQL (0.4ms)[0m  INSERT INTO "route_indices" ("created_at", "endplace_id", "isDest", "startplace_id", "updated_at", "url") VALUES ($1, $2, $3, $4, $5, $6) RETURNING "id"  [["created_at", Mon, 27 Oct 2014 10:08:08 NZDT +13:00], ["endplace_id", 207], ["isDest", true], ["startplace_id", 528], ["updated_at", Mon, 27 Oct 2014 10:08:08 NZDT +13:00], ["url", "xrv-212xrv213xrv214xrv216xrv217xrv218xrv22xrv272xrv224xrv-237xrv-235"]]
  [1m[36mPlace Load (0.3ms)[0m  [1mSELECT "places".* FROM "places" WHERE "places"."id" = 419 LIMIT 1[0m
  [1m[35m (1.1ms)[0m  SELECT COUNT(*) FROM "route_indices" WHERE (url = 'xrv-212xrv213xrv214xrv216xrv217xrv218xrv22xrv272xrv239xrv240xrv228xrv229')
  [1m[36mPlaceType Load (0.2ms)[0m  [1mselect * from place_types where name='Hut'[0m
  [1m[35mSQL (0.4ms)[0m  INSERT INTO "route_indices" ("created_at", "endplace_id", "isDest", "startplace_id", "updated_at", "url") VALUES ($1, $2, $3, $4, $5, $6) RETURNING "id"  [["created_at", Mon, 27 Oct 2014 10:08:08 NZDT +13:00], ["endplace_id", 419], ["isDest", true], ["startplace_id", 528], ["updated_at", Mon, 27 Oct 2014 10:08:08 NZDT +13:00], ["url", "xrv-212xrv213xrv214xrv216xrv217xrv218xrv22xrv272xrv239xrv240xrv228xrv229"]]
  [1m[36mPlace Load (0.3ms)[0m  [1mSELECT "places".* FROM "places" WHERE "places"."id" = 1125 LIMIT 1[0m
  [1m[35m (1.0ms)[0m  SELECT COUNT(*) FROM "route_indices" WHERE (url = 'xrv-212xrv213xrv214xrv216xrv217xrv218xrv22xrv272xrv239xrv240xrv-227xrv-226')
  [1m[36mPlaceType Load (0.2ms)[0m  [1mselect * from place_types where name='Campsite'[0m
  [1m[35mSQL (0.4ms)[0m  INSERT INTO "route_indices" ("created_at", "endplace_id", "isDest", "startplace_id", "updated_at", "url") VALUES ($1, $2, $3, $4, $5, $6) RETURNING "id"  [["created_at", Mon, 27 Oct 2014 10:08:08 NZDT +13:00], ["endplace_id", 1125], ["isDest", true], ["startplace_id", 528], ["updated_at", Mon, 27 Oct 2014 10:08:08 NZDT +13:00], ["url", "xrv-212xrv213xrv214xrv216xrv217xrv218xrv22xrv272xrv239xrv240xrv-227xrv-226"]]
  [1m[36mPlace Load (0.3ms)[0m  [1mSELECT "places".* FROM "places" WHERE "places"."id" = 769 LIMIT 1[0m
  [1m[35m (1.1ms)[0m  SELECT COUNT(*) FROM "route_indices" WHERE (url = 'xrv-212xrv213xrv214xrv216xrv217xrv218xrv22xrv272xrv224xrv223xrv225xrv226')
  [1m[36mPlaceType Load (0.2ms)[0m  [1mselect * from place_types where name='Hut'[0m
  [1m[35mSQL (0.4ms)[0m  INSERT INTO "route_indices" ("created_at", "endplace_id", "isDest", "startplace_id", "updated_at", "url") VALUES ($1, $2, $3, $4, $5, $6) RETURNING "id"  [["created_at", Mon, 27 Oct 2014 10:08:08 NZDT +13:00], ["endplace_id", 769], ["isDest", true], ["startplace_id", 528], ["updated_at", Mon, 27 Oct 2014 10:08:08 NZDT +13:00], ["url", "xrv-212xrv213xrv214xrv216xrv217xrv218xrv22xrv272xrv224xrv223xrv225xrv226"]]
  [1m[36mPlace Load (0.3ms)[0m  [1mSELECT "places".* FROM "places" WHERE "places"."id" = 650 LIMIT 1[0m
  [1m[35m (1.1ms)[0m  SELECT COUNT(*) FROM "route_indices" WHERE (url = 'xrv-212xrv213xrv214xrv216xrv217xrv218xrv22xrv272xrv224xrv-237xrv-235xrv-234')
  [1m[36mPlaceType Load (0.2ms)[0m  [1mselect * from place_types where name='Hut'[0m
  [1m[35mSQL (0.4ms)[0m  INSERT INTO "route_indices" ("created_at", "endplace_id", "isDest", "startplace_id", "updated_at", "url") VALUES ($1, $2, $3, $4, $5, $6) RETURNING "id"  [["created_at", Mon, 27 Oct 2014 10:08:08 NZDT +13:00], ["endplace_id", 650], ["isDest", true], ["startplace_id", 528], ["updated_at", Mon, 27 Oct 2014 10:08:08 NZDT +13:00], ["url", "xrv-212xrv213xrv214xrv216xrv217xrv218xrv22xrv272xrv224xrv-237xrv-235xrv-234"]]
  [1m[36mPlace Load (0.3ms)[0m  [1mSELECT "places".* FROM "places" WHERE "places"."id" = 1128 LIMIT 1[0m
  [1m[35m (1.1ms)[0m  SELECT COUNT(*) FROM "route_indices" WHERE (url = 'xrv-212xrv213xrv214xrv216xrv217xrv218xrv22xrv272xrv239xrv240xrv228xrv229xrv230')
  [1m[36mPlaceType Load (0.2ms)[0m  [1mselect * from place_types where name='Roadend'[0m
  [1m[35mSQL (0.4ms)[0m  INSERT INTO "route_indices" ("created_at", "endplace_id", "isDest", "startplace_id", "updated_at", "url") VALUES ($1, $2, $3, $4, $5, $6) RETURNING "id"  [["created_at", Mon, 27 Oct 2014 10:08:08 NZDT +13:00], ["endplace_id", 1128], ["isDest", true], ["startplace_id", 528], ["updated_at", Mon, 27 Oct 2014 10:08:08 NZDT +13:00], ["url", "xrv-212xrv213xrv214xrv216xrv217xrv218xrv22xrv272xrv239xrv240xrv228xrv229xrv230"]]
  [1m[36mPlace Load (0.3ms)[0m  [1mSELECT "places".* FROM "places" WHERE "places"."id" = 207 LIMIT 1[0m
  [1m[35m (1.1ms)[0m  SELECT COUNT(*) FROM "route_indices" WHERE (url = 'xrv-212xrv213xrv214xrv216xrv217xrv218xrv22xrv272xrv224xrv223xrv222xrv-238xrv-235')
  [1m[36mPlaceType Load (0.2ms)[0m  [1mselect * from place_types where name='Hut'[0m
  [1m[35mSQL (0.4ms)[0m  INSERT INTO "route_indices" ("created_at", "endplace_id", "isDest", "startplace_id", "updated_at", "url") VALUES ($1, $2, $3, $4, $5, $6) RETURNING "id"  [["created_at", Mon, 27 Oct 2014 10:08:08 NZDT +13:00], ["endplace_id", 207], ["isDest", true], ["startplace_id", 528], ["updated_at", Mon, 27 Oct 2014 10:08:08 NZDT +13:00], ["url", "xrv-212xrv213xrv214xrv216xrv217xrv218xrv22xrv272xrv224xrv223xrv222xrv-238xrv-235"]]
  [1m[36mPlace Load (0.3ms)[0m  [1mSELECT "places".* FROM "places" WHERE "places"."id" = 1125 LIMIT 1[0m
  [1m[35m (1.1ms)[0m  SELECT COUNT(*) FROM "route_indices" WHERE (url = 'xrv-212xrv213xrv214xrv216xrv217xrv218xrv22xrv272xrv224xrv-237xrv238xrv-222xrv225')
  [1m[36mPlaceType Load (0.2ms)[0m  [1mselect * from place_types where name='Campsite'[0m
  [1m[35mSQL (0.4ms)[0m  INSERT INTO "route_indices" ("created_at", "endplace_id", "isDest", "startplace_id", "updated_at", "url") VALUES ($1, $2, $3, $4, $5, $6) RETURNING "id"  [["created_at", Mon, 27 Oct 2014 10:08:08 NZDT +13:00], ["endplace_id", 1125], ["isDest", true], ["startplace_id", 528], ["updated_at", Mon, 27 Oct 2014 10:08:08 NZDT +13:00], ["url", "xrv-212xrv213xrv214xrv216xrv217xrv218xrv22xrv272xrv224xrv-237xrv238xrv-222xrv225"]]
  [1m[36mPlace Load (0.3ms)[0m  [1mSELECT "places".* FROM "places" WHERE "places"."id" = 45 LIMIT 1[0m
  [1m[35m (1.1ms)[0m  SELECT COUNT(*) FROM "route_indices" WHERE (url = 'xrv-212xrv213xrv214xrv216xrv217xrv218xrv22xrv272xrv224xrv-237xrv-235xrv-234xrv-233')
  [1m[36mPlaceType Load (0.2ms)[0m  [1mselect * from place_types where name='Hut'[0m
  [1m[35mSQL (0.4ms)[0m  INSERT INTO "route_indices" ("created_at", "endplace_id", "isDest", "startplace_id", "updated_at", "url") VALUES ($1, $2, $3, $4, $5, $6) RETURNING "id"  [["created_at", Mon, 27 Oct 2014 10:08:08 NZDT +13:00], ["endplace_id", 45], ["isDest", true], ["startplace_id", 528], ["updated_at", Mon, 27 Oct 2014 10:08:08 NZDT +13:00], ["url", "xrv-212xrv213xrv214xrv216xrv217xrv218xrv22xrv272xrv224xrv-237xrv-235xrv-234xrv-233"]]
  [1m[36mPlace Load (0.3ms)[0m  [1mSELECT "places".* FROM "places" WHERE "places"."id" = 976 LIMIT 1[0m
  [1m[35m (1.1ms)[0m  SELECT COUNT(*) FROM "route_indices" WHERE (url = 'xrv-212xrv213xrv214xrv216xrv217xrv218xrv22xrv272xrv224xrv223xrv222xrv221xrv21xrv220')
  [1m[36mPlaceType Load (0.2ms)[0m  [1mselect * from place_types where name='Summit'[0m
  [1m[35mSQL (0.4ms)[0m  INSERT INTO "route_indices" ("created_at", "endplace_id", "isDest", "startplace_id", "updated_at", "url") VALUES ($1, $2, $3, $4, $5, $6) RETURNING "id"  [["created_at", Mon, 27 Oct 2014 10:08:08 NZDT +13:00], ["endplace_id", 976], ["isDest", true], ["startplace_id", 528], ["updated_at", Mon, 27 Oct 2014 10:08:08 NZDT +13:00], ["url", "xrv-212xrv213xrv214xrv216xrv217xrv218xrv22xrv272xrv224xrv223xrv222xrv221xrv21xrv220"]]
  [1m[36mPlace Load (0.3ms)[0m  [1mSELECT "places".* FROM "places" WHERE "places"."id" = 650 LIMIT 1[0m
  [1m[35m (1.1ms)[0m  SELECT COUNT(*) FROM "route_indices" WHERE (url = 'xrv-212xrv213xrv214xrv216xrv217xrv218xrv22xrv272xrv224xrv223xrv222xrv-238xrv-235xrv-234')
  [1m[36mPlaceType Load (0.2ms)[0m  [1mselect * from place_types where name='Hut'[0m
  [1m[35mSQL (0.4ms)[0m  INSERT INTO "route_indices" ("created_at", "endplace_id", "isDest", "startplace_id", "updated_at", "url") VALUES ($1, $2, $3, $4, $5, $6) RETURNING "id"  [["created_at", Mon, 27 Oct 2014 10:08:08 NZDT +13:00], ["endplace_id", 650], ["isDest", true], ["startplace_id", 528], ["updated_at", Mon, 27 Oct 2014 10:08:08 NZDT +13:00], ["url", "xrv-212xrv213xrv214xrv216xrv217xrv218xrv22xrv272xrv224xrv223xrv222xrv-238xrv-235xrv-234"]]
  [1m[36mPlace Load (0.3ms)[0m  [1mSELECT "places".* FROM "places" WHERE "places"."id" = 976 LIMIT 1[0m
  [1m[35m (1.1ms)[0m  SELECT COUNT(*) FROM "route_indices" WHERE (url = 'xrv-212xrv213xrv214xrv216xrv217xrv218xrv22xrv272xrv224xrv-237xrv238xrv221xrv21xrv220')
  [1m[36mPlaceType Load (0.2ms)[0m  [1mselect * from place_types where name='Summit'[0m
  [1m[35mSQL (0.4ms)[0m  INSERT INTO "route_indices" ("created_at", "endplace_id", "isDest", "startplace_id", "updated_at", "url") VALUES ($1, $2, $3, $4, $5, $6) RETURNING "id"  [["created_at", Mon, 27 Oct 2014 10:08:08 NZDT +13:00], ["endplace_id", 976], ["isDest", true], ["startplace_id", 528], ["updated_at", Mon, 27 Oct 2014 10:08:08 NZDT +13:00], ["url", "xrv-212xrv213xrv214xrv216xrv217xrv218xrv22xrv272xrv224xrv-237xrv238xrv221xrv21xrv220"]]
  [1m[36mPlace Load (0.3ms)[0m  [1mSELECT "places".* FROM "places" WHERE "places"."id" = 769 LIMIT 1[0m
  [1m[35m (1.0ms)[0m  SELECT COUNT(*) FROM "route_indices" WHERE (url = 'xrv-212xrv213xrv214xrv216xrv217xrv218xrv22xrv272xrv224xrv-237xrv238xrv-222xrv225xrv226')
  [1m[36mPlaceType Load (0.2ms)[0m  [1mselect * from place_types where name='Hut'[0m
  [1m[35mSQL (0.4ms)[0m  INSERT INTO "route_indices" ("created_at", "endplace_id", "isDest", "startplace_id", "updated_at", "url") VALUES ($1, $2, $3, $4, $5, $6) RETURNING "id"  [["created_at", Mon, 27 Oct 2014 10:08:08 NZDT +13:00], ["endplace_id", 769], ["isDest", true], ["startplace_id", 528], ["updated_at", Mon, 27 Oct 2014 10:08:08 NZDT +13:00], ["url", "xrv-212xrv213xrv214xrv216xrv217xrv218xrv22xrv272xrv224xrv-237xrv238xrv-222xrv225xrv226"]]
  [1m[36mPlace Load (0.3ms)[0m  [1mSELECT "places".* FROM "places" WHERE "places"."id" = 976 LIMIT 1[0m
  [1m[35m (1.1ms)[0m  SELECT COUNT(*) FROM "route_indices" WHERE (url = 'xrv-212xrv213xrv214xrv216xrv217xrv218xrv22xrv272xrv224xrv-237xrv-235xrv-234xrv-233xrv-231')
  [1m[36mPlaceType Load (0.2ms)[0m  [1mselect * from place_types where name='Summit'[0m
  [1m[35mSQL (0.4ms)[0m  INSERT INTO "route_indices" ("created_at", "endplace_id", "isDest", "startplace_id", "updated_at", "url") VALUES ($1, $2, $3, $4, $5, $6) RETURNING "id"  [["created_at", Mon, 27 Oct 2014 10:08:08 NZDT +13:00], ["endplace_id", 976], ["isDest", true], ["startplace_id", 528], ["updated_at", Mon, 27 Oct 2014 10:08:08 NZDT +13:00], ["url", "xrv-212xrv213xrv214xrv216xrv217xrv218xrv22xrv272xrv224xrv-237xrv-235xrv-234xrv-233xrv-231"]]
  [1m[36mPlace Load (0.3ms)[0m  [1mSELECT "places".* FROM "places" WHERE "places"."id" = 1132 LIMIT 1[0m
  [1m[35m (1.1ms)[0m  SELECT COUNT(*) FROM "route_indices" WHERE (url = 'xrv-212xrv213xrv214xrv216xrv217xrv218xrv22xrv272xrv224xrv-237xrv-235xrv-243xrv-242xrv-241')
  [1m[36mPlaceType Load (0.2ms)[0m  [1mselect * from place_types where name='Campsite'[0m
  [1m[35mSQL (0.4ms)[0m  INSERT INTO "route_indices" ("created_at", "endplace_id", "isDest", "startplace_id", "updated_at", "url") VALUES ($1, $2, $3, $4, $5, $6) RETURNING "id"  [["created_at", Mon, 27 Oct 2014 10:08:08 NZDT +13:00], ["endplace_id", 1132], ["isDest", true], ["startplace_id", 528], ["updated_at", Mon, 27 Oct 2014 10:08:08 NZDT +13:00], ["url", "xrv-212xrv213xrv214xrv216xrv217xrv218xrv22xrv272xrv224xrv-237xrv-235xrv-243xrv-242xrv-241"]]
  [1m[36mPlace Load (0.3ms)[0m  [1mSELECT "places".* FROM "places" WHERE "places"."id" = 45 LIMIT 1[0m
  [1m[35m (1.0ms)[0m  SELECT COUNT(*) FROM "route_indices" WHERE (url = 'xrv-212xrv213xrv214xrv216xrv217xrv218xrv22xrv272xrv224xrv223xrv222xrv221xrv21xrv220xrv231')
  [1m[36mPlaceType Load (0.2ms)[0m  [1mselect * from place_types where name='Hut'[0m
  [1m[35mSQL (0.5ms)[0m  INSERT INTO "route_indices" ("created_at", "endplace_id", "isDest", "startplace_id", "updated_at", "url") VALUES ($1, $2, $3, $4, $5, $6) RETURNING "id"  [["created_at", Mon, 27 Oct 2014 10:08:08 NZDT +13:00], ["endplace_id", 45], ["isDest", true], ["startplace_id", 528], ["updated_at", Mon, 27 Oct 2014 10:08:08 NZDT +13:00], ["url", "xrv-212xrv213xrv214xrv216xrv217xrv218xrv22xrv272xrv224xrv223xrv222xrv221xrv21xrv220xrv231"]]
  [1m[36mPlace Load (0.3ms)[0m  [1mSELECT "places".* FROM "places" WHERE "places"."id" = 45 LIMIT 1[0m
  [1m[35m (1.1ms)[0m  SELECT COUNT(*) FROM "route_indices" WHERE (url = 'xrv-212xrv213xrv214xrv216xrv217xrv218xrv22xrv272xrv224xrv223xrv222xrv-238xrv-235xrv-234xrv-233')
  [1m[36mPlaceType Load (0.2ms)[0m  [1mselect * from place_types where name='Hut'[0m
  [1m[35mSQL (0.4ms)[0m  INSERT INTO "route_indices" ("created_at", "endplace_id", "isDest", "startplace_id", "updated_at", "url") VALUES ($1, $2, $3, $4, $5, $6) RETURNING "id"  [["created_at", Mon, 27 Oct 2014 10:08:08 NZDT +13:00], ["endplace_id", 45], ["isDest", true], ["startplace_id", 528], ["updated_at", Mon, 27 Oct 2014 10:08:08 NZDT +13:00], ["url", "xrv-212xrv213xrv214xrv216xrv217xrv218xrv22xrv272xrv224xrv223xrv222xrv-238xrv-235xrv-234xrv-233"]]
  [1m[36mPlace Load (0.3ms)[0m  [1mSELECT "places".* FROM "places" WHERE "places"."id" = 419 LIMIT 1[0m
  [1m[35m (1.2ms)[0m  SELECT COUNT(*) FROM "route_indices" WHERE (url = 'xrv-212xrv213xrv214xrv216xrv217xrv218xrv22xrv272xrv224xrv223xrv225xrv226xrv227xrv228xrv229')
  [1m[36mPlaceType Load (0.2ms)[0m  [1mselect * from place_types where name='Hut'[0m
  [1m[35mSQL (0.4ms)[0m  INSERT INTO "route_indices" ("created_at", "endplace_id", "isDest", "startplace_id", "updated_at", "url") VALUES ($1, $2, $3, $4, $5, $6) RETURNING "id"  [["created_at", Mon, 27 Oct 2014 10:08:08 NZDT +13:00], ["endplace_id", 419], ["isDest", true], ["startplace_id", 528], ["updated_at", Mon, 27 Oct 2014 10:08:08 NZDT +13:00], ["url", "xrv-212xrv213xrv214xrv216xrv217xrv218xrv22xrv272xrv224xrv223xrv225xrv226xrv227xrv228xrv229"]]
  [1m[36mPlace Load (0.3ms)[0m  [1mSELECT "places".* FROM "places" WHERE "places"."id" = 1130 LIMIT 1[0m
  [1m[35m (1.2ms)[0m  SELECT COUNT(*) FROM "route_indices" WHERE (url = 'xrv-212xrv213xrv214xrv216xrv217xrv218xrv22xrv272xrv224xrv223xrv225xrv226xrv227xrv-240')
  [1m[36mPlaceType Load (0.2ms)[0m  [1mselect * from place_types where name='Junction'[0m
  [1m[35mSQL (0.4ms)[0m  INSERT INTO "route_indices" ("created_at", "endplace_id", "isDest", "startplace_id", "updated_at", "url") VALUES ($1, $2, $3, $4, $5, $6) RETURNING "id"  [["created_at", Mon, 27 Oct 2014 10:08:08 NZDT +13:00], ["endplace_id", 1130], ["isDest", false], ["startplace_id", 528], ["updated_at", Mon, 27 Oct 2014 10:08:08 NZDT +13:00], ["url", "xrv-212xrv213xrv214xrv216xrv217xrv218xrv22xrv272xrv224xrv223xrv225xrv226xrv227xrv-240"]]
  [1m[36mPlace Load (0.3ms)[0m  [1mSELECT "places".* FROM "places" WHERE "places"."id" = 45 LIMIT 1[0m
  [1m[35m (1.1ms)[0m  SELECT COUNT(*) FROM "route_indices" WHERE (url = 'xrv-212xrv213xrv214xrv216xrv217xrv218xrv22xrv272xrv224xrv-237xrv238xrv221xrv21xrv220xrv231')
  [1m[36mPlaceType Load (0.3ms)[0m  [1mselect * from place_types where name='Hut'[0m
  [1m[35mSQL (0.4ms)[0m  INSERT INTO "route_indices" ("created_at", "endplace_id", "isDest", "startplace_id", "updated_at", "url") VALUES ($1, $2, $3, $4, $5, $6) RETURNING "id"  [["created_at", Mon, 27 Oct 2014 10:08:08 NZDT +13:00], ["endplace_id", 45], ["isDest", true], ["startplace_id", 528], ["updated_at", Mon, 27 Oct 2014 10:08:08 NZDT +13:00], ["url", "xrv-212xrv213xrv214xrv216xrv217xrv218xrv22xrv272xrv224xrv-237xrv238xrv221xrv21xrv220xrv231"]]
  [1m[36mPlace Load (0.3ms)[0m  [1mSELECT "places".* FROM "places" WHERE "places"."id" = 207 LIMIT 1[0m
  [1m[35m (1.1ms)[0m  SELECT COUNT(*) FROM "route_indices" WHERE (url = 'xrv-212xrv213xrv214xrv216xrv217xrv218xrv22xrv272xrv239xrv240xrv-227xrv-226xrv-225xrv222xrv-238xrv-235')
  [1m[36mPlaceType Load (0.3ms)[0m  [1mselect * from place_types where name='Hut'[0m
  [1m[35mSQL (0.4ms)[0m  INSERT INTO "route_indices" ("created_at", "endplace_id", "isDest", "startplace_id", "updated_at", "url") VALUES ($1, $2, $3, $4, $5, $6) RETURNING "id"  [["created_at", Mon, 27 Oct 2014 10:08:08 NZDT +13:00], ["endplace_id", 207], ["isDest", true], ["startplace_id", 528], ["updated_at", Mon, 27 Oct 2014 10:08:08 NZDT +13:00], ["url", "xrv-212xrv213xrv214xrv216xrv217xrv218xrv22xrv272xrv239xrv240xrv-227xrv-226xrv-225xrv222xrv-238xrv-235"]]
  [1m[36mPlace Load (0.3ms)[0m  [1mSELECT "places".* FROM "places" WHERE "places"."id" = 207 LIMIT 1[0m
  [1m[35m (1.1ms)[0m  SELECT COUNT(*) FROM "route_indices" WHERE (url = 'xrv-212xrv213xrv214xrv216xrv217xrv218xrv22xrv272xrv239xrv240xrv-227xrv-226xrv-225xrv-223xrv-237xrv-235')
  [1m[36mPlaceType Load (0.2ms)[0m  [1mselect * from place_types where name='Hut'[0m
  [1m[35mSQL (0.4ms)[0m  INSERT INTO "route_indices" ("created_at", "endplace_id", "isDest", "startplace_id", "updated_at", "url") VALUES ($1, $2, $3, $4, $5, $6) RETURNING "id"  [["created_at", Mon, 27 Oct 2014 10:08:08 NZDT +13:00], ["endplace_id", 207], ["isDest", true], ["startplace_id", 528], ["updated_at", Mon, 27 Oct 2014 10:08:08 NZDT +13:00], ["url", "xrv-212xrv213xrv214xrv216xrv217xrv218xrv22xrv272xrv239xrv240xrv-227xrv-226xrv-225xrv-223xrv-237xrv-235"]]
  [1m[36mPlace Load (0.3ms)[0m  [1mSELECT "places".* FROM "places" WHERE "places"."id" = 650 LIMIT 1[0m
  [1m[35m (1.1ms)[0m  SELECT COUNT(*) FROM "route_indices" WHERE (url = 'xrv-212xrv213xrv214xrv216xrv217xrv218xrv22xrv272xrv224xrv223xrv222xrv221xrv21xrv220xrv231xrv233')
  [1m[36mPlaceType Load (0.2ms)[0m  [1mselect * from place_types where name='Hut'[0m
  [1m[35mSQL (0.4ms)[0m  INSERT INTO "route_indices" ("created_at", "endplace_id", "isDest", "startplace_id", "updated_at", "url") VALUES ($1, $2, $3, $4, $5, $6) RETURNING "id"  [["created_at", Mon, 27 Oct 2014 10:08:08 NZDT +13:00], ["endplace_id", 650], ["isDest", true], ["startplace_id", 528], ["updated_at", Mon, 27 Oct 2014 10:08:08 NZDT +13:00], ["url", "xrv-212xrv213xrv214xrv216xrv217xrv218xrv22xrv272xrv224xrv223xrv222xrv221xrv21xrv220xrv231xrv233"]]
  [1m[36mPlace Load (0.3ms)[0m  [1mSELECT "places".* FROM "places" WHERE "places"."id" = 976 LIMIT 1[0m
  [1m[35m (1.1ms)[0m  SELECT COUNT(*) FROM "route_indices" WHERE (url = 'xrv-212xrv213xrv214xrv216xrv217xrv218xrv22xrv272xrv224xrv223xrv222xrv-238xrv-235xrv-234xrv-233xrv-231')
  [1m[36mPlaceType Load (0.2ms)[0m  [1mselect * from place_types where name='Summit'[0m
  [1m[35mSQL (0.4ms)[0m  INSERT INTO "route_indices" ("created_at", "endplace_id", "isDest", "startplace_id", "updated_at", "url") VALUES ($1, $2, $3, $4, $5, $6) RETURNING "id"  [["created_at", Mon, 27 Oct 2014 10:08:08 NZDT +13:00], ["endplace_id", 976], ["isDest", true], ["startplace_id", 528], ["updated_at", Mon, 27 Oct 2014 10:08:08 NZDT +13:00], ["url", "xrv-212xrv213xrv214xrv216xrv217xrv218xrv22xrv272xrv224xrv223xrv222xrv-238xrv-235xrv-234xrv-233xrv-231"]]
  [1m[36mPlace Load (0.3ms)[0m  [1mSELECT "places".* FROM "places" WHERE "places"."id" = 1132 LIMIT 1[0m
  [1m[35m (1.1ms)[0m  SELECT COUNT(*) FROM "route_indices" WHERE (url = 'xrv-212xrv213xrv214xrv216xrv217xrv218xrv22xrv272xrv224xrv223xrv222xrv-238xrv-235xrv-243xrv-242xrv-241')
  [1m[36mPlaceType Load (0.2ms)[0m  [1mselect * from place_types where name='Campsite'[0m
  [1m[35mSQL (0.4ms)[0m  INSERT INTO "route_indices" ("created_at", "endplace_id", "isDest", "startplace_id", "updated_at", "url") VALUES ($1, $2, $3, $4, $5, $6) RETURNING "id"  [["created_at", Mon, 27 Oct 2014 10:08:08 NZDT +13:00], ["endplace_id", 1132], ["isDest", true], ["startplace_id", 528], ["updated_at", Mon, 27 Oct 2014 10:08:08 NZDT +13:00], ["url", "xrv-212xrv213xrv214xrv216xrv217xrv218xrv22xrv272xrv224xrv223xrv222xrv-238xrv-235xrv-243xrv-242xrv-241"]]
  [1m[36mPlace Load (0.3ms)[0m  [1mSELECT "places".* FROM "places" WHERE "places"."id" = 1128 LIMIT 1[0m
  [1m[35m (1.1ms)[0m  SELECT COUNT(*) FROM "route_indices" WHERE (url = 'xrv-212xrv213xrv214xrv216xrv217xrv218xrv22xrv272xrv224xrv223xrv225xrv226xrv227xrv228xrv229xrv230')
  [1m[36mPlaceType Load (0.2ms)[0m  [1mselect * from place_types where name='Roadend'[0m
  [1m[35mSQL (0.4ms)[0m  INSERT INTO "route_indices" ("created_at", "endplace_id", "isDest", "startplace_id", "updated_at", "url") VALUES ($1, $2, $3, $4, $5, $6) RETURNING "id"  [["created_at", Mon, 27 Oct 2014 10:08:08 NZDT +13:00], ["endplace_id", 1128], ["isDest", true], ["startplace_id", 528], ["updated_at", Mon, 27 Oct 2014 10:08:08 NZDT +13:00], ["url", "xrv-212xrv213xrv214xrv216xrv217xrv218xrv22xrv272xrv224xrv223xrv225xrv226xrv227xrv228xrv229xrv230"]]
  [1m[36mPlace Load (0.3ms)[0m  [1mSELECT "places".* FROM "places" WHERE "places"."id" = 650 LIMIT 1[0m
  [1m[35m (1.1ms)[0m  SELECT COUNT(*) FROM "route_indices" WHERE (url = 'xrv-212xrv213xrv214xrv216xrv217xrv218xrv22xrv272xrv224xrv-237xrv238xrv221xrv21xrv220xrv231xrv233')
  [1m[36mPlaceType Load (0.2ms)[0m  [1mselect * from place_types where name='Hut'[0m
  [1m[35mSQL (0.4ms)[0m  INSERT INTO "route_indices" ("created_at", "endplace_id", "isDest", "startplace_id", "updated_at", "url") VALUES ($1, $2, $3, $4, $5, $6) RETURNING "id"  [["created_at", Mon, 27 Oct 2014 10:08:08 NZDT +13:00], ["endplace_id", 650], ["isDest", true], ["startplace_id", 528], ["updated_at", Mon, 27 Oct 2014 10:08:08 NZDT +13:00], ["url", "xrv-212xrv213xrv214xrv216xrv217xrv218xrv22xrv272xrv224xrv-237xrv238xrv221xrv21xrv220xrv231xrv233"]]
  [1m[36mPlace Load (0.3ms)[0m  [1mSELECT "places".* FROM "places" WHERE "places"."id" = 827 LIMIT 1[0m
  [1m[35mPlaceType Load (0.2ms)[0m  select name, "isDest" from place_types
  [1m[36mRoute Load (0.3ms)[0m  [1mSELECT "routes".* FROM "routes" WHERE "routes"."id" = 213 LIMIT 1[0m
  [1m[35mRoute Load (0.3ms)[0m  SELECT "routes".* FROM "routes" WHERE "routes"."id" = 214 LIMIT 1
  [1m[36mRoute Load (0.3ms)[0m  [1mSELECT "routes".* FROM "routes" WHERE "routes"."id" = 216 LIMIT 1[0m
  [1m[35mRoute Load (0.3ms)[0m  SELECT "routes".* FROM "routes" WHERE "routes"."id" = 217 LIMIT 1
  [1m[36mRoute Load (0.3ms)[0m  [1mSELECT "routes".* FROM "routes" WHERE "routes"."id" = 218 LIMIT 1[0m
  [1m[35mRoute Load (0.3ms)[0m  SELECT "routes".* FROM "routes" WHERE "routes"."id" = 22 LIMIT 1
  [1m[36mRoute Load (0.3ms)[0m  [1mSELECT "routes".* FROM "routes" WHERE "routes"."id" = 272 LIMIT 1[0m
  [1m[35mPlace Load (0.3ms)[0m  SELECT "places".* FROM "places" WHERE "places"."id" = 974 LIMIT 1
  [1m[36mCACHE (0.0ms)[0m  [1mSELECT "places".* FROM "places" WHERE "places"."id" = 974 LIMIT 1[0m
  [1m[35mRoute Load (0.3ms)[0m  select * from routes where startplace_id = 974
  [1m[36mRoute Load (0.3ms)[0m  [1mselect * from routes where endplace_id = 974[0m
  [1m[35mPlace Load (0.2ms)[0m  SELECT "places".* FROM "places" WHERE "places"."id" = $1 LIMIT 1  [["id", 974]]
  [1m[36mPlace Load (0.2ms)[0m  [1mSELECT "places".* FROM "places" WHERE "places"."id" = $1 LIMIT 1[0m  [["id", 471]]
  [1m[35mPlace Load (0.2ms)[0m  SELECT "places".* FROM "places" WHERE "places"."id" = $1 LIMIT 1  [["id", 1130]]
  [1m[36mPlace Load (0.2ms)[0m  [1mSELECT "places".* FROM "places" WHERE "places"."id" = $1 LIMIT 1[0m  [["id", 1124]]
  [1m[35mPlace Load (0.3ms)[0m  SELECT "places".* FROM "places" WHERE "places"."id" = 1130 LIMIT 1
  [1m[36mRoute Load (0.3ms)[0m  [1mselect * from routes where startplace_id = 1130[0m
  [1m[35mRoute Load (0.3ms)[0m  select * from routes where endplace_id = 1130
  [1m[36mCACHE (0.0ms)[0m  [1mSELECT "places".* FROM "places" WHERE "places"."id" = $1 LIMIT 1[0m  [["id", 1130]]
  [1m[35mCACHE (0.0ms)[0m  SELECT "places".* FROM "places" WHERE "places"."id" = $1 LIMIT 1  [["id", 974]]
  [1m[36mPlace Load (0.2ms)[0m  [1mSELECT "places".* FROM "places" WHERE "places"."id" = $1 LIMIT 1[0m  [["id", 1126]]
  [1m[35mPlace Load (0.3ms)[0m  SELECT "places".* FROM "places" WHERE "places"."id" = 1124 LIMIT 1
  [1m[36mRoute Load (0.3ms)[0m  [1mselect * from routes where startplace_id = 1124[0m
  [1m[35mRoute Load (0.3ms)[0m  select * from routes where endplace_id = 1124
  [1m[36mCACHE (0.0ms)[0m  [1mSELECT "places".* FROM "places" WHERE "places"."id" = $1 LIMIT 1[0m  [["id", 1124]]
  [1m[35mPlace Load (0.2ms)[0m  SELECT "places".* FROM "places" WHERE "places"."id" = $1 LIMIT 1  [["id", 1129]]
  [1m[36mCACHE (0.0ms)[0m  [1mSELECT "places".* FROM "places" WHERE "places"."id" = $1 LIMIT 1[0m  [["id", 1124]]
  [1m[35mCACHE (0.0ms)[0m  SELECT "places".* FROM "places" WHERE "places"."id" = $1 LIMIT 1  [["id", 974]]
  [1m[36mPlace Load (0.2ms)[0m  [1mSELECT "places".* FROM "places" WHERE "places"."id" = $1 LIMIT 1[0m  [["id", 1123]]
  [1m[35mPlace Load (0.3ms)[0m  SELECT "places".* FROM "places" WHERE "places"."id" = 1126 LIMIT 1
  [1m[36mRoute Load (0.3ms)[0m  [1mselect * from routes where startplace_id = 1126[0m
  [1m[35mRoute Load (0.3ms)[0m  select * from routes where endplace_id = 1126
  [1m[36mCACHE (0.0ms)[0m  [1mSELECT "places".* FROM "places" WHERE "places"."id" = $1 LIMIT 1[0m  [["id", 1126]]
  [1m[35mCACHE (0.0ms)[0m  SELECT "places".* FROM "places" WHERE "places"."id" = $1 LIMIT 1  [["id", 1130]]
  [1m[36mCACHE (0.0ms)[0m  [1mSELECT "places".* FROM "places" WHERE "places"."id" = $1 LIMIT 1[0m  [["id", 1126]]
  [1m[35mPlace Load (0.2ms)[0m  SELECT "places".* FROM "places" WHERE "places"."id" = $1 LIMIT 1  [["id", 769]]
  [1m[36mPlace Load (0.2ms)[0m  [1mSELECT "places".* FROM "places" WHERE "places"."id" = $1 LIMIT 1[0m  [["id", 1127]]
  [1m[35mPlace Load (0.2ms)[0m  SELECT "places".* FROM "places" WHERE "places"."id" = 1123 LIMIT 1
  [1m[36mRoute Load (0.3ms)[0m  [1mselect * from routes where startplace_id = 1123[0m
  [1m[35mRoute Load (0.3ms)[0m  select * from routes where endplace_id = 1123
  [1m[36mCACHE (0.1ms)[0m  [1mSELECT "places".* FROM "places" WHERE "places"."id" = $1 LIMIT 1[0m  [["id", 1123]]
  [1m[35mCACHE (0.0ms)[0m  SELECT "places".* FROM "places" WHERE "places"."id" = $1 LIMIT 1  [["id", 1124]]
  [1m[36mPlace Load (0.4ms)[0m  [1mSELECT "places".* FROM "places" WHERE "places"."id" = $1 LIMIT 1[0m  [["id", 975]]
  [1m[35mPlace Load (0.2ms)[0m  SELECT "places".* FROM "places" WHERE "places"."id" = $1 LIMIT 1  [["id", 1125]]
  [1m[36mPlace Load (0.3ms)[0m  [1mSELECT "places".* FROM "places" WHERE "places"."id" = 1129 LIMIT 1[0m
  [1m[35mRoute Load (0.3ms)[0m  select * from routes where startplace_id = 1129
  [1m[36mRoute Load (0.3ms)[0m  [1mselect * from routes where endplace_id = 1129[0m
  [1m[35mCACHE (0.0ms)[0m  SELECT "places".* FROM "places" WHERE "places"."id" = $1 LIMIT 1  [["id", 1129]]
  [1m[36mPlace Load (0.2ms)[0m  [1mSELECT "places".* FROM "places" WHERE "places"."id" = $1 LIMIT 1[0m  [["id", 207]]
  [1m[35mCACHE (0.0ms)[0m  SELECT "places".* FROM "places" WHERE "places"."id" = $1 LIMIT 1  [["id", 1124]]
  [1m[36mCACHE (0.0ms)[0m  [1mSELECT "places".* FROM "places" WHERE "places"."id" = $1 LIMIT 1[0m  [["id", 975]]
  [1m[35mPlace Load (0.2ms)[0m  SELECT "places".* FROM "places" WHERE "places"."id" = 1127 LIMIT 1
  [1m[36mRoute Load (0.3ms)[0m  [1mselect * from routes where startplace_id = 1127[0m
  [1m[35mRoute Load (0.3ms)[0m  select * from routes where endplace_id = 1127
  [1m[36mCACHE (0.0ms)[0m  [1mSELECT "places".* FROM "places" WHERE "places"."id" = $1 LIMIT 1[0m  [["id", 1127]]
  [1m[35mCACHE (0.0ms)[0m  SELECT "places".* FROM "places" WHERE "places"."id" = $1 LIMIT 1  [["id", 1126]]
  [1m[36mPlace Load (0.2ms)[0m  [1mSELECT "places".* FROM "places" WHERE "places"."id" = $1 LIMIT 1[0m  [["id", 419]]
  [1m[35mPlace Load (0.3ms)[0m  SELECT "places".* FROM "places" WHERE "places"."id" = 769 LIMIT 1
  [1m[36mRoute Load (0.3ms)[0m  [1mselect * from routes where startplace_id = 769[0m
  [1m[35mRoute Load (0.3ms)[0m  select * from routes where endplace_id = 769
  [1m[36mCACHE (0.0ms)[0m  [1mSELECT "places".* FROM "places" WHERE "places"."id" = $1 LIMIT 1[0m  [["id", 769]]
  [1m[35mCACHE (0.0ms)[0m  SELECT "places".* FROM "places" WHERE "places"."id" = $1 LIMIT 1  [["id", 1125]]
  [1m[36mCACHE (0.0ms)[0m  [1mSELECT "places".* FROM "places" WHERE "places"."id" = $1 LIMIT 1[0m  [["id", 1126]]
  [1m[35mPlace Load (0.3ms)[0m  SELECT "places".* FROM "places" WHERE "places"."id" = 975 LIMIT 1
  [1m[36mRoute Load (0.3ms)[0m  [1mselect * from routes where startplace_id = 975[0m
  [1m[35mRoute Load (0.3ms)[0m  select * from routes where endplace_id = 975
  [1m[36mCACHE (0.0ms)[0m  [1mSELECT "places".* FROM "places" WHERE "places"."id" = $1 LIMIT 1[0m  [["id", 975]]
  [1m[35mCACHE (0.0ms)[0m  SELECT "places".* FROM "places" WHERE "places"."id" = $1 LIMIT 1  [["id", 1129]]
  [1m[36mCACHE (0.0ms)[0m  [1mSELECT "places".* FROM "places" WHERE "places"."id" = $1 LIMIT 1[0m  [["id", 975]]
  [1m[35mCACHE (0.0ms)[0m  SELECT "places".* FROM "places" WHERE "places"."id" = $1 LIMIT 1  [["id", 1123]]
  [1m[36mPlace Load (0.2ms)[0m  [1mSELECT "places".* FROM "places" WHERE "places"."id" = $1 LIMIT 1[0m  [["id", 1122]]
  [1m[35mPlace Load (0.3ms)[0m  SELECT "places".* FROM "places" WHERE "places"."id" = 1125 LIMIT 1
  [1m[36mRoute Load (0.3ms)[0m  [1mselect * from routes where startplace_id = 1125[0m
  [1m[35mRoute Load (0.3ms)[0m  select * from routes where endplace_id = 1125
  [1m[36mCACHE (0.0ms)[0m  [1mSELECT "places".* FROM "places" WHERE "places"."id" = $1 LIMIT 1[0m  [["id", 1125]]
  [1m[35mCACHE (0.0ms)[0m  SELECT "places".* FROM "places" WHERE "places"."id" = $1 LIMIT 1  [["id", 1123]]
  [1m[36mCACHE (0.0ms)[0m  [1mSELECT "places".* FROM "places" WHERE "places"."id" = $1 LIMIT 1[0m  [["id", 769]]
  [1m[35mCACHE (0.0ms)[0m  SELECT "places".* FROM "places" WHERE "places"."id" = 975 LIMIT 1
  [1m[36mCACHE (0.0ms)[0m  [1mselect * from routes where startplace_id = 975[0m
  [1m[35mCACHE (0.0ms)[0m  select * from routes where endplace_id = 975
  [1m[36mCACHE (0.0ms)[0m  [1mSELECT "places".* FROM "places" WHERE "places"."id" = $1 LIMIT 1[0m  [["id", 975]]
  [1m[35mCACHE (0.0ms)[0m  SELECT "places".* FROM "places" WHERE "places"."id" = $1 LIMIT 1  [["id", 1129]]
  [1m[36mCACHE (0.0ms)[0m  [1mSELECT "places".* FROM "places" WHERE "places"."id" = $1 LIMIT 1[0m  [["id", 975]]
  [1m[35mCACHE (0.0ms)[0m  SELECT "places".* FROM "places" WHERE "places"."id" = $1 LIMIT 1  [["id", 1123]]
  [1m[36mCACHE (0.0ms)[0m  [1mSELECT "places".* FROM "places" WHERE "places"."id" = $1 LIMIT 1[0m  [["id", 1122]]
  [1m[35mPlace Load (0.3ms)[0m  SELECT "places".* FROM "places" WHERE "places"."id" = 207 LIMIT 1
  [1m[36mRoute Load (0.3ms)[0m  [1mselect * from routes where startplace_id = 207[0m
  [1m[35mRoute Load (0.4ms)[0m  select * from routes where endplace_id = 207
  [1m[36mCACHE (0.0ms)[0m  [1mSELECT "places".* FROM "places" WHERE "places"."id" = $1 LIMIT 1[0m  [["id", 207]]
  [1m[35mPlace Load (0.2ms)[0m  SELECT "places".* FROM "places" WHERE "places"."id" = $1 LIMIT 1  [["id", 650]]
  [1m[36mCACHE (0.0ms)[0m  [1mSELECT "places".* FROM "places" WHERE "places"."id" = $1 LIMIT 1[0m  [["id", 207]]
  [1m[35mPlace Load (0.2ms)[0m  SELECT "places".* FROM "places" WHERE "places"."id" = $1 LIMIT 1  [["id", 1133]]
  [1m[36mCACHE (0.0ms)[0m  [1mSELECT "places".* FROM "places" WHERE "places"."id" = $1 LIMIT 1[0m  [["id", 1129]]
  [1m[35mPlace Load (0.3ms)[0m  SELECT "places".* FROM "places" WHERE "places"."id" = 419 LIMIT 1
  [1m[36mRoute Load (0.3ms)[0m  [1mselect * from routes where startplace_id = 419[0m
  [1m[35mRoute Load (0.3ms)[0m  select * from routes where endplace_id = 419
  [1m[36mCACHE (0.0ms)[0m  [1mSELECT "places".* FROM "places" WHERE "places"."id" = $1 LIMIT 1[0m  [["id", 419]]
  [1m[35mCACHE (0.0ms)[0m  SELECT "places".* FROM "places" WHERE "places"."id" = $1 LIMIT 1  [["id", 1127]]
  [1m[36mPlace Load (0.2ms)[0m  [1mSELECT "places".* FROM "places" WHERE "places"."id" = $1 LIMIT 1[0m  [["id", 1128]]
  [1m[35mCACHE (0.0ms)[0m  SELECT "places".* FROM "places" WHERE "places"."id" = 1125 LIMIT 1
  [1m[36mCACHE (0.0ms)[0m  [1mselect * from routes where startplace_id = 1125[0m
  [1m[35mCACHE (0.0ms)[0m  select * from routes where endplace_id = 1125
  [1m[36mCACHE (0.0ms)[0m  [1mSELECT "places".* FROM "places" WHERE "places"."id" = $1 LIMIT 1[0m  [["id", 1125]]
  [1m[35mCACHE (0.0ms)[0m  SELECT "places".* FROM "places" WHERE "places"."id" = $1 LIMIT 1  [["id", 1123]]
  [1m[36mCACHE (0.0ms)[0m  [1mSELECT "places".* FROM "places" WHERE "places"."id" = $1 LIMIT 1[0m  [["id", 769]]
  [1m[35mPlace Load (0.3ms)[0m  SELECT "places".* FROM "places" WHERE "places"."id" = 1122 LIMIT 1
  [1m[36mRoute Load (0.3ms)[0m  [1mselect * from routes where startplace_id = 1122[0m
  [1m[35mRoute Load (0.3ms)[0m  select * from routes where endplace_id = 1122
  [1m[36mCACHE (0.0ms)[0m  [1mSELECT "places".* FROM "places" WHERE "places"."id" = $1 LIMIT 1[0m  [["id", 1122]]
  [1m[35mCACHE (0.0ms)[0m  SELECT "places".* FROM "places" WHERE "places"."id" = $1 LIMIT 1  [["id", 975]]
  [1m[36mPlace Load (0.2ms)[0m  [1mSELECT "places".* FROM "places" WHERE "places"."id" = $1 LIMIT 1[0m  [["id", 1121]]
  [1m[35mCACHE (0.0ms)[0m  SELECT "places".* FROM "places" WHERE "places"."id" = 1129 LIMIT 1
  [1m[36mCACHE (0.0ms)[0m  [1mselect * from routes where startplace_id = 1129[0m
  [1m[35mCACHE (0.0ms)[0m  select * from routes where endplace_id = 1129
  [1m[36mCACHE (0.0ms)[0m  [1mSELECT "places".* FROM "places" WHERE "places"."id" = $1 LIMIT 1[0m  [["id", 1129]]
  [1m[35mCACHE (0.0ms)[0m  SELECT "places".* FROM "places" WHERE "places"."id" = $1 LIMIT 1  [["id", 207]]
  [1m[36mCACHE (0.0ms)[0m  [1mSELECT "places".* FROM "places" WHERE "places"."id" = $1 LIMIT 1[0m  [["id", 1124]]
  [1m[35mCACHE (0.0ms)[0m  SELECT "places".* FROM "places" WHERE "places"."id" = $1 LIMIT 1  [["id", 975]]
  [1m[36mCACHE (0.0ms)[0m  [1mSELECT "places".* FROM "places" WHERE "places"."id" = 769 LIMIT 1[0m
  [1m[35mCACHE (0.0ms)[0m  select * from routes where startplace_id = 769
  [1m[36mCACHE (0.0ms)[0m  [1mselect * from routes where endplace_id = 769[0m
  [1m[35mCACHE (0.0ms)[0m  SELECT "places".* FROM "places" WHERE "places"."id" = $1 LIMIT 1  [["id", 769]]
  [1m[36mCACHE (0.0ms)[0m  [1mSELECT "places".* FROM "places" WHERE "places"."id" = $1 LIMIT 1[0m  [["id", 1125]]
  [1m[35mCACHE (0.0ms)[0m  SELECT "places".* FROM "places" WHERE "places"."id" = $1 LIMIT 1  [["id", 1126]]
  [1m[36mCACHE (0.0ms)[0m  [1mSELECT "places".* FROM "places" WHERE "places"."id" = 1122 LIMIT 1[0m
  [1m[35mCACHE (0.0ms)[0m  select * from routes where startplace_id = 1122
  [1m[36mCACHE (0.0ms)[0m  [1mselect * from routes where endplace_id = 1122[0m
  [1m[35mCACHE (0.0ms)[0m  SELECT "places".* FROM "places" WHERE "places"."id" = $1 LIMIT 1  [["id", 1122]]
  [1m[36mCACHE (0.0ms)[0m  [1mSELECT "places".* FROM "places" WHERE "places"."id" = $1 LIMIT 1[0m  [["id", 975]]
  [1m[35mCACHE (0.0ms)[0m  SELECT "places".* FROM "places" WHERE "places"."id" = $1 LIMIT 1  [["id", 1121]]
  [1m[36mCACHE (0.0ms)[0m  [1mSELECT "places".* FROM "places" WHERE "places"."id" = 1123 LIMIT 1[0m
  [1m[35mCACHE (0.0ms)[0m  select * from routes where startplace_id = 1123
  [1m[36mCACHE (0.0ms)[0m  [1mselect * from routes where endplace_id = 1123[0m
  [1m[35mCACHE (0.0ms)[0m  SELECT "places".* FROM "places" WHERE "places"."id" = $1 LIMIT 1  [["id", 1123]]
  [1m[36mCACHE (0.0ms)[0m  [1mSELECT "places".* FROM "places" WHERE "places"."id" = $1 LIMIT 1[0m  [["id", 1124]]
  [1m[35mCACHE (0.0ms)[0m  SELECT "places".* FROM "places" WHERE "places"."id" = $1 LIMIT 1  [["id", 975]]
  [1m[36mCACHE (0.0ms)[0m  [1mSELECT "places".* FROM "places" WHERE "places"."id" = $1 LIMIT 1[0m  [["id", 1125]]
  [1m[35mPlace Load (0.3ms)[0m  SELECT "places".* FROM "places" WHERE "places"."id" = 650 LIMIT 1
  [1m[36mRoute Load (0.3ms)[0m  [1mselect * from routes where startplace_id = 650[0m
  [1m[35mRoute Load (0.3ms)[0m  select * from routes where endplace_id = 650
  [1m[36mCACHE (0.0ms)[0m  [1mSELECT "places".* FROM "places" WHERE "places"."id" = $1 LIMIT 1[0m  [["id", 650]]
  [1m[35mPlace Load (0.4ms)[0m  SELECT "places".* FROM "places" WHERE "places"."id" = $1 LIMIT 1  [["id", 45]]
  [1m[36mCACHE (0.0ms)[0m  [1mSELECT "places".* FROM "places" WHERE "places"."id" = $1 LIMIT 1[0m  [["id", 207]]
  [1m[35mPlace Load (0.4ms)[0m  SELECT "places".* FROM "places" WHERE "places"."id" = 1133 LIMIT 1
  [1m[36mRoute Load (0.4ms)[0m  [1mselect * from routes where startplace_id = 1133[0m
  [1m[35mRoute Load (0.3ms)[0m  select * from routes where endplace_id = 1133
  [1m[36mCACHE (0.0ms)[0m  [1mSELECT "places".* FROM "places" WHERE "places"."id" = $1 LIMIT 1[0m  [["id", 1133]]
  [1m[35mPlace Load (0.2ms)[0m  SELECT "places".* FROM "places" WHERE "places"."id" = $1 LIMIT 1  [["id", 1131]]
  [1m[36mCACHE (0.0ms)[0m  [1mSELECT "places".* FROM "places" WHERE "places"."id" = $1 LIMIT 1[0m  [["id", 207]]
  [1m[35mPlace Load (0.3ms)[0m  SELECT "places".* FROM "places" WHERE "places"."id" = 1128 LIMIT 1
  [1m[36mRoute Load (0.3ms)[0m  [1mselect * from routes where startplace_id = 1128[0m
  [1m[35mRoute Load (0.3ms)[0m  select * from routes where endplace_id = 1128
  [1m[36mCACHE (0.0ms)[0m  [1mSELECT "places".* FROM "places" WHERE "places"."id" = $1 LIMIT 1[0m  [["id", 1128]]
  [1m[35mCACHE (0.0ms)[0m  SELECT "places".* FROM "places" WHERE "places"."id" = $1 LIMIT 1  [["id", 419]]
  [1m[36mCACHE (0.0ms)[0m  [1mSELECT "places".* FROM "places" WHERE "places"."id" = 1123 LIMIT 1[0m
  [1m[35mCACHE (0.0ms)[0m  select * from routes where startplace_id = 1123
  [1m[36mCACHE (0.0ms)[0m  [1mselect * from routes where endplace_id = 1123[0m
  [1m[35mCACHE (0.0ms)[0m  SELECT "places".* FROM "places" WHERE "places"."id" = $1 LIMIT 1  [["id", 1123]]
  [1m[36mCACHE (0.0ms)[0m  [1mSELECT "places".* FROM "places" WHERE "places"."id" = $1 LIMIT 1[0m  [["id", 1124]]
  [1m[35mCACHE (0.0ms)[0m  SELECT "places".* FROM "places" WHERE "places"."id" = $1 LIMIT 1  [["id", 975]]
  [1m[36mCACHE (0.0ms)[0m  [1mSELECT "places".* FROM "places" WHERE "places"."id" = $1 LIMIT 1[0m  [["id", 1125]]
  [1m[35mPlace Load (0.3ms)[0m  SELECT "places".* FROM "places" WHERE "places"."id" = 1121 LIMIT 1
  [1m[36mRoute Load (0.3ms)[0m  [1mselect * from routes where startplace_id = 1121[0m
  [1m[35mRoute Load (0.4ms)[0m  select * from routes where endplace_id = 1121
  [1m[36mCACHE (0.0ms)[0m  [1mSELECT "places".* FROM "places" WHERE "places"."id" = $1 LIMIT 1[0m  [["id", 1121]]
  [1m[35mCACHE (0.0ms)[0m  SELECT "places".* FROM "places" WHERE "places"."id" = $1 LIMIT 1  [["id", 1122]]
  [1m[36mPlace Load (0.2ms)[0m  [1mSELECT "places".* FROM "places" WHERE "places"."id" = $1 LIMIT 1[0m  [["id", 976]]
  [1m[35mCACHE (0.0ms)[0m  SELECT "places".* FROM "places" WHERE "places"."id" = 207 LIMIT 1
  [1m[36mCACHE (0.0ms)[0m  [1mselect * from routes where startplace_id = 207[0m
  [1m[35mCACHE (0.0ms)[0m  select * from routes where endplace_id = 207
  [1m[36mCACHE (0.0ms)[0m  [1mSELECT "places".* FROM "places" WHERE "places"."id" = $1 LIMIT 1[0m  [["id", 207]]
  [1m[35mCACHE (0.0ms)[0m  SELECT "places".* FROM "places" WHERE "places"."id" = $1 LIMIT 1  [["id", 650]]
  [1m[36mCACHE (0.0ms)[0m  [1mSELECT "places".* FROM "places" WHERE "places"."id" = $1 LIMIT 1[0m  [["id", 207]]
  [1m[35mCACHE (0.0ms)[0m  SELECT "places".* FROM "places" WHERE "places"."id" = $1 LIMIT 1  [["id", 1133]]
  [1m[36mCACHE (0.0ms)[0m  [1mSELECT "places".* FROM "places" WHERE "places"."id" = $1 LIMIT 1[0m  [["id", 1129]]
  [1m[35mCACHE (0.0ms)[0m  SELECT "places".* FROM "places" WHERE "places"."id" = 1126 LIMIT 1
  [1m[36mCACHE (0.1ms)[0m  [1mselect * from routes where startplace_id = 1126[0m
  [1m[35mCACHE (0.0ms)[0m  select * from routes where endplace_id = 1126
  [1m[36mCACHE (0.0ms)[0m  [1mSELECT "places".* FROM "places" WHERE "places"."id" = $1 LIMIT 1[0m  [["id", 1126]]
  [1m[35mCACHE (0.0ms)[0m  SELECT "places".* FROM "places" WHERE "places"."id" = $1 LIMIT 1  [["id", 1130]]
  [1m[36mCACHE (0.0ms)[0m  [1mSELECT "places".* FROM "places" WHERE "places"."id" = $1 LIMIT 1[0m  [["id", 1126]]
  [1m[35mCACHE (0.0ms)[0m  SELECT "places".* FROM "places" WHERE "places"."id" = $1 LIMIT 1  [["id", 769]]
  [1m[36mCACHE (0.0ms)[0m  [1mSELECT "places".* FROM "places" WHERE "places"."id" = $1 LIMIT 1[0m  [["id", 1127]]
  [1m[35mCACHE (0.0ms)[0m  SELECT "places".* FROM "places" WHERE "places"."id" = 1121 LIMIT 1
  [1m[36mCACHE (0.0ms)[0m  [1mselect * from routes where startplace_id = 1121[0m
  [1m[35mCACHE (0.0ms)[0m  select * from routes where endplace_id = 1121
  [1m[36mCACHE (0.0ms)[0m  [1mSELECT "places".* FROM "places" WHERE "places"."id" = $1 LIMIT 1[0m  [["id", 1121]]
  [1m[35mCACHE (0.0ms)[0m  SELECT "places".* FROM "places" WHERE "places"."id" = $1 LIMIT 1  [["id", 1122]]
  [1m[36mCACHE (0.0ms)[0m  [1mSELECT "places".* FROM "places" WHERE "places"."id" = $1 LIMIT 1[0m  [["id", 976]]
  [1m[35mCACHE (0.0ms)[0m  SELECT "places".* FROM "places" WHERE "places"."id" = 1125 LIMIT 1
  [1m[36mCACHE (0.0ms)[0m  [1mselect * from routes where startplace_id = 1125[0m
  [1m[35mCACHE (0.0ms)[0m  select * from routes where endplace_id = 1125
  [1m[36mCACHE (0.0ms)[0m  [1mSELECT "places".* FROM "places" WHERE "places"."id" = $1 LIMIT 1[0m  [["id", 1125]]
  [1m[35mCACHE (0.0ms)[0m  SELECT "places".* FROM "places" WHERE "places"."id" = $1 LIMIT 1  [["id", 1123]]
  [1m[36mCACHE (0.0ms)[0m  [1mSELECT "places".* FROM "places" WHERE "places"."id" = $1 LIMIT 1[0m  [["id", 769]]
  [1m[35mPlace Load (0.3ms)[0m  SELECT "places".* FROM "places" WHERE "places"."id" = 45 LIMIT 1
  [1m[36mRoute Load (0.3ms)[0m  [1mselect * from routes where startplace_id = 45[0m
  [1m[35mRoute Load (0.3ms)[0m  select * from routes where endplace_id = 45
  [1m[36mCACHE (0.0ms)[0m  [1mSELECT "places".* FROM "places" WHERE "places"."id" = $1 LIMIT 1[0m  [["id", 45]]
  [1m[35mCACHE (0.0ms)[0m  SELECT "places".* FROM "places" WHERE "places"."id" = $1 LIMIT 1  [["id", 976]]
  [1m[36mCACHE (0.0ms)[0m  [1mSELECT "places".* FROM "places" WHERE "places"."id" = $1 LIMIT 1[0m  [["id", 650]]
  [1m[35mPlace Load (0.3ms)[0m  SELECT "places".* FROM "places" WHERE "places"."id" = 1131 LIMIT 1
  [1m[36mRoute Load (0.3ms)[0m  [1mselect * from routes where startplace_id = 1131[0m
  [1m[35mRoute Load (0.3ms)[0m  select * from routes where endplace_id = 1131
  [1m[36mCACHE (0.0ms)[0m  [1mSELECT "places".* FROM "places" WHERE "places"."id" = $1 LIMIT 1[0m  [["id", 1131]]
  [1m[35mPlace Load (0.2ms)[0m  SELECT "places".* FROM "places" WHERE "places"."id" = $1 LIMIT 1  [["id", 1132]]
  [1m[36mCACHE (0.0ms)[0m  [1mSELECT "places".* FROM "places" WHERE "places"."id" = $1 LIMIT 1[0m  [["id", 1133]]
  [1m[35mCACHE (0.0ms)[0m  SELECT "places".* FROM "places" WHERE "places"."id" = 975 LIMIT 1
  [1m[36mCACHE (0.0ms)[0m  [1mselect * from routes where startplace_id = 975[0m
  [1m[35mCACHE (0.0ms)[0m  select * from routes where endplace_id = 975
  [1m[36mCACHE (0.0ms)[0m  [1mSELECT "places".* FROM "places" WHERE "places"."id" = $1 LIMIT 1[0m  [["id", 975]]
  [1m[35mCACHE (0.0ms)[0m  SELECT "places".* FROM "places" WHERE "places"."id" = $1 LIMIT 1  [["id", 1129]]
  [1m[36mCACHE (0.0ms)[0m  [1mSELECT "places".* FROM "places" WHERE "places"."id" = $1 LIMIT 1[0m  [["id", 975]]
  [1m[35mCACHE (0.0ms)[0m  SELECT "places".* FROM "places" WHERE "places"."id" = $1 LIMIT 1  [["id", 1123]]
  [1m[36mCACHE (0.1ms)[0m  [1mSELECT "places".* FROM "places" WHERE "places"."id" = $1 LIMIT 1[0m  [["id", 1122]]
  [1m[35mCACHE (0.0ms)[0m  SELECT "places".* FROM "places" WHERE "places"."id" = 1124 LIMIT 1
  [1m[36mCACHE (0.0ms)[0m  [1mselect * from routes where startplace_id = 1124[0m
  [1m[35mCACHE (0.0ms)[0m  select * from routes where endplace_id = 1124
  [1m[36mCACHE (0.0ms)[0m  [1mSELECT "places".* FROM "places" WHERE "places"."id" = $1 LIMIT 1[0m  [["id", 1124]]
  [1m[35mCACHE (0.0ms)[0m  SELECT "places".* FROM "places" WHERE "places"."id" = $1 LIMIT 1  [["id", 1129]]
  [1m[36mCACHE (0.0ms)[0m  [1mSELECT "places".* FROM "places" WHERE "places"."id" = $1 LIMIT 1[0m  [["id", 1124]]
  [1m[35mCACHE (0.0ms)[0m  SELECT "places".* FROM "places" WHERE "places"."id" = $1 LIMIT 1  [["id", 974]]
  [1m[36mCACHE (0.0ms)[0m  [1mSELECT "places".* FROM "places" WHERE "places"."id" = $1 LIMIT 1[0m  [["id", 1123]]
  [1m[35mPlace Load (0.3ms)[0m  SELECT "places".* FROM "places" WHERE "places"."id" = 976 LIMIT 1
  [1m[36mRoute Load (0.3ms)[0m  [1mselect * from routes where startplace_id = 976[0m
  [1m[35mRoute Load (0.3ms)[0m  select * from routes where endplace_id = 976
  [1m[36mCACHE (0.0ms)[0m  [1mSELECT "places".* FROM "places" WHERE "places"."id" = $1 LIMIT 1[0m  [["id", 976]]
  [1m[35mCACHE (0.0ms)[0m  SELECT "places".* FROM "places" WHERE "places"."id" = $1 LIMIT 1  [["id", 1121]]
  [1m[36mCACHE (0.0ms)[0m  [1mSELECT "places".* FROM "places" WHERE "places"."id" = $1 LIMIT 1[0m  [["id", 976]]
  [1m[35mPlace Load (0.2ms)[0m  SELECT "places".* FROM "places" WHERE "places"."id" = $1 LIMIT 1  [["id", 1119]]
  [1m[36mCACHE (0.0ms)[0m  [1mSELECT "places".* FROM "places" WHERE "places"."id" = $1 LIMIT 1[0m  [["id", 45]]
  [1m[35mCACHE (0.0ms)[0m  SELECT "places".* FROM "places" WHERE "places"."id" = 650 LIMIT 1
  [1m[36mCACHE (0.0ms)[0m  [1mselect * from routes where startplace_id = 650[0m
  [1m[35mCACHE (0.0ms)[0m  select * from routes where endplace_id = 650
  [1m[36mCACHE (0.0ms)[0m  [1mSELECT "places".* FROM "places" WHERE "places"."id" = $1 LIMIT 1[0m  [["id", 650]]
  [1m[35mCACHE (0.0ms)[0m  SELECT "places".* FROM "places" WHERE "places"."id" = $1 LIMIT 1  [["id", 45]]
  [1m[36mCACHE (0.0ms)[0m  [1mSELECT "places".* FROM "places" WHERE "places"."id" = $1 LIMIT 1[0m  [["id", 207]]
  [1m[35mCACHE (0.0ms)[0m  SELECT "places".* FROM "places" WHERE "places"."id" = 1133 LIMIT 1
  [1m[36mCACHE (0.0ms)[0m  [1mselect * from routes where startplace_id = 1133[0m
  [1m[35mCACHE (0.0ms)[0m  select * from routes where endplace_id = 1133
  [1m[36mCACHE (0.0ms)[0m  [1mSELECT "places".* FROM "places" WHERE "places"."id" = $1 LIMIT 1[0m  [["id", 1133]]
  [1m[35mCACHE (0.0ms)[0m  SELECT "places".* FROM "places" WHERE "places"."id" = $1 LIMIT 1  [["id", 1131]]
  [1m[36mCACHE (0.0ms)[0m  [1mSELECT "places".* FROM "places" WHERE "places"."id" = $1 LIMIT 1[0m  [["id", 207]]
  [1m[35mCACHE (0.0ms)[0m  SELECT "places".* FROM "places" WHERE "places"."id" = 1127 LIMIT 1
  [1m[36mCACHE (0.0ms)[0m  [1mselect * from routes where startplace_id = 1127[0m
  [1m[35mCACHE (0.0ms)[0m  select * from routes where endplace_id = 1127
  [1m[36mCACHE (0.0ms)[0m  [1mSELECT "places".* FROM "places" WHERE "places"."id" = $1 LIMIT 1[0m  [["id", 1127]]
  [1m[35mCACHE (0.0ms)[0m  SELECT "places".* FROM "places" WHERE "places"."id" = $1 LIMIT 1  [["id", 1126]]
  [1m[36mCACHE (0.0ms)[0m  [1mSELECT "places".* FROM "places" WHERE "places"."id" = $1 LIMIT 1[0m  [["id", 419]]
  [1m[35mCACHE (0.0ms)[0m  SELECT "places".* FROM "places" WHERE "places"."id" = 1130 LIMIT 1
  [1m[36mCACHE (0.0ms)[0m  [1mselect * from routes where startplace_id = 1130[0m
  [1m[35mCACHE (0.0ms)[0m  select * from routes where endplace_id = 1130
  [1m[36mCACHE (0.0ms)[0m  [1mSELECT "places".* FROM "places" WHERE "places"."id" = $1 LIMIT 1[0m  [["id", 1130]]
  [1m[35mCACHE (0.0ms)[0m  SELECT "places".* FROM "places" WHERE "places"."id" = $1 LIMIT 1  [["id", 974]]
  [1m[36mCACHE (0.1ms)[0m  [1mSELECT "places".* FROM "places" WHERE "places"."id" = $1 LIMIT 1[0m  [["id", 1126]]
  [1m[35mCACHE (0.0ms)[0m  SELECT "places".* FROM "places" WHERE "places"."id" = 976 LIMIT 1
  [1m[36mCACHE (0.0ms)[0m  [1mselect * from routes where startplace_id = 976[0m
  [1m[35mCACHE (0.0ms)[0m  select * from routes where endplace_id = 976
  [1m[36mCACHE (0.0ms)[0m  [1mSELECT "places".* FROM "places" WHERE "places"."id" = $1 LIMIT 1[0m  [["id", 976]]
  [1m[35mCACHE (0.0ms)[0m  SELECT "places".* FROM "places" WHERE "places"."id" = $1 LIMIT 1  [["id", 1121]]
  [1m[36mCACHE (0.0ms)[0m  [1mSELECT "places".* FROM "places" WHERE "places"."id" = $1 LIMIT 1[0m  [["id", 976]]
  [1m[35mCACHE (0.0ms)[0m  SELECT "places".* FROM "places" WHERE "places"."id" = $1 LIMIT 1  [["id", 1119]]
  [1m[36mCACHE (0.0ms)[0m  [1mSELECT "places".* FROM "places" WHERE "places"."id" = $1 LIMIT 1[0m  [["id", 45]]
  [1m[35mCACHE (0.0ms)[0m  SELECT "places".* FROM "places" WHERE "places"."id" = 769 LIMIT 1
  [1m[36mCACHE (0.0ms)[0m  [1mselect * from routes where startplace_id = 769[0m
  [1m[35mCACHE (0.0ms)[0m  select * from routes where endplace_id = 769
  [1m[36mCACHE (0.0ms)[0m  [1mSELECT "places".* FROM "places" WHERE "places"."id" = $1 LIMIT 1[0m  [["id", 769]]
  [1m[35mCACHE (0.0ms)[0m  SELECT "places".* FROM "places" WHERE "places"."id" = $1 LIMIT 1  [["id", 1125]]
  [1m[36mCACHE (0.0ms)[0m  [1mSELECT "places".* FROM "places" WHERE "places"."id" = $1 LIMIT 1[0m  [["id", 1126]]
  [1m[35mCACHE (0.0ms)[0m  SELECT "places".* FROM "places" WHERE "places"."id" = 976 LIMIT 1
  [1m[36mCACHE (0.0ms)[0m  [1mselect * from routes where startplace_id = 976[0m
  [1m[35mCACHE (0.0ms)[0m  select * from routes where endplace_id = 976
  [1m[36mCACHE (0.0ms)[0m  [1mSELECT "places".* FROM "places" WHERE "places"."id" = $1 LIMIT 1[0m  [["id", 976]]
  [1m[35mCACHE (0.0ms)[0m  SELECT "places".* FROM "places" WHERE "places"."id" = $1 LIMIT 1  [["id", 1121]]
  [1m[36mCACHE (0.0ms)[0m  [1mSELECT "places".* FROM "places" WHERE "places"."id" = $1 LIMIT 1[0m  [["id", 976]]
  [1m[35mCACHE (0.0ms)[0m  SELECT "places".* FROM "places" WHERE "places"."id" = $1 LIMIT 1  [["id", 1119]]
  [1m[36mCACHE (0.0ms)[0m  [1mSELECT "places".* FROM "places" WHERE "places"."id" = $1 LIMIT 1[0m  [["id", 45]]
  [1m[35mPlace Load (0.3ms)[0m  SELECT "places".* FROM "places" WHERE "places"."id" = 1132 LIMIT 1
  [1m[36mRoute Load (0.3ms)[0m  [1mselect * from routes where startplace_id = 1132[0m
  [1m[35mRoute Load (0.2ms)[0m  select * from routes where endplace_id = 1132
  [1m[36mCACHE (0.0ms)[0m  [1mSELECT "places".* FROM "places" WHERE "places"."id" = $1 LIMIT 1[0m  [["id", 1131]]
  [1m[35mCACHE (0.0ms)[0m  SELECT "places".* FROM "places" WHERE "places"."id" = 1122 LIMIT 1
  [1m[36mCACHE (0.0ms)[0m  [1mselect * from routes where startplace_id = 1122[0m
  [1m[35mCACHE (0.1ms)[0m  select * from routes where endplace_id = 1122
  [1m[36mCACHE (0.0ms)[0m  [1mSELECT "places".* FROM "places" WHERE "places"."id" = $1 LIMIT 1[0m  [["id", 1122]]
  [1m[35mCACHE (0.0ms)[0m  SELECT "places".* FROM "places" WHERE "places"."id" = $1 LIMIT 1  [["id", 975]]
  [1m[36mCACHE (0.0ms)[0m  [1mSELECT "places".* FROM "places" WHERE "places"."id" = $1 LIMIT 1[0m  [["id", 1121]]
  [1m[35mCACHE (0.0ms)[0m  SELECT "places".* FROM "places" WHERE "places"."id" = 1129 LIMIT 1
  [1m[36mCACHE (0.0ms)[0m  [1mselect * from routes where startplace_id = 1129[0m
  [1m[35mCACHE (0.0ms)[0m  select * from routes where endplace_id = 1129
  [1m[36mCACHE (0.0ms)[0m  [1mSELECT "places".* FROM "places" WHERE "places"."id" = $1 LIMIT 1[0m  [["id", 1129]]
  [1m[35mCACHE (0.0ms)[0m  SELECT "places".* FROM "places" WHERE "places"."id" = $1 LIMIT 1  [["id", 207]]
  [1m[36mCACHE (0.0ms)[0m  [1mSELECT "places".* FROM "places" WHERE "places"."id" = $1 LIMIT 1[0m  [["id", 1124]]
  [1m[35mCACHE (0.1ms)[0m  SELECT "places".* FROM "places" WHERE "places"."id" = $1 LIMIT 1  [["id", 975]]
  [1m[36mCACHE (0.0ms)[0m  [1mSELECT "places".* FROM "places" WHERE "places"."id" = 1129 LIMIT 1[0m
  [1m[35mCACHE (0.0ms)[0m  select * from routes where startplace_id = 1129
  [1m[36mCACHE (0.0ms)[0m  [1mselect * from routes where endplace_id = 1129[0m
  [1m[35mCACHE (0.0ms)[0m  SELECT "places".* FROM "places" WHERE "places"."id" = $1 LIMIT 1  [["id", 1129]]
  [1m[36mCACHE (0.0ms)[0m  [1mSELECT "places".* FROM "places" WHERE "places"."id" = $1 LIMIT 1[0m  [["id", 207]]
  [1m[35mCACHE (0.0ms)[0m  SELECT "places".* FROM "places" WHERE "places"."id" = $1 LIMIT 1  [["id", 1124]]
  [1m[36mCACHE (0.0ms)[0m  [1mSELECT "places".* FROM "places" WHERE "places"."id" = $1 LIMIT 1[0m  [["id", 975]]
  [1m[35mCACHE (0.0ms)[0m  SELECT "places".* FROM "places" WHERE "places"."id" = 45 LIMIT 1
  [1m[36mCACHE (0.0ms)[0m  [1mselect * from routes where startplace_id = 45[0m
  [1m[35mCACHE (0.0ms)[0m  select * from routes where endplace_id = 45
  [1m[36mCACHE (0.0ms)[0m  [1mSELECT "places".* FROM "places" WHERE "places"."id" = $1 LIMIT 1[0m  [["id", 45]]
  [1m[35mCACHE (0.0ms)[0m  SELECT "places".* FROM "places" WHERE "places"."id" = $1 LIMIT 1  [["id", 976]]
  [1m[36mCACHE (0.0ms)[0m  [1mSELECT "places".* FROM "places" WHERE "places"."id" = $1 LIMIT 1[0m  [["id", 650]]
  [1m[35mCACHE (0.0ms)[0m  SELECT "places".* FROM "places" WHERE "places"."id" = 45 LIMIT 1
  [1m[36mCACHE (0.0ms)[0m  [1mselect * from routes where startplace_id = 45[0m
  [1m[35mCACHE (0.0ms)[0m  select * from routes where endplace_id = 45
  [1m[36mCACHE (0.0ms)[0m  [1mSELECT "places".* FROM "places" WHERE "places"."id" = $1 LIMIT 1[0m  [["id", 45]]
  [1m[35mCACHE (0.0ms)[0m  SELECT "places".* FROM "places" WHERE "places"."id" = $1 LIMIT 1  [["id", 976]]
  [1m[36mCACHE (0.0ms)[0m  [1mSELECT "places".* FROM "places" WHERE "places"."id" = $1 LIMIT 1[0m  [["id", 650]]
  [1m[35mCACHE (0.0ms)[0m  SELECT "places".* FROM "places" WHERE "places"."id" = 1131 LIMIT 1
  [1m[36mCACHE (0.0ms)[0m  [1mselect * from routes where startplace_id = 1131[0m
  [1m[35mCACHE (0.0ms)[0m  select * from routes where endplace_id = 1131
  [1m[36mCACHE (0.0ms)[0m  [1mSELECT "places".* FROM "places" WHERE "places"."id" = $1 LIMIT 1[0m  [["id", 1131]]
  [1m[35mCACHE (0.0ms)[0m  SELECT "places".* FROM "places" WHERE "places"."id" = $1 LIMIT 1  [["id", 1132]]
  [1m[36mCACHE (0.0ms)[0m  [1mSELECT "places".* FROM "places" WHERE "places"."id" = $1 LIMIT 1[0m  [["id", 1133]]
  [1m[35mCACHE (0.0ms)[0m  SELECT "places".* FROM "places" WHERE "places"."id" = 419 LIMIT 1
  [1m[36mCACHE (0.0ms)[0m  [1mselect * from routes where startplace_id = 419[0m
  [1m[35mCACHE (0.0ms)[0m  select * from routes where endplace_id = 419
  [1m[36mCACHE (0.0ms)[0m  [1mSELECT "places".* FROM "places" WHERE "places"."id" = $1 LIMIT 1[0m  [["id", 419]]
  [1m[35mCACHE (0.0ms)[0m  SELECT "places".* FROM "places" WHERE "places"."id" = $1 LIMIT 1  [["id", 1127]]
  [1m[36mCACHE (0.0ms)[0m  [1mSELECT "places".* FROM "places" WHERE "places"."id" = $1 LIMIT 1[0m  [["id", 1128]]
  [1m[35mCACHE (0.0ms)[0m  SELECT "places".* FROM "places" WHERE "places"."id" = 45 LIMIT 1
  [1m[36mCACHE (0.0ms)[0m  [1mselect * from routes where startplace_id = 45[0m
  [1m[35mCACHE (0.0ms)[0m  select * from routes where endplace_id = 45
  [1m[36mCACHE (0.0ms)[0m  [1mSELECT "places".* FROM "places" WHERE "places"."id" = $1 LIMIT 1[0m  [["id", 45]]
  [1m[35mCACHE (0.0ms)[0m  SELECT "places".* FROM "places" WHERE "places"."id" = $1 LIMIT 1  [["id", 976]]
  [1m[36mCACHE (0.0ms)[0m  [1mSELECT "places".* FROM "places" WHERE "places"."id" = $1 LIMIT 1[0m  [["id", 650]]
  [1m[35mCACHE (0.0ms)[0m  SELECT "places".* FROM "places" WHERE "places"."id" = 1126 LIMIT 1
  [1m[36mCACHE (0.0ms)[0m  [1mselect * from routes where startplace_id = 1126[0m
  [1m[35mCACHE (0.0ms)[0m  select * from routes where endplace_id = 1126
  [1m[36mCACHE (0.0ms)[0m  [1mSELECT "places".* FROM "places" WHERE "places"."id" = $1 LIMIT 1[0m  [["id", 1126]]
  [1m[35mCACHE (0.0ms)[0m  SELECT "places".* FROM "places" WHERE "places"."id" = $1 LIMIT 1  [["id", 1130]]
  [1m[36mCACHE (0.0ms)[0m  [1mSELECT "places".* FROM "places" WHERE "places"."id" = $1 LIMIT 1[0m  [["id", 1126]]
  [1m[35mCACHE (0.0ms)[0m  SELECT "places".* FROM "places" WHERE "places"."id" = $1 LIMIT 1  [["id", 769]]
  [1m[36mCACHE (0.0ms)[0m  [1mSELECT "places".* FROM "places" WHERE "places"."id" = $1 LIMIT 1[0m  [["id", 1127]]
  [1m[35mCACHE (0.0ms)[0m  SELECT "places".* FROM "places" WHERE "places"."id" = 1121 LIMIT 1
  [1m[36mCACHE (0.0ms)[0m  [1mselect * from routes where startplace_id = 1121[0m
  [1m[35mCACHE (0.0ms)[0m  select * from routes where endplace_id = 1121
  [1m[36mCACHE (0.0ms)[0m  [1mSELECT "places".* FROM "places" WHERE "places"."id" = $1 LIMIT 1[0m  [["id", 1121]]
  [1m[35mCACHE (0.0ms)[0m  SELECT "places".* FROM "places" WHERE "places"."id" = $1 LIMIT 1  [["id", 1122]]
  [1m[36mCACHE (0.0ms)[0m  [1mSELECT "places".* FROM "places" WHERE "places"."id" = $1 LIMIT 1[0m  [["id", 976]]
BNewroutes
827
{:place=>974, :route=>[272, 22, 218, 217, 216, 214, 213], :url=>"xrv211xrv213xrv214xrv216xrv217xrv218xrv22xrv272"}
{:place=>769, :route=>[-227, 240, 239, 272, 22, 218, 217, 216, 214, 213], :url=>"xrv211xrv213xrv214xrv216xrv217xrv218xrv22xrv272xrv239xrv240xrv-227"}
{:place=>1125, :route=>[225, 223, 224, 272, 22, 218, 217, 216, 214, 213], :url=>"xrv211xrv213xrv214xrv216xrv217xrv218xrv22xrv272xrv224xrv223xrv225"}
{:place=>207, :route=>[-235, -237, 224, 272, 22, 218, 217, 216, 214, 213], :url=>"xrv211xrv213xrv214xrv216xrv217xrv218xrv22xrv272xrv224xrv-237xrv-235"}
{:place=>419, :route=>[229, 228, 240, 239, 272, 22, 218, 217, 216, 214, 213], :url=>"xrv211xrv213xrv214xrv216xrv217xrv218xrv22xrv272xrv239xrv240xrv228xrv229"}
{:place=>1125, :route=>[-226, -227, 240, 239, 272, 22, 218, 217, 216, 214, 213], :url=>"xrv211xrv213xrv214xrv216xrv217xrv218xrv22xrv272xrv239xrv240xrv-227xrv-226"}
{:place=>769, :route=>[226, 225, 223, 224, 272, 22, 218, 217, 216, 214, 213], :url=>"xrv211xrv213xrv214xrv216xrv217xrv218xrv22xrv272xrv224xrv223xrv225xrv226"}
{:place=>650, :route=>[-234, -235, -237, 224, 272, 22, 218, 217, 216, 214, 213], :url=>"xrv211xrv213xrv214xrv216xrv217xrv218xrv22xrv272xrv224xrv-237xrv-235xrv-234"}
{:place=>1128, :route=>[230, 229, 228, 240, 239, 272, 22, 218, 217, 216, 214, 213], :url=>"xrv211xrv213xrv214xrv216xrv217xrv218xrv22xrv272xrv239xrv240xrv228xrv229xrv230"}
{:place=>207, :route=>[-235, -238, 222, 223, 224, 272, 22, 218, 217, 216, 214, 213], :url=>"xrv211xrv213xrv214xrv216xrv217xrv218xrv22xrv272xrv224xrv223xrv222xrv-238xrv-235"}
{:place=>1125, :route=>[225, -222, 238, -237, 224, 272, 22, 218, 217, 216, 214, 213], :url=>"xrv211xrv213xrv214xrv216xrv217xrv218xrv22xrv272xrv224xrv-237xrv238xrv-222xrv225"}
{:place=>45, :route=>[-233, -234, -235, -237, 224, 272, 22, 218, 217, 216, 214, 213], :url=>"xrv211xrv213xrv214xrv216xrv217xrv218xrv22xrv272xrv224xrv-237xrv-235xrv-234xrv-233"}
{:place=>976, :route=>[220, 21, 221, 222, 223, 224, 272, 22, 218, 217, 216, 214, 213], :url=>"xrv211xrv213xrv214xrv216xrv217xrv218xrv22xrv272xrv224xrv223xrv222xrv221xrv21xrv220"}
{:place=>650, :route=>[-234, -235, -238, 222, 223, 224, 272, 22, 218, 217, 216, 214, 213], :url=>"xrv211xrv213xrv214xrv216xrv217xrv218xrv22xrv272xrv224xrv223xrv222xrv-238xrv-235xrv-234"}
{:place=>976, :route=>[220, 21, 221, 238, -237, 224, 272, 22, 218, 217, 216, 214, 213], :url=>"xrv211xrv213xrv214xrv216xrv217xrv218xrv22xrv272xrv224xrv-237xrv238xrv221xrv21xrv220"}
{:place=>769, :route=>[226, 225, -222, 238, -237, 224, 272, 22, 218, 217, 216, 214, 213], :url=>"xrv211xrv213xrv214xrv216xrv217xrv218xrv22xrv272xrv224xrv-237xrv238xrv-222xrv225xrv226"}
{:place=>976, :route=>[-231, -233, -234, -235, -237, 224, 272, 22, 218, 217, 216, 214, 213], :url=>"xrv211xrv213xrv214xrv216xrv217xrv218xrv22xrv272xrv224xrv-237xrv-235xrv-234xrv-233xrv-231"}
{:place=>1132, :route=>[-241, -242, -243, -235, -237, 224, 272, 22, 218, 217, 216, 214, 213], :url=>"xrv211xrv213xrv214xrv216xrv217xrv218xrv22xrv272xrv224xrv-237xrv-235xrv-243xrv-242xrv-241"}
{:place=>45, :route=>[231, 220, 21, 221, 222, 223, 224, 272, 22, 218, 217, 216, 214, 213], :url=>"xrv211xrv213xrv214xrv216xrv217xrv218xrv22xrv272xrv224xrv223xrv222xrv221xrv21xrv220xrv231"}
{:place=>45, :route=>[-233, -234, -235, -238, 222, 223, 224, 272, 22, 218, 217, 216, 214, 213], :url=>"xrv211xrv213xrv214xrv216xrv217xrv218xrv22xrv272xrv224xrv223xrv222xrv-238xrv-235xrv-234xrv-233"}
{:place=>419, :route=>[229, 228, 227, 226, 225, 223, 224, 272, 22, 218, 217, 216, 214, 213], :url=>"xrv211xrv213xrv214xrv216xrv217xrv218xrv22xrv272xrv224xrv223xrv225xrv226xrv227xrv228xrv229"}
{:place=>1130, :route=>[-240, 227, 226, 225, 223, 224, 272, 22, 218, 217, 216, 214, 213], :url=>"xrv211xrv213xrv214xrv216xrv217xrv218xrv22xrv272xrv224xrv223xrv225xrv226xrv227xrv-240"}
{:place=>45, :route=>[231, 220, 21, 221, 238, -237, 224, 272, 22, 218, 217, 216, 214, 213], :url=>"xrv211xrv213xrv214xrv216xrv217xrv218xrv22xrv272xrv224xrv-237xrv238xrv221xrv21xrv220xrv231"}
{:place=>207, :route=>[-235, -238, 222, -225, -226, -227, 240, 239, 272, 22, 218, 217, 216, 214, 213], :url=>"xrv211xrv213xrv214xrv216xrv217xrv218xrv22xrv272xrv239xrv240xrv-227xrv-226xrv-225xrv222xrv-238xrv-235"}
{:place=>207, :route=>[-235, -237, -223, -225, -226, -227, 240, 239, 272, 22, 218, 217, 216, 214, 213], :url=>"xrv211xrv213xrv214xrv216xrv217xrv218xrv22xrv272xrv239xrv240xrv-227xrv-226xrv-225xrv-223xrv-237xrv-235"}
{:place=>650, :route=>[233, 231, 220, 21, 221, 222, 223, 224, 272, 22, 218, 217, 216, 214, 213], :url=>"xrv211xrv213xrv214xrv216xrv217xrv218xrv22xrv272xrv224xrv223xrv222xrv221xrv21xrv220xrv231xrv233"}
{:place=>976, :route=>[-231, -233, -234, -235, -238, 222, 223, 224, 272, 22, 218, 217, 216, 214, 213], :url=>"xrv211xrv213xrv214xrv216xrv217xrv218xrv22xrv272xrv224xrv223xrv222xrv-238xrv-235xrv-234xrv-233xrv-231"}
{:place=>1132, :route=>[-241, -242, -243, -235, -238, 222, 223, 224, 272, 22, 218, 217, 216, 214, 213], :url=>"xrv211xrv213xrv214xrv216xrv217xrv218xrv22xrv272xrv224xrv223xrv222xrv-238xrv-235xrv-243xrv-242xrv-241"}
{:place=>1128, :route=>[230, 229, 228, 227, 226, 225, 223, 224, 272, 22, 218, 217, 216, 214, 213], :url=>"xrv211xrv213xrv214xrv216xrv217xrv218xrv22xrv272xrv224xrv223xrv225xrv226xrv227xrv228xrv229xrv230"}
{:place=>650, :route=>[233, 231, 220, 21, 221, 238, -237, 224, 272, 22, 218, 217, 216, 214, 213], :url=>"xrv211xrv213xrv214xrv216xrv217xrv218xrv22xrv272xrv224xrv-237xrv238xrv221xrv21xrv220xrv231xrv233"}
  [1m[35mCACHE (0.0ms)[0m  SELECT "places".* FROM "places" WHERE "places"."id" = 974 LIMIT 1
  [1m[36m (1.6ms)[0m  [1mSELECT COUNT(*) FROM "route_indices" WHERE (url = 'xrv211xrv213xrv214xrv216xrv217xrv218xrv22xrv272')[0m
  [1m[35mPlaceType Load (0.2ms)[0m  select * from place_types where name='Roadend'
  [1m[36mSQL (0.7ms)[0m  [1mINSERT INTO "route_indices" ("created_at", "endplace_id", "isDest", "startplace_id", "updated_at", "url") VALUES ($1, $2, $3, $4, $5, $6) RETURNING "id"[0m  [["created_at", Mon, 27 Oct 2014 10:08:09 NZDT +13:00], ["endplace_id", 974], ["isDest", true], ["startplace_id", 827], ["updated_at", Mon, 27 Oct 2014 10:08:09 NZDT +13:00], ["url", "xrv211xrv213xrv214xrv216xrv217xrv218xrv22xrv272"]]
  [1m[35mPlace Load (0.3ms)[0m  SELECT "places".* FROM "places" WHERE "places"."id" = 769 LIMIT 1
  [1m[36m (1.1ms)[0m  [1mSELECT COUNT(*) FROM "route_indices" WHERE (url = 'xrv211xrv213xrv214xrv216xrv217xrv218xrv22xrv272xrv239xrv240xrv-227')[0m
  [1m[35mPlaceType Load (0.2ms)[0m  select * from place_types where name='Hut'
  [1m[36mSQL (0.4ms)[0m  [1mINSERT INTO "route_indices" ("created_at", "endplace_id", "isDest", "startplace_id", "updated_at", "url") VALUES ($1, $2, $3, $4, $5, $6) RETURNING "id"[0m  [["created_at", Mon, 27 Oct 2014 10:08:09 NZDT +13:00], ["endplace_id", 769], ["isDest", true], ["startplace_id", 827], ["updated_at", Mon, 27 Oct 2014 10:08:09 NZDT +13:00], ["url", "xrv211xrv213xrv214xrv216xrv217xrv218xrv22xrv272xrv239xrv240xrv-227"]]
  [1m[35mPlace Load (0.3ms)[0m  SELECT "places".* FROM "places" WHERE "places"."id" = 1125 LIMIT 1
  [1m[36m (1.0ms)[0m  [1mSELECT COUNT(*) FROM "route_indices" WHERE (url = 'xrv211xrv213xrv214xrv216xrv217xrv218xrv22xrv272xrv224xrv223xrv225')[0m
  [1m[35mPlaceType Load (0.2ms)[0m  select * from place_types where name='Campsite'
  [1m[36mSQL (0.3ms)[0m  [1mINSERT INTO "route_indices" ("created_at", "endplace_id", "isDest", "startplace_id", "updated_at", "url") VALUES ($1, $2, $3, $4, $5, $6) RETURNING "id"[0m  [["created_at", Mon, 27 Oct 2014 10:08:09 NZDT +13:00], ["endplace_id", 1125], ["isDest", true], ["startplace_id", 827], ["updated_at", Mon, 27 Oct 2014 10:08:09 NZDT +13:00], ["url", "xrv211xrv213xrv214xrv216xrv217xrv218xrv22xrv272xrv224xrv223xrv225"]]
  [1m[35mPlace Load (0.3ms)[0m  SELECT "places".* FROM "places" WHERE "places"."id" = 207 LIMIT 1
  [1m[36m (1.0ms)[0m  [1mSELECT COUNT(*) FROM "route_indices" WHERE (url = 'xrv211xrv213xrv214xrv216xrv217xrv218xrv22xrv272xrv224xrv-237xrv-235')[0m
  [1m[35mPlaceType Load (0.2ms)[0m  select * from place_types where name='Hut'
  [1m[36mSQL (0.4ms)[0m  [1mINSERT INTO "route_indices" ("created_at", "endplace_id", "isDest", "startplace_id", "updated_at", "url") VALUES ($1, $2, $3, $4, $5, $6) RETURNING "id"[0m  [["created_at", Mon, 27 Oct 2014 10:08:09 NZDT +13:00], ["endplace_id", 207], ["isDest", true], ["startplace_id", 827], ["updated_at", Mon, 27 Oct 2014 10:08:09 NZDT +13:00], ["url", "xrv211xrv213xrv214xrv216xrv217xrv218xrv22xrv272xrv224xrv-237xrv-235"]]
  [1m[35mPlace Load (0.2ms)[0m  SELECT "places".* FROM "places" WHERE "places"."id" = 419 LIMIT 1
  [1m[36m (1.1ms)[0m  [1mSELECT COUNT(*) FROM "route_indices" WHERE (url = 'xrv211xrv213xrv214xrv216xrv217xrv218xrv22xrv272xrv239xrv240xrv228xrv229')[0m
  [1m[35mPlaceType Load (0.2ms)[0m  select * from place_types where name='Hut'
  [1m[36mSQL (0.4ms)[0m  [1mINSERT INTO "route_indices" ("created_at", "endplace_id", "isDest", "startplace_id", "updated_at", "url") VALUES ($1, $2, $3, $4, $5, $6) RETURNING "id"[0m  [["created_at", Mon, 27 Oct 2014 10:08:09 NZDT +13:00], ["endplace_id", 419], ["isDest", true], ["startplace_id", 827], ["updated_at", Mon, 27 Oct 2014 10:08:09 NZDT +13:00], ["url", "xrv211xrv213xrv214xrv216xrv217xrv218xrv22xrv272xrv239xrv240xrv228xrv229"]]
  [1m[35mPlace Load (0.3ms)[0m  SELECT "places".* FROM "places" WHERE "places"."id" = 1125 LIMIT 1
  [1m[36m (1.1ms)[0m  [1mSELECT COUNT(*) FROM "route_indices" WHERE (url = 'xrv211xrv213xrv214xrv216xrv217xrv218xrv22xrv272xrv239xrv240xrv-227xrv-226')[0m
  [1m[35mPlaceType Load (0.2ms)[0m  select * from place_types where name='Campsite'
  [1m[36mSQL (0.4ms)[0m  [1mINSERT INTO "route_indices" ("created_at", "endplace_id", "isDest", "startplace_id", "updated_at", "url") VALUES ($1, $2, $3, $4, $5, $6) RETURNING "id"[0m  [["created_at", Mon, 27 Oct 2014 10:08:09 NZDT +13:00], ["endplace_id", 1125], ["isDest", true], ["startplace_id", 827], ["updated_at", Mon, 27 Oct 2014 10:08:09 NZDT +13:00], ["url", "xrv211xrv213xrv214xrv216xrv217xrv218xrv22xrv272xrv239xrv240xrv-227xrv-226"]]
  [1m[35mPlace Load (0.3ms)[0m  SELECT "places".* FROM "places" WHERE "places"."id" = 769 LIMIT 1
  [1m[36m (1.0ms)[0m  [1mSELECT COUNT(*) FROM "route_indices" WHERE (url = 'xrv211xrv213xrv214xrv216xrv217xrv218xrv22xrv272xrv224xrv223xrv225xrv226')[0m
  [1m[35mPlaceType Load (0.2ms)[0m  select * from place_types where name='Hut'
  [1m[36mSQL (0.4ms)[0m  [1mINSERT INTO "route_indices" ("created_at", "endplace_id", "isDest", "startplace_id", "updated_at", "url") VALUES ($1, $2, $3, $4, $5, $6) RETURNING "id"[0m  [["created_at", Mon, 27 Oct 2014 10:08:09 NZDT +13:00], ["endplace_id", 769], ["isDest", true], ["startplace_id", 827], ["updated_at", Mon, 27 Oct 2014 10:08:09 NZDT +13:00], ["url", "xrv211xrv213xrv214xrv216xrv217xrv218xrv22xrv272xrv224xrv223xrv225xrv226"]]
  [1m[35mPlace Load (0.3ms)[0m  SELECT "places".* FROM "places" WHERE "places"."id" = 650 LIMIT 1
  [1m[36m (1.1ms)[0m  [1mSELECT COUNT(*) FROM "route_indices" WHERE (url = 'xrv211xrv213xrv214xrv216xrv217xrv218xrv22xrv272xrv224xrv-237xrv-235xrv-234')[0m
  [1m[35mPlaceType Load (0.2ms)[0m  select * from place_types where name='Hut'
  [1m[36mSQL (0.4ms)[0m  [1mINSERT INTO "route_indices" ("created_at", "endplace_id", "isDest", "startplace_id", "updated_at", "url") VALUES ($1, $2, $3, $4, $5, $6) RETURNING "id"[0m  [["created_at", Mon, 27 Oct 2014 10:08:09 NZDT +13:00], ["endplace_id", 650], ["isDest", true], ["startplace_id", 827], ["updated_at", Mon, 27 Oct 2014 10:08:09 NZDT +13:00], ["url", "xrv211xrv213xrv214xrv216xrv217xrv218xrv22xrv272xrv224xrv-237xrv-235xrv-234"]]
  [1m[35mPlace Load (0.3ms)[0m  SELECT "places".* FROM "places" WHERE "places"."id" = 1128 LIMIT 1
  [1m[36m (1.1ms)[0m  [1mSELECT COUNT(*) FROM "route_indices" WHERE (url = 'xrv211xrv213xrv214xrv216xrv217xrv218xrv22xrv272xrv239xrv240xrv228xrv229xrv230')[0m
  [1m[35mPlaceType Load (0.3ms)[0m  select * from place_types where name='Roadend'
  [1m[36mSQL (0.4ms)[0m  [1mINSERT INTO "route_indices" ("created_at", "endplace_id", "isDest", "startplace_id", "updated_at", "url") VALUES ($1, $2, $3, $4, $5, $6) RETURNING "id"[0m  [["created_at", Mon, 27 Oct 2014 10:08:09 NZDT +13:00], ["endplace_id", 1128], ["isDest", true], ["startplace_id", 827], ["updated_at", Mon, 27 Oct 2014 10:08:09 NZDT +13:00], ["url", "xrv211xrv213xrv214xrv216xrv217xrv218xrv22xrv272xrv239xrv240xrv228xrv229xrv230"]]
  [1m[35mPlace Load (0.3ms)[0m  SELECT "places".* FROM "places" WHERE "places"."id" = 207 LIMIT 1
  [1m[36m (1.0ms)[0m  [1mSELECT COUNT(*) FROM "route_indices" WHERE (url = 'xrv211xrv213xrv214xrv216xrv217xrv218xrv22xrv272xrv224xrv223xrv222xrv-238xrv-235')[0m
  [1m[35mPlaceType Load (0.2ms)[0m  select * from place_types where name='Hut'
  [1m[36mSQL (0.4ms)[0m  [1mINSERT INTO "route_indices" ("created_at", "endplace_id", "isDest", "startplace_id", "updated_at", "url") VALUES ($1, $2, $3, $4, $5, $6) RETURNING "id"[0m  [["created_at", Mon, 27 Oct 2014 10:08:09 NZDT +13:00], ["endplace_id", 207], ["isDest", true], ["startplace_id", 827], ["updated_at", Mon, 27 Oct 2014 10:08:09 NZDT +13:00], ["url", "xrv211xrv213xrv214xrv216xrv217xrv218xrv22xrv272xrv224xrv223xrv222xrv-238xrv-235"]]
  [1m[35mPlace Load (0.3ms)[0m  SELECT "places".* FROM "places" WHERE "places"."id" = 1125 LIMIT 1
  [1m[36m (1.0ms)[0m  [1mSELECT COUNT(*) FROM "route_indices" WHERE (url = 'xrv211xrv213xrv214xrv216xrv217xrv218xrv22xrv272xrv224xrv-237xrv238xrv-222xrv225')[0m
  [1m[35mPlaceType Load (0.2ms)[0m  select * from place_types where name='Campsite'
  [1m[36mSQL (0.4ms)[0m  [1mINSERT INTO "route_indices" ("created_at", "endplace_id", "isDest", "startplace_id", "updated_at", "url") VALUES ($1, $2, $3, $4, $5, $6) RETURNING "id"[0m  [["created_at", Mon, 27 Oct 2014 10:08:09 NZDT +13:00], ["endplace_id", 1125], ["isDest", true], ["startplace_id", 827], ["updated_at", Mon, 27 Oct 2014 10:08:09 NZDT +13:00], ["url", "xrv211xrv213xrv214xrv216xrv217xrv218xrv22xrv272xrv224xrv-237xrv238xrv-222xrv225"]]
  [1m[35mPlace Load (0.3ms)[0m  SELECT "places".* FROM "places" WHERE "places"."id" = 45 LIMIT 1
  [1m[36m (1.1ms)[0m  [1mSELECT COUNT(*) FROM "route_indices" WHERE (url = 'xrv211xrv213xrv214xrv216xrv217xrv218xrv22xrv272xrv224xrv-237xrv-235xrv-234xrv-233')[0m
  [1m[35mPlaceType Load (0.2ms)[0m  select * from place_types where name='Hut'
  [1m[36mSQL (0.4ms)[0m  [1mINSERT INTO "route_indices" ("created_at", "endplace_id", "isDest", "startplace_id", "updated_at", "url") VALUES ($1, $2, $3, $4, $5, $6) RETURNING "id"[0m  [["created_at", Mon, 27 Oct 2014 10:08:09 NZDT +13:00], ["endplace_id", 45], ["isDest", true], ["startplace_id", 827], ["updated_at", Mon, 27 Oct 2014 10:08:09 NZDT +13:00], ["url", "xrv211xrv213xrv214xrv216xrv217xrv218xrv22xrv272xrv224xrv-237xrv-235xrv-234xrv-233"]]
  [1m[35mPlace Load (0.3ms)[0m  SELECT "places".* FROM "places" WHERE "places"."id" = 976 LIMIT 1
  [1m[36m (1.0ms)[0m  [1mSELECT COUNT(*) FROM "route_indices" WHERE (url = 'xrv211xrv213xrv214xrv216xrv217xrv218xrv22xrv272xrv224xrv223xrv222xrv221xrv21xrv220')[0m
  [1m[35mPlaceType Load (0.2ms)[0m  select * from place_types where name='Summit'
  [1m[36mSQL (0.4ms)[0m  [1mINSERT INTO "route_indices" ("created_at", "endplace_id", "isDest", "startplace_id", "updated_at", "url") VALUES ($1, $2, $3, $4, $5, $6) RETURNING "id"[0m  [["created_at", Mon, 27 Oct 2014 10:08:09 NZDT +13:00], ["endplace_id", 976], ["isDest", true], ["startplace_id", 827], ["updated_at", Mon, 27 Oct 2014 10:08:09 NZDT +13:00], ["url", "xrv211xrv213xrv214xrv216xrv217xrv218xrv22xrv272xrv224xrv223xrv222xrv221xrv21xrv220"]]
  [1m[35mPlace Load (0.3ms)[0m  SELECT "places".* FROM "places" WHERE "places"."id" = 650 LIMIT 1
  [1m[36m (1.0ms)[0m  [1mSELECT COUNT(*) FROM "route_indices" WHERE (url = 'xrv211xrv213xrv214xrv216xrv217xrv218xrv22xrv272xrv224xrv223xrv222xrv-238xrv-235xrv-234')[0m
  [1m[35mPlaceType Load (0.2ms)[0m  select * from place_types where name='Hut'
  [1m[36mSQL (0.4ms)[0m  [1mINSERT INTO "route_indices" ("created_at", "endplace_id", "isDest", "startplace_id", "updated_at", "url") VALUES ($1, $2, $3, $4, $5, $6) RETURNING "id"[0m  [["created_at", Mon, 27 Oct 2014 10:08:09 NZDT +13:00], ["endplace_id", 650], ["isDest", true], ["startplace_id", 827], ["updated_at", Mon, 27 Oct 2014 10:08:09 NZDT +13:00], ["url", "xrv211xrv213xrv214xrv216xrv217xrv218xrv22xrv272xrv224xrv223xrv222xrv-238xrv-235xrv-234"]]
  [1m[35mPlace Load (0.3ms)[0m  SELECT "places".* FROM "places" WHERE "places"."id" = 976 LIMIT 1
  [1m[36m (1.2ms)[0m  [1mSELECT COUNT(*) FROM "route_indices" WHERE (url = 'xrv211xrv213xrv214xrv216xrv217xrv218xrv22xrv272xrv224xrv-237xrv238xrv221xrv21xrv220')[0m
  [1m[35mPlaceType Load (0.2ms)[0m  select * from place_types where name='Summit'
  [1m[36mSQL (0.4ms)[0m  [1mINSERT INTO "route_indices" ("created_at", "endplace_id", "isDest", "startplace_id", "updated_at", "url") VALUES ($1, $2, $3, $4, $5, $6) RETURNING "id"[0m  [["created_at", Mon, 27 Oct 2014 10:08:09 NZDT +13:00], ["endplace_id", 976], ["isDest", true], ["startplace_id", 827], ["updated_at", Mon, 27 Oct 2014 10:08:09 NZDT +13:00], ["url", "xrv211xrv213xrv214xrv216xrv217xrv218xrv22xrv272xrv224xrv-237xrv238xrv221xrv21xrv220"]]
  [1m[35mPlace Load (0.3ms)[0m  SELECT "places".* FROM "places" WHERE "places"."id" = 769 LIMIT 1
  [1m[36m (1.1ms)[0m  [1mSELECT COUNT(*) FROM "route_indices" WHERE (url = 'xrv211xrv213xrv214xrv216xrv217xrv218xrv22xrv272xrv224xrv-237xrv238xrv-222xrv225xrv226')[0m
  [1m[35mPlaceType Load (0.2ms)[0m  select * from place_types where name='Hut'
  [1m[36mSQL (0.4ms)[0m  [1mINSERT INTO "route_indices" ("created_at", "endplace_id", "isDest", "startplace_id", "updated_at", "url") VALUES ($1, $2, $3, $4, $5, $6) RETURNING "id"[0m  [["created_at", Mon, 27 Oct 2014 10:08:09 NZDT +13:00], ["endplace_id", 769], ["isDest", true], ["startplace_id", 827], ["updated_at", Mon, 27 Oct 2014 10:08:09 NZDT +13:00], ["url", "xrv211xrv213xrv214xrv216xrv217xrv218xrv22xrv272xrv224xrv-237xrv238xrv-222xrv225xrv226"]]
  [1m[35mPlace Load (0.3ms)[0m  SELECT "places".* FROM "places" WHERE "places"."id" = 976 LIMIT 1
  [1m[36m (1.0ms)[0m  [1mSELECT COUNT(*) FROM "route_indices" WHERE (url = 'xrv211xrv213xrv214xrv216xrv217xrv218xrv22xrv272xrv224xrv-237xrv-235xrv-234xrv-233xrv-231')[0m
  [1m[35mPlaceType Load (0.2ms)[0m  select * from place_types where name='Summit'
  [1m[36mSQL (0.4ms)[0m  [1mINSERT INTO "route_indices" ("created_at", "endplace_id", "isDest", "startplace_id", "updated_at", "url") VALUES ($1, $2, $3, $4, $5, $6) RETURNING "id"[0m  [["created_at", Mon, 27 Oct 2014 10:08:09 NZDT +13:00], ["endplace_id", 976], ["isDest", true], ["startplace_id", 827], ["updated_at", Mon, 27 Oct 2014 10:08:09 NZDT +13:00], ["url", "xrv211xrv213xrv214xrv216xrv217xrv218xrv22xrv272xrv224xrv-237xrv-235xrv-234xrv-233xrv-231"]]
  [1m[35mPlace Load (0.3ms)[0m  SELECT "places".* FROM "places" WHERE "places"."id" = 1132 LIMIT 1
  [1m[36m (1.0ms)[0m  [1mSELECT COUNT(*) FROM "route_indices" WHERE (url = 'xrv211xrv213xrv214xrv216xrv217xrv218xrv22xrv272xrv224xrv-237xrv-235xrv-243xrv-242xrv-241')[0m
  [1m[35mPlaceType Load (0.2ms)[0m  select * from place_types where name='Campsite'
  [1m[36mSQL (0.4ms)[0m  [1mINSERT INTO "route_indices" ("created_at", "endplace_id", "isDest", "startplace_id", "updated_at", "url") VALUES ($1, $2, $3, $4, $5, $6) RETURNING "id"[0m  [["created_at", Mon, 27 Oct 2014 10:08:09 NZDT +13:00], ["endplace_id", 1132], ["isDest", true], ["startplace_id", 827], ["updated_at", Mon, 27 Oct 2014 10:08:09 NZDT +13:00], ["url", "xrv211xrv213xrv214xrv216xrv217xrv218xrv22xrv272xrv224xrv-237xrv-235xrv-243xrv-242xrv-241"]]
  [1m[35mPlace Load (0.3ms)[0m  SELECT "places".* FROM "places" WHERE "places"."id" = 45 LIMIT 1
  [1m[36m (1.1ms)[0m  [1mSELECT COUNT(*) FROM "route_indices" WHERE (url = 'xrv211xrv213xrv214xrv216xrv217xrv218xrv22xrv272xrv224xrv223xrv222xrv221xrv21xrv220xrv231')[0m
  [1m[35mPlaceType Load (0.2ms)[0m  select * from place_types where name='Hut'
  [1m[36mSQL (0.4ms)[0m  [1mINSERT INTO "route_indices" ("created_at", "endplace_id", "isDest", "startplace_id", "updated_at", "url") VALUES ($1, $2, $3, $4, $5, $6) RETURNING "id"[0m  [["created_at", Mon, 27 Oct 2014 10:08:09 NZDT +13:00], ["endplace_id", 45], ["isDest", true], ["startplace_id", 827], ["updated_at", Mon, 27 Oct 2014 10:08:09 NZDT +13:00], ["url", "xrv211xrv213xrv214xrv216xrv217xrv218xrv22xrv272xrv224xrv223xrv222xrv221xrv21xrv220xrv231"]]
  [1m[35mPlace Load (0.2ms)[0m  SELECT "places".* FROM "places" WHERE "places"."id" = 45 LIMIT 1
  [1m[36m (1.1ms)[0m  [1mSELECT COUNT(*) FROM "route_indices" WHERE (url = 'xrv211xrv213xrv214xrv216xrv217xrv218xrv22xrv272xrv224xrv223xrv222xrv-238xrv-235xrv-234xrv-233')[0m
  [1m[35mPlaceType Load (0.2ms)[0m  select * from place_types where name='Hut'
  [1m[36mSQL (0.4ms)[0m  [1mINSERT INTO "route_indices" ("created_at", "endplace_id", "isDest", "startplace_id", "updated_at", "url") VALUES ($1, $2, $3, $4, $5, $6) RETURNING "id"[0m  [["created_at", Mon, 27 Oct 2014 10:08:09 NZDT +13:00], ["endplace_id", 45], ["isDest", true], ["startplace_id", 827], ["updated_at", Mon, 27 Oct 2014 10:08:09 NZDT +13:00], ["url", "xrv211xrv213xrv214xrv216xrv217xrv218xrv22xrv272xrv224xrv223xrv222xrv-238xrv-235xrv-234xrv-233"]]
  [1m[35mPlace Load (0.3ms)[0m  SELECT "places".* FROM "places" WHERE "places"."id" = 419 LIMIT 1
  [1m[36m (1.1ms)[0m  [1mSELECT COUNT(*) FROM "route_indices" WHERE (url = 'xrv211xrv213xrv214xrv216xrv217xrv218xrv22xrv272xrv224xrv223xrv225xrv226xrv227xrv228xrv229')[0m
  [1m[35mPlaceType Load (0.2ms)[0m  select * from place_types where name='Hut'
  [1m[36mSQL (0.4ms)[0m  [1mINSERT INTO "route_indices" ("created_at", "endplace_id", "isDest", "startplace_id", "updated_at", "url") VALUES ($1, $2, $3, $4, $5, $6) RETURNING "id"[0m  [["created_at", Mon, 27 Oct 2014 10:08:09 NZDT +13:00], ["endplace_id", 419], ["isDest", true], ["startplace_id", 827], ["updated_at", Mon, 27 Oct 2014 10:08:09 NZDT +13:00], ["url", "xrv211xrv213xrv214xrv216xrv217xrv218xrv22xrv272xrv224xrv223xrv225xrv226xrv227xrv228xrv229"]]
  [1m[35mPlace Load (0.3ms)[0m  SELECT "places".* FROM "places" WHERE "places"."id" = 1130 LIMIT 1
  [1m[36m (1.0ms)[0m  [1mSELECT COUNT(*) FROM "route_indices" WHERE (url = 'xrv211xrv213xrv214xrv216xrv217xrv218xrv22xrv272xrv224xrv223xrv225xrv226xrv227xrv-240')[0m
  [1m[35mPlaceType Load (0.2ms)[0m  select * from place_types where name='Junction'
  [1m[36mSQL (0.3ms)[0m  [1mINSERT INTO "route_indices" ("created_at", "endplace_id", "isDest", "startplace_id", "updated_at", "url") VALUES ($1, $2, $3, $4, $5, $6) RETURNING "id"[0m  [["created_at", Mon, 27 Oct 2014 10:08:09 NZDT +13:00], ["endplace_id", 1130], ["isDest", false], ["startplace_id", 827], ["updated_at", Mon, 27 Oct 2014 10:08:09 NZDT +13:00], ["url", "xrv211xrv213xrv214xrv216xrv217xrv218xrv22xrv272xrv224xrv223xrv225xrv226xrv227xrv-240"]]
  [1m[35mPlace Load (0.3ms)[0m  SELECT "places".* FROM "places" WHERE "places"."id" = 45 LIMIT 1
  [1m[36m (1.0ms)[0m  [1mSELECT COUNT(*) FROM "route_indices" WHERE (url = 'xrv211xrv213xrv214xrv216xrv217xrv218xrv22xrv272xrv224xrv-237xrv238xrv221xrv21xrv220xrv231')[0m
  [1m[35mPlaceType Load (0.2ms)[0m  select * from place_types where name='Hut'
  [1m[36mSQL (0.3ms)[0m  [1mINSERT INTO "route_indices" ("created_at", "endplace_id", "isDest", "startplace_id", "updated_at", "url") VALUES ($1, $2, $3, $4, $5, $6) RETURNING "id"[0m  [["created_at", Mon, 27 Oct 2014 10:08:09 NZDT +13:00], ["endplace_id", 45], ["isDest", true], ["startplace_id", 827], ["updated_at", Mon, 27 Oct 2014 10:08:09 NZDT +13:00], ["url", "xrv211xrv213xrv214xrv216xrv217xrv218xrv22xrv272xrv224xrv-237xrv238xrv221xrv21xrv220xrv231"]]
  [1m[35mPlace Load (0.3ms)[0m  SELECT "places".* FROM "places" WHERE "places"."id" = 207 LIMIT 1
  [1m[36m (1.0ms)[0m  [1mSELECT COUNT(*) FROM "route_indices" WHERE (url = 'xrv211xrv213xrv214xrv216xrv217xrv218xrv22xrv272xrv239xrv240xrv-227xrv-226xrv-225xrv222xrv-238xrv-235')[0m
  [1m[35mPlaceType Load (0.2ms)[0m  select * from place_types where name='Hut'
  [1m[36mSQL (0.4ms)[0m  [1mINSERT INTO "route_indices" ("created_at", "endplace_id", "isDest", "startplace_id", "updated_at", "url") VALUES ($1, $2, $3, $4, $5, $6) RETURNING "id"[0m  [["created_at", Mon, 27 Oct 2014 10:08:09 NZDT +13:00], ["endplace_id", 207], ["isDest", true], ["startplace_id", 827], ["updated_at", Mon, 27 Oct 2014 10:08:09 NZDT +13:00], ["url", "xrv211xrv213xrv214xrv216xrv217xrv218xrv22xrv272xrv239xrv240xrv-227xrv-226xrv-225xrv222xrv-238xrv-235"]]
  [1m[35mPlace Load (0.3ms)[0m  SELECT "places".* FROM "places" WHERE "places"."id" = 207 LIMIT 1
  [1m[36m (1.1ms)[0m  [1mSELECT COUNT(*) FROM "route_indices" WHERE (url = 'xrv211xrv213xrv214xrv216xrv217xrv218xrv22xrv272xrv239xrv240xrv-227xrv-226xrv-225xrv-223xrv-237xrv-235')[0m
  [1m[35mPlaceType Load (0.2ms)[0m  select * from place_types where name='Hut'
  [1m[36mSQL (0.4ms)[0m  [1mINSERT INTO "route_indices" ("created_at", "endplace_id", "isDest", "startplace_id", "updated_at", "url") VALUES ($1, $2, $3, $4, $5, $6) RETURNING "id"[0m  [["created_at", Mon, 27 Oct 2014 10:08:09 NZDT +13:00], ["endplace_id", 207], ["isDest", true], ["startplace_id", 827], ["updated_at", Mon, 27 Oct 2014 10:08:09 NZDT +13:00], ["url", "xrv211xrv213xrv214xrv216xrv217xrv218xrv22xrv272xrv239xrv240xrv-227xrv-226xrv-225xrv-223xrv-237xrv-235"]]
  [1m[35mPlace Load (0.3ms)[0m  SELECT "places".* FROM "places" WHERE "places"."id" = 650 LIMIT 1
  [1m[36m (1.0ms)[0m  [1mSELECT COUNT(*) FROM "route_indices" WHERE (url = 'xrv211xrv213xrv214xrv216xrv217xrv218xrv22xrv272xrv224xrv223xrv222xrv221xrv21xrv220xrv231xrv233')[0m
  [1m[35mPlaceType Load (0.2ms)[0m  select * from place_types where name='Hut'
  [1m[36mSQL (0.4ms)[0m  [1mINSERT INTO "route_indices" ("created_at", "endplace_id", "isDest", "startplace_id", "updated_at", "url") VALUES ($1, $2, $3, $4, $5, $6) RETURNING "id"[0m  [["created_at", Mon, 27 Oct 2014 10:08:09 NZDT +13:00], ["endplace_id", 650], ["isDest", true], ["startplace_id", 827], ["updated_at", Mon, 27 Oct 2014 10:08:09 NZDT +13:00], ["url", "xrv211xrv213xrv214xrv216xrv217xrv218xrv22xrv272xrv224xrv223xrv222xrv221xrv21xrv220xrv231xrv233"]]
  [1m[35mPlace Load (0.3ms)[0m  SELECT "places".* FROM "places" WHERE "places"."id" = 976 LIMIT 1
  [1m[36m (1.1ms)[0m  [1mSELECT COUNT(*) FROM "route_indices" WHERE (url = 'xrv211xrv213xrv214xrv216xrv217xrv218xrv22xrv272xrv224xrv223xrv222xrv-238xrv-235xrv-234xrv-233xrv-231')[0m
  [1m[35mPlaceType Load (0.2ms)[0m  select * from place_types where name='Summit'
  [1m[36mSQL (0.5ms)[0m  [1mINSERT INTO "route_indices" ("created_at", "endplace_id", "isDest", "startplace_id", "updated_at", "url") VALUES ($1, $2, $3, $4, $5, $6) RETURNING "id"[0m  [["created_at", Mon, 27 Oct 2014 10:08:09 NZDT +13:00], ["endplace_id", 976], ["isDest", true], ["startplace_id", 827], ["updated_at", Mon, 27 Oct 2014 10:08:09 NZDT +13:00], ["url", "xrv211xrv213xrv214xrv216xrv217xrv218xrv22xrv272xrv224xrv223xrv222xrv-238xrv-235xrv-234xrv-233xrv-231"]]
  [1m[35mPlace Load (0.3ms)[0m  SELECT "places".* FROM "places" WHERE "places"."id" = 1132 LIMIT 1
  [1m[36m (1.1ms)[0m  [1mSELECT COUNT(*) FROM "route_indices" WHERE (url = 'xrv211xrv213xrv214xrv216xrv217xrv218xrv22xrv272xrv224xrv223xrv222xrv-238xrv-235xrv-243xrv-242xrv-241')[0m
  [1m[35mPlaceType Load (0.2ms)[0m  select * from place_types where name='Campsite'
  [1m[36mSQL (0.4ms)[0m  [1mINSERT INTO "route_indices" ("created_at", "endplace_id", "isDest", "startplace_id", "updated_at", "url") VALUES ($1, $2, $3, $4, $5, $6) RETURNING "id"[0m  [["created_at", Mon, 27 Oct 2014 10:08:09 NZDT +13:00], ["endplace_id", 1132], ["isDest", true], ["startplace_id", 827], ["updated_at", Mon, 27 Oct 2014 10:08:09 NZDT +13:00], ["url", "xrv211xrv213xrv214xrv216xrv217xrv218xrv22xrv272xrv224xrv223xrv222xrv-238xrv-235xrv-243xrv-242xrv-241"]]
  [1m[35mPlace Load (0.2ms)[0m  SELECT "places".* FROM "places" WHERE "places"."id" = 1128 LIMIT 1
  [1m[36m (1.1ms)[0m  [1mSELECT COUNT(*) FROM "route_indices" WHERE (url = 'xrv211xrv213xrv214xrv216xrv217xrv218xrv22xrv272xrv224xrv223xrv225xrv226xrv227xrv228xrv229xrv230')[0m
  [1m[35mPlaceType Load (0.2ms)[0m  select * from place_types where name='Roadend'
  [1m[36mSQL (0.4ms)[0m  [1mINSERT INTO "route_indices" ("created_at", "endplace_id", "isDest", "startplace_id", "updated_at", "url") VALUES ($1, $2, $3, $4, $5, $6) RETURNING "id"[0m  [["created_at", Mon, 27 Oct 2014 10:08:09 NZDT +13:00], ["endplace_id", 1128], ["isDest", true], ["startplace_id", 827], ["updated_at", Mon, 27 Oct 2014 10:08:09 NZDT +13:00], ["url", "xrv211xrv213xrv214xrv216xrv217xrv218xrv22xrv272xrv224xrv223xrv225xrv226xrv227xrv228xrv229xrv230"]]
  [1m[35mPlace Load (0.3ms)[0m  SELECT "places".* FROM "places" WHERE "places"."id" = 650 LIMIT 1
  [1m[36m (1.0ms)[0m  [1mSELECT COUNT(*) FROM "route_indices" WHERE (url = 'xrv211xrv213xrv214xrv216xrv217xrv218xrv22xrv272xrv224xrv-237xrv238xrv221xrv21xrv220xrv231xrv233')[0m
  [1m[35mPlaceType Load (0.2ms)[0m  select * from place_types where name='Hut'
  [1m[36mSQL (0.4ms)[0m  [1mINSERT INTO "route_indices" ("created_at", "endplace_id", "isDest", "startplace_id", "updated_at", "url") VALUES ($1, $2, $3, $4, $5, $6) RETURNING "id"[0m  [["created_at", Mon, 27 Oct 2014 10:08:09 NZDT +13:00], ["endplace_id", 650], ["isDest", true], ["startplace_id", 827], ["updated_at", Mon, 27 Oct 2014 10:08:09 NZDT +13:00], ["url", "xrv211xrv213xrv214xrv216xrv217xrv218xrv22xrv272xrv224xrv-237xrv238xrv221xrv21xrv220xrv231xrv233"]]
  [1m[35mPlace Load (0.3ms)[0m  SELECT "places".* FROM "places" WHERE "places"."id" = 974 LIMIT 1
  [1m[36mPlaceType Load (0.2ms)[0m  [1mselect name, "isDest" from place_types[0m
  [1m[35mRoute Load (0.3ms)[0m  SELECT "routes".* FROM "routes" WHERE "routes"."id" = 237 LIMIT 1
  [1m[36mPlace Load (0.2ms)[0m  [1mSELECT "places".* FROM "places" WHERE "places"."id" = $1 LIMIT 1[0m  [["id", 1124]]
  [1m[35mPlace Load (0.2ms)[0m  SELECT "places".* FROM "places" WHERE "places"."id" = $1 LIMIT 1  [["id", 1129]]
  [1m[36mRoute Load (0.3ms)[0m  [1mSELECT "routes".* FROM "routes" WHERE "routes"."id" = 235 LIMIT 1[0m
  [1m[35mCACHE (0.0ms)[0m  SELECT "places".* FROM "places" WHERE "places"."id" = $1 LIMIT 1  [["id", 1129]]
  [1m[36mPlace Load (0.2ms)[0m  [1mSELECT "places".* FROM "places" WHERE "places"."id" = $1 LIMIT 1[0m  [["id", 207]]
  [1m[35mRoute Load (0.3ms)[0m  SELECT "routes".* FROM "routes" WHERE "routes"."id" = 234 LIMIT 1
  [1m[36mCACHE (0.0ms)[0m  [1mSELECT "places".* FROM "places" WHERE "places"."id" = $1 LIMIT 1[0m  [["id", 207]]
  [1m[35mPlace Load (0.2ms)[0m  SELECT "places".* FROM "places" WHERE "places"."id" = $1 LIMIT 1  [["id", 650]]
  [1m[36mRoute Load (0.3ms)[0m  [1mSELECT "routes".* FROM "routes" WHERE "routes"."id" = 233 LIMIT 1[0m
  [1m[35mCACHE (0.0ms)[0m  SELECT "places".* FROM "places" WHERE "places"."id" = $1 LIMIT 1  [["id", 650]]
  [1m[36mPlace Load (0.2ms)[0m  [1mSELECT "places".* FROM "places" WHERE "places"."id" = $1 LIMIT 1[0m  [["id", 45]]
  [1m[35mRoute Load (0.3ms)[0m  SELECT "routes".* FROM "routes" WHERE "routes"."id" = 231 LIMIT 1
  [1m[36mCACHE (0.0ms)[0m  [1mSELECT "places".* FROM "places" WHERE "places"."id" = $1 LIMIT 1[0m  [["id", 45]]
  [1m[35mPlace Load (0.2ms)[0m  SELECT "places".* FROM "places" WHERE "places"."id" = $1 LIMIT 1  [["id", 976]]
  [1m[36mRoute Load (0.3ms)[0m  [1mSELECT "routes".* FROM "routes" WHERE "routes"."id" = 219 LIMIT 1[0m
  [1m[35mCACHE (0.0ms)[0m  SELECT "places".* FROM "places" WHERE "places"."id" = $1 LIMIT 1  [["id", 976]]
  [1m[36mPlace Load (0.2ms)[0m  [1mSELECT "places".* FROM "places" WHERE "places"."id" = $1 LIMIT 1[0m  [["id", 1119]]
  [1m[35mRoute Load (0.3ms)[0m  SELECT "routes".* FROM "routes" WHERE "routes"."id" = 22 LIMIT 1
  [1m[36mRoute Load (0.3ms)[0m  [1mSELECT "routes".* FROM "routes" WHERE "routes"."id" = 272 LIMIT 1[0m
  [1m[35mCACHE (0.0ms)[0m  SELECT "places".* FROM "places" WHERE "places"."id" = 974 LIMIT 1
  [1m[36mCACHE (0.0ms)[0m  [1mSELECT "places".* FROM "places" WHERE "places"."id" = 974 LIMIT 1[0m
  [1m[35mRoute Load (0.3ms)[0m  select * from routes where startplace_id = 974
  [1m[36mRoute Load (0.3ms)[0m  [1mselect * from routes where endplace_id = 974[0m
  [1m[35mPlace Load (0.2ms)[0m  SELECT "places".* FROM "places" WHERE "places"."id" = $1 LIMIT 1  [["id", 974]]
  [1m[36mPlace Load (0.2ms)[0m  [1mSELECT "places".* FROM "places" WHERE "places"."id" = $1 LIMIT 1[0m  [["id", 471]]
  [1m[35mPlace Load (0.2ms)[0m  SELECT "places".* FROM "places" WHERE "places"."id" = $1 LIMIT 1  [["id", 1130]]
  [1m[36mCACHE (0.0ms)[0m  [1mSELECT "places".* FROM "places" WHERE "places"."id" = $1 LIMIT 1[0m  [["id", 1124]]
  [1m[35mPlace Load (0.3ms)[0m  SELECT "places".* FROM "places" WHERE "places"."id" = 1130 LIMIT 1
  [1m[36mRoute Load (0.3ms)[0m  [1mselect * from routes where startplace_id = 1130[0m
  [1m[35mRoute Load (0.3ms)[0m  select * from routes where endplace_id = 1130
  [1m[36mCACHE (0.0ms)[0m  [1mSELECT "places".* FROM "places" WHERE "places"."id" = $1 LIMIT 1[0m  [["id", 1130]]
  [1m[35mCACHE (0.0ms)[0m  SELECT "places".* FROM "places" WHERE "places"."id" = $1 LIMIT 1  [["id", 974]]
  [1m[36mPlace Load (0.2ms)[0m  [1mSELECT "places".* FROM "places" WHERE "places"."id" = $1 LIMIT 1[0m  [["id", 1126]]
  [1m[35mPlace Load (0.3ms)[0m  SELECT "places".* FROM "places" WHERE "places"."id" = 1124 LIMIT 1
  [1m[36mRoute Load (0.3ms)[0m  [1mselect * from routes where startplace_id = 1124[0m
  [1m[35mRoute Load (0.3ms)[0m  select * from routes where endplace_id = 1124
  [1m[36mCACHE (0.0ms)[0m  [1mSELECT "places".* FROM "places" WHERE "places"."id" = $1 LIMIT 1[0m  [["id", 1124]]
  [1m[35mCACHE (0.0ms)[0m  SELECT "places".* FROM "places" WHERE "places"."id" = $1 LIMIT 1  [["id", 1129]]
  [1m[36mCACHE (0.0ms)[0m  [1mSELECT "places".* FROM "places" WHERE "places"."id" = $1 LIMIT 1[0m  [["id", 1124]]
  [1m[35mCACHE (0.0ms)[0m  SELECT "places".* FROM "places" WHERE "places"."id" = $1 LIMIT 1  [["id", 974]]
  [1m[36mPlace Load (0.2ms)[0m  [1mSELECT "places".* FROM "places" WHERE "places"."id" = $1 LIMIT 1[0m  [["id", 1123]]
  [1m[35mPlace Load (0.3ms)[0m  SELECT "places".* FROM "places" WHERE "places"."id" = 1126 LIMIT 1
  [1m[36mRoute Load (0.3ms)[0m  [1mselect * from routes where startplace_id = 1126[0m
  [1m[35mRoute Load (0.3ms)[0m  select * from routes where endplace_id = 1126
  [1m[36mCACHE (0.0ms)[0m  [1mSELECT "places".* FROM "places" WHERE "places"."id" = $1 LIMIT 1[0m  [["id", 1126]]
  [1m[35mCACHE (0.0ms)[0m  SELECT "places".* FROM "places" WHERE "places"."id" = $1 LIMIT 1  [["id", 1130]]
  [1m[36mCACHE (0.0ms)[0m  [1mSELECT "places".* FROM "places" WHERE "places"."id" = $1 LIMIT 1[0m  [["id", 1126]]
  [1m[35mPlace Load (0.3ms)[0m  SELECT "places".* FROM "places" WHERE "places"."id" = $1 LIMIT 1  [["id", 769]]
  [1m[36mPlace Load (0.2ms)[0m  [1mSELECT "places".* FROM "places" WHERE "places"."id" = $1 LIMIT 1[0m  [["id", 1127]]
  [1m[35mPlace Load (0.3ms)[0m  SELECT "places".* FROM "places" WHERE "places"."id" = 1123 LIMIT 1
  [1m[36mRoute Load (0.4ms)[0m  [1mselect * from routes where startplace_id = 1123[0m
  [1m[35mRoute Load (0.3ms)[0m  select * from routes where endplace_id = 1123
  [1m[36mCACHE (0.0ms)[0m  [1mSELECT "places".* FROM "places" WHERE "places"."id" = $1 LIMIT 1[0m  [["id", 1123]]
  [1m[35mCACHE (0.0ms)[0m  SELECT "places".* FROM "places" WHERE "places"."id" = $1 LIMIT 1  [["id", 1124]]
  [1m[36mPlace Load (0.2ms)[0m  [1mSELECT "places".* FROM "places" WHERE "places"."id" = $1 LIMIT 1[0m  [["id", 975]]
  [1m[35mPlace Load (0.2ms)[0m  SELECT "places".* FROM "places" WHERE "places"."id" = $1 LIMIT 1  [["id", 1125]]
  [1m[36mPlace Load (0.3ms)[0m  [1mSELECT "places".* FROM "places" WHERE "places"."id" = 1127 LIMIT 1[0m
  [1m[35mRoute Load (0.3ms)[0m  select * from routes where startplace_id = 1127
  [1m[36mRoute Load (0.3ms)[0m  [1mselect * from routes where endplace_id = 1127[0m
  [1m[35mCACHE (0.0ms)[0m  SELECT "places".* FROM "places" WHERE "places"."id" = $1 LIMIT 1  [["id", 1127]]
  [1m[36mCACHE (0.0ms)[0m  [1mSELECT "places".* FROM "places" WHERE "places"."id" = $1 LIMIT 1[0m  [["id", 1126]]
  [1m[35mPlace Load (0.2ms)[0m  SELECT "places".* FROM "places" WHERE "places"."id" = $1 LIMIT 1  [["id", 419]]
  [1m[36mPlace Load (0.3ms)[0m  [1mSELECT "places".* FROM "places" WHERE "places"."id" = 769 LIMIT 1[0m
  [1m[35mRoute Load (0.3ms)[0m  select * from routes where startplace_id = 769
  [1m[36mRoute Load (0.3ms)[0m  [1mselect * from routes where endplace_id = 769[0m
  [1m[35mCACHE (0.0ms)[0m  SELECT "places".* FROM "places" WHERE "places"."id" = $1 LIMIT 1  [["id", 769]]
  [1m[36mCACHE (0.0ms)[0m  [1mSELECT "places".* FROM "places" WHERE "places"."id" = $1 LIMIT 1[0m  [["id", 1125]]
  [1m[35mCACHE (0.0ms)[0m  SELECT "places".* FROM "places" WHERE "places"."id" = $1 LIMIT 1  [["id", 1126]]
  [1m[36mPlace Load (0.3ms)[0m  [1mSELECT "places".* FROM "places" WHERE "places"."id" = 975 LIMIT 1[0m
  [1m[35mRoute Load (0.3ms)[0m  select * from routes where startplace_id = 975
  [1m[36mRoute Load (0.3ms)[0m  [1mselect * from routes where endplace_id = 975[0m
  [1m[35mCACHE (0.0ms)[0m  SELECT "places".* FROM "places" WHERE "places"."id" = $1 LIMIT 1  [["id", 975]]
  [1m[36mCACHE (0.0ms)[0m  [1mSELECT "places".* FROM "places" WHERE "places"."id" = $1 LIMIT 1[0m  [["id", 1129]]
  [1m[35mCACHE (0.0ms)[0m  SELECT "places".* FROM "places" WHERE "places"."id" = $1 LIMIT 1  [["id", 975]]
  [1m[36mCACHE (0.0ms)[0m  [1mSELECT "places".* FROM "places" WHERE "places"."id" = $1 LIMIT 1[0m  [["id", 1123]]
  [1m[35mPlace Load (0.2ms)[0m  SELECT "places".* FROM "places" WHERE "places"."id" = $1 LIMIT 1  [["id", 1122]]
  [1m[36mPlace Load (0.3ms)[0m  [1mSELECT "places".* FROM "places" WHERE "places"."id" = 1125 LIMIT 1[0m
  [1m[35mRoute Load (0.3ms)[0m  select * from routes where startplace_id = 1125
  [1m[36mRoute Load (0.3ms)[0m  [1mselect * from routes where endplace_id = 1125[0m
  [1m[35mCACHE (0.0ms)[0m  SELECT "places".* FROM "places" WHERE "places"."id" = $1 LIMIT 1  [["id", 1125]]
  [1m[36mCACHE (0.0ms)[0m  [1mSELECT "places".* FROM "places" WHERE "places"."id" = $1 LIMIT 1[0m  [["id", 1123]]
  [1m[35mCACHE (0.0ms)[0m  SELECT "places".* FROM "places" WHERE "places"."id" = $1 LIMIT 1  [["id", 769]]
  [1m[36mPlace Load (0.3ms)[0m  [1mSELECT "places".* FROM "places" WHERE "places"."id" = 419 LIMIT 1[0m
  [1m[35mRoute Load (0.3ms)[0m  select * from routes where startplace_id = 419
  [1m[36mRoute Load (0.3ms)[0m  [1mselect * from routes where endplace_id = 419[0m
  [1m[35mCACHE (0.0ms)[0m  SELECT "places".* FROM "places" WHERE "places"."id" = $1 LIMIT 1  [["id", 419]]
  [1m[36mCACHE (0.0ms)[0m  [1mSELECT "places".* FROM "places" WHERE "places"."id" = $1 LIMIT 1[0m  [["id", 1127]]
  [1m[35mPlace Load (0.2ms)[0m  SELECT "places".* FROM "places" WHERE "places"."id" = $1 LIMIT 1  [["id", 1128]]
  [1m[36mCACHE (0.0ms)[0m  [1mSELECT "places".* FROM "places" WHERE "places"."id" = 1125 LIMIT 1[0m
  [1m[35mCACHE (0.0ms)[0m  select * from routes where startplace_id = 1125
  [1m[36mCACHE (0.0ms)[0m  [1mselect * from routes where endplace_id = 1125[0m
  [1m[35mCACHE (0.0ms)[0m  SELECT "places".* FROM "places" WHERE "places"."id" = $1 LIMIT 1  [["id", 1125]]
  [1m[36mCACHE (0.0ms)[0m  [1mSELECT "places".* FROM "places" WHERE "places"."id" = $1 LIMIT 1[0m  [["id", 1123]]
  [1m[35mCACHE (0.0ms)[0m  SELECT "places".* FROM "places" WHERE "places"."id" = $1 LIMIT 1  [["id", 769]]
  [1m[36mPlace Load (0.3ms)[0m  [1mSELECT "places".* FROM "places" WHERE "places"."id" = 1122 LIMIT 1[0m
  [1m[35mRoute Load (0.3ms)[0m  select * from routes where startplace_id = 1122
  [1m[36mRoute Load (0.3ms)[0m  [1mselect * from routes where endplace_id = 1122[0m
  [1m[35mCACHE (0.0ms)[0m  SELECT "places".* FROM "places" WHERE "places"."id" = $1 LIMIT 1  [["id", 1122]]
  [1m[36mCACHE (0.0ms)[0m  [1mSELECT "places".* FROM "places" WHERE "places"."id" = $1 LIMIT 1[0m  [["id", 975]]
  [1m[35mPlace Load (0.5ms)[0m  SELECT "places".* FROM "places" WHERE "places"."id" = $1 LIMIT 1  [["id", 1121]]
  [1m[36mCACHE (0.0ms)[0m  [1mSELECT "places".* FROM "places" WHERE "places"."id" = 769 LIMIT 1[0m
  [1m[35mCACHE (0.0ms)[0m  select * from routes where startplace_id = 769
  [1m[36mCACHE (0.0ms)[0m  [1mselect * from routes where endplace_id = 769[0m
  [1m[35mCACHE (0.0ms)[0m  SELECT "places".* FROM "places" WHERE "places"."id" = $1 LIMIT 1  [["id", 769]]
  [1m[36mCACHE (0.0ms)[0m  [1mSELECT "places".* FROM "places" WHERE "places"."id" = $1 LIMIT 1[0m  [["id", 1125]]
  [1m[35mCACHE (0.0ms)[0m  SELECT "places".* FROM "places" WHERE "places"."id" = $1 LIMIT 1  [["id", 1126]]
  [1m[36mPlace Load (0.4ms)[0m  [1mSELECT "places".* FROM "places" WHERE "places"."id" = 1128 LIMIT 1[0m
  [1m[35mRoute Load (0.3ms)[0m  select * from routes where startplace_id = 1128
  [1m[36mRoute Load (0.4ms)[0m  [1mselect * from routes where endplace_id = 1128[0m
  [1m[35mCACHE (0.0ms)[0m  SELECT "places".* FROM "places" WHERE "places"."id" = $1 LIMIT 1  [["id", 1128]]
  [1m[36mCACHE (0.0ms)[0m  [1mSELECT "places".* FROM "places" WHERE "places"."id" = $1 LIMIT 1[0m  [["id", 419]]
  [1m[35mCACHE (0.0ms)[0m  SELECT "places".* FROM "places" WHERE "places"."id" = 1123 LIMIT 1
  [1m[36mCACHE (0.0ms)[0m  [1mselect * from routes where startplace_id = 1123[0m
  [1m[35mCACHE (0.0ms)[0m  select * from routes where endplace_id = 1123
  [1m[36mCACHE (0.0ms)[0m  [1mSELECT "places".* FROM "places" WHERE "places"."id" = $1 LIMIT 1[0m  [["id", 1123]]
  [1m[35mCACHE (0.0ms)[0m  SELECT "places".* FROM "places" WHERE "places"."id" = $1 LIMIT 1  [["id", 1124]]
  [1m[36mCACHE (0.0ms)[0m  [1mSELECT "places".* FROM "places" WHERE "places"."id" = $1 LIMIT 1[0m  [["id", 975]]
  [1m[35mCACHE (0.0ms)[0m  SELECT "places".* FROM "places" WHERE "places"."id" = $1 LIMIT 1  [["id", 1125]]
  [1m[36mPlace Load (0.3ms)[0m  [1mSELECT "places".* FROM "places" WHERE "places"."id" = 1121 LIMIT 1[0m
  [1m[35mRoute Load (0.3ms)[0m  select * from routes where startplace_id = 1121
  [1m[36mRoute Load (0.3ms)[0m  [1mselect * from routes where endplace_id = 1121[0m
  [1m[35mCACHE (0.0ms)[0m  SELECT "places".* FROM "places" WHERE "places"."id" = $1 LIMIT 1  [["id", 1121]]
  [1m[36mCACHE (0.0ms)[0m  [1mSELECT "places".* FROM "places" WHERE "places"."id" = $1 LIMIT 1[0m  [["id", 1122]]
  [1m[35mCACHE (0.0ms)[0m  SELECT "places".* FROM "places" WHERE "places"."id" = $1 LIMIT 1  [["id", 976]]
  [1m[36mCACHE (0.0ms)[0m  [1mSELECT "places".* FROM "places" WHERE "places"."id" = 1126 LIMIT 1[0m
  [1m[35mCACHE (0.0ms)[0m  select * from routes where startplace_id = 1126
  [1m[36mCACHE (0.0ms)[0m  [1mselect * from routes where endplace_id = 1126[0m
  [1m[35mCACHE (0.0ms)[0m  SELECT "places".* FROM "places" WHERE "places"."id" = $1 LIMIT 1  [["id", 1126]]
  [1m[36mCACHE (0.0ms)[0m  [1mSELECT "places".* FROM "places" WHERE "places"."id" = $1 LIMIT 1[0m  [["id", 1130]]
  [1m[35mCACHE (0.0ms)[0m  SELECT "places".* FROM "places" WHERE "places"."id" = $1 LIMIT 1  [["id", 1126]]
  [1m[36mCACHE (0.0ms)[0m  [1mSELECT "places".* FROM "places" WHERE "places"."id" = $1 LIMIT 1[0m  [["id", 769]]
  [1m[35mCACHE (0.0ms)[0m  SELECT "places".* FROM "places" WHERE "places"."id" = $1 LIMIT 1  [["id", 1127]]
  [1m[36mCACHE (0.0ms)[0m  [1mSELECT "places".* FROM "places" WHERE "places"."id" = 975 LIMIT 1[0m
  [1m[35mCACHE (0.0ms)[0m  select * from routes where startplace_id = 975
  [1m[36mCACHE (0.0ms)[0m  [1mselect * from routes where endplace_id = 975[0m
  [1m[35mCACHE (0.0ms)[0m  SELECT "places".* FROM "places" WHERE "places"."id" = $1 LIMIT 1  [["id", 975]]
  [1m[36mCACHE (0.0ms)[0m  [1mSELECT "places".* FROM "places" WHERE "places"."id" = $1 LIMIT 1[0m  [["id", 1129]]
  [1m[35mCACHE (0.0ms)[0m  SELECT "places".* FROM "places" WHERE "places"."id" = $1 LIMIT 1  [["id", 975]]
  [1m[36mCACHE (0.0ms)[0m  [1mSELECT "places".* FROM "places" WHERE "places"."id" = $1 LIMIT 1[0m  [["id", 1123]]
  [1m[35mCACHE (0.0ms)[0m  SELECT "places".* FROM "places" WHERE "places"."id" = $1 LIMIT 1  [["id", 1122]]
  [1m[36mCACHE (0.0ms)[0m  [1mSELECT "places".* FROM "places" WHERE "places"."id" = 1124 LIMIT 1[0m
  [1m[35mCACHE (0.0ms)[0m  select * from routes where startplace_id = 1124
  [1m[36mCACHE (0.0ms)[0m  [1mselect * from routes where endplace_id = 1124[0m
  [1m[35mCACHE (0.0ms)[0m  SELECT "places".* FROM "places" WHERE "places"."id" = $1 LIMIT 1  [["id", 1124]]
  [1m[36mCACHE (0.0ms)[0m  [1mSELECT "places".* FROM "places" WHERE "places"."id" = $1 LIMIT 1[0m  [["id", 1129]]
  [1m[35mCACHE (0.0ms)[0m  SELECT "places".* FROM "places" WHERE "places"."id" = $1 LIMIT 1  [["id", 1124]]
  [1m[36mCACHE (0.0ms)[0m  [1mSELECT "places".* FROM "places" WHERE "places"."id" = $1 LIMIT 1[0m  [["id", 974]]
  [1m[35mCACHE (0.0ms)[0m  SELECT "places".* FROM "places" WHERE "places"."id" = $1 LIMIT 1  [["id", 1123]]
  [1m[36mCACHE (0.0ms)[0m  [1mSELECT "places".* FROM "places" WHERE "places"."id" = 1127 LIMIT 1[0m
  [1m[35mCACHE (0.0ms)[0m  select * from routes where startplace_id = 1127
  [1m[36mCACHE (0.0ms)[0m  [1mselect * from routes where endplace_id = 1127[0m
  [1m[35mCACHE (0.0ms)[0m  SELECT "places".* FROM "places" WHERE "places"."id" = $1 LIMIT 1  [["id", 1127]]
  [1m[36mCACHE (0.0ms)[0m  [1mSELECT "places".* FROM "places" WHERE "places"."id" = $1 LIMIT 1[0m  [["id", 1126]]
  [1m[35mCACHE (0.0ms)[0m  SELECT "places".* FROM "places" WHERE "places"."id" = $1 LIMIT 1  [["id", 419]]
  [1m[36mCACHE (0.0ms)[0m  [1mSELECT "places".* FROM "places" WHERE "places"."id" = 1130 LIMIT 1[0m
  [1m[35mCACHE (0.0ms)[0m  select * from routes where startplace_id = 1130
  [1m[36mCACHE (0.0ms)[0m  [1mselect * from routes where endplace_id = 1130[0m
  [1m[35mCACHE (0.0ms)[0m  SELECT "places".* FROM "places" WHERE "places"."id" = $1 LIMIT 1  [["id", 1130]]
  [1m[36mCACHE (0.0ms)[0m  [1mSELECT "places".* FROM "places" WHERE "places"."id" = $1 LIMIT 1[0m  [["id", 974]]
  [1m[35mCACHE (0.0ms)[0m  SELECT "places".* FROM "places" WHERE "places"."id" = $1 LIMIT 1  [["id", 1126]]
BNewroutes
974
{:place=>974, :route=>[272, 22, -219, -231, -233, -234, -235, -237], :url=>"xrv224xrv-237xrv-235xrv-234xrv-233xrv-231xrv-219xrv22xrv272"}
{:place=>769, :route=>[-227, 240, 239, 272, 22, -219, -231, -233, -234, -235, -237], :url=>"xrv224xrv-237xrv-235xrv-234xrv-233xrv-231xrv-219xrv22xrv272xrv239xrv240xrv-227"}
{:place=>1125, :route=>[225, 223, 224, 272, 22, -219, -231, -233, -234, -235, -237], :url=>"xrv224xrv-237xrv-235xrv-234xrv-233xrv-231xrv-219xrv22xrv272xrv224xrv223xrv225"}
{:place=>419, :route=>[229, 228, 240, 239, 272, 22, -219, -231, -233, -234, -235, -237], :url=>"xrv224xrv-237xrv-235xrv-234xrv-233xrv-231xrv-219xrv22xrv272xrv239xrv240xrv228xrv229"}
{:place=>1125, :route=>[-226, -227, 240, 239, 272, 22, -219, -231, -233, -234, -235, -237], :url=>"xrv224xrv-237xrv-235xrv-234xrv-233xrv-231xrv-219xrv22xrv272xrv239xrv240xrv-227xrv-226"}
{:place=>769, :route=>[226, 225, 223, 224, 272, 22, -219, -231, -233, -234, -235, -237], :url=>"xrv224xrv-237xrv-235xrv-234xrv-233xrv-231xrv-219xrv22xrv272xrv224xrv223xrv225xrv226"}
{:place=>1128, :route=>[230, 229, 228, 240, 239, 272, 22, -219, -231, -233, -234, -235, -237], :url=>"xrv224xrv-237xrv-235xrv-234xrv-233xrv-231xrv-219xrv22xrv272xrv239xrv240xrv228xrv229xrv230"}
{:place=>1121, :route=>[21, 221, 222, 223, 224, 272, 22, -219, -231, -233, -234, -235, -237], :url=>"xrv224xrv-237xrv-235xrv-234xrv-233xrv-231xrv-219xrv22xrv272xrv224xrv223xrv222xrv221xrv21"}
{:place=>1124, :route=>[-223, -225, -226, -227, 240, 239, 272, 22, -219, -231, -233, -234, -235, -237], :url=>"xrv224xrv-237xrv-235xrv-234xrv-233xrv-231xrv-219xrv22xrv272xrv239xrv240xrv-227xrv-226xrv-225xrv-223"}
{:place=>419, :route=>[229, 228, 227, 226, 225, 223, 224, 272, 22, -219, -231, -233, -234, -235, -237], :url=>"xrv224xrv-237xrv-235xrv-234xrv-233xrv-231xrv-219xrv22xrv272xrv224xrv223xrv225xrv226xrv227xrv228xrv229"}
{:place=>1130, :route=>[-240, 227, 226, 225, 223, 224, 272, 22, -219, -231, -233, -234, -235, -237], :url=>"xrv224xrv-237xrv-235xrv-234xrv-233xrv-231xrv-219xrv22xrv272xrv224xrv223xrv225xrv226xrv227xrv-240"}
  [1m[36mCACHE (0.0ms)[0m  [1mSELECT "places".* FROM "places" WHERE "places"."id" = 974 LIMIT 1[0m
  [1m[35m (1.4ms)[0m  SELECT COUNT(*) FROM "route_indices" WHERE (url = 'xrv224xrv-237xrv-235xrv-234xrv-233xrv-231xrv-219xrv22xrv272')
  [1m[36mCACHE (0.0ms)[0m  [1mSELECT "places".* FROM "places" WHERE "places"."id" = 769 LIMIT 1[0m
  [1m[35m (1.1ms)[0m  SELECT COUNT(*) FROM "route_indices" WHERE (url = 'xrv224xrv-237xrv-235xrv-234xrv-233xrv-231xrv-219xrv22xrv272xrv239xrv240xrv-227')
  [1m[36mPlaceType Load (0.2ms)[0m  [1mselect * from place_types where name='Hut'[0m
  [1m[35mSQL (0.5ms)[0m  INSERT INTO "route_indices" ("created_at", "endplace_id", "isDest", "startplace_id", "updated_at", "url") VALUES ($1, $2, $3, $4, $5, $6) RETURNING "id"  [["created_at", Mon, 27 Oct 2014 10:08:09 NZDT +13:00], ["endplace_id", 769], ["isDest", true], ["startplace_id", 974], ["updated_at", Mon, 27 Oct 2014 10:08:09 NZDT +13:00], ["url", "xrv224xrv-237xrv-235xrv-234xrv-233xrv-231xrv-219xrv22xrv272xrv239xrv240xrv-227"]]
  [1m[36mPlace Load (0.3ms)[0m  [1mSELECT "places".* FROM "places" WHERE "places"."id" = 1125 LIMIT 1[0m
  [1m[35m (1.0ms)[0m  SELECT COUNT(*) FROM "route_indices" WHERE (url = 'xrv224xrv-237xrv-235xrv-234xrv-233xrv-231xrv-219xrv22xrv272xrv224xrv223xrv225')
  [1m[36mPlaceType Load (0.2ms)[0m  [1mselect * from place_types where name='Campsite'[0m
  [1m[35mSQL (0.4ms)[0m  INSERT INTO "route_indices" ("created_at", "endplace_id", "isDest", "startplace_id", "updated_at", "url") VALUES ($1, $2, $3, $4, $5, $6) RETURNING "id"  [["created_at", Mon, 27 Oct 2014 10:08:09 NZDT +13:00], ["endplace_id", 1125], ["isDest", true], ["startplace_id", 974], ["updated_at", Mon, 27 Oct 2014 10:08:09 NZDT +13:00], ["url", "xrv224xrv-237xrv-235xrv-234xrv-233xrv-231xrv-219xrv22xrv272xrv224xrv223xrv225"]]
  [1m[36mPlace Load (0.3ms)[0m  [1mSELECT "places".* FROM "places" WHERE "places"."id" = 419 LIMIT 1[0m
  [1m[35m (1.0ms)[0m  SELECT COUNT(*) FROM "route_indices" WHERE (url = 'xrv224xrv-237xrv-235xrv-234xrv-233xrv-231xrv-219xrv22xrv272xrv239xrv240xrv228xrv229')
  [1m[36mPlaceType Load (0.2ms)[0m  [1mselect * from place_types where name='Hut'[0m
  [1m[35mSQL (0.4ms)[0m  INSERT INTO "route_indices" ("created_at", "endplace_id", "isDest", "startplace_id", "updated_at", "url") VALUES ($1, $2, $3, $4, $5, $6) RETURNING "id"  [["created_at", Mon, 27 Oct 2014 10:08:09 NZDT +13:00], ["endplace_id", 419], ["isDest", true], ["startplace_id", 974], ["updated_at", Mon, 27 Oct 2014 10:08:09 NZDT +13:00], ["url", "xrv224xrv-237xrv-235xrv-234xrv-233xrv-231xrv-219xrv22xrv272xrv239xrv240xrv228xrv229"]]
  [1m[36mPlace Load (0.3ms)[0m  [1mSELECT "places".* FROM "places" WHERE "places"."id" = 1125 LIMIT 1[0m
  [1m[35m (1.1ms)[0m  SELECT COUNT(*) FROM "route_indices" WHERE (url = 'xrv224xrv-237xrv-235xrv-234xrv-233xrv-231xrv-219xrv22xrv272xrv239xrv240xrv-227xrv-226')
  [1m[36mPlaceType Load (0.2ms)[0m  [1mselect * from place_types where name='Campsite'[0m
  [1m[35mSQL (0.4ms)[0m  INSERT INTO "route_indices" ("created_at", "endplace_id", "isDest", "startplace_id", "updated_at", "url") VALUES ($1, $2, $3, $4, $5, $6) RETURNING "id"  [["created_at", Mon, 27 Oct 2014 10:08:09 NZDT +13:00], ["endplace_id", 1125], ["isDest", true], ["startplace_id", 974], ["updated_at", Mon, 27 Oct 2014 10:08:09 NZDT +13:00], ["url", "xrv224xrv-237xrv-235xrv-234xrv-233xrv-231xrv-219xrv22xrv272xrv239xrv240xrv-227xrv-226"]]
  [1m[36mPlace Load (0.2ms)[0m  [1mSELECT "places".* FROM "places" WHERE "places"."id" = 769 LIMIT 1[0m
  [1m[35m (1.1ms)[0m  SELECT COUNT(*) FROM "route_indices" WHERE (url = 'xrv224xrv-237xrv-235xrv-234xrv-233xrv-231xrv-219xrv22xrv272xrv224xrv223xrv225xrv226')
  [1m[36mPlaceType Load (0.2ms)[0m  [1mselect * from place_types where name='Hut'[0m
  [1m[35mSQL (0.4ms)[0m  INSERT INTO "route_indices" ("created_at", "endplace_id", "isDest", "startplace_id", "updated_at", "url") VALUES ($1, $2, $3, $4, $5, $6) RETURNING "id"  [["created_at", Mon, 27 Oct 2014 10:08:09 NZDT +13:00], ["endplace_id", 769], ["isDest", true], ["startplace_id", 974], ["updated_at", Mon, 27 Oct 2014 10:08:09 NZDT +13:00], ["url", "xrv224xrv-237xrv-235xrv-234xrv-233xrv-231xrv-219xrv22xrv272xrv224xrv223xrv225xrv226"]]
  [1m[36mPlace Load (0.3ms)[0m  [1mSELECT "places".* FROM "places" WHERE "places"."id" = 1128 LIMIT 1[0m
  [1m[35m (1.0ms)[0m  SELECT COUNT(*) FROM "route_indices" WHERE (url = 'xrv224xrv-237xrv-235xrv-234xrv-233xrv-231xrv-219xrv22xrv272xrv239xrv240xrv228xrv229xrv230')
  [1m[36mPlaceType Load (0.2ms)[0m  [1mselect * from place_types where name='Roadend'[0m
  [1m[35mSQL (0.4ms)[0m  INSERT INTO "route_indices" ("created_at", "endplace_id", "isDest", "startplace_id", "updated_at", "url") VALUES ($1, $2, $3, $4, $5, $6) RETURNING "id"  [["created_at", Mon, 27 Oct 2014 10:08:09 NZDT +13:00], ["endplace_id", 1128], ["isDest", true], ["startplace_id", 974], ["updated_at", Mon, 27 Oct 2014 10:08:09 NZDT +13:00], ["url", "xrv224xrv-237xrv-235xrv-234xrv-233xrv-231xrv-219xrv22xrv272xrv239xrv240xrv228xrv229xrv230"]]
  [1m[36mPlace Load (0.3ms)[0m  [1mSELECT "places".* FROM "places" WHERE "places"."id" = 1121 LIMIT 1[0m
  [1m[35m (1.0ms)[0m  SELECT COUNT(*) FROM "route_indices" WHERE (url = 'xrv224xrv-237xrv-235xrv-234xrv-233xrv-231xrv-219xrv22xrv272xrv224xrv223xrv222xrv221xrv21')
  [1m[36mPlaceType Load (0.2ms)[0m  [1mselect * from place_types where name='Junction'[0m
  [1m[35mSQL (0.3ms)[0m  INSERT INTO "route_indices" ("created_at", "endplace_id", "isDest", "startplace_id", "updated_at", "url") VALUES ($1, $2, $3, $4, $5, $6) RETURNING "id"  [["created_at", Mon, 27 Oct 2014 10:08:09 NZDT +13:00], ["endplace_id", 1121], ["isDest", false], ["startplace_id", 974], ["updated_at", Mon, 27 Oct 2014 10:08:09 NZDT +13:00], ["url", "xrv224xrv-237xrv-235xrv-234xrv-233xrv-231xrv-219xrv22xrv272xrv224xrv223xrv222xrv221xrv21"]]
  [1m[36mPlace Load (0.3ms)[0m  [1mSELECT "places".* FROM "places" WHERE "places"."id" = 1124 LIMIT 1[0m
  [1m[35m (1.1ms)[0m  SELECT COUNT(*) FROM "route_indices" WHERE (url = 'xrv224xrv-237xrv-235xrv-234xrv-233xrv-231xrv-219xrv22xrv272xrv239xrv240xrv-227xrv-226xrv-225xrv-223')
  [1m[36mPlaceType Load (0.2ms)[0m  [1mselect * from place_types where name='Junction'[0m
  [1m[35mSQL (0.4ms)[0m  INSERT INTO "route_indices" ("created_at", "endplace_id", "isDest", "startplace_id", "updated_at", "url") VALUES ($1, $2, $3, $4, $5, $6) RETURNING "id"  [["created_at", Mon, 27 Oct 2014 10:08:09 NZDT +13:00], ["endplace_id", 1124], ["isDest", false], ["startplace_id", 974], ["updated_at", Mon, 27 Oct 2014 10:08:09 NZDT +13:00], ["url", "xrv224xrv-237xrv-235xrv-234xrv-233xrv-231xrv-219xrv22xrv272xrv239xrv240xrv-227xrv-226xrv-225xrv-223"]]
  [1m[36mPlace Load (0.3ms)[0m  [1mSELECT "places".* FROM "places" WHERE "places"."id" = 419 LIMIT 1[0m
  [1m[35m (1.1ms)[0m  SELECT COUNT(*) FROM "route_indices" WHERE (url = 'xrv224xrv-237xrv-235xrv-234xrv-233xrv-231xrv-219xrv22xrv272xrv224xrv223xrv225xrv226xrv227xrv228xrv229')
  [1m[36mPlaceType Load (0.2ms)[0m  [1mselect * from place_types where name='Hut'[0m
  [1m[35mSQL (0.4ms)[0m  INSERT INTO "route_indices" ("created_at", "endplace_id", "isDest", "startplace_id", "updated_at", "url") VALUES ($1, $2, $3, $4, $5, $6) RETURNING "id"  [["created_at", Mon, 27 Oct 2014 10:08:09 NZDT +13:00], ["endplace_id", 419], ["isDest", true], ["startplace_id", 974], ["updated_at", Mon, 27 Oct 2014 10:08:09 NZDT +13:00], ["url", "xrv224xrv-237xrv-235xrv-234xrv-233xrv-231xrv-219xrv22xrv272xrv224xrv223xrv225xrv226xrv227xrv228xrv229"]]
  [1m[36mPlace Load (0.3ms)[0m  [1mSELECT "places".* FROM "places" WHERE "places"."id" = 1130 LIMIT 1[0m
  [1m[35m (1.1ms)[0m  SELECT COUNT(*) FROM "route_indices" WHERE (url = 'xrv224xrv-237xrv-235xrv-234xrv-233xrv-231xrv-219xrv22xrv272xrv224xrv223xrv225xrv226xrv227xrv-240')
  [1m[36mPlaceType Load (0.2ms)[0m  [1mselect * from place_types where name='Junction'[0m
  [1m[35mSQL (0.4ms)[0m  INSERT INTO "route_indices" ("created_at", "endplace_id", "isDest", "startplace_id", "updated_at", "url") VALUES ($1, $2, $3, $4, $5, $6) RETURNING "id"  [["created_at", Mon, 27 Oct 2014 10:08:09 NZDT +13:00], ["endplace_id", 1130], ["isDest", false], ["startplace_id", 974], ["updated_at", Mon, 27 Oct 2014 10:08:09 NZDT +13:00], ["url", "xrv224xrv-237xrv-235xrv-234xrv-233xrv-231xrv-219xrv22xrv272xrv224xrv223xrv225xrv226xrv227xrv-240"]]
  [1m[36mPlace Load (0.3ms)[0m  [1mSELECT "places".* FROM "places" WHERE "places"."id" = 1132 LIMIT 1[0m
  [1m[35mPlaceType Load (0.2ms)[0m  select name, "isDest" from place_types
  [1m[36mRoute Load (0.4ms)[0m  [1mSELECT "routes".* FROM "routes" WHERE "routes"."id" = 242 LIMIT 1[0m
  [1m[35mRoute Load (0.4ms)[0m  SELECT "routes".* FROM "routes" WHERE "routes"."id" = 243 LIMIT 1
  [1m[36mRoute Load (0.3ms)[0m  [1mSELECT "routes".* FROM "routes" WHERE "routes"."id" = 234 LIMIT 1[0m
  [1m[35mPlace Load (0.2ms)[0m  SELECT "places".* FROM "places" WHERE "places"."id" = $1 LIMIT 1  [["id", 207]]
  [1m[36mPlace Load (0.2ms)[0m  [1mSELECT "places".* FROM "places" WHERE "places"."id" = $1 LIMIT 1[0m  [["id", 650]]
  [1m[35mRoute Load (0.3ms)[0m  SELECT "routes".* FROM "routes" WHERE "routes"."id" = 233 LIMIT 1
  [1m[36mCACHE (0.0ms)[0m  [1mSELECT "places".* FROM "places" WHERE "places"."id" = $1 LIMIT 1[0m  [["id", 650]]
  [1m[35mPlace Load (0.2ms)[0m  SELECT "places".* FROM "places" WHERE "places"."id" = $1 LIMIT 1  [["id", 45]]
  [1m[36mRoute Load (0.3ms)[0m  [1mSELECT "routes".* FROM "routes" WHERE "routes"."id" = 231 LIMIT 1[0m
  [1m[35mCACHE (0.0ms)[0m  SELECT "places".* FROM "places" WHERE "places"."id" = $1 LIMIT 1  [["id", 45]]
  [1m[36mPlace Load (0.3ms)[0m  [1mSELECT "places".* FROM "places" WHERE "places"."id" = $1 LIMIT 1[0m  [["id", 976]]
  [1m[35mRoute Load (0.3ms)[0m  SELECT "routes".* FROM "routes" WHERE "routes"."id" = 219 LIMIT 1
  [1m[36mCACHE (0.1ms)[0m  [1mSELECT "places".* FROM "places" WHERE "places"."id" = $1 LIMIT 1[0m  [["id", 976]]
  [1m[35mPlace Load (0.3ms)[0m  SELECT "places".* FROM "places" WHERE "places"."id" = $1 LIMIT 1  [["id", 1119]]
  [1m[36mRoute Load (0.4ms)[0m  [1mSELECT "routes".* FROM "routes" WHERE "routes"."id" = 22 LIMIT 1[0m
  [1m[35mRoute Load (0.3ms)[0m  SELECT "routes".* FROM "routes" WHERE "routes"."id" = 272 LIMIT 1
  [1m[36mPlace Load (0.3ms)[0m  [1mSELECT "places".* FROM "places" WHERE "places"."id" = 974 LIMIT 1[0m
  [1m[35mCACHE (0.0ms)[0m  SELECT "places".* FROM "places" WHERE "places"."id" = 974 LIMIT 1
  [1m[36mRoute Load (0.3ms)[0m  [1mselect * from routes where startplace_id = 974[0m
  [1m[35mRoute Load (0.3ms)[0m  select * from routes where endplace_id = 974
  [1m[36mPlace Load (0.2ms)[0m  [1mSELECT "places".* FROM "places" WHERE "places"."id" = $1 LIMIT 1[0m  [["id", 974]]
  [1m[35mPlace Load (0.2ms)[0m  SELECT "places".* FROM "places" WHERE "places"."id" = $1 LIMIT 1  [["id", 471]]
  [1m[36mPlace Load (0.2ms)[0m  [1mSELECT "places".* FROM "places" WHERE "places"."id" = $1 LIMIT 1[0m  [["id", 1130]]
  [1m[35mPlace Load (0.2ms)[0m  SELECT "places".* FROM "places" WHERE "places"."id" = $1 LIMIT 1  [["id", 1124]]
  [1m[36mPlace Load (0.3ms)[0m  [1mSELECT "places".* FROM "places" WHERE "places"."id" = 1130 LIMIT 1[0m
  [1m[35mRoute Load (0.3ms)[0m  select * from routes where startplace_id = 1130
  [1m[36mRoute Load (0.3ms)[0m  [1mselect * from routes where endplace_id = 1130[0m
  [1m[35mCACHE (0.0ms)[0m  SELECT "places".* FROM "places" WHERE "places"."id" = $1 LIMIT 1  [["id", 1130]]
  [1m[36mCACHE (0.0ms)[0m  [1mSELECT "places".* FROM "places" WHERE "places"."id" = $1 LIMIT 1[0m  [["id", 974]]
  [1m[35mPlace Load (0.2ms)[0m  SELECT "places".* FROM "places" WHERE "places"."id" = $1 LIMIT 1  [["id", 1126]]
  [1m[36mPlace Load (0.3ms)[0m  [1mSELECT "places".* FROM "places" WHERE "places"."id" = 1124 LIMIT 1[0m
  [1m[35mRoute Load (0.4ms)[0m  select * from routes where startplace_id = 1124
  [1m[36mRoute Load (0.3ms)[0m  [1mselect * from routes where endplace_id = 1124[0m
  [1m[35mCACHE (0.0ms)[0m  SELECT "places".* FROM "places" WHERE "places"."id" = $1 LIMIT 1  [["id", 1124]]
  [1m[36mPlace Load (0.2ms)[0m  [1mSELECT "places".* FROM "places" WHERE "places"."id" = $1 LIMIT 1[0m  [["id", 1129]]
  [1m[35mCACHE (0.0ms)[0m  SELECT "places".* FROM "places" WHERE "places"."id" = $1 LIMIT 1  [["id", 1124]]
  [1m[36mCACHE (0.0ms)[0m  [1mSELECT "places".* FROM "places" WHERE "places"."id" = $1 LIMIT 1[0m  [["id", 974]]
  [1m[35mPlace Load (0.2ms)[0m  SELECT "places".* FROM "places" WHERE "places"."id" = $1 LIMIT 1  [["id", 1123]]
  [1m[36mPlace Load (0.3ms)[0m  [1mSELECT "places".* FROM "places" WHERE "places"."id" = 1126 LIMIT 1[0m
  [1m[35mRoute Load (0.3ms)[0m  select * from routes where startplace_id = 1126
  [1m[36mRoute Load (0.3ms)[0m  [1mselect * from routes where endplace_id = 1126[0m
  [1m[35mCACHE (0.0ms)[0m  SELECT "places".* FROM "places" WHERE "places"."id" = $1 LIMIT 1  [["id", 1126]]
  [1m[36mCACHE (0.0ms)[0m  [1mSELECT "places".* FROM "places" WHERE "places"."id" = $1 LIMIT 1[0m  [["id", 1130]]
  [1m[35mCACHE (0.0ms)[0m  SELECT "places".* FROM "places" WHERE "places"."id" = $1 LIMIT 1  [["id", 1126]]
  [1m[36mPlace Load (0.2ms)[0m  [1mSELECT "places".* FROM "places" WHERE "places"."id" = $1 LIMIT 1[0m  [["id", 769]]
  [1m[35mPlace Load (0.2ms)[0m  SELECT "places".* FROM "places" WHERE "places"."id" = $1 LIMIT 1  [["id", 1127]]
  [1m[36mPlace Load (0.3ms)[0m  [1mSELECT "places".* FROM "places" WHERE "places"."id" = 1123 LIMIT 1[0m
  [1m[35mRoute Load (3.9ms)[0m  select * from routes where startplace_id = 1123
  [1m[36mRoute Load (0.4ms)[0m  [1mselect * from routes where endplace_id = 1123[0m
  [1m[35mCACHE (0.0ms)[0m  SELECT "places".* FROM "places" WHERE "places"."id" = $1 LIMIT 1  [["id", 1123]]
  [1m[36mCACHE (0.0ms)[0m  [1mSELECT "places".* FROM "places" WHERE "places"."id" = $1 LIMIT 1[0m  [["id", 1124]]
  [1m[35mPlace Load (0.3ms)[0m  SELECT "places".* FROM "places" WHERE "places"."id" = $1 LIMIT 1  [["id", 975]]
  [1m[36mPlace Load (0.2ms)[0m  [1mSELECT "places".* FROM "places" WHERE "places"."id" = $1 LIMIT 1[0m  [["id", 1125]]
  [1m[35mPlace Load (0.3ms)[0m  SELECT "places".* FROM "places" WHERE "places"."id" = 1129 LIMIT 1
  [1m[36mRoute Load (0.3ms)[0m  [1mselect * from routes where startplace_id = 1129[0m
  [1m[35mRoute Load (0.3ms)[0m  select * from routes where endplace_id = 1129
  [1m[36mCACHE (0.0ms)[0m  [1mSELECT "places".* FROM "places" WHERE "places"."id" = $1 LIMIT 1[0m  [["id", 1129]]
  [1m[35mCACHE (0.0ms)[0m  SELECT "places".* FROM "places" WHERE "places"."id" = $1 LIMIT 1  [["id", 207]]
  [1m[36mCACHE (0.0ms)[0m  [1mSELECT "places".* FROM "places" WHERE "places"."id" = $1 LIMIT 1[0m  [["id", 1124]]
  [1m[35mCACHE (0.0ms)[0m  SELECT "places".* FROM "places" WHERE "places"."id" = $1 LIMIT 1  [["id", 975]]
  [1m[36mPlace Load (0.3ms)[0m  [1mSELECT "places".* FROM "places" WHERE "places"."id" = 1127 LIMIT 1[0m
  [1m[35mRoute Load (0.3ms)[0m  select * from routes where startplace_id = 1127
  [1m[36mRoute Load (0.3ms)[0m  [1mselect * from routes where endplace_id = 1127[0m
  [1m[35mCACHE (0.0ms)[0m  SELECT "places".* FROM "places" WHERE "places"."id" = $1 LIMIT 1  [["id", 1127]]
  [1m[36mCACHE (0.0ms)[0m  [1mSELECT "places".* FROM "places" WHERE "places"."id" = $1 LIMIT 1[0m  [["id", 1126]]
  [1m[35mPlace Load (0.2ms)[0m  SELECT "places".* FROM "places" WHERE "places"."id" = $1 LIMIT 1  [["id", 419]]
  [1m[36mPlace Load (0.3ms)[0m  [1mSELECT "places".* FROM "places" WHERE "places"."id" = 769 LIMIT 1[0m
  [1m[35mRoute Load (0.3ms)[0m  select * from routes where startplace_id = 769
  [1m[36mRoute Load (0.3ms)[0m  [1mselect * from routes where endplace_id = 769[0m
  [1m[35mCACHE (0.0ms)[0m  SELECT "places".* FROM "places" WHERE "places"."id" = $1 LIMIT 1  [["id", 769]]
  [1m[36mCACHE (0.0ms)[0m  [1mSELECT "places".* FROM "places" WHERE "places"."id" = $1 LIMIT 1[0m  [["id", 1125]]
  [1m[35mCACHE (0.0ms)[0m  SELECT "places".* FROM "places" WHERE "places"."id" = $1 LIMIT 1  [["id", 1126]]
  [1m[36mPlace Load (0.3ms)[0m  [1mSELECT "places".* FROM "places" WHERE "places"."id" = 975 LIMIT 1[0m
  [1m[35mRoute Load (0.3ms)[0m  select * from routes where startplace_id = 975
  [1m[36mRoute Load (0.3ms)[0m  [1mselect * from routes where endplace_id = 975[0m
  [1m[35mCACHE (0.0ms)[0m  SELECT "places".* FROM "places" WHERE "places"."id" = $1 LIMIT 1  [["id", 975]]
  [1m[36mCACHE (0.0ms)[0m  [1mSELECT "places".* FROM "places" WHERE "places"."id" = $1 LIMIT 1[0m  [["id", 1129]]
  [1m[35mCACHE (0.0ms)[0m  SELECT "places".* FROM "places" WHERE "places"."id" = $1 LIMIT 1  [["id", 975]]
  [1m[36mCACHE (0.0ms)[0m  [1mSELECT "places".* FROM "places" WHERE "places"."id" = $1 LIMIT 1[0m  [["id", 1123]]
  [1m[35mPlace Load (0.2ms)[0m  SELECT "places".* FROM "places" WHERE "places"."id" = $1 LIMIT 1  [["id", 1122]]
  [1m[36mPlace Load (0.2ms)[0m  [1mSELECT "places".* FROM "places" WHERE "places"."id" = 1125 LIMIT 1[0m
  [1m[35mRoute Load (0.3ms)[0m  select * from routes where startplace_id = 1125
  [1m[36mRoute Load (0.3ms)[0m  [1mselect * from routes where endplace_id = 1125[0m
  [1m[35mCACHE (0.0ms)[0m  SELECT "places".* FROM "places" WHERE "places"."id" = $1 LIMIT 1  [["id", 1125]]
  [1m[36mCACHE (0.0ms)[0m  [1mSELECT "places".* FROM "places" WHERE "places"."id" = $1 LIMIT 1[0m  [["id", 1123]]
  [1m[35mCACHE (0.0ms)[0m  SELECT "places".* FROM "places" WHERE "places"."id" = $1 LIMIT 1  [["id", 769]]
  [1m[36mCACHE (0.0ms)[0m  [1mSELECT "places".* FROM "places" WHERE "places"."id" = 975 LIMIT 1[0m
  [1m[35mCACHE (0.0ms)[0m  select * from routes where startplace_id = 975
  [1m[36mCACHE (0.0ms)[0m  [1mselect * from routes where endplace_id = 975[0m
  [1m[35mCACHE (0.0ms)[0m  SELECT "places".* FROM "places" WHERE "places"."id" = $1 LIMIT 1  [["id", 975]]
  [1m[36mCACHE (0.0ms)[0m  [1mSELECT "places".* FROM "places" WHERE "places"."id" = $1 LIMIT 1[0m  [["id", 1129]]
  [1m[35mCACHE (0.0ms)[0m  SELECT "places".* FROM "places" WHERE "places"."id" = $1 LIMIT 1  [["id", 975]]
  [1m[36mCACHE (0.0ms)[0m  [1mSELECT "places".* FROM "places" WHERE "places"."id" = $1 LIMIT 1[0m  [["id", 1123]]
  [1m[35mCACHE (0.0ms)[0m  SELECT "places".* FROM "places" WHERE "places"."id" = $1 LIMIT 1  [["id", 1122]]
  [1m[36mPlace Load (0.3ms)[0m  [1mSELECT "places".* FROM "places" WHERE "places"."id" = 419 LIMIT 1[0m
  [1m[35mRoute Load (0.3ms)[0m  select * from routes where startplace_id = 419
  [1m[36mRoute Load (0.3ms)[0m  [1mselect * from routes where endplace_id = 419[0m
  [1m[35mCACHE (0.0ms)[0m  SELECT "places".* FROM "places" WHERE "places"."id" = $1 LIMIT 1  [["id", 419]]
  [1m[36mCACHE (0.0ms)[0m  [1mSELECT "places".* FROM "places" WHERE "places"."id" = $1 LIMIT 1[0m  [["id", 1127]]
  [1m[35mPlace Load (0.2ms)[0m  SELECT "places".* FROM "places" WHERE "places"."id" = $1 LIMIT 1  [["id", 1128]]
  [1m[36mCACHE (0.0ms)[0m  [1mSELECT "places".* FROM "places" WHERE "places"."id" = 1125 LIMIT 1[0m
  [1m[35mCACHE (0.0ms)[0m  select * from routes where startplace_id = 1125
  [1m[36mCACHE (0.0ms)[0m  [1mselect * from routes where endplace_id = 1125[0m
  [1m[35mCACHE (0.0ms)[0m  SELECT "places".* FROM "places" WHERE "places"."id" = $1 LIMIT 1  [["id", 1125]]
  [1m[36mCACHE (0.0ms)[0m  [1mSELECT "places".* FROM "places" WHERE "places"."id" = $1 LIMIT 1[0m  [["id", 1123]]
  [1m[35mCACHE (0.0ms)[0m  SELECT "places".* FROM "places" WHERE "places"."id" = $1 LIMIT 1  [["id", 769]]
  [1m[36mPlace Load (0.3ms)[0m  [1mSELECT "places".* FROM "places" WHERE "places"."id" = 1122 LIMIT 1[0m
  [1m[35mRoute Load (0.3ms)[0m  select * from routes where startplace_id = 1122
  [1m[36mRoute Load (0.3ms)[0m  [1mselect * from routes where endplace_id = 1122[0m
  [1m[35mCACHE (0.0ms)[0m  SELECT "places".* FROM "places" WHERE "places"."id" = $1 LIMIT 1  [["id", 1122]]
  [1m[36mCACHE (0.0ms)[0m  [1mSELECT "places".* FROM "places" WHERE "places"."id" = $1 LIMIT 1[0m  [["id", 975]]
  [1m[35mPlace Load (0.2ms)[0m  SELECT "places".* FROM "places" WHERE "places"."id" = $1 LIMIT 1  [["id", 1121]]
  [1m[36mCACHE (0.0ms)[0m  [1mSELECT "places".* FROM "places" WHERE "places"."id" = 1129 LIMIT 1[0m
  [1m[35mCACHE (0.0ms)[0m  select * from routes where startplace_id = 1129
  [1m[36mCACHE (0.0ms)[0m  [1mselect * from routes where endplace_id = 1129[0m
  [1m[35mCACHE (0.0ms)[0m  SELECT "places".* FROM "places" WHERE "places"."id" = $1 LIMIT 1  [["id", 1129]]
  [1m[36mCACHE (0.0ms)[0m  [1mSELECT "places".* FROM "places" WHERE "places"."id" = $1 LIMIT 1[0m  [["id", 207]]
  [1m[35mCACHE (0.0ms)[0m  SELECT "places".* FROM "places" WHERE "places"."id" = $1 LIMIT 1  [["id", 1124]]
  [1m[36mCACHE (0.0ms)[0m  [1mSELECT "places".* FROM "places" WHERE "places"."id" = $1 LIMIT 1[0m  [["id", 975]]
  [1m[35mCACHE (0.0ms)[0m  SELECT "places".* FROM "places" WHERE "places"."id" = 769 LIMIT 1
  [1m[36mCACHE (0.0ms)[0m  [1mselect * from routes where startplace_id = 769[0m
  [1m[35mCACHE (0.0ms)[0m  select * from routes where endplace_id = 769
  [1m[36mCACHE (0.0ms)[0m  [1mSELECT "places".* FROM "places" WHERE "places"."id" = $1 LIMIT 1[0m  [["id", 769]]
  [1m[35mCACHE (0.0ms)[0m  SELECT "places".* FROM "places" WHERE "places"."id" = $1 LIMIT 1  [["id", 1125]]
  [1m[36mCACHE (0.0ms)[0m  [1mSELECT "places".* FROM "places" WHERE "places"."id" = $1 LIMIT 1[0m  [["id", 1126]]
  [1m[35mCACHE (0.0ms)[0m  SELECT "places".* FROM "places" WHERE "places"."id" = 1122 LIMIT 1
  [1m[36mCACHE (0.0ms)[0m  [1mselect * from routes where startplace_id = 1122[0m
  [1m[35mCACHE (0.0ms)[0m  select * from routes where endplace_id = 1122
  [1m[36mCACHE (0.0ms)[0m  [1mSELECT "places".* FROM "places" WHERE "places"."id" = $1 LIMIT 1[0m  [["id", 1122]]
  [1m[35mCACHE (0.0ms)[0m  SELECT "places".* FROM "places" WHERE "places"."id" = $1 LIMIT 1  [["id", 975]]
  [1m[36mCACHE (0.0ms)[0m  [1mSELECT "places".* FROM "places" WHERE "places"."id" = $1 LIMIT 1[0m  [["id", 1121]]
  [1m[35mCACHE (0.0ms)[0m  SELECT "places".* FROM "places" WHERE "places"."id" = 1123 LIMIT 1
  [1m[36mCACHE (0.0ms)[0m  [1mselect * from routes where startplace_id = 1123[0m
  [1m[35mCACHE (0.0ms)[0m  select * from routes where endplace_id = 1123
  [1m[36mCACHE (0.0ms)[0m  [1mSELECT "places".* FROM "places" WHERE "places"."id" = $1 LIMIT 1[0m  [["id", 1123]]
  [1m[35mCACHE (0.0ms)[0m  SELECT "places".* FROM "places" WHERE "places"."id" = $1 LIMIT 1  [["id", 1124]]
  [1m[36mCACHE (0.0ms)[0m  [1mSELECT "places".* FROM "places" WHERE "places"."id" = $1 LIMIT 1[0m  [["id", 975]]
  [1m[35mCACHE (0.0ms)[0m  SELECT "places".* FROM "places" WHERE "places"."id" = $1 LIMIT 1  [["id", 1125]]
  [1m[36mPlace Load (0.3ms)[0m  [1mSELECT "places".* FROM "places" WHERE "places"."id" = 1128 LIMIT 1[0m
  [1m[35mRoute Load (0.3ms)[0m  select * from routes where startplace_id = 1128
  [1m[36mRoute Load (0.4ms)[0m  [1mselect * from routes where endplace_id = 1128[0m
  [1m[35mCACHE (0.0ms)[0m  SELECT "places".* FROM "places" WHERE "places"."id" = $1 LIMIT 1  [["id", 1128]]
  [1m[36mCACHE (0.0ms)[0m  [1mSELECT "places".* FROM "places" WHERE "places"."id" = $1 LIMIT 1[0m  [["id", 419]]
  [1m[35mCACHE (0.0ms)[0m  SELECT "places".* FROM "places" WHERE "places"."id" = 1123 LIMIT 1
  [1m[36mCACHE (0.0ms)[0m  [1mselect * from routes where startplace_id = 1123[0m
  [1m[35mCACHE (0.0ms)[0m  select * from routes where endplace_id = 1123
  [1m[36mCACHE (0.0ms)[0m  [1mSELECT "places".* FROM "places" WHERE "places"."id" = $1 LIMIT 1[0m  [["id", 1123]]
  [1m[35mCACHE (0.0ms)[0m  SELECT "places".* FROM "places" WHERE "places"."id" = $1 LIMIT 1  [["id", 1124]]
  [1m[36mCACHE (0.0ms)[0m  [1mSELECT "places".* FROM "places" WHERE "places"."id" = $1 LIMIT 1[0m  [["id", 975]]
  [1m[35mCACHE (0.0ms)[0m  SELECT "places".* FROM "places" WHERE "places"."id" = $1 LIMIT 1  [["id", 1125]]
  [1m[36mPlace Load (0.3ms)[0m  [1mSELECT "places".* FROM "places" WHERE "places"."id" = 1121 LIMIT 1[0m
  [1m[35mRoute Load (0.3ms)[0m  select * from routes where startplace_id = 1121
  [1m[36mRoute Load (0.3ms)[0m  [1mselect * from routes where endplace_id = 1121[0m
  [1m[35mCACHE (0.0ms)[0m  SELECT "places".* FROM "places" WHERE "places"."id" = $1 LIMIT 1  [["id", 1121]]
  [1m[36mCACHE (0.0ms)[0m  [1mSELECT "places".* FROM "places" WHERE "places"."id" = $1 LIMIT 1[0m  [["id", 1122]]
  [1m[35mCACHE (0.0ms)[0m  SELECT "places".* FROM "places" WHERE "places"."id" = $1 LIMIT 1  [["id", 976]]
  [1m[36mCACHE (0.0ms)[0m  [1mSELECT "places".* FROM "places" WHERE "places"."id" = 1126 LIMIT 1[0m
  [1m[35mCACHE (0.0ms)[0m  select * from routes where startplace_id = 1126
  [1m[36mCACHE (0.0ms)[0m  [1mselect * from routes where endplace_id = 1126[0m
  [1m[35mCACHE (0.0ms)[0m  SELECT "places".* FROM "places" WHERE "places"."id" = $1 LIMIT 1  [["id", 1126]]
  [1m[36mCACHE (0.0ms)[0m  [1mSELECT "places".* FROM "places" WHERE "places"."id" = $1 LIMIT 1[0m  [["id", 1130]]
  [1m[35mCACHE (0.0ms)[0m  SELECT "places".* FROM "places" WHERE "places"."id" = $1 LIMIT 1  [["id", 1126]]
  [1m[36mCACHE (0.0ms)[0m  [1mSELECT "places".* FROM "places" WHERE "places"."id" = $1 LIMIT 1[0m  [["id", 769]]
  [1m[35mCACHE (0.0ms)[0m  SELECT "places".* FROM "places" WHERE "places"."id" = $1 LIMIT 1  [["id", 1127]]
  [1m[36mCACHE (0.0ms)[0m  [1mSELECT "places".* FROM "places" WHERE "places"."id" = 1121 LIMIT 1[0m
  [1m[35mCACHE (0.0ms)[0m  select * from routes where startplace_id = 1121
  [1m[36mCACHE (0.0ms)[0m  [1mselect * from routes where endplace_id = 1121[0m
  [1m[35mCACHE (0.0ms)[0m  SELECT "places".* FROM "places" WHERE "places"."id" = $1 LIMIT 1  [["id", 1121]]
  [1m[36mCACHE (0.0ms)[0m  [1mSELECT "places".* FROM "places" WHERE "places"."id" = $1 LIMIT 1[0m  [["id", 1122]]
  [1m[35mCACHE (0.0ms)[0m  SELECT "places".* FROM "places" WHERE "places"."id" = $1 LIMIT 1  [["id", 976]]
  [1m[36mCACHE (0.0ms)[0m  [1mSELECT "places".* FROM "places" WHERE "places"."id" = 1125 LIMIT 1[0m
  [1m[35mCACHE (0.0ms)[0m  select * from routes where startplace_id = 1125
  [1m[36mCACHE (0.0ms)[0m  [1mselect * from routes where endplace_id = 1125[0m
  [1m[35mCACHE (0.0ms)[0m  SELECT "places".* FROM "places" WHERE "places"."id" = $1 LIMIT 1  [["id", 1125]]
  [1m[36mCACHE (0.0ms)[0m  [1mSELECT "places".* FROM "places" WHERE "places"."id" = $1 LIMIT 1[0m  [["id", 1123]]
  [1m[35mCACHE (0.0ms)[0m  SELECT "places".* FROM "places" WHERE "places"."id" = $1 LIMIT 1  [["id", 769]]
  [1m[36mCACHE (0.0ms)[0m  [1mSELECT "places".* FROM "places" WHERE "places"."id" = 975 LIMIT 1[0m
  [1m[35mCACHE (0.0ms)[0m  select * from routes where startplace_id = 975
  [1m[36mCACHE (0.0ms)[0m  [1mselect * from routes where endplace_id = 975[0m
  [1m[35mCACHE (0.0ms)[0m  SELECT "places".* FROM "places" WHERE "places"."id" = $1 LIMIT 1  [["id", 975]]
  [1m[36mCACHE (0.0ms)[0m  [1mSELECT "places".* FROM "places" WHERE "places"."id" = $1 LIMIT 1[0m  [["id", 1129]]
  [1m[35mCACHE (0.0ms)[0m  SELECT "places".* FROM "places" WHERE "places"."id" = $1 LIMIT 1  [["id", 975]]
  [1m[36mCACHE (0.0ms)[0m  [1mSELECT "places".* FROM "places" WHERE "places"."id" = $1 LIMIT 1[0m  [["id", 1123]]
  [1m[35mCACHE (0.0ms)[0m  SELECT "places".* FROM "places" WHERE "places"."id" = $1 LIMIT 1  [["id", 1122]]
  [1m[36mCACHE (0.0ms)[0m  [1mSELECT "places".* FROM "places" WHERE "places"."id" = 1124 LIMIT 1[0m
  [1m[35mCACHE (0.0ms)[0m  select * from routes where startplace_id = 1124
  [1m[36mCACHE (0.0ms)[0m  [1mselect * from routes where endplace_id = 1124[0m
  [1m[35mCACHE (0.0ms)[0m  SELECT "places".* FROM "places" WHERE "places"."id" = $1 LIMIT 1  [["id", 1124]]
  [1m[36mCACHE (0.0ms)[0m  [1mSELECT "places".* FROM "places" WHERE "places"."id" = $1 LIMIT 1[0m  [["id", 1129]]
  [1m[35mCACHE (0.0ms)[0m  SELECT "places".* FROM "places" WHERE "places"."id" = $1 LIMIT 1  [["id", 1124]]
  [1m[36mCACHE (0.0ms)[0m  [1mSELECT "places".* FROM "places" WHERE "places"."id" = $1 LIMIT 1[0m  [["id", 974]]
  [1m[35mCACHE (0.0ms)[0m  SELECT "places".* FROM "places" WHERE "places"."id" = $1 LIMIT 1  [["id", 1123]]
  [1m[36mCACHE (0.0ms)[0m  [1mSELECT "places".* FROM "places" WHERE "places"."id" = 1127 LIMIT 1[0m
  [1m[35mCACHE (0.0ms)[0m  select * from routes where startplace_id = 1127
  [1m[36mCACHE (0.0ms)[0m  [1mselect * from routes where endplace_id = 1127[0m
  [1m[35mCACHE (0.0ms)[0m  SELECT "places".* FROM "places" WHERE "places"."id" = $1 LIMIT 1  [["id", 1127]]
  [1m[36mCACHE (0.0ms)[0m  [1mSELECT "places".* FROM "places" WHERE "places"."id" = $1 LIMIT 1[0m  [["id", 1126]]
  [1m[35mCACHE (0.0ms)[0m  SELECT "places".* FROM "places" WHERE "places"."id" = $1 LIMIT 1  [["id", 419]]
  [1m[36mCACHE (0.0ms)[0m  [1mSELECT "places".* FROM "places" WHERE "places"."id" = 1130 LIMIT 1[0m
  [1m[35mCACHE (0.0ms)[0m  select * from routes where startplace_id = 1130
  [1m[36mCACHE (0.0ms)[0m  [1mselect * from routes where endplace_id = 1130[0m
  [1m[35mCACHE (0.0ms)[0m  SELECT "places".* FROM "places" WHERE "places"."id" = $1 LIMIT 1  [["id", 1130]]
  [1m[36mCACHE (0.0ms)[0m  [1mSELECT "places".* FROM "places" WHERE "places"."id" = $1 LIMIT 1[0m  [["id", 974]]
  [1m[35mCACHE (0.0ms)[0m  SELECT "places".* FROM "places" WHERE "places"."id" = $1 LIMIT 1  [["id", 1126]]
  [1m[36mCACHE (0.0ms)[0m  [1mSELECT "places".* FROM "places" WHERE "places"."id" = 769 LIMIT 1[0m
  [1m[35mCACHE (0.0ms)[0m  select * from routes where startplace_id = 769
  [1m[36mCACHE (0.0ms)[0m  [1mselect * from routes where endplace_id = 769[0m
  [1m[35mCACHE (0.0ms)[0m  SELECT "places".* FROM "places" WHERE "places"."id" = $1 LIMIT 1  [["id", 769]]
  [1m[36mCACHE (0.0ms)[0m  [1mSELECT "places".* FROM "places" WHERE "places"."id" = $1 LIMIT 1[0m  [["id", 1125]]
  [1m[35mCACHE (0.0ms)[0m  SELECT "places".* FROM "places" WHERE "places"."id" = $1 LIMIT 1  [["id", 1126]]
BNewroutes
1132
{:place=>974, :route=>[272, 22, -219, -231, -233, -234, 243, 242], :url=>"xrv241xrv242xrv243xrv-234xrv-233xrv-231xrv-219xrv22xrv272"}
{:place=>769, :route=>[-227, 240, 239, 272, 22, -219, -231, -233, -234, 243, 242], :url=>"xrv241xrv242xrv243xrv-234xrv-233xrv-231xrv-219xrv22xrv272xrv239xrv240xrv-227"}
{:place=>1125, :route=>[225, 223, 224, 272, 22, -219, -231, -233, -234, 243, 242], :url=>"xrv241xrv242xrv243xrv-234xrv-233xrv-231xrv-219xrv22xrv272xrv224xrv223xrv225"}
{:place=>419, :route=>[229, 228, 240, 239, 272, 22, -219, -231, -233, -234, 243, 242], :url=>"xrv241xrv242xrv243xrv-234xrv-233xrv-231xrv-219xrv22xrv272xrv239xrv240xrv228xrv229"}
{:place=>1125, :route=>[-226, -227, 240, 239, 272, 22, -219, -231, -233, -234, 243, 242], :url=>"xrv241xrv242xrv243xrv-234xrv-233xrv-231xrv-219xrv22xrv272xrv239xrv240xrv-227xrv-226"}
{:place=>769, :route=>[226, 225, 223, 224, 272, 22, -219, -231, -233, -234, 243, 242], :url=>"xrv241xrv242xrv243xrv-234xrv-233xrv-231xrv-219xrv22xrv272xrv224xrv223xrv225xrv226"}
{:place=>1128, :route=>[230, 229, 228, 240, 239, 272, 22, -219, -231, -233, -234, 243, 242], :url=>"xrv241xrv242xrv243xrv-234xrv-233xrv-231xrv-219xrv22xrv272xrv239xrv240xrv228xrv229xrv230"}
{:place=>1129, :route=>[-238, 222, 223, 224, 272, 22, -219, -231, -233, -234, 243, 242], :url=>"xrv241xrv242xrv243xrv-234xrv-233xrv-231xrv-219xrv22xrv272xrv224xrv223xrv222xrv-238"}
{:place=>1125, :route=>[225, -222, 238, -237, 224, 272, 22, -219, -231, -233, -234, 243, 242], :url=>"xrv241xrv242xrv243xrv-234xrv-233xrv-231xrv-219xrv22xrv272xrv224xrv-237xrv238xrv-222xrv225"}
{:place=>1121, :route=>[21, 221, 222, 223, 224, 272, 22, -219, -231, -233, -234, 243, 242], :url=>"xrv241xrv242xrv243xrv-234xrv-233xrv-231xrv-219xrv22xrv272xrv224xrv223xrv222xrv221xrv21"}
{:place=>1121, :route=>[21, 221, 238, -237, 224, 272, 22, -219, -231, -233, -234, 243, 242], :url=>"xrv241xrv242xrv243xrv-234xrv-233xrv-231xrv-219xrv22xrv272xrv224xrv-237xrv238xrv221xrv21"}
{:place=>769, :route=>[226, 225, -222, 238, -237, 224, 272, 22, -219, -231, -233, -234, 243, 242], :url=>"xrv241xrv242xrv243xrv-234xrv-233xrv-231xrv-219xrv22xrv272xrv224xrv-237xrv238xrv-222xrv225xrv226"}
{:place=>419, :route=>[229, 228, 227, 226, 225, 223, 224, 272, 22, -219, -231, -233, -234, 243, 242], :url=>"xrv241xrv242xrv243xrv-234xrv-233xrv-231xrv-219xrv22xrv272xrv224xrv223xrv225xrv226xrv227xrv228xrv229"}
{:place=>1130, :route=>[-240, 227, 226, 225, 223, 224, 272, 22, -219, -231, -233, -234, 243, 242], :url=>"xrv241xrv242xrv243xrv-234xrv-233xrv-231xrv-219xrv22xrv272xrv224xrv223xrv225xrv226xrv227xrv-240"}
  [1m[36mCACHE (0.0ms)[0m  [1mSELECT "places".* FROM "places" WHERE "places"."id" = 974 LIMIT 1[0m
  [1m[35m (1.4ms)[0m  SELECT COUNT(*) FROM "route_indices" WHERE (url = 'xrv241xrv242xrv243xrv-234xrv-233xrv-231xrv-219xrv22xrv272')
  [1m[36mPlaceType Load (0.2ms)[0m  [1mselect * from place_types where name='Roadend'[0m
  [1m[35mSQL (0.6ms)[0m  INSERT INTO "route_indices" ("created_at", "endplace_id", "isDest", "startplace_id", "updated_at", "url") VALUES ($1, $2, $3, $4, $5, $6) RETURNING "id"  [["created_at", Mon, 27 Oct 2014 10:08:09 NZDT +13:00], ["endplace_id", 974], ["isDest", true], ["startplace_id", 1132], ["updated_at", Mon, 27 Oct 2014 10:08:09 NZDT +13:00], ["url", "xrv241xrv242xrv243xrv-234xrv-233xrv-231xrv-219xrv22xrv272"]]
  [1m[36mPlace Load (0.3ms)[0m  [1mSELECT "places".* FROM "places" WHERE "places"."id" = 769 LIMIT 1[0m
  [1m[35m (1.1ms)[0m  SELECT COUNT(*) FROM "route_indices" WHERE (url = 'xrv241xrv242xrv243xrv-234xrv-233xrv-231xrv-219xrv22xrv272xrv239xrv240xrv-227')
  [1m[36mPlaceType Load (0.2ms)[0m  [1mselect * from place_types where name='Hut'[0m
  [1m[35mSQL (0.4ms)[0m  INSERT INTO "route_indices" ("created_at", "endplace_id", "isDest", "startplace_id", "updated_at", "url") VALUES ($1, $2, $3, $4, $5, $6) RETURNING "id"  [["created_at", Mon, 27 Oct 2014 10:08:09 NZDT +13:00], ["endplace_id", 769], ["isDest", true], ["startplace_id", 1132], ["updated_at", Mon, 27 Oct 2014 10:08:09 NZDT +13:00], ["url", "xrv241xrv242xrv243xrv-234xrv-233xrv-231xrv-219xrv22xrv272xrv239xrv240xrv-227"]]
  [1m[36mPlace Load (0.4ms)[0m  [1mSELECT "places".* FROM "places" WHERE "places"."id" = 1125 LIMIT 1[0m
  [1m[35m (1.1ms)[0m  SELECT COUNT(*) FROM "route_indices" WHERE (url = 'xrv241xrv242xrv243xrv-234xrv-233xrv-231xrv-219xrv22xrv272xrv224xrv223xrv225')
  [1m[36mPlaceType Load (0.2ms)[0m  [1mselect * from place_types where name='Campsite'[0m
  [1m[35mSQL (0.4ms)[0m  INSERT INTO "route_indices" ("created_at", "endplace_id", "isDest", "startplace_id", "updated_at", "url") VALUES ($1, $2, $3, $4, $5, $6) RETURNING "id"  [["created_at", Mon, 27 Oct 2014 10:08:09 NZDT +13:00], ["endplace_id", 1125], ["isDest", true], ["startplace_id", 1132], ["updated_at", Mon, 27 Oct 2014 10:08:09 NZDT +13:00], ["url", "xrv241xrv242xrv243xrv-234xrv-233xrv-231xrv-219xrv22xrv272xrv224xrv223xrv225"]]
  [1m[36mPlace Load (0.3ms)[0m  [1mSELECT "places".* FROM "places" WHERE "places"."id" = 419 LIMIT 1[0m
  [1m[35m (1.1ms)[0m  SELECT COUNT(*) FROM "route_indices" WHERE (url = 'xrv241xrv242xrv243xrv-234xrv-233xrv-231xrv-219xrv22xrv272xrv239xrv240xrv228xrv229')
  [1m[36mPlaceType Load (0.2ms)[0m  [1mselect * from place_types where name='Hut'[0m
  [1m[35mSQL (0.4ms)[0m  INSERT INTO "route_indices" ("created_at", "endplace_id", "isDest", "startplace_id", "updated_at", "url") VALUES ($1, $2, $3, $4, $5, $6) RETURNING "id"  [["created_at", Mon, 27 Oct 2014 10:08:09 NZDT +13:00], ["endplace_id", 419], ["isDest", true], ["startplace_id", 1132], ["updated_at", Mon, 27 Oct 2014 10:08:09 NZDT +13:00], ["url", "xrv241xrv242xrv243xrv-234xrv-233xrv-231xrv-219xrv22xrv272xrv239xrv240xrv228xrv229"]]
  [1m[36mPlace Load (0.3ms)[0m  [1mSELECT "places".* FROM "places" WHERE "places"."id" = 1125 LIMIT 1[0m
  [1m[35m (1.0ms)[0m  SELECT COUNT(*) FROM "route_indices" WHERE (url = 'xrv241xrv242xrv243xrv-234xrv-233xrv-231xrv-219xrv22xrv272xrv239xrv240xrv-227xrv-226')
  [1m[36mPlaceType Load (0.2ms)[0m  [1mselect * from place_types where name='Campsite'[0m
  [1m[35mSQL (0.4ms)[0m  INSERT INTO "route_indices" ("created_at", "endplace_id", "isDest", "startplace_id", "updated_at", "url") VALUES ($1, $2, $3, $4, $5, $6) RETURNING "id"  [["created_at", Mon, 27 Oct 2014 10:08:09 NZDT +13:00], ["endplace_id", 1125], ["isDest", true], ["startplace_id", 1132], ["updated_at", Mon, 27 Oct 2014 10:08:09 NZDT +13:00], ["url", "xrv241xrv242xrv243xrv-234xrv-233xrv-231xrv-219xrv22xrv272xrv239xrv240xrv-227xrv-226"]]
  [1m[36mPlace Load (0.3ms)[0m  [1mSELECT "places".* FROM "places" WHERE "places"."id" = 769 LIMIT 1[0m
  [1m[35m (1.0ms)[0m  SELECT COUNT(*) FROM "route_indices" WHERE (url = 'xrv241xrv242xrv243xrv-234xrv-233xrv-231xrv-219xrv22xrv272xrv224xrv223xrv225xrv226')
  [1m[36mPlaceType Load (0.2ms)[0m  [1mselect * from place_types where name='Hut'[0m
  [1m[35mSQL (0.4ms)[0m  INSERT INTO "route_indices" ("created_at", "endplace_id", "isDest", "startplace_id", "updated_at", "url") VALUES ($1, $2, $3, $4, $5, $6) RETURNING "id"  [["created_at", Mon, 27 Oct 2014 10:08:09 NZDT +13:00], ["endplace_id", 769], ["isDest", true], ["startplace_id", 1132], ["updated_at", Mon, 27 Oct 2014 10:08:09 NZDT +13:00], ["url", "xrv241xrv242xrv243xrv-234xrv-233xrv-231xrv-219xrv22xrv272xrv224xrv223xrv225xrv226"]]
  [1m[36mPlace Load (0.3ms)[0m  [1mSELECT "places".* FROM "places" WHERE "places"."id" = 1128 LIMIT 1[0m
  [1m[35m (1.0ms)[0m  SELECT COUNT(*) FROM "route_indices" WHERE (url = 'xrv241xrv242xrv243xrv-234xrv-233xrv-231xrv-219xrv22xrv272xrv239xrv240xrv228xrv229xrv230')
  [1m[36mPlaceType Load (0.2ms)[0m  [1mselect * from place_types where name='Roadend'[0m
  [1m[35mSQL (0.4ms)[0m  INSERT INTO "route_indices" ("created_at", "endplace_id", "isDest", "startplace_id", "updated_at", "url") VALUES ($1, $2, $3, $4, $5, $6) RETURNING "id"  [["created_at", Mon, 27 Oct 2014 10:08:09 NZDT +13:00], ["endplace_id", 1128], ["isDest", true], ["startplace_id", 1132], ["updated_at", Mon, 27 Oct 2014 10:08:09 NZDT +13:00], ["url", "xrv241xrv242xrv243xrv-234xrv-233xrv-231xrv-219xrv22xrv272xrv239xrv240xrv228xrv229xrv230"]]
  [1m[36mPlace Load (0.3ms)[0m  [1mSELECT "places".* FROM "places" WHERE "places"."id" = 1129 LIMIT 1[0m
  [1m[35m (1.1ms)[0m  SELECT COUNT(*) FROM "route_indices" WHERE (url = 'xrv241xrv242xrv243xrv-234xrv-233xrv-231xrv-219xrv22xrv272xrv224xrv223xrv222xrv-238')
  [1m[36mPlaceType Load (0.2ms)[0m  [1mselect * from place_types where name='Junction'[0m
  [1m[35mSQL (0.4ms)[0m  INSERT INTO "route_indices" ("created_at", "endplace_id", "isDest", "startplace_id", "updated_at", "url") VALUES ($1, $2, $3, $4, $5, $6) RETURNING "id"  [["created_at", Mon, 27 Oct 2014 10:08:09 NZDT +13:00], ["endplace_id", 1129], ["isDest", false], ["startplace_id", 1132], ["updated_at", Mon, 27 Oct 2014 10:08:09 NZDT +13:00], ["url", "xrv241xrv242xrv243xrv-234xrv-233xrv-231xrv-219xrv22xrv272xrv224xrv223xrv222xrv-238"]]
  [1m[36mPlace Load (0.3ms)[0m  [1mSELECT "places".* FROM "places" WHERE "places"."id" = 1125 LIMIT 1[0m
  [1m[35m (1.1ms)[0m  SELECT COUNT(*) FROM "route_indices" WHERE (url = 'xrv241xrv242xrv243xrv-234xrv-233xrv-231xrv-219xrv22xrv272xrv224xrv-237xrv238xrv-222xrv225')
  [1m[36mPlaceType Load (0.2ms)[0m  [1mselect * from place_types where name='Campsite'[0m
  [1m[35mSQL (0.3ms)[0m  INSERT INTO "route_indices" ("created_at", "endplace_id", "isDest", "startplace_id", "updated_at", "url") VALUES ($1, $2, $3, $4, $5, $6) RETURNING "id"  [["created_at", Mon, 27 Oct 2014 10:08:09 NZDT +13:00], ["endplace_id", 1125], ["isDest", true], ["startplace_id", 1132], ["updated_at", Mon, 27 Oct 2014 10:08:09 NZDT +13:00], ["url", "xrv241xrv242xrv243xrv-234xrv-233xrv-231xrv-219xrv22xrv272xrv224xrv-237xrv238xrv-222xrv225"]]
  [1m[36mPlace Load (0.3ms)[0m  [1mSELECT "places".* FROM "places" WHERE "places"."id" = 1121 LIMIT 1[0m
  [1m[35m (1.1ms)[0m  SELECT COUNT(*) FROM "route_indices" WHERE (url = 'xrv241xrv242xrv243xrv-234xrv-233xrv-231xrv-219xrv22xrv272xrv224xrv223xrv222xrv221xrv21')
  [1m[36mPlaceType Load (0.2ms)[0m  [1mselect * from place_types where name='Junction'[0m
  [1m[35mSQL (0.3ms)[0m  INSERT INTO "route_indices" ("created_at", "endplace_id", "isDest", "startplace_id", "updated_at", "url") VALUES ($1, $2, $3, $4, $5, $6) RETURNING "id"  [["created_at", Mon, 27 Oct 2014 10:08:09 NZDT +13:00], ["endplace_id", 1121], ["isDest", false], ["startplace_id", 1132], ["updated_at", Mon, 27 Oct 2014 10:08:09 NZDT +13:00], ["url", "xrv241xrv242xrv243xrv-234xrv-233xrv-231xrv-219xrv22xrv272xrv224xrv223xrv222xrv221xrv21"]]
  [1m[36mPlace Load (0.2ms)[0m  [1mSELECT "places".* FROM "places" WHERE "places"."id" = 1121 LIMIT 1[0m
  [1m[35m (1.0ms)[0m  SELECT COUNT(*) FROM "route_indices" WHERE (url = 'xrv241xrv242xrv243xrv-234xrv-233xrv-231xrv-219xrv22xrv272xrv224xrv-237xrv238xrv221xrv21')
  [1m[36mPlaceType Load (0.2ms)[0m  [1mselect * from place_types where name='Junction'[0m
  [1m[35mSQL (0.4ms)[0m  INSERT INTO "route_indices" ("created_at", "endplace_id", "isDest", "startplace_id", "updated_at", "url") VALUES ($1, $2, $3, $4, $5, $6) RETURNING "id"  [["created_at", Mon, 27 Oct 2014 10:08:09 NZDT +13:00], ["endplace_id", 1121], ["isDest", false], ["startplace_id", 1132], ["updated_at", Mon, 27 Oct 2014 10:08:09 NZDT +13:00], ["url", "xrv241xrv242xrv243xrv-234xrv-233xrv-231xrv-219xrv22xrv272xrv224xrv-237xrv238xrv221xrv21"]]
  [1m[36mPlace Load (0.2ms)[0m  [1mSELECT "places".* FROM "places" WHERE "places"."id" = 769 LIMIT 1[0m
  [1m[35m (1.1ms)[0m  SELECT COUNT(*) FROM "route_indices" WHERE (url = 'xrv241xrv242xrv243xrv-234xrv-233xrv-231xrv-219xrv22xrv272xrv224xrv-237xrv238xrv-222xrv225xrv226')
  [1m[36mPlaceType Load (0.2ms)[0m  [1mselect * from place_types where name='Hut'[0m
  [1m[35mSQL (0.4ms)[0m  INSERT INTO "route_indices" ("created_at", "endplace_id", "isDest", "startplace_id", "updated_at", "url") VALUES ($1, $2, $3, $4, $5, $6) RETURNING "id"  [["created_at", Mon, 27 Oct 2014 10:08:09 NZDT +13:00], ["endplace_id", 769], ["isDest", true], ["startplace_id", 1132], ["updated_at", Mon, 27 Oct 2014 10:08:09 NZDT +13:00], ["url", "xrv241xrv242xrv243xrv-234xrv-233xrv-231xrv-219xrv22xrv272xrv224xrv-237xrv238xrv-222xrv225xrv226"]]
  [1m[36mPlace Load (0.3ms)[0m  [1mSELECT "places".* FROM "places" WHERE "places"."id" = 419 LIMIT 1[0m
  [1m[35m (1.0ms)[0m  SELECT COUNT(*) FROM "route_indices" WHERE (url = 'xrv241xrv242xrv243xrv-234xrv-233xrv-231xrv-219xrv22xrv272xrv224xrv223xrv225xrv226xrv227xrv228xrv229')
  [1m[36mPlaceType Load (0.2ms)[0m  [1mselect * from place_types where name='Hut'[0m
  [1m[35mSQL (0.4ms)[0m  INSERT INTO "route_indices" ("created_at", "endplace_id", "isDest", "startplace_id", "updated_at", "url") VALUES ($1, $2, $3, $4, $5, $6) RETURNING "id"  [["created_at", Mon, 27 Oct 2014 10:08:09 NZDT +13:00], ["endplace_id", 419], ["isDest", true], ["startplace_id", 1132], ["updated_at", Mon, 27 Oct 2014 10:08:09 NZDT +13:00], ["url", "xrv241xrv242xrv243xrv-234xrv-233xrv-231xrv-219xrv22xrv272xrv224xrv223xrv225xrv226xrv227xrv228xrv229"]]
  [1m[36mPlace Load (0.2ms)[0m  [1mSELECT "places".* FROM "places" WHERE "places"."id" = 1130 LIMIT 1[0m
  [1m[35m (1.1ms)[0m  SELECT COUNT(*) FROM "route_indices" WHERE (url = 'xrv241xrv242xrv243xrv-234xrv-233xrv-231xrv-219xrv22xrv272xrv224xrv223xrv225xrv226xrv227xrv-240')
  [1m[36mPlaceType Load (0.2ms)[0m  [1mselect * from place_types where name='Junction'[0m
  [1m[35mSQL (0.4ms)[0m  INSERT INTO "route_indices" ("created_at", "endplace_id", "isDest", "startplace_id", "updated_at", "url") VALUES ($1, $2, $3, $4, $5, $6) RETURNING "id"  [["created_at", Mon, 27 Oct 2014 10:08:09 NZDT +13:00], ["endplace_id", 1130], ["isDest", false], ["startplace_id", 1132], ["updated_at", Mon, 27 Oct 2014 10:08:09 NZDT +13:00], ["url", "xrv241xrv242xrv243xrv-234xrv-233xrv-231xrv-219xrv22xrv272xrv224xrv223xrv225xrv226xrv227xrv-240"]]
  [1m[36mPlace Load (0.3ms)[0m  [1mSELECT "places".* FROM "places" WHERE "places"."id" = 974 LIMIT 1[0m
  [1m[35mPlaceType Load (0.2ms)[0m  select name, "isDest" from place_types
  [1m[36mRoute Load (0.4ms)[0m  [1mSELECT "routes".* FROM "routes" WHERE "routes"."id" = 237 LIMIT 1[0m
  [1m[35mPlace Load (0.2ms)[0m  SELECT "places".* FROM "places" WHERE "places"."id" = $1 LIMIT 1  [["id", 1124]]
  [1m[36mPlace Load (0.2ms)[0m  [1mSELECT "places".* FROM "places" WHERE "places"."id" = $1 LIMIT 1[0m  [["id", 1129]]
  [1m[35mRoute Load (0.3ms)[0m  SELECT "routes".* FROM "routes" WHERE "routes"."id" = 238 LIMIT 1
  [1m[36mRoute Load (0.3ms)[0m  [1mSELECT "routes".* FROM "routes" WHERE "routes"."id" = 221 LIMIT 1[0m
  [1m[35mRoute Load (0.3ms)[0m  SELECT "routes".* FROM "routes" WHERE "routes"."id" = 21 LIMIT 1
  [1m[36mRoute Load (0.3ms)[0m  [1mSELECT "routes".* FROM "routes" WHERE "routes"."id" = 220 LIMIT 1[0m
  [1m[35mRoute Load (0.3ms)[0m  SELECT "routes".* FROM "routes" WHERE "routes"."id" = 219 LIMIT 1
  [1m[36mPlace Load (0.2ms)[0m  [1mSELECT "places".* FROM "places" WHERE "places"."id" = $1 LIMIT 1[0m  [["id", 976]]
  [1m[35mPlace Load (0.2ms)[0m  SELECT "places".* FROM "places" WHERE "places"."id" = $1 LIMIT 1  [["id", 1119]]
  [1m[36mRoute Load (0.3ms)[0m  [1mSELECT "routes".* FROM "routes" WHERE "routes"."id" = 22 LIMIT 1[0m
  [1m[35mRoute Load (0.3ms)[0m  SELECT "routes".* FROM "routes" WHERE "routes"."id" = 272 LIMIT 1
  [1m[36mCACHE (0.0ms)[0m  [1mSELECT "places".* FROM "places" WHERE "places"."id" = 974 LIMIT 1[0m
  [1m[35mCACHE (0.0ms)[0m  SELECT "places".* FROM "places" WHERE "places"."id" = 974 LIMIT 1
  [1m[36mRoute Load (0.3ms)[0m  [1mselect * from routes where startplace_id = 974[0m
  [1m[35mRoute Load (0.3ms)[0m  select * from routes where endplace_id = 974
  [1m[36mPlace Load (0.2ms)[0m  [1mSELECT "places".* FROM "places" WHERE "places"."id" = $1 LIMIT 1[0m  [["id", 974]]
  [1m[35mPlace Load (0.2ms)[0m  SELECT "places".* FROM "places" WHERE "places"."id" = $1 LIMIT 1  [["id", 471]]
  [1m[36mPlace Load (0.2ms)[0m  [1mSELECT "places".* FROM "places" WHERE "places"."id" = $1 LIMIT 1[0m  [["id", 1130]]
  [1m[35mCACHE (0.0ms)[0m  SELECT "places".* FROM "places" WHERE "places"."id" = $1 LIMIT 1  [["id", 1124]]
  [1m[36mPlace Load (0.3ms)[0m  [1mSELECT "places".* FROM "places" WHERE "places"."id" = 1130 LIMIT 1[0m
  [1m[35mRoute Load (0.3ms)[0m  select * from routes where startplace_id = 1130
  [1m[36mRoute Load (0.3ms)[0m  [1mselect * from routes where endplace_id = 1130[0m
  [1m[35mCACHE (0.0ms)[0m  SELECT "places".* FROM "places" WHERE "places"."id" = $1 LIMIT 1  [["id", 1130]]
  [1m[36mCACHE (0.0ms)[0m  [1mSELECT "places".* FROM "places" WHERE "places"."id" = $1 LIMIT 1[0m  [["id", 974]]
  [1m[35mPlace Load (0.2ms)[0m  SELECT "places".* FROM "places" WHERE "places"."id" = $1 LIMIT 1  [["id", 1126]]
  [1m[36mPlace Load (0.3ms)[0m  [1mSELECT "places".* FROM "places" WHERE "places"."id" = 1124 LIMIT 1[0m
  [1m[35mRoute Load (0.3ms)[0m  select * from routes where startplace_id = 1124
  [1m[36mRoute Load (0.3ms)[0m  [1mselect * from routes where endplace_id = 1124[0m
  [1m[35mCACHE (0.0ms)[0m  SELECT "places".* FROM "places" WHERE "places"."id" = $1 LIMIT 1  [["id", 1124]]
  [1m[36mCACHE (0.0ms)[0m  [1mSELECT "places".* FROM "places" WHERE "places"."id" = $1 LIMIT 1[0m  [["id", 1129]]
  [1m[35mCACHE (0.0ms)[0m  SELECT "places".* FROM "places" WHERE "places"."id" = $1 LIMIT 1  [["id", 1124]]
  [1m[36mCACHE (0.0ms)[0m  [1mSELECT "places".* FROM "places" WHERE "places"."id" = $1 LIMIT 1[0m  [["id", 974]]
  [1m[35mPlace Load (0.2ms)[0m  SELECT "places".* FROM "places" WHERE "places"."id" = $1 LIMIT 1  [["id", 1123]]
  [1m[36mPlace Load (0.3ms)[0m  [1mSELECT "places".* FROM "places" WHERE "places"."id" = 1126 LIMIT 1[0m
  [1m[35mRoute Load (0.3ms)[0m  select * from routes where startplace_id = 1126
  [1m[36mRoute Load (0.3ms)[0m  [1mselect * from routes where endplace_id = 1126[0m
  [1m[35mCACHE (0.0ms)[0m  SELECT "places".* FROM "places" WHERE "places"."id" = $1 LIMIT 1  [["id", 1126]]
  [1m[36mCACHE (0.0ms)[0m  [1mSELECT "places".* FROM "places" WHERE "places"."id" = $1 LIMIT 1[0m  [["id", 1130]]
  [1m[35mCACHE (0.0ms)[0m  SELECT "places".* FROM "places" WHERE "places"."id" = $1 LIMIT 1  [["id", 1126]]
  [1m[36mPlace Load (0.2ms)[0m  [1mSELECT "places".* FROM "places" WHERE "places"."id" = $1 LIMIT 1[0m  [["id", 769]]
  [1m[35mPlace Load (0.2ms)[0m  SELECT "places".* FROM "places" WHERE "places"."id" = $1 LIMIT 1  [["id", 1127]]
  [1m[36mPlace Load (0.3ms)[0m  [1mSELECT "places".* FROM "places" WHERE "places"."id" = 1123 LIMIT 1[0m
  [1m[35mRoute Load (0.3ms)[0m  select * from routes where startplace_id = 1123
  [1m[36mRoute Load (0.3ms)[0m  [1mselect * from routes where endplace_id = 1123[0m
  [1m[35mCACHE (0.0ms)[0m  SELECT "places".* FROM "places" WHERE "places"."id" = $1 LIMIT 1  [["id", 1123]]
  [1m[36mCACHE (0.0ms)[0m  [1mSELECT "places".* FROM "places" WHERE "places"."id" = $1 LIMIT 1[0m  [["id", 1124]]
  [1m[35mPlace Load (0.5ms)[0m  SELECT "places".* FROM "places" WHERE "places"."id" = $1 LIMIT 1  [["id", 975]]
  [1m[36mPlace Load (0.2ms)[0m  [1mSELECT "places".* FROM "places" WHERE "places"."id" = $1 LIMIT 1[0m  [["id", 1125]]
  [1m[35mPlace Load (0.4ms)[0m  SELECT "places".* FROM "places" WHERE "places"."id" = 1127 LIMIT 1
  [1m[36mRoute Load (0.3ms)[0m  [1mselect * from routes where startplace_id = 1127[0m
  [1m[35mRoute Load (0.3ms)[0m  select * from routes where endplace_id = 1127
  [1m[36mCACHE (0.0ms)[0m  [1mSELECT "places".* FROM "places" WHERE "places"."id" = $1 LIMIT 1[0m  [["id", 1127]]
  [1m[35mCACHE (0.0ms)[0m  SELECT "places".* FROM "places" WHERE "places"."id" = $1 LIMIT 1  [["id", 1126]]
  [1m[36mPlace Load (0.2ms)[0m  [1mSELECT "places".* FROM "places" WHERE "places"."id" = $1 LIMIT 1[0m  [["id", 419]]
  [1m[35mPlace Load (0.2ms)[0m  SELECT "places".* FROM "places" WHERE "places"."id" = 769 LIMIT 1
  [1m[36mRoute Load (0.3ms)[0m  [1mselect * from routes where startplace_id = 769[0m
  [1m[35mRoute Load (0.3ms)[0m  select * from routes where endplace_id = 769
  [1m[36mCACHE (0.0ms)[0m  [1mSELECT "places".* FROM "places" WHERE "places"."id" = $1 LIMIT 1[0m  [["id", 769]]
  [1m[35mCACHE (0.0ms)[0m  SELECT "places".* FROM "places" WHERE "places"."id" = $1 LIMIT 1  [["id", 1125]]
  [1m[36mCACHE (0.0ms)[0m  [1mSELECT "places".* FROM "places" WHERE "places"."id" = $1 LIMIT 1[0m  [["id", 1126]]
  [1m[35mPlace Load (0.3ms)[0m  SELECT "places".* FROM "places" WHERE "places"."id" = 1125 LIMIT 1
  [1m[36mRoute Load (0.3ms)[0m  [1mselect * from routes where startplace_id = 1125[0m
  [1m[35mRoute Load (0.3ms)[0m  select * from routes where endplace_id = 1125
  [1m[36mCACHE (0.0ms)[0m  [1mSELECT "places".* FROM "places" WHERE "places"."id" = $1 LIMIT 1[0m  [["id", 1125]]
  [1m[35mCACHE (0.0ms)[0m  SELECT "places".* FROM "places" WHERE "places"."id" = $1 LIMIT 1  [["id", 1123]]
  [1m[36mCACHE (0.0ms)[0m  [1mSELECT "places".* FROM "places" WHERE "places"."id" = $1 LIMIT 1[0m  [["id", 769]]
  [1m[35mPlace Load (0.2ms)[0m  SELECT "places".* FROM "places" WHERE "places"."id" = 419 LIMIT 1
  [1m[36mRoute Load (0.3ms)[0m  [1mselect * from routes where startplace_id = 419[0m
  [1m[35mRoute Load (0.3ms)[0m  select * from routes where endplace_id = 419
  [1m[36mCACHE (0.0ms)[0m  [1mSELECT "places".* FROM "places" WHERE "places"."id" = $1 LIMIT 1[0m  [["id", 419]]
  [1m[35mCACHE (0.0ms)[0m  SELECT "places".* FROM "places" WHERE "places"."id" = $1 LIMIT 1  [["id", 1127]]
  [1m[36mPlace Load (0.2ms)[0m  [1mSELECT "places".* FROM "places" WHERE "places"."id" = $1 LIMIT 1[0m  [["id", 1128]]
  [1m[35mCACHE (0.0ms)[0m  SELECT "places".* FROM "places" WHERE "places"."id" = 1125 LIMIT 1
  [1m[36mCACHE (0.0ms)[0m  [1mselect * from routes where startplace_id = 1125[0m
  [1m[35mCACHE (0.0ms)[0m  select * from routes where endplace_id = 1125
  [1m[36mCACHE (0.0ms)[0m  [1mSELECT "places".* FROM "places" WHERE "places"."id" = $1 LIMIT 1[0m  [["id", 1125]]
  [1m[35mCACHE (0.0ms)[0m  SELECT "places".* FROM "places" WHERE "places"."id" = $1 LIMIT 1  [["id", 1123]]
  [1m[36mCACHE (0.0ms)[0m  [1mSELECT "places".* FROM "places" WHERE "places"."id" = $1 LIMIT 1[0m  [["id", 769]]
  [1m[35mCACHE (0.0ms)[0m  SELECT "places".* FROM "places" WHERE "places"."id" = 769 LIMIT 1
  [1m[36mCACHE (0.0ms)[0m  [1mselect * from routes where startplace_id = 769[0m
  [1m[35mCACHE (0.0ms)[0m  select * from routes where endplace_id = 769
  [1m[36mCACHE (0.0ms)[0m  [1mSELECT "places".* FROM "places" WHERE "places"."id" = $1 LIMIT 1[0m  [["id", 769]]
  [1m[35mCACHE (0.0ms)[0m  SELECT "places".* FROM "places" WHERE "places"."id" = $1 LIMIT 1  [["id", 1125]]
  [1m[36mCACHE (0.0ms)[0m  [1mSELECT "places".* FROM "places" WHERE "places"."id" = $1 LIMIT 1[0m  [["id", 1126]]
  [1m[35mPlace Load (0.3ms)[0m  SELECT "places".* FROM "places" WHERE "places"."id" = 1128 LIMIT 1
  [1m[36mRoute Load (0.2ms)[0m  [1mselect * from routes where startplace_id = 1128[0m
  [1m[35mRoute Load (0.3ms)[0m  select * from routes where endplace_id = 1128
  [1m[36mCACHE (0.0ms)[0m  [1mSELECT "places".* FROM "places" WHERE "places"."id" = $1 LIMIT 1[0m  [["id", 1128]]
  [1m[35mCACHE (0.0ms)[0m  SELECT "places".* FROM "places" WHERE "places"."id" = $1 LIMIT 1  [["id", 419]]
  [1m[36mCACHE (0.0ms)[0m  [1mSELECT "places".* FROM "places" WHERE "places"."id" = 1123 LIMIT 1[0m
  [1m[35mCACHE (0.0ms)[0m  select * from routes where startplace_id = 1123
  [1m[36mCACHE (0.0ms)[0m  [1mselect * from routes where endplace_id = 1123[0m
  [1m[35mCACHE (0.0ms)[0m  SELECT "places".* FROM "places" WHERE "places"."id" = $1 LIMIT 1  [["id", 1123]]
  [1m[36mCACHE (0.0ms)[0m  [1mSELECT "places".* FROM "places" WHERE "places"."id" = $1 LIMIT 1[0m  [["id", 1124]]
  [1m[35mCACHE (0.0ms)[0m  SELECT "places".* FROM "places" WHERE "places"."id" = $1 LIMIT 1  [["id", 975]]
  [1m[36mCACHE (0.0ms)[0m  [1mSELECT "places".* FROM "places" WHERE "places"."id" = $1 LIMIT 1[0m  [["id", 1125]]
  [1m[35mCACHE (0.0ms)[0m  SELECT "places".* FROM "places" WHERE "places"."id" = 1126 LIMIT 1
  [1m[36mCACHE (0.0ms)[0m  [1mselect * from routes where startplace_id = 1126[0m
  [1m[35mCACHE (0.0ms)[0m  select * from routes where endplace_id = 1126
  [1m[36mCACHE (0.0ms)[0m  [1mSELECT "places".* FROM "places" WHERE "places"."id" = $1 LIMIT 1[0m  [["id", 1126]]
  [1m[35mCACHE (0.0ms)[0m  SELECT "places".* FROM "places" WHERE "places"."id" = $1 LIMIT 1  [["id", 1130]]
  [1m[36mCACHE (0.0ms)[0m  [1mSELECT "places".* FROM "places" WHERE "places"."id" = $1 LIMIT 1[0m  [["id", 1126]]
  [1m[35mCACHE (0.0ms)[0m  SELECT "places".* FROM "places" WHERE "places"."id" = $1 LIMIT 1  [["id", 769]]
  [1m[36mCACHE (0.0ms)[0m  [1mSELECT "places".* FROM "places" WHERE "places"."id" = $1 LIMIT 1[0m  [["id", 1127]]
  [1m[35mCACHE (0.0ms)[0m  SELECT "places".* FROM "places" WHERE "places"."id" = 1124 LIMIT 1
  [1m[36mCACHE (0.0ms)[0m  [1mselect * from routes where startplace_id = 1124[0m
  [1m[35mCACHE (0.0ms)[0m  select * from routes where endplace_id = 1124
  [1m[36mCACHE (0.0ms)[0m  [1mSELECT "places".* FROM "places" WHERE "places"."id" = $1 LIMIT 1[0m  [["id", 1124]]
  [1m[35mCACHE (0.0ms)[0m  SELECT "places".* FROM "places" WHERE "places"."id" = $1 LIMIT 1  [["id", 1129]]
  [1m[36mCACHE (0.0ms)[0m  [1mSELECT "places".* FROM "places" WHERE "places"."id" = $1 LIMIT 1[0m  [["id", 1124]]
  [1m[35mCACHE (0.0ms)[0m  SELECT "places".* FROM "places" WHERE "places"."id" = $1 LIMIT 1  [["id", 974]]
  [1m[36mCACHE (0.0ms)[0m  [1mSELECT "places".* FROM "places" WHERE "places"."id" = $1 LIMIT 1[0m  [["id", 1123]]
  [1m[35mCACHE (0.0ms)[0m  SELECT "places".* FROM "places" WHERE "places"."id" = 1127 LIMIT 1
  [1m[36mCACHE (0.0ms)[0m  [1mselect * from routes where startplace_id = 1127[0m
  [1m[35mCACHE (0.0ms)[0m  select * from routes where endplace_id = 1127
  [1m[36mCACHE (0.0ms)[0m  [1mSELECT "places".* FROM "places" WHERE "places"."id" = $1 LIMIT 1[0m  [["id", 1127]]
  [1m[35mCACHE (0.0ms)[0m  SELECT "places".* FROM "places" WHERE "places"."id" = $1 LIMIT 1  [["id", 1126]]
  [1m[36mCACHE (0.0ms)[0m  [1mSELECT "places".* FROM "places" WHERE "places"."id" = $1 LIMIT 1[0m  [["id", 419]]
  [1m[35mCACHE (0.0ms)[0m  SELECT "places".* FROM "places" WHERE "places"."id" = 1130 LIMIT 1
  [1m[36mCACHE (0.0ms)[0m  [1mselect * from routes where startplace_id = 1130[0m
  [1m[35mCACHE (0.0ms)[0m  select * from routes where endplace_id = 1130
  [1m[36mCACHE (0.0ms)[0m  [1mSELECT "places".* FROM "places" WHERE "places"."id" = $1 LIMIT 1[0m  [["id", 1130]]
  [1m[35mCACHE (0.0ms)[0m  SELECT "places".* FROM "places" WHERE "places"."id" = $1 LIMIT 1  [["id", 974]]
  [1m[36mCACHE (0.0ms)[0m  [1mSELECT "places".* FROM "places" WHERE "places"."id" = $1 LIMIT 1[0m  [["id", 1126]]
BNewroutes
974
{:place=>974, :route=>[272, 22, -219, 220, 21, 221, 238, -237], :url=>"xrv224xrv-237xrv238xrv221xrv21xrv220xrv-219xrv22xrv272"}
{:place=>769, :route=>[-227, 240, 239, 272, 22, -219, 220, 21, 221, 238, -237], :url=>"xrv224xrv-237xrv238xrv221xrv21xrv220xrv-219xrv22xrv272xrv239xrv240xrv-227"}
{:place=>1125, :route=>[225, 223, 224, 272, 22, -219, 220, 21, 221, 238, -237], :url=>"xrv224xrv-237xrv238xrv221xrv21xrv220xrv-219xrv22xrv272xrv224xrv223xrv225"}
{:place=>419, :route=>[229, 228, 240, 239, 272, 22, -219, 220, 21, 221, 238, -237], :url=>"xrv224xrv-237xrv238xrv221xrv21xrv220xrv-219xrv22xrv272xrv239xrv240xrv228xrv229"}
{:place=>1125, :route=>[-226, -227, 240, 239, 272, 22, -219, 220, 21, 221, 238, -237], :url=>"xrv224xrv-237xrv238xrv221xrv21xrv220xrv-219xrv22xrv272xrv239xrv240xrv-227xrv-226"}
{:place=>769, :route=>[226, 225, 223, 224, 272, 22, -219, 220, 21, 221, 238, -237], :url=>"xrv224xrv-237xrv238xrv221xrv21xrv220xrv-219xrv22xrv272xrv224xrv223xrv225xrv226"}
{:place=>1128, :route=>[230, 229, 228, 240, 239, 272, 22, -219, 220, 21, 221, 238, -237], :url=>"xrv224xrv-237xrv238xrv221xrv21xrv220xrv-219xrv22xrv272xrv239xrv240xrv228xrv229xrv230"}
{:place=>1124, :route=>[-223, -225, -226, -227, 240, 239, 272, 22, -219, 220, 21, 221, 238, -237], :url=>"xrv224xrv-237xrv238xrv221xrv21xrv220xrv-219xrv22xrv272xrv239xrv240xrv-227xrv-226xrv-225xrv-223"}
{:place=>419, :route=>[229, 228, 227, 226, 225, 223, 224, 272, 22, -219, 220, 21, 221, 238, -237], :url=>"xrv224xrv-237xrv238xrv221xrv21xrv220xrv-219xrv22xrv272xrv224xrv223xrv225xrv226xrv227xrv228xrv229"}
{:place=>1130, :route=>[-240, 227, 226, 225, 223, 224, 272, 22, -219, 220, 21, 221, 238, -237], :url=>"xrv224xrv-237xrv238xrv221xrv21xrv220xrv-219xrv22xrv272xrv224xrv223xrv225xrv226xrv227xrv-240"}
  [1m[35mCACHE (0.0ms)[0m  SELECT "places".* FROM "places" WHERE "places"."id" = 974 LIMIT 1
  [1m[36m (1.5ms)[0m  [1mSELECT COUNT(*) FROM "route_indices" WHERE (url = 'xrv224xrv-237xrv238xrv221xrv21xrv220xrv-219xrv22xrv272')[0m
  [1m[35mCACHE (0.0ms)[0m  SELECT "places".* FROM "places" WHERE "places"."id" = 769 LIMIT 1
  [1m[36m (1.0ms)[0m  [1mSELECT COUNT(*) FROM "route_indices" WHERE (url = 'xrv224xrv-237xrv238xrv221xrv21xrv220xrv-219xrv22xrv272xrv239xrv240xrv-227')[0m
  [1m[35mPlaceType Load (0.2ms)[0m  select * from place_types where name='Hut'
  [1m[36mSQL (0.6ms)[0m  [1mINSERT INTO "route_indices" ("created_at", "endplace_id", "isDest", "startplace_id", "updated_at", "url") VALUES ($1, $2, $3, $4, $5, $6) RETURNING "id"[0m  [["created_at", Mon, 27 Oct 2014 10:08:09 NZDT +13:00], ["endplace_id", 769], ["isDest", true], ["startplace_id", 974], ["updated_at", Mon, 27 Oct 2014 10:08:09 NZDT +13:00], ["url", "xrv224xrv-237xrv238xrv221xrv21xrv220xrv-219xrv22xrv272xrv239xrv240xrv-227"]]
  [1m[35mPlace Load (0.3ms)[0m  SELECT "places".* FROM "places" WHERE "places"."id" = 1125 LIMIT 1
  [1m[36m (1.1ms)[0m  [1mSELECT COUNT(*) FROM "route_indices" WHERE (url = 'xrv224xrv-237xrv238xrv221xrv21xrv220xrv-219xrv22xrv272xrv224xrv223xrv225')[0m
  [1m[35mPlaceType Load (0.2ms)[0m  select * from place_types where name='Campsite'
  [1m[36mSQL (0.4ms)[0m  [1mINSERT INTO "route_indices" ("created_at", "endplace_id", "isDest", "startplace_id", "updated_at", "url") VALUES ($1, $2, $3, $4, $5, $6) RETURNING "id"[0m  [["created_at", Mon, 27 Oct 2014 10:08:09 NZDT +13:00], ["endplace_id", 1125], ["isDest", true], ["startplace_id", 974], ["updated_at", Mon, 27 Oct 2014 10:08:09 NZDT +13:00], ["url", "xrv224xrv-237xrv238xrv221xrv21xrv220xrv-219xrv22xrv272xrv224xrv223xrv225"]]
  [1m[35mPlace Load (0.3ms)[0m  SELECT "places".* FROM "places" WHERE "places"."id" = 419 LIMIT 1
  [1m[36m (1.1ms)[0m  [1mSELECT COUNT(*) FROM "route_indices" WHERE (url = 'xrv224xrv-237xrv238xrv221xrv21xrv220xrv-219xrv22xrv272xrv239xrv240xrv228xrv229')[0m
  [1m[35mPlaceType Load (0.2ms)[0m  select * from place_types where name='Hut'
  [1m[36mSQL (0.3ms)[0m  [1mINSERT INTO "route_indices" ("created_at", "endplace_id", "isDest", "startplace_id", "updated_at", "url") VALUES ($1, $2, $3, $4, $5, $6) RETURNING "id"[0m  [["created_at", Mon, 27 Oct 2014 10:08:09 NZDT +13:00], ["endplace_id", 419], ["isDest", true], ["startplace_id", 974], ["updated_at", Mon, 27 Oct 2014 10:08:09 NZDT +13:00], ["url", "xrv224xrv-237xrv238xrv221xrv21xrv220xrv-219xrv22xrv272xrv239xrv240xrv228xrv229"]]
  [1m[35mPlace Load (0.3ms)[0m  SELECT "places".* FROM "places" WHERE "places"."id" = 1125 LIMIT 1
  [1m[36m (1.1ms)[0m  [1mSELECT COUNT(*) FROM "route_indices" WHERE (url = 'xrv224xrv-237xrv238xrv221xrv21xrv220xrv-219xrv22xrv272xrv239xrv240xrv-227xrv-226')[0m
  [1m[35mPlaceType Load (0.3ms)[0m  select * from place_types where name='Campsite'
  [1m[36mSQL (0.3ms)[0m  [1mINSERT INTO "route_indices" ("created_at", "endplace_id", "isDest", "startplace_id", "updated_at", "url") VALUES ($1, $2, $3, $4, $5, $6) RETURNING "id"[0m  [["created_at", Mon, 27 Oct 2014 10:08:09 NZDT +13:00], ["endplace_id", 1125], ["isDest", true], ["startplace_id", 974], ["updated_at", Mon, 27 Oct 2014 10:08:09 NZDT +13:00], ["url", "xrv224xrv-237xrv238xrv221xrv21xrv220xrv-219xrv22xrv272xrv239xrv240xrv-227xrv-226"]]
  [1m[35mPlace Load (0.3ms)[0m  SELECT "places".* FROM "places" WHERE "places"."id" = 769 LIMIT 1
  [1m[36m (1.0ms)[0m  [1mSELECT COUNT(*) FROM "route_indices" WHERE (url = 'xrv224xrv-237xrv238xrv221xrv21xrv220xrv-219xrv22xrv272xrv224xrv223xrv225xrv226')[0m
  [1m[35mPlaceType Load (0.2ms)[0m  select * from place_types where name='Hut'
  [1m[36mSQL (0.4ms)[0m  [1mINSERT INTO "route_indices" ("created_at", "endplace_id", "isDest", "startplace_id", "updated_at", "url") VALUES ($1, $2, $3, $4, $5, $6) RETURNING "id"[0m  [["created_at", Mon, 27 Oct 2014 10:08:09 NZDT +13:00], ["endplace_id", 769], ["isDest", true], ["startplace_id", 974], ["updated_at", Mon, 27 Oct 2014 10:08:09 NZDT +13:00], ["url", "xrv224xrv-237xrv238xrv221xrv21xrv220xrv-219xrv22xrv272xrv224xrv223xrv225xrv226"]]
  [1m[35mPlace Load (0.3ms)[0m  SELECT "places".* FROM "places" WHERE "places"."id" = 1128 LIMIT 1
  [1m[36m (1.0ms)[0m  [1mSELECT COUNT(*) FROM "route_indices" WHERE (url = 'xrv224xrv-237xrv238xrv221xrv21xrv220xrv-219xrv22xrv272xrv239xrv240xrv228xrv229xrv230')[0m
  [1m[35mPlaceType Load (0.3ms)[0m  select * from place_types where name='Roadend'
  [1m[36mSQL (0.4ms)[0m  [1mINSERT INTO "route_indices" ("created_at", "endplace_id", "isDest", "startplace_id", "updated_at", "url") VALUES ($1, $2, $3, $4, $5, $6) RETURNING "id"[0m  [["created_at", Mon, 27 Oct 2014 10:08:09 NZDT +13:00], ["endplace_id", 1128], ["isDest", true], ["startplace_id", 974], ["updated_at", Mon, 27 Oct 2014 10:08:09 NZDT +13:00], ["url", "xrv224xrv-237xrv238xrv221xrv21xrv220xrv-219xrv22xrv272xrv239xrv240xrv228xrv229xrv230"]]
  [1m[35mPlace Load (0.3ms)[0m  SELECT "places".* FROM "places" WHERE "places"."id" = 1124 LIMIT 1
  [1m[36m (1.1ms)[0m  [1mSELECT COUNT(*) FROM "route_indices" WHERE (url = 'xrv224xrv-237xrv238xrv221xrv21xrv220xrv-219xrv22xrv272xrv239xrv240xrv-227xrv-226xrv-225xrv-223')[0m
  [1m[35mPlaceType Load (0.2ms)[0m  select * from place_types where name='Junction'
  [1m[36mSQL (0.4ms)[0m  [1mINSERT INTO "route_indices" ("created_at", "endplace_id", "isDest", "startplace_id", "updated_at", "url") VALUES ($1, $2, $3, $4, $5, $6) RETURNING "id"[0m  [["created_at", Mon, 27 Oct 2014 10:08:09 NZDT +13:00], ["endplace_id", 1124], ["isDest", false], ["startplace_id", 974], ["updated_at", Mon, 27 Oct 2014 10:08:09 NZDT +13:00], ["url", "xrv224xrv-237xrv238xrv221xrv21xrv220xrv-219xrv22xrv272xrv239xrv240xrv-227xrv-226xrv-225xrv-223"]]
  [1m[35mPlace Load (0.3ms)[0m  SELECT "places".* FROM "places" WHERE "places"."id" = 419 LIMIT 1
  [1m[36m (1.1ms)[0m  [1mSELECT COUNT(*) FROM "route_indices" WHERE (url = 'xrv224xrv-237xrv238xrv221xrv21xrv220xrv-219xrv22xrv272xrv224xrv223xrv225xrv226xrv227xrv228xrv229')[0m
  [1m[35mPlaceType Load (0.2ms)[0m  select * from place_types where name='Hut'
  [1m[36mSQL (0.5ms)[0m  [1mINSERT INTO "route_indices" ("created_at", "endplace_id", "isDest", "startplace_id", "updated_at", "url") VALUES ($1, $2, $3, $4, $5, $6) RETURNING "id"[0m  [["created_at", Mon, 27 Oct 2014 10:08:09 NZDT +13:00], ["endplace_id", 419], ["isDest", true], ["startplace_id", 974], ["updated_at", Mon, 27 Oct 2014 10:08:09 NZDT +13:00], ["url", "xrv224xrv-237xrv238xrv221xrv21xrv220xrv-219xrv22xrv272xrv224xrv223xrv225xrv226xrv227xrv228xrv229"]]
  [1m[35mPlace Load (0.3ms)[0m  SELECT "places".* FROM "places" WHERE "places"."id" = 1130 LIMIT 1
  [1m[36m (1.1ms)[0m  [1mSELECT COUNT(*) FROM "route_indices" WHERE (url = 'xrv224xrv-237xrv238xrv221xrv21xrv220xrv-219xrv22xrv272xrv224xrv223xrv225xrv226xrv227xrv-240')[0m
  [1m[35mPlaceType Load (0.2ms)[0m  select * from place_types where name='Junction'
  [1m[36mSQL (0.3ms)[0m  [1mINSERT INTO "route_indices" ("created_at", "endplace_id", "isDest", "startplace_id", "updated_at", "url") VALUES ($1, $2, $3, $4, $5, $6) RETURNING "id"[0m  [["created_at", Mon, 27 Oct 2014 10:08:09 NZDT +13:00], ["endplace_id", 1130], ["isDest", false], ["startplace_id", 974], ["updated_at", Mon, 27 Oct 2014 10:08:09 NZDT +13:00], ["url", "xrv224xrv-237xrv238xrv221xrv21xrv220xrv-219xrv22xrv272xrv224xrv223xrv225xrv226xrv227xrv-240"]]
  [1m[35mPlace Load (0.3ms)[0m  SELECT "places".* FROM "places" WHERE "places"."id" = 650 LIMIT 1
  [1m[36mPlaceType Load (0.2ms)[0m  [1mselect name, "isDest" from place_types[0m
  [1m[35mRoute Load (0.3ms)[0m  SELECT "routes".* FROM "routes" WHERE "routes"."id" = 235 LIMIT 1
  [1m[36mRoute Load (0.3ms)[0m  [1mSELECT "routes".* FROM "routes" WHERE "routes"."id" = 238 LIMIT 1[0m
  [1m[35mRoute Load (0.3ms)[0m  SELECT "routes".* FROM "routes" WHERE "routes"."id" = 221 LIMIT 1
  [1m[36mRoute Load (0.3ms)[0m  [1mSELECT "routes".* FROM "routes" WHERE "routes"."id" = 21 LIMIT 1[0m
  [1m[35mRoute Load (0.3ms)[0m  SELECT "routes".* FROM "routes" WHERE "routes"."id" = 220 LIMIT 1
  [1m[36mRoute Load (0.3ms)[0m  [1mSELECT "routes".* FROM "routes" WHERE "routes"."id" = 219 LIMIT 1[0m
  [1m[35mPlace Load (0.2ms)[0m  SELECT "places".* FROM "places" WHERE "places"."id" = $1 LIMIT 1  [["id", 976]]
  [1m[36mPlace Load (0.2ms)[0m  [1mSELECT "places".* FROM "places" WHERE "places"."id" = $1 LIMIT 1[0m  [["id", 1119]]
  [1m[35mRoute Load (0.3ms)[0m  SELECT "routes".* FROM "routes" WHERE "routes"."id" = 22 LIMIT 1
  [1m[36mRoute Load (0.3ms)[0m  [1mSELECT "routes".* FROM "routes" WHERE "routes"."id" = 272 LIMIT 1[0m
  [1m[35mPlace Load (0.2ms)[0m  SELECT "places".* FROM "places" WHERE "places"."id" = 974 LIMIT 1
  [1m[36mCACHE (0.0ms)[0m  [1mSELECT "places".* FROM "places" WHERE "places"."id" = 974 LIMIT 1[0m
  [1m[35mRoute Load (0.3ms)[0m  select * from routes where startplace_id = 974
  [1m[36mRoute Load (0.3ms)[0m  [1mselect * from routes where endplace_id = 974[0m
  [1m[35mPlace Load (0.2ms)[0m  SELECT "places".* FROM "places" WHERE "places"."id" = $1 LIMIT 1  [["id", 974]]
  [1m[36mPlace Load (0.2ms)[0m  [1mSELECT "places".* FROM "places" WHERE "places"."id" = $1 LIMIT 1[0m  [["id", 471]]
  [1m[35mPlace Load (0.2ms)[0m  SELECT "places".* FROM "places" WHERE "places"."id" = $1 LIMIT 1  [["id", 1130]]
  [1m[36mPlace Load (0.2ms)[0m  [1mSELECT "places".* FROM "places" WHERE "places"."id" = $1 LIMIT 1[0m  [["id", 1124]]
  [1m[35mPlace Load (0.3ms)[0m  SELECT "places".* FROM "places" WHERE "places"."id" = 1130 LIMIT 1
  [1m[36mRoute Load (0.3ms)[0m  [1mselect * from routes where startplace_id = 1130[0m
  [1m[35mRoute Load (0.3ms)[0m  select * from routes where endplace_id = 1130
  [1m[36mCACHE (0.0ms)[0m  [1mSELECT "places".* FROM "places" WHERE "places"."id" = $1 LIMIT 1[0m  [["id", 1130]]
  [1m[35mCACHE (0.0ms)[0m  SELECT "places".* FROM "places" WHERE "places"."id" = $1 LIMIT 1  [["id", 974]]
  [1m[36mPlace Load (0.2ms)[0m  [1mSELECT "places".* FROM "places" WHERE "places"."id" = $1 LIMIT 1[0m  [["id", 1126]]
  [1m[35mPlace Load (0.3ms)[0m  SELECT "places".* FROM "places" WHERE "places"."id" = 1124 LIMIT 1
  [1m[36mRoute Load (0.3ms)[0m  [1mselect * from routes where startplace_id = 1124[0m
  [1m[35mRoute Load (0.3ms)[0m  select * from routes where endplace_id = 1124
  [1m[36mCACHE (0.0ms)[0m  [1mSELECT "places".* FROM "places" WHERE "places"."id" = $1 LIMIT 1[0m  [["id", 1124]]
  [1m[35mPlace Load (0.5ms)[0m  SELECT "places".* FROM "places" WHERE "places"."id" = $1 LIMIT 1  [["id", 1129]]
  [1m[36mCACHE (0.0ms)[0m  [1mSELECT "places".* FROM "places" WHERE "places"."id" = $1 LIMIT 1[0m  [["id", 1124]]
  [1m[35mCACHE (0.0ms)[0m  SELECT "places".* FROM "places" WHERE "places"."id" = $1 LIMIT 1  [["id", 974]]
  [1m[36mPlace Load (0.3ms)[0m  [1mSELECT "places".* FROM "places" WHERE "places"."id" = $1 LIMIT 1[0m  [["id", 1123]]
  [1m[35mPlace Load (0.4ms)[0m  SELECT "places".* FROM "places" WHERE "places"."id" = 1126 LIMIT 1
  [1m[36mRoute Load (0.4ms)[0m  [1mselect * from routes where startplace_id = 1126[0m
  [1m[35mRoute Load (0.3ms)[0m  select * from routes where endplace_id = 1126
  [1m[36mCACHE (0.0ms)[0m  [1mSELECT "places".* FROM "places" WHERE "places"."id" = $1 LIMIT 1[0m  [["id", 1126]]
  [1m[35mCACHE (0.0ms)[0m  SELECT "places".* FROM "places" WHERE "places"."id" = $1 LIMIT 1  [["id", 1130]]
  [1m[36mCACHE (0.0ms)[0m  [1mSELECT "places".* FROM "places" WHERE "places"."id" = $1 LIMIT 1[0m  [["id", 1126]]
  [1m[35mPlace Load (0.2ms)[0m  SELECT "places".* FROM "places" WHERE "places"."id" = $1 LIMIT 1  [["id", 769]]
  [1m[36mPlace Load (0.2ms)[0m  [1mSELECT "places".* FROM "places" WHERE "places"."id" = $1 LIMIT 1[0m  [["id", 1127]]
  [1m[35mPlace Load (0.3ms)[0m  SELECT "places".* FROM "places" WHERE "places"."id" = 1123 LIMIT 1
  [1m[36mRoute Load (0.3ms)[0m  [1mselect * from routes where startplace_id = 1123[0m
  [1m[35mRoute Load (0.3ms)[0m  select * from routes where endplace_id = 1123
  [1m[36mCACHE (0.0ms)[0m  [1mSELECT "places".* FROM "places" WHERE "places"."id" = $1 LIMIT 1[0m  [["id", 1123]]
  [1m[35mCACHE (0.0ms)[0m  SELECT "places".* FROM "places" WHERE "places"."id" = $1 LIMIT 1  [["id", 1124]]
  [1m[36mPlace Load (0.3ms)[0m  [1mSELECT "places".* FROM "places" WHERE "places"."id" = $1 LIMIT 1[0m  [["id", 975]]
  [1m[35mPlace Load (0.2ms)[0m  SELECT "places".* FROM "places" WHERE "places"."id" = $1 LIMIT 1  [["id", 1125]]
  [1m[36mPlace Load (0.3ms)[0m  [1mSELECT "places".* FROM "places" WHERE "places"."id" = 1127 LIMIT 1[0m
  [1m[35mRoute Load (0.3ms)[0m  select * from routes where startplace_id = 1127
  [1m[36mRoute Load (0.3ms)[0m  [1mselect * from routes where endplace_id = 1127[0m
  [1m[35mCACHE (0.0ms)[0m  SELECT "places".* FROM "places" WHERE "places"."id" = $1 LIMIT 1  [["id", 1127]]
  [1m[36mCACHE (0.0ms)[0m  [1mSELECT "places".* FROM "places" WHERE "places"."id" = $1 LIMIT 1[0m  [["id", 1126]]
  [1m[35mPlace Load (0.2ms)[0m  SELECT "places".* FROM "places" WHERE "places"."id" = $1 LIMIT 1  [["id", 419]]
  [1m[36mPlace Load (0.3ms)[0m  [1mSELECT "places".* FROM "places" WHERE "places"."id" = 769 LIMIT 1[0m
  [1m[35mRoute Load (0.3ms)[0m  select * from routes where startplace_id = 769
  [1m[36mRoute Load (0.3ms)[0m  [1mselect * from routes where endplace_id = 769[0m
  [1m[35mCACHE (0.0ms)[0m  SELECT "places".* FROM "places" WHERE "places"."id" = $1 LIMIT 1  [["id", 769]]
  [1m[36mCACHE (0.0ms)[0m  [1mSELECT "places".* FROM "places" WHERE "places"."id" = $1 LIMIT 1[0m  [["id", 1125]]
  [1m[35mCACHE (0.0ms)[0m  SELECT "places".* FROM "places" WHERE "places"."id" = $1 LIMIT 1  [["id", 1126]]
  [1m[36mPlace Load (0.3ms)[0m  [1mSELECT "places".* FROM "places" WHERE "places"."id" = 1125 LIMIT 1[0m
  [1m[35mRoute Load (0.3ms)[0m  select * from routes where startplace_id = 1125
  [1m[36mRoute Load (0.3ms)[0m  [1mselect * from routes where endplace_id = 1125[0m
  [1m[35mCACHE (0.0ms)[0m  SELECT "places".* FROM "places" WHERE "places"."id" = $1 LIMIT 1  [["id", 1125]]
  [1m[36mCACHE (0.0ms)[0m  [1mSELECT "places".* FROM "places" WHERE "places"."id" = $1 LIMIT 1[0m  [["id", 1123]]
  [1m[35mCACHE (0.0ms)[0m  SELECT "places".* FROM "places" WHERE "places"."id" = $1 LIMIT 1  [["id", 769]]
  [1m[36mPlace Load (0.3ms)[0m  [1mSELECT "places".* FROM "places" WHERE "places"."id" = 419 LIMIT 1[0m
  [1m[35mRoute Load (0.3ms)[0m  select * from routes where startplace_id = 419
  [1m[36mRoute Load (0.3ms)[0m  [1mselect * from routes where endplace_id = 419[0m
  [1m[35mCACHE (0.0ms)[0m  SELECT "places".* FROM "places" WHERE "places"."id" = $1 LIMIT 1  [["id", 419]]
  [1m[36mCACHE (0.0ms)[0m  [1mSELECT "places".* FROM "places" WHERE "places"."id" = $1 LIMIT 1[0m  [["id", 1127]]
  [1m[35mPlace Load (0.2ms)[0m  SELECT "places".* FROM "places" WHERE "places"."id" = $1 LIMIT 1  [["id", 1128]]
  [1m[36mCACHE (0.0ms)[0m  [1mSELECT "places".* FROM "places" WHERE "places"."id" = 1125 LIMIT 1[0m
  [1m[35mCACHE (0.0ms)[0m  select * from routes where startplace_id = 1125
  [1m[36mCACHE (0.0ms)[0m  [1mselect * from routes where endplace_id = 1125[0m
  [1m[35mCACHE (0.0ms)[0m  SELECT "places".* FROM "places" WHERE "places"."id" = $1 LIMIT 1  [["id", 1125]]
  [1m[36mCACHE (0.0ms)[0m  [1mSELECT "places".* FROM "places" WHERE "places"."id" = $1 LIMIT 1[0m  [["id", 1123]]
  [1m[35mCACHE (0.0ms)[0m  SELECT "places".* FROM "places" WHERE "places"."id" = $1 LIMIT 1  [["id", 769]]
  [1m[36mCACHE (0.0ms)[0m  [1mSELECT "places".* FROM "places" WHERE "places"."id" = 769 LIMIT 1[0m
  [1m[35mCACHE (0.0ms)[0m  select * from routes where startplace_id = 769
  [1m[36mCACHE (0.0ms)[0m  [1mselect * from routes where endplace_id = 769[0m
  [1m[35mCACHE (0.0ms)[0m  SELECT "places".* FROM "places" WHERE "places"."id" = $1 LIMIT 1  [["id", 769]]
  [1m[36mCACHE (0.0ms)[0m  [1mSELECT "places".* FROM "places" WHERE "places"."id" = $1 LIMIT 1[0m  [["id", 1125]]
  [1m[35mCACHE (0.0ms)[0m  SELECT "places".* FROM "places" WHERE "places"."id" = $1 LIMIT 1  [["id", 1126]]
  [1m[36mPlace Load (0.3ms)[0m  [1mSELECT "places".* FROM "places" WHERE "places"."id" = 1128 LIMIT 1[0m
  [1m[35mRoute Load (0.2ms)[0m  select * from routes where startplace_id = 1128
  [1m[36mRoute Load (0.3ms)[0m  [1mselect * from routes where endplace_id = 1128[0m
  [1m[35mCACHE (0.0ms)[0m  SELECT "places".* FROM "places" WHERE "places"."id" = $1 LIMIT 1  [["id", 1128]]
  [1m[36mCACHE (0.0ms)[0m  [1mSELECT "places".* FROM "places" WHERE "places"."id" = $1 LIMIT 1[0m  [["id", 419]]
  [1m[35mCACHE (0.0ms)[0m  SELECT "places".* FROM "places" WHERE "places"."id" = 1123 LIMIT 1
  [1m[36mCACHE (0.0ms)[0m  [1mselect * from routes where startplace_id = 1123[0m
  [1m[35mCACHE (0.0ms)[0m  select * from routes where endplace_id = 1123
  [1m[36mCACHE (0.0ms)[0m  [1mSELECT "places".* FROM "places" WHERE "places"."id" = $1 LIMIT 1[0m  [["id", 1123]]
  [1m[35mCACHE (0.0ms)[0m  SELECT "places".* FROM "places" WHERE "places"."id" = $1 LIMIT 1  [["id", 1124]]
  [1m[36mCACHE (0.0ms)[0m  [1mSELECT "places".* FROM "places" WHERE "places"."id" = $1 LIMIT 1[0m  [["id", 975]]
  [1m[35mCACHE (0.0ms)[0m  SELECT "places".* FROM "places" WHERE "places"."id" = $1 LIMIT 1  [["id", 1125]]
  [1m[36mCACHE (0.0ms)[0m  [1mSELECT "places".* FROM "places" WHERE "places"."id" = 1126 LIMIT 1[0m
  [1m[35mCACHE (0.0ms)[0m  select * from routes where startplace_id = 1126
  [1m[36mCACHE (0.0ms)[0m  [1mselect * from routes where endplace_id = 1126[0m
  [1m[35mCACHE (0.0ms)[0m  SELECT "places".* FROM "places" WHERE "places"."id" = $1 LIMIT 1  [["id", 1126]]
  [1m[36mCACHE (0.0ms)[0m  [1mSELECT "places".* FROM "places" WHERE "places"."id" = $1 LIMIT 1[0m  [["id", 1130]]
  [1m[35mCACHE (0.0ms)[0m  SELECT "places".* FROM "places" WHERE "places"."id" = $1 LIMIT 1  [["id", 1126]]
  [1m[36mCACHE (0.0ms)[0m  [1mSELECT "places".* FROM "places" WHERE "places"."id" = $1 LIMIT 1[0m  [["id", 769]]
  [1m[35mCACHE (0.0ms)[0m  SELECT "places".* FROM "places" WHERE "places"."id" = $1 LIMIT 1  [["id", 1127]]
  [1m[36mCACHE (0.0ms)[0m  [1mSELECT "places".* FROM "places" WHERE "places"."id" = 1124 LIMIT 1[0m
  [1m[35mCACHE (0.0ms)[0m  select * from routes where startplace_id = 1124
  [1m[36mCACHE (0.0ms)[0m  [1mselect * from routes where endplace_id = 1124[0m
  [1m[35mCACHE (0.0ms)[0m  SELECT "places".* FROM "places" WHERE "places"."id" = $1 LIMIT 1  [["id", 1124]]
  [1m[36mCACHE (0.0ms)[0m  [1mSELECT "places".* FROM "places" WHERE "places"."id" = $1 LIMIT 1[0m  [["id", 1129]]
  [1m[35mCACHE (0.0ms)[0m  SELECT "places".* FROM "places" WHERE "places"."id" = $1 LIMIT 1  [["id", 1124]]
  [1m[36mCACHE (0.0ms)[0m  [1mSELECT "places".* FROM "places" WHERE "places"."id" = $1 LIMIT 1[0m  [["id", 974]]
  [1m[35mCACHE (0.0ms)[0m  SELECT "places".* FROM "places" WHERE "places"."id" = $1 LIMIT 1  [["id", 1123]]
  [1m[36mCACHE (0.0ms)[0m  [1mSELECT "places".* FROM "places" WHERE "places"."id" = 1127 LIMIT 1[0m
  [1m[35mCACHE (0.0ms)[0m  select * from routes where startplace_id = 1127
  [1m[36mCACHE (0.0ms)[0m  [1mselect * from routes where endplace_id = 1127[0m
  [1m[35mCACHE (0.0ms)[0m  SELECT "places".* FROM "places" WHERE "places"."id" = $1 LIMIT 1  [["id", 1127]]
  [1m[36mCACHE (0.0ms)[0m  [1mSELECT "places".* FROM "places" WHERE "places"."id" = $1 LIMIT 1[0m  [["id", 1126]]
  [1m[35mCACHE (0.0ms)[0m  SELECT "places".* FROM "places" WHERE "places"."id" = $1 LIMIT 1  [["id", 419]]
  [1m[36mCACHE (0.0ms)[0m  [1mSELECT "places".* FROM "places" WHERE "places"."id" = 1130 LIMIT 1[0m
  [1m[35mCACHE (0.0ms)[0m  select * from routes where startplace_id = 1130
  [1m[36mCACHE (0.0ms)[0m  [1mselect * from routes where endplace_id = 1130[0m
  [1m[35mCACHE (0.0ms)[0m  SELECT "places".* FROM "places" WHERE "places"."id" = $1 LIMIT 1  [["id", 1130]]
  [1m[36mCACHE (0.0ms)[0m  [1mSELECT "places".* FROM "places" WHERE "places"."id" = $1 LIMIT 1[0m  [["id", 974]]
  [1m[35mCACHE (0.0ms)[0m  SELECT "places".* FROM "places" WHERE "places"."id" = $1 LIMIT 1  [["id", 1126]]
BNewroutes
650
{:place=>974, :route=>[272, 22, -219, 220, 21, 221, 238, 235], :url=>"xrv234xrv235xrv238xrv221xrv21xrv220xrv-219xrv22xrv272"}
{:place=>769, :route=>[-227, 240, 239, 272, 22, -219, 220, 21, 221, 238, 235], :url=>"xrv234xrv235xrv238xrv221xrv21xrv220xrv-219xrv22xrv272xrv239xrv240xrv-227"}
{:place=>1125, :route=>[225, 223, 224, 272, 22, -219, 220, 21, 221, 238, 235], :url=>"xrv234xrv235xrv238xrv221xrv21xrv220xrv-219xrv22xrv272xrv224xrv223xrv225"}
{:place=>419, :route=>[229, 228, 240, 239, 272, 22, -219, 220, 21, 221, 238, 235], :url=>"xrv234xrv235xrv238xrv221xrv21xrv220xrv-219xrv22xrv272xrv239xrv240xrv228xrv229"}
{:place=>1125, :route=>[-226, -227, 240, 239, 272, 22, -219, 220, 21, 221, 238, 235], :url=>"xrv234xrv235xrv238xrv221xrv21xrv220xrv-219xrv22xrv272xrv239xrv240xrv-227xrv-226"}
{:place=>769, :route=>[226, 225, 223, 224, 272, 22, -219, 220, 21, 221, 238, 235], :url=>"xrv234xrv235xrv238xrv221xrv21xrv220xrv-219xrv22xrv272xrv224xrv223xrv225xrv226"}
{:place=>1128, :route=>[230, 229, 228, 240, 239, 272, 22, -219, 220, 21, 221, 238, 235], :url=>"xrv234xrv235xrv238xrv221xrv21xrv220xrv-219xrv22xrv272xrv239xrv240xrv228xrv229xrv230"}
{:place=>1124, :route=>[-223, -225, -226, -227, 240, 239, 272, 22, -219, 220, 21, 221, 238, 235], :url=>"xrv234xrv235xrv238xrv221xrv21xrv220xrv-219xrv22xrv272xrv239xrv240xrv-227xrv-226xrv-225xrv-223"}
{:place=>419, :route=>[229, 228, 227, 226, 225, 223, 224, 272, 22, -219, 220, 21, 221, 238, 235], :url=>"xrv234xrv235xrv238xrv221xrv21xrv220xrv-219xrv22xrv272xrv224xrv223xrv225xrv226xrv227xrv228xrv229"}
{:place=>1130, :route=>[-240, 227, 226, 225, 223, 224, 272, 22, -219, 220, 21, 221, 238, 235], :url=>"xrv234xrv235xrv238xrv221xrv21xrv220xrv-219xrv22xrv272xrv224xrv223xrv225xrv226xrv227xrv-240"}
  [1m[36mCACHE (0.0ms)[0m  [1mSELECT "places".* FROM "places" WHERE "places"."id" = 974 LIMIT 1[0m
  [1m[35m (1.3ms)[0m  SELECT COUNT(*) FROM "route_indices" WHERE (url = 'xrv234xrv235xrv238xrv221xrv21xrv220xrv-219xrv22xrv272')
  [1m[36mPlaceType Load (0.3ms)[0m  [1mselect * from place_types where name='Roadend'[0m
  [1m[35mSQL (0.6ms)[0m  INSERT INTO "route_indices" ("created_at", "endplace_id", "isDest", "startplace_id", "updated_at", "url") VALUES ($1, $2, $3, $4, $5, $6) RETURNING "id"  [["created_at", Mon, 27 Oct 2014 10:08:10 NZDT +13:00], ["endplace_id", 974], ["isDest", true], ["startplace_id", 650], ["updated_at", Mon, 27 Oct 2014 10:08:10 NZDT +13:00], ["url", "xrv234xrv235xrv238xrv221xrv21xrv220xrv-219xrv22xrv272"]]
  [1m[36mPlace Load (0.3ms)[0m  [1mSELECT "places".* FROM "places" WHERE "places"."id" = 769 LIMIT 1[0m
  [1m[35m (1.1ms)[0m  SELECT COUNT(*) FROM "route_indices" WHERE (url = 'xrv234xrv235xrv238xrv221xrv21xrv220xrv-219xrv22xrv272xrv239xrv240xrv-227')
  [1m[36mPlaceType Load (0.2ms)[0m  [1mselect * from place_types where name='Hut'[0m
  [1m[35mSQL (0.4ms)[0m  INSERT INTO "route_indices" ("created_at", "endplace_id", "isDest", "startplace_id", "updated_at", "url") VALUES ($1, $2, $3, $4, $5, $6) RETURNING "id"  [["created_at", Mon, 27 Oct 2014 10:08:10 NZDT +13:00], ["endplace_id", 769], ["isDest", true], ["startplace_id", 650], ["updated_at", Mon, 27 Oct 2014 10:08:10 NZDT +13:00], ["url", "xrv234xrv235xrv238xrv221xrv21xrv220xrv-219xrv22xrv272xrv239xrv240xrv-227"]]
  [1m[36mPlace Load (0.3ms)[0m  [1mSELECT "places".* FROM "places" WHERE "places"."id" = 1125 LIMIT 1[0m
  [1m[35m (1.0ms)[0m  SELECT COUNT(*) FROM "route_indices" WHERE (url = 'xrv234xrv235xrv238xrv221xrv21xrv220xrv-219xrv22xrv272xrv224xrv223xrv225')
  [1m[36mPlaceType Load (0.2ms)[0m  [1mselect * from place_types where name='Campsite'[0m
  [1m[35mSQL (0.4ms)[0m  INSERT INTO "route_indices" ("created_at", "endplace_id", "isDest", "startplace_id", "updated_at", "url") VALUES ($1, $2, $3, $4, $5, $6) RETURNING "id"  [["created_at", Mon, 27 Oct 2014 10:08:10 NZDT +13:00], ["endplace_id", 1125], ["isDest", true], ["startplace_id", 650], ["updated_at", Mon, 27 Oct 2014 10:08:10 NZDT +13:00], ["url", "xrv234xrv235xrv238xrv221xrv21xrv220xrv-219xrv22xrv272xrv224xrv223xrv225"]]
  [1m[36mPlace Load (0.3ms)[0m  [1mSELECT "places".* FROM "places" WHERE "places"."id" = 419 LIMIT 1[0m
  [1m[35m (1.1ms)[0m  SELECT COUNT(*) FROM "route_indices" WHERE (url = 'xrv234xrv235xrv238xrv221xrv21xrv220xrv-219xrv22xrv272xrv239xrv240xrv228xrv229')
  [1m[36mPlaceType Load (0.2ms)[0m  [1mselect * from place_types where name='Hut'[0m
  [1m[35mSQL (0.4ms)[0m  INSERT INTO "route_indices" ("created_at", "endplace_id", "isDest", "startplace_id", "updated_at", "url") VALUES ($1, $2, $3, $4, $5, $6) RETURNING "id"  [["created_at", Mon, 27 Oct 2014 10:08:10 NZDT +13:00], ["endplace_id", 419], ["isDest", true], ["startplace_id", 650], ["updated_at", Mon, 27 Oct 2014 10:08:10 NZDT +13:00], ["url", "xrv234xrv235xrv238xrv221xrv21xrv220xrv-219xrv22xrv272xrv239xrv240xrv228xrv229"]]
  [1m[36mPlace Load (0.3ms)[0m  [1mSELECT "places".* FROM "places" WHERE "places"."id" = 1125 LIMIT 1[0m
  [1m[35m (1.1ms)[0m  SELECT COUNT(*) FROM "route_indices" WHERE (url = 'xrv234xrv235xrv238xrv221xrv21xrv220xrv-219xrv22xrv272xrv239xrv240xrv-227xrv-226')
  [1m[36mPlaceType Load (0.2ms)[0m  [1mselect * from place_types where name='Campsite'[0m
  [1m[35mSQL (0.4ms)[0m  INSERT INTO "route_indices" ("created_at", "endplace_id", "isDest", "startplace_id", "updated_at", "url") VALUES ($1, $2, $3, $4, $5, $6) RETURNING "id"  [["created_at", Mon, 27 Oct 2014 10:08:10 NZDT +13:00], ["endplace_id", 1125], ["isDest", true], ["startplace_id", 650], ["updated_at", Mon, 27 Oct 2014 10:08:10 NZDT +13:00], ["url", "xrv234xrv235xrv238xrv221xrv21xrv220xrv-219xrv22xrv272xrv239xrv240xrv-227xrv-226"]]
  [1m[36mPlace Load (0.3ms)[0m  [1mSELECT "places".* FROM "places" WHERE "places"."id" = 769 LIMIT 1[0m
  [1m[35m (1.1ms)[0m  SELECT COUNT(*) FROM "route_indices" WHERE (url = 'xrv234xrv235xrv238xrv221xrv21xrv220xrv-219xrv22xrv272xrv224xrv223xrv225xrv226')
  [1m[36mPlaceType Load (0.2ms)[0m  [1mselect * from place_types where name='Hut'[0m
  [1m[35mSQL (0.4ms)[0m  INSERT INTO "route_indices" ("created_at", "endplace_id", "isDest", "startplace_id", "updated_at", "url") VALUES ($1, $2, $3, $4, $5, $6) RETURNING "id"  [["created_at", Mon, 27 Oct 2014 10:08:10 NZDT +13:00], ["endplace_id", 769], ["isDest", true], ["startplace_id", 650], ["updated_at", Mon, 27 Oct 2014 10:08:10 NZDT +13:00], ["url", "xrv234xrv235xrv238xrv221xrv21xrv220xrv-219xrv22xrv272xrv224xrv223xrv225xrv226"]]
  [1m[36mPlace Load (0.3ms)[0m  [1mSELECT "places".* FROM "places" WHERE "places"."id" = 1128 LIMIT 1[0m
  [1m[35m (1.1ms)[0m  SELECT COUNT(*) FROM "route_indices" WHERE (url = 'xrv234xrv235xrv238xrv221xrv21xrv220xrv-219xrv22xrv272xrv239xrv240xrv228xrv229xrv230')
  [1m[36mPlaceType Load (0.2ms)[0m  [1mselect * from place_types where name='Roadend'[0m
  [1m[35mSQL (0.4ms)[0m  INSERT INTO "route_indices" ("created_at", "endplace_id", "isDest", "startplace_id", "updated_at", "url") VALUES ($1, $2, $3, $4, $5, $6) RETURNING "id"  [["created_at", Mon, 27 Oct 2014 10:08:10 NZDT +13:00], ["endplace_id", 1128], ["isDest", true], ["startplace_id", 650], ["updated_at", Mon, 27 Oct 2014 10:08:10 NZDT +13:00], ["url", "xrv234xrv235xrv238xrv221xrv21xrv220xrv-219xrv22xrv272xrv239xrv240xrv228xrv229xrv230"]]
  [1m[36mPlace Load (0.3ms)[0m  [1mSELECT "places".* FROM "places" WHERE "places"."id" = 1124 LIMIT 1[0m
  [1m[35m (1.1ms)[0m  SELECT COUNT(*) FROM "route_indices" WHERE (url = 'xrv234xrv235xrv238xrv221xrv21xrv220xrv-219xrv22xrv272xrv239xrv240xrv-227xrv-226xrv-225xrv-223')
  [1m[36mPlaceType Load (0.2ms)[0m  [1mselect * from place_types where name='Junction'[0m
  [1m[35mSQL (0.4ms)[0m  INSERT INTO "route_indices" ("created_at", "endplace_id", "isDest", "startplace_id", "updated_at", "url") VALUES ($1, $2, $3, $4, $5, $6) RETURNING "id"  [["created_at", Mon, 27 Oct 2014 10:08:10 NZDT +13:00], ["endplace_id", 1124], ["isDest", false], ["startplace_id", 650], ["updated_at", Mon, 27 Oct 2014 10:08:10 NZDT +13:00], ["url", "xrv234xrv235xrv238xrv221xrv21xrv220xrv-219xrv22xrv272xrv239xrv240xrv-227xrv-226xrv-225xrv-223"]]
  [1m[36mPlace Load (0.3ms)[0m  [1mSELECT "places".* FROM "places" WHERE "places"."id" = 419 LIMIT 1[0m
  [1m[35m (1.0ms)[0m  SELECT COUNT(*) FROM "route_indices" WHERE (url = 'xrv234xrv235xrv238xrv221xrv21xrv220xrv-219xrv22xrv272xrv224xrv223xrv225xrv226xrv227xrv228xrv229')
  [1m[36mPlaceType Load (0.2ms)[0m  [1mselect * from place_types where name='Hut'[0m
  [1m[35mSQL (0.4ms)[0m  INSERT INTO "route_indices" ("created_at", "endplace_id", "isDest", "startplace_id", "updated_at", "url") VALUES ($1, $2, $3, $4, $5, $6) RETURNING "id"  [["created_at", Mon, 27 Oct 2014 10:08:10 NZDT +13:00], ["endplace_id", 419], ["isDest", true], ["startplace_id", 650], ["updated_at", Mon, 27 Oct 2014 10:08:10 NZDT +13:00], ["url", "xrv234xrv235xrv238xrv221xrv21xrv220xrv-219xrv22xrv272xrv224xrv223xrv225xrv226xrv227xrv228xrv229"]]
  [1m[36mPlace Load (0.2ms)[0m  [1mSELECT "places".* FROM "places" WHERE "places"."id" = 1130 LIMIT 1[0m
  [1m[35m (1.0ms)[0m  SELECT COUNT(*) FROM "route_indices" WHERE (url = 'xrv234xrv235xrv238xrv221xrv21xrv220xrv-219xrv22xrv272xrv224xrv223xrv225xrv226xrv227xrv-240')
  [1m[36mPlaceType Load (0.2ms)[0m  [1mselect * from place_types where name='Junction'[0m
  [1m[35mSQL (0.4ms)[0m  INSERT INTO "route_indices" ("created_at", "endplace_id", "isDest", "startplace_id", "updated_at", "url") VALUES ($1, $2, $3, $4, $5, $6) RETURNING "id"  [["created_at", Mon, 27 Oct 2014 10:08:10 NZDT +13:00], ["endplace_id", 1130], ["isDest", false], ["startplace_id", 650], ["updated_at", Mon, 27 Oct 2014 10:08:10 NZDT +13:00], ["url", "xrv234xrv235xrv238xrv221xrv21xrv220xrv-219xrv22xrv272xrv224xrv223xrv225xrv226xrv227xrv-240"]]
  [1m[36mPlace Load (0.2ms)[0m  [1mSELECT "places".* FROM "places" WHERE "places"."id" = 769 LIMIT 1[0m
  [1m[35mPlaceType Load (0.2ms)[0m  select name, "isDest" from place_types
  [1m[36mRoute Load (0.3ms)[0m  [1mSELECT "routes".* FROM "routes" WHERE "routes"."id" = 225 LIMIT 1[0m
  [1m[35mPlace Load (0.2ms)[0m  SELECT "places".* FROM "places" WHERE "places"."id" = $1 LIMIT 1  [["id", 1125]]
  [1m[36mPlace Load (0.2ms)[0m  [1mSELECT "places".* FROM "places" WHERE "places"."id" = $1 LIMIT 1[0m  [["id", 1123]]
  [1m[35mRoute Load (0.3ms)[0m  SELECT "routes".* FROM "routes" WHERE "routes"."id" = 222 LIMIT 1
  [1m[36mRoute Load (0.3ms)[0m  [1mSELECT "routes".* FROM "routes" WHERE "routes"."id" = 221 LIMIT 1[0m
  [1m[35mRoute Load (0.3ms)[0m  SELECT "routes".* FROM "routes" WHERE "routes"."id" = 21 LIMIT 1
  [1m[36mRoute Load (0.3ms)[0m  [1mSELECT "routes".* FROM "routes" WHERE "routes"."id" = 220 LIMIT 1[0m
  [1m[35mRoute Load (0.3ms)[0m  SELECT "routes".* FROM "routes" WHERE "routes"."id" = 219 LIMIT 1
  [1m[36mPlace Load (0.2ms)[0m  [1mSELECT "places".* FROM "places" WHERE "places"."id" = $1 LIMIT 1[0m  [["id", 976]]
  [1m[35mPlace Load (0.2ms)[0m  SELECT "places".* FROM "places" WHERE "places"."id" = $1 LIMIT 1  [["id", 1119]]
  [1m[36mRoute Load (0.3ms)[0m  [1mSELECT "routes".* FROM "routes" WHERE "routes"."id" = 22 LIMIT 1[0m
  [1m[35mRoute Load (0.3ms)[0m  SELECT "routes".* FROM "routes" WHERE "routes"."id" = 272 LIMIT 1
  [1m[36mPlace Load (0.3ms)[0m  [1mSELECT "places".* FROM "places" WHERE "places"."id" = 974 LIMIT 1[0m
  [1m[35mCACHE (0.0ms)[0m  SELECT "places".* FROM "places" WHERE "places"."id" = 974 LIMIT 1
  [1m[36mRoute Load (0.3ms)[0m  [1mselect * from routes where startplace_id = 974[0m
  [1m[35mRoute Load (0.3ms)[0m  select * from routes where endplace_id = 974
  [1m[36mPlace Load (0.2ms)[0m  [1mSELECT "places".* FROM "places" WHERE "places"."id" = $1 LIMIT 1[0m  [["id", 974]]
  [1m[35mPlace Load (0.2ms)[0m  SELECT "places".* FROM "places" WHERE "places"."id" = $1 LIMIT 1  [["id", 471]]
  [1m[36mPlace Load (0.2ms)[0m  [1mSELECT "places".* FROM "places" WHERE "places"."id" = $1 LIMIT 1[0m  [["id", 1130]]
  [1m[35mPlace Load (0.2ms)[0m  SELECT "places".* FROM "places" WHERE "places"."id" = $1 LIMIT 1  [["id", 1124]]
  [1m[36mPlace Load (0.3ms)[0m  [1mSELECT "places".* FROM "places" WHERE "places"."id" = 1130 LIMIT 1[0m
  [1m[35mRoute Load (0.3ms)[0m  select * from routes where startplace_id = 1130
  [1m[36mRoute Load (0.3ms)[0m  [1mselect * from routes where endplace_id = 1130[0m
  [1m[35mCACHE (0.0ms)[0m  SELECT "places".* FROM "places" WHERE "places"."id" = $1 LIMIT 1  [["id", 1130]]
  [1m[36mCACHE (0.0ms)[0m  [1mSELECT "places".* FROM "places" WHERE "places"."id" = $1 LIMIT 1[0m  [["id", 974]]
  [1m[35mPlace Load (0.2ms)[0m  SELECT "places".* FROM "places" WHERE "places"."id" = $1 LIMIT 1  [["id", 1126]]
  [1m[36mPlace Load (0.3ms)[0m  [1mSELECT "places".* FROM "places" WHERE "places"."id" = 1124 LIMIT 1[0m
  [1m[35mRoute Load (0.3ms)[0m  select * from routes where startplace_id = 1124
  [1m[36mRoute Load (0.3ms)[0m  [1mselect * from routes where endplace_id = 1124[0m
  [1m[35mCACHE (0.0ms)[0m  SELECT "places".* FROM "places" WHERE "places"."id" = $1 LIMIT 1  [["id", 1124]]
  [1m[36mPlace Load (0.2ms)[0m  [1mSELECT "places".* FROM "places" WHERE "places"."id" = $1 LIMIT 1[0m  [["id", 1129]]
  [1m[35mCACHE (0.0ms)[0m  SELECT "places".* FROM "places" WHERE "places"."id" = $1 LIMIT 1  [["id", 1124]]
  [1m[36mCACHE (0.0ms)[0m  [1mSELECT "places".* FROM "places" WHERE "places"."id" = $1 LIMIT 1[0m  [["id", 974]]
  [1m[35mCACHE (0.0ms)[0m  SELECT "places".* FROM "places" WHERE "places"."id" = $1 LIMIT 1  [["id", 1123]]
  [1m[36mPlace Load (0.2ms)[0m  [1mSELECT "places".* FROM "places" WHERE "places"."id" = 1126 LIMIT 1[0m
  [1m[35mRoute Load (0.3ms)[0m  select * from routes where startplace_id = 1126
  [1m[36mRoute Load (0.3ms)[0m  [1mselect * from routes where endplace_id = 1126[0m
  [1m[35mCACHE (0.0ms)[0m  SELECT "places".* FROM "places" WHERE "places"."id" = $1 LIMIT 1  [["id", 1126]]
  [1m[36mCACHE (0.0ms)[0m  [1mSELECT "places".* FROM "places" WHERE "places"."id" = $1 LIMIT 1[0m  [["id", 1130]]
  [1m[35mCACHE (0.0ms)[0m  SELECT "places".* FROM "places" WHERE "places"."id" = $1 LIMIT 1  [["id", 1126]]
  [1m[36mPlace Load (0.2ms)[0m  [1mSELECT "places".* FROM "places" WHERE "places"."id" = $1 LIMIT 1[0m  [["id", 769]]
  [1m[35mPlace Load (0.2ms)[0m  SELECT "places".* FROM "places" WHERE "places"."id" = $1 LIMIT 1  [["id", 1127]]
  [1m[36mPlace Load (0.3ms)[0m  [1mSELECT "places".* FROM "places" WHERE "places"."id" = 1129 LIMIT 1[0m
  [1m[35mRoute Load (0.3ms)[0m  select * from routes where startplace_id = 1129
  [1m[36mRoute Load (0.3ms)[0m  [1mselect * from routes where endplace_id = 1129[0m
  [1m[35mCACHE (0.0ms)[0m  SELECT "places".* FROM "places" WHERE "places"."id" = $1 LIMIT 1  [["id", 1129]]
  [1m[36mPlace Load (0.2ms)[0m  [1mSELECT "places".* FROM "places" WHERE "places"."id" = $1 LIMIT 1[0m  [["id", 207]]
  [1m[35mCACHE (0.1ms)[0m  SELECT "places".* FROM "places" WHERE "places"."id" = $1 LIMIT 1  [["id", 1124]]
  [1m[36mPlace Load (0.2ms)[0m  [1mSELECT "places".* FROM "places" WHERE "places"."id" = $1 LIMIT 1[0m  [["id", 975]]
  [1m[35mPlace Load (0.2ms)[0m  SELECT "places".* FROM "places" WHERE "places"."id" = 1127 LIMIT 1
  [1m[36mRoute Load (0.3ms)[0m  [1mselect * from routes where startplace_id = 1127[0m
  [1m[35mRoute Load (0.3ms)[0m  select * from routes where endplace_id = 1127
  [1m[36mCACHE (0.0ms)[0m  [1mSELECT "places".* FROM "places" WHERE "places"."id" = $1 LIMIT 1[0m  [["id", 1127]]
  [1m[35mCACHE (0.0ms)[0m  SELECT "places".* FROM "places" WHERE "places"."id" = $1 LIMIT 1  [["id", 1126]]
  [1m[36mPlace Load (0.2ms)[0m  [1mSELECT "places".* FROM "places" WHERE "places"."id" = $1 LIMIT 1[0m  [["id", 419]]
  [1m[35mPlace Load (0.3ms)[0m  SELECT "places".* FROM "places" WHERE "places"."id" = 207 LIMIT 1
  [1m[36mRoute Load (0.3ms)[0m  [1mselect * from routes where startplace_id = 207[0m
  [1m[35mRoute Load (0.3ms)[0m  select * from routes where endplace_id = 207
  [1m[36mCACHE (0.0ms)[0m  [1mSELECT "places".* FROM "places" WHERE "places"."id" = $1 LIMIT 1[0m  [["id", 207]]
  [1m[35mPlace Load (0.2ms)[0m  SELECT "places".* FROM "places" WHERE "places"."id" = $1 LIMIT 1  [["id", 650]]
  [1m[36mCACHE (0.0ms)[0m  [1mSELECT "places".* FROM "places" WHERE "places"."id" = $1 LIMIT 1[0m  [["id", 207]]
  [1m[35mPlace Load (0.2ms)[0m  SELECT "places".* FROM "places" WHERE "places"."id" = $1 LIMIT 1  [["id", 1133]]
  [1m[36mCACHE (0.0ms)[0m  [1mSELECT "places".* FROM "places" WHERE "places"."id" = $1 LIMIT 1[0m  [["id", 1129]]
  [1m[35mPlace Load (0.3ms)[0m  SELECT "places".* FROM "places" WHERE "places"."id" = 419 LIMIT 1
  [1m[36mRoute Load (0.3ms)[0m  [1mselect * from routes where startplace_id = 419[0m
  [1m[35mRoute Load (0.3ms)[0m  select * from routes where endplace_id = 419
  [1m[36mCACHE (0.0ms)[0m  [1mSELECT "places".* FROM "places" WHERE "places"."id" = $1 LIMIT 1[0m  [["id", 419]]
  [1m[35mCACHE (0.0ms)[0m  SELECT "places".* FROM "places" WHERE "places"."id" = $1 LIMIT 1  [["id", 1127]]
  [1m[36mPlace Load (0.2ms)[0m  [1mSELECT "places".* FROM "places" WHERE "places"."id" = $1 LIMIT 1[0m  [["id", 1128]]
  [1m[35mPlace Load (0.3ms)[0m  SELECT "places".* FROM "places" WHERE "places"."id" = 650 LIMIT 1
  [1m[36mRoute Load (0.3ms)[0m  [1mselect * from routes where startplace_id = 650[0m
  [1m[35mRoute Load (0.3ms)[0m  select * from routes where endplace_id = 650
  [1m[36mCACHE (0.0ms)[0m  [1mSELECT "places".* FROM "places" WHERE "places"."id" = $1 LIMIT 1[0m  [["id", 650]]
  [1m[35mPlace Load (0.2ms)[0m  SELECT "places".* FROM "places" WHERE "places"."id" = $1 LIMIT 1  [["id", 45]]
  [1m[36mCACHE (0.0ms)[0m  [1mSELECT "places".* FROM "places" WHERE "places"."id" = $1 LIMIT 1[0m  [["id", 207]]
  [1m[35mPlace Load (0.3ms)[0m  SELECT "places".* FROM "places" WHERE "places"."id" = 1133 LIMIT 1
  [1m[36mRoute Load (0.3ms)[0m  [1mselect * from routes where startplace_id = 1133[0m
  [1m[35mRoute Load (0.3ms)[0m  select * from routes where endplace_id = 1133
  [1m[36mCACHE (0.0ms)[0m  [1mSELECT "places".* FROM "places" WHERE "places"."id" = $1 LIMIT 1[0m  [["id", 1133]]
  [1m[35mPlace Load (0.2ms)[0m  SELECT "places".* FROM "places" WHERE "places"."id" = $1 LIMIT 1  [["id", 1131]]
  [1m[36mCACHE (0.0ms)[0m  [1mSELECT "places".* FROM "places" WHERE "places"."id" = $1 LIMIT 1[0m  [["id", 207]]
  [1m[35mPlace Load (0.3ms)[0m  SELECT "places".* FROM "places" WHERE "places"."id" = 1128 LIMIT 1
  [1m[36mRoute Load (0.2ms)[0m  [1mselect * from routes where startplace_id = 1128[0m
  [1m[35mRoute Load (0.3ms)[0m  select * from routes where endplace_id = 1128
  [1m[36mCACHE (0.0ms)[0m  [1mSELECT "places".* FROM "places" WHERE "places"."id" = $1 LIMIT 1[0m  [["id", 1128]]
  [1m[35mCACHE (0.0ms)[0m  SELECT "places".* FROM "places" WHERE "places"."id" = $1 LIMIT 1  [["id", 419]]
  [1m[36mPlace Load (0.2ms)[0m  [1mSELECT "places".* FROM "places" WHERE "places"."id" = 45 LIMIT 1[0m
  [1m[35mRoute Load (0.3ms)[0m  select * from routes where startplace_id = 45
  [1m[36mRoute Load (0.3ms)[0m  [1mselect * from routes where endplace_id = 45[0m
  [1m[35mCACHE (0.0ms)[0m  SELECT "places".* FROM "places" WHERE "places"."id" = $1 LIMIT 1  [["id", 45]]
  [1m[36mCACHE (0.0ms)[0m  [1mSELECT "places".* FROM "places" WHERE "places"."id" = $1 LIMIT 1[0m  [["id", 976]]
  [1m[35mCACHE (0.0ms)[0m  SELECT "places".* FROM "places" WHERE "places"."id" = $1 LIMIT 1  [["id", 650]]
  [1m[36mPlace Load (0.2ms)[0m  [1mSELECT "places".* FROM "places" WHERE "places"."id" = 1131 LIMIT 1[0m
  [1m[35mRoute Load (0.3ms)[0m  select * from routes where startplace_id = 1131
  [1m[36mRoute Load (0.3ms)[0m  [1mselect * from routes where endplace_id = 1131[0m
  [1m[35mCACHE (0.0ms)[0m  SELECT "places".* FROM "places" WHERE "places"."id" = $1 LIMIT 1  [["id", 1131]]
  [1m[36mPlace Load (0.2ms)[0m  [1mSELECT "places".* FROM "places" WHERE "places"."id" = $1 LIMIT 1[0m  [["id", 1132]]
  [1m[35mCACHE (0.0ms)[0m  SELECT "places".* FROM "places" WHERE "places"."id" = $1 LIMIT 1  [["id", 1133]]
  [1m[36mPlace Load (0.3ms)[0m  [1mSELECT "places".* FROM "places" WHERE "places"."id" = 1132 LIMIT 1[0m
  [1m[35mRoute Load (0.3ms)[0m  select * from routes where startplace_id = 1132
  [1m[36mRoute Load (0.2ms)[0m  [1mselect * from routes where endplace_id = 1132[0m
  [1m[35mCACHE (0.0ms)[0m  SELECT "places".* FROM "places" WHERE "places"."id" = $1 LIMIT 1  [["id", 1131]]
BNewroutes
769
{:place=>974, :route=>[272, 22, -219, 220, 21, 221, 222, -225], :url=>"xrv-226xrv-225xrv222xrv221xrv21xrv220xrv-219xrv22xrv272"}
{:place=>207, :route=>[-235, -237, 224, 272, 22, -219, 220, 21, 221, 222, -225], :url=>"xrv-226xrv-225xrv222xrv221xrv21xrv220xrv-219xrv22xrv272xrv224xrv-237xrv-235"}
{:place=>419, :route=>[229, 228, 240, 239, 272, 22, -219, 220, 21, 221, 222, -225], :url=>"xrv-226xrv-225xrv222xrv221xrv21xrv220xrv-219xrv22xrv272xrv239xrv240xrv228xrv229"}
{:place=>650, :route=>[-234, -235, -237, 224, 272, 22, -219, 220, 21, 221, 222, -225], :url=>"xrv-226xrv-225xrv222xrv221xrv21xrv220xrv-219xrv22xrv272xrv224xrv-237xrv-235xrv-234"}
{:place=>1128, :route=>[230, 229, 228, 240, 239, 272, 22, -219, 220, 21, 221, 222, -225], :url=>"xrv-226xrv-225xrv222xrv221xrv21xrv220xrv-219xrv22xrv272xrv239xrv240xrv228xrv229xrv230"}
{:place=>45, :route=>[-233, -234, -235, -237, 224, 272, 22, -219, 220, 21, 221, 222, -225], :url=>"xrv-226xrv-225xrv222xrv221xrv21xrv220xrv-219xrv22xrv272xrv224xrv-237xrv-235xrv-234xrv-233"}
{:place=>1132, :route=>[-241, -242, -243, -235, -237, 224, 272, 22, -219, 220, 21, 221, 222, -225], :url=>"xrv-226xrv-225xrv222xrv221xrv21xrv220xrv-219xrv22xrv272xrv224xrv-237xrv-235xrv-243xrv-242xrv-241"}
  [1m[36mCACHE (0.0ms)[0m  [1mSELECT "places".* FROM "places" WHERE "places"."id" = 974 LIMIT 1[0m
  [1m[35m (1.3ms)[0m  SELECT COUNT(*) FROM "route_indices" WHERE (url = 'xrv-226xrv-225xrv222xrv221xrv21xrv220xrv-219xrv22xrv272')
  [1m[36mPlaceType Load (0.2ms)[0m  [1mselect * from place_types where name='Roadend'[0m
  [1m[35mSQL (0.5ms)[0m  INSERT INTO "route_indices" ("created_at", "endplace_id", "isDest", "startplace_id", "updated_at", "url") VALUES ($1, $2, $3, $4, $5, $6) RETURNING "id"  [["created_at", Mon, 27 Oct 2014 10:08:10 NZDT +13:00], ["endplace_id", 974], ["isDest", true], ["startplace_id", 769], ["updated_at", Mon, 27 Oct 2014 10:08:10 NZDT +13:00], ["url", "xrv-226xrv-225xrv222xrv221xrv21xrv220xrv-219xrv22xrv272"]]
  [1m[36mPlace Load (0.3ms)[0m  [1mSELECT "places".* FROM "places" WHERE "places"."id" = 207 LIMIT 1[0m
  [1m[35m (1.7ms)[0m  SELECT COUNT(*) FROM "route_indices" WHERE (url = 'xrv-226xrv-225xrv222xrv221xrv21xrv220xrv-219xrv22xrv272xrv224xrv-237xrv-235')
  [1m[36mPlaceType Load (0.3ms)[0m  [1mselect * from place_types where name='Hut'[0m
  [1m[35mSQL (0.7ms)[0m  INSERT INTO "route_indices" ("created_at", "endplace_id", "isDest", "startplace_id", "updated_at", "url") VALUES ($1, $2, $3, $4, $5, $6) RETURNING "id"  [["created_at", Mon, 27 Oct 2014 10:08:10 NZDT +13:00], ["endplace_id", 207], ["isDest", true], ["startplace_id", 769], ["updated_at", Mon, 27 Oct 2014 10:08:10 NZDT +13:00], ["url", "xrv-226xrv-225xrv222xrv221xrv21xrv220xrv-219xrv22xrv272xrv224xrv-237xrv-235"]]
  [1m[36mPlace Load (0.4ms)[0m  [1mSELECT "places".* FROM "places" WHERE "places"."id" = 419 LIMIT 1[0m
  [1m[35m (1.0ms)[0m  SELECT COUNT(*) FROM "route_indices" WHERE (url = 'xrv-226xrv-225xrv222xrv221xrv21xrv220xrv-219xrv22xrv272xrv239xrv240xrv228xrv229')
  [1m[36mPlaceType Load (0.2ms)[0m  [1mselect * from place_types where name='Hut'[0m
  [1m[35mSQL (0.4ms)[0m  INSERT INTO "route_indices" ("created_at", "endplace_id", "isDest", "startplace_id", "updated_at", "url") VALUES ($1, $2, $3, $4, $5, $6) RETURNING "id"  [["created_at", Mon, 27 Oct 2014 10:08:10 NZDT +13:00], ["endplace_id", 419], ["isDest", true], ["startplace_id", 769], ["updated_at", Mon, 27 Oct 2014 10:08:10 NZDT +13:00], ["url", "xrv-226xrv-225xrv222xrv221xrv21xrv220xrv-219xrv22xrv272xrv239xrv240xrv228xrv229"]]
  [1m[36mPlace Load (0.3ms)[0m  [1mSELECT "places".* FROM "places" WHERE "places"."id" = 650 LIMIT 1[0m
  [1m[35m (1.0ms)[0m  SELECT COUNT(*) FROM "route_indices" WHERE (url = 'xrv-226xrv-225xrv222xrv221xrv21xrv220xrv-219xrv22xrv272xrv224xrv-237xrv-235xrv-234')
  [1m[36mPlaceType Load (0.2ms)[0m  [1mselect * from place_types where name='Hut'[0m
  [1m[35mSQL (0.3ms)[0m  INSERT INTO "route_indices" ("created_at", "endplace_id", "isDest", "startplace_id", "updated_at", "url") VALUES ($1, $2, $3, $4, $5, $6) RETURNING "id"  [["created_at", Mon, 27 Oct 2014 10:08:10 NZDT +13:00], ["endplace_id", 650], ["isDest", true], ["startplace_id", 769], ["updated_at", Mon, 27 Oct 2014 10:08:10 NZDT +13:00], ["url", "xrv-226xrv-225xrv222xrv221xrv21xrv220xrv-219xrv22xrv272xrv224xrv-237xrv-235xrv-234"]]
  [1m[36mPlace Load (0.3ms)[0m  [1mSELECT "places".* FROM "places" WHERE "places"."id" = 1128 LIMIT 1[0m
  [1m[35m (1.1ms)[0m  SELECT COUNT(*) FROM "route_indices" WHERE (url = 'xrv-226xrv-225xrv222xrv221xrv21xrv220xrv-219xrv22xrv272xrv239xrv240xrv228xrv229xrv230')
  [1m[36mPlaceType Load (0.2ms)[0m  [1mselect * from place_types where name='Roadend'[0m
  [1m[35mSQL (0.3ms)[0m  INSERT INTO "route_indices" ("created_at", "endplace_id", "isDest", "startplace_id", "updated_at", "url") VALUES ($1, $2, $3, $4, $5, $6) RETURNING "id"  [["created_at", Mon, 27 Oct 2014 10:08:10 NZDT +13:00], ["endplace_id", 1128], ["isDest", true], ["startplace_id", 769], ["updated_at", Mon, 27 Oct 2014 10:08:10 NZDT +13:00], ["url", "xrv-226xrv-225xrv222xrv221xrv21xrv220xrv-219xrv22xrv272xrv239xrv240xrv228xrv229xrv230"]]
  [1m[36mPlace Load (0.2ms)[0m  [1mSELECT "places".* FROM "places" WHERE "places"."id" = 45 LIMIT 1[0m
  [1m[35m (1.0ms)[0m  SELECT COUNT(*) FROM "route_indices" WHERE (url = 'xrv-226xrv-225xrv222xrv221xrv21xrv220xrv-219xrv22xrv272xrv224xrv-237xrv-235xrv-234xrv-233')
  [1m[36mPlaceType Load (0.2ms)[0m  [1mselect * from place_types where name='Hut'[0m
  [1m[35mSQL (0.4ms)[0m  INSERT INTO "route_indices" ("created_at", "endplace_id", "isDest", "startplace_id", "updated_at", "url") VALUES ($1, $2, $3, $4, $5, $6) RETURNING "id"  [["created_at", Mon, 27 Oct 2014 10:08:10 NZDT +13:00], ["endplace_id", 45], ["isDest", true], ["startplace_id", 769], ["updated_at", Mon, 27 Oct 2014 10:08:10 NZDT +13:00], ["url", "xrv-226xrv-225xrv222xrv221xrv21xrv220xrv-219xrv22xrv272xrv224xrv-237xrv-235xrv-234xrv-233"]]
  [1m[36mPlace Load (0.3ms)[0m  [1mSELECT "places".* FROM "places" WHERE "places"."id" = 1132 LIMIT 1[0m
  [1m[35m (1.0ms)[0m  SELECT COUNT(*) FROM "route_indices" WHERE (url = 'xrv-226xrv-225xrv222xrv221xrv21xrv220xrv-219xrv22xrv272xrv224xrv-237xrv-235xrv-243xrv-242xrv-241')
  [1m[36mPlaceType Load (0.2ms)[0m  [1mselect * from place_types where name='Campsite'[0m
  [1m[35mSQL (0.4ms)[0m  INSERT INTO "route_indices" ("created_at", "endplace_id", "isDest", "startplace_id", "updated_at", "url") VALUES ($1, $2, $3, $4, $5, $6) RETURNING "id"  [["created_at", Mon, 27 Oct 2014 10:08:10 NZDT +13:00], ["endplace_id", 1132], ["isDest", true], ["startplace_id", 769], ["updated_at", Mon, 27 Oct 2014 10:08:10 NZDT +13:00], ["url", "xrv-226xrv-225xrv222xrv221xrv21xrv220xrv-219xrv22xrv272xrv224xrv-237xrv-235xrv-243xrv-242xrv-241"]]
  [1m[36mPlace Load (0.3ms)[0m  [1mSELECT "places".* FROM "places" WHERE "places"."id" = 974 LIMIT 1[0m
  [1m[35mPlaceType Load (0.2ms)[0m  select name, "isDest" from place_types
  [1m[36mRoute Load (0.4ms)[0m  [1mSELECT "routes".* FROM "routes" WHERE "routes"."id" = 223 LIMIT 1[0m
  [1m[35mRoute Load (0.3ms)[0m  SELECT "routes".* FROM "routes" WHERE "routes"."id" = 222 LIMIT 1
  [1m[36mRoute Load (0.3ms)[0m  [1mSELECT "routes".* FROM "routes" WHERE "routes"."id" = 221 LIMIT 1[0m
  [1m[35mRoute Load (0.3ms)[0m  SELECT "routes".* FROM "routes" WHERE "routes"."id" = 21 LIMIT 1
  [1m[36mRoute Load (0.3ms)[0m  [1mSELECT "routes".* FROM "routes" WHERE "routes"."id" = 220 LIMIT 1[0m
  [1m[35mRoute Load (0.3ms)[0m  SELECT "routes".* FROM "routes" WHERE "routes"."id" = 219 LIMIT 1
  [1m[36mPlace Load (0.2ms)[0m  [1mSELECT "places".* FROM "places" WHERE "places"."id" = $1 LIMIT 1[0m  [["id", 976]]
  [1m[35mPlace Load (0.2ms)[0m  SELECT "places".* FROM "places" WHERE "places"."id" = $1 LIMIT 1  [["id", 1119]]
  [1m[36mRoute Load (0.3ms)[0m  [1mSELECT "routes".* FROM "routes" WHERE "routes"."id" = 22 LIMIT 1[0m
  [1m[35mRoute Load (0.3ms)[0m  SELECT "routes".* FROM "routes" WHERE "routes"."id" = 272 LIMIT 1
  [1m[36mCACHE (0.0ms)[0m  [1mSELECT "places".* FROM "places" WHERE "places"."id" = 974 LIMIT 1[0m
  [1m[35mCACHE (0.0ms)[0m  SELECT "places".* FROM "places" WHERE "places"."id" = 974 LIMIT 1
  [1m[36mRoute Load (0.3ms)[0m  [1mselect * from routes where startplace_id = 974[0m
  [1m[35mRoute Load (0.3ms)[0m  select * from routes where endplace_id = 974
  [1m[36mPlace Load (0.2ms)[0m  [1mSELECT "places".* FROM "places" WHERE "places"."id" = $1 LIMIT 1[0m  [["id", 974]]
  [1m[35mPlace Load (0.2ms)[0m  SELECT "places".* FROM "places" WHERE "places"."id" = $1 LIMIT 1  [["id", 471]]
  [1m[36mPlace Load (0.2ms)[0m  [1mSELECT "places".* FROM "places" WHERE "places"."id" = $1 LIMIT 1[0m  [["id", 1130]]
  [1m[35mPlace Load (0.2ms)[0m  SELECT "places".* FROM "places" WHERE "places"."id" = $1 LIMIT 1  [["id", 1124]]
  [1m[36mPlace Load (0.3ms)[0m  [1mSELECT "places".* FROM "places" WHERE "places"."id" = 1130 LIMIT 1[0m
  [1m[35mRoute Load (0.3ms)[0m  select * from routes where startplace_id = 1130
  [1m[36mRoute Load (0.3ms)[0m  [1mselect * from routes where endplace_id = 1130[0m
  [1m[35mCACHE (0.0ms)[0m  SELECT "places".* FROM "places" WHERE "places"."id" = $1 LIMIT 1  [["id", 1130]]
  [1m[36mCACHE (0.0ms)[0m  [1mSELECT "places".* FROM "places" WHERE "places"."id" = $1 LIMIT 1[0m  [["id", 974]]
  [1m[35mPlace Load (0.2ms)[0m  SELECT "places".* FROM "places" WHERE "places"."id" = $1 LIMIT 1  [["id", 1126]]
  [1m[36mPlace Load (0.3ms)[0m  [1mSELECT "places".* FROM "places" WHERE "places"."id" = 1124 LIMIT 1[0m
  [1m[35mRoute Load (0.3ms)[0m  select * from routes where startplace_id = 1124
  [1m[36mRoute Load (0.3ms)[0m  [1mselect * from routes where endplace_id = 1124[0m
  [1m[35mCACHE (0.0ms)[0m  SELECT "places".* FROM "places" WHERE "places"."id" = $1 LIMIT 1  [["id", 1124]]
  [1m[36mPlace Load (0.3ms)[0m  [1mSELECT "places".* FROM "places" WHERE "places"."id" = $1 LIMIT 1[0m  [["id", 1129]]
  [1m[35mCACHE (0.0ms)[0m  SELECT "places".* FROM "places" WHERE "places"."id" = $1 LIMIT 1  [["id", 1124]]
  [1m[36mCACHE (0.0ms)[0m  [1mSELECT "places".* FROM "places" WHERE "places"."id" = $1 LIMIT 1[0m  [["id", 974]]
  [1m[35mPlace Load (0.2ms)[0m  SELECT "places".* FROM "places" WHERE "places"."id" = $1 LIMIT 1  [["id", 1123]]
  [1m[36mPlace Load (0.3ms)[0m  [1mSELECT "places".* FROM "places" WHERE "places"."id" = 1126 LIMIT 1[0m
  [1m[35mRoute Load (0.3ms)[0m  select * from routes where startplace_id = 1126
  [1m[36mRoute Load (0.3ms)[0m  [1mselect * from routes where endplace_id = 1126[0m
  [1m[35mCACHE (0.0ms)[0m  SELECT "places".* FROM "places" WHERE "places"."id" = $1 LIMIT 1  [["id", 1126]]
  [1m[36mCACHE (0.0ms)[0m  [1mSELECT "places".* FROM "places" WHERE "places"."id" = $1 LIMIT 1[0m  [["id", 1130]]
  [1m[35mCACHE (0.0ms)[0m  SELECT "places".* FROM "places" WHERE "places"."id" = $1 LIMIT 1  [["id", 1126]]
  [1m[36mPlace Load (0.2ms)[0m  [1mSELECT "places".* FROM "places" WHERE "places"."id" = $1 LIMIT 1[0m  [["id", 769]]
  [1m[35mPlace Load (0.2ms)[0m  SELECT "places".* FROM "places" WHERE "places"."id" = $1 LIMIT 1  [["id", 1127]]
  [1m[36mPlace Load (0.3ms)[0m  [1mSELECT "places".* FROM "places" WHERE "places"."id" = 1129 LIMIT 1[0m
  [1m[35mRoute Load (0.3ms)[0m  select * from routes where startplace_id = 1129
  [1m[36mRoute Load (0.3ms)[0m  [1mselect * from routes where endplace_id = 1129[0m
  [1m[35mCACHE (0.0ms)[0m  SELECT "places".* FROM "places" WHERE "places"."id" = $1 LIMIT 1  [["id", 1129]]
  [1m[36mPlace Load (0.2ms)[0m  [1mSELECT "places".* FROM "places" WHERE "places"."id" = $1 LIMIT 1[0m  [["id", 207]]
  [1m[35mCACHE (0.0ms)[0m  SELECT "places".* FROM "places" WHERE "places"."id" = $1 LIMIT 1  [["id", 1124]]
  [1m[36mPlace Load (0.2ms)[0m  [1mSELECT "places".* FROM "places" WHERE "places"."id" = $1 LIMIT 1[0m  [["id", 975]]
  [1m[35mPlace Load (0.3ms)[0m  SELECT "places".* FROM "places" WHERE "places"."id" = 1127 LIMIT 1
  [1m[36mRoute Load (0.3ms)[0m  [1mselect * from routes where startplace_id = 1127[0m
  [1m[35mRoute Load (0.3ms)[0m  select * from routes where endplace_id = 1127
  [1m[36mCACHE (0.0ms)[0m  [1mSELECT "places".* FROM "places" WHERE "places"."id" = $1 LIMIT 1[0m  [["id", 1127]]
  [1m[35mCACHE (0.1ms)[0m  SELECT "places".* FROM "places" WHERE "places"."id" = $1 LIMIT 1  [["id", 1126]]
  [1m[36mPlace Load (0.2ms)[0m  [1mSELECT "places".* FROM "places" WHERE "places"."id" = $1 LIMIT 1[0m  [["id", 419]]
  [1m[35mPlace Load (0.3ms)[0m  SELECT "places".* FROM "places" WHERE "places"."id" = 769 LIMIT 1
  [1m[36mRoute Load (0.3ms)[0m  [1mselect * from routes where startplace_id = 769[0m
  [1m[35mRoute Load (0.3ms)[0m  select * from routes where endplace_id = 769
  [1m[36mCACHE (0.0ms)[0m  [1mSELECT "places".* FROM "places" WHERE "places"."id" = $1 LIMIT 1[0m  [["id", 769]]
  [1m[35mPlace Load (0.2ms)[0m  SELECT "places".* FROM "places" WHERE "places"."id" = $1 LIMIT 1  [["id", 1125]]
  [1m[36mCACHE (0.0ms)[0m  [1mSELECT "places".* FROM "places" WHERE "places"."id" = $1 LIMIT 1[0m  [["id", 1126]]
  [1m[35mPlace Load (0.2ms)[0m  SELECT "places".* FROM "places" WHERE "places"."id" = 207 LIMIT 1
  [1m[36mRoute Load (0.3ms)[0m  [1mselect * from routes where startplace_id = 207[0m
  [1m[35mRoute Load (0.4ms)[0m  select * from routes where endplace_id = 207
  [1m[36mCACHE (0.0ms)[0m  [1mSELECT "places".* FROM "places" WHERE "places"."id" = $1 LIMIT 1[0m  [["id", 207]]
  [1m[35mPlace Load (0.2ms)[0m  SELECT "places".* FROM "places" WHERE "places"."id" = $1 LIMIT 1  [["id", 650]]
  [1m[36mCACHE (0.0ms)[0m  [1mSELECT "places".* FROM "places" WHERE "places"."id" = $1 LIMIT 1[0m  [["id", 207]]
  [1m[35mPlace Load (0.2ms)[0m  SELECT "places".* FROM "places" WHERE "places"."id" = $1 LIMIT 1  [["id", 1133]]
  [1m[36mCACHE (0.0ms)[0m  [1mSELECT "places".* FROM "places" WHERE "places"."id" = $1 LIMIT 1[0m  [["id", 1129]]
  [1m[35mPlace Load (0.2ms)[0m  SELECT "places".* FROM "places" WHERE "places"."id" = 419 LIMIT 1
  [1m[36mRoute Load (0.3ms)[0m  [1mselect * from routes where startplace_id = 419[0m
  [1m[35mRoute Load (0.3ms)[0m  select * from routes where endplace_id = 419
  [1m[36mCACHE (0.0ms)[0m  [1mSELECT "places".* FROM "places" WHERE "places"."id" = $1 LIMIT 1[0m  [["id", 419]]
  [1m[35mCACHE (0.0ms)[0m  SELECT "places".* FROM "places" WHERE "places"."id" = $1 LIMIT 1  [["id", 1127]]
  [1m[36mPlace Load (0.2ms)[0m  [1mSELECT "places".* FROM "places" WHERE "places"."id" = $1 LIMIT 1[0m  [["id", 1128]]
  [1m[35mPlace Load (0.3ms)[0m  SELECT "places".* FROM "places" WHERE "places"."id" = 1125 LIMIT 1
  [1m[36mRoute Load (0.3ms)[0m  [1mselect * from routes where startplace_id = 1125[0m
  [1m[35mRoute Load (0.3ms)[0m  select * from routes where endplace_id = 1125
  [1m[36mCACHE (0.0ms)[0m  [1mSELECT "places".* FROM "places" WHERE "places"."id" = $1 LIMIT 1[0m  [["id", 1125]]
  [1m[35mCACHE (0.0ms)[0m  SELECT "places".* FROM "places" WHERE "places"."id" = $1 LIMIT 1  [["id", 1123]]
  [1m[36mCACHE (0.0ms)[0m  [1mSELECT "places".* FROM "places" WHERE "places"."id" = $1 LIMIT 1[0m  [["id", 769]]
  [1m[35mPlace Load (0.2ms)[0m  SELECT "places".* FROM "places" WHERE "places"."id" = 650 LIMIT 1
  [1m[36mRoute Load (0.3ms)[0m  [1mselect * from routes where startplace_id = 650[0m
  [1m[35mRoute Load (0.3ms)[0m  select * from routes where endplace_id = 650
  [1m[36mCACHE (0.0ms)[0m  [1mSELECT "places".* FROM "places" WHERE "places"."id" = $1 LIMIT 1[0m  [["id", 650]]
  [1m[35mPlace Load (0.2ms)[0m  SELECT "places".* FROM "places" WHERE "places"."id" = $1 LIMIT 1  [["id", 45]]
  [1m[36mCACHE (0.0ms)[0m  [1mSELECT "places".* FROM "places" WHERE "places"."id" = $1 LIMIT 1[0m  [["id", 207]]
  [1m[35mPlace Load (0.2ms)[0m  SELECT "places".* FROM "places" WHERE "places"."id" = 1133 LIMIT 1
  [1m[36mRoute Load (0.3ms)[0m  [1mselect * from routes where startplace_id = 1133[0m
  [1m[35mRoute Load (0.3ms)[0m  select * from routes where endplace_id = 1133
  [1m[36mCACHE (0.0ms)[0m  [1mSELECT "places".* FROM "places" WHERE "places"."id" = $1 LIMIT 1[0m  [["id", 1133]]
  [1m[35mPlace Load (0.2ms)[0m  SELECT "places".* FROM "places" WHERE "places"."id" = $1 LIMIT 1  [["id", 1131]]
  [1m[36mCACHE (0.0ms)[0m  [1mSELECT "places".* FROM "places" WHERE "places"."id" = $1 LIMIT 1[0m  [["id", 207]]
  [1m[35mPlace Load (0.3ms)[0m  SELECT "places".* FROM "places" WHERE "places"."id" = 1128 LIMIT 1
  [1m[36mRoute Load (0.3ms)[0m  [1mselect * from routes where startplace_id = 1128[0m
  [1m[35mRoute Load (0.3ms)[0m  select * from routes where endplace_id = 1128
  [1m[36mCACHE (0.0ms)[0m  [1mSELECT "places".* FROM "places" WHERE "places"."id" = $1 LIMIT 1[0m  [["id", 1128]]
  [1m[35mCACHE (0.0ms)[0m  SELECT "places".* FROM "places" WHERE "places"."id" = $1 LIMIT 1  [["id", 419]]
  [1m[36mPlace Load (0.7ms)[0m  [1mSELECT "places".* FROM "places" WHERE "places"."id" = 45 LIMIT 1[0m
  [1m[35mRoute Load (0.4ms)[0m  select * from routes where startplace_id = 45
  [1m[36mRoute Load (0.4ms)[0m  [1mselect * from routes where endplace_id = 45[0m
  [1m[35mCACHE (0.0ms)[0m  SELECT "places".* FROM "places" WHERE "places"."id" = $1 LIMIT 1  [["id", 45]]
  [1m[36mCACHE (0.0ms)[0m  [1mSELECT "places".* FROM "places" WHERE "places"."id" = $1 LIMIT 1[0m  [["id", 976]]
  [1m[35mCACHE (0.0ms)[0m  SELECT "places".* FROM "places" WHERE "places"."id" = $1 LIMIT 1  [["id", 650]]
  [1m[36mPlace Load (0.3ms)[0m  [1mSELECT "places".* FROM "places" WHERE "places"."id" = 1131 LIMIT 1[0m
  [1m[35mRoute Load (0.3ms)[0m  select * from routes where startplace_id = 1131
  [1m[36mRoute Load (0.3ms)[0m  [1mselect * from routes where endplace_id = 1131[0m
  [1m[35mCACHE (0.0ms)[0m  SELECT "places".* FROM "places" WHERE "places"."id" = $1 LIMIT 1  [["id", 1131]]
  [1m[36mPlace Load (0.3ms)[0m  [1mSELECT "places".* FROM "places" WHERE "places"."id" = $1 LIMIT 1[0m  [["id", 1132]]
  [1m[35mCACHE (0.0ms)[0m  SELECT "places".* FROM "places" WHERE "places"."id" = $1 LIMIT 1  [["id", 1133]]
  [1m[36mPlace Load (0.3ms)[0m  [1mSELECT "places".* FROM "places" WHERE "places"."id" = 1132 LIMIT 1[0m
  [1m[35mRoute Load (0.3ms)[0m  select * from routes where startplace_id = 1132
  [1m[36mRoute Load (0.3ms)[0m  [1mselect * from routes where endplace_id = 1132[0m
  [1m[35mCACHE (0.0ms)[0m  SELECT "places".* FROM "places" WHERE "places"."id" = $1 LIMIT 1  [["id", 1131]]
BNewroutes
974
{:place=>974, :route=>[272, 22, -219, 220, 21, 221, 222, 223], :url=>"xrv224xrv223xrv222xrv221xrv21xrv220xrv-219xrv22xrv272"}
{:place=>769, :route=>[-227, 240, 239, 272, 22, -219, 220, 21, 221, 222, 223], :url=>"xrv224xrv223xrv222xrv221xrv21xrv220xrv-219xrv22xrv272xrv239xrv240xrv-227"}
{:place=>207, :route=>[-235, -237, 224, 272, 22, -219, 220, 21, 221, 222, 223], :url=>"xrv224xrv223xrv222xrv221xrv21xrv220xrv-219xrv22xrv272xrv224xrv-237xrv-235"}
{:place=>419, :route=>[229, 228, 240, 239, 272, 22, -219, 220, 21, 221, 222, 223], :url=>"xrv224xrv223xrv222xrv221xrv21xrv220xrv-219xrv22xrv272xrv239xrv240xrv228xrv229"}
{:place=>1125, :route=>[-226, -227, 240, 239, 272, 22, -219, 220, 21, 221, 222, 223], :url=>"xrv224xrv223xrv222xrv221xrv21xrv220xrv-219xrv22xrv272xrv239xrv240xrv-227xrv-226"}
{:place=>650, :route=>[-234, -235, -237, 224, 272, 22, -219, 220, 21, 221, 222, 223], :url=>"xrv224xrv223xrv222xrv221xrv21xrv220xrv-219xrv22xrv272xrv224xrv-237xrv-235xrv-234"}
{:place=>1128, :route=>[230, 229, 228, 240, 239, 272, 22, -219, 220, 21, 221, 222, 223], :url=>"xrv224xrv223xrv222xrv221xrv21xrv220xrv-219xrv22xrv272xrv239xrv240xrv228xrv229xrv230"}
{:place=>45, :route=>[-233, -234, -235, -237, 224, 272, 22, -219, 220, 21, 221, 222, 223], :url=>"xrv224xrv223xrv222xrv221xrv21xrv220xrv-219xrv22xrv272xrv224xrv-237xrv-235xrv-234xrv-233"}
{:place=>1132, :route=>[-241, -242, -243, -235, -237, 224, 272, 22, -219, 220, 21, 221, 222, 223], :url=>"xrv224xrv223xrv222xrv221xrv21xrv220xrv-219xrv22xrv272xrv224xrv-237xrv-235xrv-243xrv-242xrv-241"}
  [1m[36mCACHE (0.0ms)[0m  [1mSELECT "places".* FROM "places" WHERE "places"."id" = 974 LIMIT 1[0m
  [1m[35m (1.3ms)[0m  SELECT COUNT(*) FROM "route_indices" WHERE (url = 'xrv224xrv223xrv222xrv221xrv21xrv220xrv-219xrv22xrv272')
  [1m[36mCACHE (0.0ms)[0m  [1mSELECT "places".* FROM "places" WHERE "places"."id" = 769 LIMIT 1[0m
  [1m[35m (1.1ms)[0m  SELECT COUNT(*) FROM "route_indices" WHERE (url = 'xrv224xrv223xrv222xrv221xrv21xrv220xrv-219xrv22xrv272xrv239xrv240xrv-227')
  [1m[36mPlaceType Load (0.3ms)[0m  [1mselect * from place_types where name='Hut'[0m
  [1m[35mSQL (0.6ms)[0m  INSERT INTO "route_indices" ("created_at", "endplace_id", "isDest", "startplace_id", "updated_at", "url") VALUES ($1, $2, $3, $4, $5, $6) RETURNING "id"  [["created_at", Mon, 27 Oct 2014 10:08:10 NZDT +13:00], ["endplace_id", 769], ["isDest", true], ["startplace_id", 974], ["updated_at", Mon, 27 Oct 2014 10:08:10 NZDT +13:00], ["url", "xrv224xrv223xrv222xrv221xrv21xrv220xrv-219xrv22xrv272xrv239xrv240xrv-227"]]
  [1m[36mPlace Load (0.3ms)[0m  [1mSELECT "places".* FROM "places" WHERE "places"."id" = 207 LIMIT 1[0m
  [1m[35m (1.1ms)[0m  SELECT COUNT(*) FROM "route_indices" WHERE (url = 'xrv224xrv223xrv222xrv221xrv21xrv220xrv-219xrv22xrv272xrv224xrv-237xrv-235')
  [1m[36mPlaceType Load (0.2ms)[0m  [1mselect * from place_types where name='Hut'[0m
  [1m[35mSQL (0.4ms)[0m  INSERT INTO "route_indices" ("created_at", "endplace_id", "isDest", "startplace_id", "updated_at", "url") VALUES ($1, $2, $3, $4, $5, $6) RETURNING "id"  [["created_at", Mon, 27 Oct 2014 10:08:10 NZDT +13:00], ["endplace_id", 207], ["isDest", true], ["startplace_id", 974], ["updated_at", Mon, 27 Oct 2014 10:08:10 NZDT +13:00], ["url", "xrv224xrv223xrv222xrv221xrv21xrv220xrv-219xrv22xrv272xrv224xrv-237xrv-235"]]
  [1m[36mPlace Load (0.3ms)[0m  [1mSELECT "places".* FROM "places" WHERE "places"."id" = 419 LIMIT 1[0m
  [1m[35m (1.1ms)[0m  SELECT COUNT(*) FROM "route_indices" WHERE (url = 'xrv224xrv223xrv222xrv221xrv21xrv220xrv-219xrv22xrv272xrv239xrv240xrv228xrv229')
  [1m[36mPlaceType Load (0.2ms)[0m  [1mselect * from place_types where name='Hut'[0m
  [1m[35mSQL (0.4ms)[0m  INSERT INTO "route_indices" ("created_at", "endplace_id", "isDest", "startplace_id", "updated_at", "url") VALUES ($1, $2, $3, $4, $5, $6) RETURNING "id"  [["created_at", Mon, 27 Oct 2014 10:08:10 NZDT +13:00], ["endplace_id", 419], ["isDest", true], ["startplace_id", 974], ["updated_at", Mon, 27 Oct 2014 10:08:10 NZDT +13:00], ["url", "xrv224xrv223xrv222xrv221xrv21xrv220xrv-219xrv22xrv272xrv239xrv240xrv228xrv229"]]
  [1m[36mPlace Load (0.3ms)[0m  [1mSELECT "places".* FROM "places" WHERE "places"."id" = 1125 LIMIT 1[0m
  [1m[35m (1.1ms)[0m  SELECT COUNT(*) FROM "route_indices" WHERE (url = 'xrv224xrv223xrv222xrv221xrv21xrv220xrv-219xrv22xrv272xrv239xrv240xrv-227xrv-226')
  [1m[36mPlaceType Load (0.2ms)[0m  [1mselect * from place_types where name='Campsite'[0m
  [1m[35mSQL (0.4ms)[0m  INSERT INTO "route_indices" ("created_at", "endplace_id", "isDest", "startplace_id", "updated_at", "url") VALUES ($1, $2, $3, $4, $5, $6) RETURNING "id"  [["created_at", Mon, 27 Oct 2014 10:08:10 NZDT +13:00], ["endplace_id", 1125], ["isDest", true], ["startplace_id", 974], ["updated_at", Mon, 27 Oct 2014 10:08:10 NZDT +13:00], ["url", "xrv224xrv223xrv222xrv221xrv21xrv220xrv-219xrv22xrv272xrv239xrv240xrv-227xrv-226"]]
  [1m[36mPlace Load (0.3ms)[0m  [1mSELECT "places".* FROM "places" WHERE "places"."id" = 650 LIMIT 1[0m
  [1m[35m (1.1ms)[0m  SELECT COUNT(*) FROM "route_indices" WHERE (url = 'xrv224xrv223xrv222xrv221xrv21xrv220xrv-219xrv22xrv272xrv224xrv-237xrv-235xrv-234')
  [1m[36mPlaceType Load (0.2ms)[0m  [1mselect * from place_types where name='Hut'[0m
  [1m[35mSQL (0.4ms)[0m  INSERT INTO "route_indices" ("created_at", "endplace_id", "isDest", "startplace_id", "updated_at", "url") VALUES ($1, $2, $3, $4, $5, $6) RETURNING "id"  [["created_at", Mon, 27 Oct 2014 10:08:10 NZDT +13:00], ["endplace_id", 650], ["isDest", true], ["startplace_id", 974], ["updated_at", Mon, 27 Oct 2014 10:08:10 NZDT +13:00], ["url", "xrv224xrv223xrv222xrv221xrv21xrv220xrv-219xrv22xrv272xrv224xrv-237xrv-235xrv-234"]]
  [1m[36mPlace Load (0.3ms)[0m  [1mSELECT "places".* FROM "places" WHERE "places"."id" = 1128 LIMIT 1[0m
  [1m[35m (1.1ms)[0m  SELECT COUNT(*) FROM "route_indices" WHERE (url = 'xrv224xrv223xrv222xrv221xrv21xrv220xrv-219xrv22xrv272xrv239xrv240xrv228xrv229xrv230')
  [1m[36mPlaceType Load (0.2ms)[0m  [1mselect * from place_types where name='Roadend'[0m
  [1m[35mSQL (0.4ms)[0m  INSERT INTO "route_indices" ("created_at", "endplace_id", "isDest", "startplace_id", "updated_at", "url") VALUES ($1, $2, $3, $4, $5, $6) RETURNING "id"  [["created_at", Mon, 27 Oct 2014 10:08:10 NZDT +13:00], ["endplace_id", 1128], ["isDest", true], ["startplace_id", 974], ["updated_at", Mon, 27 Oct 2014 10:08:10 NZDT +13:00], ["url", "xrv224xrv223xrv222xrv221xrv21xrv220xrv-219xrv22xrv272xrv239xrv240xrv228xrv229xrv230"]]
  [1m[36mPlace Load (0.3ms)[0m  [1mSELECT "places".* FROM "places" WHERE "places"."id" = 45 LIMIT 1[0m
  [1m[35m (1.1ms)[0m  SELECT COUNT(*) FROM "route_indices" WHERE (url = 'xrv224xrv223xrv222xrv221xrv21xrv220xrv-219xrv22xrv272xrv224xrv-237xrv-235xrv-234xrv-233')
  [1m[36mPlaceType Load (0.2ms)[0m  [1mselect * from place_types where name='Hut'[0m
  [1m[35mSQL (0.4ms)[0m  INSERT INTO "route_indices" ("created_at", "endplace_id", "isDest", "startplace_id", "updated_at", "url") VALUES ($1, $2, $3, $4, $5, $6) RETURNING "id"  [["created_at", Mon, 27 Oct 2014 10:08:10 NZDT +13:00], ["endplace_id", 45], ["isDest", true], ["startplace_id", 974], ["updated_at", Mon, 27 Oct 2014 10:08:10 NZDT +13:00], ["url", "xrv224xrv223xrv222xrv221xrv21xrv220xrv-219xrv22xrv272xrv224xrv-237xrv-235xrv-234xrv-233"]]
  [1m[36mPlace Load (0.3ms)[0m  [1mSELECT "places".* FROM "places" WHERE "places"."id" = 1132 LIMIT 1[0m
  [1m[35m (1.1ms)[0m  SELECT COUNT(*) FROM "route_indices" WHERE (url = 'xrv224xrv223xrv222xrv221xrv21xrv220xrv-219xrv22xrv272xrv224xrv-237xrv-235xrv-243xrv-242xrv-241')
  [1m[36mPlaceType Load (0.2ms)[0m  [1mselect * from place_types where name='Campsite'[0m
  [1m[35mSQL (0.4ms)[0m  INSERT INTO "route_indices" ("created_at", "endplace_id", "isDest", "startplace_id", "updated_at", "url") VALUES ($1, $2, $3, $4, $5, $6) RETURNING "id"  [["created_at", Mon, 27 Oct 2014 10:08:10 NZDT +13:00], ["endplace_id", 1132], ["isDest", true], ["startplace_id", 974], ["updated_at", Mon, 27 Oct 2014 10:08:10 NZDT +13:00], ["url", "xrv224xrv223xrv222xrv221xrv21xrv220xrv-219xrv22xrv272xrv224xrv-237xrv-235xrv-243xrv-242xrv-241"]]
  [1m[36mPlace Load (0.3ms)[0m  [1mSELECT "places".* FROM "places" WHERE "places"."id" = 397 LIMIT 1[0m
  [1m[35mPlaceType Load (0.7ms)[0m  select name, "isDest" from place_types
  [1m[36mRoute Load (0.4ms)[0m  [1mSELECT "routes".* FROM "routes" WHERE "routes"."id" = 211 LIMIT 1[0m
  [1m[35mRoute Load (0.3ms)[0m  SELECT "routes".* FROM "routes" WHERE "routes"."id" = 213 LIMIT 1
  [1m[36mRoute Load (0.3ms)[0m  [1mSELECT "routes".* FROM "routes" WHERE "routes"."id" = 214 LIMIT 1[0m
  [1m[35mRoute Load (0.3ms)[0m  SELECT "routes".* FROM "routes" WHERE "routes"."id" = 216 LIMIT 1
  [1m[36mRoute Load (0.3ms)[0m  [1mSELECT "routes".* FROM "routes" WHERE "routes"."id" = 217 LIMIT 1[0m
  [1m[35mRoute Load (0.3ms)[0m  SELECT "routes".* FROM "routes" WHERE "routes"."id" = 218 LIMIT 1
  [1m[36mRoute Load (0.3ms)[0m  [1mSELECT "routes".* FROM "routes" WHERE "routes"."id" = 22 LIMIT 1[0m
  [1m[35mRoute Load (0.3ms)[0m  SELECT "routes".* FROM "routes" WHERE "routes"."id" = 272 LIMIT 1
  [1m[36mPlace Load (0.3ms)[0m  [1mSELECT "places".* FROM "places" WHERE "places"."id" = 974 LIMIT 1[0m
  [1m[35mCACHE (0.0ms)[0m  SELECT "places".* FROM "places" WHERE "places"."id" = 974 LIMIT 1
  [1m[36mRoute Load (0.3ms)[0m  [1mselect * from routes where startplace_id = 974[0m
  [1m[35mRoute Load (0.3ms)[0m  select * from routes where endplace_id = 974
  [1m[36mPlace Load (0.2ms)[0m  [1mSELECT "places".* FROM "places" WHERE "places"."id" = $1 LIMIT 1[0m  [["id", 974]]
  [1m[35mPlace Load (0.2ms)[0m  SELECT "places".* FROM "places" WHERE "places"."id" = $1 LIMIT 1  [["id", 471]]
  [1m[36mPlace Load (0.2ms)[0m  [1mSELECT "places".* FROM "places" WHERE "places"."id" = $1 LIMIT 1[0m  [["id", 1130]]
  [1m[35mPlace Load (0.2ms)[0m  SELECT "places".* FROM "places" WHERE "places"."id" = $1 LIMIT 1  [["id", 1124]]
  [1m[36mPlace Load (0.3ms)[0m  [1mSELECT "places".* FROM "places" WHERE "places"."id" = 1130 LIMIT 1[0m
  [1m[35mRoute Load (0.3ms)[0m  select * from routes where startplace_id = 1130
  [1m[36mRoute Load (0.3ms)[0m  [1mselect * from routes where endplace_id = 1130[0m
  [1m[35mCACHE (0.0ms)[0m  SELECT "places".* FROM "places" WHERE "places"."id" = $1 LIMIT 1  [["id", 1130]]
  [1m[36mCACHE (0.0ms)[0m  [1mSELECT "places".* FROM "places" WHERE "places"."id" = $1 LIMIT 1[0m  [["id", 974]]
  [1m[35mPlace Load (0.2ms)[0m  SELECT "places".* FROM "places" WHERE "places"."id" = $1 LIMIT 1  [["id", 1126]]
  [1m[36mPlace Load (0.3ms)[0m  [1mSELECT "places".* FROM "places" WHERE "places"."id" = 1124 LIMIT 1[0m
  [1m[35mRoute Load (0.3ms)[0m  select * from routes where startplace_id = 1124
  [1m[36mRoute Load (0.4ms)[0m  [1mselect * from routes where endplace_id = 1124[0m
  [1m[35mCACHE (0.0ms)[0m  SELECT "places".* FROM "places" WHERE "places"."id" = $1 LIMIT 1  [["id", 1124]]
  [1m[36mPlace Load (0.2ms)[0m  [1mSELECT "places".* FROM "places" WHERE "places"."id" = $1 LIMIT 1[0m  [["id", 1129]]
  [1m[35mCACHE (0.0ms)[0m  SELECT "places".* FROM "places" WHERE "places"."id" = $1 LIMIT 1  [["id", 1124]]
  [1m[36mCACHE (0.0ms)[0m  [1mSELECT "places".* FROM "places" WHERE "places"."id" = $1 LIMIT 1[0m  [["id", 974]]
  [1m[35mPlace Load (0.2ms)[0m  SELECT "places".* FROM "places" WHERE "places"."id" = $1 LIMIT 1  [["id", 1123]]
  [1m[36mPlace Load (0.3ms)[0m  [1mSELECT "places".* FROM "places" WHERE "places"."id" = 1126 LIMIT 1[0m
  [1m[35mRoute Load (0.3ms)[0m  select * from routes where startplace_id = 1126
  [1m[36mRoute Load (0.3ms)[0m  [1mselect * from routes where endplace_id = 1126[0m
  [1m[35mCACHE (0.0ms)[0m  SELECT "places".* FROM "places" WHERE "places"."id" = $1 LIMIT 1  [["id", 1126]]
  [1m[36mCACHE (0.0ms)[0m  [1mSELECT "places".* FROM "places" WHERE "places"."id" = $1 LIMIT 1[0m  [["id", 1130]]
  [1m[35mCACHE (0.0ms)[0m  SELECT "places".* FROM "places" WHERE "places"."id" = $1 LIMIT 1  [["id", 1126]]
  [1m[36mPlace Load (0.2ms)[0m  [1mSELECT "places".* FROM "places" WHERE "places"."id" = $1 LIMIT 1[0m  [["id", 769]]
  [1m[35mPlace Load (0.3ms)[0m  SELECT "places".* FROM "places" WHERE "places"."id" = $1 LIMIT 1  [["id", 1127]]
  [1m[36mPlace Load (0.2ms)[0m  [1mSELECT "places".* FROM "places" WHERE "places"."id" = 1123 LIMIT 1[0m
  [1m[35mRoute Load (0.3ms)[0m  select * from routes where startplace_id = 1123
  [1m[36mRoute Load (0.3ms)[0m  [1mselect * from routes where endplace_id = 1123[0m
  [1m[35mCACHE (0.0ms)[0m  SELECT "places".* FROM "places" WHERE "places"."id" = $1 LIMIT 1  [["id", 1123]]
  [1m[36mCACHE (0.0ms)[0m  [1mSELECT "places".* FROM "places" WHERE "places"."id" = $1 LIMIT 1[0m  [["id", 1124]]
  [1m[35mPlace Load (0.2ms)[0m  SELECT "places".* FROM "places" WHERE "places"."id" = $1 LIMIT 1  [["id", 975]]
  [1m[36mPlace Load (0.2ms)[0m  [1mSELECT "places".* FROM "places" WHERE "places"."id" = $1 LIMIT 1[0m  [["id", 1125]]
  [1m[35mPlace Load (0.2ms)[0m  SELECT "places".* FROM "places" WHERE "places"."id" = 1129 LIMIT 1
  [1m[36mRoute Load (0.3ms)[0m  [1mselect * from routes where startplace_id = 1129[0m
  [1m[35mRoute Load (0.3ms)[0m  select * from routes where endplace_id = 1129
  [1m[36mCACHE (0.0ms)[0m  [1mSELECT "places".* FROM "places" WHERE "places"."id" = $1 LIMIT 1[0m  [["id", 1129]]
  [1m[35mPlace Load (0.2ms)[0m  SELECT "places".* FROM "places" WHERE "places"."id" = $1 LIMIT 1  [["id", 207]]
  [1m[36mCACHE (0.0ms)[0m  [1mSELECT "places".* FROM "places" WHERE "places"."id" = $1 LIMIT 1[0m  [["id", 1124]]
  [1m[35mCACHE (0.0ms)[0m  SELECT "places".* FROM "places" WHERE "places"."id" = $1 LIMIT 1  [["id", 975]]
  [1m[36mPlace Load (0.3ms)[0m  [1mSELECT "places".* FROM "places" WHERE "places"."id" = 1127 LIMIT 1[0m
  [1m[35mRoute Load (0.3ms)[0m  select * from routes where startplace_id = 1127
  [1m[36mRoute Load (0.3ms)[0m  [1mselect * from routes where endplace_id = 1127[0m
  [1m[35mCACHE (0.0ms)[0m  SELECT "places".* FROM "places" WHERE "places"."id" = $1 LIMIT 1  [["id", 1127]]
  [1m[36mCACHE (0.0ms)[0m  [1mSELECT "places".* FROM "places" WHERE "places"."id" = $1 LIMIT 1[0m  [["id", 1126]]
  [1m[35mPlace Load (0.2ms)[0m  SELECT "places".* FROM "places" WHERE "places"."id" = $1 LIMIT 1  [["id", 419]]
  [1m[36mPlace Load (0.3ms)[0m  [1mSELECT "places".* FROM "places" WHERE "places"."id" = 769 LIMIT 1[0m
  [1m[35mRoute Load (0.3ms)[0m  select * from routes where startplace_id = 769
  [1m[36mRoute Load (0.3ms)[0m  [1mselect * from routes where endplace_id = 769[0m
  [1m[35mCACHE (0.0ms)[0m  SELECT "places".* FROM "places" WHERE "places"."id" = $1 LIMIT 1  [["id", 769]]
  [1m[36mCACHE (0.0ms)[0m  [1mSELECT "places".* FROM "places" WHERE "places"."id" = $1 LIMIT 1[0m  [["id", 1125]]
  [1m[35mCACHE (0.0ms)[0m  SELECT "places".* FROM "places" WHERE "places"."id" = $1 LIMIT 1  [["id", 1126]]
  [1m[36mPlace Load (0.3ms)[0m  [1mSELECT "places".* FROM "places" WHERE "places"."id" = 975 LIMIT 1[0m
  [1m[35mRoute Load (0.3ms)[0m  select * from routes where startplace_id = 975
  [1m[36mRoute Load (0.3ms)[0m  [1mselect * from routes where endplace_id = 975[0m
  [1m[35mCACHE (0.0ms)[0m  SELECT "places".* FROM "places" WHERE "places"."id" = $1 LIMIT 1  [["id", 975]]
  [1m[36mCACHE (0.0ms)[0m  [1mSELECT "places".* FROM "places" WHERE "places"."id" = $1 LIMIT 1[0m  [["id", 1129]]
  [1m[35mCACHE (0.0ms)[0m  SELECT "places".* FROM "places" WHERE "places"."id" = $1 LIMIT 1  [["id", 975]]
  [1m[36mCACHE (0.0ms)[0m  [1mSELECT "places".* FROM "places" WHERE "places"."id" = $1 LIMIT 1[0m  [["id", 1123]]
  [1m[35mPlace Load (0.2ms)[0m  SELECT "places".* FROM "places" WHERE "places"."id" = $1 LIMIT 1  [["id", 1122]]
  [1m[36mPlace Load (0.3ms)[0m  [1mSELECT "places".* FROM "places" WHERE "places"."id" = 1125 LIMIT 1[0m
  [1m[35mRoute Load (0.3ms)[0m  select * from routes where startplace_id = 1125
  [1m[36mRoute Load (0.3ms)[0m  [1mselect * from routes where endplace_id = 1125[0m
  [1m[35mCACHE (0.0ms)[0m  SELECT "places".* FROM "places" WHERE "places"."id" = $1 LIMIT 1  [["id", 1125]]
  [1m[36mCACHE (0.0ms)[0m  [1mSELECT "places".* FROM "places" WHERE "places"."id" = $1 LIMIT 1[0m  [["id", 1123]]
  [1m[35mCACHE (0.0ms)[0m  SELECT "places".* FROM "places" WHERE "places"."id" = $1 LIMIT 1  [["id", 769]]
  [1m[36mCACHE (0.0ms)[0m  [1mSELECT "places".* FROM "places" WHERE "places"."id" = 975 LIMIT 1[0m
  [1m[35mCACHE (0.0ms)[0m  select * from routes where startplace_id = 975
  [1m[36mCACHE (0.0ms)[0m  [1mselect * from routes where endplace_id = 975[0m
  [1m[35mCACHE (0.0ms)[0m  SELECT "places".* FROM "places" WHERE "places"."id" = $1 LIMIT 1  [["id", 975]]
  [1m[36mCACHE (0.0ms)[0m  [1mSELECT "places".* FROM "places" WHERE "places"."id" = $1 LIMIT 1[0m  [["id", 1129]]
  [1m[35mCACHE (0.0ms)[0m  SELECT "places".* FROM "places" WHERE "places"."id" = $1 LIMIT 1  [["id", 975]]
  [1m[36mCACHE (0.0ms)[0m  [1mSELECT "places".* FROM "places" WHERE "places"."id" = $1 LIMIT 1[0m  [["id", 1123]]
  [1m[35mCACHE (0.0ms)[0m  SELECT "places".* FROM "places" WHERE "places"."id" = $1 LIMIT 1  [["id", 1122]]
  [1m[36mPlace Load (0.3ms)[0m  [1mSELECT "places".* FROM "places" WHERE "places"."id" = 207 LIMIT 1[0m
  [1m[35mRoute Load (0.3ms)[0m  select * from routes where startplace_id = 207
  [1m[36mRoute Load (0.3ms)[0m  [1mselect * from routes where endplace_id = 207[0m
  [1m[35mCACHE (0.0ms)[0m  SELECT "places".* FROM "places" WHERE "places"."id" = $1 LIMIT 1  [["id", 207]]
  [1m[36mPlace Load (0.2ms)[0m  [1mSELECT "places".* FROM "places" WHERE "places"."id" = $1 LIMIT 1[0m  [["id", 650]]
  [1m[35mCACHE (0.0ms)[0m  SELECT "places".* FROM "places" WHERE "places"."id" = $1 LIMIT 1  [["id", 207]]
  [1m[36mPlace Load (0.2ms)[0m  [1mSELECT "places".* FROM "places" WHERE "places"."id" = $1 LIMIT 1[0m  [["id", 1133]]
  [1m[35mCACHE (0.0ms)[0m  SELECT "places".* FROM "places" WHERE "places"."id" = $1 LIMIT 1  [["id", 1129]]
  [1m[36mPlace Load (0.3ms)[0m  [1mSELECT "places".* FROM "places" WHERE "places"."id" = 419 LIMIT 1[0m
  [1m[35mRoute Load (0.3ms)[0m  select * from routes where startplace_id = 419
  [1m[36mRoute Load (0.3ms)[0m  [1mselect * from routes where endplace_id = 419[0m
  [1m[35mCACHE (0.0ms)[0m  SELECT "places".* FROM "places" WHERE "places"."id" = $1 LIMIT 1  [["id", 419]]
  [1m[36mCACHE (0.0ms)[0m  [1mSELECT "places".* FROM "places" WHERE "places"."id" = $1 LIMIT 1[0m  [["id", 1127]]
  [1m[35mPlace Load (0.2ms)[0m  SELECT "places".* FROM "places" WHERE "places"."id" = $1 LIMIT 1  [["id", 1128]]
  [1m[36mCACHE (0.0ms)[0m  [1mSELECT "places".* FROM "places" WHERE "places"."id" = 1125 LIMIT 1[0m
  [1m[35mCACHE (0.0ms)[0m  select * from routes where startplace_id = 1125
  [1m[36mCACHE (0.0ms)[0m  [1mselect * from routes where endplace_id = 1125[0m
  [1m[35mCACHE (0.0ms)[0m  SELECT "places".* FROM "places" WHERE "places"."id" = $1 LIMIT 1  [["id", 1125]]
  [1m[36mCACHE (0.0ms)[0m  [1mSELECT "places".* FROM "places" WHERE "places"."id" = $1 LIMIT 1[0m  [["id", 1123]]
  [1m[35mCACHE (0.0ms)[0m  SELECT "places".* FROM "places" WHERE "places"."id" = $1 LIMIT 1  [["id", 769]]
  [1m[36mPlace Load (0.3ms)[0m  [1mSELECT "places".* FROM "places" WHERE "places"."id" = 1122 LIMIT 1[0m
  [1m[35mRoute Load (0.3ms)[0m  select * from routes where startplace_id = 1122
  [1m[36mRoute Load (0.3ms)[0m  [1mselect * from routes where endplace_id = 1122[0m
  [1m[35mCACHE (0.0ms)[0m  SELECT "places".* FROM "places" WHERE "places"."id" = $1 LIMIT 1  [["id", 1122]]
  [1m[36mCACHE (0.0ms)[0m  [1mSELECT "places".* FROM "places" WHERE "places"."id" = $1 LIMIT 1[0m  [["id", 975]]
  [1m[35mPlace Load (0.2ms)[0m  SELECT "places".* FROM "places" WHERE "places"."id" = $1 LIMIT 1  [["id", 1121]]
  [1m[36mCACHE (0.0ms)[0m  [1mSELECT "places".* FROM "places" WHERE "places"."id" = 1129 LIMIT 1[0m
  [1m[35mCACHE (0.0ms)[0m  select * from routes where startplace_id = 1129
  [1m[36mCACHE (0.0ms)[0m  [1mselect * from routes where endplace_id = 1129[0m
  [1m[35mCACHE (0.0ms)[0m  SELECT "places".* FROM "places" WHERE "places"."id" = $1 LIMIT 1  [["id", 1129]]
  [1m[36mCACHE (0.0ms)[0m  [1mSELECT "places".* FROM "places" WHERE "places"."id" = $1 LIMIT 1[0m  [["id", 207]]
  [1m[35mCACHE (0.0ms)[0m  SELECT "places".* FROM "places" WHERE "places"."id" = $1 LIMIT 1  [["id", 1124]]
  [1m[36mCACHE (0.0ms)[0m  [1mSELECT "places".* FROM "places" WHERE "places"."id" = $1 LIMIT 1[0m  [["id", 975]]
  [1m[35mCACHE (0.0ms)[0m  SELECT "places".* FROM "places" WHERE "places"."id" = 769 LIMIT 1
  [1m[36mCACHE (0.0ms)[0m  [1mselect * from routes where startplace_id = 769[0m
  [1m[35mCACHE (0.0ms)[0m  select * from routes where endplace_id = 769
  [1m[36mCACHE (0.0ms)[0m  [1mSELECT "places".* FROM "places" WHERE "places"."id" = $1 LIMIT 1[0m  [["id", 769]]
  [1m[35mCACHE (0.0ms)[0m  SELECT "places".* FROM "places" WHERE "places"."id" = $1 LIMIT 1  [["id", 1125]]
  [1m[36mCACHE (0.0ms)[0m  [1mSELECT "places".* FROM "places" WHERE "places"."id" = $1 LIMIT 1[0m  [["id", 1126]]
  [1m[35mCACHE (0.0ms)[0m  SELECT "places".* FROM "places" WHERE "places"."id" = 1122 LIMIT 1
  [1m[36mCACHE (0.0ms)[0m  [1mselect * from routes where startplace_id = 1122[0m
  [1m[35mCACHE (0.0ms)[0m  select * from routes where endplace_id = 1122
  [1m[36mCACHE (0.0ms)[0m  [1mSELECT "places".* FROM "places" WHERE "places"."id" = $1 LIMIT 1[0m  [["id", 1122]]
  [1m[35mCACHE (0.0ms)[0m  SELECT "places".* FROM "places" WHERE "places"."id" = $1 LIMIT 1  [["id", 975]]
  [1m[36mCACHE (0.0ms)[0m  [1mSELECT "places".* FROM "places" WHERE "places"."id" = $1 LIMIT 1[0m  [["id", 1121]]
  [1m[35mCACHE (0.0ms)[0m  SELECT "places".* FROM "places" WHERE "places"."id" = 1123 LIMIT 1
  [1m[36mCACHE (0.0ms)[0m  [1mselect * from routes where startplace_id = 1123[0m
  [1m[35mCACHE (0.0ms)[0m  select * from routes where endplace_id = 1123
  [1m[36mCACHE (0.0ms)[0m  [1mSELECT "places".* FROM "places" WHERE "places"."id" = $1 LIMIT 1[0m  [["id", 1123]]
  [1m[35mCACHE (0.0ms)[0m  SELECT "places".* FROM "places" WHERE "places"."id" = $1 LIMIT 1  [["id", 1124]]
  [1m[36mCACHE (0.0ms)[0m  [1mSELECT "places".* FROM "places" WHERE "places"."id" = $1 LIMIT 1[0m  [["id", 975]]
  [1m[35mCACHE (0.0ms)[0m  SELECT "places".* FROM "places" WHERE "places"."id" = $1 LIMIT 1  [["id", 1125]]
  [1m[36mPlace Load (0.3ms)[0m  [1mSELECT "places".* FROM "places" WHERE "places"."id" = 650 LIMIT 1[0m
  [1m[35mRoute Load (0.3ms)[0m  select * from routes where startplace_id = 650
  [1m[36mRoute Load (0.3ms)[0m  [1mselect * from routes where endplace_id = 650[0m
  [1m[35mCACHE (0.0ms)[0m  SELECT "places".* FROM "places" WHERE "places"."id" = $1 LIMIT 1  [["id", 650]]
  [1m[36mPlace Load (0.2ms)[0m  [1mSELECT "places".* FROM "places" WHERE "places"."id" = $1 LIMIT 1[0m  [["id", 45]]
  [1m[35mCACHE (0.0ms)[0m  SELECT "places".* FROM "places" WHERE "places"."id" = $1 LIMIT 1  [["id", 207]]
  [1m[36mPlace Load (0.3ms)[0m  [1mSELECT "places".* FROM "places" WHERE "places"."id" = 1133 LIMIT 1[0m
  [1m[35mRoute Load (0.3ms)[0m  select * from routes where startplace_id = 1133
  [1m[36mRoute Load (0.3ms)[0m  [1mselect * from routes where endplace_id = 1133[0m
  [1m[35mCACHE (0.0ms)[0m  SELECT "places".* FROM "places" WHERE "places"."id" = $1 LIMIT 1  [["id", 1133]]
  [1m[36mPlace Load (0.2ms)[0m  [1mSELECT "places".* FROM "places" WHERE "places"."id" = $1 LIMIT 1[0m  [["id", 1131]]
  [1m[35mCACHE (0.0ms)[0m  SELECT "places".* FROM "places" WHERE "places"."id" = $1 LIMIT 1  [["id", 207]]
  [1m[36mPlace Load (0.3ms)[0m  [1mSELECT "places".* FROM "places" WHERE "places"."id" = 1128 LIMIT 1[0m
  [1m[35mRoute Load (0.2ms)[0m  select * from routes where startplace_id = 1128
  [1m[36mRoute Load (0.3ms)[0m  [1mselect * from routes where endplace_id = 1128[0m
  [1m[35mCACHE (0.0ms)[0m  SELECT "places".* FROM "places" WHERE "places"."id" = $1 LIMIT 1  [["id", 1128]]
  [1m[36mCACHE (0.0ms)[0m  [1mSELECT "places".* FROM "places" WHERE "places"."id" = $1 LIMIT 1[0m  [["id", 419]]
  [1m[35mCACHE (0.0ms)[0m  SELECT "places".* FROM "places" WHERE "places"."id" = 1123 LIMIT 1
  [1m[36mCACHE (0.0ms)[0m  [1mselect * from routes where startplace_id = 1123[0m
  [1m[35mCACHE (0.0ms)[0m  select * from routes where endplace_id = 1123
  [1m[36mCACHE (0.0ms)[0m  [1mSELECT "places".* FROM "places" WHERE "places"."id" = $1 LIMIT 1[0m  [["id", 1123]]
  [1m[35mCACHE (0.0ms)[0m  SELECT "places".* FROM "places" WHERE "places"."id" = $1 LIMIT 1  [["id", 1124]]
  [1m[36mCACHE (0.0ms)[0m  [1mSELECT "places".* FROM "places" WHERE "places"."id" = $1 LIMIT 1[0m  [["id", 975]]
  [1m[35mCACHE (0.0ms)[0m  SELECT "places".* FROM "places" WHERE "places"."id" = $1 LIMIT 1  [["id", 1125]]
  [1m[36mPlace Load (0.3ms)[0m  [1mSELECT "places".* FROM "places" WHERE "places"."id" = 1121 LIMIT 1[0m
  [1m[35mRoute Load (0.3ms)[0m  select * from routes where startplace_id = 1121
  [1m[36mRoute Load (0.3ms)[0m  [1mselect * from routes where endplace_id = 1121[0m
  [1m[35mCACHE (0.0ms)[0m  SELECT "places".* FROM "places" WHERE "places"."id" = $1 LIMIT 1  [["id", 1121]]
  [1m[36mCACHE (0.0ms)[0m  [1mSELECT "places".* FROM "places" WHERE "places"."id" = $1 LIMIT 1[0m  [["id", 1122]]
  [1m[35mPlace Load (0.2ms)[0m  SELECT "places".* FROM "places" WHERE "places"."id" = $1 LIMIT 1  [["id", 976]]
  [1m[36mCACHE (0.0ms)[0m  [1mSELECT "places".* FROM "places" WHERE "places"."id" = 207 LIMIT 1[0m
  [1m[35mCACHE (0.0ms)[0m  select * from routes where startplace_id = 207
  [1m[36mCACHE (0.0ms)[0m  [1mselect * from routes where endplace_id = 207[0m
  [1m[35mCACHE (0.0ms)[0m  SELECT "places".* FROM "places" WHERE "places"."id" = $1 LIMIT 1  [["id", 207]]
  [1m[36mCACHE (0.0ms)[0m  [1mSELECT "places".* FROM "places" WHERE "places"."id" = $1 LIMIT 1[0m  [["id", 650]]
  [1m[35mCACHE (0.0ms)[0m  SELECT "places".* FROM "places" WHERE "places"."id" = $1 LIMIT 1  [["id", 207]]
  [1m[36mCACHE (0.0ms)[0m  [1mSELECT "places".* FROM "places" WHERE "places"."id" = $1 LIMIT 1[0m  [["id", 1133]]
  [1m[35mCACHE (0.0ms)[0m  SELECT "places".* FROM "places" WHERE "places"."id" = $1 LIMIT 1  [["id", 1129]]
  [1m[36mCACHE (0.0ms)[0m  [1mSELECT "places".* FROM "places" WHERE "places"."id" = 1126 LIMIT 1[0m
  [1m[35mCACHE (0.0ms)[0m  select * from routes where startplace_id = 1126
  [1m[36mCACHE (0.0ms)[0m  [1mselect * from routes where endplace_id = 1126[0m
  [1m[35mCACHE (0.0ms)[0m  SELECT "places".* FROM "places" WHERE "places"."id" = $1 LIMIT 1  [["id", 1126]]
  [1m[36mCACHE (0.0ms)[0m  [1mSELECT "places".* FROM "places" WHERE "places"."id" = $1 LIMIT 1[0m  [["id", 1130]]
  [1m[35mCACHE (0.0ms)[0m  SELECT "places".* FROM "places" WHERE "places"."id" = $1 LIMIT 1  [["id", 1126]]
  [1m[36mCACHE (0.0ms)[0m  [1mSELECT "places".* FROM "places" WHERE "places"."id" = $1 LIMIT 1[0m  [["id", 769]]
  [1m[35mCACHE (0.0ms)[0m  SELECT "places".* FROM "places" WHERE "places"."id" = $1 LIMIT 1  [["id", 1127]]
  [1m[36mCACHE (0.0ms)[0m  [1mSELECT "places".* FROM "places" WHERE "places"."id" = 1121 LIMIT 1[0m
  [1m[35mCACHE (0.0ms)[0m  select * from routes where startplace_id = 1121
  [1m[36mCACHE (0.0ms)[0m  [1mselect * from routes where endplace_id = 1121[0m
  [1m[35mCACHE (0.0ms)[0m  SELECT "places".* FROM "places" WHERE "places"."id" = $1 LIMIT 1  [["id", 1121]]
  [1m[36mCACHE (0.0ms)[0m  [1mSELECT "places".* FROM "places" WHERE "places"."id" = $1 LIMIT 1[0m  [["id", 1122]]
  [1m[35mCACHE (0.0ms)[0m  SELECT "places".* FROM "places" WHERE "places"."id" = $1 LIMIT 1  [["id", 976]]
  [1m[36mCACHE (0.0ms)[0m  [1mSELECT "places".* FROM "places" WHERE "places"."id" = 1125 LIMIT 1[0m
  [1m[35mCACHE (0.0ms)[0m  select * from routes where startplace_id = 1125
  [1m[36mCACHE (0.0ms)[0m  [1mselect * from routes where endplace_id = 1125[0m
  [1m[35mCACHE (0.0ms)[0m  SELECT "places".* FROM "places" WHERE "places"."id" = $1 LIMIT 1  [["id", 1125]]
  [1m[36mCACHE (0.0ms)[0m  [1mSELECT "places".* FROM "places" WHERE "places"."id" = $1 LIMIT 1[0m  [["id", 1123]]
  [1m[35mCACHE (0.0ms)[0m  SELECT "places".* FROM "places" WHERE "places"."id" = $1 LIMIT 1  [["id", 769]]
  [1m[36mPlace Load (0.3ms)[0m  [1mSELECT "places".* FROM "places" WHERE "places"."id" = 45 LIMIT 1[0m
  [1m[35mRoute Load (39.5ms)[0m  select * from routes where startplace_id = 45
  [1m[36mRoute Load (0.7ms)[0m  [1mselect * from routes where endplace_id = 45[0m
  [1m[35mCACHE (0.0ms)[0m  SELECT "places".* FROM "places" WHERE "places"."id" = $1 LIMIT 1  [["id", 45]]
  [1m[36mCACHE (0.0ms)[0m  [1mSELECT "places".* FROM "places" WHERE "places"."id" = $1 LIMIT 1[0m  [["id", 976]]
  [1m[35mCACHE (0.0ms)[0m  SELECT "places".* FROM "places" WHERE "places"."id" = $1 LIMIT 1  [["id", 650]]
  [1m[36mPlace Load (0.3ms)[0m  [1mSELECT "places".* FROM "places" WHERE "places"."id" = 1131 LIMIT 1[0m
  [1m[35mRoute Load (0.3ms)[0m  select * from routes where startplace_id = 1131
  [1m[36mRoute Load (0.3ms)[0m  [1mselect * from routes where endplace_id = 1131[0m
  [1m[35mCACHE (0.0ms)[0m  SELECT "places".* FROM "places" WHERE "places"."id" = $1 LIMIT 1  [["id", 1131]]
  [1m[36mPlace Load (0.2ms)[0m  [1mSELECT "places".* FROM "places" WHERE "places"."id" = $1 LIMIT 1[0m  [["id", 1132]]
  [1m[35mCACHE (0.0ms)[0m  SELECT "places".* FROM "places" WHERE "places"."id" = $1 LIMIT 1  [["id", 1133]]
  [1m[36mCACHE (0.0ms)[0m  [1mSELECT "places".* FROM "places" WHERE "places"."id" = 975 LIMIT 1[0m
  [1m[35mCACHE (0.0ms)[0m  select * from routes where startplace_id = 975
  [1m[36mCACHE (0.0ms)[0m  [1mselect * from routes where endplace_id = 975[0m
  [1m[35mCACHE (0.0ms)[0m  SELECT "places".* FROM "places" WHERE "places"."id" = $1 LIMIT 1  [["id", 975]]
  [1m[36mCACHE (0.0ms)[0m  [1mSELECT "places".* FROM "places" WHERE "places"."id" = $1 LIMIT 1[0m  [["id", 1129]]
  [1m[35mCACHE (0.0ms)[0m  SELECT "places".* FROM "places" WHERE "places"."id" = $1 LIMIT 1  [["id", 975]]
  [1m[36mCACHE (0.0ms)[0m  [1mSELECT "places".* FROM "places" WHERE "places"."id" = $1 LIMIT 1[0m  [["id", 1123]]
  [1m[35mCACHE (0.0ms)[0m  SELECT "places".* FROM "places" WHERE "places"."id" = $1 LIMIT 1  [["id", 1122]]
  [1m[36mCACHE (0.0ms)[0m  [1mSELECT "places".* FROM "places" WHERE "places"."id" = 1124 LIMIT 1[0m
  [1m[35mCACHE (0.0ms)[0m  select * from routes where startplace_id = 1124
  [1m[36mCACHE (0.0ms)[0m  [1mselect * from routes where endplace_id = 1124[0m
  [1m[35mCACHE (0.0ms)[0m  SELECT "places".* FROM "places" WHERE "places"."id" = $1 LIMIT 1  [["id", 1124]]
  [1m[36mCACHE (0.0ms)[0m  [1mSELECT "places".* FROM "places" WHERE "places"."id" = $1 LIMIT 1[0m  [["id", 1129]]
  [1m[35mCACHE (0.1ms)[0m  SELECT "places".* FROM "places" WHERE "places"."id" = $1 LIMIT 1  [["id", 1124]]
  [1m[36mCACHE (0.0ms)[0m  [1mSELECT "places".* FROM "places" WHERE "places"."id" = $1 LIMIT 1[0m  [["id", 974]]
  [1m[35mCACHE (0.0ms)[0m  SELECT "places".* FROM "places" WHERE "places"."id" = $1 LIMIT 1  [["id", 1123]]
  [1m[36mPlace Load (0.3ms)[0m  [1mSELECT "places".* FROM "places" WHERE "places"."id" = 976 LIMIT 1[0m
  [1m[35mRoute Load (0.3ms)[0m  select * from routes where startplace_id = 976
  [1m[36mRoute Load (0.3ms)[0m  [1mselect * from routes where endplace_id = 976[0m
  [1m[35mCACHE (0.0ms)[0m  SELECT "places".* FROM "places" WHERE "places"."id" = $1 LIMIT 1  [["id", 976]]
  [1m[36mCACHE (0.0ms)[0m  [1mSELECT "places".* FROM "places" WHERE "places"."id" = $1 LIMIT 1[0m  [["id", 1121]]
  [1m[35mCACHE (0.0ms)[0m  SELECT "places".* FROM "places" WHERE "places"."id" = $1 LIMIT 1  [["id", 976]]
  [1m[36mPlace Load (0.2ms)[0m  [1mSELECT "places".* FROM "places" WHERE "places"."id" = $1 LIMIT 1[0m  [["id", 1119]]
  [1m[35mCACHE (0.0ms)[0m  SELECT "places".* FROM "places" WHERE "places"."id" = $1 LIMIT 1  [["id", 45]]
  [1m[36mCACHE (0.0ms)[0m  [1mSELECT "places".* FROM "places" WHERE "places"."id" = 650 LIMIT 1[0m
  [1m[35mCACHE (0.0ms)[0m  select * from routes where startplace_id = 650
  [1m[36mCACHE (0.0ms)[0m  [1mselect * from routes where endplace_id = 650[0m
  [1m[35mCACHE (0.0ms)[0m  SELECT "places".* FROM "places" WHERE "places"."id" = $1 LIMIT 1  [["id", 650]]
  [1m[36mCACHE (0.0ms)[0m  [1mSELECT "places".* FROM "places" WHERE "places"."id" = $1 LIMIT 1[0m  [["id", 45]]
  [1m[35mCACHE (0.0ms)[0m  SELECT "places".* FROM "places" WHERE "places"."id" = $1 LIMIT 1  [["id", 207]]
  [1m[36mCACHE (0.0ms)[0m  [1mSELECT "places".* FROM "places" WHERE "places"."id" = 1133 LIMIT 1[0m
  [1m[35mCACHE (0.0ms)[0m  select * from routes where startplace_id = 1133
  [1m[36mCACHE (0.0ms)[0m  [1mselect * from routes where endplace_id = 1133[0m
  [1m[35mCACHE (0.0ms)[0m  SELECT "places".* FROM "places" WHERE "places"."id" = $1 LIMIT 1  [["id", 1133]]
  [1m[36mCACHE (0.0ms)[0m  [1mSELECT "places".* FROM "places" WHERE "places"."id" = $1 LIMIT 1[0m  [["id", 1131]]
  [1m[35mCACHE (0.0ms)[0m  SELECT "places".* FROM "places" WHERE "places"."id" = $1 LIMIT 1  [["id", 207]]
  [1m[36mCACHE (0.0ms)[0m  [1mSELECT "places".* FROM "places" WHERE "places"."id" = 1127 LIMIT 1[0m
  [1m[35mCACHE (0.0ms)[0m  select * from routes where startplace_id = 1127
  [1m[36mCACHE (0.0ms)[0m  [1mselect * from routes where endplace_id = 1127[0m
  [1m[35mCACHE (0.0ms)[0m  SELECT "places".* FROM "places" WHERE "places"."id" = $1 LIMIT 1  [["id", 1127]]
  [1m[36mCACHE (0.0ms)[0m  [1mSELECT "places".* FROM "places" WHERE "places"."id" = $1 LIMIT 1[0m  [["id", 1126]]
  [1m[35mCACHE (0.0ms)[0m  SELECT "places".* FROM "places" WHERE "places"."id" = $1 LIMIT 1  [["id", 419]]
  [1m[36mCACHE (0.0ms)[0m  [1mSELECT "places".* FROM "places" WHERE "places"."id" = 1130 LIMIT 1[0m
  [1m[35mCACHE (0.0ms)[0m  select * from routes where startplace_id = 1130
  [1m[36mCACHE (0.0ms)[0m  [1mselect * from routes where endplace_id = 1130[0m
  [1m[35mCACHE (0.0ms)[0m  SELECT "places".* FROM "places" WHERE "places"."id" = $1 LIMIT 1  [["id", 1130]]
  [1m[36mCACHE (0.0ms)[0m  [1mSELECT "places".* FROM "places" WHERE "places"."id" = $1 LIMIT 1[0m  [["id", 974]]
  [1m[35mCACHE (0.0ms)[0m  SELECT "places".* FROM "places" WHERE "places"."id" = $1 LIMIT 1  [["id", 1126]]
  [1m[36mCACHE (0.0ms)[0m  [1mSELECT "places".* FROM "places" WHERE "places"."id" = 976 LIMIT 1[0m
  [1m[35mCACHE (0.0ms)[0m  select * from routes where startplace_id = 976
  [1m[36mCACHE (0.0ms)[0m  [1mselect * from routes where endplace_id = 976[0m
  [1m[35mCACHE (0.0ms)[0m  SELECT "places".* FROM "places" WHERE "places"."id" = $1 LIMIT 1  [["id", 976]]
  [1m[36mCACHE (0.0ms)[0m  [1mSELECT "places".* FROM "places" WHERE "places"."id" = $1 LIMIT 1[0m  [["id", 1121]]
  [1m[35mCACHE (0.0ms)[0m  SELECT "places".* FROM "places" WHERE "places"."id" = $1 LIMIT 1  [["id", 976]]
  [1m[36mCACHE (0.0ms)[0m  [1mSELECT "places".* FROM "places" WHERE "places"."id" = $1 LIMIT 1[0m  [["id", 1119]]
  [1m[35mCACHE (0.0ms)[0m  SELECT "places".* FROM "places" WHERE "places"."id" = $1 LIMIT 1  [["id", 45]]
  [1m[36mCACHE (0.0ms)[0m  [1mSELECT "places".* FROM "places" WHERE "places"."id" = 769 LIMIT 1[0m
  [1m[35mCACHE (0.0ms)[0m  select * from routes where startplace_id = 769
  [1m[36mCACHE (0.0ms)[0m  [1mselect * from routes where endplace_id = 769[0m
  [1m[35mCACHE (0.0ms)[0m  SELECT "places".* FROM "places" WHERE "places"."id" = $1 LIMIT 1  [["id", 769]]
  [1m[36mCACHE (0.0ms)[0m  [1mSELECT "places".* FROM "places" WHERE "places"."id" = $1 LIMIT 1[0m  [["id", 1125]]
  [1m[35mCACHE (0.0ms)[0m  SELECT "places".* FROM "places" WHERE "places"."id" = $1 LIMIT 1  [["id", 1126]]
  [1m[36mCACHE (0.0ms)[0m  [1mSELECT "places".* FROM "places" WHERE "places"."id" = 976 LIMIT 1[0m
  [1m[35mCACHE (0.0ms)[0m  select * from routes where startplace_id = 976
  [1m[36mCACHE (0.0ms)[0m  [1mselect * from routes where endplace_id = 976[0m
  [1m[35mCACHE (0.0ms)[0m  SELECT "places".* FROM "places" WHERE "places"."id" = $1 LIMIT 1  [["id", 976]]
  [1m[36mCACHE (0.0ms)[0m  [1mSELECT "places".* FROM "places" WHERE "places"."id" = $1 LIMIT 1[0m  [["id", 1121]]
  [1m[35mCACHE (0.0ms)[0m  SELECT "places".* FROM "places" WHERE "places"."id" = $1 LIMIT 1  [["id", 976]]
  [1m[36mCACHE (0.0ms)[0m  [1mSELECT "places".* FROM "places" WHERE "places"."id" = $1 LIMIT 1[0m  [["id", 1119]]
  [1m[35mCACHE (0.0ms)[0m  SELECT "places".* FROM "places" WHERE "places"."id" = $1 LIMIT 1  [["id", 45]]
  [1m[36mPlace Load (0.3ms)[0m  [1mSELECT "places".* FROM "places" WHERE "places"."id" = 1132 LIMIT 1[0m
  [1m[35mRoute Load (0.3ms)[0m  select * from routes where startplace_id = 1132
  [1m[36mRoute Load (0.2ms)[0m  [1mselect * from routes where endplace_id = 1132[0m
  [1m[35mCACHE (0.0ms)[0m  SELECT "places".* FROM "places" WHERE "places"."id" = $1 LIMIT 1  [["id", 1131]]
BNewroutes
397
{:place=>974, :route=>[272, 22, 218, 217, 216, 214, 213, 211], :url=>"xrv210xrv211xrv213xrv214xrv216xrv217xrv218xrv22xrv272"}
{:place=>769, :route=>[-227, 240, 239, 272, 22, 218, 217, 216, 214, 213, 211], :url=>"xrv210xrv211xrv213xrv214xrv216xrv217xrv218xrv22xrv272xrv239xrv240xrv-227"}
{:place=>1125, :route=>[225, 223, 224, 272, 22, 218, 217, 216, 214, 213, 211], :url=>"xrv210xrv211xrv213xrv214xrv216xrv217xrv218xrv22xrv272xrv224xrv223xrv225"}
{:place=>207, :route=>[-235, -237, 224, 272, 22, 218, 217, 216, 214, 213, 211], :url=>"xrv210xrv211xrv213xrv214xrv216xrv217xrv218xrv22xrv272xrv224xrv-237xrv-235"}
{:place=>419, :route=>[229, 228, 240, 239, 272, 22, 218, 217, 216, 214, 213, 211], :url=>"xrv210xrv211xrv213xrv214xrv216xrv217xrv218xrv22xrv272xrv239xrv240xrv228xrv229"}
{:place=>1125, :route=>[-226, -227, 240, 239, 272, 22, 218, 217, 216, 214, 213, 211], :url=>"xrv210xrv211xrv213xrv214xrv216xrv217xrv218xrv22xrv272xrv239xrv240xrv-227xrv-226"}
{:place=>769, :route=>[226, 225, 223, 224, 272, 22, 218, 217, 216, 214, 213, 211], :url=>"xrv210xrv211xrv213xrv214xrv216xrv217xrv218xrv22xrv272xrv224xrv223xrv225xrv226"}
{:place=>650, :route=>[-234, -235, -237, 224, 272, 22, 218, 217, 216, 214, 213, 211], :url=>"xrv210xrv211xrv213xrv214xrv216xrv217xrv218xrv22xrv272xrv224xrv-237xrv-235xrv-234"}
{:place=>1128, :route=>[230, 229, 228, 240, 239, 272, 22, 218, 217, 216, 214, 213, 211], :url=>"xrv210xrv211xrv213xrv214xrv216xrv217xrv218xrv22xrv272xrv239xrv240xrv228xrv229xrv230"}
{:place=>207, :route=>[-235, -238, 222, 223, 224, 272, 22, 218, 217, 216, 214, 213, 211], :url=>"xrv210xrv211xrv213xrv214xrv216xrv217xrv218xrv22xrv272xrv224xrv223xrv222xrv-238xrv-235"}
{:place=>1125, :route=>[225, -222, 238, -237, 224, 272, 22, 218, 217, 216, 214, 213, 211], :url=>"xrv210xrv211xrv213xrv214xrv216xrv217xrv218xrv22xrv272xrv224xrv-237xrv238xrv-222xrv225"}
{:place=>45, :route=>[-233, -234, -235, -237, 224, 272, 22, 218, 217, 216, 214, 213, 211], :url=>"xrv210xrv211xrv213xrv214xrv216xrv217xrv218xrv22xrv272xrv224xrv-237xrv-235xrv-234xrv-233"}
{:place=>976, :route=>[220, 21, 221, 222, 223, 224, 272, 22, 218, 217, 216, 214, 213, 211], :url=>"xrv210xrv211xrv213xrv214xrv216xrv217xrv218xrv22xrv272xrv224xrv223xrv222xrv221xrv21xrv220"}
{:place=>650, :route=>[-234, -235, -238, 222, 223, 224, 272, 22, 218, 217, 216, 214, 213, 211], :url=>"xrv210xrv211xrv213xrv214xrv216xrv217xrv218xrv22xrv272xrv224xrv223xrv222xrv-238xrv-235xrv-234"}
{:place=>976, :route=>[220, 21, 221, 238, -237, 224, 272, 22, 218, 217, 216, 214, 213, 211], :url=>"xrv210xrv211xrv213xrv214xrv216xrv217xrv218xrv22xrv272xrv224xrv-237xrv238xrv221xrv21xrv220"}
{:place=>769, :route=>[226, 225, -222, 238, -237, 224, 272, 22, 218, 217, 216, 214, 213, 211], :url=>"xrv210xrv211xrv213xrv214xrv216xrv217xrv218xrv22xrv272xrv224xrv-237xrv238xrv-222xrv225xrv226"}
{:place=>976, :route=>[-231, -233, -234, -235, -237, 224, 272, 22, 218, 217, 216, 214, 213, 211], :url=>"xrv210xrv211xrv213xrv214xrv216xrv217xrv218xrv22xrv272xrv224xrv-237xrv-235xrv-234xrv-233xrv-231"}
{:place=>1132, :route=>[-241, -242, -243, -235, -237, 224, 272, 22, 218, 217, 216, 214, 213, 211], :url=>"xrv210xrv211xrv213xrv214xrv216xrv217xrv218xrv22xrv272xrv224xrv-237xrv-235xrv-243xrv-242xrv-241"}
{:place=>45, :route=>[231, 220, 21, 221, 222, 223, 224, 272, 22, 218, 217, 216, 214, 213, 211], :url=>"xrv210xrv211xrv213xrv214xrv216xrv217xrv218xrv22xrv272xrv224xrv223xrv222xrv221xrv21xrv220xrv231"}
{:place=>45, :route=>[-233, -234, -235, -238, 222, 223, 224, 272, 22, 218, 217, 216, 214, 213, 211], :url=>"xrv210xrv211xrv213xrv214xrv216xrv217xrv218xrv22xrv272xrv224xrv223xrv222xrv-238xrv-235xrv-234xrv-233"}
{:place=>419, :route=>[229, 228, 227, 226, 225, 223, 224, 272, 22, 218, 217, 216, 214, 213, 211], :url=>"xrv210xrv211xrv213xrv214xrv216xrv217xrv218xrv22xrv272xrv224xrv223xrv225xrv226xrv227xrv228xrv229"}
{:place=>1130, :route=>[-240, 227, 226, 225, 223, 224, 272, 22, 218, 217, 216, 214, 213, 211], :url=>"xrv210xrv211xrv213xrv214xrv216xrv217xrv218xrv22xrv272xrv224xrv223xrv225xrv226xrv227xrv-240"}
{:place=>45, :route=>[231, 220, 21, 221, 238, -237, 224, 272, 22, 218, 217, 216, 214, 213, 211], :url=>"xrv210xrv211xrv213xrv214xrv216xrv217xrv218xrv22xrv272xrv224xrv-237xrv238xrv221xrv21xrv220xrv231"}
  [1m[36mCACHE (0.0ms)[0m  [1mSELECT "places".* FROM "places" WHERE "places"."id" = 974 LIMIT 1[0m
  [1m[35m (1.4ms)[0m  SELECT COUNT(*) FROM "route_indices" WHERE (url = 'xrv210xrv211xrv213xrv214xrv216xrv217xrv218xrv22xrv272')
  [1m[36mPlaceType Load (0.2ms)[0m  [1mselect * from place_types where name='Roadend'[0m
  [1m[35mSQL (0.5ms)[0m  INSERT INTO "route_indices" ("created_at", "endplace_id", "isDest", "startplace_id", "updated_at", "url") VALUES ($1, $2, $3, $4, $5, $6) RETURNING "id"  [["created_at", Mon, 27 Oct 2014 10:08:10 NZDT +13:00], ["endplace_id", 974], ["isDest", true], ["startplace_id", 397], ["updated_at", Mon, 27 Oct 2014 10:08:10 NZDT +13:00], ["url", "xrv210xrv211xrv213xrv214xrv216xrv217xrv218xrv22xrv272"]]
  [1m[36mPlace Load (0.3ms)[0m  [1mSELECT "places".* FROM "places" WHERE "places"."id" = 769 LIMIT 1[0m
  [1m[35m (1.1ms)[0m  SELECT COUNT(*) FROM "route_indices" WHERE (url = 'xrv210xrv211xrv213xrv214xrv216xrv217xrv218xrv22xrv272xrv239xrv240xrv-227')
  [1m[36mPlaceType Load (0.2ms)[0m  [1mselect * from place_types where name='Hut'[0m
  [1m[35mSQL (0.4ms)[0m  INSERT INTO "route_indices" ("created_at", "endplace_id", "isDest", "startplace_id", "updated_at", "url") VALUES ($1, $2, $3, $4, $5, $6) RETURNING "id"  [["created_at", Mon, 27 Oct 2014 10:08:10 NZDT +13:00], ["endplace_id", 769], ["isDest", true], ["startplace_id", 397], ["updated_at", Mon, 27 Oct 2014 10:08:10 NZDT +13:00], ["url", "xrv210xrv211xrv213xrv214xrv216xrv217xrv218xrv22xrv272xrv239xrv240xrv-227"]]
  [1m[36mPlace Load (0.3ms)[0m  [1mSELECT "places".* FROM "places" WHERE "places"."id" = 1125 LIMIT 1[0m
  [1m[35m (1.1ms)[0m  SELECT COUNT(*) FROM "route_indices" WHERE (url = 'xrv210xrv211xrv213xrv214xrv216xrv217xrv218xrv22xrv272xrv224xrv223xrv225')
  [1m[36mPlaceType Load (0.2ms)[0m  [1mselect * from place_types where name='Campsite'[0m
  [1m[35mSQL (0.4ms)[0m  INSERT INTO "route_indices" ("created_at", "endplace_id", "isDest", "startplace_id", "updated_at", "url") VALUES ($1, $2, $3, $4, $5, $6) RETURNING "id"  [["created_at", Mon, 27 Oct 2014 10:08:10 NZDT +13:00], ["endplace_id", 1125], ["isDest", true], ["startplace_id", 397], ["updated_at", Mon, 27 Oct 2014 10:08:10 NZDT +13:00], ["url", "xrv210xrv211xrv213xrv214xrv216xrv217xrv218xrv22xrv272xrv224xrv223xrv225"]]
  [1m[36mPlace Load (0.3ms)[0m  [1mSELECT "places".* FROM "places" WHERE "places"."id" = 207 LIMIT 1[0m
  [1m[35m (1.0ms)[0m  SELECT COUNT(*) FROM "route_indices" WHERE (url = 'xrv210xrv211xrv213xrv214xrv216xrv217xrv218xrv22xrv272xrv224xrv-237xrv-235')
  [1m[36mPlaceType Load (0.2ms)[0m  [1mselect * from place_types where name='Hut'[0m
  [1m[35mSQL (0.3ms)[0m  INSERT INTO "route_indices" ("created_at", "endplace_id", "isDest", "startplace_id", "updated_at", "url") VALUES ($1, $2, $3, $4, $5, $6) RETURNING "id"  [["created_at", Mon, 27 Oct 2014 10:08:10 NZDT +13:00], ["endplace_id", 207], ["isDest", true], ["startplace_id", 397], ["updated_at", Mon, 27 Oct 2014 10:08:10 NZDT +13:00], ["url", "xrv210xrv211xrv213xrv214xrv216xrv217xrv218xrv22xrv272xrv224xrv-237xrv-235"]]
  [1m[36mPlace Load (0.2ms)[0m  [1mSELECT "places".* FROM "places" WHERE "places"."id" = 419 LIMIT 1[0m
  [1m[35m (1.0ms)[0m  SELECT COUNT(*) FROM "route_indices" WHERE (url = 'xrv210xrv211xrv213xrv214xrv216xrv217xrv218xrv22xrv272xrv239xrv240xrv228xrv229')
  [1m[36mPlaceType Load (0.3ms)[0m  [1mselect * from place_types where name='Hut'[0m
  [1m[35mSQL (0.4ms)[0m  INSERT INTO "route_indices" ("created_at", "endplace_id", "isDest", "startplace_id", "updated_at", "url") VALUES ($1, $2, $3, $4, $5, $6) RETURNING "id"  [["created_at", Mon, 27 Oct 2014 10:08:10 NZDT +13:00], ["endplace_id", 419], ["isDest", true], ["startplace_id", 397], ["updated_at", Mon, 27 Oct 2014 10:08:10 NZDT +13:00], ["url", "xrv210xrv211xrv213xrv214xrv216xrv217xrv218xrv22xrv272xrv239xrv240xrv228xrv229"]]
  [1m[36mPlace Load (0.3ms)[0m  [1mSELECT "places".* FROM "places" WHERE "places"."id" = 1125 LIMIT 1[0m
  [1m[35m (1.1ms)[0m  SELECT COUNT(*) FROM "route_indices" WHERE (url = 'xrv210xrv211xrv213xrv214xrv216xrv217xrv218xrv22xrv272xrv239xrv240xrv-227xrv-226')
  [1m[36mPlaceType Load (0.2ms)[0m  [1mselect * from place_types where name='Campsite'[0m
  [1m[35mSQL (0.4ms)[0m  INSERT INTO "route_indices" ("created_at", "endplace_id", "isDest", "startplace_id", "updated_at", "url") VALUES ($1, $2, $3, $4, $5, $6) RETURNING "id"  [["created_at", Mon, 27 Oct 2014 10:08:10 NZDT +13:00], ["endplace_id", 1125], ["isDest", true], ["startplace_id", 397], ["updated_at", Mon, 27 Oct 2014 10:08:10 NZDT +13:00], ["url", "xrv210xrv211xrv213xrv214xrv216xrv217xrv218xrv22xrv272xrv239xrv240xrv-227xrv-226"]]
  [1m[36mPlace Load (0.3ms)[0m  [1mSELECT "places".* FROM "places" WHERE "places"."id" = 769 LIMIT 1[0m
  [1m[35m (1.1ms)[0m  SELECT COUNT(*) FROM "route_indices" WHERE (url = 'xrv210xrv211xrv213xrv214xrv216xrv217xrv218xrv22xrv272xrv224xrv223xrv225xrv226')
  [1m[36mPlaceType Load (0.3ms)[0m  [1mselect * from place_types where name='Hut'[0m
  [1m[35mSQL (0.4ms)[0m  INSERT INTO "route_indices" ("created_at", "endplace_id", "isDest", "startplace_id", "updated_at", "url") VALUES ($1, $2, $3, $4, $5, $6) RETURNING "id"  [["created_at", Mon, 27 Oct 2014 10:08:10 NZDT +13:00], ["endplace_id", 769], ["isDest", true], ["startplace_id", 397], ["updated_at", Mon, 27 Oct 2014 10:08:10 NZDT +13:00], ["url", "xrv210xrv211xrv213xrv214xrv216xrv217xrv218xrv22xrv272xrv224xrv223xrv225xrv226"]]
  [1m[36mPlace Load (0.3ms)[0m  [1mSELECT "places".* FROM "places" WHERE "places"."id" = 650 LIMIT 1[0m
  [1m[35m (1.1ms)[0m  SELECT COUNT(*) FROM "route_indices" WHERE (url = 'xrv210xrv211xrv213xrv214xrv216xrv217xrv218xrv22xrv272xrv224xrv-237xrv-235xrv-234')
  [1m[36mPlaceType Load (0.2ms)[0m  [1mselect * from place_types where name='Hut'[0m
  [1m[35mSQL (0.4ms)[0m  INSERT INTO "route_indices" ("created_at", "endplace_id", "isDest", "startplace_id", "updated_at", "url") VALUES ($1, $2, $3, $4, $5, $6) RETURNING "id"  [["created_at", Mon, 27 Oct 2014 10:08:10 NZDT +13:00], ["endplace_id", 650], ["isDest", true], ["startplace_id", 397], ["updated_at", Mon, 27 Oct 2014 10:08:10 NZDT +13:00], ["url", "xrv210xrv211xrv213xrv214xrv216xrv217xrv218xrv22xrv272xrv224xrv-237xrv-235xrv-234"]]
  [1m[36mPlace Load (0.3ms)[0m  [1mSELECT "places".* FROM "places" WHERE "places"."id" = 1128 LIMIT 1[0m
  [1m[35m (1.1ms)[0m  SELECT COUNT(*) FROM "route_indices" WHERE (url = 'xrv210xrv211xrv213xrv214xrv216xrv217xrv218xrv22xrv272xrv239xrv240xrv228xrv229xrv230')
  [1m[36mPlaceType Load (0.3ms)[0m  [1mselect * from place_types where name='Roadend'[0m
  [1m[35mSQL (0.4ms)[0m  INSERT INTO "route_indices" ("created_at", "endplace_id", "isDest", "startplace_id", "updated_at", "url") VALUES ($1, $2, $3, $4, $5, $6) RETURNING "id"  [["created_at", Mon, 27 Oct 2014 10:08:10 NZDT +13:00], ["endplace_id", 1128], ["isDest", true], ["startplace_id", 397], ["updated_at", Mon, 27 Oct 2014 10:08:10 NZDT +13:00], ["url", "xrv210xrv211xrv213xrv214xrv216xrv217xrv218xrv22xrv272xrv239xrv240xrv228xrv229xrv230"]]
  [1m[36mPlace Load (0.3ms)[0m  [1mSELECT "places".* FROM "places" WHERE "places"."id" = 207 LIMIT 1[0m
  [1m[35m (1.0ms)[0m  SELECT COUNT(*) FROM "route_indices" WHERE (url = 'xrv210xrv211xrv213xrv214xrv216xrv217xrv218xrv22xrv272xrv224xrv223xrv222xrv-238xrv-235')
  [1m[36mPlaceType Load (0.2ms)[0m  [1mselect * from place_types where name='Hut'[0m
  [1m[35mSQL (0.4ms)[0m  INSERT INTO "route_indices" ("created_at", "endplace_id", "isDest", "startplace_id", "updated_at", "url") VALUES ($1, $2, $3, $4, $5, $6) RETURNING "id"  [["created_at", Mon, 27 Oct 2014 10:08:10 NZDT +13:00], ["endplace_id", 207], ["isDest", true], ["startplace_id", 397], ["updated_at", Mon, 27 Oct 2014 10:08:10 NZDT +13:00], ["url", "xrv210xrv211xrv213xrv214xrv216xrv217xrv218xrv22xrv272xrv224xrv223xrv222xrv-238xrv-235"]]
  [1m[36mPlace Load (0.3ms)[0m  [1mSELECT "places".* FROM "places" WHERE "places"."id" = 1125 LIMIT 1[0m
  [1m[35m (1.1ms)[0m  SELECT COUNT(*) FROM "route_indices" WHERE (url = 'xrv210xrv211xrv213xrv214xrv216xrv217xrv218xrv22xrv272xrv224xrv-237xrv238xrv-222xrv225')
  [1m[36mPlaceType Load (0.2ms)[0m  [1mselect * from place_types where name='Campsite'[0m
  [1m[35mSQL (0.4ms)[0m  INSERT INTO "route_indices" ("created_at", "endplace_id", "isDest", "startplace_id", "updated_at", "url") VALUES ($1, $2, $3, $4, $5, $6) RETURNING "id"  [["created_at", Mon, 27 Oct 2014 10:08:10 NZDT +13:00], ["endplace_id", 1125], ["isDest", true], ["startplace_id", 397], ["updated_at", Mon, 27 Oct 2014 10:08:10 NZDT +13:00], ["url", "xrv210xrv211xrv213xrv214xrv216xrv217xrv218xrv22xrv272xrv224xrv-237xrv238xrv-222xrv225"]]
  [1m[36mPlace Load (0.3ms)[0m  [1mSELECT "places".* FROM "places" WHERE "places"."id" = 45 LIMIT 1[0m
  [1m[35m (1.1ms)[0m  SELECT COUNT(*) FROM "route_indices" WHERE (url = 'xrv210xrv211xrv213xrv214xrv216xrv217xrv218xrv22xrv272xrv224xrv-237xrv-235xrv-234xrv-233')
  [1m[36mPlaceType Load (0.2ms)[0m  [1mselect * from place_types where name='Hut'[0m
  [1m[35mSQL (0.4ms)[0m  INSERT INTO "route_indices" ("created_at", "endplace_id", "isDest", "startplace_id", "updated_at", "url") VALUES ($1, $2, $3, $4, $5, $6) RETURNING "id"  [["created_at", Mon, 27 Oct 2014 10:08:10 NZDT +13:00], ["endplace_id", 45], ["isDest", true], ["startplace_id", 397], ["updated_at", Mon, 27 Oct 2014 10:08:10 NZDT +13:00], ["url", "xrv210xrv211xrv213xrv214xrv216xrv217xrv218xrv22xrv272xrv224xrv-237xrv-235xrv-234xrv-233"]]
  [1m[36mPlace Load (0.2ms)[0m  [1mSELECT "places".* FROM "places" WHERE "places"."id" = 976 LIMIT 1[0m
  [1m[35m (1.0ms)[0m  SELECT COUNT(*) FROM "route_indices" WHERE (url = 'xrv210xrv211xrv213xrv214xrv216xrv217xrv218xrv22xrv272xrv224xrv223xrv222xrv221xrv21xrv220')
  [1m[36mPlaceType Load (0.2ms)[0m  [1mselect * from place_types where name='Summit'[0m
  [1m[35mSQL (0.4ms)[0m  INSERT INTO "route_indices" ("created_at", "endplace_id", "isDest", "startplace_id", "updated_at", "url") VALUES ($1, $2, $3, $4, $5, $6) RETURNING "id"  [["created_at", Mon, 27 Oct 2014 10:08:10 NZDT +13:00], ["endplace_id", 976], ["isDest", true], ["startplace_id", 397], ["updated_at", Mon, 27 Oct 2014 10:08:10 NZDT +13:00], ["url", "xrv210xrv211xrv213xrv214xrv216xrv217xrv218xrv22xrv272xrv224xrv223xrv222xrv221xrv21xrv220"]]
  [1m[36mPlace Load (0.2ms)[0m  [1mSELECT "places".* FROM "places" WHERE "places"."id" = 650 LIMIT 1[0m
  [1m[35m (1.1ms)[0m  SELECT COUNT(*) FROM "route_indices" WHERE (url = 'xrv210xrv211xrv213xrv214xrv216xrv217xrv218xrv22xrv272xrv224xrv223xrv222xrv-238xrv-235xrv-234')
  [1m[36mPlaceType Load (0.2ms)[0m  [1mselect * from place_types where name='Hut'[0m
  [1m[35mSQL (0.4ms)[0m  INSERT INTO "route_indices" ("created_at", "endplace_id", "isDest", "startplace_id", "updated_at", "url") VALUES ($1, $2, $3, $4, $5, $6) RETURNING "id"  [["created_at", Mon, 27 Oct 2014 10:08:10 NZDT +13:00], ["endplace_id", 650], ["isDest", true], ["startplace_id", 397], ["updated_at", Mon, 27 Oct 2014 10:08:10 NZDT +13:00], ["url", "xrv210xrv211xrv213xrv214xrv216xrv217xrv218xrv22xrv272xrv224xrv223xrv222xrv-238xrv-235xrv-234"]]
  [1m[36mPlace Load (0.3ms)[0m  [1mSELECT "places".* FROM "places" WHERE "places"."id" = 976 LIMIT 1[0m
  [1m[35m (1.1ms)[0m  SELECT COUNT(*) FROM "route_indices" WHERE (url = 'xrv210xrv211xrv213xrv214xrv216xrv217xrv218xrv22xrv272xrv224xrv-237xrv238xrv221xrv21xrv220')
  [1m[36mPlaceType Load (0.2ms)[0m  [1mselect * from place_types where name='Summit'[0m
  [1m[35mSQL (0.3ms)[0m  INSERT INTO "route_indices" ("created_at", "endplace_id", "isDest", "startplace_id", "updated_at", "url") VALUES ($1, $2, $3, $4, $5, $6) RETURNING "id"  [["created_at", Mon, 27 Oct 2014 10:08:10 NZDT +13:00], ["endplace_id", 976], ["isDest", true], ["startplace_id", 397], ["updated_at", Mon, 27 Oct 2014 10:08:10 NZDT +13:00], ["url", "xrv210xrv211xrv213xrv214xrv216xrv217xrv218xrv22xrv272xrv224xrv-237xrv238xrv221xrv21xrv220"]]
  [1m[36mPlace Load (0.2ms)[0m  [1mSELECT "places".* FROM "places" WHERE "places"."id" = 769 LIMIT 1[0m
  [1m[35m (1.1ms)[0m  SELECT COUNT(*) FROM "route_indices" WHERE (url = 'xrv210xrv211xrv213xrv214xrv216xrv217xrv218xrv22xrv272xrv224xrv-237xrv238xrv-222xrv225xrv226')
  [1m[36mPlaceType Load (0.2ms)[0m  [1mselect * from place_types where name='Hut'[0m
  [1m[35mSQL (0.4ms)[0m  INSERT INTO "route_indices" ("created_at", "endplace_id", "isDest", "startplace_id", "updated_at", "url") VALUES ($1, $2, $3, $4, $5, $6) RETURNING "id"  [["created_at", Mon, 27 Oct 2014 10:08:10 NZDT +13:00], ["endplace_id", 769], ["isDest", true], ["startplace_id", 397], ["updated_at", Mon, 27 Oct 2014 10:08:10 NZDT +13:00], ["url", "xrv210xrv211xrv213xrv214xrv216xrv217xrv218xrv22xrv272xrv224xrv-237xrv238xrv-222xrv225xrv226"]]
  [1m[36mPlace Load (0.3ms)[0m  [1mSELECT "places".* FROM "places" WHERE "places"."id" = 976 LIMIT 1[0m
  [1m[35m (1.1ms)[0m  SELECT COUNT(*) FROM "route_indices" WHERE (url = 'xrv210xrv211xrv213xrv214xrv216xrv217xrv218xrv22xrv272xrv224xrv-237xrv-235xrv-234xrv-233xrv-231')
  [1m[36mPlaceType Load (0.2ms)[0m  [1mselect * from place_types where name='Summit'[0m
  [1m[35mSQL (0.4ms)[0m  INSERT INTO "route_indices" ("created_at", "endplace_id", "isDest", "startplace_id", "updated_at", "url") VALUES ($1, $2, $3, $4, $5, $6) RETURNING "id"  [["created_at", Mon, 27 Oct 2014 10:08:10 NZDT +13:00], ["endplace_id", 976], ["isDest", true], ["startplace_id", 397], ["updated_at", Mon, 27 Oct 2014 10:08:10 NZDT +13:00], ["url", "xrv210xrv211xrv213xrv214xrv216xrv217xrv218xrv22xrv272xrv224xrv-237xrv-235xrv-234xrv-233xrv-231"]]
  [1m[36mPlace Load (0.3ms)[0m  [1mSELECT "places".* FROM "places" WHERE "places"."id" = 1132 LIMIT 1[0m
  [1m[35m (1.0ms)[0m  SELECT COUNT(*) FROM "route_indices" WHERE (url = 'xrv210xrv211xrv213xrv214xrv216xrv217xrv218xrv22xrv272xrv224xrv-237xrv-235xrv-243xrv-242xrv-241')
  [1m[36mPlaceType Load (0.2ms)[0m  [1mselect * from place_types where name='Campsite'[0m
  [1m[35mSQL (0.4ms)[0m  INSERT INTO "route_indices" ("created_at", "endplace_id", "isDest", "startplace_id", "updated_at", "url") VALUES ($1, $2, $3, $4, $5, $6) RETURNING "id"  [["created_at", Mon, 27 Oct 2014 10:08:10 NZDT +13:00], ["endplace_id", 1132], ["isDest", true], ["startplace_id", 397], ["updated_at", Mon, 27 Oct 2014 10:08:10 NZDT +13:00], ["url", "xrv210xrv211xrv213xrv214xrv216xrv217xrv218xrv22xrv272xrv224xrv-237xrv-235xrv-243xrv-242xrv-241"]]
  [1m[36mPlace Load (0.2ms)[0m  [1mSELECT "places".* FROM "places" WHERE "places"."id" = 45 LIMIT 1[0m
  [1m[35m (1.1ms)[0m  SELECT COUNT(*) FROM "route_indices" WHERE (url = 'xrv210xrv211xrv213xrv214xrv216xrv217xrv218xrv22xrv272xrv224xrv223xrv222xrv221xrv21xrv220xrv231')
  [1m[36mPlaceType Load (0.2ms)[0m  [1mselect * from place_types where name='Hut'[0m
  [1m[35mSQL (0.4ms)[0m  INSERT INTO "route_indices" ("created_at", "endplace_id", "isDest", "startplace_id", "updated_at", "url") VALUES ($1, $2, $3, $4, $5, $6) RETURNING "id"  [["created_at", Mon, 27 Oct 2014 10:08:10 NZDT +13:00], ["endplace_id", 45], ["isDest", true], ["startplace_id", 397], ["updated_at", Mon, 27 Oct 2014 10:08:10 NZDT +13:00], ["url", "xrv210xrv211xrv213xrv214xrv216xrv217xrv218xrv22xrv272xrv224xrv223xrv222xrv221xrv21xrv220xrv231"]]
  [1m[36mPlace Load (0.2ms)[0m  [1mSELECT "places".* FROM "places" WHERE "places"."id" = 45 LIMIT 1[0m
  [1m[35m (1.1ms)[0m  SELECT COUNT(*) FROM "route_indices" WHERE (url = 'xrv210xrv211xrv213xrv214xrv216xrv217xrv218xrv22xrv272xrv224xrv223xrv222xrv-238xrv-235xrv-234xrv-233')
  [1m[36mPlaceType Load (0.2ms)[0m  [1mselect * from place_types where name='Hut'[0m
  [1m[35mSQL (0.3ms)[0m  INSERT INTO "route_indices" ("created_at", "endplace_id", "isDest", "startplace_id", "updated_at", "url") VALUES ($1, $2, $3, $4, $5, $6) RETURNING "id"  [["created_at", Mon, 27 Oct 2014 10:08:10 NZDT +13:00], ["endplace_id", 45], ["isDest", true], ["startplace_id", 397], ["updated_at", Mon, 27 Oct 2014 10:08:10 NZDT +13:00], ["url", "xrv210xrv211xrv213xrv214xrv216xrv217xrv218xrv22xrv272xrv224xrv223xrv222xrv-238xrv-235xrv-234xrv-233"]]
  [1m[36mPlace Load (0.3ms)[0m  [1mSELECT "places".* FROM "places" WHERE "places"."id" = 419 LIMIT 1[0m
  [1m[35m (1.1ms)[0m  SELECT COUNT(*) FROM "route_indices" WHERE (url = 'xrv210xrv211xrv213xrv214xrv216xrv217xrv218xrv22xrv272xrv224xrv223xrv225xrv226xrv227xrv228xrv229')
  [1m[36mPlaceType Load (0.2ms)[0m  [1mselect * from place_types where name='Hut'[0m
  [1m[35mSQL (0.4ms)[0m  INSERT INTO "route_indices" ("created_at", "endplace_id", "isDest", "startplace_id", "updated_at", "url") VALUES ($1, $2, $3, $4, $5, $6) RETURNING "id"  [["created_at", Mon, 27 Oct 2014 10:08:10 NZDT +13:00], ["endplace_id", 419], ["isDest", true], ["startplace_id", 397], ["updated_at", Mon, 27 Oct 2014 10:08:10 NZDT +13:00], ["url", "xrv210xrv211xrv213xrv214xrv216xrv217xrv218xrv22xrv272xrv224xrv223xrv225xrv226xrv227xrv228xrv229"]]
  [1m[36mPlace Load (0.2ms)[0m  [1mSELECT "places".* FROM "places" WHERE "places"."id" = 1130 LIMIT 1[0m
  [1m[35m (1.0ms)[0m  SELECT COUNT(*) FROM "route_indices" WHERE (url = 'xrv210xrv211xrv213xrv214xrv216xrv217xrv218xrv22xrv272xrv224xrv223xrv225xrv226xrv227xrv-240')
  [1m[36mPlaceType Load (0.2ms)[0m  [1mselect * from place_types where name='Junction'[0m
  [1m[35mSQL (0.4ms)[0m  INSERT INTO "route_indices" ("created_at", "endplace_id", "isDest", "startplace_id", "updated_at", "url") VALUES ($1, $2, $3, $4, $5, $6) RETURNING "id"  [["created_at", Mon, 27 Oct 2014 10:08:10 NZDT +13:00], ["endplace_id", 1130], ["isDest", false], ["startplace_id", 397], ["updated_at", Mon, 27 Oct 2014 10:08:10 NZDT +13:00], ["url", "xrv210xrv211xrv213xrv214xrv216xrv217xrv218xrv22xrv272xrv224xrv223xrv225xrv226xrv227xrv-240"]]
  [1m[36mPlace Load (0.3ms)[0m  [1mSELECT "places".* FROM "places" WHERE "places"."id" = 45 LIMIT 1[0m
  [1m[35m (1.1ms)[0m  SELECT COUNT(*) FROM "route_indices" WHERE (url = 'xrv210xrv211xrv213xrv214xrv216xrv217xrv218xrv22xrv272xrv224xrv-237xrv238xrv221xrv21xrv220xrv231')
  [1m[36mPlaceType Load (0.2ms)[0m  [1mselect * from place_types where name='Hut'[0m
  [1m[35mSQL (0.4ms)[0m  INSERT INTO "route_indices" ("created_at", "endplace_id", "isDest", "startplace_id", "updated_at", "url") VALUES ($1, $2, $3, $4, $5, $6) RETURNING "id"  [["created_at", Mon, 27 Oct 2014 10:08:10 NZDT +13:00], ["endplace_id", 45], ["isDest", true], ["startplace_id", 397], ["updated_at", Mon, 27 Oct 2014 10:08:10 NZDT +13:00], ["url", "xrv210xrv211xrv213xrv214xrv216xrv217xrv218xrv22xrv272xrv224xrv-237xrv238xrv221xrv21xrv220xrv231"]]
  [1m[36mPlace Load (3.8ms)[0m  [1mSELECT "places".* FROM "places" WHERE "places"."id" = 1125 LIMIT 1[0m
  [1m[35mPlaceType Load (0.3ms)[0m  select name, "isDest" from place_types
  [1m[36mRoute Load (0.5ms)[0m  [1mSELECT "routes".* FROM "routes" WHERE "routes"."id" = 223 LIMIT 1[0m
  [1m[35mPlace Load (0.3ms)[0m  SELECT "places".* FROM "places" WHERE "places"."id" = $1 LIMIT 1  [["id", 1123]]
  [1m[36mPlace Load (0.2ms)[0m  [1mSELECT "places".* FROM "places" WHERE "places"."id" = $1 LIMIT 1[0m  [["id", 1124]]
  [1m[35mRoute Load (0.3ms)[0m  SELECT "routes".* FROM "routes" WHERE "routes"."id" = 237 LIMIT 1
  [1m[36mCACHE (0.0ms)[0m  [1mSELECT "places".* FROM "places" WHERE "places"."id" = $1 LIMIT 1[0m  [["id", 1124]]
  [1m[35mPlace Load (0.2ms)[0m  SELECT "places".* FROM "places" WHERE "places"."id" = $1 LIMIT 1  [["id", 1129]]
  [1m[36mRoute Load (0.3ms)[0m  [1mSELECT "routes".* FROM "routes" WHERE "routes"."id" = 235 LIMIT 1[0m
  [1m[35mCACHE (0.0ms)[0m  SELECT "places".* FROM "places" WHERE "places"."id" = $1 LIMIT 1  [["id", 1129]]
  [1m[36mPlace Load (0.2ms)[0m  [1mSELECT "places".* FROM "places" WHERE "places"."id" = $1 LIMIT 1[0m  [["id", 207]]
  [1m[35mRoute Load (0.3ms)[0m  SELECT "routes".* FROM "routes" WHERE "routes"."id" = 234 LIMIT 1
  [1m[36mCACHE (0.0ms)[0m  [1mSELECT "places".* FROM "places" WHERE "places"."id" = $1 LIMIT 1[0m  [["id", 207]]
  [1m[35mPlace Load (0.2ms)[0m  SELECT "places".* FROM "places" WHERE "places"."id" = $1 LIMIT 1  [["id", 650]]
  [1m[36mRoute Load (0.3ms)[0m  [1mSELECT "routes".* FROM "routes" WHERE "routes"."id" = 233 LIMIT 1[0m
  [1m[35mCACHE (0.0ms)[0m  SELECT "places".* FROM "places" WHERE "places"."id" = $1 LIMIT 1  [["id", 650]]
  [1m[36mPlace Load (0.2ms)[0m  [1mSELECT "places".* FROM "places" WHERE "places"."id" = $1 LIMIT 1[0m  [["id", 45]]
  [1m[35mRoute Load (0.3ms)[0m  SELECT "routes".* FROM "routes" WHERE "routes"."id" = 231 LIMIT 1
  [1m[36mCACHE (0.0ms)[0m  [1mSELECT "places".* FROM "places" WHERE "places"."id" = $1 LIMIT 1[0m  [["id", 45]]
  [1m[35mPlace Load (0.2ms)[0m  SELECT "places".* FROM "places" WHERE "places"."id" = $1 LIMIT 1  [["id", 976]]
  [1m[36mRoute Load (0.3ms)[0m  [1mSELECT "routes".* FROM "routes" WHERE "routes"."id" = 219 LIMIT 1[0m
  [1m[35mCACHE (0.0ms)[0m  SELECT "places".* FROM "places" WHERE "places"."id" = $1 LIMIT 1  [["id", 976]]
  [1m[36mPlace Load (0.2ms)[0m  [1mSELECT "places".* FROM "places" WHERE "places"."id" = $1 LIMIT 1[0m  [["id", 1119]]
  [1m[35mRoute Load (0.3ms)[0m  SELECT "routes".* FROM "routes" WHERE "routes"."id" = 22 LIMIT 1
  [1m[36mRoute Load (0.3ms)[0m  [1mSELECT "routes".* FROM "routes" WHERE "routes"."id" = 272 LIMIT 1[0m
  [1m[35mPlace Load (0.3ms)[0m  SELECT "places".* FROM "places" WHERE "places"."id" = 974 LIMIT 1
  [1m[36mCACHE (0.0ms)[0m  [1mSELECT "places".* FROM "places" WHERE "places"."id" = 974 LIMIT 1[0m
  [1m[35mRoute Load (0.3ms)[0m  select * from routes where startplace_id = 974
  [1m[36mRoute Load (0.3ms)[0m  [1mselect * from routes where endplace_id = 974[0m
  [1m[35mPlace Load (0.2ms)[0m  SELECT "places".* FROM "places" WHERE "places"."id" = $1 LIMIT 1  [["id", 974]]
  [1m[36mPlace Load (0.2ms)[0m  [1mSELECT "places".* FROM "places" WHERE "places"."id" = $1 LIMIT 1[0m  [["id", 471]]
  [1m[35mPlace Load (0.3ms)[0m  SELECT "places".* FROM "places" WHERE "places"."id" = $1 LIMIT 1  [["id", 1130]]
  [1m[36mCACHE (0.0ms)[0m  [1mSELECT "places".* FROM "places" WHERE "places"."id" = $1 LIMIT 1[0m  [["id", 1124]]
  [1m[35mPlace Load (0.3ms)[0m  SELECT "places".* FROM "places" WHERE "places"."id" = 1130 LIMIT 1
  [1m[36mRoute Load (0.3ms)[0m  [1mselect * from routes where startplace_id = 1130[0m
  [1m[35mRoute Load (0.3ms)[0m  select * from routes where endplace_id = 1130
  [1m[36mCACHE (0.0ms)[0m  [1mSELECT "places".* FROM "places" WHERE "places"."id" = $1 LIMIT 1[0m  [["id", 1130]]
  [1m[35mCACHE (0.0ms)[0m  SELECT "places".* FROM "places" WHERE "places"."id" = $1 LIMIT 1  [["id", 974]]
  [1m[36mPlace Load (0.2ms)[0m  [1mSELECT "places".* FROM "places" WHERE "places"."id" = $1 LIMIT 1[0m  [["id", 1126]]
  [1m[35mPlace Load (0.2ms)[0m  SELECT "places".* FROM "places" WHERE "places"."id" = 1126 LIMIT 1
  [1m[36mRoute Load (0.3ms)[0m  [1mselect * from routes where startplace_id = 1126[0m
  [1m[35mRoute Load (0.3ms)[0m  select * from routes where endplace_id = 1126
  [1m[36mCACHE (0.0ms)[0m  [1mSELECT "places".* FROM "places" WHERE "places"."id" = $1 LIMIT 1[0m  [["id", 1126]]
  [1m[35mCACHE (0.0ms)[0m  SELECT "places".* FROM "places" WHERE "places"."id" = $1 LIMIT 1  [["id", 1130]]
  [1m[36mCACHE (0.0ms)[0m  [1mSELECT "places".* FROM "places" WHERE "places"."id" = $1 LIMIT 1[0m  [["id", 1126]]
  [1m[35mPlace Load (0.2ms)[0m  SELECT "places".* FROM "places" WHERE "places"."id" = $1 LIMIT 1  [["id", 769]]
  [1m[36mPlace Load (0.2ms)[0m  [1mSELECT "places".* FROM "places" WHERE "places"."id" = $1 LIMIT 1[0m  [["id", 1127]]
  [1m[35mPlace Load (0.2ms)[0m  SELECT "places".* FROM "places" WHERE "places"."id" = 1127 LIMIT 1
  [1m[36mRoute Load (0.3ms)[0m  [1mselect * from routes where startplace_id = 1127[0m
  [1m[35mRoute Load (0.3ms)[0m  select * from routes where endplace_id = 1127
  [1m[36mCACHE (0.0ms)[0m  [1mSELECT "places".* FROM "places" WHERE "places"."id" = $1 LIMIT 1[0m  [["id", 1127]]
  [1m[35mCACHE (0.0ms)[0m  SELECT "places".* FROM "places" WHERE "places"."id" = $1 LIMIT 1  [["id", 1126]]
  [1m[36mPlace Load (0.2ms)[0m  [1mSELECT "places".* FROM "places" WHERE "places"."id" = $1 LIMIT 1[0m  [["id", 419]]
  [1m[35mPlace Load (0.3ms)[0m  SELECT "places".* FROM "places" WHERE "places"."id" = 769 LIMIT 1
  [1m[36mRoute Load (0.3ms)[0m  [1mselect * from routes where startplace_id = 769[0m
  [1m[35mRoute Load (0.3ms)[0m  select * from routes where endplace_id = 769
  [1m[36mCACHE (0.0ms)[0m  [1mSELECT "places".* FROM "places" WHERE "places"."id" = $1 LIMIT 1[0m  [["id", 769]]
  [1m[35mPlace Load (0.2ms)[0m  SELECT "places".* FROM "places" WHERE "places"."id" = $1 LIMIT 1  [["id", 1125]]
  [1m[36mCACHE (0.0ms)[0m  [1mSELECT "places".* FROM "places" WHERE "places"."id" = $1 LIMIT 1[0m  [["id", 1126]]
  [1m[35mPlace Load (0.3ms)[0m  SELECT "places".* FROM "places" WHERE "places"."id" = 419 LIMIT 1
  [1m[36mRoute Load (0.3ms)[0m  [1mselect * from routes where startplace_id = 419[0m
  [1m[35mRoute Load (0.3ms)[0m  select * from routes where endplace_id = 419
  [1m[36mCACHE (0.0ms)[0m  [1mSELECT "places".* FROM "places" WHERE "places"."id" = $1 LIMIT 1[0m  [["id", 419]]
  [1m[35mCACHE (0.0ms)[0m  SELECT "places".* FROM "places" WHERE "places"."id" = $1 LIMIT 1  [["id", 1127]]
  [1m[36mPlace Load (0.2ms)[0m  [1mSELECT "places".* FROM "places" WHERE "places"."id" = $1 LIMIT 1[0m  [["id", 1128]]
  [1m[35mPlace Load (0.3ms)[0m  SELECT "places".* FROM "places" WHERE "places"."id" = 1128 LIMIT 1
  [1m[36mRoute Load (0.2ms)[0m  [1mselect * from routes where startplace_id = 1128[0m
  [1m[35mRoute Load (0.3ms)[0m  select * from routes where endplace_id = 1128
  [1m[36mCACHE (0.0ms)[0m  [1mSELECT "places".* FROM "places" WHERE "places"."id" = $1 LIMIT 1[0m  [["id", 1128]]
  [1m[35mCACHE (0.0ms)[0m  SELECT "places".* FROM "places" WHERE "places"."id" = $1 LIMIT 1  [["id", 419]]
BNewroutes
1125
{:place=>974, :route=>[272, 22, -219, -231, -233, -234, -235, -237, -223], :url=>"xrv-225xrv-223xrv-237xrv-235xrv-234xrv-233xrv-231xrv-219xrv22xrv272"}
{:place=>769, :route=>[-227, 240, 239, 272, 22, -219, -231, -233, -234, -235, -237, -223], :url=>"xrv-225xrv-223xrv-237xrv-235xrv-234xrv-233xrv-231xrv-219xrv22xrv272xrv239xrv240xrv-227"}
{:place=>419, :route=>[229, 228, 240, 239, 272, 22, -219, -231, -233, -234, -235, -237, -223], :url=>"xrv-225xrv-223xrv-237xrv-235xrv-234xrv-233xrv-231xrv-219xrv22xrv272xrv239xrv240xrv228xrv229"}
{:place=>1128, :route=>[230, 229, 228, 240, 239, 272, 22, -219, -231, -233, -234, -235, -237, -223], :url=>"xrv-225xrv-223xrv-237xrv-235xrv-234xrv-233xrv-231xrv-219xrv22xrv272xrv239xrv240xrv228xrv229xrv230"}
  [1m[36mCACHE (0.0ms)[0m  [1mSELECT "places".* FROM "places" WHERE "places"."id" = 974 LIMIT 1[0m
  [1m[35m (1.4ms)[0m  SELECT COUNT(*) FROM "route_indices" WHERE (url = 'xrv-225xrv-223xrv-237xrv-235xrv-234xrv-233xrv-231xrv-219xrv22xrv272')
  [1m[36mPlaceType Load (0.2ms)[0m  [1mselect * from place_types where name='Roadend'[0m
  [1m[35mSQL (0.6ms)[0m  INSERT INTO "route_indices" ("created_at", "endplace_id", "isDest", "startplace_id", "updated_at", "url") VALUES ($1, $2, $3, $4, $5, $6) RETURNING "id"  [["created_at", Mon, 27 Oct 2014 10:08:10 NZDT +13:00], ["endplace_id", 974], ["isDest", true], ["startplace_id", 1125], ["updated_at", Mon, 27 Oct 2014 10:08:10 NZDT +13:00], ["url", "xrv-225xrv-223xrv-237xrv-235xrv-234xrv-233xrv-231xrv-219xrv22xrv272"]]
  [1m[36mPlace Load (0.3ms)[0m  [1mSELECT "places".* FROM "places" WHERE "places"."id" = 769 LIMIT 1[0m
  [1m[35m (1.1ms)[0m  SELECT COUNT(*) FROM "route_indices" WHERE (url = 'xrv-225xrv-223xrv-237xrv-235xrv-234xrv-233xrv-231xrv-219xrv22xrv272xrv239xrv240xrv-227')
  [1m[36mPlaceType Load (0.2ms)[0m  [1mselect * from place_types where name='Hut'[0m
  [1m[35mSQL (0.3ms)[0m  INSERT INTO "route_indices" ("created_at", "endplace_id", "isDest", "startplace_id", "updated_at", "url") VALUES ($1, $2, $3, $4, $5, $6) RETURNING "id"  [["created_at", Mon, 27 Oct 2014 10:08:10 NZDT +13:00], ["endplace_id", 769], ["isDest", true], ["startplace_id", 1125], ["updated_at", Mon, 27 Oct 2014 10:08:10 NZDT +13:00], ["url", "xrv-225xrv-223xrv-237xrv-235xrv-234xrv-233xrv-231xrv-219xrv22xrv272xrv239xrv240xrv-227"]]
  [1m[36mPlace Load (0.3ms)[0m  [1mSELECT "places".* FROM "places" WHERE "places"."id" = 419 LIMIT 1[0m
  [1m[35m (1.1ms)[0m  SELECT COUNT(*) FROM "route_indices" WHERE (url = 'xrv-225xrv-223xrv-237xrv-235xrv-234xrv-233xrv-231xrv-219xrv22xrv272xrv239xrv240xrv228xrv229')
  [1m[36mPlaceType Load (0.2ms)[0m  [1mselect * from place_types where name='Hut'[0m
  [1m[35mSQL (0.3ms)[0m  INSERT INTO "route_indices" ("created_at", "endplace_id", "isDest", "startplace_id", "updated_at", "url") VALUES ($1, $2, $3, $4, $5, $6) RETURNING "id"  [["created_at", Mon, 27 Oct 2014 10:08:10 NZDT +13:00], ["endplace_id", 419], ["isDest", true], ["startplace_id", 1125], ["updated_at", Mon, 27 Oct 2014 10:08:10 NZDT +13:00], ["url", "xrv-225xrv-223xrv-237xrv-235xrv-234xrv-233xrv-231xrv-219xrv22xrv272xrv239xrv240xrv228xrv229"]]
  [1m[36mPlace Load (0.3ms)[0m  [1mSELECT "places".* FROM "places" WHERE "places"."id" = 1128 LIMIT 1[0m
  [1m[35m (1.1ms)[0m  SELECT COUNT(*) FROM "route_indices" WHERE (url = 'xrv-225xrv-223xrv-237xrv-235xrv-234xrv-233xrv-231xrv-219xrv22xrv272xrv239xrv240xrv228xrv229xrv230')
  [1m[36mPlaceType Load (0.2ms)[0m  [1mselect * from place_types where name='Roadend'[0m
  [1m[35mSQL (0.4ms)[0m  INSERT INTO "route_indices" ("created_at", "endplace_id", "isDest", "startplace_id", "updated_at", "url") VALUES ($1, $2, $3, $4, $5, $6) RETURNING "id"  [["created_at", Mon, 27 Oct 2014 10:08:10 NZDT +13:00], ["endplace_id", 1128], ["isDest", true], ["startplace_id", 1125], ["updated_at", Mon, 27 Oct 2014 10:08:10 NZDT +13:00], ["url", "xrv-225xrv-223xrv-237xrv-235xrv-234xrv-233xrv-231xrv-219xrv22xrv272xrv239xrv240xrv228xrv229xrv230"]]
  [1m[36mPlace Load (0.3ms)[0m  [1mSELECT "places".* FROM "places" WHERE "places"."id" = 1125 LIMIT 1[0m
  [1m[35mPlaceType Load (0.2ms)[0m  select name, "isDest" from place_types
  [1m[36mRoute Load (0.3ms)[0m  [1mSELECT "routes".* FROM "routes" WHERE "routes"."id" = 222 LIMIT 1[0m
  [1m[35mRoute Load (0.3ms)[0m  SELECT "routes".* FROM "routes" WHERE "routes"."id" = 238 LIMIT 1
  [1m[36mPlace Load (0.2ms)[0m  [1mSELECT "places".* FROM "places" WHERE "places"."id" = $1 LIMIT 1[0m  [["id", 975]]
  [1m[35mPlace Load (0.2ms)[0m  SELECT "places".* FROM "places" WHERE "places"."id" = $1 LIMIT 1  [["id", 1129]]
  [1m[36mRoute Load (0.3ms)[0m  [1mSELECT "routes".* FROM "routes" WHERE "routes"."id" = 235 LIMIT 1[0m
  [1m[35mCACHE (0.0ms)[0m  SELECT "places".* FROM "places" WHERE "places"."id" = $1 LIMIT 1  [["id", 1129]]
  [1m[36mPlace Load (0.2ms)[0m  [1mSELECT "places".* FROM "places" WHERE "places"."id" = $1 LIMIT 1[0m  [["id", 207]]
  [1m[35mRoute Load (0.3ms)[0m  SELECT "routes".* FROM "routes" WHERE "routes"."id" = 234 LIMIT 1
  [1m[36mCACHE (0.0ms)[0m  [1mSELECT "places".* FROM "places" WHERE "places"."id" = $1 LIMIT 1[0m  [["id", 207]]
  [1m[35mPlace Load (0.2ms)[0m  SELECT "places".* FROM "places" WHERE "places"."id" = $1 LIMIT 1  [["id", 650]]
  [1m[36mRoute Load (0.3ms)[0m  [1mSELECT "routes".* FROM "routes" WHERE "routes"."id" = 233 LIMIT 1[0m
  [1m[35mCACHE (0.0ms)[0m  SELECT "places".* FROM "places" WHERE "places"."id" = $1 LIMIT 1  [["id", 650]]
  [1m[36mPlace Load (0.2ms)[0m  [1mSELECT "places".* FROM "places" WHERE "places"."id" = $1 LIMIT 1[0m  [["id", 45]]
  [1m[35mRoute Load (0.4ms)[0m  SELECT "routes".* FROM "routes" WHERE "routes"."id" = 231 LIMIT 1
  [1m[36mCACHE (0.0ms)[0m  [1mSELECT "places".* FROM "places" WHERE "places"."id" = $1 LIMIT 1[0m  [["id", 45]]
  [1m[35mPlace Load (0.2ms)[0m  SELECT "places".* FROM "places" WHERE "places"."id" = $1 LIMIT 1  [["id", 976]]
  [1m[36mRoute Load (0.3ms)[0m  [1mSELECT "routes".* FROM "routes" WHERE "routes"."id" = 219 LIMIT 1[0m
  [1m[35mCACHE (0.0ms)[0m  SELECT "places".* FROM "places" WHERE "places"."id" = $1 LIMIT 1  [["id", 976]]
  [1m[36mPlace Load (0.2ms)[0m  [1mSELECT "places".* FROM "places" WHERE "places"."id" = $1 LIMIT 1[0m  [["id", 1119]]
  [1m[35mRoute Load (0.3ms)[0m  SELECT "routes".* FROM "routes" WHERE "routes"."id" = 22 LIMIT 1
  [1m[36mRoute Load (0.3ms)[0m  [1mSELECT "routes".* FROM "routes" WHERE "routes"."id" = 272 LIMIT 1[0m
  [1m[35mPlace Load (0.3ms)[0m  SELECT "places".* FROM "places" WHERE "places"."id" = 974 LIMIT 1
  [1m[36mCACHE (0.0ms)[0m  [1mSELECT "places".* FROM "places" WHERE "places"."id" = 974 LIMIT 1[0m
  [1m[35mRoute Load (0.3ms)[0m  select * from routes where startplace_id = 974
  [1m[36mRoute Load (0.3ms)[0m  [1mselect * from routes where endplace_id = 974[0m
  [1m[35mPlace Load (0.2ms)[0m  SELECT "places".* FROM "places" WHERE "places"."id" = $1 LIMIT 1  [["id", 974]]
  [1m[36mPlace Load (0.2ms)[0m  [1mSELECT "places".* FROM "places" WHERE "places"."id" = $1 LIMIT 1[0m  [["id", 471]]
  [1m[35mPlace Load (0.2ms)[0m  SELECT "places".* FROM "places" WHERE "places"."id" = $1 LIMIT 1  [["id", 1130]]
  [1m[36mPlace Load (0.2ms)[0m  [1mSELECT "places".* FROM "places" WHERE "places"."id" = $1 LIMIT 1[0m  [["id", 1124]]
  [1m[35mPlace Load (0.3ms)[0m  SELECT "places".* FROM "places" WHERE "places"."id" = 1130 LIMIT 1
  [1m[36mRoute Load (0.3ms)[0m  [1mselect * from routes where startplace_id = 1130[0m
  [1m[35mRoute Load (0.3ms)[0m  select * from routes where endplace_id = 1130
  [1m[36mCACHE (0.0ms)[0m  [1mSELECT "places".* FROM "places" WHERE "places"."id" = $1 LIMIT 1[0m  [["id", 1130]]
  [1m[35mCACHE (0.0ms)[0m  SELECT "places".* FROM "places" WHERE "places"."id" = $1 LIMIT 1  [["id", 974]]
  [1m[36mPlace Load (0.2ms)[0m  [1mSELECT "places".* FROM "places" WHERE "places"."id" = $1 LIMIT 1[0m  [["id", 1126]]
  [1m[35mPlace Load (0.3ms)[0m  SELECT "places".* FROM "places" WHERE "places"."id" = 1124 LIMIT 1
  [1m[36mRoute Load (0.3ms)[0m  [1mselect * from routes where startplace_id = 1124[0m
  [1m[35mRoute Load (0.3ms)[0m  select * from routes where endplace_id = 1124
  [1m[36mCACHE (0.0ms)[0m  [1mSELECT "places".* FROM "places" WHERE "places"."id" = $1 LIMIT 1[0m  [["id", 1124]]
  [1m[35mCACHE (0.0ms)[0m  SELECT "places".* FROM "places" WHERE "places"."id" = $1 LIMIT 1  [["id", 1129]]
  [1m[36mCACHE (0.0ms)[0m  [1mSELECT "places".* FROM "places" WHERE "places"."id" = $1 LIMIT 1[0m  [["id", 1124]]
  [1m[35mCACHE (0.0ms)[0m  SELECT "places".* FROM "places" WHERE "places"."id" = $1 LIMIT 1  [["id", 974]]
  [1m[36mPlace Load (0.2ms)[0m  [1mSELECT "places".* FROM "places" WHERE "places"."id" = $1 LIMIT 1[0m  [["id", 1123]]
  [1m[35mPlace Load (0.3ms)[0m  SELECT "places".* FROM "places" WHERE "places"."id" = 1126 LIMIT 1
  [1m[36mRoute Load (0.3ms)[0m  [1mselect * from routes where startplace_id = 1126[0m
  [1m[35mRoute Load (0.3ms)[0m  select * from routes where endplace_id = 1126
  [1m[36mCACHE (0.0ms)[0m  [1mSELECT "places".* FROM "places" WHERE "places"."id" = $1 LIMIT 1[0m  [["id", 1126]]
  [1m[35mCACHE (0.0ms)[0m  SELECT "places".* FROM "places" WHERE "places"."id" = $1 LIMIT 1  [["id", 1130]]
  [1m[36mCACHE (0.0ms)[0m  [1mSELECT "places".* FROM "places" WHERE "places"."id" = $1 LIMIT 1[0m  [["id", 1126]]
  [1m[35mPlace Load (0.2ms)[0m  SELECT "places".* FROM "places" WHERE "places"."id" = $1 LIMIT 1  [["id", 769]]
  [1m[36mPlace Load (0.2ms)[0m  [1mSELECT "places".* FROM "places" WHERE "places"."id" = $1 LIMIT 1[0m  [["id", 1127]]
  [1m[35mPlace Load (0.3ms)[0m  SELECT "places".* FROM "places" WHERE "places"."id" = 1123 LIMIT 1
  [1m[36mRoute Load (0.3ms)[0m  [1mselect * from routes where startplace_id = 1123[0m
  [1m[35mRoute Load (0.3ms)[0m  select * from routes where endplace_id = 1123
  [1m[36mCACHE (0.0ms)[0m  [1mSELECT "places".* FROM "places" WHERE "places"."id" = $1 LIMIT 1[0m  [["id", 1123]]
  [1m[35mCACHE (0.0ms)[0m  SELECT "places".* FROM "places" WHERE "places"."id" = $1 LIMIT 1  [["id", 1124]]
  [1m[36mCACHE (0.0ms)[0m  [1mSELECT "places".* FROM "places" WHERE "places"."id" = $1 LIMIT 1[0m  [["id", 975]]
  [1m[35mPlace Load (0.2ms)[0m  SELECT "places".* FROM "places" WHERE "places"."id" = $1 LIMIT 1  [["id", 1125]]
  [1m[36mPlace Load (0.3ms)[0m  [1mSELECT "places".* FROM "places" WHERE "places"."id" = 1127 LIMIT 1[0m
  [1m[35mRoute Load (0.3ms)[0m  select * from routes where startplace_id = 1127
  [1m[36mRoute Load (0.3ms)[0m  [1mselect * from routes where endplace_id = 1127[0m
  [1m[35mCACHE (0.0ms)[0m  SELECT "places".* FROM "places" WHERE "places"."id" = $1 LIMIT 1  [["id", 1127]]
  [1m[36mCACHE (0.0ms)[0m  [1mSELECT "places".* FROM "places" WHERE "places"."id" = $1 LIMIT 1[0m  [["id", 1126]]
  [1m[35mPlace Load (0.2ms)[0m  SELECT "places".* FROM "places" WHERE "places"."id" = $1 LIMIT 1  [["id", 419]]
  [1m[36mPlace Load (0.2ms)[0m  [1mSELECT "places".* FROM "places" WHERE "places"."id" = 769 LIMIT 1[0m
  [1m[35mRoute Load (0.3ms)[0m  select * from routes where startplace_id = 769
  [1m[36mRoute Load (0.3ms)[0m  [1mselect * from routes where endplace_id = 769[0m
  [1m[35mCACHE (0.0ms)[0m  SELECT "places".* FROM "places" WHERE "places"."id" = $1 LIMIT 1  [["id", 769]]
  [1m[36mCACHE (0.0ms)[0m  [1mSELECT "places".* FROM "places" WHERE "places"."id" = $1 LIMIT 1[0m  [["id", 1125]]
  [1m[35mCACHE (0.0ms)[0m  SELECT "places".* FROM "places" WHERE "places"."id" = $1 LIMIT 1  [["id", 1126]]
  [1m[36mPlace Load (0.3ms)[0m  [1mSELECT "places".* FROM "places" WHERE "places"."id" = 419 LIMIT 1[0m
  [1m[35mRoute Load (0.3ms)[0m  select * from routes where startplace_id = 419
  [1m[36mRoute Load (0.3ms)[0m  [1mselect * from routes where endplace_id = 419[0m
  [1m[35mCACHE (0.0ms)[0m  SELECT "places".* FROM "places" WHERE "places"."id" = $1 LIMIT 1  [["id", 419]]
  [1m[36mCACHE (0.0ms)[0m  [1mSELECT "places".* FROM "places" WHERE "places"."id" = $1 LIMIT 1[0m  [["id", 1127]]
  [1m[35mPlace Load (0.2ms)[0m  SELECT "places".* FROM "places" WHERE "places"."id" = $1 LIMIT 1  [["id", 1128]]
  [1m[36mPlace Load (0.3ms)[0m  [1mSELECT "places".* FROM "places" WHERE "places"."id" = 1128 LIMIT 1[0m
  [1m[35mRoute Load (0.3ms)[0m  select * from routes where startplace_id = 1128
  [1m[36mRoute Load (0.3ms)[0m  [1mselect * from routes where endplace_id = 1128[0m
  [1m[35mCACHE (0.0ms)[0m  SELECT "places".* FROM "places" WHERE "places"."id" = $1 LIMIT 1  [["id", 1128]]
  [1m[36mCACHE (0.0ms)[0m  [1mSELECT "places".* FROM "places" WHERE "places"."id" = $1 LIMIT 1[0m  [["id", 419]]
BNewroutes
1125
{:place=>974, :route=>[272, 22, -219, -231, -233, -234, -235, -238, 222], :url=>"xrv-225xrv222xrv-238xrv-235xrv-234xrv-233xrv-231xrv-219xrv22xrv272"}
{:place=>769, :route=>[-227, 240, 239, 272, 22, -219, -231, -233, -234, -235, -238, 222], :url=>"xrv-225xrv222xrv-238xrv-235xrv-234xrv-233xrv-231xrv-219xrv22xrv272xrv239xrv240xrv-227"}
{:place=>1123, :route=>[223, 224, 272, 22, -219, -231, -233, -234, -235, -238, 222], :url=>"xrv-225xrv222xrv-238xrv-235xrv-234xrv-233xrv-231xrv-219xrv22xrv272xrv224xrv223"}
{:place=>419, :route=>[229, 228, 240, 239, 272, 22, -219, -231, -233, -234, -235, -238, 222], :url=>"xrv-225xrv222xrv-238xrv-235xrv-234xrv-233xrv-231xrv-219xrv22xrv272xrv239xrv240xrv228xrv229"}
{:place=>1128, :route=>[230, 229, 228, 240, 239, 272, 22, -219, -231, -233, -234, -235, -238, 222], :url=>"xrv-225xrv222xrv-238xrv-235xrv-234xrv-233xrv-231xrv-219xrv22xrv272xrv239xrv240xrv228xrv229xrv230"}
  [1m[35mCACHE (0.0ms)[0m  SELECT "places".* FROM "places" WHERE "places"."id" = 974 LIMIT 1
  [1m[36m (1.3ms)[0m  [1mSELECT COUNT(*) FROM "route_indices" WHERE (url = 'xrv-225xrv222xrv-238xrv-235xrv-234xrv-233xrv-231xrv-219xrv22xrv272')[0m
  [1m[35mPlaceType Load (0.2ms)[0m  select * from place_types where name='Roadend'
  [1m[36mSQL (0.5ms)[0m  [1mINSERT INTO "route_indices" ("created_at", "endplace_id", "isDest", "startplace_id", "updated_at", "url") VALUES ($1, $2, $3, $4, $5, $6) RETURNING "id"[0m  [["created_at", Mon, 27 Oct 2014 10:08:11 NZDT +13:00], ["endplace_id", 974], ["isDest", true], ["startplace_id", 1125], ["updated_at", Mon, 27 Oct 2014 10:08:11 NZDT +13:00], ["url", "xrv-225xrv222xrv-238xrv-235xrv-234xrv-233xrv-231xrv-219xrv22xrv272"]]
  [1m[35mPlace Load (0.3ms)[0m  SELECT "places".* FROM "places" WHERE "places"."id" = 769 LIMIT 1
  [1m[36m (1.1ms)[0m  [1mSELECT COUNT(*) FROM "route_indices" WHERE (url = 'xrv-225xrv222xrv-238xrv-235xrv-234xrv-233xrv-231xrv-219xrv22xrv272xrv239xrv240xrv-227')[0m
  [1m[35mPlaceType Load (0.2ms)[0m  select * from place_types where name='Hut'
  [1m[36mSQL (0.4ms)[0m  [1mINSERT INTO "route_indices" ("created_at", "endplace_id", "isDest", "startplace_id", "updated_at", "url") VALUES ($1, $2, $3, $4, $5, $6) RETURNING "id"[0m  [["created_at", Mon, 27 Oct 2014 10:08:11 NZDT +13:00], ["endplace_id", 769], ["isDest", true], ["startplace_id", 1125], ["updated_at", Mon, 27 Oct 2014 10:08:11 NZDT +13:00], ["url", "xrv-225xrv222xrv-238xrv-235xrv-234xrv-233xrv-231xrv-219xrv22xrv272xrv239xrv240xrv-227"]]
  [1m[35mPlace Load (0.3ms)[0m  SELECT "places".* FROM "places" WHERE "places"."id" = 1123 LIMIT 1
  [1m[36m (1.1ms)[0m  [1mSELECT COUNT(*) FROM "route_indices" WHERE (url = 'xrv-225xrv222xrv-238xrv-235xrv-234xrv-233xrv-231xrv-219xrv22xrv272xrv224xrv223')[0m
  [1m[35mPlaceType Load (0.2ms)[0m  select * from place_types where name='Junction'
  [1m[36mSQL (0.4ms)[0m  [1mINSERT INTO "route_indices" ("created_at", "endplace_id", "isDest", "startplace_id", "updated_at", "url") VALUES ($1, $2, $3, $4, $5, $6) RETURNING "id"[0m  [["created_at", Mon, 27 Oct 2014 10:08:11 NZDT +13:00], ["endplace_id", 1123], ["isDest", false], ["startplace_id", 1125], ["updated_at", Mon, 27 Oct 2014 10:08:11 NZDT +13:00], ["url", "xrv-225xrv222xrv-238xrv-235xrv-234xrv-233xrv-231xrv-219xrv22xrv272xrv224xrv223"]]
  [1m[35mPlace Load (0.3ms)[0m  SELECT "places".* FROM "places" WHERE "places"."id" = 419 LIMIT 1
  [1m[36m (1.0ms)[0m  [1mSELECT COUNT(*) FROM "route_indices" WHERE (url = 'xrv-225xrv222xrv-238xrv-235xrv-234xrv-233xrv-231xrv-219xrv22xrv272xrv239xrv240xrv228xrv229')[0m
  [1m[35mPlaceType Load (0.2ms)[0m  select * from place_types where name='Hut'
  [1m[36mSQL (0.3ms)[0m  [1mINSERT INTO "route_indices" ("created_at", "endplace_id", "isDest", "startplace_id", "updated_at", "url") VALUES ($1, $2, $3, $4, $5, $6) RETURNING "id"[0m  [["created_at", Mon, 27 Oct 2014 10:08:11 NZDT +13:00], ["endplace_id", 419], ["isDest", true], ["startplace_id", 1125], ["updated_at", Mon, 27 Oct 2014 10:08:11 NZDT +13:00], ["url", "xrv-225xrv222xrv-238xrv-235xrv-234xrv-233xrv-231xrv-219xrv22xrv272xrv239xrv240xrv228xrv229"]]
  [1m[35mPlace Load (0.3ms)[0m  SELECT "places".* FROM "places" WHERE "places"."id" = 1128 LIMIT 1
  [1m[36m (1.1ms)[0m  [1mSELECT COUNT(*) FROM "route_indices" WHERE (url = 'xrv-225xrv222xrv-238xrv-235xrv-234xrv-233xrv-231xrv-219xrv22xrv272xrv239xrv240xrv228xrv229xrv230')[0m
  [1m[35mPlaceType Load (0.2ms)[0m  select * from place_types where name='Roadend'
  [1m[36mSQL (0.4ms)[0m  [1mINSERT INTO "route_indices" ("created_at", "endplace_id", "isDest", "startplace_id", "updated_at", "url") VALUES ($1, $2, $3, $4, $5, $6) RETURNING "id"[0m  [["created_at", Mon, 27 Oct 2014 10:08:11 NZDT +13:00], ["endplace_id", 1128], ["isDest", true], ["startplace_id", 1125], ["updated_at", Mon, 27 Oct 2014 10:08:11 NZDT +13:00], ["url", "xrv-225xrv222xrv-238xrv-235xrv-234xrv-233xrv-231xrv-219xrv22xrv272xrv239xrv240xrv228xrv229xrv230"]]
  [1m[35mPlace Load (0.3ms)[0m  SELECT "places".* FROM "places" WHERE "places"."id" = 1125 LIMIT 1
  [1m[36mPlaceType Load (0.2ms)[0m  [1mselect name, "isDest" from place_types[0m
  [1m[35mRoute Load (0.3ms)[0m  SELECT "routes".* FROM "routes" WHERE "routes"."id" = 223 LIMIT 1
  [1m[36mPlace Load (0.2ms)[0m  [1mSELECT "places".* FROM "places" WHERE "places"."id" = $1 LIMIT 1[0m  [["id", 1123]]
  [1m[35mPlace Load (0.2ms)[0m  SELECT "places".* FROM "places" WHERE "places"."id" = $1 LIMIT 1  [["id", 1124]]
  [1m[36mRoute Load (0.3ms)[0m  [1mSELECT "routes".* FROM "routes" WHERE "routes"."id" = 237 LIMIT 1[0m
  [1m[35mCACHE (0.0ms)[0m  SELECT "places".* FROM "places" WHERE "places"."id" = $1 LIMIT 1  [["id", 1124]]
  [1m[36mPlace Load (0.2ms)[0m  [1mSELECT "places".* FROM "places" WHERE "places"."id" = $1 LIMIT 1[0m  [["id", 1129]]
  [1m[35mRoute Load (0.3ms)[0m  SELECT "routes".* FROM "routes" WHERE "routes"."id" = 238 LIMIT 1
  [1m[36mRoute Load (0.3ms)[0m  [1mSELECT "routes".* FROM "routes" WHERE "routes"."id" = 221 LIMIT 1[0m
  [1m[35mRoute Load (0.3ms)[0m  SELECT "routes".* FROM "routes" WHERE "routes"."id" = 21 LIMIT 1
  [1m[36mRoute Load (0.3ms)[0m  [1mSELECT "routes".* FROM "routes" WHERE "routes"."id" = 220 LIMIT 1[0m
  [1m[35mRoute Load (0.3ms)[0m  SELECT "routes".* FROM "routes" WHERE "routes"."id" = 219 LIMIT 1
  [1m[36mPlace Load (0.2ms)[0m  [1mSELECT "places".* FROM "places" WHERE "places"."id" = $1 LIMIT 1[0m  [["id", 976]]
  [1m[35mPlace Load (0.2ms)[0m  SELECT "places".* FROM "places" WHERE "places"."id" = $1 LIMIT 1  [["id", 1119]]
  [1m[36mRoute Load (0.3ms)[0m  [1mSELECT "routes".* FROM "routes" WHERE "routes"."id" = 22 LIMIT 1[0m
  [1m[35mRoute Load (0.3ms)[0m  SELECT "routes".* FROM "routes" WHERE "routes"."id" = 272 LIMIT 1
  [1m[36mPlace Load (0.2ms)[0m  [1mSELECT "places".* FROM "places" WHERE "places"."id" = 974 LIMIT 1[0m
  [1m[35mCACHE (0.0ms)[0m  SELECT "places".* FROM "places" WHERE "places"."id" = 974 LIMIT 1
  [1m[36mRoute Load (0.3ms)[0m  [1mselect * from routes where startplace_id = 974[0m
  [1m[35mRoute Load (0.3ms)[0m  select * from routes where endplace_id = 974
  [1m[36mPlace Load (0.2ms)[0m  [1mSELECT "places".* FROM "places" WHERE "places"."id" = $1 LIMIT 1[0m  [["id", 974]]
  [1m[35mPlace Load (0.2ms)[0m  SELECT "places".* FROM "places" WHERE "places"."id" = $1 LIMIT 1  [["id", 471]]
  [1m[36mPlace Load (0.2ms)[0m  [1mSELECT "places".* FROM "places" WHERE "places"."id" = $1 LIMIT 1[0m  [["id", 1130]]
  [1m[35mCACHE (0.0ms)[0m  SELECT "places".* FROM "places" WHERE "places"."id" = $1 LIMIT 1  [["id", 1124]]
  [1m[36mPlace Load (0.3ms)[0m  [1mSELECT "places".* FROM "places" WHERE "places"."id" = 1130 LIMIT 1[0m
  [1m[35mRoute Load (0.3ms)[0m  select * from routes where startplace_id = 1130
  [1m[36mRoute Load (0.3ms)[0m  [1mselect * from routes where endplace_id = 1130[0m
  [1m[35mCACHE (0.0ms)[0m  SELECT "places".* FROM "places" WHERE "places"."id" = $1 LIMIT 1  [["id", 1130]]
  [1m[36mCACHE (0.0ms)[0m  [1mSELECT "places".* FROM "places" WHERE "places"."id" = $1 LIMIT 1[0m  [["id", 974]]
  [1m[35mPlace Load (0.2ms)[0m  SELECT "places".* FROM "places" WHERE "places"."id" = $1 LIMIT 1  [["id", 1126]]
  [1m[36mPlace Load (0.3ms)[0m  [1mSELECT "places".* FROM "places" WHERE "places"."id" = 1126 LIMIT 1[0m
  [1m[35mRoute Load (0.3ms)[0m  select * from routes where startplace_id = 1126
  [1m[36mRoute Load (0.3ms)[0m  [1mselect * from routes where endplace_id = 1126[0m
  [1m[35mCACHE (0.0ms)[0m  SELECT "places".* FROM "places" WHERE "places"."id" = $1 LIMIT 1  [["id", 1126]]
  [1m[36mCACHE (0.0ms)[0m  [1mSELECT "places".* FROM "places" WHERE "places"."id" = $1 LIMIT 1[0m  [["id", 1130]]
  [1m[35mCACHE (0.0ms)[0m  SELECT "places".* FROM "places" WHERE "places"."id" = $1 LIMIT 1  [["id", 1126]]
  [1m[36mPlace Load (0.2ms)[0m  [1mSELECT "places".* FROM "places" WHERE "places"."id" = $1 LIMIT 1[0m  [["id", 769]]
  [1m[35mPlace Load (0.2ms)[0m  SELECT "places".* FROM "places" WHERE "places"."id" = $1 LIMIT 1  [["id", 1127]]
  [1m[36mPlace Load (0.2ms)[0m  [1mSELECT "places".* FROM "places" WHERE "places"."id" = 1127 LIMIT 1[0m
  [1m[35mRoute Load (0.3ms)[0m  select * from routes where startplace_id = 1127
  [1m[36mRoute Load (0.3ms)[0m  [1mselect * from routes where endplace_id = 1127[0m
  [1m[35mCACHE (0.0ms)[0m  SELECT "places".* FROM "places" WHERE "places"."id" = $1 LIMIT 1  [["id", 1127]]
  [1m[36mCACHE (0.0ms)[0m  [1mSELECT "places".* FROM "places" WHERE "places"."id" = $1 LIMIT 1[0m  [["id", 1126]]
  [1m[35mPlace Load (0.5ms)[0m  SELECT "places".* FROM "places" WHERE "places"."id" = $1 LIMIT 1  [["id", 419]]
  [1m[36mPlace Load (0.4ms)[0m  [1mSELECT "places".* FROM "places" WHERE "places"."id" = 769 LIMIT 1[0m
  [1m[35mRoute Load (0.3ms)[0m  select * from routes where startplace_id = 769
  [1m[36mRoute Load (0.3ms)[0m  [1mselect * from routes where endplace_id = 769[0m
  [1m[35mCACHE (0.0ms)[0m  SELECT "places".* FROM "places" WHERE "places"."id" = $1 LIMIT 1  [["id", 769]]
  [1m[36mPlace Load (0.2ms)[0m  [1mSELECT "places".* FROM "places" WHERE "places"."id" = $1 LIMIT 1[0m  [["id", 1125]]
  [1m[35mCACHE (0.0ms)[0m  SELECT "places".* FROM "places" WHERE "places"."id" = $1 LIMIT 1  [["id", 1126]]
  [1m[36mPlace Load (0.2ms)[0m  [1mSELECT "places".* FROM "places" WHERE "places"."id" = 419 LIMIT 1[0m
  [1m[35mRoute Load (0.3ms)[0m  select * from routes where startplace_id = 419
  [1m[36mRoute Load (0.3ms)[0m  [1mselect * from routes where endplace_id = 419[0m
  [1m[35mCACHE (0.0ms)[0m  SELECT "places".* FROM "places" WHERE "places"."id" = $1 LIMIT 1  [["id", 419]]
  [1m[36mCACHE (0.0ms)[0m  [1mSELECT "places".* FROM "places" WHERE "places"."id" = $1 LIMIT 1[0m  [["id", 1127]]
  [1m[35mPlace Load (0.2ms)[0m  SELECT "places".* FROM "places" WHERE "places"."id" = $1 LIMIT 1  [["id", 1128]]
  [1m[36mPlace Load (0.3ms)[0m  [1mSELECT "places".* FROM "places" WHERE "places"."id" = 1128 LIMIT 1[0m
  [1m[35mRoute Load (0.3ms)[0m  select * from routes where startplace_id = 1128
  [1m[36mRoute Load (0.3ms)[0m  [1mselect * from routes where endplace_id = 1128[0m
  [1m[35mCACHE (0.0ms)[0m  SELECT "places".* FROM "places" WHERE "places"."id" = $1 LIMIT 1  [["id", 1128]]
  [1m[36mCACHE (0.0ms)[0m  [1mSELECT "places".* FROM "places" WHERE "places"."id" = $1 LIMIT 1[0m  [["id", 419]]
BNewroutes
1125
{:place=>974, :route=>[272, 22, -219, 220, 21, 221, 238, -237, -223], :url=>"xrv-225xrv-223xrv-237xrv238xrv221xrv21xrv220xrv-219xrv22xrv272"}
{:place=>769, :route=>[-227, 240, 239, 272, 22, -219, 220, 21, 221, 238, -237, -223], :url=>"xrv-225xrv-223xrv-237xrv238xrv221xrv21xrv220xrv-219xrv22xrv272xrv239xrv240xrv-227"}
{:place=>419, :route=>[229, 228, 240, 239, 272, 22, -219, 220, 21, 221, 238, -237, -223], :url=>"xrv-225xrv-223xrv-237xrv238xrv221xrv21xrv220xrv-219xrv22xrv272xrv239xrv240xrv228xrv229"}
{:place=>1128, :route=>[230, 229, 228, 240, 239, 272, 22, -219, 220, 21, 221, 238, -237, -223], :url=>"xrv-225xrv-223xrv-237xrv238xrv221xrv21xrv220xrv-219xrv22xrv272xrv239xrv240xrv228xrv229xrv230"}
  [1m[35mCACHE (0.0ms)[0m  SELECT "places".* FROM "places" WHERE "places"."id" = 974 LIMIT 1
  [1m[36m (1.3ms)[0m  [1mSELECT COUNT(*) FROM "route_indices" WHERE (url = 'xrv-225xrv-223xrv-237xrv238xrv221xrv21xrv220xrv-219xrv22xrv272')[0m
  [1m[35mPlaceType Load (0.3ms)[0m  select * from place_types where name='Roadend'
  [1m[36mSQL (0.5ms)[0m  [1mINSERT INTO "route_indices" ("created_at", "endplace_id", "isDest", "startplace_id", "updated_at", "url") VALUES ($1, $2, $3, $4, $5, $6) RETURNING "id"[0m  [["created_at", Mon, 27 Oct 2014 10:08:11 NZDT +13:00], ["endplace_id", 974], ["isDest", true], ["startplace_id", 1125], ["updated_at", Mon, 27 Oct 2014 10:08:11 NZDT +13:00], ["url", "xrv-225xrv-223xrv-237xrv238xrv221xrv21xrv220xrv-219xrv22xrv272"]]
  [1m[35mPlace Load (0.3ms)[0m  SELECT "places".* FROM "places" WHERE "places"."id" = 769 LIMIT 1
  [1m[36m (1.0ms)[0m  [1mSELECT COUNT(*) FROM "route_indices" WHERE (url = 'xrv-225xrv-223xrv-237xrv238xrv221xrv21xrv220xrv-219xrv22xrv272xrv239xrv240xrv-227')[0m
  [1m[35mPlaceType Load (0.2ms)[0m  select * from place_types where name='Hut'
  [1m[36mSQL (0.3ms)[0m  [1mINSERT INTO "route_indices" ("created_at", "endplace_id", "isDest", "startplace_id", "updated_at", "url") VALUES ($1, $2, $3, $4, $5, $6) RETURNING "id"[0m  [["created_at", Mon, 27 Oct 2014 10:08:11 NZDT +13:00], ["endplace_id", 769], ["isDest", true], ["startplace_id", 1125], ["updated_at", Mon, 27 Oct 2014 10:08:11 NZDT +13:00], ["url", "xrv-225xrv-223xrv-237xrv238xrv221xrv21xrv220xrv-219xrv22xrv272xrv239xrv240xrv-227"]]
  [1m[35mPlace Load (0.3ms)[0m  SELECT "places".* FROM "places" WHERE "places"."id" = 419 LIMIT 1
  [1m[36m (1.1ms)[0m  [1mSELECT COUNT(*) FROM "route_indices" WHERE (url = 'xrv-225xrv-223xrv-237xrv238xrv221xrv21xrv220xrv-219xrv22xrv272xrv239xrv240xrv228xrv229')[0m
  [1m[35mPlaceType Load (0.2ms)[0m  select * from place_types where name='Hut'
  [1m[36mSQL (0.4ms)[0m  [1mINSERT INTO "route_indices" ("created_at", "endplace_id", "isDest", "startplace_id", "updated_at", "url") VALUES ($1, $2, $3, $4, $5, $6) RETURNING "id"[0m  [["created_at", Mon, 27 Oct 2014 10:08:11 NZDT +13:00], ["endplace_id", 419], ["isDest", true], ["startplace_id", 1125], ["updated_at", Mon, 27 Oct 2014 10:08:11 NZDT +13:00], ["url", "xrv-225xrv-223xrv-237xrv238xrv221xrv21xrv220xrv-219xrv22xrv272xrv239xrv240xrv228xrv229"]]
  [1m[35mPlace Load (0.3ms)[0m  SELECT "places".* FROM "places" WHERE "places"."id" = 1128 LIMIT 1
  [1m[36m (1.1ms)[0m  [1mSELECT COUNT(*) FROM "route_indices" WHERE (url = 'xrv-225xrv-223xrv-237xrv238xrv221xrv21xrv220xrv-219xrv22xrv272xrv239xrv240xrv228xrv229xrv230')[0m
  [1m[35mPlaceType Load (0.2ms)[0m  select * from place_types where name='Roadend'
  [1m[36mSQL (0.4ms)[0m  [1mINSERT INTO "route_indices" ("created_at", "endplace_id", "isDest", "startplace_id", "updated_at", "url") VALUES ($1, $2, $3, $4, $5, $6) RETURNING "id"[0m  [["created_at", Mon, 27 Oct 2014 10:08:11 NZDT +13:00], ["endplace_id", 1128], ["isDest", true], ["startplace_id", 1125], ["updated_at", Mon, 27 Oct 2014 10:08:11 NZDT +13:00], ["url", "xrv-225xrv-223xrv-237xrv238xrv221xrv21xrv220xrv-219xrv22xrv272xrv239xrv240xrv228xrv229xrv230"]]
  [1m[35mPlace Load (0.3ms)[0m  SELECT "places".* FROM "places" WHERE "places"."id" = 45 LIMIT 1
  [1m[36mPlaceType Load (0.2ms)[0m  [1mselect name, "isDest" from place_types[0m
  [1m[35mRoute Load (0.4ms)[0m  SELECT "routes".* FROM "routes" WHERE "routes"."id" = 234 LIMIT 1
  [1m[36mRoute Load (0.3ms)[0m  [1mSELECT "routes".* FROM "routes" WHERE "routes"."id" = 235 LIMIT 1[0m
  [1m[35mRoute Load (0.3ms)[0m  SELECT "routes".* FROM "routes" WHERE "routes"."id" = 238 LIMIT 1
  [1m[36mRoute Load (0.3ms)[0m  [1mSELECT "routes".* FROM "routes" WHERE "routes"."id" = 221 LIMIT 1[0m
  [1m[35mRoute Load (0.3ms)[0m  SELECT "routes".* FROM "routes" WHERE "routes"."id" = 21 LIMIT 1
  [1m[36mRoute Load (0.3ms)[0m  [1mSELECT "routes".* FROM "routes" WHERE "routes"."id" = 220 LIMIT 1[0m
  [1m[35mRoute Load (0.3ms)[0m  SELECT "routes".* FROM "routes" WHERE "routes"."id" = 219 LIMIT 1
  [1m[36mPlace Load (0.2ms)[0m  [1mSELECT "places".* FROM "places" WHERE "places"."id" = $1 LIMIT 1[0m  [["id", 976]]
  [1m[35mPlace Load (0.3ms)[0m  SELECT "places".* FROM "places" WHERE "places"."id" = $1 LIMIT 1  [["id", 1119]]
  [1m[36mRoute Load (0.3ms)[0m  [1mSELECT "routes".* FROM "routes" WHERE "routes"."id" = 22 LIMIT 1[0m
  [1m[35mRoute Load (0.3ms)[0m  SELECT "routes".* FROM "routes" WHERE "routes"."id" = 272 LIMIT 1
  [1m[36mPlace Load (0.3ms)[0m  [1mSELECT "places".* FROM "places" WHERE "places"."id" = 974 LIMIT 1[0m
  [1m[35mCACHE (0.0ms)[0m  SELECT "places".* FROM "places" WHERE "places"."id" = 974 LIMIT 1
  [1m[36mRoute Load (0.3ms)[0m  [1mselect * from routes where startplace_id = 974[0m
  [1m[35mRoute Load (0.3ms)[0m  select * from routes where endplace_id = 974
  [1m[36mPlace Load (0.3ms)[0m  [1mSELECT "places".* FROM "places" WHERE "places"."id" = $1 LIMIT 1[0m  [["id", 974]]
  [1m[35mPlace Load (0.2ms)[0m  SELECT "places".* FROM "places" WHERE "places"."id" = $1 LIMIT 1  [["id", 471]]
  [1m[36mPlace Load (0.2ms)[0m  [1mSELECT "places".* FROM "places" WHERE "places"."id" = $1 LIMIT 1[0m  [["id", 1130]]
  [1m[35mPlace Load (0.3ms)[0m  SELECT "places".* FROM "places" WHERE "places"."id" = $1 LIMIT 1  [["id", 1124]]
  [1m[36mPlace Load (0.3ms)[0m  [1mSELECT "places".* FROM "places" WHERE "places"."id" = 1130 LIMIT 1[0m
  [1m[35mRoute Load (0.3ms)[0m  select * from routes where startplace_id = 1130
  [1m[36mRoute Load (0.3ms)[0m  [1mselect * from routes where endplace_id = 1130[0m
  [1m[35mCACHE (0.0ms)[0m  SELECT "places".* FROM "places" WHERE "places"."id" = $1 LIMIT 1  [["id", 1130]]
  [1m[36mCACHE (0.0ms)[0m  [1mSELECT "places".* FROM "places" WHERE "places"."id" = $1 LIMIT 1[0m  [["id", 974]]
  [1m[35mPlace Load (0.3ms)[0m  SELECT "places".* FROM "places" WHERE "places"."id" = $1 LIMIT 1  [["id", 1126]]
  [1m[36mPlace Load (0.2ms)[0m  [1mSELECT "places".* FROM "places" WHERE "places"."id" = 1124 LIMIT 1[0m
  [1m[35mRoute Load (0.3ms)[0m  select * from routes where startplace_id = 1124
  [1m[36mRoute Load (0.3ms)[0m  [1mselect * from routes where endplace_id = 1124[0m
  [1m[35mCACHE (0.0ms)[0m  SELECT "places".* FROM "places" WHERE "places"."id" = $1 LIMIT 1  [["id", 1124]]
  [1m[36mPlace Load (0.2ms)[0m  [1mSELECT "places".* FROM "places" WHERE "places"."id" = $1 LIMIT 1[0m  [["id", 1129]]
  [1m[35mCACHE (0.0ms)[0m  SELECT "places".* FROM "places" WHERE "places"."id" = $1 LIMIT 1  [["id", 1124]]
  [1m[36mCACHE (0.0ms)[0m  [1mSELECT "places".* FROM "places" WHERE "places"."id" = $1 LIMIT 1[0m  [["id", 974]]
  [1m[35mPlace Load (0.2ms)[0m  SELECT "places".* FROM "places" WHERE "places"."id" = $1 LIMIT 1  [["id", 1123]]
  [1m[36mPlace Load (0.2ms)[0m  [1mSELECT "places".* FROM "places" WHERE "places"."id" = 1126 LIMIT 1[0m
  [1m[35mRoute Load (0.3ms)[0m  select * from routes where startplace_id = 1126
  [1m[36mRoute Load (0.3ms)[0m  [1mselect * from routes where endplace_id = 1126[0m
  [1m[35mCACHE (0.1ms)[0m  SELECT "places".* FROM "places" WHERE "places"."id" = $1 LIMIT 1  [["id", 1126]]
  [1m[36mCACHE (0.0ms)[0m  [1mSELECT "places".* FROM "places" WHERE "places"."id" = $1 LIMIT 1[0m  [["id", 1130]]
  [1m[35mCACHE (0.0ms)[0m  SELECT "places".* FROM "places" WHERE "places"."id" = $1 LIMIT 1  [["id", 1126]]
  [1m[36mPlace Load (0.2ms)[0m  [1mSELECT "places".* FROM "places" WHERE "places"."id" = $1 LIMIT 1[0m  [["id", 769]]
  [1m[35mPlace Load (0.2ms)[0m  SELECT "places".* FROM "places" WHERE "places"."id" = $1 LIMIT 1  [["id", 1127]]
  [1m[36mPlace Load (0.2ms)[0m  [1mSELECT "places".* FROM "places" WHERE "places"."id" = 1123 LIMIT 1[0m
  [1m[35mRoute Load (0.3ms)[0m  select * from routes where startplace_id = 1123
  [1m[36mRoute Load (0.3ms)[0m  [1mselect * from routes where endplace_id = 1123[0m
  [1m[35mCACHE (0.0ms)[0m  SELECT "places".* FROM "places" WHERE "places"."id" = $1 LIMIT 1  [["id", 1123]]
  [1m[36mCACHE (0.0ms)[0m  [1mSELECT "places".* FROM "places" WHERE "places"."id" = $1 LIMIT 1[0m  [["id", 1124]]
  [1m[35mPlace Load (0.2ms)[0m  SELECT "places".* FROM "places" WHERE "places"."id" = $1 LIMIT 1  [["id", 975]]
  [1m[36mPlace Load (0.2ms)[0m  [1mSELECT "places".* FROM "places" WHERE "places"."id" = $1 LIMIT 1[0m  [["id", 1125]]
  [1m[35mPlace Load (0.3ms)[0m  SELECT "places".* FROM "places" WHERE "places"."id" = 1127 LIMIT 1
  [1m[36mRoute Load (0.3ms)[0m  [1mselect * from routes where startplace_id = 1127[0m
  [1m[35mRoute Load (0.3ms)[0m  select * from routes where endplace_id = 1127
  [1m[36mCACHE (0.0ms)[0m  [1mSELECT "places".* FROM "places" WHERE "places"."id" = $1 LIMIT 1[0m  [["id", 1127]]
  [1m[35mCACHE (0.0ms)[0m  SELECT "places".* FROM "places" WHERE "places"."id" = $1 LIMIT 1  [["id", 1126]]
  [1m[36mPlace Load (0.2ms)[0m  [1mSELECT "places".* FROM "places" WHERE "places"."id" = $1 LIMIT 1[0m  [["id", 419]]
  [1m[35mPlace Load (0.2ms)[0m  SELECT "places".* FROM "places" WHERE "places"."id" = 769 LIMIT 1
  [1m[36mRoute Load (0.3ms)[0m  [1mselect * from routes where startplace_id = 769[0m
  [1m[35mRoute Load (0.3ms)[0m  select * from routes where endplace_id = 769
  [1m[36mCACHE (0.0ms)[0m  [1mSELECT "places".* FROM "places" WHERE "places"."id" = $1 LIMIT 1[0m  [["id", 769]]
  [1m[35mCACHE (0.0ms)[0m  SELECT "places".* FROM "places" WHERE "places"."id" = $1 LIMIT 1  [["id", 1125]]
  [1m[36mCACHE (0.0ms)[0m  [1mSELECT "places".* FROM "places" WHERE "places"."id" = $1 LIMIT 1[0m  [["id", 1126]]
  [1m[35mPlace Load (0.3ms)[0m  SELECT "places".* FROM "places" WHERE "places"."id" = 1125 LIMIT 1
  [1m[36mRoute Load (0.3ms)[0m  [1mselect * from routes where startplace_id = 1125[0m
  [1m[35mRoute Load (0.3ms)[0m  select * from routes where endplace_id = 1125
  [1m[36mCACHE (0.0ms)[0m  [1mSELECT "places".* FROM "places" WHERE "places"."id" = $1 LIMIT 1[0m  [["id", 1125]]
  [1m[35mCACHE (0.0ms)[0m  SELECT "places".* FROM "places" WHERE "places"."id" = $1 LIMIT 1  [["id", 1123]]
  [1m[36mCACHE (0.0ms)[0m  [1mSELECT "places".* FROM "places" WHERE "places"."id" = $1 LIMIT 1[0m  [["id", 769]]
  [1m[35mPlace Load (0.3ms)[0m  SELECT "places".* FROM "places" WHERE "places"."id" = 419 LIMIT 1
  [1m[36mRoute Load (0.3ms)[0m  [1mselect * from routes where startplace_id = 419[0m
  [1m[35mRoute Load (0.3ms)[0m  select * from routes where endplace_id = 419
  [1m[36mCACHE (0.0ms)[0m  [1mSELECT "places".* FROM "places" WHERE "places"."id" = $1 LIMIT 1[0m  [["id", 419]]
  [1m[35mCACHE (0.0ms)[0m  SELECT "places".* FROM "places" WHERE "places"."id" = $1 LIMIT 1  [["id", 1127]]
  [1m[36mPlace Load (0.2ms)[0m  [1mSELECT "places".* FROM "places" WHERE "places"."id" = $1 LIMIT 1[0m  [["id", 1128]]
  [1m[35mCACHE (0.0ms)[0m  SELECT "places".* FROM "places" WHERE "places"."id" = 1125 LIMIT 1
  [1m[36mCACHE (0.0ms)[0m  [1mselect * from routes where startplace_id = 1125[0m
  [1m[35mCACHE (0.0ms)[0m  select * from routes where endplace_id = 1125
  [1m[36mCACHE (0.0ms)[0m  [1mSELECT "places".* FROM "places" WHERE "places"."id" = $1 LIMIT 1[0m  [["id", 1125]]
  [1m[35mCACHE (0.0ms)[0m  SELECT "places".* FROM "places" WHERE "places"."id" = $1 LIMIT 1  [["id", 1123]]
  [1m[36mCACHE (0.0ms)[0m  [1mSELECT "places".* FROM "places" WHERE "places"."id" = $1 LIMIT 1[0m  [["id", 769]]
  [1m[35mCACHE (0.0ms)[0m  SELECT "places".* FROM "places" WHERE "places"."id" = 769 LIMIT 1
  [1m[36mCACHE (0.0ms)[0m  [1mselect * from routes where startplace_id = 769[0m
  [1m[35mCACHE (0.0ms)[0m  select * from routes where endplace_id = 769
  [1m[36mCACHE (0.0ms)[0m  [1mSELECT "places".* FROM "places" WHERE "places"."id" = $1 LIMIT 1[0m  [["id", 769]]
  [1m[35mCACHE (0.0ms)[0m  SELECT "places".* FROM "places" WHERE "places"."id" = $1 LIMIT 1  [["id", 1125]]
  [1m[36mCACHE (0.0ms)[0m  [1mSELECT "places".* FROM "places" WHERE "places"."id" = $1 LIMIT 1[0m  [["id", 1126]]
  [1m[35mPlace Load (0.7ms)[0m  SELECT "places".* FROM "places" WHERE "places"."id" = 1128 LIMIT 1
  [1m[36mRoute Load (0.3ms)[0m  [1mselect * from routes where startplace_id = 1128[0m
  [1m[35mRoute Load (0.5ms)[0m  select * from routes where endplace_id = 1128
  [1m[36mCACHE (0.0ms)[0m  [1mSELECT "places".* FROM "places" WHERE "places"."id" = $1 LIMIT 1[0m  [["id", 1128]]
  [1m[35mCACHE (0.0ms)[0m  SELECT "places".* FROM "places" WHERE "places"."id" = $1 LIMIT 1  [["id", 419]]
  [1m[36mCACHE (0.0ms)[0m  [1mSELECT "places".* FROM "places" WHERE "places"."id" = 1123 LIMIT 1[0m
  [1m[35mCACHE (0.0ms)[0m  select * from routes where startplace_id = 1123
  [1m[36mCACHE (0.0ms)[0m  [1mselect * from routes where endplace_id = 1123[0m
  [1m[35mCACHE (0.0ms)[0m  SELECT "places".* FROM "places" WHERE "places"."id" = $1 LIMIT 1  [["id", 1123]]
  [1m[36mCACHE (0.0ms)[0m  [1mSELECT "places".* FROM "places" WHERE "places"."id" = $1 LIMIT 1[0m  [["id", 1124]]
  [1m[35mCACHE (0.0ms)[0m  SELECT "places".* FROM "places" WHERE "places"."id" = $1 LIMIT 1  [["id", 975]]
  [1m[36mCACHE (0.0ms)[0m  [1mSELECT "places".* FROM "places" WHERE "places"."id" = $1 LIMIT 1[0m  [["id", 1125]]
  [1m[35mCACHE (0.0ms)[0m  SELECT "places".* FROM "places" WHERE "places"."id" = 1126 LIMIT 1
  [1m[36mCACHE (0.0ms)[0m  [1mselect * from routes where startplace_id = 1126[0m
  [1m[35mCACHE (0.0ms)[0m  select * from routes where endplace_id = 1126
  [1m[36mCACHE (0.0ms)[0m  [1mSELECT "places".* FROM "places" WHERE "places"."id" = $1 LIMIT 1[0m  [["id", 1126]]
  [1m[35mCACHE (0.0ms)[0m  SELECT "places".* FROM "places" WHERE "places"."id" = $1 LIMIT 1  [["id", 1130]]
  [1m[36mCACHE (0.0ms)[0m  [1mSELECT "places".* FROM "places" WHERE "places"."id" = $1 LIMIT 1[0m  [["id", 1126]]
  [1m[35mCACHE (0.0ms)[0m  SELECT "places".* FROM "places" WHERE "places"."id" = $1 LIMIT 1  [["id", 769]]
  [1m[36mCACHE (0.0ms)[0m  [1mSELECT "places".* FROM "places" WHERE "places"."id" = $1 LIMIT 1[0m  [["id", 1127]]
BNewroutes
45
{:place=>974, :route=>[272, 22, -219, 220, 21, 221, 238, 235, 234], :url=>"xrv233xrv234xrv235xrv238xrv221xrv21xrv220xrv-219xrv22xrv272"}
{:place=>769, :route=>[-227, 240, 239, 272, 22, -219, 220, 21, 221, 238, 235, 234], :url=>"xrv233xrv234xrv235xrv238xrv221xrv21xrv220xrv-219xrv22xrv272xrv239xrv240xrv-227"}
{:place=>1125, :route=>[225, 223, 224, 272, 22, -219, 220, 21, 221, 238, 235, 234], :url=>"xrv233xrv234xrv235xrv238xrv221xrv21xrv220xrv-219xrv22xrv272xrv224xrv223xrv225"}
{:place=>419, :route=>[229, 228, 240, 239, 272, 22, -219, 220, 21, 221, 238, 235, 234], :url=>"xrv233xrv234xrv235xrv238xrv221xrv21xrv220xrv-219xrv22xrv272xrv239xrv240xrv228xrv229"}
{:place=>1125, :route=>[-226, -227, 240, 239, 272, 22, -219, 220, 21, 221, 238, 235, 234], :url=>"xrv233xrv234xrv235xrv238xrv221xrv21xrv220xrv-219xrv22xrv272xrv239xrv240xrv-227xrv-226"}
{:place=>769, :route=>[226, 225, 223, 224, 272, 22, -219, 220, 21, 221, 238, 235, 234], :url=>"xrv233xrv234xrv235xrv238xrv221xrv21xrv220xrv-219xrv22xrv272xrv224xrv223xrv225xrv226"}
{:place=>1128, :route=>[230, 229, 228, 240, 239, 272, 22, -219, 220, 21, 221, 238, 235, 234], :url=>"xrv233xrv234xrv235xrv238xrv221xrv21xrv220xrv-219xrv22xrv272xrv239xrv240xrv228xrv229xrv230"}
  [1m[35mCACHE (0.0ms)[0m  SELECT "places".* FROM "places" WHERE "places"."id" = 974 LIMIT 1
  [1m[36m (1.4ms)[0m  [1mSELECT COUNT(*) FROM "route_indices" WHERE (url = 'xrv233xrv234xrv235xrv238xrv221xrv21xrv220xrv-219xrv22xrv272')[0m
  [1m[35mPlaceType Load (0.3ms)[0m  select * from place_types where name='Roadend'
  [1m[36mSQL (0.6ms)[0m  [1mINSERT INTO "route_indices" ("created_at", "endplace_id", "isDest", "startplace_id", "updated_at", "url") VALUES ($1, $2, $3, $4, $5, $6) RETURNING "id"[0m  [["created_at", Mon, 27 Oct 2014 10:08:11 NZDT +13:00], ["endplace_id", 974], ["isDest", true], ["startplace_id", 45], ["updated_at", Mon, 27 Oct 2014 10:08:11 NZDT +13:00], ["url", "xrv233xrv234xrv235xrv238xrv221xrv21xrv220xrv-219xrv22xrv272"]]
  [1m[35mPlace Load (0.3ms)[0m  SELECT "places".* FROM "places" WHERE "places"."id" = 769 LIMIT 1
  [1m[36m (1.2ms)[0m  [1mSELECT COUNT(*) FROM "route_indices" WHERE (url = 'xrv233xrv234xrv235xrv238xrv221xrv21xrv220xrv-219xrv22xrv272xrv239xrv240xrv-227')[0m
  [1m[35mPlaceType Load (0.2ms)[0m  select * from place_types where name='Hut'
  [1m[36mSQL (0.4ms)[0m  [1mINSERT INTO "route_indices" ("created_at", "endplace_id", "isDest", "startplace_id", "updated_at", "url") VALUES ($1, $2, $3, $4, $5, $6) RETURNING "id"[0m  [["created_at", Mon, 27 Oct 2014 10:08:11 NZDT +13:00], ["endplace_id", 769], ["isDest", true], ["startplace_id", 45], ["updated_at", Mon, 27 Oct 2014 10:08:11 NZDT +13:00], ["url", "xrv233xrv234xrv235xrv238xrv221xrv21xrv220xrv-219xrv22xrv272xrv239xrv240xrv-227"]]
  [1m[35mPlace Load (0.3ms)[0m  SELECT "places".* FROM "places" WHERE "places"."id" = 1125 LIMIT 1
  [1m[36m (1.0ms)[0m  [1mSELECT COUNT(*) FROM "route_indices" WHERE (url = 'xrv233xrv234xrv235xrv238xrv221xrv21xrv220xrv-219xrv22xrv272xrv224xrv223xrv225')[0m
  [1m[35mPlaceType Load (0.2ms)[0m  select * from place_types where name='Campsite'
  [1m[36mSQL (0.4ms)[0m  [1mINSERT INTO "route_indices" ("created_at", "endplace_id", "isDest", "startplace_id", "updated_at", "url") VALUES ($1, $2, $3, $4, $5, $6) RETURNING "id"[0m  [["created_at", Mon, 27 Oct 2014 10:08:11 NZDT +13:00], ["endplace_id", 1125], ["isDest", true], ["startplace_id", 45], ["updated_at", Mon, 27 Oct 2014 10:08:11 NZDT +13:00], ["url", "xrv233xrv234xrv235xrv238xrv221xrv21xrv220xrv-219xrv22xrv272xrv224xrv223xrv225"]]
  [1m[35mPlace Load (0.3ms)[0m  SELECT "places".* FROM "places" WHERE "places"."id" = 419 LIMIT 1
  [1m[36m (1.1ms)[0m  [1mSELECT COUNT(*) FROM "route_indices" WHERE (url = 'xrv233xrv234xrv235xrv238xrv221xrv21xrv220xrv-219xrv22xrv272xrv239xrv240xrv228xrv229')[0m
  [1m[35mPlaceType Load (0.2ms)[0m  select * from place_types where name='Hut'
  [1m[36mSQL (0.4ms)[0m  [1mINSERT INTO "route_indices" ("created_at", "endplace_id", "isDest", "startplace_id", "updated_at", "url") VALUES ($1, $2, $3, $4, $5, $6) RETURNING "id"[0m  [["created_at", Mon, 27 Oct 2014 10:08:11 NZDT +13:00], ["endplace_id", 419], ["isDest", true], ["startplace_id", 45], ["updated_at", Mon, 27 Oct 2014 10:08:11 NZDT +13:00], ["url", "xrv233xrv234xrv235xrv238xrv221xrv21xrv220xrv-219xrv22xrv272xrv239xrv240xrv228xrv229"]]
  [1m[35mPlace Load (0.3ms)[0m  SELECT "places".* FROM "places" WHERE "places"."id" = 1125 LIMIT 1
  [1m[36m (1.0ms)[0m  [1mSELECT COUNT(*) FROM "route_indices" WHERE (url = 'xrv233xrv234xrv235xrv238xrv221xrv21xrv220xrv-219xrv22xrv272xrv239xrv240xrv-227xrv-226')[0m
  [1m[35mPlaceType Load (0.2ms)[0m  select * from place_types where name='Campsite'
  [1m[36mSQL (0.4ms)[0m  [1mINSERT INTO "route_indices" ("created_at", "endplace_id", "isDest", "startplace_id", "updated_at", "url") VALUES ($1, $2, $3, $4, $5, $6) RETURNING "id"[0m  [["created_at", Mon, 27 Oct 2014 10:08:11 NZDT +13:00], ["endplace_id", 1125], ["isDest", true], ["startplace_id", 45], ["updated_at", Mon, 27 Oct 2014 10:08:11 NZDT +13:00], ["url", "xrv233xrv234xrv235xrv238xrv221xrv21xrv220xrv-219xrv22xrv272xrv239xrv240xrv-227xrv-226"]]
  [1m[35mPlace Load (0.3ms)[0m  SELECT "places".* FROM "places" WHERE "places"."id" = 769 LIMIT 1
  [1m[36m (1.1ms)[0m  [1mSELECT COUNT(*) FROM "route_indices" WHERE (url = 'xrv233xrv234xrv235xrv238xrv221xrv21xrv220xrv-219xrv22xrv272xrv224xrv223xrv225xrv226')[0m
  [1m[35mPlaceType Load (0.2ms)[0m  select * from place_types where name='Hut'
  [1m[36mSQL (0.3ms)[0m  [1mINSERT INTO "route_indices" ("created_at", "endplace_id", "isDest", "startplace_id", "updated_at", "url") VALUES ($1, $2, $3, $4, $5, $6) RETURNING "id"[0m  [["created_at", Mon, 27 Oct 2014 10:08:11 NZDT +13:00], ["endplace_id", 769], ["isDest", true], ["startplace_id", 45], ["updated_at", Mon, 27 Oct 2014 10:08:11 NZDT +13:00], ["url", "xrv233xrv234xrv235xrv238xrv221xrv21xrv220xrv-219xrv22xrv272xrv224xrv223xrv225xrv226"]]
  [1m[35mPlace Load (0.3ms)[0m  SELECT "places".* FROM "places" WHERE "places"."id" = 1128 LIMIT 1
  [1m[36m (1.1ms)[0m  [1mSELECT COUNT(*) FROM "route_indices" WHERE (url = 'xrv233xrv234xrv235xrv238xrv221xrv21xrv220xrv-219xrv22xrv272xrv239xrv240xrv228xrv229xrv230')[0m
  [1m[35mPlaceType Load (0.2ms)[0m  select * from place_types where name='Roadend'
  [1m[36mSQL (0.4ms)[0m  [1mINSERT INTO "route_indices" ("created_at", "endplace_id", "isDest", "startplace_id", "updated_at", "url") VALUES ($1, $2, $3, $4, $5, $6) RETURNING "id"[0m  [["created_at", Mon, 27 Oct 2014 10:08:11 NZDT +13:00], ["endplace_id", 1128], ["isDest", true], ["startplace_id", 45], ["updated_at", Mon, 27 Oct 2014 10:08:11 NZDT +13:00], ["url", "xrv233xrv234xrv235xrv238xrv221xrv21xrv220xrv-219xrv22xrv272xrv239xrv240xrv228xrv229xrv230"]]
  [1m[35mPlace Load (0.3ms)[0m  SELECT "places".* FROM "places" WHERE "places"."id" = 207 LIMIT 1
  [1m[36mPlaceType Load (0.2ms)[0m  [1mselect name, "isDest" from place_types[0m
  [1m[35mRoute Load (0.3ms)[0m  SELECT "routes".* FROM "routes" WHERE "routes"."id" = 237 LIMIT 1
  [1m[36mRoute Load (0.3ms)[0m  [1mSELECT "routes".* FROM "routes" WHERE "routes"."id" = 223 LIMIT 1[0m
  [1m[35mRoute Load (0.3ms)[0m  SELECT "routes".* FROM "routes" WHERE "routes"."id" = 222 LIMIT 1
  [1m[36mRoute Load (0.3ms)[0m  [1mSELECT "routes".* FROM "routes" WHERE "routes"."id" = 221 LIMIT 1[0m
  [1m[35mRoute Load (0.3ms)[0m  SELECT "routes".* FROM "routes" WHERE "routes"."id" = 21 LIMIT 1
  [1m[36mRoute Load (0.3ms)[0m  [1mSELECT "routes".* FROM "routes" WHERE "routes"."id" = 220 LIMIT 1[0m
  [1m[35mRoute Load (0.3ms)[0m  SELECT "routes".* FROM "routes" WHERE "routes"."id" = 219 LIMIT 1
  [1m[36mPlace Load (0.2ms)[0m  [1mSELECT "places".* FROM "places" WHERE "places"."id" = $1 LIMIT 1[0m  [["id", 976]]
  [1m[35mPlace Load (0.2ms)[0m  SELECT "places".* FROM "places" WHERE "places"."id" = $1 LIMIT 1  [["id", 1119]]
  [1m[36mRoute Load (0.3ms)[0m  [1mSELECT "routes".* FROM "routes" WHERE "routes"."id" = 22 LIMIT 1[0m
  [1m[35mRoute Load (0.3ms)[0m  SELECT "routes".* FROM "routes" WHERE "routes"."id" = 272 LIMIT 1
  [1m[36mPlace Load (0.3ms)[0m  [1mSELECT "places".* FROM "places" WHERE "places"."id" = 974 LIMIT 1[0m
  [1m[35mCACHE (0.0ms)[0m  SELECT "places".* FROM "places" WHERE "places"."id" = 974 LIMIT 1
  [1m[36mRoute Load (0.3ms)[0m  [1mselect * from routes where startplace_id = 974[0m
  [1m[35mRoute Load (0.3ms)[0m  select * from routes where endplace_id = 974
  [1m[36mPlace Load (0.2ms)[0m  [1mSELECT "places".* FROM "places" WHERE "places"."id" = $1 LIMIT 1[0m  [["id", 974]]
  [1m[35mPlace Load (0.2ms)[0m  SELECT "places".* FROM "places" WHERE "places"."id" = $1 LIMIT 1  [["id", 471]]
  [1m[36mPlace Load (0.2ms)[0m  [1mSELECT "places".* FROM "places" WHERE "places"."id" = $1 LIMIT 1[0m  [["id", 1130]]
  [1m[35mPlace Load (0.2ms)[0m  SELECT "places".* FROM "places" WHERE "places"."id" = $1 LIMIT 1  [["id", 1124]]
  [1m[36mPlace Load (0.3ms)[0m  [1mSELECT "places".* FROM "places" WHERE "places"."id" = 1130 LIMIT 1[0m
  [1m[35mRoute Load (0.3ms)[0m  select * from routes where startplace_id = 1130
  [1m[36mRoute Load (0.3ms)[0m  [1mselect * from routes where endplace_id = 1130[0m
  [1m[35mCACHE (0.0ms)[0m  SELECT "places".* FROM "places" WHERE "places"."id" = $1 LIMIT 1  [["id", 1130]]
  [1m[36mCACHE (0.0ms)[0m  [1mSELECT "places".* FROM "places" WHERE "places"."id" = $1 LIMIT 1[0m  [["id", 974]]
  [1m[35mPlace Load (0.2ms)[0m  SELECT "places".* FROM "places" WHERE "places"."id" = $1 LIMIT 1  [["id", 1126]]
  [1m[36mPlace Load (0.3ms)[0m  [1mSELECT "places".* FROM "places" WHERE "places"."id" = 1126 LIMIT 1[0m
  [1m[35mRoute Load (0.3ms)[0m  select * from routes where startplace_id = 1126
  [1m[36mRoute Load (0.3ms)[0m  [1mselect * from routes where endplace_id = 1126[0m
  [1m[35mCACHE (0.0ms)[0m  SELECT "places".* FROM "places" WHERE "places"."id" = $1 LIMIT 1  [["id", 1126]]
  [1m[36mCACHE (0.0ms)[0m  [1mSELECT "places".* FROM "places" WHERE "places"."id" = $1 LIMIT 1[0m  [["id", 1130]]
  [1m[35mCACHE (0.0ms)[0m  SELECT "places".* FROM "places" WHERE "places"."id" = $1 LIMIT 1  [["id", 1126]]
  [1m[36mPlace Load (0.2ms)[0m  [1mSELECT "places".* FROM "places" WHERE "places"."id" = $1 LIMIT 1[0m  [["id", 769]]
  [1m[35mPlace Load (0.2ms)[0m  SELECT "places".* FROM "places" WHERE "places"."id" = $1 LIMIT 1  [["id", 1127]]
  [1m[36mPlace Load (0.3ms)[0m  [1mSELECT "places".* FROM "places" WHERE "places"."id" = 1127 LIMIT 1[0m
  [1m[35mRoute Load (0.3ms)[0m  select * from routes where startplace_id = 1127
  [1m[36mRoute Load (0.3ms)[0m  [1mselect * from routes where endplace_id = 1127[0m
  [1m[35mCACHE (0.0ms)[0m  SELECT "places".* FROM "places" WHERE "places"."id" = $1 LIMIT 1  [["id", 1127]]
  [1m[36mCACHE (0.0ms)[0m  [1mSELECT "places".* FROM "places" WHERE "places"."id" = $1 LIMIT 1[0m  [["id", 1126]]
  [1m[35mPlace Load (0.2ms)[0m  SELECT "places".* FROM "places" WHERE "places"."id" = $1 LIMIT 1  [["id", 419]]
  [1m[36mPlace Load (0.3ms)[0m  [1mSELECT "places".* FROM "places" WHERE "places"."id" = 769 LIMIT 1[0m
  [1m[35mRoute Load (0.3ms)[0m  select * from routes where startplace_id = 769
  [1m[36mRoute Load (0.3ms)[0m  [1mselect * from routes where endplace_id = 769[0m
  [1m[35mCACHE (0.0ms)[0m  SELECT "places".* FROM "places" WHERE "places"."id" = $1 LIMIT 1  [["id", 769]]
  [1m[36mPlace Load (0.2ms)[0m  [1mSELECT "places".* FROM "places" WHERE "places"."id" = $1 LIMIT 1[0m  [["id", 1125]]
  [1m[35mCACHE (0.0ms)[0m  SELECT "places".* FROM "places" WHERE "places"."id" = $1 LIMIT 1  [["id", 1126]]
  [1m[36mPlace Load (0.3ms)[0m  [1mSELECT "places".* FROM "places" WHERE "places"."id" = 419 LIMIT 1[0m
  [1m[35mRoute Load (0.3ms)[0m  select * from routes where startplace_id = 419
  [1m[36mRoute Load (0.3ms)[0m  [1mselect * from routes where endplace_id = 419[0m
  [1m[35mCACHE (0.0ms)[0m  SELECT "places".* FROM "places" WHERE "places"."id" = $1 LIMIT 1  [["id", 419]]
  [1m[36mCACHE (0.0ms)[0m  [1mSELECT "places".* FROM "places" WHERE "places"."id" = $1 LIMIT 1[0m  [["id", 1127]]
  [1m[35mPlace Load (0.2ms)[0m  SELECT "places".* FROM "places" WHERE "places"."id" = $1 LIMIT 1  [["id", 1128]]
  [1m[36mPlace Load (0.3ms)[0m  [1mSELECT "places".* FROM "places" WHERE "places"."id" = 1125 LIMIT 1[0m
  [1m[35mRoute Load (0.3ms)[0m  select * from routes where startplace_id = 1125
  [1m[36mRoute Load (0.3ms)[0m  [1mselect * from routes where endplace_id = 1125[0m
  [1m[35mCACHE (0.0ms)[0m  SELECT "places".* FROM "places" WHERE "places"."id" = $1 LIMIT 1  [["id", 1125]]
  [1m[36mPlace Load (0.2ms)[0m  [1mSELECT "places".* FROM "places" WHERE "places"."id" = $1 LIMIT 1[0m  [["id", 1123]]
  [1m[35mCACHE (0.0ms)[0m  SELECT "places".* FROM "places" WHERE "places"."id" = $1 LIMIT 1  [["id", 769]]
  [1m[36mPlace Load (0.2ms)[0m  [1mSELECT "places".* FROM "places" WHERE "places"."id" = 1128 LIMIT 1[0m
  [1m[35mRoute Load (0.2ms)[0m  select * from routes where startplace_id = 1128
  [1m[36mRoute Load (0.3ms)[0m  [1mselect * from routes where endplace_id = 1128[0m
  [1m[35mCACHE (0.0ms)[0m  SELECT "places".* FROM "places" WHERE "places"."id" = $1 LIMIT 1  [["id", 1128]]
  [1m[36mCACHE (0.0ms)[0m  [1mSELECT "places".* FROM "places" WHERE "places"."id" = $1 LIMIT 1[0m  [["id", 419]]
BNewroutes
207
{:place=>974, :route=>[272, 22, -219, 220, 21, 221, 222, 223, 237], :url=>"xrv235xrv237xrv223xrv222xrv221xrv21xrv220xrv-219xrv22xrv272"}
{:place=>769, :route=>[-227, 240, 239, 272, 22, -219, 220, 21, 221, 222, 223, 237], :url=>"xrv235xrv237xrv223xrv222xrv221xrv21xrv220xrv-219xrv22xrv272xrv239xrv240xrv-227"}
{:place=>419, :route=>[229, 228, 240, 239, 272, 22, -219, 220, 21, 221, 222, 223, 237], :url=>"xrv235xrv237xrv223xrv222xrv221xrv21xrv220xrv-219xrv22xrv272xrv239xrv240xrv228xrv229"}
{:place=>1125, :route=>[-226, -227, 240, 239, 272, 22, -219, 220, 21, 221, 222, 223, 237], :url=>"xrv235xrv237xrv223xrv222xrv221xrv21xrv220xrv-219xrv22xrv272xrv239xrv240xrv-227xrv-226"}
{:place=>1128, :route=>[230, 229, 228, 240, 239, 272, 22, -219, 220, 21, 221, 222, 223, 237], :url=>"xrv235xrv237xrv223xrv222xrv221xrv21xrv220xrv-219xrv22xrv272xrv239xrv240xrv228xrv229xrv230"}
  [1m[35mCACHE (0.0ms)[0m  SELECT "places".* FROM "places" WHERE "places"."id" = 974 LIMIT 1
  [1m[36m (1.2ms)[0m  [1mSELECT COUNT(*) FROM "route_indices" WHERE (url = 'xrv235xrv237xrv223xrv222xrv221xrv21xrv220xrv-219xrv22xrv272')[0m
  [1m[35mPlaceType Load (0.3ms)[0m  select * from place_types where name='Roadend'
  [1m[36mSQL (0.4ms)[0m  [1mINSERT INTO "route_indices" ("created_at", "endplace_id", "isDest", "startplace_id", "updated_at", "url") VALUES ($1, $2, $3, $4, $5, $6) RETURNING "id"[0m  [["created_at", Mon, 27 Oct 2014 10:08:11 NZDT +13:00], ["endplace_id", 974], ["isDest", true], ["startplace_id", 207], ["updated_at", Mon, 27 Oct 2014 10:08:11 NZDT +13:00], ["url", "xrv235xrv237xrv223xrv222xrv221xrv21xrv220xrv-219xrv22xrv272"]]
  [1m[35mPlace Load (0.3ms)[0m  SELECT "places".* FROM "places" WHERE "places"."id" = 769 LIMIT 1
  [1m[36m (1.1ms)[0m  [1mSELECT COUNT(*) FROM "route_indices" WHERE (url = 'xrv235xrv237xrv223xrv222xrv221xrv21xrv220xrv-219xrv22xrv272xrv239xrv240xrv-227')[0m
  [1m[35mPlaceType Load (0.2ms)[0m  select * from place_types where name='Hut'
  [1m[36mSQL (0.4ms)[0m  [1mINSERT INTO "route_indices" ("created_at", "endplace_id", "isDest", "startplace_id", "updated_at", "url") VALUES ($1, $2, $3, $4, $5, $6) RETURNING "id"[0m  [["created_at", Mon, 27 Oct 2014 10:08:11 NZDT +13:00], ["endplace_id", 769], ["isDest", true], ["startplace_id", 207], ["updated_at", Mon, 27 Oct 2014 10:08:11 NZDT +13:00], ["url", "xrv235xrv237xrv223xrv222xrv221xrv21xrv220xrv-219xrv22xrv272xrv239xrv240xrv-227"]]
  [1m[35mPlace Load (0.3ms)[0m  SELECT "places".* FROM "places" WHERE "places"."id" = 419 LIMIT 1
  [1m[36m (1.0ms)[0m  [1mSELECT COUNT(*) FROM "route_indices" WHERE (url = 'xrv235xrv237xrv223xrv222xrv221xrv21xrv220xrv-219xrv22xrv272xrv239xrv240xrv228xrv229')[0m
  [1m[35mPlaceType Load (0.2ms)[0m  select * from place_types where name='Hut'
  [1m[36mSQL (0.4ms)[0m  [1mINSERT INTO "route_indices" ("created_at", "endplace_id", "isDest", "startplace_id", "updated_at", "url") VALUES ($1, $2, $3, $4, $5, $6) RETURNING "id"[0m  [["created_at", Mon, 27 Oct 2014 10:08:11 NZDT +13:00], ["endplace_id", 419], ["isDest", true], ["startplace_id", 207], ["updated_at", Mon, 27 Oct 2014 10:08:11 NZDT +13:00], ["url", "xrv235xrv237xrv223xrv222xrv221xrv21xrv220xrv-219xrv22xrv272xrv239xrv240xrv228xrv229"]]
  [1m[35mPlace Load (0.3ms)[0m  SELECT "places".* FROM "places" WHERE "places"."id" = 1125 LIMIT 1
  [1m[36m (1.1ms)[0m  [1mSELECT COUNT(*) FROM "route_indices" WHERE (url = 'xrv235xrv237xrv223xrv222xrv221xrv21xrv220xrv-219xrv22xrv272xrv239xrv240xrv-227xrv-226')[0m
  [1m[35mPlaceType Load (0.2ms)[0m  select * from place_types where name='Campsite'
  [1m[36mSQL (0.4ms)[0m  [1mINSERT INTO "route_indices" ("created_at", "endplace_id", "isDest", "startplace_id", "updated_at", "url") VALUES ($1, $2, $3, $4, $5, $6) RETURNING "id"[0m  [["created_at", Mon, 27 Oct 2014 10:08:11 NZDT +13:00], ["endplace_id", 1125], ["isDest", true], ["startplace_id", 207], ["updated_at", Mon, 27 Oct 2014 10:08:11 NZDT +13:00], ["url", "xrv235xrv237xrv223xrv222xrv221xrv21xrv220xrv-219xrv22xrv272xrv239xrv240xrv-227xrv-226"]]
  [1m[35mPlace Load (0.3ms)[0m  SELECT "places".* FROM "places" WHERE "places"."id" = 1128 LIMIT 1
  [1m[36m (1.1ms)[0m  [1mSELECT COUNT(*) FROM "route_indices" WHERE (url = 'xrv235xrv237xrv223xrv222xrv221xrv21xrv220xrv-219xrv22xrv272xrv239xrv240xrv228xrv229xrv230')[0m
  [1m[35mPlaceType Load (0.2ms)[0m  select * from place_types where name='Roadend'
  [1m[36mSQL (0.4ms)[0m  [1mINSERT INTO "route_indices" ("created_at", "endplace_id", "isDest", "startplace_id", "updated_at", "url") VALUES ($1, $2, $3, $4, $5, $6) RETURNING "id"[0m  [["created_at", Mon, 27 Oct 2014 10:08:11 NZDT +13:00], ["endplace_id", 1128], ["isDest", true], ["startplace_id", 207], ["updated_at", Mon, 27 Oct 2014 10:08:11 NZDT +13:00], ["url", "xrv235xrv237xrv223xrv222xrv221xrv21xrv220xrv-219xrv22xrv272xrv239xrv240xrv228xrv229xrv230"]]
  [1m[35mPlace Load (0.3ms)[0m  SELECT "places".* FROM "places" WHERE "places"."id" = 769 LIMIT 1
  [1m[36mPlaceType Load (0.2ms)[0m  [1mselect name, "isDest" from place_types[0m
  [1m[35mRoute Load (0.3ms)[0m  SELECT "routes".* FROM "routes" WHERE "routes"."id" = 225 LIMIT 1
  [1m[36mPlace Load (0.2ms)[0m  [1mSELECT "places".* FROM "places" WHERE "places"."id" = $1 LIMIT 1[0m  [["id", 1125]]
  [1m[35mPlace Load (0.2ms)[0m  SELECT "places".* FROM "places" WHERE "places"."id" = $1 LIMIT 1  [["id", 1123]]
  [1m[36mRoute Load (0.3ms)[0m  [1mSELECT "routes".* FROM "routes" WHERE "routes"."id" = 223 LIMIT 1[0m
  [1m[35mCACHE (0.0ms)[0m  SELECT "places".* FROM "places" WHERE "places"."id" = $1 LIMIT 1  [["id", 1123]]
  [1m[36mPlace Load (0.2ms)[0m  [1mSELECT "places".* FROM "places" WHERE "places"."id" = $1 LIMIT 1[0m  [["id", 1124]]
  [1m[35mRoute Load (0.3ms)[0m  SELECT "routes".* FROM "routes" WHERE "routes"."id" = 237 LIMIT 1
  [1m[36mCACHE (0.0ms)[0m  [1mSELECT "places".* FROM "places" WHERE "places"."id" = $1 LIMIT 1[0m  [["id", 1124]]
  [1m[35mPlace Load (0.2ms)[0m  SELECT "places".* FROM "places" WHERE "places"."id" = $1 LIMIT 1  [["id", 1129]]
  [1m[36mRoute Load (0.3ms)[0m  [1mSELECT "routes".* FROM "routes" WHERE "routes"."id" = 235 LIMIT 1[0m
  [1m[35mCACHE (0.0ms)[0m  SELECT "places".* FROM "places" WHERE "places"."id" = $1 LIMIT 1  [["id", 1129]]
  [1m[36mPlace Load (0.2ms)[0m  [1mSELECT "places".* FROM "places" WHERE "places"."id" = $1 LIMIT 1[0m  [["id", 207]]
  [1m[35mRoute Load (0.3ms)[0m  SELECT "routes".* FROM "routes" WHERE "routes"."id" = 234 LIMIT 1
  [1m[36mCACHE (0.0ms)[0m  [1mSELECT "places".* FROM "places" WHERE "places"."id" = $1 LIMIT 1[0m  [["id", 207]]
  [1m[35mPlace Load (0.2ms)[0m  SELECT "places".* FROM "places" WHERE "places"."id" = $1 LIMIT 1  [["id", 650]]
  [1m[36mRoute Load (0.3ms)[0m  [1mSELECT "routes".* FROM "routes" WHERE "routes"."id" = 233 LIMIT 1[0m
  [1m[35mCACHE (0.0ms)[0m  SELECT "places".* FROM "places" WHERE "places"."id" = $1 LIMIT 1  [["id", 650]]
  [1m[36mPlace Load (0.3ms)[0m  [1mSELECT "places".* FROM "places" WHERE "places"."id" = $1 LIMIT 1[0m  [["id", 45]]
  [1m[35mRoute Load (0.3ms)[0m  SELECT "routes".* FROM "routes" WHERE "routes"."id" = 231 LIMIT 1
  [1m[36mCACHE (0.0ms)[0m  [1mSELECT "places".* FROM "places" WHERE "places"."id" = $1 LIMIT 1[0m  [["id", 45]]
  [1m[35mPlace Load (0.2ms)[0m  SELECT "places".* FROM "places" WHERE "places"."id" = $1 LIMIT 1  [["id", 976]]
  [1m[36mRoute Load (0.3ms)[0m  [1mSELECT "routes".* FROM "routes" WHERE "routes"."id" = 219 LIMIT 1[0m
  [1m[35mCACHE (0.0ms)[0m  SELECT "places".* FROM "places" WHERE "places"."id" = $1 LIMIT 1  [["id", 976]]
  [1m[36mPlace Load (0.2ms)[0m  [1mSELECT "places".* FROM "places" WHERE "places"."id" = $1 LIMIT 1[0m  [["id", 1119]]
  [1m[35mRoute Load (0.3ms)[0m  SELECT "routes".* FROM "routes" WHERE "routes"."id" = 22 LIMIT 1
  [1m[36mRoute Load (0.3ms)[0m  [1mSELECT "routes".* FROM "routes" WHERE "routes"."id" = 272 LIMIT 1[0m
  [1m[35mPlace Load (0.3ms)[0m  SELECT "places".* FROM "places" WHERE "places"."id" = 974 LIMIT 1
  [1m[36mCACHE (0.0ms)[0m  [1mSELECT "places".* FROM "places" WHERE "places"."id" = 974 LIMIT 1[0m
  [1m[35mRoute Load (0.3ms)[0m  select * from routes where startplace_id = 974
  [1m[36mRoute Load (0.3ms)[0m  [1mselect * from routes where endplace_id = 974[0m
  [1m[35mPlace Load (0.2ms)[0m  SELECT "places".* FROM "places" WHERE "places"."id" = $1 LIMIT 1  [["id", 974]]
  [1m[36mPlace Load (0.2ms)[0m  [1mSELECT "places".* FROM "places" WHERE "places"."id" = $1 LIMIT 1[0m  [["id", 471]]
  [1m[35mPlace Load (0.2ms)[0m  SELECT "places".* FROM "places" WHERE "places"."id" = $1 LIMIT 1  [["id", 1130]]
  [1m[36mCACHE (0.0ms)[0m  [1mSELECT "places".* FROM "places" WHERE "places"."id" = $1 LIMIT 1[0m  [["id", 1124]]
  [1m[35mPlace Load (0.2ms)[0m  SELECT "places".* FROM "places" WHERE "places"."id" = 1130 LIMIT 1
  [1m[36mRoute Load (0.3ms)[0m  [1mselect * from routes where startplace_id = 1130[0m
  [1m[35mRoute Load (0.3ms)[0m  select * from routes where endplace_id = 1130
  [1m[36mCACHE (0.0ms)[0m  [1mSELECT "places".* FROM "places" WHERE "places"."id" = $1 LIMIT 1[0m  [["id", 1130]]
  [1m[35mCACHE (0.0ms)[0m  SELECT "places".* FROM "places" WHERE "places"."id" = $1 LIMIT 1  [["id", 974]]
  [1m[36mPlace Load (0.2ms)[0m  [1mSELECT "places".* FROM "places" WHERE "places"."id" = $1 LIMIT 1[0m  [["id", 1126]]
  [1m[35mPlace Load (0.3ms)[0m  SELECT "places".* FROM "places" WHERE "places"."id" = 1126 LIMIT 1
  [1m[36mRoute Load (0.3ms)[0m  [1mselect * from routes where startplace_id = 1126[0m
  [1m[35mRoute Load (0.3ms)[0m  select * from routes where endplace_id = 1126
  [1m[36mCACHE (0.0ms)[0m  [1mSELECT "places".* FROM "places" WHERE "places"."id" = $1 LIMIT 1[0m  [["id", 1126]]
  [1m[35mCACHE (0.0ms)[0m  SELECT "places".* FROM "places" WHERE "places"."id" = $1 LIMIT 1  [["id", 1130]]
  [1m[36mCACHE (0.0ms)[0m  [1mSELECT "places".* FROM "places" WHERE "places"."id" = $1 LIMIT 1[0m  [["id", 1126]]
  [1m[35mPlace Load (0.2ms)[0m  SELECT "places".* FROM "places" WHERE "places"."id" = $1 LIMIT 1  [["id", 769]]
  [1m[36mPlace Load (0.2ms)[0m  [1mSELECT "places".* FROM "places" WHERE "places"."id" = $1 LIMIT 1[0m  [["id", 1127]]
  [1m[35mPlace Load (0.2ms)[0m  SELECT "places".* FROM "places" WHERE "places"."id" = 1127 LIMIT 1
  [1m[36mRoute Load (0.3ms)[0m  [1mselect * from routes where startplace_id = 1127[0m
  [1m[35mRoute Load (0.3ms)[0m  select * from routes where endplace_id = 1127
  [1m[36mCACHE (0.0ms)[0m  [1mSELECT "places".* FROM "places" WHERE "places"."id" = $1 LIMIT 1[0m  [["id", 1127]]
  [1m[35mCACHE (0.0ms)[0m  SELECT "places".* FROM "places" WHERE "places"."id" = $1 LIMIT 1  [["id", 1126]]
  [1m[36mPlace Load (0.2ms)[0m  [1mSELECT "places".* FROM "places" WHERE "places"."id" = $1 LIMIT 1[0m  [["id", 419]]
  [1m[35mPlace Load (0.2ms)[0m  SELECT "places".* FROM "places" WHERE "places"."id" = 419 LIMIT 1
  [1m[36mRoute Load (0.3ms)[0m  [1mselect * from routes where startplace_id = 419[0m
  [1m[35mRoute Load (0.3ms)[0m  select * from routes where endplace_id = 419
  [1m[36mCACHE (0.0ms)[0m  [1mSELECT "places".* FROM "places" WHERE "places"."id" = $1 LIMIT 1[0m  [["id", 419]]
  [1m[35mCACHE (0.0ms)[0m  SELECT "places".* FROM "places" WHERE "places"."id" = $1 LIMIT 1  [["id", 1127]]
  [1m[36mPlace Load (0.2ms)[0m  [1mSELECT "places".* FROM "places" WHERE "places"."id" = $1 LIMIT 1[0m  [["id", 1128]]
BNewroutes
769
{:place=>974, :route=>[272, 22, -219, -231, -233, -234, -235, -237, -223, -225], :url=>"xrv-226xrv-225xrv-223xrv-237xrv-235xrv-234xrv-233xrv-231xrv-219xrv22xrv272"}
{:place=>419, :route=>[229, 228, 240, 239, 272, 22, -219, -231, -233, -234, -235, -237, -223, -225], :url=>"xrv-226xrv-225xrv-223xrv-237xrv-235xrv-234xrv-233xrv-231xrv-219xrv22xrv272xrv239xrv240xrv228xrv229"}
{:place=>1128, :route=>[230, 229, 228, 240, 239, 272, 22, -219, -231, -233, -234, -235, -237, -223, -225], :url=>"xrv-226xrv-225xrv-223xrv-237xrv-235xrv-234xrv-233xrv-231xrv-219xrv22xrv272xrv239xrv240xrv228xrv229xrv230"}
  [1m[35mCACHE (0.0ms)[0m  SELECT "places".* FROM "places" WHERE "places"."id" = 974 LIMIT 1
  [1m[36m (1.2ms)[0m  [1mSELECT COUNT(*) FROM "route_indices" WHERE (url = 'xrv-226xrv-225xrv-223xrv-237xrv-235xrv-234xrv-233xrv-231xrv-219xrv22xrv272')[0m
  [1m[35mPlaceType Load (0.2ms)[0m  select * from place_types where name='Roadend'
  [1m[36mSQL (0.4ms)[0m  [1mINSERT INTO "route_indices" ("created_at", "endplace_id", "isDest", "startplace_id", "updated_at", "url") VALUES ($1, $2, $3, $4, $5, $6) RETURNING "id"[0m  [["created_at", Mon, 27 Oct 2014 10:08:11 NZDT +13:00], ["endplace_id", 974], ["isDest", true], ["startplace_id", 769], ["updated_at", Mon, 27 Oct 2014 10:08:11 NZDT +13:00], ["url", "xrv-226xrv-225xrv-223xrv-237xrv-235xrv-234xrv-233xrv-231xrv-219xrv22xrv272"]]
  [1m[35mPlace Load (0.3ms)[0m  SELECT "places".* FROM "places" WHERE "places"."id" = 419 LIMIT 1
  [1m[36m (1.1ms)[0m  [1mSELECT COUNT(*) FROM "route_indices" WHERE (url = 'xrv-226xrv-225xrv-223xrv-237xrv-235xrv-234xrv-233xrv-231xrv-219xrv22xrv272xrv239xrv240xrv228xrv229')[0m
  [1m[35mPlaceType Load (0.2ms)[0m  select * from place_types where name='Hut'
  [1m[36mSQL (0.4ms)[0m  [1mINSERT INTO "route_indices" ("created_at", "endplace_id", "isDest", "startplace_id", "updated_at", "url") VALUES ($1, $2, $3, $4, $5, $6) RETURNING "id"[0m  [["created_at", Mon, 27 Oct 2014 10:08:11 NZDT +13:00], ["endplace_id", 419], ["isDest", true], ["startplace_id", 769], ["updated_at", Mon, 27 Oct 2014 10:08:11 NZDT +13:00], ["url", "xrv-226xrv-225xrv-223xrv-237xrv-235xrv-234xrv-233xrv-231xrv-219xrv22xrv272xrv239xrv240xrv228xrv229"]]
  [1m[35mPlace Load (0.3ms)[0m  SELECT "places".* FROM "places" WHERE "places"."id" = 1128 LIMIT 1
  [1m[36m (1.0ms)[0m  [1mSELECT COUNT(*) FROM "route_indices" WHERE (url = 'xrv-226xrv-225xrv-223xrv-237xrv-235xrv-234xrv-233xrv-231xrv-219xrv22xrv272xrv239xrv240xrv228xrv229xrv230')[0m
  [1m[35mPlaceType Load (0.2ms)[0m  select * from place_types where name='Roadend'
  [1m[36mSQL (0.3ms)[0m  [1mINSERT INTO "route_indices" ("created_at", "endplace_id", "isDest", "startplace_id", "updated_at", "url") VALUES ($1, $2, $3, $4, $5, $6) RETURNING "id"[0m  [["created_at", Mon, 27 Oct 2014 10:08:11 NZDT +13:00], ["endplace_id", 1128], ["isDest", true], ["startplace_id", 769], ["updated_at", Mon, 27 Oct 2014 10:08:11 NZDT +13:00], ["url", "xrv-226xrv-225xrv-223xrv-237xrv-235xrv-234xrv-233xrv-231xrv-219xrv22xrv272xrv239xrv240xrv228xrv229xrv230"]]
  [1m[35mPlace Load (0.3ms)[0m  SELECT "places".* FROM "places" WHERE "places"."id" = 1121 LIMIT 1
  [1m[36mPlaceType Load (0.2ms)[0m  [1mselect name, "isDest" from place_types[0m
  [1m[35mRoute Load (0.3ms)[0m  SELECT "routes".* FROM "routes" WHERE "routes"."id" = 221 LIMIT 1
  [1m[36mPlace Load (0.2ms)[0m  [1mSELECT "places".* FROM "places" WHERE "places"."id" = $1 LIMIT 1[0m  [["id", 1122]]
  [1m[35mPlace Load (0.2ms)[0m  SELECT "places".* FROM "places" WHERE "places"."id" = $1 LIMIT 1  [["id", 975]]
  [1m[36mRoute Load (0.3ms)[0m  [1mSELECT "routes".* FROM "routes" WHERE "routes"."id" = 238 LIMIT 1[0m
  [1m[35mCACHE (0.0ms)[0m  SELECT "places".* FROM "places" WHERE "places"."id" = $1 LIMIT 1  [["id", 975]]
  [1m[36mPlace Load (0.2ms)[0m  [1mSELECT "places".* FROM "places" WHERE "places"."id" = $1 LIMIT 1[0m  [["id", 1129]]
  [1m[35mRoute Load (0.3ms)[0m  SELECT "routes".* FROM "routes" WHERE "routes"."id" = 235 LIMIT 1
  [1m[36mCACHE (0.0ms)[0m  [1mSELECT "places".* FROM "places" WHERE "places"."id" = $1 LIMIT 1[0m  [["id", 1129]]
  [1m[35mPlace Load (0.2ms)[0m  SELECT "places".* FROM "places" WHERE "places"."id" = $1 LIMIT 1  [["id", 207]]
  [1m[36mRoute Load (0.3ms)[0m  [1mSELECT "routes".* FROM "routes" WHERE "routes"."id" = 234 LIMIT 1[0m
  [1m[35mCACHE (0.0ms)[0m  SELECT "places".* FROM "places" WHERE "places"."id" = $1 LIMIT 1  [["id", 207]]
  [1m[36mPlace Load (0.2ms)[0m  [1mSELECT "places".* FROM "places" WHERE "places"."id" = $1 LIMIT 1[0m  [["id", 650]]
  [1m[35mRoute Load (0.3ms)[0m  SELECT "routes".* FROM "routes" WHERE "routes"."id" = 233 LIMIT 1
  [1m[36mCACHE (0.0ms)[0m  [1mSELECT "places".* FROM "places" WHERE "places"."id" = $1 LIMIT 1[0m  [["id", 650]]
  [1m[35mPlace Load (0.2ms)[0m  SELECT "places".* FROM "places" WHERE "places"."id" = $1 LIMIT 1  [["id", 45]]
  [1m[36mRoute Load (0.3ms)[0m  [1mSELECT "routes".* FROM "routes" WHERE "routes"."id" = 231 LIMIT 1[0m
  [1m[35mCACHE (0.0ms)[0m  SELECT "places".* FROM "places" WHERE "places"."id" = $1 LIMIT 1  [["id", 45]]
  [1m[36mPlace Load (0.2ms)[0m  [1mSELECT "places".* FROM "places" WHERE "places"."id" = $1 LIMIT 1[0m  [["id", 976]]
  [1m[35mRoute Load (0.3ms)[0m  SELECT "routes".* FROM "routes" WHERE "routes"."id" = 219 LIMIT 1
  [1m[36mCACHE (0.0ms)[0m  [1mSELECT "places".* FROM "places" WHERE "places"."id" = $1 LIMIT 1[0m  [["id", 976]]
  [1m[35mPlace Load (0.2ms)[0m  SELECT "places".* FROM "places" WHERE "places"."id" = $1 LIMIT 1  [["id", 1119]]
  [1m[36mRoute Load (0.3ms)[0m  [1mSELECT "routes".* FROM "routes" WHERE "routes"."id" = 22 LIMIT 1[0m
  [1m[35mRoute Load (0.3ms)[0m  SELECT "routes".* FROM "routes" WHERE "routes"."id" = 272 LIMIT 1
  [1m[36mPlace Load (0.3ms)[0m  [1mSELECT "places".* FROM "places" WHERE "places"."id" = 974 LIMIT 1[0m
  [1m[35mCACHE (0.0ms)[0m  SELECT "places".* FROM "places" WHERE "places"."id" = 974 LIMIT 1
  [1m[36mRoute Load (0.3ms)[0m  [1mselect * from routes where startplace_id = 974[0m
  [1m[35mRoute Load (0.3ms)[0m  select * from routes where endplace_id = 974
  [1m[36mPlace Load (0.2ms)[0m  [1mSELECT "places".* FROM "places" WHERE "places"."id" = $1 LIMIT 1[0m  [["id", 974]]
  [1m[35mPlace Load (0.2ms)[0m  SELECT "places".* FROM "places" WHERE "places"."id" = $1 LIMIT 1  [["id", 471]]
  [1m[36mPlace Load (0.2ms)[0m  [1mSELECT "places".* FROM "places" WHERE "places"."id" = $1 LIMIT 1[0m  [["id", 1130]]
  [1m[35mPlace Load (0.2ms)[0m  SELECT "places".* FROM "places" WHERE "places"."id" = $1 LIMIT 1  [["id", 1124]]
  [1m[36mPlace Load (0.3ms)[0m  [1mSELECT "places".* FROM "places" WHERE "places"."id" = 1130 LIMIT 1[0m
  [1m[35mRoute Load (0.3ms)[0m  select * from routes where startplace_id = 1130
  [1m[36mRoute Load (0.3ms)[0m  [1mselect * from routes where endplace_id = 1130[0m
  [1m[35mCACHE (0.0ms)[0m  SELECT "places".* FROM "places" WHERE "places"."id" = $1 LIMIT 1  [["id", 1130]]
  [1m[36mCACHE (0.0ms)[0m  [1mSELECT "places".* FROM "places" WHERE "places"."id" = $1 LIMIT 1[0m  [["id", 974]]
  [1m[35mPlace Load (0.4ms)[0m  SELECT "places".* FROM "places" WHERE "places"."id" = $1 LIMIT 1  [["id", 1126]]
  [1m[36mPlace Load (0.4ms)[0m  [1mSELECT "places".* FROM "places" WHERE "places"."id" = 1124 LIMIT 1[0m
  [1m[35mRoute Load (0.3ms)[0m  select * from routes where startplace_id = 1124
  [1m[36mRoute Load (0.3ms)[0m  [1mselect * from routes where endplace_id = 1124[0m
  [1m[35mCACHE (0.0ms)[0m  SELECT "places".* FROM "places" WHERE "places"."id" = $1 LIMIT 1  [["id", 1124]]
  [1m[36mCACHE (0.0ms)[0m  [1mSELECT "places".* FROM "places" WHERE "places"."id" = $1 LIMIT 1[0m  [["id", 1129]]
  [1m[35mCACHE (0.0ms)[0m  SELECT "places".* FROM "places" WHERE "places"."id" = $1 LIMIT 1  [["id", 1124]]
  [1m[36mCACHE (0.0ms)[0m  [1mSELECT "places".* FROM "places" WHERE "places"."id" = $1 LIMIT 1[0m  [["id", 974]]
  [1m[35mPlace Load (0.2ms)[0m  SELECT "places".* FROM "places" WHERE "places"."id" = $1 LIMIT 1  [["id", 1123]]
  [1m[36mPlace Load (0.3ms)[0m  [1mSELECT "places".* FROM "places" WHERE "places"."id" = 1126 LIMIT 1[0m
  [1m[35mRoute Load (0.3ms)[0m  select * from routes where startplace_id = 1126
  [1m[36mRoute Load (0.4ms)[0m  [1mselect * from routes where endplace_id = 1126[0m
  [1m[35mCACHE (0.0ms)[0m  SELECT "places".* FROM "places" WHERE "places"."id" = $1 LIMIT 1  [["id", 1126]]
  [1m[36mCACHE (0.0ms)[0m  [1mSELECT "places".* FROM "places" WHERE "places"."id" = $1 LIMIT 1[0m  [["id", 1130]]
  [1m[35mCACHE (0.0ms)[0m  SELECT "places".* FROM "places" WHERE "places"."id" = $1 LIMIT 1  [["id", 1126]]
  [1m[36mPlace Load (0.2ms)[0m  [1mSELECT "places".* FROM "places" WHERE "places"."id" = $1 LIMIT 1[0m  [["id", 769]]
  [1m[35mPlace Load (0.2ms)[0m  SELECT "places".* FROM "places" WHERE "places"."id" = $1 LIMIT 1  [["id", 1127]]
  [1m[36mPlace Load (0.3ms)[0m  [1mSELECT "places".* FROM "places" WHERE "places"."id" = 1123 LIMIT 1[0m
  [1m[35mRoute Load (0.3ms)[0m  select * from routes where startplace_id = 1123
  [1m[36mRoute Load (0.3ms)[0m  [1mselect * from routes where endplace_id = 1123[0m
  [1m[35mCACHE (0.0ms)[0m  SELECT "places".* FROM "places" WHERE "places"."id" = $1 LIMIT 1  [["id", 1123]]
  [1m[36mCACHE (0.0ms)[0m  [1mSELECT "places".* FROM "places" WHERE "places"."id" = $1 LIMIT 1[0m  [["id", 1124]]
  [1m[35mCACHE (0.0ms)[0m  SELECT "places".* FROM "places" WHERE "places"."id" = $1 LIMIT 1  [["id", 975]]
  [1m[36mPlace Load (0.2ms)[0m  [1mSELECT "places".* FROM "places" WHERE "places"."id" = $1 LIMIT 1[0m  [["id", 1125]]
  [1m[35mPlace Load (0.3ms)[0m  SELECT "places".* FROM "places" WHERE "places"."id" = 1127 LIMIT 1
  [1m[36mRoute Load (0.3ms)[0m  [1mselect * from routes where startplace_id = 1127[0m
  [1m[35mRoute Load (0.3ms)[0m  select * from routes where endplace_id = 1127
  [1m[36mCACHE (0.0ms)[0m  [1mSELECT "places".* FROM "places" WHERE "places"."id" = $1 LIMIT 1[0m  [["id", 1127]]
  [1m[35mCACHE (0.0ms)[0m  SELECT "places".* FROM "places" WHERE "places"."id" = $1 LIMIT 1  [["id", 1126]]
  [1m[36mPlace Load (0.2ms)[0m  [1mSELECT "places".* FROM "places" WHERE "places"."id" = $1 LIMIT 1[0m  [["id", 419]]
  [1m[35mPlace Load (0.3ms)[0m  SELECT "places".* FROM "places" WHERE "places"."id" = 769 LIMIT 1
  [1m[36mRoute Load (0.3ms)[0m  [1mselect * from routes where startplace_id = 769[0m
  [1m[35mRoute Load (0.3ms)[0m  select * from routes where endplace_id = 769
  [1m[36mCACHE (0.0ms)[0m  [1mSELECT "places".* FROM "places" WHERE "places"."id" = $1 LIMIT 1[0m  [["id", 769]]
  [1m[35mCACHE (0.0ms)[0m  SELECT "places".* FROM "places" WHERE "places"."id" = $1 LIMIT 1  [["id", 1125]]
  [1m[36mCACHE (0.0ms)[0m  [1mSELECT "places".* FROM "places" WHERE "places"."id" = $1 LIMIT 1[0m  [["id", 1126]]
  [1m[35mPlace Load (0.3ms)[0m  SELECT "places".* FROM "places" WHERE "places"."id" = 1125 LIMIT 1
  [1m[36mRoute Load (0.3ms)[0m  [1mselect * from routes where startplace_id = 1125[0m
  [1m[35mRoute Load (0.3ms)[0m  select * from routes where endplace_id = 1125
  [1m[36mCACHE (0.0ms)[0m  [1mSELECT "places".* FROM "places" WHERE "places"."id" = $1 LIMIT 1[0m  [["id", 1125]]
  [1m[35mCACHE (0.0ms)[0m  SELECT "places".* FROM "places" WHERE "places"."id" = $1 LIMIT 1  [["id", 1123]]
  [1m[36mCACHE (0.0ms)[0m  [1mSELECT "places".* FROM "places" WHERE "places"."id" = $1 LIMIT 1[0m  [["id", 769]]
  [1m[35mPlace Load (0.3ms)[0m  SELECT "places".* FROM "places" WHERE "places"."id" = 419 LIMIT 1
  [1m[36mRoute Load (0.3ms)[0m  [1mselect * from routes where startplace_id = 419[0m
  [1m[35mRoute Load (0.3ms)[0m  select * from routes where endplace_id = 419
  [1m[36mCACHE (0.0ms)[0m  [1mSELECT "places".* FROM "places" WHERE "places"."id" = $1 LIMIT 1[0m  [["id", 419]]
  [1m[35mCACHE (0.0ms)[0m  SELECT "places".* FROM "places" WHERE "places"."id" = $1 LIMIT 1  [["id", 1127]]
  [1m[36mPlace Load (0.2ms)[0m  [1mSELECT "places".* FROM "places" WHERE "places"."id" = $1 LIMIT 1[0m  [["id", 1128]]
  [1m[35mCACHE (0.0ms)[0m  SELECT "places".* FROM "places" WHERE "places"."id" = 1125 LIMIT 1
  [1m[36mCACHE (0.0ms)[0m  [1mselect * from routes where startplace_id = 1125[0m
  [1m[35mCACHE (0.0ms)[0m  select * from routes where endplace_id = 1125
  [1m[36mCACHE (0.0ms)[0m  [1mSELECT "places".* FROM "places" WHERE "places"."id" = $1 LIMIT 1[0m  [["id", 1125]]
  [1m[35mCACHE (0.0ms)[0m  SELECT "places".* FROM "places" WHERE "places"."id" = $1 LIMIT 1  [["id", 1123]]
  [1m[36mCACHE (0.0ms)[0m  [1mSELECT "places".* FROM "places" WHERE "places"."id" = $1 LIMIT 1[0m  [["id", 769]]
  [1m[35mCACHE (0.0ms)[0m  SELECT "places".* FROM "places" WHERE "places"."id" = 769 LIMIT 1
  [1m[36mCACHE (0.0ms)[0m  [1mselect * from routes where startplace_id = 769[0m
  [1m[35mCACHE (0.0ms)[0m  select * from routes where endplace_id = 769
  [1m[36mCACHE (0.0ms)[0m  [1mSELECT "places".* FROM "places" WHERE "places"."id" = $1 LIMIT 1[0m  [["id", 769]]
  [1m[35mCACHE (0.0ms)[0m  SELECT "places".* FROM "places" WHERE "places"."id" = $1 LIMIT 1  [["id", 1125]]
  [1m[36mCACHE (0.0ms)[0m  [1mSELECT "places".* FROM "places" WHERE "places"."id" = $1 LIMIT 1[0m  [["id", 1126]]
  [1m[35mPlace Load (0.3ms)[0m  SELECT "places".* FROM "places" WHERE "places"."id" = 1128 LIMIT 1
  [1m[36mRoute Load (0.2ms)[0m  [1mselect * from routes where startplace_id = 1128[0m
  [1m[35mRoute Load (0.3ms)[0m  select * from routes where endplace_id = 1128
  [1m[36mCACHE (0.0ms)[0m  [1mSELECT "places".* FROM "places" WHERE "places"."id" = $1 LIMIT 1[0m  [["id", 1128]]
  [1m[35mCACHE (0.0ms)[0m  SELECT "places".* FROM "places" WHERE "places"."id" = $1 LIMIT 1  [["id", 419]]
  [1m[36mCACHE (0.0ms)[0m  [1mSELECT "places".* FROM "places" WHERE "places"."id" = 1123 LIMIT 1[0m
  [1m[35mCACHE (0.0ms)[0m  select * from routes where startplace_id = 1123
  [1m[36mCACHE (0.0ms)[0m  [1mselect * from routes where endplace_id = 1123[0m
  [1m[35mCACHE (0.0ms)[0m  SELECT "places".* FROM "places" WHERE "places"."id" = $1 LIMIT 1  [["id", 1123]]
  [1m[36mCACHE (0.0ms)[0m  [1mSELECT "places".* FROM "places" WHERE "places"."id" = $1 LIMIT 1[0m  [["id", 1124]]
  [1m[35mCACHE (0.0ms)[0m  SELECT "places".* FROM "places" WHERE "places"."id" = $1 LIMIT 1  [["id", 975]]
  [1m[36mCACHE (0.0ms)[0m  [1mSELECT "places".* FROM "places" WHERE "places"."id" = $1 LIMIT 1[0m  [["id", 1125]]
  [1m[35mCACHE (0.0ms)[0m  SELECT "places".* FROM "places" WHERE "places"."id" = 1126 LIMIT 1
  [1m[36mCACHE (0.0ms)[0m  [1mselect * from routes where startplace_id = 1126[0m
  [1m[35mCACHE (0.0ms)[0m  select * from routes where endplace_id = 1126
  [1m[36mCACHE (0.0ms)[0m  [1mSELECT "places".* FROM "places" WHERE "places"."id" = $1 LIMIT 1[0m  [["id", 1126]]
  [1m[35mCACHE (0.0ms)[0m  SELECT "places".* FROM "places" WHERE "places"."id" = $1 LIMIT 1  [["id", 1130]]
  [1m[36mCACHE (0.0ms)[0m  [1mSELECT "places".* FROM "places" WHERE "places"."id" = $1 LIMIT 1[0m  [["id", 1126]]
  [1m[35mCACHE (0.0ms)[0m  SELECT "places".* FROM "places" WHERE "places"."id" = $1 LIMIT 1  [["id", 769]]
  [1m[36mCACHE (0.0ms)[0m  [1mSELECT "places".* FROM "places" WHERE "places"."id" = $1 LIMIT 1[0m  [["id", 1127]]
BNewroutes
1121
{:place=>974, :route=>[272, 22, -219, -231, -233, -234, -235, -238, -221], :url=>"xrv-21xrv-221xrv-238xrv-235xrv-234xrv-233xrv-231xrv-219xrv22xrv272"}
{:place=>769, :route=>[-227, 240, 239, 272, 22, -219, -231, -233, -234, -235, -238, -221], :url=>"xrv-21xrv-221xrv-238xrv-235xrv-234xrv-233xrv-231xrv-219xrv22xrv272xrv239xrv240xrv-227"}
{:place=>1125, :route=>[225, 223, 224, 272, 22, -219, -231, -233, -234, -235, -238, -221], :url=>"xrv-21xrv-221xrv-238xrv-235xrv-234xrv-233xrv-231xrv-219xrv22xrv272xrv224xrv223xrv225"}
{:place=>419, :route=>[229, 228, 240, 239, 272, 22, -219, -231, -233, -234, -235, -238, -221], :url=>"xrv-21xrv-221xrv-238xrv-235xrv-234xrv-233xrv-231xrv-219xrv22xrv272xrv239xrv240xrv228xrv229"}
{:place=>1125, :route=>[-226, -227, 240, 239, 272, 22, -219, -231, -233, -234, -235, -238, -221], :url=>"xrv-21xrv-221xrv-238xrv-235xrv-234xrv-233xrv-231xrv-219xrv22xrv272xrv239xrv240xrv-227xrv-226"}
{:place=>769, :route=>[226, 225, 223, 224, 272, 22, -219, -231, -233, -234, -235, -238, -221], :url=>"xrv-21xrv-221xrv-238xrv-235xrv-234xrv-233xrv-231xrv-219xrv22xrv272xrv224xrv223xrv225xrv226"}
{:place=>1128, :route=>[230, 229, 228, 240, 239, 272, 22, -219, -231, -233, -234, -235, -238, -221], :url=>"xrv-21xrv-221xrv-238xrv-235xrv-234xrv-233xrv-231xrv-219xrv22xrv272xrv239xrv240xrv228xrv229xrv230"}
  [1m[35mCACHE (0.0ms)[0m  SELECT "places".* FROM "places" WHERE "places"."id" = 974 LIMIT 1
  [1m[36m (1.3ms)[0m  [1mSELECT COUNT(*) FROM "route_indices" WHERE (url = 'xrv-21xrv-221xrv-238xrv-235xrv-234xrv-233xrv-231xrv-219xrv22xrv272')[0m
  [1m[35mPlaceType Load (0.2ms)[0m  select * from place_types where name='Roadend'
  [1m[36mSQL (0.5ms)[0m  [1mINSERT INTO "route_indices" ("created_at", "endplace_id", "isDest", "startplace_id", "updated_at", "url") VALUES ($1, $2, $3, $4, $5, $6) RETURNING "id"[0m  [["created_at", Mon, 27 Oct 2014 10:08:11 NZDT +13:00], ["endplace_id", 974], ["isDest", true], ["startplace_id", 1121], ["updated_at", Mon, 27 Oct 2014 10:08:11 NZDT +13:00], ["url", "xrv-21xrv-221xrv-238xrv-235xrv-234xrv-233xrv-231xrv-219xrv22xrv272"]]
  [1m[35mPlace Load (0.3ms)[0m  SELECT "places".* FROM "places" WHERE "places"."id" = 769 LIMIT 1
  [1m[36m (1.1ms)[0m  [1mSELECT COUNT(*) FROM "route_indices" WHERE (url = 'xrv-21xrv-221xrv-238xrv-235xrv-234xrv-233xrv-231xrv-219xrv22xrv272xrv239xrv240xrv-227')[0m
  [1m[35mPlaceType Load (0.2ms)[0m  select * from place_types where name='Hut'
  [1m[36mSQL (0.4ms)[0m  [1mINSERT INTO "route_indices" ("created_at", "endplace_id", "isDest", "startplace_id", "updated_at", "url") VALUES ($1, $2, $3, $4, $5, $6) RETURNING "id"[0m  [["created_at", Mon, 27 Oct 2014 10:08:11 NZDT +13:00], ["endplace_id", 769], ["isDest", true], ["startplace_id", 1121], ["updated_at", Mon, 27 Oct 2014 10:08:11 NZDT +13:00], ["url", "xrv-21xrv-221xrv-238xrv-235xrv-234xrv-233xrv-231xrv-219xrv22xrv272xrv239xrv240xrv-227"]]
  [1m[35mPlace Load (0.3ms)[0m  SELECT "places".* FROM "places" WHERE "places"."id" = 1125 LIMIT 1
  [1m[36m (1.1ms)[0m  [1mSELECT COUNT(*) FROM "route_indices" WHERE (url = 'xrv-21xrv-221xrv-238xrv-235xrv-234xrv-233xrv-231xrv-219xrv22xrv272xrv224xrv223xrv225')[0m
  [1m[35mPlaceType Load (0.2ms)[0m  select * from place_types where name='Campsite'
  [1m[36mSQL (0.4ms)[0m  [1mINSERT INTO "route_indices" ("created_at", "endplace_id", "isDest", "startplace_id", "updated_at", "url") VALUES ($1, $2, $3, $4, $5, $6) RETURNING "id"[0m  [["created_at", Mon, 27 Oct 2014 10:08:11 NZDT +13:00], ["endplace_id", 1125], ["isDest", true], ["startplace_id", 1121], ["updated_at", Mon, 27 Oct 2014 10:08:11 NZDT +13:00], ["url", "xrv-21xrv-221xrv-238xrv-235xrv-234xrv-233xrv-231xrv-219xrv22xrv272xrv224xrv223xrv225"]]
  [1m[35mPlace Load (0.3ms)[0m  SELECT "places".* FROM "places" WHERE "places"."id" = 419 LIMIT 1
  [1m[36m (1.1ms)[0m  [1mSELECT COUNT(*) FROM "route_indices" WHERE (url = 'xrv-21xrv-221xrv-238xrv-235xrv-234xrv-233xrv-231xrv-219xrv22xrv272xrv239xrv240xrv228xrv229')[0m
  [1m[35mPlaceType Load (0.2ms)[0m  select * from place_types where name='Hut'
  [1m[36mSQL (0.5ms)[0m  [1mINSERT INTO "route_indices" ("created_at", "endplace_id", "isDest", "startplace_id", "updated_at", "url") VALUES ($1, $2, $3, $4, $5, $6) RETURNING "id"[0m  [["created_at", Mon, 27 Oct 2014 10:08:11 NZDT +13:00], ["endplace_id", 419], ["isDest", true], ["startplace_id", 1121], ["updated_at", Mon, 27 Oct 2014 10:08:11 NZDT +13:00], ["url", "xrv-21xrv-221xrv-238xrv-235xrv-234xrv-233xrv-231xrv-219xrv22xrv272xrv239xrv240xrv228xrv229"]]
  [1m[35mPlace Load (0.3ms)[0m  SELECT "places".* FROM "places" WHERE "places"."id" = 1125 LIMIT 1
  [1m[36m (1.0ms)[0m  [1mSELECT COUNT(*) FROM "route_indices" WHERE (url = 'xrv-21xrv-221xrv-238xrv-235xrv-234xrv-233xrv-231xrv-219xrv22xrv272xrv239xrv240xrv-227xrv-226')[0m
  [1m[35mPlaceType Load (0.2ms)[0m  select * from place_types where name='Campsite'
  [1m[36mSQL (0.4ms)[0m  [1mINSERT INTO "route_indices" ("created_at", "endplace_id", "isDest", "startplace_id", "updated_at", "url") VALUES ($1, $2, $3, $4, $5, $6) RETURNING "id"[0m  [["created_at", Mon, 27 Oct 2014 10:08:11 NZDT +13:00], ["endplace_id", 1125], ["isDest", true], ["startplace_id", 1121], ["updated_at", Mon, 27 Oct 2014 10:08:11 NZDT +13:00], ["url", "xrv-21xrv-221xrv-238xrv-235xrv-234xrv-233xrv-231xrv-219xrv22xrv272xrv239xrv240xrv-227xrv-226"]]
  [1m[35mPlace Load (0.3ms)[0m  SELECT "places".* FROM "places" WHERE "places"."id" = 769 LIMIT 1
  [1m[36m (1.1ms)[0m  [1mSELECT COUNT(*) FROM "route_indices" WHERE (url = 'xrv-21xrv-221xrv-238xrv-235xrv-234xrv-233xrv-231xrv-219xrv22xrv272xrv224xrv223xrv225xrv226')[0m
  [1m[35mPlaceType Load (0.2ms)[0m  select * from place_types where name='Hut'
  [1m[36mSQL (0.4ms)[0m  [1mINSERT INTO "route_indices" ("created_at", "endplace_id", "isDest", "startplace_id", "updated_at", "url") VALUES ($1, $2, $3, $4, $5, $6) RETURNING "id"[0m  [["created_at", Mon, 27 Oct 2014 10:08:11 NZDT +13:00], ["endplace_id", 769], ["isDest", true], ["startplace_id", 1121], ["updated_at", Mon, 27 Oct 2014 10:08:11 NZDT +13:00], ["url", "xrv-21xrv-221xrv-238xrv-235xrv-234xrv-233xrv-231xrv-219xrv22xrv272xrv224xrv223xrv225xrv226"]]
  [1m[35mPlace Load (0.3ms)[0m  SELECT "places".* FROM "places" WHERE "places"."id" = 1128 LIMIT 1
  [1m[36m (1.1ms)[0m  [1mSELECT COUNT(*) FROM "route_indices" WHERE (url = 'xrv-21xrv-221xrv-238xrv-235xrv-234xrv-233xrv-231xrv-219xrv22xrv272xrv239xrv240xrv228xrv229xrv230')[0m
  [1m[35mPlaceType Load (0.2ms)[0m  select * from place_types where name='Roadend'
  [1m[36mSQL (0.4ms)[0m  [1mINSERT INTO "route_indices" ("created_at", "endplace_id", "isDest", "startplace_id", "updated_at", "url") VALUES ($1, $2, $3, $4, $5, $6) RETURNING "id"[0m  [["created_at", Mon, 27 Oct 2014 10:08:11 NZDT +13:00], ["endplace_id", 1128], ["isDest", true], ["startplace_id", 1121], ["updated_at", Mon, 27 Oct 2014 10:08:11 NZDT +13:00], ["url", "xrv-21xrv-221xrv-238xrv-235xrv-234xrv-233xrv-231xrv-219xrv22xrv272xrv239xrv240xrv228xrv229xrv230"]]
  [1m[35mPlace Load (0.3ms)[0m  SELECT "places".* FROM "places" WHERE "places"."id" = 769 LIMIT 1
  [1m[36mPlaceType Load (0.2ms)[0m  [1mselect name, "isDest" from place_types[0m
  [1m[35mRoute Load (0.4ms)[0m  SELECT "routes".* FROM "routes" WHERE "routes"."id" = 225 LIMIT 1
  [1m[36mPlace Load (0.3ms)[0m  [1mSELECT "places".* FROM "places" WHERE "places"."id" = $1 LIMIT 1[0m  [["id", 1125]]
  [1m[35mPlace Load (0.2ms)[0m  SELECT "places".* FROM "places" WHERE "places"."id" = $1 LIMIT 1  [["id", 1123]]
  [1m[36mRoute Load (0.3ms)[0m  [1mSELECT "routes".* FROM "routes" WHERE "routes"."id" = 222 LIMIT 1[0m
  [1m[35mRoute Load (0.4ms)[0m  SELECT "routes".* FROM "routes" WHERE "routes"."id" = 238 LIMIT 1
  [1m[36mPlace Load (0.2ms)[0m  [1mSELECT "places".* FROM "places" WHERE "places"."id" = $1 LIMIT 1[0m  [["id", 975]]
  [1m[35mPlace Load (0.2ms)[0m  SELECT "places".* FROM "places" WHERE "places"."id" = $1 LIMIT 1  [["id", 1129]]
  [1m[36mRoute Load (0.3ms)[0m  [1mSELECT "routes".* FROM "routes" WHERE "routes"."id" = 235 LIMIT 1[0m
  [1m[35mCACHE (0.0ms)[0m  SELECT "places".* FROM "places" WHERE "places"."id" = $1 LIMIT 1  [["id", 1129]]
  [1m[36mPlace Load (0.2ms)[0m  [1mSELECT "places".* FROM "places" WHERE "places"."id" = $1 LIMIT 1[0m  [["id", 207]]
  [1m[35mRoute Load (0.3ms)[0m  SELECT "routes".* FROM "routes" WHERE "routes"."id" = 234 LIMIT 1
  [1m[36mCACHE (0.0ms)[0m  [1mSELECT "places".* FROM "places" WHERE "places"."id" = $1 LIMIT 1[0m  [["id", 207]]
  [1m[35mPlace Load (0.3ms)[0m  SELECT "places".* FROM "places" WHERE "places"."id" = $1 LIMIT 1  [["id", 650]]
  [1m[36mRoute Load (0.3ms)[0m  [1mSELECT "routes".* FROM "routes" WHERE "routes"."id" = 233 LIMIT 1[0m
  [1m[35mCACHE (0.0ms)[0m  SELECT "places".* FROM "places" WHERE "places"."id" = $1 LIMIT 1  [["id", 650]]
  [1m[36mPlace Load (0.2ms)[0m  [1mSELECT "places".* FROM "places" WHERE "places"."id" = $1 LIMIT 1[0m  [["id", 45]]
  [1m[35mRoute Load (50.1ms)[0m  SELECT "routes".* FROM "routes" WHERE "routes"."id" = 231 LIMIT 1
  [1m[36mCACHE (0.0ms)[0m  [1mSELECT "places".* FROM "places" WHERE "places"."id" = $1 LIMIT 1[0m  [["id", 45]]
  [1m[35mPlace Load (0.5ms)[0m  SELECT "places".* FROM "places" WHERE "places"."id" = $1 LIMIT 1  [["id", 976]]
  [1m[36mRoute Load (0.7ms)[0m  [1mSELECT "routes".* FROM "routes" WHERE "routes"."id" = 219 LIMIT 1[0m
  [1m[35mCACHE (0.0ms)[0m  SELECT "places".* FROM "places" WHERE "places"."id" = $1 LIMIT 1  [["id", 976]]
  [1m[36mPlace Load (0.2ms)[0m  [1mSELECT "places".* FROM "places" WHERE "places"."id" = $1 LIMIT 1[0m  [["id", 1119]]
  [1m[35mRoute Load (0.3ms)[0m  SELECT "routes".* FROM "routes" WHERE "routes"."id" = 22 LIMIT 1
  [1m[36mRoute Load (0.3ms)[0m  [1mSELECT "routes".* FROM "routes" WHERE "routes"."id" = 272 LIMIT 1[0m
  [1m[35mPlace Load (0.3ms)[0m  SELECT "places".* FROM "places" WHERE "places"."id" = 974 LIMIT 1
  [1m[36mCACHE (0.0ms)[0m  [1mSELECT "places".* FROM "places" WHERE "places"."id" = 974 LIMIT 1[0m
  [1m[35mRoute Load (0.3ms)[0m  select * from routes where startplace_id = 974
  [1m[36mRoute Load (0.3ms)[0m  [1mselect * from routes where endplace_id = 974[0m
  [1m[35mPlace Load (0.2ms)[0m  SELECT "places".* FROM "places" WHERE "places"."id" = $1 LIMIT 1  [["id", 974]]
  [1m[36mPlace Load (0.2ms)[0m  [1mSELECT "places".* FROM "places" WHERE "places"."id" = $1 LIMIT 1[0m  [["id", 471]]
  [1m[35mPlace Load (0.2ms)[0m  SELECT "places".* FROM "places" WHERE "places"."id" = $1 LIMIT 1  [["id", 1130]]
  [1m[36mPlace Load (0.2ms)[0m  [1mSELECT "places".* FROM "places" WHERE "places"."id" = $1 LIMIT 1[0m  [["id", 1124]]
  [1m[35mPlace Load (0.3ms)[0m  SELECT "places".* FROM "places" WHERE "places"."id" = 1130 LIMIT 1
  [1m[36mRoute Load (0.3ms)[0m  [1mselect * from routes where startplace_id = 1130[0m
  [1m[35mRoute Load (0.3ms)[0m  select * from routes where endplace_id = 1130
  [1m[36mCACHE (0.0ms)[0m  [1mSELECT "places".* FROM "places" WHERE "places"."id" = $1 LIMIT 1[0m  [["id", 1130]]
  [1m[35mCACHE (0.0ms)[0m  SELECT "places".* FROM "places" WHERE "places"."id" = $1 LIMIT 1  [["id", 974]]
  [1m[36mPlace Load (0.2ms)[0m  [1mSELECT "places".* FROM "places" WHERE "places"."id" = $1 LIMIT 1[0m  [["id", 1126]]
  [1m[35mPlace Load (0.2ms)[0m  SELECT "places".* FROM "places" WHERE "places"."id" = 1124 LIMIT 1
  [1m[36mRoute Load (0.3ms)[0m  [1mselect * from routes where startplace_id = 1124[0m
  [1m[35mRoute Load (0.3ms)[0m  select * from routes where endplace_id = 1124
  [1m[36mCACHE (0.0ms)[0m  [1mSELECT "places".* FROM "places" WHERE "places"."id" = $1 LIMIT 1[0m  [["id", 1124]]
  [1m[35mCACHE (0.0ms)[0m  SELECT "places".* FROM "places" WHERE "places"."id" = $1 LIMIT 1  [["id", 1129]]
  [1m[36mCACHE (0.0ms)[0m  [1mSELECT "places".* FROM "places" WHERE "places"."id" = $1 LIMIT 1[0m  [["id", 1124]]
  [1m[35mCACHE (0.0ms)[0m  SELECT "places".* FROM "places" WHERE "places"."id" = $1 LIMIT 1  [["id", 974]]
  [1m[36mCACHE (0.0ms)[0m  [1mSELECT "places".* FROM "places" WHERE "places"."id" = $1 LIMIT 1[0m  [["id", 1123]]
  [1m[35mPlace Load (0.3ms)[0m  SELECT "places".* FROM "places" WHERE "places"."id" = 1126 LIMIT 1
  [1m[36mRoute Load (0.3ms)[0m  [1mselect * from routes where startplace_id = 1126[0m
  [1m[35mRoute Load (0.3ms)[0m  select * from routes where endplace_id = 1126
  [1m[36mCACHE (0.0ms)[0m  [1mSELECT "places".* FROM "places" WHERE "places"."id" = $1 LIMIT 1[0m  [["id", 1126]]
  [1m[35mCACHE (0.0ms)[0m  SELECT "places".* FROM "places" WHERE "places"."id" = $1 LIMIT 1  [["id", 1130]]
  [1m[36mCACHE (0.0ms)[0m  [1mSELECT "places".* FROM "places" WHERE "places"."id" = $1 LIMIT 1[0m  [["id", 1126]]
  [1m[35mPlace Load (0.2ms)[0m  SELECT "places".* FROM "places" WHERE "places"."id" = $1 LIMIT 1  [["id", 769]]
  [1m[36mPlace Load (0.2ms)[0m  [1mSELECT "places".* FROM "places" WHERE "places"."id" = $1 LIMIT 1[0m  [["id", 1127]]
  [1m[35mPlace Load (0.2ms)[0m  SELECT "places".* FROM "places" WHERE "places"."id" = 1127 LIMIT 1
  [1m[36mRoute Load (0.3ms)[0m  [1mselect * from routes where startplace_id = 1127[0m
  [1m[35mRoute Load (0.3ms)[0m  select * from routes where endplace_id = 1127
  [1m[36mCACHE (0.0ms)[0m  [1mSELECT "places".* FROM "places" WHERE "places"."id" = $1 LIMIT 1[0m  [["id", 1127]]
  [1m[35mCACHE (0.0ms)[0m  SELECT "places".* FROM "places" WHERE "places"."id" = $1 LIMIT 1  [["id", 1126]]
  [1m[36mPlace Load (0.2ms)[0m  [1mSELECT "places".* FROM "places" WHERE "places"."id" = $1 LIMIT 1[0m  [["id", 419]]
  [1m[35mPlace Load (0.3ms)[0m  SELECT "places".* FROM "places" WHERE "places"."id" = 419 LIMIT 1
  [1m[36mRoute Load (0.3ms)[0m  [1mselect * from routes where startplace_id = 419[0m
  [1m[35mRoute Load (0.3ms)[0m  select * from routes where endplace_id = 419
  [1m[36mCACHE (0.0ms)[0m  [1mSELECT "places".* FROM "places" WHERE "places"."id" = $1 LIMIT 1[0m  [["id", 419]]
  [1m[35mCACHE (0.0ms)[0m  SELECT "places".* FROM "places" WHERE "places"."id" = $1 LIMIT 1  [["id", 1127]]
  [1m[36mPlace Load (0.2ms)[0m  [1mSELECT "places".* FROM "places" WHERE "places"."id" = $1 LIMIT 1[0m  [["id", 1128]]
BNewroutes
769
{:place=>974, :route=>[272, 22, -219, -231, -233, -234, -235, -238, 222, -225], :url=>"xrv-226xrv-225xrv222xrv-238xrv-235xrv-234xrv-233xrv-231xrv-219xrv22xrv272"}
{:place=>1124, :route=>[224, 272, 22, -219, -231, -233, -234, -235, -238, 222, -225], :url=>"xrv-226xrv-225xrv222xrv-238xrv-235xrv-234xrv-233xrv-231xrv-219xrv22xrv272xrv224"}
{:place=>419, :route=>[229, 228, 240, 239, 272, 22, -219, -231, -233, -234, -235, -238, 222, -225], :url=>"xrv-226xrv-225xrv222xrv-238xrv-235xrv-234xrv-233xrv-231xrv-219xrv22xrv272xrv239xrv240xrv228xrv229"}
{:place=>1128, :route=>[230, 229, 228, 240, 239, 272, 22, -219, -231, -233, -234, -235, -238, 222, -225], :url=>"xrv-226xrv-225xrv222xrv-238xrv-235xrv-234xrv-233xrv-231xrv-219xrv22xrv272xrv239xrv240xrv228xrv229xrv230"}
  [1m[35mCACHE (0.0ms)[0m  SELECT "places".* FROM "places" WHERE "places"."id" = 974 LIMIT 1
  [1m[36m (1.3ms)[0m  [1mSELECT COUNT(*) FROM "route_indices" WHERE (url = 'xrv-226xrv-225xrv222xrv-238xrv-235xrv-234xrv-233xrv-231xrv-219xrv22xrv272')[0m
  [1m[35mPlaceType Load (0.2ms)[0m  select * from place_types where name='Roadend'
  [1m[36mSQL (0.6ms)[0m  [1mINSERT INTO "route_indices" ("created_at", "endplace_id", "isDest", "startplace_id", "updated_at", "url") VALUES ($1, $2, $3, $4, $5, $6) RETURNING "id"[0m  [["created_at", Mon, 27 Oct 2014 10:08:11 NZDT +13:00], ["endplace_id", 974], ["isDest", true], ["startplace_id", 769], ["updated_at", Mon, 27 Oct 2014 10:08:11 NZDT +13:00], ["url", "xrv-226xrv-225xrv222xrv-238xrv-235xrv-234xrv-233xrv-231xrv-219xrv22xrv272"]]
  [1m[35mPlace Load (0.3ms)[0m  SELECT "places".* FROM "places" WHERE "places"."id" = 1124 LIMIT 1
  [1m[36m (1.1ms)[0m  [1mSELECT COUNT(*) FROM "route_indices" WHERE (url = 'xrv-226xrv-225xrv222xrv-238xrv-235xrv-234xrv-233xrv-231xrv-219xrv22xrv272xrv224')[0m
  [1m[35mPlaceType Load (0.2ms)[0m  select * from place_types where name='Junction'
  [1m[36mSQL (0.4ms)[0m  [1mINSERT INTO "route_indices" ("created_at", "endplace_id", "isDest", "startplace_id", "updated_at", "url") VALUES ($1, $2, $3, $4, $5, $6) RETURNING "id"[0m  [["created_at", Mon, 27 Oct 2014 10:08:11 NZDT +13:00], ["endplace_id", 1124], ["isDest", false], ["startplace_id", 769], ["updated_at", Mon, 27 Oct 2014 10:08:11 NZDT +13:00], ["url", "xrv-226xrv-225xrv222xrv-238xrv-235xrv-234xrv-233xrv-231xrv-219xrv22xrv272xrv224"]]
  [1m[35mPlace Load (0.3ms)[0m  SELECT "places".* FROM "places" WHERE "places"."id" = 419 LIMIT 1
  [1m[36m (1.2ms)[0m  [1mSELECT COUNT(*) FROM "route_indices" WHERE (url = 'xrv-226xrv-225xrv222xrv-238xrv-235xrv-234xrv-233xrv-231xrv-219xrv22xrv272xrv239xrv240xrv228xrv229')[0m
  [1m[35mPlaceType Load (0.2ms)[0m  select * from place_types where name='Hut'
  [1m[36mSQL (0.4ms)[0m  [1mINSERT INTO "route_indices" ("created_at", "endplace_id", "isDest", "startplace_id", "updated_at", "url") VALUES ($1, $2, $3, $4, $5, $6) RETURNING "id"[0m  [["created_at", Mon, 27 Oct 2014 10:08:11 NZDT +13:00], ["endplace_id", 419], ["isDest", true], ["startplace_id", 769], ["updated_at", Mon, 27 Oct 2014 10:08:11 NZDT +13:00], ["url", "xrv-226xrv-225xrv222xrv-238xrv-235xrv-234xrv-233xrv-231xrv-219xrv22xrv272xrv239xrv240xrv228xrv229"]]
  [1m[35mPlace Load (0.3ms)[0m  SELECT "places".* FROM "places" WHERE "places"."id" = 1128 LIMIT 1
  [1m[36m (1.1ms)[0m  [1mSELECT COUNT(*) FROM "route_indices" WHERE (url = 'xrv-226xrv-225xrv222xrv-238xrv-235xrv-234xrv-233xrv-231xrv-219xrv22xrv272xrv239xrv240xrv228xrv229xrv230')[0m
  [1m[35mPlaceType Load (0.2ms)[0m  select * from place_types where name='Roadend'
  [1m[36mSQL (0.3ms)[0m  [1mINSERT INTO "route_indices" ("created_at", "endplace_id", "isDest", "startplace_id", "updated_at", "url") VALUES ($1, $2, $3, $4, $5, $6) RETURNING "id"[0m  [["created_at", Mon, 27 Oct 2014 10:08:11 NZDT +13:00], ["endplace_id", 1128], ["isDest", true], ["startplace_id", 769], ["updated_at", Mon, 27 Oct 2014 10:08:11 NZDT +13:00], ["url", "xrv-226xrv-225xrv222xrv-238xrv-235xrv-234xrv-233xrv-231xrv-219xrv22xrv272xrv239xrv240xrv228xrv229xrv230"]]
  [1m[35mPlace Load (0.3ms)[0m  SELECT "places".* FROM "places" WHERE "places"."id" = 974 LIMIT 1
  [1m[36mPlaceType Load (0.2ms)[0m  [1mselect name, "isDest" from place_types[0m
  [1m[35mRoute Load (0.3ms)[0m  SELECT "routes".* FROM "routes" WHERE "routes"."id" = 223 LIMIT 1
  [1m[36mRoute Load (0.3ms)[0m  [1mSELECT "routes".* FROM "routes" WHERE "routes"."id" = 222 LIMIT 1[0m
  [1m[35mRoute Load (0.3ms)[0m  SELECT "routes".* FROM "routes" WHERE "routes"."id" = 238 LIMIT 1
  [1m[36mPlace Load (0.2ms)[0m  [1mSELECT "places".* FROM "places" WHERE "places"."id" = $1 LIMIT 1[0m  [["id", 975]]
  [1m[35mPlace Load (0.2ms)[0m  SELECT "places".* FROM "places" WHERE "places"."id" = $1 LIMIT 1  [["id", 1129]]
  [1m[36mRoute Load (0.3ms)[0m  [1mSELECT "routes".* FROM "routes" WHERE "routes"."id" = 235 LIMIT 1[0m
  [1m[35mCACHE (0.0ms)[0m  SELECT "places".* FROM "places" WHERE "places"."id" = $1 LIMIT 1  [["id", 1129]]
  [1m[36mPlace Load (0.2ms)[0m  [1mSELECT "places".* FROM "places" WHERE "places"."id" = $1 LIMIT 1[0m  [["id", 207]]
  [1m[35mRoute Load (0.3ms)[0m  SELECT "routes".* FROM "routes" WHERE "routes"."id" = 234 LIMIT 1
  [1m[36mCACHE (0.0ms)[0m  [1mSELECT "places".* FROM "places" WHERE "places"."id" = $1 LIMIT 1[0m  [["id", 207]]
  [1m[35mPlace Load (0.2ms)[0m  SELECT "places".* FROM "places" WHERE "places"."id" = $1 LIMIT 1  [["id", 650]]
  [1m[36mRoute Load (0.3ms)[0m  [1mSELECT "routes".* FROM "routes" WHERE "routes"."id" = 233 LIMIT 1[0m
  [1m[35mCACHE (0.0ms)[0m  SELECT "places".* FROM "places" WHERE "places"."id" = $1 LIMIT 1  [["id", 650]]
  [1m[36mPlace Load (0.2ms)[0m  [1mSELECT "places".* FROM "places" WHERE "places"."id" = $1 LIMIT 1[0m  [["id", 45]]
  [1m[35mRoute Load (0.3ms)[0m  SELECT "routes".* FROM "routes" WHERE "routes"."id" = 231 LIMIT 1
  [1m[36mCACHE (0.0ms)[0m  [1mSELECT "places".* FROM "places" WHERE "places"."id" = $1 LIMIT 1[0m  [["id", 45]]
  [1m[35mPlace Load (0.2ms)[0m  SELECT "places".* FROM "places" WHERE "places"."id" = $1 LIMIT 1  [["id", 976]]
  [1m[36mRoute Load (0.3ms)[0m  [1mSELECT "routes".* FROM "routes" WHERE "routes"."id" = 219 LIMIT 1[0m
  [1m[35mCACHE (0.0ms)[0m  SELECT "places".* FROM "places" WHERE "places"."id" = $1 LIMIT 1  [["id", 976]]
  [1m[36mPlace Load (0.2ms)[0m  [1mSELECT "places".* FROM "places" WHERE "places"."id" = $1 LIMIT 1[0m  [["id", 1119]]
  [1m[35mRoute Load (0.3ms)[0m  SELECT "routes".* FROM "routes" WHERE "routes"."id" = 22 LIMIT 1
  [1m[36mRoute Load (0.3ms)[0m  [1mSELECT "routes".* FROM "routes" WHERE "routes"."id" = 272 LIMIT 1[0m
  [1m[35mCACHE (0.0ms)[0m  SELECT "places".* FROM "places" WHERE "places"."id" = 974 LIMIT 1
  [1m[36mCACHE (0.0ms)[0m  [1mSELECT "places".* FROM "places" WHERE "places"."id" = 974 LIMIT 1[0m
  [1m[35mRoute Load (0.3ms)[0m  select * from routes where startplace_id = 974
  [1m[36mRoute Load (0.3ms)[0m  [1mselect * from routes where endplace_id = 974[0m
  [1m[35mPlace Load (0.2ms)[0m  SELECT "places".* FROM "places" WHERE "places"."id" = $1 LIMIT 1  [["id", 974]]
  [1m[36mPlace Load (0.2ms)[0m  [1mSELECT "places".* FROM "places" WHERE "places"."id" = $1 LIMIT 1[0m  [["id", 471]]
  [1m[35mPlace Load (0.2ms)[0m  SELECT "places".* FROM "places" WHERE "places"."id" = $1 LIMIT 1  [["id", 1130]]
  [1m[36mPlace Load (0.2ms)[0m  [1mSELECT "places".* FROM "places" WHERE "places"."id" = $1 LIMIT 1[0m  [["id", 1124]]
  [1m[35mPlace Load (0.3ms)[0m  SELECT "places".* FROM "places" WHERE "places"."id" = 1130 LIMIT 1
  [1m[36mRoute Load (0.3ms)[0m  [1mselect * from routes where startplace_id = 1130[0m
  [1m[35mRoute Load (0.3ms)[0m  select * from routes where endplace_id = 1130
  [1m[36mCACHE (0.0ms)[0m  [1mSELECT "places".* FROM "places" WHERE "places"."id" = $1 LIMIT 1[0m  [["id", 1130]]
  [1m[35mCACHE (0.0ms)[0m  SELECT "places".* FROM "places" WHERE "places"."id" = $1 LIMIT 1  [["id", 974]]
  [1m[36mPlace Load (0.2ms)[0m  [1mSELECT "places".* FROM "places" WHERE "places"."id" = $1 LIMIT 1[0m  [["id", 1126]]
  [1m[35mPlace Load (0.3ms)[0m  SELECT "places".* FROM "places" WHERE "places"."id" = 1124 LIMIT 1
  [1m[36mRoute Load (0.3ms)[0m  [1mselect * from routes where startplace_id = 1124[0m
  [1m[35mRoute Load (0.3ms)[0m  select * from routes where endplace_id = 1124
  [1m[36mCACHE (0.0ms)[0m  [1mSELECT "places".* FROM "places" WHERE "places"."id" = $1 LIMIT 1[0m  [["id", 1124]]
  [1m[35mCACHE (0.0ms)[0m  SELECT "places".* FROM "places" WHERE "places"."id" = $1 LIMIT 1  [["id", 1129]]
  [1m[36mCACHE (0.0ms)[0m  [1mSELECT "places".* FROM "places" WHERE "places"."id" = $1 LIMIT 1[0m  [["id", 1124]]
  [1m[35mCACHE (0.0ms)[0m  SELECT "places".* FROM "places" WHERE "places"."id" = $1 LIMIT 1  [["id", 974]]
  [1m[36mPlace Load (0.2ms)[0m  [1mSELECT "places".* FROM "places" WHERE "places"."id" = $1 LIMIT 1[0m  [["id", 1123]]
  [1m[35mPlace Load (0.2ms)[0m  SELECT "places".* FROM "places" WHERE "places"."id" = 1126 LIMIT 1
  [1m[36mRoute Load (0.3ms)[0m  [1mselect * from routes where startplace_id = 1126[0m
  [1m[35mRoute Load (0.3ms)[0m  select * from routes where endplace_id = 1126
  [1m[36mCACHE (0.0ms)[0m  [1mSELECT "places".* FROM "places" WHERE "places"."id" = $1 LIMIT 1[0m  [["id", 1126]]
  [1m[35mCACHE (0.0ms)[0m  SELECT "places".* FROM "places" WHERE "places"."id" = $1 LIMIT 1  [["id", 1130]]
  [1m[36mCACHE (0.0ms)[0m  [1mSELECT "places".* FROM "places" WHERE "places"."id" = $1 LIMIT 1[0m  [["id", 1126]]
  [1m[35mPlace Load (0.2ms)[0m  SELECT "places".* FROM "places" WHERE "places"."id" = $1 LIMIT 1  [["id", 769]]
  [1m[36mPlace Load (0.2ms)[0m  [1mSELECT "places".* FROM "places" WHERE "places"."id" = $1 LIMIT 1[0m  [["id", 1127]]
  [1m[35mPlace Load (0.2ms)[0m  SELECT "places".* FROM "places" WHERE "places"."id" = 1127 LIMIT 1
  [1m[36mRoute Load (0.3ms)[0m  [1mselect * from routes where startplace_id = 1127[0m
  [1m[35mRoute Load (0.3ms)[0m  select * from routes where endplace_id = 1127
  [1m[36mCACHE (0.0ms)[0m  [1mSELECT "places".* FROM "places" WHERE "places"."id" = $1 LIMIT 1[0m  [["id", 1127]]
  [1m[35mCACHE (0.0ms)[0m  SELECT "places".* FROM "places" WHERE "places"."id" = $1 LIMIT 1  [["id", 1126]]
  [1m[36mPlace Load (0.2ms)[0m  [1mSELECT "places".* FROM "places" WHERE "places"."id" = $1 LIMIT 1[0m  [["id", 419]]
  [1m[35mPlace Load (0.5ms)[0m  SELECT "places".* FROM "places" WHERE "places"."id" = 769 LIMIT 1
  [1m[36mRoute Load (0.3ms)[0m  [1mselect * from routes where startplace_id = 769[0m
  [1m[35mRoute Load (0.3ms)[0m  select * from routes where endplace_id = 769
  [1m[36mCACHE (0.0ms)[0m  [1mSELECT "places".* FROM "places" WHERE "places"."id" = $1 LIMIT 1[0m  [["id", 769]]
  [1m[35mPlace Load (0.2ms)[0m  SELECT "places".* FROM "places" WHERE "places"."id" = $1 LIMIT 1  [["id", 1125]]
  [1m[36mCACHE (0.0ms)[0m  [1mSELECT "places".* FROM "places" WHERE "places"."id" = $1 LIMIT 1[0m  [["id", 1126]]
  [1m[35mPlace Load (0.3ms)[0m  SELECT "places".* FROM "places" WHERE "places"."id" = 419 LIMIT 1
  [1m[36mRoute Load (0.3ms)[0m  [1mselect * from routes where startplace_id = 419[0m
  [1m[35mRoute Load (0.3ms)[0m  select * from routes where endplace_id = 419
  [1m[36mCACHE (0.0ms)[0m  [1mSELECT "places".* FROM "places" WHERE "places"."id" = $1 LIMIT 1[0m  [["id", 419]]
  [1m[35mCACHE (0.0ms)[0m  SELECT "places".* FROM "places" WHERE "places"."id" = $1 LIMIT 1  [["id", 1127]]
  [1m[36mPlace Load (0.2ms)[0m  [1mSELECT "places".* FROM "places" WHERE "places"."id" = $1 LIMIT 1[0m  [["id", 1128]]
  [1m[35mPlace Load (0.2ms)[0m  SELECT "places".* FROM "places" WHERE "places"."id" = 1125 LIMIT 1
  [1m[36mRoute Load (0.3ms)[0m  [1mselect * from routes where startplace_id = 1125[0m
  [1m[35mRoute Load (0.3ms)[0m  select * from routes where endplace_id = 1125
  [1m[36mCACHE (0.0ms)[0m  [1mSELECT "places".* FROM "places" WHERE "places"."id" = $1 LIMIT 1[0m  [["id", 1125]]
  [1m[35mCACHE (0.0ms)[0m  SELECT "places".* FROM "places" WHERE "places"."id" = $1 LIMIT 1  [["id", 1123]]
  [1m[36mCACHE (0.0ms)[0m  [1mSELECT "places".* FROM "places" WHERE "places"."id" = $1 LIMIT 1[0m  [["id", 769]]
BNewroutes
974
{:place=>974, :route=>[272, 22, -219, -231, -233, -234, -235, -238, 222, 223], :url=>"xrv224xrv223xrv222xrv-238xrv-235xrv-234xrv-233xrv-231xrv-219xrv22xrv272"}
{:place=>1124, :route=>[224, 272, 22, -219, -231, -233, -234, -235, -238, 222, 223], :url=>"xrv224xrv223xrv222xrv-238xrv-235xrv-234xrv-233xrv-231xrv-219xrv22xrv272xrv224"}
{:place=>769, :route=>[-227, 240, 239, 272, 22, -219, -231, -233, -234, -235, -238, 222, 223], :url=>"xrv224xrv223xrv222xrv-238xrv-235xrv-234xrv-233xrv-231xrv-219xrv22xrv272xrv239xrv240xrv-227"}
{:place=>419, :route=>[229, 228, 240, 239, 272, 22, -219, -231, -233, -234, -235, -238, 222, 223], :url=>"xrv224xrv223xrv222xrv-238xrv-235xrv-234xrv-233xrv-231xrv-219xrv22xrv272xrv239xrv240xrv228xrv229"}
{:place=>1125, :route=>[-226, -227, 240, 239, 272, 22, -219, -231, -233, -234, -235, -238, 222, 223], :url=>"xrv224xrv223xrv222xrv-238xrv-235xrv-234xrv-233xrv-231xrv-219xrv22xrv272xrv239xrv240xrv-227xrv-226"}
{:place=>1128, :route=>[230, 229, 228, 240, 239, 272, 22, -219, -231, -233, -234, -235, -238, 222, 223], :url=>"xrv224xrv223xrv222xrv-238xrv-235xrv-234xrv-233xrv-231xrv-219xrv22xrv272xrv239xrv240xrv228xrv229xrv230"}
  [1m[35mCACHE (0.0ms)[0m  SELECT "places".* FROM "places" WHERE "places"."id" = 974 LIMIT 1
  [1m[36m (1.3ms)[0m  [1mSELECT COUNT(*) FROM "route_indices" WHERE (url = 'xrv224xrv223xrv222xrv-238xrv-235xrv-234xrv-233xrv-231xrv-219xrv22xrv272')[0m
  [1m[35mCACHE (0.0ms)[0m  SELECT "places".* FROM "places" WHERE "places"."id" = 1124 LIMIT 1
  [1m[36m (1.0ms)[0m  [1mSELECT COUNT(*) FROM "route_indices" WHERE (url = 'xrv224xrv223xrv222xrv-238xrv-235xrv-234xrv-233xrv-231xrv-219xrv22xrv272xrv224')[0m
  [1m[35mPlaceType Load (0.2ms)[0m  select * from place_types where name='Junction'
  [1m[36mSQL (0.5ms)[0m  [1mINSERT INTO "route_indices" ("created_at", "endplace_id", "isDest", "startplace_id", "updated_at", "url") VALUES ($1, $2, $3, $4, $5, $6) RETURNING "id"[0m  [["created_at", Mon, 27 Oct 2014 10:08:11 NZDT +13:00], ["endplace_id", 1124], ["isDest", false], ["startplace_id", 974], ["updated_at", Mon, 27 Oct 2014 10:08:11 NZDT +13:00], ["url", "xrv224xrv223xrv222xrv-238xrv-235xrv-234xrv-233xrv-231xrv-219xrv22xrv272xrv224"]]
  [1m[35mPlace Load (0.3ms)[0m  SELECT "places".* FROM "places" WHERE "places"."id" = 769 LIMIT 1
  [1m[36m (1.1ms)[0m  [1mSELECT COUNT(*) FROM "route_indices" WHERE (url = 'xrv224xrv223xrv222xrv-238xrv-235xrv-234xrv-233xrv-231xrv-219xrv22xrv272xrv239xrv240xrv-227')[0m
  [1m[35mPlaceType Load (0.2ms)[0m  select * from place_types where name='Hut'
  [1m[36mSQL (0.4ms)[0m  [1mINSERT INTO "route_indices" ("created_at", "endplace_id", "isDest", "startplace_id", "updated_at", "url") VALUES ($1, $2, $3, $4, $5, $6) RETURNING "id"[0m  [["created_at", Mon, 27 Oct 2014 10:08:11 NZDT +13:00], ["endplace_id", 769], ["isDest", true], ["startplace_id", 974], ["updated_at", Mon, 27 Oct 2014 10:08:11 NZDT +13:00], ["url", "xrv224xrv223xrv222xrv-238xrv-235xrv-234xrv-233xrv-231xrv-219xrv22xrv272xrv239xrv240xrv-227"]]
  [1m[35mPlace Load (0.3ms)[0m  SELECT "places".* FROM "places" WHERE "places"."id" = 419 LIMIT 1
  [1m[36m (1.0ms)[0m  [1mSELECT COUNT(*) FROM "route_indices" WHERE (url = 'xrv224xrv223xrv222xrv-238xrv-235xrv-234xrv-233xrv-231xrv-219xrv22xrv272xrv239xrv240xrv228xrv229')[0m
  [1m[35mPlaceType Load (0.2ms)[0m  select * from place_types where name='Hut'
  [1m[36mSQL (0.4ms)[0m  [1mINSERT INTO "route_indices" ("created_at", "endplace_id", "isDest", "startplace_id", "updated_at", "url") VALUES ($1, $2, $3, $4, $5, $6) RETURNING "id"[0m  [["created_at", Mon, 27 Oct 2014 10:08:11 NZDT +13:00], ["endplace_id", 419], ["isDest", true], ["startplace_id", 974], ["updated_at", Mon, 27 Oct 2014 10:08:11 NZDT +13:00], ["url", "xrv224xrv223xrv222xrv-238xrv-235xrv-234xrv-233xrv-231xrv-219xrv22xrv272xrv239xrv240xrv228xrv229"]]
  [1m[35mPlace Load (0.3ms)[0m  SELECT "places".* FROM "places" WHERE "places"."id" = 1125 LIMIT 1
  [1m[36m (1.1ms)[0m  [1mSELECT COUNT(*) FROM "route_indices" WHERE (url = 'xrv224xrv223xrv222xrv-238xrv-235xrv-234xrv-233xrv-231xrv-219xrv22xrv272xrv239xrv240xrv-227xrv-226')[0m
  [1m[35mPlaceType Load (0.2ms)[0m  select * from place_types where name='Campsite'
  [1m[36mSQL (0.4ms)[0m  [1mINSERT INTO "route_indices" ("created_at", "endplace_id", "isDest", "startplace_id", "updated_at", "url") VALUES ($1, $2, $3, $4, $5, $6) RETURNING "id"[0m  [["created_at", Mon, 27 Oct 2014 10:08:11 NZDT +13:00], ["endplace_id", 1125], ["isDest", true], ["startplace_id", 974], ["updated_at", Mon, 27 Oct 2014 10:08:11 NZDT +13:00], ["url", "xrv224xrv223xrv222xrv-238xrv-235xrv-234xrv-233xrv-231xrv-219xrv22xrv272xrv239xrv240xrv-227xrv-226"]]
  [1m[35mPlace Load (0.2ms)[0m  SELECT "places".* FROM "places" WHERE "places"."id" = 1128 LIMIT 1
  [1m[36m (1.1ms)[0m  [1mSELECT COUNT(*) FROM "route_indices" WHERE (url = 'xrv224xrv223xrv222xrv-238xrv-235xrv-234xrv-233xrv-231xrv-219xrv22xrv272xrv239xrv240xrv228xrv229xrv230')[0m
  [1m[35mPlaceType Load (0.2ms)[0m  select * from place_types where name='Roadend'
  [1m[36mSQL (0.4ms)[0m  [1mINSERT INTO "route_indices" ("created_at", "endplace_id", "isDest", "startplace_id", "updated_at", "url") VALUES ($1, $2, $3, $4, $5, $6) RETURNING "id"[0m  [["created_at", Mon, 27 Oct 2014 10:08:11 NZDT +13:00], ["endplace_id", 1128], ["isDest", true], ["startplace_id", 974], ["updated_at", Mon, 27 Oct 2014 10:08:11 NZDT +13:00], ["url", "xrv224xrv223xrv222xrv-238xrv-235xrv-234xrv-233xrv-231xrv-219xrv22xrv272xrv239xrv240xrv228xrv229xrv230"]]
  [1m[35mPlace Load (0.3ms)[0m  SELECT "places".* FROM "places" WHERE "places"."id" = 769 LIMIT 1
  [1m[36mPlaceType Load (0.2ms)[0m  [1mselect name, "isDest" from place_types[0m
  [1m[35mRoute Load (0.3ms)[0m  SELECT "routes".* FROM "routes" WHERE "routes"."id" = 225 LIMIT 1
  [1m[36mPlace Load (0.2ms)[0m  [1mSELECT "places".* FROM "places" WHERE "places"."id" = $1 LIMIT 1[0m  [["id", 1125]]
  [1m[35mPlace Load (0.2ms)[0m  SELECT "places".* FROM "places" WHERE "places"."id" = $1 LIMIT 1  [["id", 1123]]
  [1m[36mRoute Load (0.3ms)[0m  [1mSELECT "routes".* FROM "routes" WHERE "routes"."id" = 223 LIMIT 1[0m
  [1m[35mCACHE (0.0ms)[0m  SELECT "places".* FROM "places" WHERE "places"."id" = $1 LIMIT 1  [["id", 1123]]
  [1m[36mPlace Load (0.2ms)[0m  [1mSELECT "places".* FROM "places" WHERE "places"."id" = $1 LIMIT 1[0m  [["id", 1124]]
  [1m[35mRoute Load (0.3ms)[0m  SELECT "routes".* FROM "routes" WHERE "routes"."id" = 237 LIMIT 1
  [1m[36mCACHE (0.0ms)[0m  [1mSELECT "places".* FROM "places" WHERE "places"."id" = $1 LIMIT 1[0m  [["id", 1124]]
  [1m[35mPlace Load (0.3ms)[0m  SELECT "places".* FROM "places" WHERE "places"."id" = $1 LIMIT 1  [["id", 1129]]
  [1m[36mRoute Load (0.3ms)[0m  [1mSELECT "routes".* FROM "routes" WHERE "routes"."id" = 238 LIMIT 1[0m
  [1m[35mRoute Load (0.3ms)[0m  SELECT "routes".* FROM "routes" WHERE "routes"."id" = 221 LIMIT 1
  [1m[36mRoute Load (0.3ms)[0m  [1mSELECT "routes".* FROM "routes" WHERE "routes"."id" = 21 LIMIT 1[0m
  [1m[35mRoute Load (0.3ms)[0m  SELECT "routes".* FROM "routes" WHERE "routes"."id" = 220 LIMIT 1
  [1m[36mRoute Load (0.3ms)[0m  [1mSELECT "routes".* FROM "routes" WHERE "routes"."id" = 219 LIMIT 1[0m
  [1m[35mPlace Load (0.2ms)[0m  SELECT "places".* FROM "places" WHERE "places"."id" = $1 LIMIT 1  [["id", 976]]
  [1m[36mPlace Load (0.2ms)[0m  [1mSELECT "places".* FROM "places" WHERE "places"."id" = $1 LIMIT 1[0m  [["id", 1119]]
  [1m[35mRoute Load (0.3ms)[0m  SELECT "routes".* FROM "routes" WHERE "routes"."id" = 22 LIMIT 1
  [1m[36mRoute Load (0.3ms)[0m  [1mSELECT "routes".* FROM "routes" WHERE "routes"."id" = 272 LIMIT 1[0m
  [1m[35mPlace Load (0.2ms)[0m  SELECT "places".* FROM "places" WHERE "places"."id" = 974 LIMIT 1
  [1m[36mCACHE (0.0ms)[0m  [1mSELECT "places".* FROM "places" WHERE "places"."id" = 974 LIMIT 1[0m
  [1m[35mRoute Load (0.3ms)[0m  select * from routes where startplace_id = 974
  [1m[36mRoute Load (0.3ms)[0m  [1mselect * from routes where endplace_id = 974[0m
  [1m[35mPlace Load (0.2ms)[0m  SELECT "places".* FROM "places" WHERE "places"."id" = $1 LIMIT 1  [["id", 974]]
  [1m[36mPlace Load (0.2ms)[0m  [1mSELECT "places".* FROM "places" WHERE "places"."id" = $1 LIMIT 1[0m  [["id", 471]]
  [1m[35mPlace Load (0.2ms)[0m  SELECT "places".* FROM "places" WHERE "places"."id" = $1 LIMIT 1  [["id", 1130]]
  [1m[36mCACHE (0.0ms)[0m  [1mSELECT "places".* FROM "places" WHERE "places"."id" = $1 LIMIT 1[0m  [["id", 1124]]
  [1m[35mPlace Load (0.3ms)[0m  SELECT "places".* FROM "places" WHERE "places"."id" = 1130 LIMIT 1
  [1m[36mRoute Load (0.3ms)[0m  [1mselect * from routes where startplace_id = 1130[0m
  [1m[35mRoute Load (0.3ms)[0m  select * from routes where endplace_id = 1130
  [1m[36mCACHE (0.0ms)[0m  [1mSELECT "places".* FROM "places" WHERE "places"."id" = $1 LIMIT 1[0m  [["id", 1130]]
  [1m[35mCACHE (0.0ms)[0m  SELECT "places".* FROM "places" WHERE "places"."id" = $1 LIMIT 1  [["id", 974]]
  [1m[36mPlace Load (0.2ms)[0m  [1mSELECT "places".* FROM "places" WHERE "places"."id" = $1 LIMIT 1[0m  [["id", 1126]]
  [1m[35mPlace Load (0.3ms)[0m  SELECT "places".* FROM "places" WHERE "places"."id" = 1126 LIMIT 1
  [1m[36mRoute Load (0.3ms)[0m  [1mselect * from routes where startplace_id = 1126[0m
  [1m[35mRoute Load (0.3ms)[0m  select * from routes where endplace_id = 1126
  [1m[36mCACHE (0.0ms)[0m  [1mSELECT "places".* FROM "places" WHERE "places"."id" = $1 LIMIT 1[0m  [["id", 1126]]
  [1m[35mCACHE (0.0ms)[0m  SELECT "places".* FROM "places" WHERE "places"."id" = $1 LIMIT 1  [["id", 1130]]
  [1m[36mCACHE (0.0ms)[0m  [1mSELECT "places".* FROM "places" WHERE "places"."id" = $1 LIMIT 1[0m  [["id", 1126]]
  [1m[35mPlace Load (0.2ms)[0m  SELECT "places".* FROM "places" WHERE "places"."id" = $1 LIMIT 1  [["id", 769]]
  [1m[36mPlace Load (0.2ms)[0m  [1mSELECT "places".* FROM "places" WHERE "places"."id" = $1 LIMIT 1[0m  [["id", 1127]]
  [1m[35mPlace Load (0.2ms)[0m  SELECT "places".* FROM "places" WHERE "places"."id" = 1127 LIMIT 1
  [1m[36mRoute Load (0.3ms)[0m  [1mselect * from routes where startplace_id = 1127[0m
  [1m[35mRoute Load (0.3ms)[0m  select * from routes where endplace_id = 1127
  [1m[36mCACHE (0.0ms)[0m  [1mSELECT "places".* FROM "places" WHERE "places"."id" = $1 LIMIT 1[0m  [["id", 1127]]
  [1m[35mCACHE (0.0ms)[0m  SELECT "places".* FROM "places" WHERE "places"."id" = $1 LIMIT 1  [["id", 1126]]
  [1m[36mPlace Load (0.2ms)[0m  [1mSELECT "places".* FROM "places" WHERE "places"."id" = $1 LIMIT 1[0m  [["id", 419]]
  [1m[35mPlace Load (0.3ms)[0m  SELECT "places".* FROM "places" WHERE "places"."id" = 419 LIMIT 1
  [1m[36mRoute Load (0.3ms)[0m  [1mselect * from routes where startplace_id = 419[0m
  [1m[35mRoute Load (0.3ms)[0m  select * from routes where endplace_id = 419
  [1m[36mCACHE (0.0ms)[0m  [1mSELECT "places".* FROM "places" WHERE "places"."id" = $1 LIMIT 1[0m  [["id", 419]]
  [1m[35mCACHE (0.0ms)[0m  SELECT "places".* FROM "places" WHERE "places"."id" = $1 LIMIT 1  [["id", 1127]]
  [1m[36mPlace Load (0.2ms)[0m  [1mSELECT "places".* FROM "places" WHERE "places"."id" = $1 LIMIT 1[0m  [["id", 1128]]
BNewroutes
769
{:place=>974, :route=>[272, 22, -219, 220, 21, 221, 238, -237, -223, -225], :url=>"xrv-226xrv-225xrv-223xrv-237xrv238xrv221xrv21xrv220xrv-219xrv22xrv272"}
{:place=>419, :route=>[229, 228, 240, 239, 272, 22, -219, 220, 21, 221, 238, -237, -223, -225], :url=>"xrv-226xrv-225xrv-223xrv-237xrv238xrv221xrv21xrv220xrv-219xrv22xrv272xrv239xrv240xrv228xrv229"}
{:place=>1128, :route=>[230, 229, 228, 240, 239, 272, 22, -219, 220, 21, 221, 238, -237, -223, -225], :url=>"xrv-226xrv-225xrv-223xrv-237xrv238xrv221xrv21xrv220xrv-219xrv22xrv272xrv239xrv240xrv228xrv229xrv230"}
  [1m[35mCACHE (0.0ms)[0m  SELECT "places".* FROM "places" WHERE "places"."id" = 974 LIMIT 1
  [1m[36m (1.2ms)[0m  [1mSELECT COUNT(*) FROM "route_indices" WHERE (url = 'xrv-226xrv-225xrv-223xrv-237xrv238xrv221xrv21xrv220xrv-219xrv22xrv272')[0m
  [1m[35mPlaceType Load (0.2ms)[0m  select * from place_types where name='Roadend'
  [1m[36mSQL (0.4ms)[0m  [1mINSERT INTO "route_indices" ("created_at", "endplace_id", "isDest", "startplace_id", "updated_at", "url") VALUES ($1, $2, $3, $4, $5, $6) RETURNING "id"[0m  [["created_at", Mon, 27 Oct 2014 10:08:11 NZDT +13:00], ["endplace_id", 974], ["isDest", true], ["startplace_id", 769], ["updated_at", Mon, 27 Oct 2014 10:08:11 NZDT +13:00], ["url", "xrv-226xrv-225xrv-223xrv-237xrv238xrv221xrv21xrv220xrv-219xrv22xrv272"]]
  [1m[35mPlace Load (0.3ms)[0m  SELECT "places".* FROM "places" WHERE "places"."id" = 419 LIMIT 1
  [1m[36m (1.2ms)[0m  [1mSELECT COUNT(*) FROM "route_indices" WHERE (url = 'xrv-226xrv-225xrv-223xrv-237xrv238xrv221xrv21xrv220xrv-219xrv22xrv272xrv239xrv240xrv228xrv229')[0m
  [1m[35mPlaceType Load (0.2ms)[0m  select * from place_types where name='Hut'
  [1m[36mSQL (0.4ms)[0m  [1mINSERT INTO "route_indices" ("created_at", "endplace_id", "isDest", "startplace_id", "updated_at", "url") VALUES ($1, $2, $3, $4, $5, $6) RETURNING "id"[0m  [["created_at", Mon, 27 Oct 2014 10:08:11 NZDT +13:00], ["endplace_id", 419], ["isDest", true], ["startplace_id", 769], ["updated_at", Mon, 27 Oct 2014 10:08:11 NZDT +13:00], ["url", "xrv-226xrv-225xrv-223xrv-237xrv238xrv221xrv21xrv220xrv-219xrv22xrv272xrv239xrv240xrv228xrv229"]]
  [1m[35mPlace Load (0.3ms)[0m  SELECT "places".* FROM "places" WHERE "places"."id" = 1128 LIMIT 1
  [1m[36m (1.0ms)[0m  [1mSELECT COUNT(*) FROM "route_indices" WHERE (url = 'xrv-226xrv-225xrv-223xrv-237xrv238xrv221xrv21xrv220xrv-219xrv22xrv272xrv239xrv240xrv228xrv229xrv230')[0m
  [1m[35mPlaceType Load (0.2ms)[0m  select * from place_types where name='Roadend'
  [1m[36mSQL (0.3ms)[0m  [1mINSERT INTO "route_indices" ("created_at", "endplace_id", "isDest", "startplace_id", "updated_at", "url") VALUES ($1, $2, $3, $4, $5, $6) RETURNING "id"[0m  [["created_at", Mon, 27 Oct 2014 10:08:11 NZDT +13:00], ["endplace_id", 1128], ["isDest", true], ["startplace_id", 769], ["updated_at", Mon, 27 Oct 2014 10:08:11 NZDT +13:00], ["url", "xrv-226xrv-225xrv-223xrv-237xrv238xrv221xrv21xrv220xrv-219xrv22xrv272xrv239xrv240xrv228xrv229xrv230"]]
  [1m[35mPlace Load (0.3ms)[0m  SELECT "places".* FROM "places" WHERE "places"."id" = 1132 LIMIT 1
  [1m[36mPlaceType Load (0.2ms)[0m  [1mselect name, "isDest" from place_types[0m
  [1m[35mRoute Load (0.3ms)[0m  SELECT "routes".* FROM "routes" WHERE "routes"."id" = 242 LIMIT 1
  [1m[36mRoute Load (0.4ms)[0m  [1mSELECT "routes".* FROM "routes" WHERE "routes"."id" = 243 LIMIT 1[0m
  [1m[35mRoute Load (0.3ms)[0m  SELECT "routes".* FROM "routes" WHERE "routes"."id" = 235 LIMIT 1
  [1m[36mRoute Load (0.3ms)[0m  [1mSELECT "routes".* FROM "routes" WHERE "routes"."id" = 238 LIMIT 1[0m
  [1m[35mRoute Load (0.3ms)[0m  SELECT "routes".* FROM "routes" WHERE "routes"."id" = 221 LIMIT 1
  [1m[36mRoute Load (0.3ms)[0m  [1mSELECT "routes".* FROM "routes" WHERE "routes"."id" = 21 LIMIT 1[0m
  [1m[35mRoute Load (0.3ms)[0m  SELECT "routes".* FROM "routes" WHERE "routes"."id" = 220 LIMIT 1
  [1m[36mRoute Load (0.3ms)[0m  [1mSELECT "routes".* FROM "routes" WHERE "routes"."id" = 219 LIMIT 1[0m
  [1m[35mPlace Load (0.2ms)[0m  SELECT "places".* FROM "places" WHERE "places"."id" = $1 LIMIT 1  [["id", 976]]
  [1m[36mPlace Load (0.2ms)[0m  [1mSELECT "places".* FROM "places" WHERE "places"."id" = $1 LIMIT 1[0m  [["id", 1119]]
  [1m[35mRoute Load (0.3ms)[0m  SELECT "routes".* FROM "routes" WHERE "routes"."id" = 22 LIMIT 1
  [1m[36mRoute Load (0.3ms)[0m  [1mSELECT "routes".* FROM "routes" WHERE "routes"."id" = 272 LIMIT 1[0m
  [1m[35mPlace Load (0.3ms)[0m  SELECT "places".* FROM "places" WHERE "places"."id" = 974 LIMIT 1
  [1m[36mCACHE (0.0ms)[0m  [1mSELECT "places".* FROM "places" WHERE "places"."id" = 974 LIMIT 1[0m
  [1m[35mRoute Load (0.3ms)[0m  select * from routes where startplace_id = 974
  [1m[36mRoute Load (0.3ms)[0m  [1mselect * from routes where endplace_id = 974[0m
  [1m[35mPlace Load (0.2ms)[0m  SELECT "places".* FROM "places" WHERE "places"."id" = $1 LIMIT 1  [["id", 974]]
  [1m[36mPlace Load (0.2ms)[0m  [1mSELECT "places".* FROM "places" WHERE "places"."id" = $1 LIMIT 1[0m  [["id", 471]]
  [1m[35mPlace Load (0.2ms)[0m  SELECT "places".* FROM "places" WHERE "places"."id" = $1 LIMIT 1  [["id", 1130]]
  [1m[36mPlace Load (0.5ms)[0m  [1mSELECT "places".* FROM "places" WHERE "places"."id" = $1 LIMIT 1[0m  [["id", 1124]]
  [1m[35mPlace Load (0.5ms)[0m  SELECT "places".* FROM "places" WHERE "places"."id" = 1130 LIMIT 1
  [1m[36mRoute Load (0.3ms)[0m  [1mselect * from routes where startplace_id = 1130[0m
  [1m[35mRoute Load (0.3ms)[0m  select * from routes where endplace_id = 1130
  [1m[36mCACHE (0.0ms)[0m  [1mSELECT "places".* FROM "places" WHERE "places"."id" = $1 LIMIT 1[0m  [["id", 1130]]
  [1m[35mCACHE (0.0ms)[0m  SELECT "places".* FROM "places" WHERE "places"."id" = $1 LIMIT 1  [["id", 974]]
  [1m[36mPlace Load (0.2ms)[0m  [1mSELECT "places".* FROM "places" WHERE "places"."id" = $1 LIMIT 1[0m  [["id", 1126]]
  [1m[35mPlace Load (0.5ms)[0m  SELECT "places".* FROM "places" WHERE "places"."id" = 1124 LIMIT 1
  [1m[36mRoute Load (0.3ms)[0m  [1mselect * from routes where startplace_id = 1124[0m
  [1m[35mRoute Load (0.4ms)[0m  select * from routes where endplace_id = 1124
  [1m[36mCACHE (0.0ms)[0m  [1mSELECT "places".* FROM "places" WHERE "places"."id" = $1 LIMIT 1[0m  [["id", 1124]]
  [1m[35mPlace Load (0.2ms)[0m  SELECT "places".* FROM "places" WHERE "places"."id" = $1 LIMIT 1  [["id", 1129]]
  [1m[36mCACHE (0.0ms)[0m  [1mSELECT "places".* FROM "places" WHERE "places"."id" = $1 LIMIT 1[0m  [["id", 1124]]
  [1m[35mCACHE (0.0ms)[0m  SELECT "places".* FROM "places" WHERE "places"."id" = $1 LIMIT 1  [["id", 974]]
  [1m[36mPlace Load (0.3ms)[0m  [1mSELECT "places".* FROM "places" WHERE "places"."id" = $1 LIMIT 1[0m  [["id", 1123]]
  [1m[35mPlace Load (0.3ms)[0m  SELECT "places".* FROM "places" WHERE "places"."id" = 1126 LIMIT 1
  [1m[36mRoute Load (0.4ms)[0m  [1mselect * from routes where startplace_id = 1126[0m
  [1m[35mRoute Load (0.3ms)[0m  select * from routes where endplace_id = 1126
  [1m[36mCACHE (0.0ms)[0m  [1mSELECT "places".* FROM "places" WHERE "places"."id" = $1 LIMIT 1[0m  [["id", 1126]]
  [1m[35mCACHE (0.0ms)[0m  SELECT "places".* FROM "places" WHERE "places"."id" = $1 LIMIT 1  [["id", 1130]]
  [1m[36mCACHE (0.0ms)[0m  [1mSELECT "places".* FROM "places" WHERE "places"."id" = $1 LIMIT 1[0m  [["id", 1126]]
  [1m[35mPlace Load (0.2ms)[0m  SELECT "places".* FROM "places" WHERE "places"."id" = $1 LIMIT 1  [["id", 769]]
  [1m[36mPlace Load (0.2ms)[0m  [1mSELECT "places".* FROM "places" WHERE "places"."id" = $1 LIMIT 1[0m  [["id", 1127]]
  [1m[35mPlace Load (0.3ms)[0m  SELECT "places".* FROM "places" WHERE "places"."id" = 1123 LIMIT 1
  [1m[36mRoute Load (0.3ms)[0m  [1mselect * from routes where startplace_id = 1123[0m
  [1m[35mRoute Load (0.3ms)[0m  select * from routes where endplace_id = 1123
  [1m[36mCACHE (0.0ms)[0m  [1mSELECT "places".* FROM "places" WHERE "places"."id" = $1 LIMIT 1[0m  [["id", 1123]]
  [1m[35mCACHE (0.0ms)[0m  SELECT "places".* FROM "places" WHERE "places"."id" = $1 LIMIT 1  [["id", 1124]]
  [1m[36mPlace Load (0.2ms)[0m  [1mSELECT "places".* FROM "places" WHERE "places"."id" = $1 LIMIT 1[0m  [["id", 975]]
  [1m[35mPlace Load (0.2ms)[0m  SELECT "places".* FROM "places" WHERE "places"."id" = $1 LIMIT 1  [["id", 1125]]
  [1m[36mPlace Load (0.2ms)[0m  [1mSELECT "places".* FROM "places" WHERE "places"."id" = 1127 LIMIT 1[0m
  [1m[35mRoute Load (0.3ms)[0m  select * from routes where startplace_id = 1127
  [1m[36mRoute Load (0.3ms)[0m  [1mselect * from routes where endplace_id = 1127[0m
  [1m[35mCACHE (0.0ms)[0m  SELECT "places".* FROM "places" WHERE "places"."id" = $1 LIMIT 1  [["id", 1127]]
  [1m[36mCACHE (0.0ms)[0m  [1mSELECT "places".* FROM "places" WHERE "places"."id" = $1 LIMIT 1[0m  [["id", 1126]]
  [1m[35mPlace Load (0.2ms)[0m  SELECT "places".* FROM "places" WHERE "places"."id" = $1 LIMIT 1  [["id", 419]]
  [1m[36mPlace Load (0.2ms)[0m  [1mSELECT "places".* FROM "places" WHERE "places"."id" = 769 LIMIT 1[0m
  [1m[35mRoute Load (0.3ms)[0m  select * from routes where startplace_id = 769
  [1m[36mRoute Load (0.3ms)[0m  [1mselect * from routes where endplace_id = 769[0m
  [1m[35mCACHE (0.0ms)[0m  SELECT "places".* FROM "places" WHERE "places"."id" = $1 LIMIT 1  [["id", 769]]
  [1m[36mCACHE (0.0ms)[0m  [1mSELECT "places".* FROM "places" WHERE "places"."id" = $1 LIMIT 1[0m  [["id", 1125]]
  [1m[35mCACHE (0.0ms)[0m  SELECT "places".* FROM "places" WHERE "places"."id" = $1 LIMIT 1  [["id", 1126]]
  [1m[36mPlace Load (0.3ms)[0m  [1mSELECT "places".* FROM "places" WHERE "places"."id" = 1125 LIMIT 1[0m
  [1m[35mRoute Load (0.3ms)[0m  select * from routes where startplace_id = 1125
  [1m[36mRoute Load (0.3ms)[0m  [1mselect * from routes where endplace_id = 1125[0m
  [1m[35mCACHE (0.0ms)[0m  SELECT "places".* FROM "places" WHERE "places"."id" = $1 LIMIT 1  [["id", 1125]]
  [1m[36mCACHE (0.0ms)[0m  [1mSELECT "places".* FROM "places" WHERE "places"."id" = $1 LIMIT 1[0m  [["id", 1123]]
  [1m[35mCACHE (0.0ms)[0m  SELECT "places".* FROM "places" WHERE "places"."id" = $1 LIMIT 1  [["id", 769]]
  [1m[36mPlace Load (0.3ms)[0m  [1mSELECT "places".* FROM "places" WHERE "places"."id" = 419 LIMIT 1[0m
  [1m[35mRoute Load (0.3ms)[0m  select * from routes where startplace_id = 419
  [1m[36mRoute Load (0.3ms)[0m  [1mselect * from routes where endplace_id = 419[0m
  [1m[35mCACHE (0.0ms)[0m  SELECT "places".* FROM "places" WHERE "places"."id" = $1 LIMIT 1  [["id", 419]]
  [1m[36mCACHE (0.0ms)[0m  [1mSELECT "places".* FROM "places" WHERE "places"."id" = $1 LIMIT 1[0m  [["id", 1127]]
  [1m[35mPlace Load (0.3ms)[0m  SELECT "places".* FROM "places" WHERE "places"."id" = $1 LIMIT 1  [["id", 1128]]
  [1m[36mCACHE (0.0ms)[0m  [1mSELECT "places".* FROM "places" WHERE "places"."id" = 1125 LIMIT 1[0m
  [1m[35mCACHE (0.0ms)[0m  select * from routes where startplace_id = 1125
  [1m[36mCACHE (0.0ms)[0m  [1mselect * from routes where endplace_id = 1125[0m
  [1m[35mCACHE (0.0ms)[0m  SELECT "places".* FROM "places" WHERE "places"."id" = $1 LIMIT 1  [["id", 1125]]
  [1m[36mCACHE (0.0ms)[0m  [1mSELECT "places".* FROM "places" WHERE "places"."id" = $1 LIMIT 1[0m  [["id", 1123]]
  [1m[35mCACHE (0.0ms)[0m  SELECT "places".* FROM "places" WHERE "places"."id" = $1 LIMIT 1  [["id", 769]]
  [1m[36mCACHE (0.0ms)[0m  [1mSELECT "places".* FROM "places" WHERE "places"."id" = 769 LIMIT 1[0m
  [1m[35mCACHE (0.0ms)[0m  select * from routes where startplace_id = 769
  [1m[36mCACHE (0.0ms)[0m  [1mselect * from routes where endplace_id = 769[0m
  [1m[35mCACHE (0.0ms)[0m  SELECT "places".* FROM "places" WHERE "places"."id" = $1 LIMIT 1  [["id", 769]]
  [1m[36mCACHE (0.0ms)[0m  [1mSELECT "places".* FROM "places" WHERE "places"."id" = $1 LIMIT 1[0m  [["id", 1125]]
  [1m[35mCACHE (0.0ms)[0m  SELECT "places".* FROM "places" WHERE "places"."id" = $1 LIMIT 1  [["id", 1126]]
BNewroutes
1132
{:place=>974, :route=>[272, 22, -219, 220, 21, 221, 238, 235, 243, 242], :url=>"xrv241xrv242xrv243xrv235xrv238xrv221xrv21xrv220xrv-219xrv22xrv272"}
{:place=>769, :route=>[-227, 240, 239, 272, 22, -219, 220, 21, 221, 238, 235, 243, 242], :url=>"xrv241xrv242xrv243xrv235xrv238xrv221xrv21xrv220xrv-219xrv22xrv272xrv239xrv240xrv-227"}
{:place=>1125, :route=>[225, 223, 224, 272, 22, -219, 220, 21, 221, 238, 235, 243, 242], :url=>"xrv241xrv242xrv243xrv235xrv238xrv221xrv21xrv220xrv-219xrv22xrv272xrv224xrv223xrv225"}
{:place=>419, :route=>[229, 228, 240, 239, 272, 22, -219, 220, 21, 221, 238, 235, 243, 242], :url=>"xrv241xrv242xrv243xrv235xrv238xrv221xrv21xrv220xrv-219xrv22xrv272xrv239xrv240xrv228xrv229"}
{:place=>1125, :route=>[-226, -227, 240, 239, 272, 22, -219, 220, 21, 221, 238, 235, 243, 242], :url=>"xrv241xrv242xrv243xrv235xrv238xrv221xrv21xrv220xrv-219xrv22xrv272xrv239xrv240xrv-227xrv-226"}
{:place=>769, :route=>[226, 225, 223, 224, 272, 22, -219, 220, 21, 221, 238, 235, 243, 242], :url=>"xrv241xrv242xrv243xrv235xrv238xrv221xrv21xrv220xrv-219xrv22xrv272xrv224xrv223xrv225xrv226"}
{:place=>1128, :route=>[230, 229, 228, 240, 239, 272, 22, -219, 220, 21, 221, 238, 235, 243, 242], :url=>"xrv241xrv242xrv243xrv235xrv238xrv221xrv21xrv220xrv-219xrv22xrv272xrv239xrv240xrv228xrv229xrv230"}
  [1m[36mCACHE (0.0ms)[0m  [1mSELECT "places".* FROM "places" WHERE "places"."id" = 974 LIMIT 1[0m
  [1m[35m (1.4ms)[0m  SELECT COUNT(*) FROM "route_indices" WHERE (url = 'xrv241xrv242xrv243xrv235xrv238xrv221xrv21xrv220xrv-219xrv22xrv272')
  [1m[36mPlaceType Load (0.2ms)[0m  [1mselect * from place_types where name='Roadend'[0m
  [1m[35mSQL (0.5ms)[0m  INSERT INTO "route_indices" ("created_at", "endplace_id", "isDest", "startplace_id", "updated_at", "url") VALUES ($1, $2, $3, $4, $5, $6) RETURNING "id"  [["created_at", Mon, 27 Oct 2014 10:08:12 NZDT +13:00], ["endplace_id", 974], ["isDest", true], ["startplace_id", 1132], ["updated_at", Mon, 27 Oct 2014 10:08:12 NZDT +13:00], ["url", "xrv241xrv242xrv243xrv235xrv238xrv221xrv21xrv220xrv-219xrv22xrv272"]]
  [1m[36mPlace Load (0.3ms)[0m  [1mSELECT "places".* FROM "places" WHERE "places"."id" = 769 LIMIT 1[0m
  [1m[35m (1.1ms)[0m  SELECT COUNT(*) FROM "route_indices" WHERE (url = 'xrv241xrv242xrv243xrv235xrv238xrv221xrv21xrv220xrv-219xrv22xrv272xrv239xrv240xrv-227')
  [1m[36mPlaceType Load (0.2ms)[0m  [1mselect * from place_types where name='Hut'[0m
  [1m[35mSQL (0.4ms)[0m  INSERT INTO "route_indices" ("created_at", "endplace_id", "isDest", "startplace_id", "updated_at", "url") VALUES ($1, $2, $3, $4, $5, $6) RETURNING "id"  [["created_at", Mon, 27 Oct 2014 10:08:12 NZDT +13:00], ["endplace_id", 769], ["isDest", true], ["startplace_id", 1132], ["updated_at", Mon, 27 Oct 2014 10:08:12 NZDT +13:00], ["url", "xrv241xrv242xrv243xrv235xrv238xrv221xrv21xrv220xrv-219xrv22xrv272xrv239xrv240xrv-227"]]
  [1m[36mPlace Load (0.3ms)[0m  [1mSELECT "places".* FROM "places" WHERE "places"."id" = 1125 LIMIT 1[0m
  [1m[35m (1.0ms)[0m  SELECT COUNT(*) FROM "route_indices" WHERE (url = 'xrv241xrv242xrv243xrv235xrv238xrv221xrv21xrv220xrv-219xrv22xrv272xrv224xrv223xrv225')
  [1m[36mPlaceType Load (0.2ms)[0m  [1mselect * from place_types where name='Campsite'[0m
  [1m[35mSQL (0.4ms)[0m  INSERT INTO "route_indices" ("created_at", "endplace_id", "isDest", "startplace_id", "updated_at", "url") VALUES ($1, $2, $3, $4, $5, $6) RETURNING "id"  [["created_at", Mon, 27 Oct 2014 10:08:12 NZDT +13:00], ["endplace_id", 1125], ["isDest", true], ["startplace_id", 1132], ["updated_at", Mon, 27 Oct 2014 10:08:12 NZDT +13:00], ["url", "xrv241xrv242xrv243xrv235xrv238xrv221xrv21xrv220xrv-219xrv22xrv272xrv224xrv223xrv225"]]
  [1m[36mPlace Load (0.2ms)[0m  [1mSELECT "places".* FROM "places" WHERE "places"."id" = 419 LIMIT 1[0m
  [1m[35m (1.0ms)[0m  SELECT COUNT(*) FROM "route_indices" WHERE (url = 'xrv241xrv242xrv243xrv235xrv238xrv221xrv21xrv220xrv-219xrv22xrv272xrv239xrv240xrv228xrv229')
  [1m[36mPlaceType Load (0.2ms)[0m  [1mselect * from place_types where name='Hut'[0m
  [1m[35mSQL (0.5ms)[0m  INSERT INTO "route_indices" ("created_at", "endplace_id", "isDest", "startplace_id", "updated_at", "url") VALUES ($1, $2, $3, $4, $5, $6) RETURNING "id"  [["created_at", Mon, 27 Oct 2014 10:08:12 NZDT +13:00], ["endplace_id", 419], ["isDest", true], ["startplace_id", 1132], ["updated_at", Mon, 27 Oct 2014 10:08:12 NZDT +13:00], ["url", "xrv241xrv242xrv243xrv235xrv238xrv221xrv21xrv220xrv-219xrv22xrv272xrv239xrv240xrv228xrv229"]]
  [1m[36mPlace Load (0.2ms)[0m  [1mSELECT "places".* FROM "places" WHERE "places"."id" = 1125 LIMIT 1[0m
  [1m[35m (1.0ms)[0m  SELECT COUNT(*) FROM "route_indices" WHERE (url = 'xrv241xrv242xrv243xrv235xrv238xrv221xrv21xrv220xrv-219xrv22xrv272xrv239xrv240xrv-227xrv-226')
  [1m[36mPlaceType Load (0.2ms)[0m  [1mselect * from place_types where name='Campsite'[0m
  [1m[35mSQL (0.4ms)[0m  INSERT INTO "route_indices" ("created_at", "endplace_id", "isDest", "startplace_id", "updated_at", "url") VALUES ($1, $2, $3, $4, $5, $6) RETURNING "id"  [["created_at", Mon, 27 Oct 2014 10:08:12 NZDT +13:00], ["endplace_id", 1125], ["isDest", true], ["startplace_id", 1132], ["updated_at", Mon, 27 Oct 2014 10:08:12 NZDT +13:00], ["url", "xrv241xrv242xrv243xrv235xrv238xrv221xrv21xrv220xrv-219xrv22xrv272xrv239xrv240xrv-227xrv-226"]]
  [1m[36mPlace Load (0.2ms)[0m  [1mSELECT "places".* FROM "places" WHERE "places"."id" = 769 LIMIT 1[0m
  [1m[35m (1.1ms)[0m  SELECT COUNT(*) FROM "route_indices" WHERE (url = 'xrv241xrv242xrv243xrv235xrv238xrv221xrv21xrv220xrv-219xrv22xrv272xrv224xrv223xrv225xrv226')
  [1m[36mPlaceType Load (0.2ms)[0m  [1mselect * from place_types where name='Hut'[0m
  [1m[35mSQL (0.4ms)[0m  INSERT INTO "route_indices" ("created_at", "endplace_id", "isDest", "startplace_id", "updated_at", "url") VALUES ($1, $2, $3, $4, $5, $6) RETURNING "id"  [["created_at", Mon, 27 Oct 2014 10:08:12 NZDT +13:00], ["endplace_id", 769], ["isDest", true], ["startplace_id", 1132], ["updated_at", Mon, 27 Oct 2014 10:08:12 NZDT +13:00], ["url", "xrv241xrv242xrv243xrv235xrv238xrv221xrv21xrv220xrv-219xrv22xrv272xrv224xrv223xrv225xrv226"]]
  [1m[36mPlace Load (0.3ms)[0m  [1mSELECT "places".* FROM "places" WHERE "places"."id" = 1128 LIMIT 1[0m
  [1m[35m (1.1ms)[0m  SELECT COUNT(*) FROM "route_indices" WHERE (url = 'xrv241xrv242xrv243xrv235xrv238xrv221xrv21xrv220xrv-219xrv22xrv272xrv239xrv240xrv228xrv229xrv230')
  [1m[36mPlaceType Load (0.2ms)[0m  [1mselect * from place_types where name='Roadend'[0m
  [1m[35mSQL (0.4ms)[0m  INSERT INTO "route_indices" ("created_at", "endplace_id", "isDest", "startplace_id", "updated_at", "url") VALUES ($1, $2, $3, $4, $5, $6) RETURNING "id"  [["created_at", Mon, 27 Oct 2014 10:08:12 NZDT +13:00], ["endplace_id", 1128], ["isDest", true], ["startplace_id", 1132], ["updated_at", Mon, 27 Oct 2014 10:08:12 NZDT +13:00], ["url", "xrv241xrv242xrv243xrv235xrv238xrv221xrv21xrv220xrv-219xrv22xrv272xrv239xrv240xrv228xrv229xrv230"]]
  [1m[36mPlace Load (0.3ms)[0m  [1mSELECT "places".* FROM "places" WHERE "places"."id" = 650 LIMIT 1[0m
  [1m[35mPlaceType Load (0.2ms)[0m  select name, "isDest" from place_types
  [1m[36mRoute Load (0.4ms)[0m  [1mSELECT "routes".* FROM "routes" WHERE "routes"."id" = 235 LIMIT 1[0m
  [1m[35mRoute Load (0.3ms)[0m  SELECT "routes".* FROM "routes" WHERE "routes"."id" = 237 LIMIT 1
  [1m[36mRoute Load (0.3ms)[0m  [1mSELECT "routes".* FROM "routes" WHERE "routes"."id" = 223 LIMIT 1[0m
  [1m[35mRoute Load (0.3ms)[0m  SELECT "routes".* FROM "routes" WHERE "routes"."id" = 222 LIMIT 1
  [1m[36mRoute Load (0.3ms)[0m  [1mSELECT "routes".* FROM "routes" WHERE "routes"."id" = 221 LIMIT 1[0m
  [1m[35mRoute Load (0.3ms)[0m  SELECT "routes".* FROM "routes" WHERE "routes"."id" = 21 LIMIT 1
  [1m[36mRoute Load (0.3ms)[0m  [1mSELECT "routes".* FROM "routes" WHERE "routes"."id" = 220 LIMIT 1[0m
  [1m[35mRoute Load (0.3ms)[0m  SELECT "routes".* FROM "routes" WHERE "routes"."id" = 219 LIMIT 1
  [1m[36mPlace Load (0.2ms)[0m  [1mSELECT "places".* FROM "places" WHERE "places"."id" = $1 LIMIT 1[0m  [["id", 976]]
  [1m[35mPlace Load (0.2ms)[0m  SELECT "places".* FROM "places" WHERE "places"."id" = $1 LIMIT 1  [["id", 1119]]
  [1m[36mRoute Load (0.3ms)[0m  [1mSELECT "routes".* FROM "routes" WHERE "routes"."id" = 22 LIMIT 1[0m
  [1m[35mRoute Load (0.3ms)[0m  SELECT "routes".* FROM "routes" WHERE "routes"."id" = 272 LIMIT 1
  [1m[36mPlace Load (0.3ms)[0m  [1mSELECT "places".* FROM "places" WHERE "places"."id" = 974 LIMIT 1[0m
  [1m[35mCACHE (0.0ms)[0m  SELECT "places".* FROM "places" WHERE "places"."id" = 974 LIMIT 1
  [1m[36mRoute Load (0.3ms)[0m  [1mselect * from routes where startplace_id = 974[0m
  [1m[35mRoute Load (0.3ms)[0m  select * from routes where endplace_id = 974
  [1m[36mPlace Load (0.2ms)[0m  [1mSELECT "places".* FROM "places" WHERE "places"."id" = $1 LIMIT 1[0m  [["id", 974]]
  [1m[35mPlace Load (0.2ms)[0m  SELECT "places".* FROM "places" WHERE "places"."id" = $1 LIMIT 1  [["id", 471]]
  [1m[36mPlace Load (0.2ms)[0m  [1mSELECT "places".* FROM "places" WHERE "places"."id" = $1 LIMIT 1[0m  [["id", 1130]]
  [1m[35mPlace Load (0.2ms)[0m  SELECT "places".* FROM "places" WHERE "places"."id" = $1 LIMIT 1  [["id", 1124]]
  [1m[36mPlace Load (0.2ms)[0m  [1mSELECT "places".* FROM "places" WHERE "places"."id" = 1130 LIMIT 1[0m
  [1m[35mRoute Load (0.3ms)[0m  select * from routes where startplace_id = 1130
  [1m[36mRoute Load (0.3ms)[0m  [1mselect * from routes where endplace_id = 1130[0m
  [1m[35mCACHE (0.0ms)[0m  SELECT "places".* FROM "places" WHERE "places"."id" = $1 LIMIT 1  [["id", 1130]]
  [1m[36mCACHE (0.0ms)[0m  [1mSELECT "places".* FROM "places" WHERE "places"."id" = $1 LIMIT 1[0m  [["id", 974]]
  [1m[35mPlace Load (0.3ms)[0m  SELECT "places".* FROM "places" WHERE "places"."id" = $1 LIMIT 1  [["id", 1126]]
  [1m[36mPlace Load (0.3ms)[0m  [1mSELECT "places".* FROM "places" WHERE "places"."id" = 1126 LIMIT 1[0m
  [1m[35mRoute Load (0.3ms)[0m  select * from routes where startplace_id = 1126
  [1m[36mRoute Load (0.3ms)[0m  [1mselect * from routes where endplace_id = 1126[0m
  [1m[35mCACHE (0.0ms)[0m  SELECT "places".* FROM "places" WHERE "places"."id" = $1 LIMIT 1  [["id", 1126]]
  [1m[36mCACHE (0.0ms)[0m  [1mSELECT "places".* FROM "places" WHERE "places"."id" = $1 LIMIT 1[0m  [["id", 1130]]
  [1m[35mCACHE (0.0ms)[0m  SELECT "places".* FROM "places" WHERE "places"."id" = $1 LIMIT 1  [["id", 1126]]
  [1m[36mPlace Load (0.2ms)[0m  [1mSELECT "places".* FROM "places" WHERE "places"."id" = $1 LIMIT 1[0m  [["id", 769]]
  [1m[35mPlace Load (0.2ms)[0m  SELECT "places".* FROM "places" WHERE "places"."id" = $1 LIMIT 1  [["id", 1127]]
  [1m[36mPlace Load (0.2ms)[0m  [1mSELECT "places".* FROM "places" WHERE "places"."id" = 1127 LIMIT 1[0m
  [1m[35mRoute Load (0.3ms)[0m  select * from routes where startplace_id = 1127
  [1m[36mRoute Load (0.3ms)[0m  [1mselect * from routes where endplace_id = 1127[0m
  [1m[35mCACHE (0.0ms)[0m  SELECT "places".* FROM "places" WHERE "places"."id" = $1 LIMIT 1  [["id", 1127]]
  [1m[36mCACHE (0.0ms)[0m  [1mSELECT "places".* FROM "places" WHERE "places"."id" = $1 LIMIT 1[0m  [["id", 1126]]
  [1m[35mPlace Load (0.3ms)[0m  SELECT "places".* FROM "places" WHERE "places"."id" = $1 LIMIT 1  [["id", 419]]
  [1m[36mPlace Load (0.3ms)[0m  [1mSELECT "places".* FROM "places" WHERE "places"."id" = 769 LIMIT 1[0m
  [1m[35mRoute Load (0.3ms)[0m  select * from routes where startplace_id = 769
  [1m[36mRoute Load (0.3ms)[0m  [1mselect * from routes where endplace_id = 769[0m
  [1m[35mCACHE (0.0ms)[0m  SELECT "places".* FROM "places" WHERE "places"."id" = $1 LIMIT 1  [["id", 769]]
  [1m[36mPlace Load (0.2ms)[0m  [1mSELECT "places".* FROM "places" WHERE "places"."id" = $1 LIMIT 1[0m  [["id", 1125]]
  [1m[35mCACHE (0.0ms)[0m  SELECT "places".* FROM "places" WHERE "places"."id" = $1 LIMIT 1  [["id", 1126]]
  [1m[36mPlace Load (3.9ms)[0m  [1mSELECT "places".* FROM "places" WHERE "places"."id" = 419 LIMIT 1[0m
  [1m[35mRoute Load (0.7ms)[0m  select * from routes where startplace_id = 419
  [1m[36mRoute Load (0.3ms)[0m  [1mselect * from routes where endplace_id = 419[0m
  [1m[35mCACHE (0.0ms)[0m  SELECT "places".* FROM "places" WHERE "places"."id" = $1 LIMIT 1  [["id", 419]]
  [1m[36mCACHE (0.0ms)[0m  [1mSELECT "places".* FROM "places" WHERE "places"."id" = $1 LIMIT 1[0m  [["id", 1127]]
  [1m[35mPlace Load (0.3ms)[0m  SELECT "places".* FROM "places" WHERE "places"."id" = $1 LIMIT 1  [["id", 1128]]
  [1m[36mPlace Load (0.3ms)[0m  [1mSELECT "places".* FROM "places" WHERE "places"."id" = 1125 LIMIT 1[0m
  [1m[35mRoute Load (0.3ms)[0m  select * from routes where startplace_id = 1125
  [1m[36mRoute Load (0.3ms)[0m  [1mselect * from routes where endplace_id = 1125[0m
  [1m[35mCACHE (0.0ms)[0m  SELECT "places".* FROM "places" WHERE "places"."id" = $1 LIMIT 1  [["id", 1125]]
  [1m[36mPlace Load (0.2ms)[0m  [1mSELECT "places".* FROM "places" WHERE "places"."id" = $1 LIMIT 1[0m  [["id", 1123]]
  [1m[35mCACHE (0.0ms)[0m  SELECT "places".* FROM "places" WHERE "places"."id" = $1 LIMIT 1  [["id", 769]]
BNewroutes
650
{:place=>974, :route=>[272, 22, -219, 220, 21, 221, 222, 223, 237, 235], :url=>"xrv234xrv235xrv237xrv223xrv222xrv221xrv21xrv220xrv-219xrv22xrv272"}
{:place=>769, :route=>[-227, 240, 239, 272, 22, -219, 220, 21, 221, 222, 223, 237, 235], :url=>"xrv234xrv235xrv237xrv223xrv222xrv221xrv21xrv220xrv-219xrv22xrv272xrv239xrv240xrv-227"}
{:place=>419, :route=>[229, 228, 240, 239, 272, 22, -219, 220, 21, 221, 222, 223, 237, 235], :url=>"xrv234xrv235xrv237xrv223xrv222xrv221xrv21xrv220xrv-219xrv22xrv272xrv239xrv240xrv228xrv229"}
{:place=>1125, :route=>[-226, -227, 240, 239, 272, 22, -219, 220, 21, 221, 222, 223, 237, 235], :url=>"xrv234xrv235xrv237xrv223xrv222xrv221xrv21xrv220xrv-219xrv22xrv272xrv239xrv240xrv-227xrv-226"}
{:place=>1128, :route=>[230, 229, 228, 240, 239, 272, 22, -219, 220, 21, 221, 222, 223, 237, 235], :url=>"xrv234xrv235xrv237xrv223xrv222xrv221xrv21xrv220xrv-219xrv22xrv272xrv239xrv240xrv228xrv229xrv230"}
  [1m[36mCACHE (0.0ms)[0m  [1mSELECT "places".* FROM "places" WHERE "places"."id" = 974 LIMIT 1[0m
  [1m[35m (1.3ms)[0m  SELECT COUNT(*) FROM "route_indices" WHERE (url = 'xrv234xrv235xrv237xrv223xrv222xrv221xrv21xrv220xrv-219xrv22xrv272')
  [1m[36mPlaceType Load (0.2ms)[0m  [1mselect * from place_types where name='Roadend'[0m
  [1m[35mSQL (0.5ms)[0m  INSERT INTO "route_indices" ("created_at", "endplace_id", "isDest", "startplace_id", "updated_at", "url") VALUES ($1, $2, $3, $4, $5, $6) RETURNING "id"  [["created_at", Mon, 27 Oct 2014 10:08:12 NZDT +13:00], ["endplace_id", 974], ["isDest", true], ["startplace_id", 650], ["updated_at", Mon, 27 Oct 2014 10:08:12 NZDT +13:00], ["url", "xrv234xrv235xrv237xrv223xrv222xrv221xrv21xrv220xrv-219xrv22xrv272"]]
  [1m[36mPlace Load (0.3ms)[0m  [1mSELECT "places".* FROM "places" WHERE "places"."id" = 769 LIMIT 1[0m
  [1m[35m (1.1ms)[0m  SELECT COUNT(*) FROM "route_indices" WHERE (url = 'xrv234xrv235xrv237xrv223xrv222xrv221xrv21xrv220xrv-219xrv22xrv272xrv239xrv240xrv-227')
  [1m[36mPlaceType Load (0.2ms)[0m  [1mselect * from place_types where name='Hut'[0m
  [1m[35mSQL (0.4ms)[0m  INSERT INTO "route_indices" ("created_at", "endplace_id", "isDest", "startplace_id", "updated_at", "url") VALUES ($1, $2, $3, $4, $5, $6) RETURNING "id"  [["created_at", Mon, 27 Oct 2014 10:08:12 NZDT +13:00], ["endplace_id", 769], ["isDest", true], ["startplace_id", 650], ["updated_at", Mon, 27 Oct 2014 10:08:12 NZDT +13:00], ["url", "xrv234xrv235xrv237xrv223xrv222xrv221xrv21xrv220xrv-219xrv22xrv272xrv239xrv240xrv-227"]]
  [1m[36mPlace Load (0.3ms)[0m  [1mSELECT "places".* FROM "places" WHERE "places"."id" = 419 LIMIT 1[0m
  [1m[35m (1.1ms)[0m  SELECT COUNT(*) FROM "route_indices" WHERE (url = 'xrv234xrv235xrv237xrv223xrv222xrv221xrv21xrv220xrv-219xrv22xrv272xrv239xrv240xrv228xrv229')
  [1m[36mPlaceType Load (0.2ms)[0m  [1mselect * from place_types where name='Hut'[0m
  [1m[35mSQL (0.4ms)[0m  INSERT INTO "route_indices" ("created_at", "endplace_id", "isDest", "startplace_id", "updated_at", "url") VALUES ($1, $2, $3, $4, $5, $6) RETURNING "id"  [["created_at", Mon, 27 Oct 2014 10:08:12 NZDT +13:00], ["endplace_id", 419], ["isDest", true], ["startplace_id", 650], ["updated_at", Mon, 27 Oct 2014 10:08:12 NZDT +13:00], ["url", "xrv234xrv235xrv237xrv223xrv222xrv221xrv21xrv220xrv-219xrv22xrv272xrv239xrv240xrv228xrv229"]]
  [1m[36mPlace Load (0.3ms)[0m  [1mSELECT "places".* FROM "places" WHERE "places"."id" = 1125 LIMIT 1[0m
  [1m[35m (1.0ms)[0m  SELECT COUNT(*) FROM "route_indices" WHERE (url = 'xrv234xrv235xrv237xrv223xrv222xrv221xrv21xrv220xrv-219xrv22xrv272xrv239xrv240xrv-227xrv-226')
  [1m[36mPlaceType Load (0.3ms)[0m  [1mselect * from place_types where name='Campsite'[0m
  [1m[35mSQL (0.4ms)[0m  INSERT INTO "route_indices" ("created_at", "endplace_id", "isDest", "startplace_id", "updated_at", "url") VALUES ($1, $2, $3, $4, $5, $6) RETURNING "id"  [["created_at", Mon, 27 Oct 2014 10:08:12 NZDT +13:00], ["endplace_id", 1125], ["isDest", true], ["startplace_id", 650], ["updated_at", Mon, 27 Oct 2014 10:08:12 NZDT +13:00], ["url", "xrv234xrv235xrv237xrv223xrv222xrv221xrv21xrv220xrv-219xrv22xrv272xrv239xrv240xrv-227xrv-226"]]
  [1m[36mPlace Load (0.3ms)[0m  [1mSELECT "places".* FROM "places" WHERE "places"."id" = 1128 LIMIT 1[0m
  [1m[35m (1.1ms)[0m  SELECT COUNT(*) FROM "route_indices" WHERE (url = 'xrv234xrv235xrv237xrv223xrv222xrv221xrv21xrv220xrv-219xrv22xrv272xrv239xrv240xrv228xrv229xrv230')
  [1m[36mPlaceType Load (0.2ms)[0m  [1mselect * from place_types where name='Roadend'[0m
  [1m[35mSQL (0.4ms)[0m  INSERT INTO "route_indices" ("created_at", "endplace_id", "isDest", "startplace_id", "updated_at", "url") VALUES ($1, $2, $3, $4, $5, $6) RETURNING "id"  [["created_at", Mon, 27 Oct 2014 10:08:12 NZDT +13:00], ["endplace_id", 1128], ["isDest", true], ["startplace_id", 650], ["updated_at", Mon, 27 Oct 2014 10:08:12 NZDT +13:00], ["url", "xrv234xrv235xrv237xrv223xrv222xrv221xrv21xrv220xrv-219xrv22xrv272xrv239xrv240xrv228xrv229xrv230"]]
  [1m[36mPlace Load (0.3ms)[0m  [1mSELECT "places".* FROM "places" WHERE "places"."id" = 343 LIMIT 1[0m
  [1m[35mPlaceType Load (0.2ms)[0m  select name, "isDest" from place_types
  [1m[36mRoute Load (0.3ms)[0m  [1mSELECT "routes".* FROM "routes" WHERE "routes"."id" = 209 LIMIT 1[0m
  [1m[35mRoute Load (0.3ms)[0m  SELECT "routes".* FROM "routes" WHERE "routes"."id" = 210 LIMIT 1
  [1m[36mRoute Load (0.3ms)[0m  [1mSELECT "routes".* FROM "routes" WHERE "routes"."id" = 211 LIMIT 1[0m
  [1m[35mRoute Load (0.3ms)[0m  SELECT "routes".* FROM "routes" WHERE "routes"."id" = 213 LIMIT 1
  [1m[36mRoute Load (0.3ms)[0m  [1mSELECT "routes".* FROM "routes" WHERE "routes"."id" = 214 LIMIT 1[0m
  [1m[35mRoute Load (0.3ms)[0m  SELECT "routes".* FROM "routes" WHERE "routes"."id" = 216 LIMIT 1
  [1m[36mRoute Load (0.3ms)[0m  [1mSELECT "routes".* FROM "routes" WHERE "routes"."id" = 217 LIMIT 1[0m
  [1m[35mRoute Load (0.3ms)[0m  SELECT "routes".* FROM "routes" WHERE "routes"."id" = 218 LIMIT 1
  [1m[36mRoute Load (0.3ms)[0m  [1mSELECT "routes".* FROM "routes" WHERE "routes"."id" = 22 LIMIT 1[0m
  [1m[35mRoute Load (0.3ms)[0m  SELECT "routes".* FROM "routes" WHERE "routes"."id" = 272 LIMIT 1
  [1m[36mPlace Load (0.3ms)[0m  [1mSELECT "places".* FROM "places" WHERE "places"."id" = 974 LIMIT 1[0m
  [1m[35mCACHE (0.0ms)[0m  SELECT "places".* FROM "places" WHERE "places"."id" = 974 LIMIT 1
  [1m[36mRoute Load (0.3ms)[0m  [1mselect * from routes where startplace_id = 974[0m
  [1m[35mRoute Load (0.3ms)[0m  select * from routes where endplace_id = 974
  [1m[36mPlace Load (0.2ms)[0m  [1mSELECT "places".* FROM "places" WHERE "places"."id" = $1 LIMIT 1[0m  [["id", 974]]
  [1m[35mPlace Load (0.2ms)[0m  SELECT "places".* FROM "places" WHERE "places"."id" = $1 LIMIT 1  [["id", 471]]
  [1m[36mPlace Load (0.2ms)[0m  [1mSELECT "places".* FROM "places" WHERE "places"."id" = $1 LIMIT 1[0m  [["id", 1130]]
  [1m[35mPlace Load (0.2ms)[0m  SELECT "places".* FROM "places" WHERE "places"."id" = $1 LIMIT 1  [["id", 1124]]
  [1m[36mPlace Load (0.2ms)[0m  [1mSELECT "places".* FROM "places" WHERE "places"."id" = 1130 LIMIT 1[0m
  [1m[35mRoute Load (0.3ms)[0m  select * from routes where startplace_id = 1130
  [1m[36mRoute Load (0.3ms)[0m  [1mselect * from routes where endplace_id = 1130[0m
  [1m[35mCACHE (0.0ms)[0m  SELECT "places".* FROM "places" WHERE "places"."id" = $1 LIMIT 1  [["id", 1130]]
  [1m[36mCACHE (0.0ms)[0m  [1mSELECT "places".* FROM "places" WHERE "places"."id" = $1 LIMIT 1[0m  [["id", 974]]
  [1m[35mPlace Load (0.2ms)[0m  SELECT "places".* FROM "places" WHERE "places"."id" = $1 LIMIT 1  [["id", 1126]]
  [1m[36mPlace Load (0.3ms)[0m  [1mSELECT "places".* FROM "places" WHERE "places"."id" = 1124 LIMIT 1[0m
  [1m[35mRoute Load (0.3ms)[0m  select * from routes where startplace_id = 1124
  [1m[36mRoute Load (0.3ms)[0m  [1mselect * from routes where endplace_id = 1124[0m
  [1m[35mCACHE (0.0ms)[0m  SELECT "places".* FROM "places" WHERE "places"."id" = $1 LIMIT 1  [["id", 1124]]
  [1m[36mPlace Load (0.2ms)[0m  [1mSELECT "places".* FROM "places" WHERE "places"."id" = $1 LIMIT 1[0m  [["id", 1129]]
  [1m[35mCACHE (0.0ms)[0m  SELECT "places".* FROM "places" WHERE "places"."id" = $1 LIMIT 1  [["id", 1124]]
  [1m[36mCACHE (0.0ms)[0m  [1mSELECT "places".* FROM "places" WHERE "places"."id" = $1 LIMIT 1[0m  [["id", 974]]
  [1m[35mPlace Load (0.2ms)[0m  SELECT "places".* FROM "places" WHERE "places"."id" = $1 LIMIT 1  [["id", 1123]]
  [1m[36mPlace Load (0.3ms)[0m  [1mSELECT "places".* FROM "places" WHERE "places"."id" = 1126 LIMIT 1[0m
  [1m[35mRoute Load (0.3ms)[0m  select * from routes where startplace_id = 1126
  [1m[36mRoute Load (0.3ms)[0m  [1mselect * from routes where endplace_id = 1126[0m
  [1m[35mCACHE (0.0ms)[0m  SELECT "places".* FROM "places" WHERE "places"."id" = $1 LIMIT 1  [["id", 1126]]
  [1m[36mCACHE (0.0ms)[0m  [1mSELECT "places".* FROM "places" WHERE "places"."id" = $1 LIMIT 1[0m  [["id", 1130]]
  [1m[35mCACHE (0.0ms)[0m  SELECT "places".* FROM "places" WHERE "places"."id" = $1 LIMIT 1  [["id", 1126]]
  [1m[36mPlace Load (0.2ms)[0m  [1mSELECT "places".* FROM "places" WHERE "places"."id" = $1 LIMIT 1[0m  [["id", 769]]
  [1m[35mPlace Load (0.2ms)[0m  SELECT "places".* FROM "places" WHERE "places"."id" = $1 LIMIT 1  [["id", 1127]]
  [1m[36mPlace Load (0.2ms)[0m  [1mSELECT "places".* FROM "places" WHERE "places"."id" = 1123 LIMIT 1[0m
  [1m[35mRoute Load (0.3ms)[0m  select * from routes where startplace_id = 1123
  [1m[36mRoute Load (0.3ms)[0m  [1mselect * from routes where endplace_id = 1123[0m
  [1m[35mCACHE (0.0ms)[0m  SELECT "places".* FROM "places" WHERE "places"."id" = $1 LIMIT 1  [["id", 1123]]
  [1m[36mCACHE (0.0ms)[0m  [1mSELECT "places".* FROM "places" WHERE "places"."id" = $1 LIMIT 1[0m  [["id", 1124]]
  [1m[35mPlace Load (0.2ms)[0m  SELECT "places".* FROM "places" WHERE "places"."id" = $1 LIMIT 1  [["id", 975]]
  [1m[36mPlace Load (0.2ms)[0m  [1mSELECT "places".* FROM "places" WHERE "places"."id" = $1 LIMIT 1[0m  [["id", 1125]]
  [1m[35mPlace Load (0.3ms)[0m  SELECT "places".* FROM "places" WHERE "places"."id" = 1129 LIMIT 1
  [1m[36mRoute Load (0.3ms)[0m  [1mselect * from routes where startplace_id = 1129[0m
  [1m[35mRoute Load (0.3ms)[0m  select * from routes where endplace_id = 1129
  [1m[36mCACHE (0.0ms)[0m  [1mSELECT "places".* FROM "places" WHERE "places"."id" = $1 LIMIT 1[0m  [["id", 1129]]
  [1m[35mPlace Load (0.2ms)[0m  SELECT "places".* FROM "places" WHERE "places"."id" = $1 LIMIT 1  [["id", 207]]
  [1m[36mCACHE (0.0ms)[0m  [1mSELECT "places".* FROM "places" WHERE "places"."id" = $1 LIMIT 1[0m  [["id", 1124]]
  [1m[35mCACHE (0.0ms)[0m  SELECT "places".* FROM "places" WHERE "places"."id" = $1 LIMIT 1  [["id", 975]]
  [1m[36mPlace Load (0.3ms)[0m  [1mSELECT "places".* FROM "places" WHERE "places"."id" = 1127 LIMIT 1[0m
  [1m[35mRoute Load (0.3ms)[0m  select * from routes where startplace_id = 1127
  [1m[36mRoute Load (0.3ms)[0m  [1mselect * from routes where endplace_id = 1127[0m
  [1m[35mCACHE (0.0ms)[0m  SELECT "places".* FROM "places" WHERE "places"."id" = $1 LIMIT 1  [["id", 1127]]
  [1m[36mCACHE (0.0ms)[0m  [1mSELECT "places".* FROM "places" WHERE "places"."id" = $1 LIMIT 1[0m  [["id", 1126]]
  [1m[35mPlace Load (0.2ms)[0m  SELECT "places".* FROM "places" WHERE "places"."id" = $1 LIMIT 1  [["id", 419]]
  [1m[36mPlace Load (0.3ms)[0m  [1mSELECT "places".* FROM "places" WHERE "places"."id" = 769 LIMIT 1[0m
  [1m[35mRoute Load (0.3ms)[0m  select * from routes where startplace_id = 769
  [1m[36mRoute Load (0.3ms)[0m  [1mselect * from routes where endplace_id = 769[0m
  [1m[35mCACHE (0.0ms)[0m  SELECT "places".* FROM "places" WHERE "places"."id" = $1 LIMIT 1  [["id", 769]]
  [1m[36mCACHE (0.0ms)[0m  [1mSELECT "places".* FROM "places" WHERE "places"."id" = $1 LIMIT 1[0m  [["id", 1125]]
  [1m[35mCACHE (0.0ms)[0m  SELECT "places".* FROM "places" WHERE "places"."id" = $1 LIMIT 1  [["id", 1126]]
  [1m[36mPlace Load (0.3ms)[0m  [1mSELECT "places".* FROM "places" WHERE "places"."id" = 975 LIMIT 1[0m
  [1m[35mRoute Load (0.3ms)[0m  select * from routes where startplace_id = 975
  [1m[36mRoute Load (0.3ms)[0m  [1mselect * from routes where endplace_id = 975[0m
  [1m[35mCACHE (0.0ms)[0m  SELECT "places".* FROM "places" WHERE "places"."id" = $1 LIMIT 1  [["id", 975]]
  [1m[36mCACHE (0.0ms)[0m  [1mSELECT "places".* FROM "places" WHERE "places"."id" = $1 LIMIT 1[0m  [["id", 1129]]
  [1m[35mCACHE (0.0ms)[0m  SELECT "places".* FROM "places" WHERE "places"."id" = $1 LIMIT 1  [["id", 975]]
  [1m[36mCACHE (0.0ms)[0m  [1mSELECT "places".* FROM "places" WHERE "places"."id" = $1 LIMIT 1[0m  [["id", 1123]]
  [1m[35mPlace Load (0.2ms)[0m  SELECT "places".* FROM "places" WHERE "places"."id" = $1 LIMIT 1  [["id", 1122]]
  [1m[36mPlace Load (0.3ms)[0m  [1mSELECT "places".* FROM "places" WHERE "places"."id" = 1125 LIMIT 1[0m
  [1m[35mRoute Load (0.3ms)[0m  select * from routes where startplace_id = 1125
  [1m[36mRoute Load (0.3ms)[0m  [1mselect * from routes where endplace_id = 1125[0m
  [1m[35mCACHE (0.0ms)[0m  SELECT "places".* FROM "places" WHERE "places"."id" = $1 LIMIT 1  [["id", 1125]]
  [1m[36mCACHE (0.0ms)[0m  [1mSELECT "places".* FROM "places" WHERE "places"."id" = $1 LIMIT 1[0m  [["id", 1123]]
  [1m[35mCACHE (0.0ms)[0m  SELECT "places".* FROM "places" WHERE "places"."id" = $1 LIMIT 1  [["id", 769]]
  [1m[36mCACHE (0.0ms)[0m  [1mSELECT "places".* FROM "places" WHERE "places"."id" = 975 LIMIT 1[0m
  [1m[35mCACHE (0.0ms)[0m  select * from routes where startplace_id = 975
  [1m[36mCACHE (0.0ms)[0m  [1mselect * from routes where endplace_id = 975[0m
  [1m[35mCACHE (0.0ms)[0m  SELECT "places".* FROM "places" WHERE "places"."id" = $1 LIMIT 1  [["id", 975]]
  [1m[36mCACHE (0.0ms)[0m  [1mSELECT "places".* FROM "places" WHERE "places"."id" = $1 LIMIT 1[0m  [["id", 1129]]
  [1m[35mCACHE (0.0ms)[0m  SELECT "places".* FROM "places" WHERE "places"."id" = $1 LIMIT 1  [["id", 975]]
  [1m[36mCACHE (0.0ms)[0m  [1mSELECT "places".* FROM "places" WHERE "places"."id" = $1 LIMIT 1[0m  [["id", 1123]]
  [1m[35mCACHE (0.0ms)[0m  SELECT "places".* FROM "places" WHERE "places"."id" = $1 LIMIT 1  [["id", 1122]]
  [1m[36mPlace Load (0.3ms)[0m  [1mSELECT "places".* FROM "places" WHERE "places"."id" = 207 LIMIT 1[0m
  [1m[35mRoute Load (0.3ms)[0m  select * from routes where startplace_id = 207
  [1m[36mRoute Load (0.4ms)[0m  [1mselect * from routes where endplace_id = 207[0m
  [1m[35mCACHE (0.0ms)[0m  SELECT "places".* FROM "places" WHERE "places"."id" = $1 LIMIT 1  [["id", 207]]
  [1m[36mPlace Load (0.2ms)[0m  [1mSELECT "places".* FROM "places" WHERE "places"."id" = $1 LIMIT 1[0m  [["id", 650]]
  [1m[35mCACHE (0.0ms)[0m  SELECT "places".* FROM "places" WHERE "places"."id" = $1 LIMIT 1  [["id", 207]]
  [1m[36mPlace Load (0.2ms)[0m  [1mSELECT "places".* FROM "places" WHERE "places"."id" = $1 LIMIT 1[0m  [["id", 1133]]
  [1m[35mCACHE (0.0ms)[0m  SELECT "places".* FROM "places" WHERE "places"."id" = $1 LIMIT 1  [["id", 1129]]
  [1m[36mPlace Load (0.2ms)[0m  [1mSELECT "places".* FROM "places" WHERE "places"."id" = 419 LIMIT 1[0m
  [1m[35mRoute Load (0.3ms)[0m  select * from routes where startplace_id = 419
  [1m[36mRoute Load (0.3ms)[0m  [1mselect * from routes where endplace_id = 419[0m
  [1m[35mCACHE (0.0ms)[0m  SELECT "places".* FROM "places" WHERE "places"."id" = $1 LIMIT 1  [["id", 419]]
  [1m[36mCACHE (0.0ms)[0m  [1mSELECT "places".* FROM "places" WHERE "places"."id" = $1 LIMIT 1[0m  [["id", 1127]]
  [1m[35mPlace Load (0.2ms)[0m  SELECT "places".* FROM "places" WHERE "places"."id" = $1 LIMIT 1  [["id", 1128]]
  [1m[36mCACHE (0.0ms)[0m  [1mSELECT "places".* FROM "places" WHERE "places"."id" = 1125 LIMIT 1[0m
  [1m[35mCACHE (0.0ms)[0m  select * from routes where startplace_id = 1125
  [1m[36mCACHE (0.0ms)[0m  [1mselect * from routes where endplace_id = 1125[0m
  [1m[35mCACHE (0.0ms)[0m  SELECT "places".* FROM "places" WHERE "places"."id" = $1 LIMIT 1  [["id", 1125]]
  [1m[36mCACHE (0.0ms)[0m  [1mSELECT "places".* FROM "places" WHERE "places"."id" = $1 LIMIT 1[0m  [["id", 1123]]
  [1m[35mCACHE (0.0ms)[0m  SELECT "places".* FROM "places" WHERE "places"."id" = $1 LIMIT 1  [["id", 769]]
  [1m[36mPlace Load (0.3ms)[0m  [1mSELECT "places".* FROM "places" WHERE "places"."id" = 1122 LIMIT 1[0m
  [1m[35mRoute Load (0.3ms)[0m  select * from routes where startplace_id = 1122
  [1m[36mRoute Load (0.3ms)[0m  [1mselect * from routes where endplace_id = 1122[0m
  [1m[35mCACHE (0.0ms)[0m  SELECT "places".* FROM "places" WHERE "places"."id" = $1 LIMIT 1  [["id", 1122]]
  [1m[36mCACHE (0.0ms)[0m  [1mSELECT "places".* FROM "places" WHERE "places"."id" = $1 LIMIT 1[0m  [["id", 975]]
  [1m[35mPlace Load (0.2ms)[0m  SELECT "places".* FROM "places" WHERE "places"."id" = $1 LIMIT 1  [["id", 1121]]
  [1m[36mCACHE (0.0ms)[0m  [1mSELECT "places".* FROM "places" WHERE "places"."id" = 1129 LIMIT 1[0m
  [1m[35mCACHE (0.0ms)[0m  select * from routes where startplace_id = 1129
  [1m[36mCACHE (0.0ms)[0m  [1mselect * from routes where endplace_id = 1129[0m
  [1m[35mCACHE (0.0ms)[0m  SELECT "places".* FROM "places" WHERE "places"."id" = $1 LIMIT 1  [["id", 1129]]
  [1m[36mCACHE (0.0ms)[0m  [1mSELECT "places".* FROM "places" WHERE "places"."id" = $1 LIMIT 1[0m  [["id", 207]]
  [1m[35mCACHE (0.0ms)[0m  SELECT "places".* FROM "places" WHERE "places"."id" = $1 LIMIT 1  [["id", 1124]]
  [1m[36mCACHE (0.0ms)[0m  [1mSELECT "places".* FROM "places" WHERE "places"."id" = $1 LIMIT 1[0m  [["id", 975]]
  [1m[35mCACHE (0.0ms)[0m  SELECT "places".* FROM "places" WHERE "places"."id" = 769 LIMIT 1
  [1m[36mCACHE (0.0ms)[0m  [1mselect * from routes where startplace_id = 769[0m
  [1m[35mCACHE (0.0ms)[0m  select * from routes where endplace_id = 769
  [1m[36mCACHE (0.0ms)[0m  [1mSELECT "places".* FROM "places" WHERE "places"."id" = $1 LIMIT 1[0m  [["id", 769]]
  [1m[35mCACHE (0.0ms)[0m  SELECT "places".* FROM "places" WHERE "places"."id" = $1 LIMIT 1  [["id", 1125]]
  [1m[36mCACHE (0.0ms)[0m  [1mSELECT "places".* FROM "places" WHERE "places"."id" = $1 LIMIT 1[0m  [["id", 1126]]
  [1m[35mCACHE (0.0ms)[0m  SELECT "places".* FROM "places" WHERE "places"."id" = 1122 LIMIT 1
  [1m[36mCACHE (0.0ms)[0m  [1mselect * from routes where startplace_id = 1122[0m
  [1m[35mCACHE (0.0ms)[0m  select * from routes where endplace_id = 1122
  [1m[36mCACHE (0.0ms)[0m  [1mSELECT "places".* FROM "places" WHERE "places"."id" = $1 LIMIT 1[0m  [["id", 1122]]
  [1m[35mCACHE (0.0ms)[0m  SELECT "places".* FROM "places" WHERE "places"."id" = $1 LIMIT 1  [["id", 975]]
  [1m[36mCACHE (0.0ms)[0m  [1mSELECT "places".* FROM "places" WHERE "places"."id" = $1 LIMIT 1[0m  [["id", 1121]]
  [1m[35mCACHE (0.0ms)[0m  SELECT "places".* FROM "places" WHERE "places"."id" = 1123 LIMIT 1
  [1m[36mCACHE (0.0ms)[0m  [1mselect * from routes where startplace_id = 1123[0m
  [1m[35mCACHE (0.0ms)[0m  select * from routes where endplace_id = 1123
  [1m[36mCACHE (0.0ms)[0m  [1mSELECT "places".* FROM "places" WHERE "places"."id" = $1 LIMIT 1[0m  [["id", 1123]]
  [1m[35mCACHE (0.0ms)[0m  SELECT "places".* FROM "places" WHERE "places"."id" = $1 LIMIT 1  [["id", 1124]]
  [1m[36mCACHE (0.0ms)[0m  [1mSELECT "places".* FROM "places" WHERE "places"."id" = $1 LIMIT 1[0m  [["id", 975]]
  [1m[35mCACHE (0.0ms)[0m  SELECT "places".* FROM "places" WHERE "places"."id" = $1 LIMIT 1  [["id", 1125]]
  [1m[36mPlace Load (0.3ms)[0m  [1mSELECT "places".* FROM "places" WHERE "places"."id" = 650 LIMIT 1[0m
  [1m[35mRoute Load (0.3ms)[0m  select * from routes where startplace_id = 650
  [1m[36mRoute Load (0.3ms)[0m  [1mselect * from routes where endplace_id = 650[0m
  [1m[35mCACHE (0.0ms)[0m  SELECT "places".* FROM "places" WHERE "places"."id" = $1 LIMIT 1  [["id", 650]]
  [1m[36mPlace Load (0.2ms)[0m  [1mSELECT "places".* FROM "places" WHERE "places"."id" = $1 LIMIT 1[0m  [["id", 45]]
  [1m[35mCACHE (0.0ms)[0m  SELECT "places".* FROM "places" WHERE "places"."id" = $1 LIMIT 1  [["id", 207]]
  [1m[36mPlace Load (0.3ms)[0m  [1mSELECT "places".* FROM "places" WHERE "places"."id" = 1133 LIMIT 1[0m
  [1m[35mRoute Load (0.3ms)[0m  select * from routes where startplace_id = 1133
  [1m[36mRoute Load (0.3ms)[0m  [1mselect * from routes where endplace_id = 1133[0m
  [1m[35mCACHE (0.0ms)[0m  SELECT "places".* FROM "places" WHERE "places"."id" = $1 LIMIT 1  [["id", 1133]]
  [1m[36mPlace Load (0.2ms)[0m  [1mSELECT "places".* FROM "places" WHERE "places"."id" = $1 LIMIT 1[0m  [["id", 1131]]
  [1m[35mCACHE (0.0ms)[0m  SELECT "places".* FROM "places" WHERE "places"."id" = $1 LIMIT 1  [["id", 207]]
BNewroutes
343
{:place=>974, :route=>[272, 22, 218, 217, 216, 214, 213, 211, 210, 209], :url=>"xrv208xrv209xrv210xrv211xrv213xrv214xrv216xrv217xrv218xrv22xrv272"}
{:place=>769, :route=>[-227, 240, 239, 272, 22, 218, 217, 216, 214, 213, 211, 210, 209], :url=>"xrv208xrv209xrv210xrv211xrv213xrv214xrv216xrv217xrv218xrv22xrv272xrv239xrv240xrv-227"}
{:place=>1125, :route=>[225, 223, 224, 272, 22, 218, 217, 216, 214, 213, 211, 210, 209], :url=>"xrv208xrv209xrv210xrv211xrv213xrv214xrv216xrv217xrv218xrv22xrv272xrv224xrv223xrv225"}
{:place=>207, :route=>[-235, -237, 224, 272, 22, 218, 217, 216, 214, 213, 211, 210, 209], :url=>"xrv208xrv209xrv210xrv211xrv213xrv214xrv216xrv217xrv218xrv22xrv272xrv224xrv-237xrv-235"}
{:place=>419, :route=>[229, 228, 240, 239, 272, 22, 218, 217, 216, 214, 213, 211, 210, 209], :url=>"xrv208xrv209xrv210xrv211xrv213xrv214xrv216xrv217xrv218xrv22xrv272xrv239xrv240xrv228xrv229"}
{:place=>1125, :route=>[-226, -227, 240, 239, 272, 22, 218, 217, 216, 214, 213, 211, 210, 209], :url=>"xrv208xrv209xrv210xrv211xrv213xrv214xrv216xrv217xrv218xrv22xrv272xrv239xrv240xrv-227xrv-226"}
{:place=>769, :route=>[226, 225, 223, 224, 272, 22, 218, 217, 216, 214, 213, 211, 210, 209], :url=>"xrv208xrv209xrv210xrv211xrv213xrv214xrv216xrv217xrv218xrv22xrv272xrv224xrv223xrv225xrv226"}
{:place=>650, :route=>[-234, -235, -237, 224, 272, 22, 218, 217, 216, 214, 213, 211, 210, 209], :url=>"xrv208xrv209xrv210xrv211xrv213xrv214xrv216xrv217xrv218xrv22xrv272xrv224xrv-237xrv-235xrv-234"}
{:place=>1128, :route=>[230, 229, 228, 240, 239, 272, 22, 218, 217, 216, 214, 213, 211, 210, 209], :url=>"xrv208xrv209xrv210xrv211xrv213xrv214xrv216xrv217xrv218xrv22xrv272xrv239xrv240xrv228xrv229xrv230"}
{:place=>207, :route=>[-235, -238, 222, 223, 224, 272, 22, 218, 217, 216, 214, 213, 211, 210, 209], :url=>"xrv208xrv209xrv210xrv211xrv213xrv214xrv216xrv217xrv218xrv22xrv272xrv224xrv223xrv222xrv-238xrv-235"}
{:place=>1125, :route=>[225, -222, 238, -237, 224, 272, 22, 218, 217, 216, 214, 213, 211, 210, 209], :url=>"xrv208xrv209xrv210xrv211xrv213xrv214xrv216xrv217xrv218xrv22xrv272xrv224xrv-237xrv238xrv-222xrv225"}
{:place=>45, :route=>[-233, -234, -235, -237, 224, 272, 22, 218, 217, 216, 214, 213, 211, 210, 209], :url=>"xrv208xrv209xrv210xrv211xrv213xrv214xrv216xrv217xrv218xrv22xrv272xrv224xrv-237xrv-235xrv-234xrv-233"}
  [1m[36mCACHE (0.0ms)[0m  [1mSELECT "places".* FROM "places" WHERE "places"."id" = 974 LIMIT 1[0m
  [1m[35m (1.3ms)[0m  SELECT COUNT(*) FROM "route_indices" WHERE (url = 'xrv208xrv209xrv210xrv211xrv213xrv214xrv216xrv217xrv218xrv22xrv272')
  [1m[36mPlaceType Load (0.2ms)[0m  [1mselect * from place_types where name='Roadend'[0m
  [1m[35mSQL (0.4ms)[0m  INSERT INTO "route_indices" ("created_at", "endplace_id", "isDest", "startplace_id", "updated_at", "url") VALUES ($1, $2, $3, $4, $5, $6) RETURNING "id"  [["created_at", Mon, 27 Oct 2014 10:08:12 NZDT +13:00], ["endplace_id", 974], ["isDest", true], ["startplace_id", 343], ["updated_at", Mon, 27 Oct 2014 10:08:12 NZDT +13:00], ["url", "xrv208xrv209xrv210xrv211xrv213xrv214xrv216xrv217xrv218xrv22xrv272"]]
  [1m[36mPlace Load (0.3ms)[0m  [1mSELECT "places".* FROM "places" WHERE "places"."id" = 769 LIMIT 1[0m
  [1m[35m (1.1ms)[0m  SELECT COUNT(*) FROM "route_indices" WHERE (url = 'xrv208xrv209xrv210xrv211xrv213xrv214xrv216xrv217xrv218xrv22xrv272xrv239xrv240xrv-227')
  [1m[36mPlaceType Load (0.2ms)[0m  [1mselect * from place_types where name='Hut'[0m
  [1m[35mSQL (0.4ms)[0m  INSERT INTO "route_indices" ("created_at", "endplace_id", "isDest", "startplace_id", "updated_at", "url") VALUES ($1, $2, $3, $4, $5, $6) RETURNING "id"  [["created_at", Mon, 27 Oct 2014 10:08:12 NZDT +13:00], ["endplace_id", 769], ["isDest", true], ["startplace_id", 343], ["updated_at", Mon, 27 Oct 2014 10:08:12 NZDT +13:00], ["url", "xrv208xrv209xrv210xrv211xrv213xrv214xrv216xrv217xrv218xrv22xrv272xrv239xrv240xrv-227"]]
  [1m[36mPlace Load (0.3ms)[0m  [1mSELECT "places".* FROM "places" WHERE "places"."id" = 1125 LIMIT 1[0m
  [1m[35m (1.1ms)[0m  SELECT COUNT(*) FROM "route_indices" WHERE (url = 'xrv208xrv209xrv210xrv211xrv213xrv214xrv216xrv217xrv218xrv22xrv272xrv224xrv223xrv225')
  [1m[36mPlaceType Load (0.2ms)[0m  [1mselect * from place_types where name='Campsite'[0m
  [1m[35mSQL (0.3ms)[0m  INSERT INTO "route_indices" ("created_at", "endplace_id", "isDest", "startplace_id", "updated_at", "url") VALUES ($1, $2, $3, $4, $5, $6) RETURNING "id"  [["created_at", Mon, 27 Oct 2014 10:08:12 NZDT +13:00], ["endplace_id", 1125], ["isDest", true], ["startplace_id", 343], ["updated_at", Mon, 27 Oct 2014 10:08:12 NZDT +13:00], ["url", "xrv208xrv209xrv210xrv211xrv213xrv214xrv216xrv217xrv218xrv22xrv272xrv224xrv223xrv225"]]
  [1m[36mPlace Load (0.3ms)[0m  [1mSELECT "places".* FROM "places" WHERE "places"."id" = 207 LIMIT 1[0m
  [1m[35m (1.1ms)[0m  SELECT COUNT(*) FROM "route_indices" WHERE (url = 'xrv208xrv209xrv210xrv211xrv213xrv214xrv216xrv217xrv218xrv22xrv272xrv224xrv-237xrv-235')
  [1m[36mPlaceType Load (0.2ms)[0m  [1mselect * from place_types where name='Hut'[0m
  [1m[35mSQL (0.4ms)[0m  INSERT INTO "route_indices" ("created_at", "endplace_id", "isDest", "startplace_id", "updated_at", "url") VALUES ($1, $2, $3, $4, $5, $6) RETURNING "id"  [["created_at", Mon, 27 Oct 2014 10:08:12 NZDT +13:00], ["endplace_id", 207], ["isDest", true], ["startplace_id", 343], ["updated_at", Mon, 27 Oct 2014 10:08:12 NZDT +13:00], ["url", "xrv208xrv209xrv210xrv211xrv213xrv214xrv216xrv217xrv218xrv22xrv272xrv224xrv-237xrv-235"]]
  [1m[36mPlace Load (0.3ms)[0m  [1mSELECT "places".* FROM "places" WHERE "places"."id" = 419 LIMIT 1[0m
  [1m[35m (1.0ms)[0m  SELECT COUNT(*) FROM "route_indices" WHERE (url = 'xrv208xrv209xrv210xrv211xrv213xrv214xrv216xrv217xrv218xrv22xrv272xrv239xrv240xrv228xrv229')
  [1m[36mPlaceType Load (0.3ms)[0m  [1mselect * from place_types where name='Hut'[0m
  [1m[35mSQL (0.4ms)[0m  INSERT INTO "route_indices" ("created_at", "endplace_id", "isDest", "startplace_id", "updated_at", "url") VALUES ($1, $2, $3, $4, $5, $6) RETURNING "id"  [["created_at", Mon, 27 Oct 2014 10:08:12 NZDT +13:00], ["endplace_id", 419], ["isDest", true], ["startplace_id", 343], ["updated_at", Mon, 27 Oct 2014 10:08:12 NZDT +13:00], ["url", "xrv208xrv209xrv210xrv211xrv213xrv214xrv216xrv217xrv218xrv22xrv272xrv239xrv240xrv228xrv229"]]
  [1m[36mPlace Load (0.2ms)[0m  [1mSELECT "places".* FROM "places" WHERE "places"."id" = 1125 LIMIT 1[0m
  [1m[35m (1.1ms)[0m  SELECT COUNT(*) FROM "route_indices" WHERE (url = 'xrv208xrv209xrv210xrv211xrv213xrv214xrv216xrv217xrv218xrv22xrv272xrv239xrv240xrv-227xrv-226')
  [1m[36mPlaceType Load (0.2ms)[0m  [1mselect * from place_types where name='Campsite'[0m
  [1m[35mSQL (0.5ms)[0m  INSERT INTO "route_indices" ("created_at", "endplace_id", "isDest", "startplace_id", "updated_at", "url") VALUES ($1, $2, $3, $4, $5, $6) RETURNING "id"  [["created_at", Mon, 27 Oct 2014 10:08:12 NZDT +13:00], ["endplace_id", 1125], ["isDest", true], ["startplace_id", 343], ["updated_at", Mon, 27 Oct 2014 10:08:12 NZDT +13:00], ["url", "xrv208xrv209xrv210xrv211xrv213xrv214xrv216xrv217xrv218xrv22xrv272xrv239xrv240xrv-227xrv-226"]]
  [1m[36mPlace Load (0.3ms)[0m  [1mSELECT "places".* FROM "places" WHERE "places"."id" = 769 LIMIT 1[0m
  [1m[35m (1.2ms)[0m  SELECT COUNT(*) FROM "route_indices" WHERE (url = 'xrv208xrv209xrv210xrv211xrv213xrv214xrv216xrv217xrv218xrv22xrv272xrv224xrv223xrv225xrv226')
  [1m[36mPlaceType Load (0.2ms)[0m  [1mselect * from place_types where name='Hut'[0m
  [1m[35mSQL (0.3ms)[0m  INSERT INTO "route_indices" ("created_at", "endplace_id", "isDest", "startplace_id", "updated_at", "url") VALUES ($1, $2, $3, $4, $5, $6) RETURNING "id"  [["created_at", Mon, 27 Oct 2014 10:08:12 NZDT +13:00], ["endplace_id", 769], ["isDest", true], ["startplace_id", 343], ["updated_at", Mon, 27 Oct 2014 10:08:12 NZDT +13:00], ["url", "xrv208xrv209xrv210xrv211xrv213xrv214xrv216xrv217xrv218xrv22xrv272xrv224xrv223xrv225xrv226"]]
  [1m[36mPlace Load (0.3ms)[0m  [1mSELECT "places".* FROM "places" WHERE "places"."id" = 650 LIMIT 1[0m
  [1m[35m (1.0ms)[0m  SELECT COUNT(*) FROM "route_indices" WHERE (url = 'xrv208xrv209xrv210xrv211xrv213xrv214xrv216xrv217xrv218xrv22xrv272xrv224xrv-237xrv-235xrv-234')
  [1m[36mPlaceType Load (0.2ms)[0m  [1mselect * from place_types where name='Hut'[0m
  [1m[35mSQL (0.4ms)[0m  INSERT INTO "route_indices" ("created_at", "endplace_id", "isDest", "startplace_id", "updated_at", "url") VALUES ($1, $2, $3, $4, $5, $6) RETURNING "id"  [["created_at", Mon, 27 Oct 2014 10:08:12 NZDT +13:00], ["endplace_id", 650], ["isDest", true], ["startplace_id", 343], ["updated_at", Mon, 27 Oct 2014 10:08:12 NZDT +13:00], ["url", "xrv208xrv209xrv210xrv211xrv213xrv214xrv216xrv217xrv218xrv22xrv272xrv224xrv-237xrv-235xrv-234"]]
  [1m[36mPlace Load (0.2ms)[0m  [1mSELECT "places".* FROM "places" WHERE "places"."id" = 1128 LIMIT 1[0m
  [1m[35m (1.1ms)[0m  SELECT COUNT(*) FROM "route_indices" WHERE (url = 'xrv208xrv209xrv210xrv211xrv213xrv214xrv216xrv217xrv218xrv22xrv272xrv239xrv240xrv228xrv229xrv230')
  [1m[36mPlaceType Load (0.2ms)[0m  [1mselect * from place_types where name='Roadend'[0m
  [1m[35mSQL (0.4ms)[0m  INSERT INTO "route_indices" ("created_at", "endplace_id", "isDest", "startplace_id", "updated_at", "url") VALUES ($1, $2, $3, $4, $5, $6) RETURNING "id"  [["created_at", Mon, 27 Oct 2014 10:08:12 NZDT +13:00], ["endplace_id", 1128], ["isDest", true], ["startplace_id", 343], ["updated_at", Mon, 27 Oct 2014 10:08:12 NZDT +13:00], ["url", "xrv208xrv209xrv210xrv211xrv213xrv214xrv216xrv217xrv218xrv22xrv272xrv239xrv240xrv228xrv229xrv230"]]
  [1m[36mPlace Load (0.3ms)[0m  [1mSELECT "places".* FROM "places" WHERE "places"."id" = 207 LIMIT 1[0m
  [1m[35m (1.1ms)[0m  SELECT COUNT(*) FROM "route_indices" WHERE (url = 'xrv208xrv209xrv210xrv211xrv213xrv214xrv216xrv217xrv218xrv22xrv272xrv224xrv223xrv222xrv-238xrv-235')
  [1m[36mPlaceType Load (0.2ms)[0m  [1mselect * from place_types where name='Hut'[0m
  [1m[35mSQL (0.4ms)[0m  INSERT INTO "route_indices" ("created_at", "endplace_id", "isDest", "startplace_id", "updated_at", "url") VALUES ($1, $2, $3, $4, $5, $6) RETURNING "id"  [["created_at", Mon, 27 Oct 2014 10:08:12 NZDT +13:00], ["endplace_id", 207], ["isDest", true], ["startplace_id", 343], ["updated_at", Mon, 27 Oct 2014 10:08:12 NZDT +13:00], ["url", "xrv208xrv209xrv210xrv211xrv213xrv214xrv216xrv217xrv218xrv22xrv272xrv224xrv223xrv222xrv-238xrv-235"]]
  [1m[36mPlace Load (0.3ms)[0m  [1mSELECT "places".* FROM "places" WHERE "places"."id" = 1125 LIMIT 1[0m
  [1m[35m (1.1ms)[0m  SELECT COUNT(*) FROM "route_indices" WHERE (url = 'xrv208xrv209xrv210xrv211xrv213xrv214xrv216xrv217xrv218xrv22xrv272xrv224xrv-237xrv238xrv-222xrv225')
  [1m[36mPlaceType Load (0.2ms)[0m  [1mselect * from place_types where name='Campsite'[0m
  [1m[35mSQL (0.4ms)[0m  INSERT INTO "route_indices" ("created_at", "endplace_id", "isDest", "startplace_id", "updated_at", "url") VALUES ($1, $2, $3, $4, $5, $6) RETURNING "id"  [["created_at", Mon, 27 Oct 2014 10:08:12 NZDT +13:00], ["endplace_id", 1125], ["isDest", true], ["startplace_id", 343], ["updated_at", Mon, 27 Oct 2014 10:08:12 NZDT +13:00], ["url", "xrv208xrv209xrv210xrv211xrv213xrv214xrv216xrv217xrv218xrv22xrv272xrv224xrv-237xrv238xrv-222xrv225"]]
  [1m[36mPlace Load (0.3ms)[0m  [1mSELECT "places".* FROM "places" WHERE "places"."id" = 45 LIMIT 1[0m
  [1m[35m (1.1ms)[0m  SELECT COUNT(*) FROM "route_indices" WHERE (url = 'xrv208xrv209xrv210xrv211xrv213xrv214xrv216xrv217xrv218xrv22xrv272xrv224xrv-237xrv-235xrv-234xrv-233')
  [1m[36mPlaceType Load (0.2ms)[0m  [1mselect * from place_types where name='Hut'[0m
  [1m[35mSQL (0.4ms)[0m  INSERT INTO "route_indices" ("created_at", "endplace_id", "isDest", "startplace_id", "updated_at", "url") VALUES ($1, $2, $3, $4, $5, $6) RETURNING "id"  [["created_at", Mon, 27 Oct 2014 10:08:12 NZDT +13:00], ["endplace_id", 45], ["isDest", true], ["startplace_id", 343], ["updated_at", Mon, 27 Oct 2014 10:08:12 NZDT +13:00], ["url", "xrv208xrv209xrv210xrv211xrv213xrv214xrv216xrv217xrv218xrv22xrv272xrv224xrv-237xrv-235xrv-234xrv-233"]]
  [1m[36mPlace Load (0.3ms)[0m  [1mSELECT "places".* FROM "places" WHERE "places"."id" = 769 LIMIT 1[0m
  [1m[35mPlaceType Load (0.2ms)[0m  select name, "isDest" from place_types
  [1m[36mRoute Load (0.4ms)[0m  [1mSELECT "routes".* FROM "routes" WHERE "routes"."id" = 240 LIMIT 1[0m
  [1m[35mPlace Load (0.2ms)[0m  SELECT "places".* FROM "places" WHERE "places"."id" = $1 LIMIT 1  [["id", 1126]]
  [1m[36mPlace Load (0.2ms)[0m  [1mSELECT "places".* FROM "places" WHERE "places"."id" = $1 LIMIT 1[0m  [["id", 1130]]
  [1m[35mRoute Load (0.3ms)[0m  SELECT "routes".* FROM "routes" WHERE "routes"."id" = 239 LIMIT 1
  [1m[36mCACHE (0.0ms)[0m  [1mSELECT "places".* FROM "places" WHERE "places"."id" = $1 LIMIT 1[0m  [["id", 1130]]
  [1m[35mPlace Load (0.2ms)[0m  SELECT "places".* FROM "places" WHERE "places"."id" = $1 LIMIT 1  [["id", 974]]
  [1m[36mRoute Load (0.3ms)[0m  [1mSELECT "routes".* FROM "routes" WHERE "routes"."id" = 224 LIMIT 1[0m
  [1m[35mRoute Load (0.3ms)[0m  SELECT "routes".* FROM "routes" WHERE "routes"."id" = 237 LIMIT 1
  [1m[36mPlace Load (0.2ms)[0m  [1mSELECT "places".* FROM "places" WHERE "places"."id" = $1 LIMIT 1[0m  [["id", 1124]]
  [1m[35mPlace Load (0.2ms)[0m  SELECT "places".* FROM "places" WHERE "places"."id" = $1 LIMIT 1  [["id", 1129]]
  [1m[36mRoute Load (0.3ms)[0m  [1mSELECT "routes".* FROM "routes" WHERE "routes"."id" = 235 LIMIT 1[0m
  [1m[35mCACHE (0.0ms)[0m  SELECT "places".* FROM "places" WHERE "places"."id" = $1 LIMIT 1  [["id", 1129]]
  [1m[36mPlace Load (0.2ms)[0m  [1mSELECT "places".* FROM "places" WHERE "places"."id" = $1 LIMIT 1[0m  [["id", 207]]
  [1m[35mRoute Load (0.3ms)[0m  SELECT "routes".* FROM "routes" WHERE "routes"."id" = 234 LIMIT 1
  [1m[36mCACHE (0.0ms)[0m  [1mSELECT "places".* FROM "places" WHERE "places"."id" = $1 LIMIT 1[0m  [["id", 207]]
  [1m[35mPlace Load (0.2ms)[0m  SELECT "places".* FROM "places" WHERE "places"."id" = $1 LIMIT 1  [["id", 650]]
  [1m[36mRoute Load (0.3ms)[0m  [1mSELECT "routes".* FROM "routes" WHERE "routes"."id" = 233 LIMIT 1[0m
  [1m[35mCACHE (0.0ms)[0m  SELECT "places".* FROM "places" WHERE "places"."id" = $1 LIMIT 1  [["id", 650]]
  [1m[36mPlace Load (0.2ms)[0m  [1mSELECT "places".* FROM "places" WHERE "places"."id" = $1 LIMIT 1[0m  [["id", 45]]
  [1m[35mRoute Load (0.3ms)[0m  SELECT "routes".* FROM "routes" WHERE "routes"."id" = 231 LIMIT 1
  [1m[36mCACHE (0.0ms)[0m  [1mSELECT "places".* FROM "places" WHERE "places"."id" = $1 LIMIT 1[0m  [["id", 45]]
  [1m[35mPlace Load (39.9ms)[0m  SELECT "places".* FROM "places" WHERE "places"."id" = $1 LIMIT 1  [["id", 976]]
  [1m[36mRoute Load (0.7ms)[0m  [1mSELECT "routes".* FROM "routes" WHERE "routes"."id" = 219 LIMIT 1[0m
  [1m[35mCACHE (0.0ms)[0m  SELECT "places".* FROM "places" WHERE "places"."id" = $1 LIMIT 1  [["id", 976]]
  [1m[36mPlace Load (0.3ms)[0m  [1mSELECT "places".* FROM "places" WHERE "places"."id" = $1 LIMIT 1[0m  [["id", 1119]]
  [1m[35mRoute Load (0.3ms)[0m  SELECT "routes".* FROM "routes" WHERE "routes"."id" = 22 LIMIT 1
  [1m[36mRoute Load (0.3ms)[0m  [1mSELECT "routes".* FROM "routes" WHERE "routes"."id" = 272 LIMIT 1[0m
  [1m[35mPlace Load (0.3ms)[0m  SELECT "places".* FROM "places" WHERE "places"."id" = 974 LIMIT 1
  [1m[36mCACHE (0.0ms)[0m  [1mSELECT "places".* FROM "places" WHERE "places"."id" = 974 LIMIT 1[0m
  [1m[35mRoute Load (0.3ms)[0m  select * from routes where startplace_id = 974
  [1m[36mRoute Load (0.3ms)[0m  [1mselect * from routes where endplace_id = 974[0m
  [1m[35mCACHE (0.0ms)[0m  SELECT "places".* FROM "places" WHERE "places"."id" = $1 LIMIT 1  [["id", 974]]
  [1m[36mPlace Load (0.2ms)[0m  [1mSELECT "places".* FROM "places" WHERE "places"."id" = $1 LIMIT 1[0m  [["id", 471]]
  [1m[35mCACHE (0.0ms)[0m  SELECT "places".* FROM "places" WHERE "places"."id" = $1 LIMIT 1  [["id", 1130]]
  [1m[36mCACHE (0.0ms)[0m  [1mSELECT "places".* FROM "places" WHERE "places"."id" = $1 LIMIT 1[0m  [["id", 1124]]
BNewroutes
769
{:place=>974, :route=>[272, 22, -219, -231, -233, -234, -235, -237, 224, -239, -240], :url=>"xrv227xrv-240xrv-239xrv224xrv-237xrv-235xrv-234xrv-233xrv-231xrv-219xrv22xrv272"}
  [1m[35mCACHE (0.0ms)[0m  SELECT "places".* FROM "places" WHERE "places"."id" = 974 LIMIT 1
  [1m[36m (1.3ms)[0m  [1mSELECT COUNT(*) FROM "route_indices" WHERE (url = 'xrv227xrv-240xrv-239xrv224xrv-237xrv-235xrv-234xrv-233xrv-231xrv-219xrv22xrv272')[0m
  [1m[35mPlaceType Load (0.2ms)[0m  select * from place_types where name='Roadend'
  [1m[36mSQL (0.5ms)[0m  [1mINSERT INTO "route_indices" ("created_at", "endplace_id", "isDest", "startplace_id", "updated_at", "url") VALUES ($1, $2, $3, $4, $5, $6) RETURNING "id"[0m  [["created_at", Mon, 27 Oct 2014 10:08:12 NZDT +13:00], ["endplace_id", 974], ["isDest", true], ["startplace_id", 769], ["updated_at", Mon, 27 Oct 2014 10:08:12 NZDT +13:00], ["url", "xrv227xrv-240xrv-239xrv224xrv-237xrv-235xrv-234xrv-233xrv-231xrv-219xrv22xrv272"]]
  [1m[35mPlace Load (0.3ms)[0m  SELECT "places".* FROM "places" WHERE "places"."id" = 769 LIMIT 1
  [1m[36mPlaceType Load (0.2ms)[0m  [1mselect name, "isDest" from place_types[0m
  [1m[35mRoute Load (0.3ms)[0m  SELECT "routes".* FROM "routes" WHERE "routes"."id" = 240 LIMIT 1
  [1m[36mPlace Load (0.2ms)[0m  [1mSELECT "places".* FROM "places" WHERE "places"."id" = $1 LIMIT 1[0m  [["id", 1126]]
  [1m[35mPlace Load (0.2ms)[0m  SELECT "places".* FROM "places" WHERE "places"."id" = $1 LIMIT 1  [["id", 1130]]
  [1m[36mRoute Load (0.3ms)[0m  [1mSELECT "routes".* FROM "routes" WHERE "routes"."id" = 239 LIMIT 1[0m
  [1m[35mCACHE (0.0ms)[0m  SELECT "places".* FROM "places" WHERE "places"."id" = $1 LIMIT 1  [["id", 1130]]
  [1m[36mPlace Load (0.2ms)[0m  [1mSELECT "places".* FROM "places" WHERE "places"."id" = $1 LIMIT 1[0m  [["id", 974]]
  [1m[35mRoute Load (0.3ms)[0m  SELECT "routes".* FROM "routes" WHERE "routes"."id" = 224 LIMIT 1
  [1m[36mRoute Load (0.3ms)[0m  [1mSELECT "routes".* FROM "routes" WHERE "routes"."id" = 237 LIMIT 1[0m
  [1m[35mPlace Load (0.2ms)[0m  SELECT "places".* FROM "places" WHERE "places"."id" = $1 LIMIT 1  [["id", 1124]]
  [1m[36mPlace Load (0.2ms)[0m  [1mSELECT "places".* FROM "places" WHERE "places"."id" = $1 LIMIT 1[0m  [["id", 1129]]
  [1m[35mRoute Load (0.3ms)[0m  SELECT "routes".* FROM "routes" WHERE "routes"."id" = 238 LIMIT 1
  [1m[36mRoute Load (0.4ms)[0m  [1mSELECT "routes".* FROM "routes" WHERE "routes"."id" = 221 LIMIT 1[0m
  [1m[35mRoute Load (0.3ms)[0m  SELECT "routes".* FROM "routes" WHERE "routes"."id" = 21 LIMIT 1
  [1m[36mRoute Load (0.3ms)[0m  [1mSELECT "routes".* FROM "routes" WHERE "routes"."id" = 220 LIMIT 1[0m
  [1m[35mRoute Load (0.3ms)[0m  SELECT "routes".* FROM "routes" WHERE "routes"."id" = 219 LIMIT 1
  [1m[36mPlace Load (0.3ms)[0m  [1mSELECT "places".* FROM "places" WHERE "places"."id" = $1 LIMIT 1[0m  [["id", 976]]
  [1m[35mPlace Load (0.2ms)[0m  SELECT "places".* FROM "places" WHERE "places"."id" = $1 LIMIT 1  [["id", 1119]]
  [1m[36mRoute Load (0.3ms)[0m  [1mSELECT "routes".* FROM "routes" WHERE "routes"."id" = 22 LIMIT 1[0m
  [1m[35mRoute Load (0.3ms)[0m  SELECT "routes".* FROM "routes" WHERE "routes"."id" = 272 LIMIT 1
  [1m[36mPlace Load (0.3ms)[0m  [1mSELECT "places".* FROM "places" WHERE "places"."id" = 974 LIMIT 1[0m
  [1m[35mCACHE (0.0ms)[0m  SELECT "places".* FROM "places" WHERE "places"."id" = 974 LIMIT 1
  [1m[36mRoute Load (0.4ms)[0m  [1mselect * from routes where startplace_id = 974[0m
  [1m[35mRoute Load (0.3ms)[0m  select * from routes where endplace_id = 974
  [1m[36mCACHE (0.0ms)[0m  [1mSELECT "places".* FROM "places" WHERE "places"."id" = $1 LIMIT 1[0m  [["id", 974]]
  [1m[35mPlace Load (0.2ms)[0m  SELECT "places".* FROM "places" WHERE "places"."id" = $1 LIMIT 1  [["id", 471]]
  [1m[36mCACHE (0.0ms)[0m  [1mSELECT "places".* FROM "places" WHERE "places"."id" = $1 LIMIT 1[0m  [["id", 1130]]
  [1m[35mCACHE (0.0ms)[0m  SELECT "places".* FROM "places" WHERE "places"."id" = $1 LIMIT 1  [["id", 1124]]
BNewroutes
769
{:place=>974, :route=>[272, 22, -219, 220, 21, 221, 238, -237, 224, -239, -240], :url=>"xrv227xrv-240xrv-239xrv224xrv-237xrv238xrv221xrv21xrv220xrv-219xrv22xrv272"}
  [1m[36mCACHE (0.0ms)[0m  [1mSELECT "places".* FROM "places" WHERE "places"."id" = 974 LIMIT 1[0m
  [1m[35m (1.3ms)[0m  SELECT COUNT(*) FROM "route_indices" WHERE (url = 'xrv227xrv-240xrv-239xrv224xrv-237xrv238xrv221xrv21xrv220xrv-219xrv22xrv272')
  [1m[36mPlaceType Load (0.2ms)[0m  [1mselect * from place_types where name='Roadend'[0m
  [1m[35mSQL (0.5ms)[0m  INSERT INTO "route_indices" ("created_at", "endplace_id", "isDest", "startplace_id", "updated_at", "url") VALUES ($1, $2, $3, $4, $5, $6) RETURNING "id"  [["created_at", Mon, 27 Oct 2014 10:08:12 NZDT +13:00], ["endplace_id", 974], ["isDest", true], ["startplace_id", 769], ["updated_at", Mon, 27 Oct 2014 10:08:12 NZDT +13:00], ["url", "xrv227xrv-240xrv-239xrv224xrv-237xrv238xrv221xrv21xrv220xrv-219xrv22xrv272"]]
  [1m[36mPlace Load (0.3ms)[0m  [1mSELECT "places".* FROM "places" WHERE "places"."id" = 419 LIMIT 1[0m
  [1m[35mPlaceType Load (0.2ms)[0m  select name, "isDest" from place_types
  [1m[36mRoute Load (0.3ms)[0m  [1mSELECT "routes".* FROM "routes" WHERE "routes"."id" = 228 LIMIT 1[0m
  [1m[35mPlace Load (0.2ms)[0m  SELECT "places".* FROM "places" WHERE "places"."id" = $1 LIMIT 1  [["id", 1127]]
  [1m[36mPlace Load (0.2ms)[0m  [1mSELECT "places".* FROM "places" WHERE "places"."id" = $1 LIMIT 1[0m  [["id", 1126]]
  [1m[35mRoute Load (0.3ms)[0m  SELECT "routes".* FROM "routes" WHERE "routes"."id" = 227 LIMIT 1
  [1m[36mCACHE (0.0ms)[0m  [1mSELECT "places".* FROM "places" WHERE "places"."id" = $1 LIMIT 1[0m  [["id", 1126]]
  [1m[35mPlace Load (0.3ms)[0m  SELECT "places".* FROM "places" WHERE "places"."id" = $1 LIMIT 1  [["id", 769]]
  [1m[36mRoute Load (0.3ms)[0m  [1mSELECT "routes".* FROM "routes" WHERE "routes"."id" = 226 LIMIT 1[0m
  [1m[35mCACHE (0.0ms)[0m  SELECT "places".* FROM "places" WHERE "places"."id" = $1 LIMIT 1  [["id", 769]]
  [1m[36mPlace Load (0.2ms)[0m  [1mSELECT "places".* FROM "places" WHERE "places"."id" = $1 LIMIT 1[0m  [["id", 1125]]
  [1m[35mRoute Load (0.3ms)[0m  SELECT "routes".* FROM "routes" WHERE "routes"."id" = 225 LIMIT 1
  [1m[36mCACHE (0.0ms)[0m  [1mSELECT "places".* FROM "places" WHERE "places"."id" = $1 LIMIT 1[0m  [["id", 1125]]
  [1m[35mPlace Load (0.2ms)[0m  SELECT "places".* FROM "places" WHERE "places"."id" = $1 LIMIT 1  [["id", 1123]]
  [1m[36mRoute Load (0.3ms)[0m  [1mSELECT "routes".* FROM "routes" WHERE "routes"."id" = 222 LIMIT 1[0m
  [1m[35mRoute Load (0.3ms)[0m  SELECT "routes".* FROM "routes" WHERE "routes"."id" = 221 LIMIT 1
  [1m[36mRoute Load (0.3ms)[0m  [1mSELECT "routes".* FROM "routes" WHERE "routes"."id" = 21 LIMIT 1[0m
  [1m[35mRoute Load (0.3ms)[0m  SELECT "routes".* FROM "routes" WHERE "routes"."id" = 220 LIMIT 1
  [1m[36mRoute Load (0.3ms)[0m  [1mSELECT "routes".* FROM "routes" WHERE "routes"."id" = 219 LIMIT 1[0m
  [1m[35mPlace Load (0.2ms)[0m  SELECT "places".* FROM "places" WHERE "places"."id" = $1 LIMIT 1  [["id", 976]]
  [1m[36mPlace Load (0.2ms)[0m  [1mSELECT "places".* FROM "places" WHERE "places"."id" = $1 LIMIT 1[0m  [["id", 1119]]
  [1m[35mRoute Load (0.3ms)[0m  SELECT "routes".* FROM "routes" WHERE "routes"."id" = 22 LIMIT 1
  [1m[36mRoute Load (0.3ms)[0m  [1mSELECT "routes".* FROM "routes" WHERE "routes"."id" = 272 LIMIT 1[0m
  [1m[35mPlace Load (0.3ms)[0m  SELECT "places".* FROM "places" WHERE "places"."id" = 974 LIMIT 1
  [1m[36mCACHE (0.0ms)[0m  [1mSELECT "places".* FROM "places" WHERE "places"."id" = 974 LIMIT 1[0m
  [1m[35mRoute Load (0.3ms)[0m  select * from routes where startplace_id = 974
  [1m[36mRoute Load (0.3ms)[0m  [1mselect * from routes where endplace_id = 974[0m
  [1m[35mPlace Load (0.2ms)[0m  SELECT "places".* FROM "places" WHERE "places"."id" = $1 LIMIT 1  [["id", 974]]
  [1m[36mPlace Load (0.2ms)[0m  [1mSELECT "places".* FROM "places" WHERE "places"."id" = $1 LIMIT 1[0m  [["id", 471]]
  [1m[35mPlace Load (0.2ms)[0m  SELECT "places".* FROM "places" WHERE "places"."id" = $1 LIMIT 1  [["id", 1130]]
  [1m[36mPlace Load (0.2ms)[0m  [1mSELECT "places".* FROM "places" WHERE "places"."id" = $1 LIMIT 1[0m  [["id", 1124]]
  [1m[35mPlace Load (0.3ms)[0m  SELECT "places".* FROM "places" WHERE "places"."id" = 1130 LIMIT 1
  [1m[36mRoute Load (0.3ms)[0m  [1mselect * from routes where startplace_id = 1130[0m
  [1m[35mRoute Load (0.3ms)[0m  select * from routes where endplace_id = 1130
  [1m[36mCACHE (0.0ms)[0m  [1mSELECT "places".* FROM "places" WHERE "places"."id" = $1 LIMIT 1[0m  [["id", 1130]]
  [1m[35mCACHE (0.0ms)[0m  SELECT "places".* FROM "places" WHERE "places"."id" = $1 LIMIT 1  [["id", 974]]
  [1m[36mCACHE (0.0ms)[0m  [1mSELECT "places".* FROM "places" WHERE "places"."id" = $1 LIMIT 1[0m  [["id", 1126]]
  [1m[35mPlace Load (0.3ms)[0m  SELECT "places".* FROM "places" WHERE "places"."id" = 1124 LIMIT 1
  [1m[36mRoute Load (0.3ms)[0m  [1mselect * from routes where startplace_id = 1124[0m
  [1m[35mRoute Load (0.3ms)[0m  select * from routes where endplace_id = 1124
  [1m[36mCACHE (0.0ms)[0m  [1mSELECT "places".* FROM "places" WHERE "places"."id" = $1 LIMIT 1[0m  [["id", 1124]]
  [1m[35mPlace Load (0.2ms)[0m  SELECT "places".* FROM "places" WHERE "places"."id" = $1 LIMIT 1  [["id", 1129]]
  [1m[36mCACHE (0.0ms)[0m  [1mSELECT "places".* FROM "places" WHERE "places"."id" = $1 LIMIT 1[0m  [["id", 1124]]
  [1m[35mCACHE (0.0ms)[0m  SELECT "places".* FROM "places" WHERE "places"."id" = $1 LIMIT 1  [["id", 974]]
  [1m[36mCACHE (0.0ms)[0m  [1mSELECT "places".* FROM "places" WHERE "places"."id" = $1 LIMIT 1[0m  [["id", 1123]]
  [1m[35mPlace Load (0.3ms)[0m  SELECT "places".* FROM "places" WHERE "places"."id" = 1129 LIMIT 1
  [1m[36mRoute Load (0.4ms)[0m  [1mselect * from routes where startplace_id = 1129[0m
  [1m[35mRoute Load (0.3ms)[0m  select * from routes where endplace_id = 1129
  [1m[36mCACHE (0.0ms)[0m  [1mSELECT "places".* FROM "places" WHERE "places"."id" = $1 LIMIT 1[0m  [["id", 1129]]
  [1m[35mPlace Load (0.2ms)[0m  SELECT "places".* FROM "places" WHERE "places"."id" = $1 LIMIT 1  [["id", 207]]
  [1m[36mCACHE (0.0ms)[0m  [1mSELECT "places".* FROM "places" WHERE "places"."id" = $1 LIMIT 1[0m  [["id", 1124]]
  [1m[35mPlace Load (0.2ms)[0m  SELECT "places".* FROM "places" WHERE "places"."id" = $1 LIMIT 1  [["id", 975]]
  [1m[36mPlace Load (0.2ms)[0m  [1mSELECT "places".* FROM "places" WHERE "places"."id" = 207 LIMIT 1[0m
  [1m[35mRoute Load (0.3ms)[0m  select * from routes where startplace_id = 207
  [1m[36mRoute Load (0.4ms)[0m  [1mselect * from routes where endplace_id = 207[0m
  [1m[35mCACHE (0.0ms)[0m  SELECT "places".* FROM "places" WHERE "places"."id" = $1 LIMIT 1  [["id", 207]]
  [1m[36mPlace Load (0.2ms)[0m  [1mSELECT "places".* FROM "places" WHERE "places"."id" = $1 LIMIT 1[0m  [["id", 650]]
  [1m[35mCACHE (0.0ms)[0m  SELECT "places".* FROM "places" WHERE "places"."id" = $1 LIMIT 1  [["id", 207]]
  [1m[36mPlace Load (0.2ms)[0m  [1mSELECT "places".* FROM "places" WHERE "places"."id" = $1 LIMIT 1[0m  [["id", 1133]]
  [1m[35mCACHE (0.0ms)[0m  SELECT "places".* FROM "places" WHERE "places"."id" = $1 LIMIT 1  [["id", 1129]]
BNewroutes
419
{:place=>974, :route=>[272, 22, -219, 220, 21, 221, 222, -225, -226, -227, -228], :url=>"xrv-229xrv-228xrv-227xrv-226xrv-225xrv222xrv221xrv21xrv220xrv-219xrv22xrv272"}
{:place=>1130, :route=>[239, 272, 22, -219, 220, 21, 221, 222, -225, -226, -227, -228], :url=>"xrv-229xrv-228xrv-227xrv-226xrv-225xrv222xrv221xrv21xrv220xrv-219xrv22xrv272xrv239"}
{:place=>207, :route=>[-235, -237, 224, 272, 22, -219, 220, 21, 221, 222, -225, -226, -227, -228], :url=>"xrv-229xrv-228xrv-227xrv-226xrv-225xrv222xrv221xrv21xrv220xrv-219xrv22xrv272xrv224xrv-237xrv-235"}
{:place=>650, :route=>[-234, -235, -237, 224, 272, 22, -219, 220, 21, 221, 222, -225, -226, -227, -228], :url=>"xrv-229xrv-228xrv-227xrv-226xrv-225xrv222xrv221xrv21xrv220xrv-219xrv22xrv272xrv224xrv-237xrv-235xrv-234"}
  [1m[36mCACHE (0.0ms)[0m  [1mSELECT "places".* FROM "places" WHERE "places"."id" = 974 LIMIT 1[0m
  [1m[35m (1.4ms)[0m  SELECT COUNT(*) FROM "route_indices" WHERE (url = 'xrv-229xrv-228xrv-227xrv-226xrv-225xrv222xrv221xrv21xrv220xrv-219xrv22xrv272')
  [1m[36mPlaceType Load (0.3ms)[0m  [1mselect * from place_types where name='Roadend'[0m
  [1m[35mSQL (0.5ms)[0m  INSERT INTO "route_indices" ("created_at", "endplace_id", "isDest", "startplace_id", "updated_at", "url") VALUES ($1, $2, $3, $4, $5, $6) RETURNING "id"  [["created_at", Mon, 27 Oct 2014 10:08:12 NZDT +13:00], ["endplace_id", 974], ["isDest", true], ["startplace_id", 419], ["updated_at", Mon, 27 Oct 2014 10:08:12 NZDT +13:00], ["url", "xrv-229xrv-228xrv-227xrv-226xrv-225xrv222xrv221xrv21xrv220xrv-219xrv22xrv272"]]
  [1m[36mPlace Load (0.2ms)[0m  [1mSELECT "places".* FROM "places" WHERE "places"."id" = 1130 LIMIT 1[0m
  [1m[35m (1.1ms)[0m  SELECT COUNT(*) FROM "route_indices" WHERE (url = 'xrv-229xrv-228xrv-227xrv-226xrv-225xrv222xrv221xrv21xrv220xrv-219xrv22xrv272xrv239')
  [1m[36mPlaceType Load (0.2ms)[0m  [1mselect * from place_types where name='Junction'[0m
  [1m[35mSQL (0.4ms)[0m  INSERT INTO "route_indices" ("created_at", "endplace_id", "isDest", "startplace_id", "updated_at", "url") VALUES ($1, $2, $3, $4, $5, $6) RETURNING "id"  [["created_at", Mon, 27 Oct 2014 10:08:12 NZDT +13:00], ["endplace_id", 1130], ["isDest", false], ["startplace_id", 419], ["updated_at", Mon, 27 Oct 2014 10:08:12 NZDT +13:00], ["url", "xrv-229xrv-228xrv-227xrv-226xrv-225xrv222xrv221xrv21xrv220xrv-219xrv22xrv272xrv239"]]
  [1m[36mPlace Load (0.3ms)[0m  [1mSELECT "places".* FROM "places" WHERE "places"."id" = 207 LIMIT 1[0m
  [1m[35m (1.1ms)[0m  SELECT COUNT(*) FROM "route_indices" WHERE (url = 'xrv-229xrv-228xrv-227xrv-226xrv-225xrv222xrv221xrv21xrv220xrv-219xrv22xrv272xrv224xrv-237xrv-235')
  [1m[36mPlaceType Load (0.2ms)[0m  [1mselect * from place_types where name='Hut'[0m
  [1m[35mSQL (0.3ms)[0m  INSERT INTO "route_indices" ("created_at", "endplace_id", "isDest", "startplace_id", "updated_at", "url") VALUES ($1, $2, $3, $4, $5, $6) RETURNING "id"  [["created_at", Mon, 27 Oct 2014 10:08:12 NZDT +13:00], ["endplace_id", 207], ["isDest", true], ["startplace_id", 419], ["updated_at", Mon, 27 Oct 2014 10:08:12 NZDT +13:00], ["url", "xrv-229xrv-228xrv-227xrv-226xrv-225xrv222xrv221xrv21xrv220xrv-219xrv22xrv272xrv224xrv-237xrv-235"]]
  [1m[36mPlace Load (0.3ms)[0m  [1mSELECT "places".* FROM "places" WHERE "places"."id" = 650 LIMIT 1[0m
  [1m[35m (1.2ms)[0m  SELECT COUNT(*) FROM "route_indices" WHERE (url = 'xrv-229xrv-228xrv-227xrv-226xrv-225xrv222xrv221xrv21xrv220xrv-219xrv22xrv272xrv224xrv-237xrv-235xrv-234')
  [1m[36mPlaceType Load (0.2ms)[0m  [1mselect * from place_types where name='Hut'[0m
  [1m[35mSQL (0.3ms)[0m  INSERT INTO "route_indices" ("created_at", "endplace_id", "isDest", "startplace_id", "updated_at", "url") VALUES ($1, $2, $3, $4, $5, $6) RETURNING "id"  [["created_at", Mon, 27 Oct 2014 10:08:12 NZDT +13:00], ["endplace_id", 650], ["isDest", true], ["startplace_id", 419], ["updated_at", Mon, 27 Oct 2014 10:08:12 NZDT +13:00], ["url", "xrv-229xrv-228xrv-227xrv-226xrv-225xrv222xrv221xrv21xrv220xrv-219xrv22xrv272xrv224xrv-237xrv-235xrv-234"]]
  [1m[36mPlace Load (0.3ms)[0m  [1mSELECT "places".* FROM "places" WHERE "places"."id" = 974 LIMIT 1[0m
  [1m[35mPlaceType Load (0.2ms)[0m  select name, "isDest" from place_types
  [1m[36mRoute Load (0.3ms)[0m  [1mSELECT "routes".* FROM "routes" WHERE "routes"."id" = 240 LIMIT 1[0m
  [1m[35mRoute Load (50.2ms)[0m  SELECT "routes".* FROM "routes" WHERE "routes"."id" = 227 LIMIT 1
  [1m[36mPlace Load (0.6ms)[0m  [1mSELECT "places".* FROM "places" WHERE "places"."id" = $1 LIMIT 1[0m  [["id", 1126]]
  [1m[35mPlace Load (0.3ms)[0m  SELECT "places".* FROM "places" WHERE "places"."id" = $1 LIMIT 1  [["id", 769]]
  [1m[36mRoute Load (0.5ms)[0m  [1mSELECT "routes".* FROM "routes" WHERE "routes"."id" = 226 LIMIT 1[0m
  [1m[35mCACHE (0.0ms)[0m  SELECT "places".* FROM "places" WHERE "places"."id" = $1 LIMIT 1  [["id", 769]]
  [1m[36mPlace Load (0.2ms)[0m  [1mSELECT "places".* FROM "places" WHERE "places"."id" = $1 LIMIT 1[0m  [["id", 1125]]
  [1m[35mRoute Load (0.3ms)[0m  SELECT "routes".* FROM "routes" WHERE "routes"."id" = 225 LIMIT 1
  [1m[36mCACHE (0.0ms)[0m  [1mSELECT "places".* FROM "places" WHERE "places"."id" = $1 LIMIT 1[0m  [["id", 1125]]
  [1m[35mPlace Load (0.2ms)[0m  SELECT "places".* FROM "places" WHERE "places"."id" = $1 LIMIT 1  [["id", 1123]]
  [1m[36mRoute Load (0.3ms)[0m  [1mSELECT "routes".* FROM "routes" WHERE "routes"."id" = 222 LIMIT 1[0m
  [1m[35mRoute Load (0.3ms)[0m  SELECT "routes".* FROM "routes" WHERE "routes"."id" = 221 LIMIT 1
  [1m[36mRoute Load (0.3ms)[0m  [1mSELECT "routes".* FROM "routes" WHERE "routes"."id" = 21 LIMIT 1[0m
  [1m[35mRoute Load (0.3ms)[0m  SELECT "routes".* FROM "routes" WHERE "routes"."id" = 220 LIMIT 1
  [1m[36mRoute Load (0.3ms)[0m  [1mSELECT "routes".* FROM "routes" WHERE "routes"."id" = 219 LIMIT 1[0m
  [1m[35mPlace Load (0.2ms)[0m  SELECT "places".* FROM "places" WHERE "places"."id" = $1 LIMIT 1  [["id", 976]]
  [1m[36mPlace Load (0.2ms)[0m  [1mSELECT "places".* FROM "places" WHERE "places"."id" = $1 LIMIT 1[0m  [["id", 1119]]
  [1m[35mRoute Load (0.3ms)[0m  SELECT "routes".* FROM "routes" WHERE "routes"."id" = 22 LIMIT 1
  [1m[36mRoute Load (0.3ms)[0m  [1mSELECT "routes".* FROM "routes" WHERE "routes"."id" = 272 LIMIT 1[0m
  [1m[35mCACHE (0.0ms)[0m  SELECT "places".* FROM "places" WHERE "places"."id" = 974 LIMIT 1
  [1m[36mCACHE (0.0ms)[0m  [1mSELECT "places".* FROM "places" WHERE "places"."id" = 974 LIMIT 1[0m
  [1m[35mRoute Load (0.4ms)[0m  select * from routes where startplace_id = 974
  [1m[36mRoute Load (0.3ms)[0m  [1mselect * from routes where endplace_id = 974[0m
  [1m[35mPlace Load (0.2ms)[0m  SELECT "places".* FROM "places" WHERE "places"."id" = $1 LIMIT 1  [["id", 974]]
  [1m[36mPlace Load (0.2ms)[0m  [1mSELECT "places".* FROM "places" WHERE "places"."id" = $1 LIMIT 1[0m  [["id", 471]]
  [1m[35mPlace Load (0.2ms)[0m  SELECT "places".* FROM "places" WHERE "places"."id" = $1 LIMIT 1  [["id", 1130]]
  [1m[36mPlace Load (0.2ms)[0m  [1mSELECT "places".* FROM "places" WHERE "places"."id" = $1 LIMIT 1[0m  [["id", 1124]]
  [1m[35mPlace Load (0.3ms)[0m  SELECT "places".* FROM "places" WHERE "places"."id" = 1130 LIMIT 1
  [1m[36mRoute Load (0.3ms)[0m  [1mselect * from routes where startplace_id = 1130[0m
  [1m[35mRoute Load (0.3ms)[0m  select * from routes where endplace_id = 1130
  [1m[36mCACHE (0.0ms)[0m  [1mSELECT "places".* FROM "places" WHERE "places"."id" = $1 LIMIT 1[0m  [["id", 1130]]
  [1m[35mCACHE (0.0ms)[0m  SELECT "places".* FROM "places" WHERE "places"."id" = $1 LIMIT 1  [["id", 974]]
  [1m[36mCACHE (0.0ms)[0m  [1mSELECT "places".* FROM "places" WHERE "places"."id" = $1 LIMIT 1[0m  [["id", 1126]]
  [1m[35mPlace Load (0.3ms)[0m  SELECT "places".* FROM "places" WHERE "places"."id" = 1124 LIMIT 1
  [1m[36mRoute Load (0.3ms)[0m  [1mselect * from routes where startplace_id = 1124[0m
  [1m[35mRoute Load (0.3ms)[0m  select * from routes where endplace_id = 1124
  [1m[36mCACHE (0.0ms)[0m  [1mSELECT "places".* FROM "places" WHERE "places"."id" = $1 LIMIT 1[0m  [["id", 1124]]
  [1m[35mPlace Load (0.2ms)[0m  SELECT "places".* FROM "places" WHERE "places"."id" = $1 LIMIT 1  [["id", 1129]]
  [1m[36mCACHE (0.0ms)[0m  [1mSELECT "places".* FROM "places" WHERE "places"."id" = $1 LIMIT 1[0m  [["id", 1124]]
  [1m[35mCACHE (0.0ms)[0m  SELECT "places".* FROM "places" WHERE "places"."id" = $1 LIMIT 1  [["id", 974]]
  [1m[36mCACHE (0.0ms)[0m  [1mSELECT "places".* FROM "places" WHERE "places"."id" = $1 LIMIT 1[0m  [["id", 1123]]
  [1m[35mPlace Load (0.3ms)[0m  SELECT "places".* FROM "places" WHERE "places"."id" = 1129 LIMIT 1
  [1m[36mRoute Load (0.3ms)[0m  [1mselect * from routes where startplace_id = 1129[0m
  [1m[35mRoute Load (0.3ms)[0m  select * from routes where endplace_id = 1129
  [1m[36mCACHE (0.0ms)[0m  [1mSELECT "places".* FROM "places" WHERE "places"."id" = $1 LIMIT 1[0m  [["id", 1129]]
  [1m[35mPlace Load (0.2ms)[0m  SELECT "places".* FROM "places" WHERE "places"."id" = $1 LIMIT 1  [["id", 207]]
  [1m[36mCACHE (0.0ms)[0m  [1mSELECT "places".* FROM "places" WHERE "places"."id" = $1 LIMIT 1[0m  [["id", 1124]]
  [1m[35mPlace Load (0.2ms)[0m  SELECT "places".* FROM "places" WHERE "places"."id" = $1 LIMIT 1  [["id", 975]]
  [1m[36mPlace Load (0.3ms)[0m  [1mSELECT "places".* FROM "places" WHERE "places"."id" = 207 LIMIT 1[0m
  [1m[35mRoute Load (0.3ms)[0m  select * from routes where startplace_id = 207
  [1m[36mRoute Load (0.3ms)[0m  [1mselect * from routes where endplace_id = 207[0m
  [1m[35mCACHE (0.0ms)[0m  SELECT "places".* FROM "places" WHERE "places"."id" = $1 LIMIT 1  [["id", 207]]
  [1m[36mPlace Load (0.2ms)[0m  [1mSELECT "places".* FROM "places" WHERE "places"."id" = $1 LIMIT 1[0m  [["id", 650]]
  [1m[35mCACHE (0.0ms)[0m  SELECT "places".* FROM "places" WHERE "places"."id" = $1 LIMIT 1  [["id", 207]]
  [1m[36mPlace Load (0.2ms)[0m  [1mSELECT "places".* FROM "places" WHERE "places"."id" = $1 LIMIT 1[0m  [["id", 1133]]
  [1m[35mCACHE (0.0ms)[0m  SELECT "places".* FROM "places" WHERE "places"."id" = $1 LIMIT 1  [["id", 1129]]
BNewroutes
974
{:place=>974, :route=>[272, 22, -219, 220, 21, 221, 222, -225, -226, -227, 240], :url=>"xrv239xrv240xrv-227xrv-226xrv-225xrv222xrv221xrv21xrv220xrv-219xrv22xrv272"}
{:place=>1130, :route=>[239, 272, 22, -219, 220, 21, 221, 222, -225, -226, -227, 240], :url=>"xrv239xrv240xrv-227xrv-226xrv-225xrv222xrv221xrv21xrv220xrv-219xrv22xrv272xrv239"}
{:place=>207, :route=>[-235, -237, 224, 272, 22, -219, 220, 21, 221, 222, -225, -226, -227, 240], :url=>"xrv239xrv240xrv-227xrv-226xrv-225xrv222xrv221xrv21xrv220xrv-219xrv22xrv272xrv224xrv-237xrv-235"}
{:place=>650, :route=>[-234, -235, -237, 224, 272, 22, -219, 220, 21, 221, 222, -225, -226, -227, 240], :url=>"xrv239xrv240xrv-227xrv-226xrv-225xrv222xrv221xrv21xrv220xrv-219xrv22xrv272xrv224xrv-237xrv-235xrv-234"}
  [1m[36mCACHE (0.0ms)[0m  [1mSELECT "places".* FROM "places" WHERE "places"."id" = 974 LIMIT 1[0m
  [1m[35m (1.3ms)[0m  SELECT COUNT(*) FROM "route_indices" WHERE (url = 'xrv239xrv240xrv-227xrv-226xrv-225xrv222xrv221xrv21xrv220xrv-219xrv22xrv272')
  [1m[36mCACHE (0.0ms)[0m  [1mSELECT "places".* FROM "places" WHERE "places"."id" = 1130 LIMIT 1[0m
  [1m[35m (1.0ms)[0m  SELECT COUNT(*) FROM "route_indices" WHERE (url = 'xrv239xrv240xrv-227xrv-226xrv-225xrv222xrv221xrv21xrv220xrv-219xrv22xrv272xrv239')
  [1m[36mPlaceType Load (0.2ms)[0m  [1mselect * from place_types where name='Junction'[0m
  [1m[35mSQL (0.6ms)[0m  INSERT INTO "route_indices" ("created_at", "endplace_id", "isDest", "startplace_id", "updated_at", "url") VALUES ($1, $2, $3, $4, $5, $6) RETURNING "id"  [["created_at", Mon, 27 Oct 2014 10:08:12 NZDT +13:00], ["endplace_id", 1130], ["isDest", false], ["startplace_id", 974], ["updated_at", Mon, 27 Oct 2014 10:08:12 NZDT +13:00], ["url", "xrv239xrv240xrv-227xrv-226xrv-225xrv222xrv221xrv21xrv220xrv-219xrv22xrv272xrv239"]]
  [1m[36mPlace Load (0.3ms)[0m  [1mSELECT "places".* FROM "places" WHERE "places"."id" = 207 LIMIT 1[0m
  [1m[35m (1.0ms)[0m  SELECT COUNT(*) FROM "route_indices" WHERE (url = 'xrv239xrv240xrv-227xrv-226xrv-225xrv222xrv221xrv21xrv220xrv-219xrv22xrv272xrv224xrv-237xrv-235')
  [1m[36mPlaceType Load (0.2ms)[0m  [1mselect * from place_types where name='Hut'[0m
  [1m[35mSQL (0.4ms)[0m  INSERT INTO "route_indices" ("created_at", "endplace_id", "isDest", "startplace_id", "updated_at", "url") VALUES ($1, $2, $3, $4, $5, $6) RETURNING "id"  [["created_at", Mon, 27 Oct 2014 10:08:12 NZDT +13:00], ["endplace_id", 207], ["isDest", true], ["startplace_id", 974], ["updated_at", Mon, 27 Oct 2014 10:08:12 NZDT +13:00], ["url", "xrv239xrv240xrv-227xrv-226xrv-225xrv222xrv221xrv21xrv220xrv-219xrv22xrv272xrv224xrv-237xrv-235"]]
  [1m[36mPlace Load (0.3ms)[0m  [1mSELECT "places".* FROM "places" WHERE "places"."id" = 650 LIMIT 1[0m
  [1m[35m (1.1ms)[0m  SELECT COUNT(*) FROM "route_indices" WHERE (url = 'xrv239xrv240xrv-227xrv-226xrv-225xrv222xrv221xrv21xrv220xrv-219xrv22xrv272xrv224xrv-237xrv-235xrv-234')
  [1m[36mPlaceType Load (0.2ms)[0m  [1mselect * from place_types where name='Hut'[0m
  [1m[35mSQL (0.3ms)[0m  INSERT INTO "route_indices" ("created_at", "endplace_id", "isDest", "startplace_id", "updated_at", "url") VALUES ($1, $2, $3, $4, $5, $6) RETURNING "id"  [["created_at", Mon, 27 Oct 2014 10:08:12 NZDT +13:00], ["endplace_id", 650], ["isDest", true], ["startplace_id", 974], ["updated_at", Mon, 27 Oct 2014 10:08:12 NZDT +13:00], ["url", "xrv239xrv240xrv-227xrv-226xrv-225xrv222xrv221xrv21xrv220xrv-219xrv22xrv272xrv224xrv-237xrv-235xrv-234"]]
  [1m[36mPlace Load (0.3ms)[0m  [1mSELECT "places".* FROM "places" WHERE "places"."id" = 45 LIMIT 1[0m
  [1m[35mPlaceType Load (0.2ms)[0m  select name, "isDest" from place_types
  [1m[36mRoute Load (0.3ms)[0m  [1mSELECT "routes".* FROM "routes" WHERE "routes"."id" = 234 LIMIT 1[0m
  [1m[35mRoute Load (0.3ms)[0m  SELECT "routes".* FROM "routes" WHERE "routes"."id" = 235 LIMIT 1
  [1m[36mRoute Load (0.3ms)[0m  [1mSELECT "routes".* FROM "routes" WHERE "routes"."id" = 237 LIMIT 1[0m
  [1m[35mRoute Load (0.3ms)[0m  SELECT "routes".* FROM "routes" WHERE "routes"."id" = 223 LIMIT 1
  [1m[36mRoute Load (0.3ms)[0m  [1mSELECT "routes".* FROM "routes" WHERE "routes"."id" = 222 LIMIT 1[0m
  [1m[35mRoute Load (0.3ms)[0m  SELECT "routes".* FROM "routes" WHERE "routes"."id" = 221 LIMIT 1
  [1m[36mRoute Load (0.3ms)[0m  [1mSELECT "routes".* FROM "routes" WHERE "routes"."id" = 21 LIMIT 1[0m
  [1m[35mRoute Load (0.3ms)[0m  SELECT "routes".* FROM "routes" WHERE "routes"."id" = 220 LIMIT 1
  [1m[36mRoute Load (0.3ms)[0m  [1mSELECT "routes".* FROM "routes" WHERE "routes"."id" = 219 LIMIT 1[0m
  [1m[35mPlace Load (0.2ms)[0m  SELECT "places".* FROM "places" WHERE "places"."id" = $1 LIMIT 1  [["id", 976]]
  [1m[36mPlace Load (0.2ms)[0m  [1mSELECT "places".* FROM "places" WHERE "places"."id" = $1 LIMIT 1[0m  [["id", 1119]]
  [1m[35mRoute Load (0.3ms)[0m  SELECT "routes".* FROM "routes" WHERE "routes"."id" = 22 LIMIT 1
  [1m[36mRoute Load (0.3ms)[0m  [1mSELECT "routes".* FROM "routes" WHERE "routes"."id" = 272 LIMIT 1[0m
  [1m[35mPlace Load (0.3ms)[0m  SELECT "places".* FROM "places" WHERE "places"."id" = 974 LIMIT 1
  [1m[36mCACHE (0.0ms)[0m  [1mSELECT "places".* FROM "places" WHERE "places"."id" = 974 LIMIT 1[0m
  [1m[35mRoute Load (0.3ms)[0m  select * from routes where startplace_id = 974
  [1m[36mRoute Load (0.3ms)[0m  [1mselect * from routes where endplace_id = 974[0m
  [1m[35mPlace Load (0.2ms)[0m  SELECT "places".* FROM "places" WHERE "places"."id" = $1 LIMIT 1  [["id", 974]]
  [1m[36mPlace Load (0.2ms)[0m  [1mSELECT "places".* FROM "places" WHERE "places"."id" = $1 LIMIT 1[0m  [["id", 471]]
  [1m[35mPlace Load (0.2ms)[0m  SELECT "places".* FROM "places" WHERE "places"."id" = $1 LIMIT 1  [["id", 1130]]
  [1m[36mPlace Load (0.2ms)[0m  [1mSELECT "places".* FROM "places" WHERE "places"."id" = $1 LIMIT 1[0m  [["id", 1124]]
  [1m[35mPlace Load (0.2ms)[0m  SELECT "places".* FROM "places" WHERE "places"."id" = 1130 LIMIT 1
  [1m[36mRoute Load (0.3ms)[0m  [1mselect * from routes where startplace_id = 1130[0m
  [1m[35mRoute Load (0.3ms)[0m  select * from routes where endplace_id = 1130
  [1m[36mCACHE (0.0ms)[0m  [1mSELECT "places".* FROM "places" WHERE "places"."id" = $1 LIMIT 1[0m  [["id", 1130]]
  [1m[35mCACHE (0.0ms)[0m  SELECT "places".* FROM "places" WHERE "places"."id" = $1 LIMIT 1  [["id", 974]]
  [1m[36mPlace Load (0.2ms)[0m  [1mSELECT "places".* FROM "places" WHERE "places"."id" = $1 LIMIT 1[0m  [["id", 1126]]
  [1m[35mPlace Load (0.3ms)[0m  SELECT "places".* FROM "places" WHERE "places"."id" = 1126 LIMIT 1
  [1m[36mRoute Load (0.3ms)[0m  [1mselect * from routes where startplace_id = 1126[0m
  [1m[35mRoute Load (0.3ms)[0m  select * from routes where endplace_id = 1126
  [1m[36mCACHE (0.0ms)[0m  [1mSELECT "places".* FROM "places" WHERE "places"."id" = $1 LIMIT 1[0m  [["id", 1126]]
  [1m[35mCACHE (0.0ms)[0m  SELECT "places".* FROM "places" WHERE "places"."id" = $1 LIMIT 1  [["id", 1130]]
  [1m[36mCACHE (0.0ms)[0m  [1mSELECT "places".* FROM "places" WHERE "places"."id" = $1 LIMIT 1[0m  [["id", 1126]]
  [1m[35mPlace Load (0.2ms)[0m  SELECT "places".* FROM "places" WHERE "places"."id" = $1 LIMIT 1  [["id", 769]]
  [1m[36mPlace Load (0.2ms)[0m  [1mSELECT "places".* FROM "places" WHERE "places"."id" = $1 LIMIT 1[0m  [["id", 1127]]
  [1m[35mPlace Load (0.2ms)[0m  SELECT "places".* FROM "places" WHERE "places"."id" = 1127 LIMIT 1
  [1m[36mRoute Load (0.3ms)[0m  [1mselect * from routes where startplace_id = 1127[0m
  [1m[35mRoute Load (0.3ms)[0m  select * from routes where endplace_id = 1127
  [1m[36mCACHE (0.0ms)[0m  [1mSELECT "places".* FROM "places" WHERE "places"."id" = $1 LIMIT 1[0m  [["id", 1127]]
  [1m[35mCACHE (0.0ms)[0m  SELECT "places".* FROM "places" WHERE "places"."id" = $1 LIMIT 1  [["id", 1126]]
  [1m[36mPlace Load (0.2ms)[0m  [1mSELECT "places".* FROM "places" WHERE "places"."id" = $1 LIMIT 1[0m  [["id", 419]]
  [1m[35mPlace Load (0.3ms)[0m  SELECT "places".* FROM "places" WHERE "places"."id" = 769 LIMIT 1
  [1m[36mRoute Load (0.3ms)[0m  [1mselect * from routes where startplace_id = 769[0m
  [1m[35mRoute Load (0.3ms)[0m  select * from routes where endplace_id = 769
  [1m[36mCACHE (0.0ms)[0m  [1mSELECT "places".* FROM "places" WHERE "places"."id" = $1 LIMIT 1[0m  [["id", 769]]
  [1m[35mPlace Load (0.2ms)[0m  SELECT "places".* FROM "places" WHERE "places"."id" = $1 LIMIT 1  [["id", 1125]]
  [1m[36mCACHE (0.0ms)[0m  [1mSELECT "places".* FROM "places" WHERE "places"."id" = $1 LIMIT 1[0m  [["id", 1126]]
BNewroutes
45
{:place=>974, :route=>[272, 22, -219, 220, 21, 221, 222, 223, 237, 235, 234], :url=>"xrv233xrv234xrv235xrv237xrv223xrv222xrv221xrv21xrv220xrv-219xrv22xrv272"}
{:place=>769, :route=>[-227, 240, 239, 272, 22, -219, 220, 21, 221, 222, 223, 237, 235, 234], :url=>"xrv233xrv234xrv235xrv237xrv223xrv222xrv221xrv21xrv220xrv-219xrv22xrv272xrv239xrv240xrv-227"}
{:place=>419, :route=>[229, 228, 240, 239, 272, 22, -219, 220, 21, 221, 222, 223, 237, 235, 234], :url=>"xrv233xrv234xrv235xrv237xrv223xrv222xrv221xrv21xrv220xrv-219xrv22xrv272xrv239xrv240xrv228xrv229"}
{:place=>1125, :route=>[-226, -227, 240, 239, 272, 22, -219, 220, 21, 221, 222, 223, 237, 235, 234], :url=>"xrv233xrv234xrv235xrv237xrv223xrv222xrv221xrv21xrv220xrv-219xrv22xrv272xrv239xrv240xrv-227xrv-226"}
  [1m[35mCACHE (0.0ms)[0m  SELECT "places".* FROM "places" WHERE "places"."id" = 974 LIMIT 1
  [1m[36m (1.1ms)[0m  [1mSELECT COUNT(*) FROM "route_indices" WHERE (url = 'xrv233xrv234xrv235xrv237xrv223xrv222xrv221xrv21xrv220xrv-219xrv22xrv272')[0m
  [1m[35mPlaceType Load (0.2ms)[0m  select * from place_types where name='Roadend'
  [1m[36mSQL (0.4ms)[0m  [1mINSERT INTO "route_indices" ("created_at", "endplace_id", "isDest", "startplace_id", "updated_at", "url") VALUES ($1, $2, $3, $4, $5, $6) RETURNING "id"[0m  [["created_at", Mon, 27 Oct 2014 10:08:12 NZDT +13:00], ["endplace_id", 974], ["isDest", true], ["startplace_id", 45], ["updated_at", Mon, 27 Oct 2014 10:08:12 NZDT +13:00], ["url", "xrv233xrv234xrv235xrv237xrv223xrv222xrv221xrv21xrv220xrv-219xrv22xrv272"]]
  [1m[35mPlace Load (0.3ms)[0m  SELECT "places".* FROM "places" WHERE "places"."id" = 769 LIMIT 1
  [1m[36m (1.1ms)[0m  [1mSELECT COUNT(*) FROM "route_indices" WHERE (url = 'xrv233xrv234xrv235xrv237xrv223xrv222xrv221xrv21xrv220xrv-219xrv22xrv272xrv239xrv240xrv-227')[0m
  [1m[35mPlaceType Load (0.2ms)[0m  select * from place_types where name='Hut'
  [1m[36mSQL (0.4ms)[0m  [1mINSERT INTO "route_indices" ("created_at", "endplace_id", "isDest", "startplace_id", "updated_at", "url") VALUES ($1, $2, $3, $4, $5, $6) RETURNING "id"[0m  [["created_at", Mon, 27 Oct 2014 10:08:12 NZDT +13:00], ["endplace_id", 769], ["isDest", true], ["startplace_id", 45], ["updated_at", Mon, 27 Oct 2014 10:08:12 NZDT +13:00], ["url", "xrv233xrv234xrv235xrv237xrv223xrv222xrv221xrv21xrv220xrv-219xrv22xrv272xrv239xrv240xrv-227"]]
  [1m[35mPlace Load (0.3ms)[0m  SELECT "places".* FROM "places" WHERE "places"."id" = 419 LIMIT 1
  [1m[36m (1.1ms)[0m  [1mSELECT COUNT(*) FROM "route_indices" WHERE (url = 'xrv233xrv234xrv235xrv237xrv223xrv222xrv221xrv21xrv220xrv-219xrv22xrv272xrv239xrv240xrv228xrv229')[0m
  [1m[35mPlaceType Load (0.2ms)[0m  select * from place_types where name='Hut'
  [1m[36mSQL (0.4ms)[0m  [1mINSERT INTO "route_indices" ("created_at", "endplace_id", "isDest", "startplace_id", "updated_at", "url") VALUES ($1, $2, $3, $4, $5, $6) RETURNING "id"[0m  [["created_at", Mon, 27 Oct 2014 10:08:12 NZDT +13:00], ["endplace_id", 419], ["isDest", true], ["startplace_id", 45], ["updated_at", Mon, 27 Oct 2014 10:08:12 NZDT +13:00], ["url", "xrv233xrv234xrv235xrv237xrv223xrv222xrv221xrv21xrv220xrv-219xrv22xrv272xrv239xrv240xrv228xrv229"]]
  [1m[35mPlace Load (0.3ms)[0m  SELECT "places".* FROM "places" WHERE "places"."id" = 1125 LIMIT 1
  [1m[36m (1.1ms)[0m  [1mSELECT COUNT(*) FROM "route_indices" WHERE (url = 'xrv233xrv234xrv235xrv237xrv223xrv222xrv221xrv21xrv220xrv-219xrv22xrv272xrv239xrv240xrv-227xrv-226')[0m
  [1m[35mPlaceType Load (0.2ms)[0m  select * from place_types where name='Campsite'
  [1m[36mSQL (0.4ms)[0m  [1mINSERT INTO "route_indices" ("created_at", "endplace_id", "isDest", "startplace_id", "updated_at", "url") VALUES ($1, $2, $3, $4, $5, $6) RETURNING "id"[0m  [["created_at", Mon, 27 Oct 2014 10:08:12 NZDT +13:00], ["endplace_id", 1125], ["isDest", true], ["startplace_id", 45], ["updated_at", Mon, 27 Oct 2014 10:08:12 NZDT +13:00], ["url", "xrv233xrv234xrv235xrv237xrv223xrv222xrv221xrv21xrv220xrv-219xrv22xrv272xrv239xrv240xrv-227xrv-226"]]
  [1m[35mPlace Load (0.3ms)[0m  SELECT "places".* FROM "places" WHERE "places"."id" = 769 LIMIT 1
  [1m[36mPlaceType Load (0.2ms)[0m  [1mselect name, "isDest" from place_types[0m
  [1m[35mRoute Load (0.3ms)[0m  SELECT "routes".* FROM "routes" WHERE "routes"."id" = 240 LIMIT 1
  [1m[36mPlace Load (0.3ms)[0m  [1mSELECT "places".* FROM "places" WHERE "places"."id" = $1 LIMIT 1[0m  [["id", 1126]]
  [1m[35mPlace Load (0.2ms)[0m  SELECT "places".* FROM "places" WHERE "places"."id" = $1 LIMIT 1  [["id", 1130]]
  [1m[36mRoute Load (0.3ms)[0m  [1mSELECT "routes".* FROM "routes" WHERE "routes"."id" = 239 LIMIT 1[0m
  [1m[35mCACHE (0.0ms)[0m  SELECT "places".* FROM "places" WHERE "places"."id" = $1 LIMIT 1  [["id", 1130]]
  [1m[36mPlace Load (0.2ms)[0m  [1mSELECT "places".* FROM "places" WHERE "places"."id" = $1 LIMIT 1[0m  [["id", 974]]
  [1m[35mRoute Load (0.3ms)[0m  SELECT "routes".* FROM "routes" WHERE "routes"."id" = 224 LIMIT 1
  [1m[36mRoute Load (0.3ms)[0m  [1mSELECT "routes".* FROM "routes" WHERE "routes"."id" = 223 LIMIT 1[0m
  [1m[35mRoute Load (0.3ms)[0m  SELECT "routes".* FROM "routes" WHERE "routes"."id" = 222 LIMIT 1
  [1m[36mRoute Load (0.3ms)[0m  [1mSELECT "routes".* FROM "routes" WHERE "routes"."id" = 221 LIMIT 1[0m
  [1m[35mRoute Load (0.3ms)[0m  SELECT "routes".* FROM "routes" WHERE "routes"."id" = 21 LIMIT 1
  [1m[36mRoute Load (0.3ms)[0m  [1mSELECT "routes".* FROM "routes" WHERE "routes"."id" = 220 LIMIT 1[0m
  [1m[35mRoute Load (0.3ms)[0m  SELECT "routes".* FROM "routes" WHERE "routes"."id" = 219 LIMIT 1
  [1m[36mPlace Load (0.2ms)[0m  [1mSELECT "places".* FROM "places" WHERE "places"."id" = $1 LIMIT 1[0m  [["id", 976]]
  [1m[35mPlace Load (0.2ms)[0m  SELECT "places".* FROM "places" WHERE "places"."id" = $1 LIMIT 1  [["id", 1119]]
  [1m[36mRoute Load (0.3ms)[0m  [1mSELECT "routes".* FROM "routes" WHERE "routes"."id" = 22 LIMIT 1[0m
  [1m[35mRoute Load (0.3ms)[0m  SELECT "routes".* FROM "routes" WHERE "routes"."id" = 272 LIMIT 1
  [1m[36mPlace Load (0.3ms)[0m  [1mSELECT "places".* FROM "places" WHERE "places"."id" = 974 LIMIT 1[0m
  [1m[35mCACHE (0.0ms)[0m  SELECT "places".* FROM "places" WHERE "places"."id" = 974 LIMIT 1
  [1m[36mRoute Load (0.3ms)[0m  [1mselect * from routes where startplace_id = 974[0m
  [1m[35mRoute Load (0.3ms)[0m  select * from routes where endplace_id = 974
  [1m[36mCACHE (0.0ms)[0m  [1mSELECT "places".* FROM "places" WHERE "places"."id" = $1 LIMIT 1[0m  [["id", 974]]
  [1m[35mPlace Load (0.2ms)[0m  SELECT "places".* FROM "places" WHERE "places"."id" = $1 LIMIT 1  [["id", 471]]
  [1m[36mCACHE (0.0ms)[0m  [1mSELECT "places".* FROM "places" WHERE "places"."id" = $1 LIMIT 1[0m  [["id", 1130]]
  [1m[35mPlace Load (0.2ms)[0m  SELECT "places".* FROM "places" WHERE "places"."id" = $1 LIMIT 1  [["id", 1124]]
BNewroutes
769
{:place=>974, :route=>[272, 22, -219, 220, 21, 221, 222, 223, 224, -239, -240], :url=>"xrv227xrv-240xrv-239xrv224xrv223xrv222xrv221xrv21xrv220xrv-219xrv22xrv272"}
  [1m[36mCACHE (0.0ms)[0m  [1mSELECT "places".* FROM "places" WHERE "places"."id" = 974 LIMIT 1[0m
  [1m[35m (1.3ms)[0m  SELECT COUNT(*) FROM "route_indices" WHERE (url = 'xrv227xrv-240xrv-239xrv224xrv223xrv222xrv221xrv21xrv220xrv-219xrv22xrv272')
  [1m[36mPlaceType Load (0.3ms)[0m  [1mselect * from place_types where name='Roadend'[0m
  [1m[35mSQL (0.5ms)[0m  INSERT INTO "route_indices" ("created_at", "endplace_id", "isDest", "startplace_id", "updated_at", "url") VALUES ($1, $2, $3, $4, $5, $6) RETURNING "id"  [["created_at", Mon, 27 Oct 2014 10:08:12 NZDT +13:00], ["endplace_id", 974], ["isDest", true], ["startplace_id", 769], ["updated_at", Mon, 27 Oct 2014 10:08:12 NZDT +13:00], ["url", "xrv227xrv-240xrv-239xrv224xrv223xrv222xrv221xrv21xrv220xrv-219xrv22xrv272"]]
  [1m[36mPlace Load (0.3ms)[0m  [1mSELECT "places".* FROM "places" WHERE "places"."id" = 1114 LIMIT 1[0m
  [1m[35mPlaceType Load (0.2ms)[0m  select name, "isDest" from place_types
  [1m[36mRoute Load (0.4ms)[0m  [1mSELECT "routes".* FROM "routes" WHERE "routes"."id" = 208 LIMIT 1[0m
  [1m[35mRoute Load (0.3ms)[0m  SELECT "routes".* FROM "routes" WHERE "routes"."id" = 209 LIMIT 1
  [1m[36mRoute Load (0.3ms)[0m  [1mSELECT "routes".* FROM "routes" WHERE "routes"."id" = 210 LIMIT 1[0m
  [1m[35mRoute Load (0.3ms)[0m  SELECT "routes".* FROM "routes" WHERE "routes"."id" = 211 LIMIT 1
  [1m[36mRoute Load (0.3ms)[0m  [1mSELECT "routes".* FROM "routes" WHERE "routes"."id" = 213 LIMIT 1[0m
  [1m[35mRoute Load (0.3ms)[0m  SELECT "routes".* FROM "routes" WHERE "routes"."id" = 214 LIMIT 1
  [1m[36mRoute Load (0.3ms)[0m  [1mSELECT "routes".* FROM "routes" WHERE "routes"."id" = 216 LIMIT 1[0m
  [1m[35mRoute Load (0.3ms)[0m  SELECT "routes".* FROM "routes" WHERE "routes"."id" = 217 LIMIT 1
  [1m[36mRoute Load (0.3ms)[0m  [1mSELECT "routes".* FROM "routes" WHERE "routes"."id" = 218 LIMIT 1[0m
  [1m[35mRoute Load (0.3ms)[0m  SELECT "routes".* FROM "routes" WHERE "routes"."id" = 22 LIMIT 1
  [1m[36mRoute Load (0.3ms)[0m  [1mSELECT "routes".* FROM "routes" WHERE "routes"."id" = 272 LIMIT 1[0m
  [1m[35mPlace Load (0.3ms)[0m  SELECT "places".* FROM "places" WHERE "places"."id" = 974 LIMIT 1
  [1m[36mCACHE (0.0ms)[0m  [1mSELECT "places".* FROM "places" WHERE "places"."id" = 974 LIMIT 1[0m
  [1m[35mRoute Load (0.3ms)[0m  select * from routes where startplace_id = 974
  [1m[36mRoute Load (0.3ms)[0m  [1mselect * from routes where endplace_id = 974[0m
  [1m[35mPlace Load (0.2ms)[0m  SELECT "places".* FROM "places" WHERE "places"."id" = $1 LIMIT 1  [["id", 974]]
  [1m[36mPlace Load (0.2ms)[0m  [1mSELECT "places".* FROM "places" WHERE "places"."id" = $1 LIMIT 1[0m  [["id", 471]]
  [1m[35mPlace Load (0.2ms)[0m  SELECT "places".* FROM "places" WHERE "places"."id" = $1 LIMIT 1  [["id", 1130]]
  [1m[36mPlace Load (0.2ms)[0m  [1mSELECT "places".* FROM "places" WHERE "places"."id" = $1 LIMIT 1[0m  [["id", 1124]]
  [1m[35mPlace Load (0.3ms)[0m  SELECT "places".* FROM "places" WHERE "places"."id" = 1130 LIMIT 1
  [1m[36mRoute Load (0.3ms)[0m  [1mselect * from routes where startplace_id = 1130[0m
  [1m[35mRoute Load (0.3ms)[0m  select * from routes where endplace_id = 1130
  [1m[36mCACHE (0.0ms)[0m  [1mSELECT "places".* FROM "places" WHERE "places"."id" = $1 LIMIT 1[0m  [["id", 1130]]
  [1m[35mCACHE (0.0ms)[0m  SELECT "places".* FROM "places" WHERE "places"."id" = $1 LIMIT 1  [["id", 974]]
  [1m[36mPlace Load (0.2ms)[0m  [1mSELECT "places".* FROM "places" WHERE "places"."id" = $1 LIMIT 1[0m  [["id", 1126]]
  [1m[35mPlace Load (0.3ms)[0m  SELECT "places".* FROM "places" WHERE "places"."id" = 1124 LIMIT 1
  [1m[36mRoute Load (0.3ms)[0m  [1mselect * from routes where startplace_id = 1124[0m
  [1m[35mRoute Load (0.3ms)[0m  select * from routes where endplace_id = 1124
  [1m[36mCACHE (0.0ms)[0m  [1mSELECT "places".* FROM "places" WHERE "places"."id" = $1 LIMIT 1[0m  [["id", 1124]]
  [1m[35mPlace Load (0.2ms)[0m  SELECT "places".* FROM "places" WHERE "places"."id" = $1 LIMIT 1  [["id", 1129]]
  [1m[36mCACHE (0.0ms)[0m  [1mSELECT "places".* FROM "places" WHERE "places"."id" = $1 LIMIT 1[0m  [["id", 1124]]
  [1m[35mCACHE (0.0ms)[0m  SELECT "places".* FROM "places" WHERE "places"."id" = $1 LIMIT 1  [["id", 974]]
  [1m[36mPlace Load (0.2ms)[0m  [1mSELECT "places".* FROM "places" WHERE "places"."id" = $1 LIMIT 1[0m  [["id", 1123]]
  [1m[35mPlace Load (0.3ms)[0m  SELECT "places".* FROM "places" WHERE "places"."id" = 1126 LIMIT 1
  [1m[36mRoute Load (0.3ms)[0m  [1mselect * from routes where startplace_id = 1126[0m
  [1m[35mRoute Load (0.3ms)[0m  select * from routes where endplace_id = 1126
  [1m[36mCACHE (0.0ms)[0m  [1mSELECT "places".* FROM "places" WHERE "places"."id" = $1 LIMIT 1[0m  [["id", 1126]]
  [1m[35mCACHE (0.0ms)[0m  SELECT "places".* FROM "places" WHERE "places"."id" = $1 LIMIT 1  [["id", 1130]]
  [1m[36mCACHE (0.0ms)[0m  [1mSELECT "places".* FROM "places" WHERE "places"."id" = $1 LIMIT 1[0m  [["id", 1126]]
  [1m[35mPlace Load (0.2ms)[0m  SELECT "places".* FROM "places" WHERE "places"."id" = $1 LIMIT 1  [["id", 769]]
  [1m[36mPlace Load (0.2ms)[0m  [1mSELECT "places".* FROM "places" WHERE "places"."id" = $1 LIMIT 1[0m  [["id", 1127]]
  [1m[35mPlace Load (0.3ms)[0m  SELECT "places".* FROM "places" WHERE "places"."id" = 1123 LIMIT 1
  [1m[36mRoute Load (0.3ms)[0m  [1mselect * from routes where startplace_id = 1123[0m
  [1m[35mRoute Load (0.3ms)[0m  select * from routes where endplace_id = 1123
  [1m[36mCACHE (0.0ms)[0m  [1mSELECT "places".* FROM "places" WHERE "places"."id" = $1 LIMIT 1[0m  [["id", 1123]]
  [1m[35mCACHE (0.0ms)[0m  SELECT "places".* FROM "places" WHERE "places"."id" = $1 LIMIT 1  [["id", 1124]]
  [1m[36mPlace Load (0.2ms)[0m  [1mSELECT "places".* FROM "places" WHERE "places"."id" = $1 LIMIT 1[0m  [["id", 975]]
  [1m[35mPlace Load (0.2ms)[0m  SELECT "places".* FROM "places" WHERE "places"."id" = $1 LIMIT 1  [["id", 1125]]
  [1m[36mPlace Load (0.3ms)[0m  [1mSELECT "places".* FROM "places" WHERE "places"."id" = 1129 LIMIT 1[0m
  [1m[35mRoute Load (0.3ms)[0m  select * from routes where startplace_id = 1129
  [1m[36mRoute Load (0.3ms)[0m  [1mselect * from routes where endplace_id = 1129[0m
  [1m[35mCACHE (0.0ms)[0m  SELECT "places".* FROM "places" WHERE "places"."id" = $1 LIMIT 1  [["id", 1129]]
  [1m[36mPlace Load (0.2ms)[0m  [1mSELECT "places".* FROM "places" WHERE "places"."id" = $1 LIMIT 1[0m  [["id", 207]]
  [1m[35mCACHE (0.0ms)[0m  SELECT "places".* FROM "places" WHERE "places"."id" = $1 LIMIT 1  [["id", 1124]]
  [1m[36mCACHE (0.0ms)[0m  [1mSELECT "places".* FROM "places" WHERE "places"."id" = $1 LIMIT 1[0m  [["id", 975]]
  [1m[35mPlace Load (0.3ms)[0m  SELECT "places".* FROM "places" WHERE "places"."id" = 1127 LIMIT 1
  [1m[36mRoute Load (0.3ms)[0m  [1mselect * from routes where startplace_id = 1127[0m
  [1m[35mRoute Load (0.3ms)[0m  select * from routes where endplace_id = 1127
  [1m[36mCACHE (0.0ms)[0m  [1mSELECT "places".* FROM "places" WHERE "places"."id" = $1 LIMIT 1[0m  [["id", 1127]]
  [1m[35mCACHE (0.0ms)[0m  SELECT "places".* FROM "places" WHERE "places"."id" = $1 LIMIT 1  [["id", 1126]]
  [1m[36mPlace Load (0.2ms)[0m  [1mSELECT "places".* FROM "places" WHERE "places"."id" = $1 LIMIT 1[0m  [["id", 419]]
  [1m[35mPlace Load (0.3ms)[0m  SELECT "places".* FROM "places" WHERE "places"."id" = 769 LIMIT 1
  [1m[36mRoute Load (0.3ms)[0m  [1mselect * from routes where startplace_id = 769[0m
  [1m[35mRoute Load (0.3ms)[0m  select * from routes where endplace_id = 769
  [1m[36mCACHE (0.0ms)[0m  [1mSELECT "places".* FROM "places" WHERE "places"."id" = $1 LIMIT 1[0m  [["id", 769]]
  [1m[35mCACHE (0.0ms)[0m  SELECT "places".* FROM "places" WHERE "places"."id" = $1 LIMIT 1  [["id", 1125]]
  [1m[36mCACHE (0.0ms)[0m  [1mSELECT "places".* FROM "places" WHERE "places"."id" = $1 LIMIT 1[0m  [["id", 1126]]
  [1m[35mPlace Load (0.3ms)[0m  SELECT "places".* FROM "places" WHERE "places"."id" = 975 LIMIT 1
  [1m[36mRoute Load (0.3ms)[0m  [1mselect * from routes where startplace_id = 975[0m
  [1m[35mRoute Load (0.3ms)[0m  select * from routes where endplace_id = 975
  [1m[36mCACHE (0.0ms)[0m  [1mSELECT "places".* FROM "places" WHERE "places"."id" = $1 LIMIT 1[0m  [["id", 975]]
  [1m[35mCACHE (0.0ms)[0m  SELECT "places".* FROM "places" WHERE "places"."id" = $1 LIMIT 1  [["id", 1129]]
  [1m[36mCACHE (0.0ms)[0m  [1mSELECT "places".* FROM "places" WHERE "places"."id" = $1 LIMIT 1[0m  [["id", 975]]
  [1m[35mCACHE (0.0ms)[0m  SELECT "places".* FROM "places" WHERE "places"."id" = $1 LIMIT 1  [["id", 1123]]
  [1m[36mPlace Load (0.2ms)[0m  [1mSELECT "places".* FROM "places" WHERE "places"."id" = $1 LIMIT 1[0m  [["id", 1122]]
  [1m[35mPlace Load (0.3ms)[0m  SELECT "places".* FROM "places" WHERE "places"."id" = 1125 LIMIT 1
  [1m[36mRoute Load (0.3ms)[0m  [1mselect * from routes where startplace_id = 1125[0m
  [1m[35mRoute Load (0.3ms)[0m  select * from routes where endplace_id = 1125
  [1m[36mCACHE (0.0ms)[0m  [1mSELECT "places".* FROM "places" WHERE "places"."id" = $1 LIMIT 1[0m  [["id", 1125]]
  [1m[35mCACHE (0.0ms)[0m  SELECT "places".* FROM "places" WHERE "places"."id" = $1 LIMIT 1  [["id", 1123]]
  [1m[36mCACHE (0.0ms)[0m  [1mSELECT "places".* FROM "places" WHERE "places"."id" = $1 LIMIT 1[0m  [["id", 769]]
  [1m[35mCACHE (0.0ms)[0m  SELECT "places".* FROM "places" WHERE "places"."id" = 975 LIMIT 1
  [1m[36mCACHE (0.0ms)[0m  [1mselect * from routes where startplace_id = 975[0m
  [1m[35mCACHE (0.0ms)[0m  select * from routes where endplace_id = 975
  [1m[36mCACHE (0.0ms)[0m  [1mSELECT "places".* FROM "places" WHERE "places"."id" = $1 LIMIT 1[0m  [["id", 975]]
  [1m[35mCACHE (0.0ms)[0m  SELECT "places".* FROM "places" WHERE "places"."id" = $1 LIMIT 1  [["id", 1129]]
  [1m[36mCACHE (0.0ms)[0m  [1mSELECT "places".* FROM "places" WHERE "places"."id" = $1 LIMIT 1[0m  [["id", 975]]
  [1m[35mCACHE (0.0ms)[0m  SELECT "places".* FROM "places" WHERE "places"."id" = $1 LIMIT 1  [["id", 1123]]
  [1m[36mCACHE (0.0ms)[0m  [1mSELECT "places".* FROM "places" WHERE "places"."id" = $1 LIMIT 1[0m  [["id", 1122]]
  [1m[35mPlace Load (0.3ms)[0m  SELECT "places".* FROM "places" WHERE "places"."id" = 207 LIMIT 1
  [1m[36mRoute Load (0.3ms)[0m  [1mselect * from routes where startplace_id = 207[0m
  [1m[35mRoute Load (0.4ms)[0m  select * from routes where endplace_id = 207
  [1m[36mCACHE (0.0ms)[0m  [1mSELECT "places".* FROM "places" WHERE "places"."id" = $1 LIMIT 1[0m  [["id", 207]]
  [1m[35mPlace Load (0.4ms)[0m  SELECT "places".* FROM "places" WHERE "places"."id" = $1 LIMIT 1  [["id", 650]]
  [1m[36mCACHE (0.0ms)[0m  [1mSELECT "places".* FROM "places" WHERE "places"."id" = $1 LIMIT 1[0m  [["id", 207]]
  [1m[35mPlace Load (0.2ms)[0m  SELECT "places".* FROM "places" WHERE "places"."id" = $1 LIMIT 1  [["id", 1133]]
  [1m[36mCACHE (0.0ms)[0m  [1mSELECT "places".* FROM "places" WHERE "places"."id" = $1 LIMIT 1[0m  [["id", 1129]]
BNewroutes
1114
{:place=>974, :route=>[272, 22, 218, 217, 216, 214, 213, 211, 210, 209, 208], :url=>"xrv207xrv208xrv209xrv210xrv211xrv213xrv214xrv216xrv217xrv218xrv22xrv272"}
{:place=>769, :route=>[-227, 240, 239, 272, 22, 218, 217, 216, 214, 213, 211, 210, 209, 208], :url=>"xrv207xrv208xrv209xrv210xrv211xrv213xrv214xrv216xrv217xrv218xrv22xrv272xrv239xrv240xrv-227"}
{:place=>1125, :route=>[225, 223, 224, 272, 22, 218, 217, 216, 214, 213, 211, 210, 209, 208], :url=>"xrv207xrv208xrv209xrv210xrv211xrv213xrv214xrv216xrv217xrv218xrv22xrv272xrv224xrv223xrv225"}
{:place=>207, :route=>[-235, -237, 224, 272, 22, 218, 217, 216, 214, 213, 211, 210, 209, 208], :url=>"xrv207xrv208xrv209xrv210xrv211xrv213xrv214xrv216xrv217xrv218xrv22xrv272xrv224xrv-237xrv-235"}
{:place=>419, :route=>[229, 228, 240, 239, 272, 22, 218, 217, 216, 214, 213, 211, 210, 209, 208], :url=>"xrv207xrv208xrv209xrv210xrv211xrv213xrv214xrv216xrv217xrv218xrv22xrv272xrv239xrv240xrv228xrv229"}
{:place=>1125, :route=>[-226, -227, 240, 239, 272, 22, 218, 217, 216, 214, 213, 211, 210, 209, 208], :url=>"xrv207xrv208xrv209xrv210xrv211xrv213xrv214xrv216xrv217xrv218xrv22xrv272xrv239xrv240xrv-227xrv-226"}
{:place=>769, :route=>[226, 225, 223, 224, 272, 22, 218, 217, 216, 214, 213, 211, 210, 209, 208], :url=>"xrv207xrv208xrv209xrv210xrv211xrv213xrv214xrv216xrv217xrv218xrv22xrv272xrv224xrv223xrv225xrv226"}
{:place=>650, :route=>[-234, -235, -237, 224, 272, 22, 218, 217, 216, 214, 213, 211, 210, 209, 208], :url=>"xrv207xrv208xrv209xrv210xrv211xrv213xrv214xrv216xrv217xrv218xrv22xrv272xrv224xrv-237xrv-235xrv-234"}
  [1m[35mCACHE (0.0ms)[0m  SELECT "places".* FROM "places" WHERE "places"."id" = 974 LIMIT 1
  [1m[36m (1.5ms)[0m  [1mSELECT COUNT(*) FROM "route_indices" WHERE (url = 'xrv207xrv208xrv209xrv210xrv211xrv213xrv214xrv216xrv217xrv218xrv22xrv272')[0m
  [1m[35mPlaceType Load (0.2ms)[0m  select * from place_types where name='Roadend'
  [1m[36mSQL (0.5ms)[0m  [1mINSERT INTO "route_indices" ("created_at", "endplace_id", "isDest", "startplace_id", "updated_at", "url") VALUES ($1, $2, $3, $4, $5, $6) RETURNING "id"[0m  [["created_at", Mon, 27 Oct 2014 10:08:12 NZDT +13:00], ["endplace_id", 974], ["isDest", true], ["startplace_id", 1114], ["updated_at", Mon, 27 Oct 2014 10:08:12 NZDT +13:00], ["url", "xrv207xrv208xrv209xrv210xrv211xrv213xrv214xrv216xrv217xrv218xrv22xrv272"]]
  [1m[35mPlace Load (0.4ms)[0m  SELECT "places".* FROM "places" WHERE "places"."id" = 769 LIMIT 1
  [1m[36m (1.1ms)[0m  [1mSELECT COUNT(*) FROM "route_indices" WHERE (url = 'xrv207xrv208xrv209xrv210xrv211xrv213xrv214xrv216xrv217xrv218xrv22xrv272xrv239xrv240xrv-227')[0m
  [1m[35mPlaceType Load (0.2ms)[0m  select * from place_types where name='Hut'
  [1m[36mSQL (0.4ms)[0m  [1mINSERT INTO "route_indices" ("created_at", "endplace_id", "isDest", "startplace_id", "updated_at", "url") VALUES ($1, $2, $3, $4, $5, $6) RETURNING "id"[0m  [["created_at", Mon, 27 Oct 2014 10:08:12 NZDT +13:00], ["endplace_id", 769], ["isDest", true], ["startplace_id", 1114], ["updated_at", Mon, 27 Oct 2014 10:08:12 NZDT +13:00], ["url", "xrv207xrv208xrv209xrv210xrv211xrv213xrv214xrv216xrv217xrv218xrv22xrv272xrv239xrv240xrv-227"]]
  [1m[35mPlace Load (0.3ms)[0m  SELECT "places".* FROM "places" WHERE "places"."id" = 1125 LIMIT 1
  [1m[36m (1.1ms)[0m  [1mSELECT COUNT(*) FROM "route_indices" WHERE (url = 'xrv207xrv208xrv209xrv210xrv211xrv213xrv214xrv216xrv217xrv218xrv22xrv272xrv224xrv223xrv225')[0m
  [1m[35mPlaceType Load (0.2ms)[0m  select * from place_types where name='Campsite'
  [1m[36mSQL (0.4ms)[0m  [1mINSERT INTO "route_indices" ("created_at", "endplace_id", "isDest", "startplace_id", "updated_at", "url") VALUES ($1, $2, $3, $4, $5, $6) RETURNING "id"[0m  [["created_at", Mon, 27 Oct 2014 10:08:12 NZDT +13:00], ["endplace_id", 1125], ["isDest", true], ["startplace_id", 1114], ["updated_at", Mon, 27 Oct 2014 10:08:12 NZDT +13:00], ["url", "xrv207xrv208xrv209xrv210xrv211xrv213xrv214xrv216xrv217xrv218xrv22xrv272xrv224xrv223xrv225"]]
  [1m[35mPlace Load (0.3ms)[0m  SELECT "places".* FROM "places" WHERE "places"."id" = 207 LIMIT 1
  [1m[36m (1.2ms)[0m  [1mSELECT COUNT(*) FROM "route_indices" WHERE (url = 'xrv207xrv208xrv209xrv210xrv211xrv213xrv214xrv216xrv217xrv218xrv22xrv272xrv224xrv-237xrv-235')[0m
  [1m[35mPlaceType Load (0.2ms)[0m  select * from place_types where name='Hut'
  [1m[36mSQL (0.4ms)[0m  [1mINSERT INTO "route_indices" ("created_at", "endplace_id", "isDest", "startplace_id", "updated_at", "url") VALUES ($1, $2, $3, $4, $5, $6) RETURNING "id"[0m  [["created_at", Mon, 27 Oct 2014 10:08:12 NZDT +13:00], ["endplace_id", 207], ["isDest", true], ["startplace_id", 1114], ["updated_at", Mon, 27 Oct 2014 10:08:12 NZDT +13:00], ["url", "xrv207xrv208xrv209xrv210xrv211xrv213xrv214xrv216xrv217xrv218xrv22xrv272xrv224xrv-237xrv-235"]]
  [1m[35mPlace Load (0.3ms)[0m  SELECT "places".* FROM "places" WHERE "places"."id" = 419 LIMIT 1
  [1m[36m (1.1ms)[0m  [1mSELECT COUNT(*) FROM "route_indices" WHERE (url = 'xrv207xrv208xrv209xrv210xrv211xrv213xrv214xrv216xrv217xrv218xrv22xrv272xrv239xrv240xrv228xrv229')[0m
  [1m[35mPlaceType Load (0.2ms)[0m  select * from place_types where name='Hut'
  [1m[36mSQL (0.4ms)[0m  [1mINSERT INTO "route_indices" ("created_at", "endplace_id", "isDest", "startplace_id", "updated_at", "url") VALUES ($1, $2, $3, $4, $5, $6) RETURNING "id"[0m  [["created_at", Mon, 27 Oct 2014 10:08:12 NZDT +13:00], ["endplace_id", 419], ["isDest", true], ["startplace_id", 1114], ["updated_at", Mon, 27 Oct 2014 10:08:12 NZDT +13:00], ["url", "xrv207xrv208xrv209xrv210xrv211xrv213xrv214xrv216xrv217xrv218xrv22xrv272xrv239xrv240xrv228xrv229"]]
  [1m[35mPlace Load (0.3ms)[0m  SELECT "places".* FROM "places" WHERE "places"."id" = 1125 LIMIT 1
  [1m[36m (1.0ms)[0m  [1mSELECT COUNT(*) FROM "route_indices" WHERE (url = 'xrv207xrv208xrv209xrv210xrv211xrv213xrv214xrv216xrv217xrv218xrv22xrv272xrv239xrv240xrv-227xrv-226')[0m
  [1m[35mPlaceType Load (0.2ms)[0m  select * from place_types where name='Campsite'
  [1m[36mSQL (0.4ms)[0m  [1mINSERT INTO "route_indices" ("created_at", "endplace_id", "isDest", "startplace_id", "updated_at", "url") VALUES ($1, $2, $3, $4, $5, $6) RETURNING "id"[0m  [["created_at", Mon, 27 Oct 2014 10:08:12 NZDT +13:00], ["endplace_id", 1125], ["isDest", true], ["startplace_id", 1114], ["updated_at", Mon, 27 Oct 2014 10:08:12 NZDT +13:00], ["url", "xrv207xrv208xrv209xrv210xrv211xrv213xrv214xrv216xrv217xrv218xrv22xrv272xrv239xrv240xrv-227xrv-226"]]
  [1m[35mPlace Load (0.3ms)[0m  SELECT "places".* FROM "places" WHERE "places"."id" = 769 LIMIT 1
  [1m[36m (1.1ms)[0m  [1mSELECT COUNT(*) FROM "route_indices" WHERE (url = 'xrv207xrv208xrv209xrv210xrv211xrv213xrv214xrv216xrv217xrv218xrv22xrv272xrv224xrv223xrv225xrv226')[0m
  [1m[35mPlaceType Load (0.2ms)[0m  select * from place_types where name='Hut'
  [1m[36mSQL (0.4ms)[0m  [1mINSERT INTO "route_indices" ("created_at", "endplace_id", "isDest", "startplace_id", "updated_at", "url") VALUES ($1, $2, $3, $4, $5, $6) RETURNING "id"[0m  [["created_at", Mon, 27 Oct 2014 10:08:12 NZDT +13:00], ["endplace_id", 769], ["isDest", true], ["startplace_id", 1114], ["updated_at", Mon, 27 Oct 2014 10:08:12 NZDT +13:00], ["url", "xrv207xrv208xrv209xrv210xrv211xrv213xrv214xrv216xrv217xrv218xrv22xrv272xrv224xrv223xrv225xrv226"]]
  [1m[35mPlace Load (0.3ms)[0m  SELECT "places".* FROM "places" WHERE "places"."id" = 650 LIMIT 1
  [1m[36m (1.1ms)[0m  [1mSELECT COUNT(*) FROM "route_indices" WHERE (url = 'xrv207xrv208xrv209xrv210xrv211xrv213xrv214xrv216xrv217xrv218xrv22xrv272xrv224xrv-237xrv-235xrv-234')[0m
  [1m[35mPlaceType Load (0.2ms)[0m  select * from place_types where name='Hut'
  [1m[36mSQL (0.4ms)[0m  [1mINSERT INTO "route_indices" ("created_at", "endplace_id", "isDest", "startplace_id", "updated_at", "url") VALUES ($1, $2, $3, $4, $5, $6) RETURNING "id"[0m  [["created_at", Mon, 27 Oct 2014 10:08:12 NZDT +13:00], ["endplace_id", 650], ["isDest", true], ["startplace_id", 1114], ["updated_at", Mon, 27 Oct 2014 10:08:12 NZDT +13:00], ["url", "xrv207xrv208xrv209xrv210xrv211xrv213xrv214xrv216xrv217xrv218xrv22xrv272xrv224xrv-237xrv-235xrv-234"]]
  [1m[35mPlace Load (0.3ms)[0m  SELECT "places".* FROM "places" WHERE "places"."id" = 1121 LIMIT 1
  [1m[36mPlaceType Load (0.2ms)[0m  [1mselect name, "isDest" from place_types[0m
  [1m[35mRoute Load (0.3ms)[0m  SELECT "routes".* FROM "routes" WHERE "routes"."id" = 221 LIMIT 1
  [1m[36mPlace Load (0.2ms)[0m  [1mSELECT "places".* FROM "places" WHERE "places"."id" = $1 LIMIT 1[0m  [["id", 1122]]
  [1m[35mPlace Load (0.2ms)[0m  SELECT "places".* FROM "places" WHERE "places"."id" = $1 LIMIT 1  [["id", 975]]
  [1m[36mRoute Load (0.3ms)[0m  [1mSELECT "routes".* FROM "routes" WHERE "routes"."id" = 222 LIMIT 1[0m
  [1m[35mCACHE (0.0ms)[0m  SELECT "places".* FROM "places" WHERE "places"."id" = $1 LIMIT 1  [["id", 975]]
  [1m[36mPlace Load (0.2ms)[0m  [1mSELECT "places".* FROM "places" WHERE "places"."id" = $1 LIMIT 1[0m  [["id", 1123]]
  [1m[35mRoute Load (0.4ms)[0m  SELECT "routes".* FROM "routes" WHERE "routes"."id" = 223 LIMIT 1
  [1m[36mCACHE (0.0ms)[0m  [1mSELECT "places".* FROM "places" WHERE "places"."id" = $1 LIMIT 1[0m  [["id", 1123]]
  [1m[35mPlace Load (0.2ms)[0m  SELECT "places".* FROM "places" WHERE "places"."id" = $1 LIMIT 1  [["id", 1124]]
  [1m[36mRoute Load (0.3ms)[0m  [1mSELECT "routes".* FROM "routes" WHERE "routes"."id" = 237 LIMIT 1[0m
  [1m[35mCACHE (0.0ms)[0m  SELECT "places".* FROM "places" WHERE "places"."id" = $1 LIMIT 1  [["id", 1124]]
  [1m[36mPlace Load (0.2ms)[0m  [1mSELECT "places".* FROM "places" WHERE "places"."id" = $1 LIMIT 1[0m  [["id", 1129]]
  [1m[35mRoute Load (0.3ms)[0m  SELECT "routes".* FROM "routes" WHERE "routes"."id" = 235 LIMIT 1
  [1m[36mCACHE (0.0ms)[0m  [1mSELECT "places".* FROM "places" WHERE "places"."id" = $1 LIMIT 1[0m  [["id", 1129]]
  [1m[35mPlace Load (0.2ms)[0m  SELECT "places".* FROM "places" WHERE "places"."id" = $1 LIMIT 1  [["id", 207]]
  [1m[36mRoute Load (0.3ms)[0m  [1mSELECT "routes".* FROM "routes" WHERE "routes"."id" = 234 LIMIT 1[0m
  [1m[35mCACHE (0.0ms)[0m  SELECT "places".* FROM "places" WHERE "places"."id" = $1 LIMIT 1  [["id", 207]]
  [1m[36mPlace Load (0.2ms)[0m  [1mSELECT "places".* FROM "places" WHERE "places"."id" = $1 LIMIT 1[0m  [["id", 650]]
  [1m[35mRoute Load (0.3ms)[0m  SELECT "routes".* FROM "routes" WHERE "routes"."id" = 233 LIMIT 1
  [1m[36mCACHE (0.0ms)[0m  [1mSELECT "places".* FROM "places" WHERE "places"."id" = $1 LIMIT 1[0m  [["id", 650]]
  [1m[35mPlace Load (0.2ms)[0m  SELECT "places".* FROM "places" WHERE "places"."id" = $1 LIMIT 1  [["id", 45]]
  [1m[36mRoute Load (0.3ms)[0m  [1mSELECT "routes".* FROM "routes" WHERE "routes"."id" = 231 LIMIT 1[0m
  [1m[35mCACHE (0.0ms)[0m  SELECT "places".* FROM "places" WHERE "places"."id" = $1 LIMIT 1  [["id", 45]]
  [1m[36mPlace Load (0.2ms)[0m  [1mSELECT "places".* FROM "places" WHERE "places"."id" = $1 LIMIT 1[0m  [["id", 976]]
  [1m[35mRoute Load (0.3ms)[0m  SELECT "routes".* FROM "routes" WHERE "routes"."id" = 219 LIMIT 1
  [1m[36mCACHE (0.0ms)[0m  [1mSELECT "places".* FROM "places" WHERE "places"."id" = $1 LIMIT 1[0m  [["id", 976]]
  [1m[35mPlace Load (0.3ms)[0m  SELECT "places".* FROM "places" WHERE "places"."id" = $1 LIMIT 1  [["id", 1119]]
  [1m[36mRoute Load (0.3ms)[0m  [1mSELECT "routes".* FROM "routes" WHERE "routes"."id" = 22 LIMIT 1[0m
  [1m[35mRoute Load (0.3ms)[0m  SELECT "routes".* FROM "routes" WHERE "routes"."id" = 272 LIMIT 1
  [1m[36mPlace Load (0.3ms)[0m  [1mSELECT "places".* FROM "places" WHERE "places"."id" = 974 LIMIT 1[0m
  [1m[35mCACHE (0.0ms)[0m  SELECT "places".* FROM "places" WHERE "places"."id" = 974 LIMIT 1
  [1m[36mRoute Load (0.3ms)[0m  [1mselect * from routes where startplace_id = 974[0m
  [1m[35mRoute Load (0.3ms)[0m  select * from routes where endplace_id = 974
  [1m[36mPlace Load (0.2ms)[0m  [1mSELECT "places".* FROM "places" WHERE "places"."id" = $1 LIMIT 1[0m  [["id", 974]]
  [1m[35mPlace Load (0.2ms)[0m  SELECT "places".* FROM "places" WHERE "places"."id" = $1 LIMIT 1  [["id", 471]]
  [1m[36mPlace Load (0.2ms)[0m  [1mSELECT "places".* FROM "places" WHERE "places"."id" = $1 LIMIT 1[0m  [["id", 1130]]
  [1m[35mCACHE (0.0ms)[0m  SELECT "places".* FROM "places" WHERE "places"."id" = $1 LIMIT 1  [["id", 1124]]
  [1m[36mPlace Load (0.3ms)[0m  [1mSELECT "places".* FROM "places" WHERE "places"."id" = 1130 LIMIT 1[0m
  [1m[35mRoute Load (0.3ms)[0m  select * from routes where startplace_id = 1130
  [1m[36mRoute Load (0.3ms)[0m  [1mselect * from routes where endplace_id = 1130[0m
  [1m[35mCACHE (0.0ms)[0m  SELECT "places".* FROM "places" WHERE "places"."id" = $1 LIMIT 1  [["id", 1130]]
  [1m[36mCACHE (0.0ms)[0m  [1mSELECT "places".* FROM "places" WHERE "places"."id" = $1 LIMIT 1[0m  [["id", 974]]
  [1m[35mPlace Load (0.2ms)[0m  SELECT "places".* FROM "places" WHERE "places"."id" = $1 LIMIT 1  [["id", 1126]]
  [1m[36mPlace Load (0.3ms)[0m  [1mSELECT "places".* FROM "places" WHERE "places"."id" = 1126 LIMIT 1[0m
  [1m[35mRoute Load (0.3ms)[0m  select * from routes where startplace_id = 1126
  [1m[36mRoute Load (0.3ms)[0m  [1mselect * from routes where endplace_id = 1126[0m
  [1m[35mCACHE (0.0ms)[0m  SELECT "places".* FROM "places" WHERE "places"."id" = $1 LIMIT 1  [["id", 1126]]
  [1m[36mCACHE (0.0ms)[0m  [1mSELECT "places".* FROM "places" WHERE "places"."id" = $1 LIMIT 1[0m  [["id", 1130]]
  [1m[35mCACHE (0.0ms)[0m  SELECT "places".* FROM "places" WHERE "places"."id" = $1 LIMIT 1  [["id", 1126]]
  [1m[36mPlace Load (0.2ms)[0m  [1mSELECT "places".* FROM "places" WHERE "places"."id" = $1 LIMIT 1[0m  [["id", 769]]
  [1m[35mPlace Load (0.2ms)[0m  SELECT "places".* FROM "places" WHERE "places"."id" = $1 LIMIT 1  [["id", 1127]]
  [1m[36mPlace Load (0.3ms)[0m  [1mSELECT "places".* FROM "places" WHERE "places"."id" = 1127 LIMIT 1[0m
  [1m[35mRoute Load (0.3ms)[0m  select * from routes where startplace_id = 1127
  [1m[36mRoute Load (0.3ms)[0m  [1mselect * from routes where endplace_id = 1127[0m
  [1m[35mCACHE (0.0ms)[0m  SELECT "places".* FROM "places" WHERE "places"."id" = $1 LIMIT 1  [["id", 1127]]
  [1m[36mCACHE (0.0ms)[0m  [1mSELECT "places".* FROM "places" WHERE "places"."id" = $1 LIMIT 1[0m  [["id", 1126]]
  [1m[35mPlace Load (0.2ms)[0m  SELECT "places".* FROM "places" WHERE "places"."id" = $1 LIMIT 1  [["id", 419]]
  [1m[36mPlace Load (0.3ms)[0m  [1mSELECT "places".* FROM "places" WHERE "places"."id" = 769 LIMIT 1[0m
  [1m[35mRoute Load (0.3ms)[0m  select * from routes where startplace_id = 769
  [1m[36mRoute Load (0.3ms)[0m  [1mselect * from routes where endplace_id = 769[0m
  [1m[35mCACHE (0.0ms)[0m  SELECT "places".* FROM "places" WHERE "places"."id" = $1 LIMIT 1  [["id", 769]]
  [1m[36mPlace Load (0.2ms)[0m  [1mSELECT "places".* FROM "places" WHERE "places"."id" = $1 LIMIT 1[0m  [["id", 1125]]
  [1m[35mCACHE (0.0ms)[0m  SELECT "places".* FROM "places" WHERE "places"."id" = $1 LIMIT 1  [["id", 1126]]
BNewroutes
1121
{:place=>974, :route=>[272, 22, -219, -231, -233, -234, -235, -237, -223, -222, -221], :url=>"xrv-21xrv-221xrv-222xrv-223xrv-237xrv-235xrv-234xrv-233xrv-231xrv-219xrv22xrv272"}
{:place=>769, :route=>[-227, 240, 239, 272, 22, -219, -231, -233, -234, -235, -237, -223, -222, -221], :url=>"xrv-21xrv-221xrv-222xrv-223xrv-237xrv-235xrv-234xrv-233xrv-231xrv-219xrv22xrv272xrv239xrv240xrv-227"}
{:place=>419, :route=>[229, 228, 240, 239, 272, 22, -219, -231, -233, -234, -235, -237, -223, -222, -221], :url=>"xrv-21xrv-221xrv-222xrv-223xrv-237xrv-235xrv-234xrv-233xrv-231xrv-219xrv22xrv272xrv239xrv240xrv228xrv229"}
{:place=>1125, :route=>[-226, -227, 240, 239, 272, 22, -219, -231, -233, -234, -235, -237, -223, -222, -221], :url=>"xrv-21xrv-221xrv-222xrv-223xrv-237xrv-235xrv-234xrv-233xrv-231xrv-219xrv22xrv272xrv239xrv240xrv-227xrv-226"}
  [1m[36mCACHE (0.0ms)[0m  [1mSELECT "places".* FROM "places" WHERE "places"."id" = 974 LIMIT 1[0m
  [1m[35m (1.4ms)[0m  SELECT COUNT(*) FROM "route_indices" WHERE (url = 'xrv-21xrv-221xrv-222xrv-223xrv-237xrv-235xrv-234xrv-233xrv-231xrv-219xrv22xrv272')
  [1m[36mPlaceType Load (0.2ms)[0m  [1mselect * from place_types where name='Roadend'[0m
  [1m[35mSQL (0.6ms)[0m  INSERT INTO "route_indices" ("created_at", "endplace_id", "isDest", "startplace_id", "updated_at", "url") VALUES ($1, $2, $3, $4, $5, $6) RETURNING "id"  [["created_at", Mon, 27 Oct 2014 10:08:13 NZDT +13:00], ["endplace_id", 974], ["isDest", true], ["startplace_id", 1121], ["updated_at", Mon, 27 Oct 2014 10:08:13 NZDT +13:00], ["url", "xrv-21xrv-221xrv-222xrv-223xrv-237xrv-235xrv-234xrv-233xrv-231xrv-219xrv22xrv272"]]
  [1m[36mPlace Load (0.3ms)[0m  [1mSELECT "places".* FROM "places" WHERE "places"."id" = 769 LIMIT 1[0m
  [1m[35m (1.1ms)[0m  SELECT COUNT(*) FROM "route_indices" WHERE (url = 'xrv-21xrv-221xrv-222xrv-223xrv-237xrv-235xrv-234xrv-233xrv-231xrv-219xrv22xrv272xrv239xrv240xrv-227')
  [1m[36mPlaceType Load (0.3ms)[0m  [1mselect * from place_types where name='Hut'[0m
  [1m[35mSQL (0.4ms)[0m  INSERT INTO "route_indices" ("created_at", "endplace_id", "isDest", "startplace_id", "updated_at", "url") VALUES ($1, $2, $3, $4, $5, $6) RETURNING "id"  [["created_at", Mon, 27 Oct 2014 10:08:13 NZDT +13:00], ["endplace_id", 769], ["isDest", true], ["startplace_id", 1121], ["updated_at", Mon, 27 Oct 2014 10:08:13 NZDT +13:00], ["url", "xrv-21xrv-221xrv-222xrv-223xrv-237xrv-235xrv-234xrv-233xrv-231xrv-219xrv22xrv272xrv239xrv240xrv-227"]]
  [1m[36mPlace Load (0.3ms)[0m  [1mSELECT "places".* FROM "places" WHERE "places"."id" = 419 LIMIT 1[0m
  [1m[35m (1.1ms)[0m  SELECT COUNT(*) FROM "route_indices" WHERE (url = 'xrv-21xrv-221xrv-222xrv-223xrv-237xrv-235xrv-234xrv-233xrv-231xrv-219xrv22xrv272xrv239xrv240xrv228xrv229')
  [1m[36mPlaceType Load (0.2ms)[0m  [1mselect * from place_types where name='Hut'[0m
  [1m[35mSQL (0.4ms)[0m  INSERT INTO "route_indices" ("created_at", "endplace_id", "isDest", "startplace_id", "updated_at", "url") VALUES ($1, $2, $3, $4, $5, $6) RETURNING "id"  [["created_at", Mon, 27 Oct 2014 10:08:13 NZDT +13:00], ["endplace_id", 419], ["isDest", true], ["startplace_id", 1121], ["updated_at", Mon, 27 Oct 2014 10:08:13 NZDT +13:00], ["url", "xrv-21xrv-221xrv-222xrv-223xrv-237xrv-235xrv-234xrv-233xrv-231xrv-219xrv22xrv272xrv239xrv240xrv228xrv229"]]
  [1m[36mPlace Load (0.3ms)[0m  [1mSELECT "places".* FROM "places" WHERE "places"."id" = 1125 LIMIT 1[0m
  [1m[35m (1.1ms)[0m  SELECT COUNT(*) FROM "route_indices" WHERE (url = 'xrv-21xrv-221xrv-222xrv-223xrv-237xrv-235xrv-234xrv-233xrv-231xrv-219xrv22xrv272xrv239xrv240xrv-227xrv-226')
  [1m[36mPlaceType Load (0.2ms)[0m  [1mselect * from place_types where name='Campsite'[0m
  [1m[35mSQL (0.5ms)[0m  INSERT INTO "route_indices" ("created_at", "endplace_id", "isDest", "startplace_id", "updated_at", "url") VALUES ($1, $2, $3, $4, $5, $6) RETURNING "id"  [["created_at", Mon, 27 Oct 2014 10:08:13 NZDT +13:00], ["endplace_id", 1125], ["isDest", true], ["startplace_id", 1121], ["updated_at", Mon, 27 Oct 2014 10:08:13 NZDT +13:00], ["url", "xrv-21xrv-221xrv-222xrv-223xrv-237xrv-235xrv-234xrv-233xrv-231xrv-219xrv22xrv272xrv239xrv240xrv-227xrv-226"]]
  [1m[36mPlace Load (0.3ms)[0m  [1mSELECT "places".* FROM "places" WHERE "places"."id" = 419 LIMIT 1[0m
  [1m[35mPlaceType Load (0.2ms)[0m  select name, "isDest" from place_types
  [1m[36mRoute Load (0.3ms)[0m  [1mSELECT "routes".* FROM "routes" WHERE "routes"."id" = 228 LIMIT 1[0m
  [1m[35mPlace Load (0.2ms)[0m  SELECT "places".* FROM "places" WHERE "places"."id" = $1 LIMIT 1  [["id", 1127]]
  [1m[36mPlace Load (4.4ms)[0m  [1mSELECT "places".* FROM "places" WHERE "places"."id" = $1 LIMIT 1[0m  [["id", 1126]]
  [1m[35mRoute Load (0.6ms)[0m  SELECT "routes".* FROM "routes" WHERE "routes"."id" = 240 LIMIT 1
  [1m[36mCACHE (0.0ms)[0m  [1mSELECT "places".* FROM "places" WHERE "places"."id" = $1 LIMIT 1[0m  [["id", 1126]]
  [1m[35mPlace Load (0.2ms)[0m  SELECT "places".* FROM "places" WHERE "places"."id" = $1 LIMIT 1  [["id", 1130]]
  [1m[36mRoute Load (0.3ms)[0m  [1mSELECT "routes".* FROM "routes" WHERE "routes"."id" = 239 LIMIT 1[0m
  [1m[35mCACHE (0.0ms)[0m  SELECT "places".* FROM "places" WHERE "places"."id" = $1 LIMIT 1  [["id", 1130]]
  [1m[36mPlace Load (0.2ms)[0m  [1mSELECT "places".* FROM "places" WHERE "places"."id" = $1 LIMIT 1[0m  [["id", 974]]
  [1m[35mRoute Load (0.3ms)[0m  SELECT "routes".* FROM "routes" WHERE "routes"."id" = 224 LIMIT 1
  [1m[36mRoute Load (0.3ms)[0m  [1mSELECT "routes".* FROM "routes" WHERE "routes"."id" = 237 LIMIT 1[0m
  [1m[35mPlace Load (0.2ms)[0m  SELECT "places".* FROM "places" WHERE "places"."id" = $1 LIMIT 1  [["id", 1124]]
  [1m[36mPlace Load (0.2ms)[0m  [1mSELECT "places".* FROM "places" WHERE "places"."id" = $1 LIMIT 1[0m  [["id", 1129]]
  [1m[35mRoute Load (0.3ms)[0m  SELECT "routes".* FROM "routes" WHERE "routes"."id" = 235 LIMIT 1
  [1m[36mCACHE (0.0ms)[0m  [1mSELECT "places".* FROM "places" WHERE "places"."id" = $1 LIMIT 1[0m  [["id", 1129]]
  [1m[35mPlace Load (0.2ms)[0m  SELECT "places".* FROM "places" WHERE "places"."id" = $1 LIMIT 1  [["id", 207]]
  [1m[36mRoute Load (0.3ms)[0m  [1mSELECT "routes".* FROM "routes" WHERE "routes"."id" = 234 LIMIT 1[0m
  [1m[35mCACHE (0.0ms)[0m  SELECT "places".* FROM "places" WHERE "places"."id" = $1 LIMIT 1  [["id", 207]]
  [1m[36mPlace Load (0.2ms)[0m  [1mSELECT "places".* FROM "places" WHERE "places"."id" = $1 LIMIT 1[0m  [["id", 650]]
  [1m[35mRoute Load (0.3ms)[0m  SELECT "routes".* FROM "routes" WHERE "routes"."id" = 233 LIMIT 1
  [1m[36mCACHE (0.0ms)[0m  [1mSELECT "places".* FROM "places" WHERE "places"."id" = $1 LIMIT 1[0m  [["id", 650]]
  [1m[35mPlace Load (0.2ms)[0m  SELECT "places".* FROM "places" WHERE "places"."id" = $1 LIMIT 1  [["id", 45]]
  [1m[36mRoute Load (0.3ms)[0m  [1mSELECT "routes".* FROM "routes" WHERE "routes"."id" = 231 LIMIT 1[0m
  [1m[35mCACHE (0.0ms)[0m  SELECT "places".* FROM "places" WHERE "places"."id" = $1 LIMIT 1  [["id", 45]]
  [1m[36mPlace Load (0.2ms)[0m  [1mSELECT "places".* FROM "places" WHERE "places"."id" = $1 LIMIT 1[0m  [["id", 976]]
  [1m[35mRoute Load (0.3ms)[0m  SELECT "routes".* FROM "routes" WHERE "routes"."id" = 219 LIMIT 1
  [1m[36mCACHE (0.0ms)[0m  [1mSELECT "places".* FROM "places" WHERE "places"."id" = $1 LIMIT 1[0m  [["id", 976]]
  [1m[35mPlace Load (0.2ms)[0m  SELECT "places".* FROM "places" WHERE "places"."id" = $1 LIMIT 1  [["id", 1119]]
  [1m[36mRoute Load (0.3ms)[0m  [1mSELECT "routes".* FROM "routes" WHERE "routes"."id" = 22 LIMIT 1[0m
  [1m[35mRoute Load (0.3ms)[0m  SELECT "routes".* FROM "routes" WHERE "routes"."id" = 272 LIMIT 1
  [1m[36mPlace Load (0.3ms)[0m  [1mSELECT "places".* FROM "places" WHERE "places"."id" = 974 LIMIT 1[0m
  [1m[35mCACHE (0.0ms)[0m  SELECT "places".* FROM "places" WHERE "places"."id" = 974 LIMIT 1
  [1m[36mRoute Load (0.3ms)[0m  [1mselect * from routes where startplace_id = 974[0m
  [1m[35mRoute Load (0.3ms)[0m  select * from routes where endplace_id = 974
  [1m[36mCACHE (0.0ms)[0m  [1mSELECT "places".* FROM "places" WHERE "places"."id" = $1 LIMIT 1[0m  [["id", 974]]
  [1m[35mPlace Load (0.2ms)[0m  SELECT "places".* FROM "places" WHERE "places"."id" = $1 LIMIT 1  [["id", 471]]
  [1m[36mCACHE (0.0ms)[0m  [1mSELECT "places".* FROM "places" WHERE "places"."id" = $1 LIMIT 1[0m  [["id", 1130]]
  [1m[35mCACHE (0.0ms)[0m  SELECT "places".* FROM "places" WHERE "places"."id" = $1 LIMIT 1  [["id", 1124]]
BNewroutes
419
{:place=>974, :route=>[272, 22, -219, -231, -233, -234, -235, -237, 224, -239, -240, -228], :url=>"xrv-229xrv-228xrv-240xrv-239xrv224xrv-237xrv-235xrv-234xrv-233xrv-231xrv-219xrv22xrv272"}
  [1m[36mCACHE (0.0ms)[0m  [1mSELECT "places".* FROM "places" WHERE "places"."id" = 974 LIMIT 1[0m
  [1m[35m (1.3ms)[0m  SELECT COUNT(*) FROM "route_indices" WHERE (url = 'xrv-229xrv-228xrv-240xrv-239xrv224xrv-237xrv-235xrv-234xrv-233xrv-231xrv-219xrv22xrv272')
  [1m[36mPlaceType Load (0.2ms)[0m  [1mselect * from place_types where name='Roadend'[0m
  [1m[35mSQL (0.6ms)[0m  INSERT INTO "route_indices" ("created_at", "endplace_id", "isDest", "startplace_id", "updated_at", "url") VALUES ($1, $2, $3, $4, $5, $6) RETURNING "id"  [["created_at", Mon, 27 Oct 2014 10:08:13 NZDT +13:00], ["endplace_id", 974], ["isDest", true], ["startplace_id", 419], ["updated_at", Mon, 27 Oct 2014 10:08:13 NZDT +13:00], ["url", "xrv-229xrv-228xrv-240xrv-239xrv224xrv-237xrv-235xrv-234xrv-233xrv-231xrv-219xrv22xrv272"]]
  [1m[36mPlace Load (0.3ms)[0m  [1mSELECT "places".* FROM "places" WHERE "places"."id" = 1125 LIMIT 1[0m
  [1m[35mPlaceType Load (0.2ms)[0m  select name, "isDest" from place_types
  [1m[36mRoute Load (0.3ms)[0m  [1mSELECT "routes".* FROM "routes" WHERE "routes"."id" = 227 LIMIT 1[0m
  [1m[35mRoute Load (0.3ms)[0m  SELECT "routes".* FROM "routes" WHERE "routes"."id" = 240 LIMIT 1
  [1m[36mPlace Load (0.2ms)[0m  [1mSELECT "places".* FROM "places" WHERE "places"."id" = $1 LIMIT 1[0m  [["id", 1126]]
  [1m[35mPlace Load (0.2ms)[0m  SELECT "places".* FROM "places" WHERE "places"."id" = $1 LIMIT 1  [["id", 1130]]
  [1m[36mRoute Load (0.3ms)[0m  [1mSELECT "routes".* FROM "routes" WHERE "routes"."id" = 239 LIMIT 1[0m
  [1m[35mCACHE (0.0ms)[0m  SELECT "places".* FROM "places" WHERE "places"."id" = $1 LIMIT 1  [["id", 1130]]
  [1m[36mPlace Load (0.2ms)[0m  [1mSELECT "places".* FROM "places" WHERE "places"."id" = $1 LIMIT 1[0m  [["id", 974]]
  [1m[35mRoute Load (0.3ms)[0m  SELECT "routes".* FROM "routes" WHERE "routes"."id" = 224 LIMIT 1
  [1m[36mRoute Load (0.3ms)[0m  [1mSELECT "routes".* FROM "routes" WHERE "routes"."id" = 237 LIMIT 1[0m
  [1m[35mPlace Load (0.2ms)[0m  SELECT "places".* FROM "places" WHERE "places"."id" = $1 LIMIT 1  [["id", 1124]]
  [1m[36mPlace Load (0.2ms)[0m  [1mSELECT "places".* FROM "places" WHERE "places"."id" = $1 LIMIT 1[0m  [["id", 1129]]
  [1m[35mRoute Load (0.3ms)[0m  SELECT "routes".* FROM "routes" WHERE "routes"."id" = 235 LIMIT 1
  [1m[36mCACHE (0.0ms)[0m  [1mSELECT "places".* FROM "places" WHERE "places"."id" = $1 LIMIT 1[0m  [["id", 1129]]
  [1m[35mPlace Load (0.2ms)[0m  SELECT "places".* FROM "places" WHERE "places"."id" = $1 LIMIT 1  [["id", 207]]
  [1m[36mRoute Load (0.3ms)[0m  [1mSELECT "routes".* FROM "routes" WHERE "routes"."id" = 234 LIMIT 1[0m
  [1m[35mCACHE (0.0ms)[0m  SELECT "places".* FROM "places" WHERE "places"."id" = $1 LIMIT 1  [["id", 207]]
  [1m[36mPlace Load (0.2ms)[0m  [1mSELECT "places".* FROM "places" WHERE "places"."id" = $1 LIMIT 1[0m  [["id", 650]]
  [1m[35mRoute Load (0.3ms)[0m  SELECT "routes".* FROM "routes" WHERE "routes"."id" = 233 LIMIT 1
  [1m[36mCACHE (0.0ms)[0m  [1mSELECT "places".* FROM "places" WHERE "places"."id" = $1 LIMIT 1[0m  [["id", 650]]
  [1m[35mPlace Load (0.2ms)[0m  SELECT "places".* FROM "places" WHERE "places"."id" = $1 LIMIT 1  [["id", 45]]
  [1m[36mRoute Load (0.3ms)[0m  [1mSELECT "routes".* FROM "routes" WHERE "routes"."id" = 231 LIMIT 1[0m
  [1m[35mCACHE (0.0ms)[0m  SELECT "places".* FROM "places" WHERE "places"."id" = $1 LIMIT 1  [["id", 45]]
  [1m[36mPlace Load (0.2ms)[0m  [1mSELECT "places".* FROM "places" WHERE "places"."id" = $1 LIMIT 1[0m  [["id", 976]]
  [1m[35mRoute Load (0.3ms)[0m  SELECT "routes".* FROM "routes" WHERE "routes"."id" = 219 LIMIT 1
  [1m[36mCACHE (0.0ms)[0m  [1mSELECT "places".* FROM "places" WHERE "places"."id" = $1 LIMIT 1[0m  [["id", 976]]
  [1m[35mPlace Load (0.2ms)[0m  SELECT "places".* FROM "places" WHERE "places"."id" = $1 LIMIT 1  [["id", 1119]]
  [1m[36mRoute Load (0.3ms)[0m  [1mSELECT "routes".* FROM "routes" WHERE "routes"."id" = 22 LIMIT 1[0m
  [1m[35mRoute Load (0.3ms)[0m  SELECT "routes".* FROM "routes" WHERE "routes"."id" = 272 LIMIT 1
  [1m[36mPlace Load (0.3ms)[0m  [1mSELECT "places".* FROM "places" WHERE "places"."id" = 974 LIMIT 1[0m
  [1m[35mCACHE (0.0ms)[0m  SELECT "places".* FROM "places" WHERE "places"."id" = 974 LIMIT 1
  [1m[36mRoute Load (0.3ms)[0m  [1mselect * from routes where startplace_id = 974[0m
  [1m[35mRoute Load (0.3ms)[0m  select * from routes where endplace_id = 974
  [1m[36mCACHE (0.0ms)[0m  [1mSELECT "places".* FROM "places" WHERE "places"."id" = $1 LIMIT 1[0m  [["id", 974]]
  [1m[35mPlace Load (0.2ms)[0m  SELECT "places".* FROM "places" WHERE "places"."id" = $1 LIMIT 1  [["id", 471]]
  [1m[36mCACHE (0.0ms)[0m  [1mSELECT "places".* FROM "places" WHERE "places"."id" = $1 LIMIT 1[0m  [["id", 1130]]
  [1m[35mCACHE (0.0ms)[0m  SELECT "places".* FROM "places" WHERE "places"."id" = $1 LIMIT 1  [["id", 1124]]
BNewroutes
1125
{:place=>974, :route=>[272, 22, -219, -231, -233, -234, -235, -237, 224, -239, -240, 227], :url=>"xrv226xrv227xrv-240xrv-239xrv224xrv-237xrv-235xrv-234xrv-233xrv-231xrv-219xrv22xrv272"}
  [1m[36mCACHE (0.0ms)[0m  [1mSELECT "places".* FROM "places" WHERE "places"."id" = 974 LIMIT 1[0m
  [1m[35m (1.3ms)[0m  SELECT COUNT(*) FROM "route_indices" WHERE (url = 'xrv226xrv227xrv-240xrv-239xrv224xrv-237xrv-235xrv-234xrv-233xrv-231xrv-219xrv22xrv272')
  [1m[36mPlaceType Load (0.2ms)[0m  [1mselect * from place_types where name='Roadend'[0m
  [1m[35mSQL (0.5ms)[0m  INSERT INTO "route_indices" ("created_at", "endplace_id", "isDest", "startplace_id", "updated_at", "url") VALUES ($1, $2, $3, $4, $5, $6) RETURNING "id"  [["created_at", Mon, 27 Oct 2014 10:08:13 NZDT +13:00], ["endplace_id", 974], ["isDest", true], ["startplace_id", 1125], ["updated_at", Mon, 27 Oct 2014 10:08:13 NZDT +13:00], ["url", "xrv226xrv227xrv-240xrv-239xrv224xrv-237xrv-235xrv-234xrv-233xrv-231xrv-219xrv22xrv272"]]
  [1m[36mPlace Load (0.3ms)[0m  [1mSELECT "places".* FROM "places" WHERE "places"."id" = 419 LIMIT 1[0m
  [1m[35mPlaceType Load (0.2ms)[0m  select name, "isDest" from place_types
  [1m[36mRoute Load (0.3ms)[0m  [1mSELECT "routes".* FROM "routes" WHERE "routes"."id" = 228 LIMIT 1[0m
  [1m[35mPlace Load (0.2ms)[0m  SELECT "places".* FROM "places" WHERE "places"."id" = $1 LIMIT 1  [["id", 1127]]
  [1m[36mPlace Load (0.2ms)[0m  [1mSELECT "places".* FROM "places" WHERE "places"."id" = $1 LIMIT 1[0m  [["id", 1126]]
  [1m[35mRoute Load (0.3ms)[0m  SELECT "routes".* FROM "routes" WHERE "routes"."id" = 240 LIMIT 1
  [1m[36mCACHE (0.0ms)[0m  [1mSELECT "places".* FROM "places" WHERE "places"."id" = $1 LIMIT 1[0m  [["id", 1126]]
  [1m[35mPlace Load (0.2ms)[0m  SELECT "places".* FROM "places" WHERE "places"."id" = $1 LIMIT 1  [["id", 1130]]
  [1m[36mRoute Load (0.3ms)[0m  [1mSELECT "routes".* FROM "routes" WHERE "routes"."id" = 239 LIMIT 1[0m
  [1m[35mCACHE (0.0ms)[0m  SELECT "places".* FROM "places" WHERE "places"."id" = $1 LIMIT 1  [["id", 1130]]
  [1m[36mPlace Load (0.2ms)[0m  [1mSELECT "places".* FROM "places" WHERE "places"."id" = $1 LIMIT 1[0m  [["id", 974]]
  [1m[35mRoute Load (0.3ms)[0m  SELECT "routes".* FROM "routes" WHERE "routes"."id" = 224 LIMIT 1
  [1m[36mRoute Load (0.3ms)[0m  [1mSELECT "routes".* FROM "routes" WHERE "routes"."id" = 237 LIMIT 1[0m
  [1m[35mPlace Load (0.2ms)[0m  SELECT "places".* FROM "places" WHERE "places"."id" = $1 LIMIT 1  [["id", 1124]]
  [1m[36mPlace Load (0.2ms)[0m  [1mSELECT "places".* FROM "places" WHERE "places"."id" = $1 LIMIT 1[0m  [["id", 1129]]
  [1m[35mRoute Load (0.3ms)[0m  SELECT "routes".* FROM "routes" WHERE "routes"."id" = 238 LIMIT 1
  [1m[36mRoute Load (0.3ms)[0m  [1mSELECT "routes".* FROM "routes" WHERE "routes"."id" = 221 LIMIT 1[0m
  [1m[35mRoute Load (0.3ms)[0m  SELECT "routes".* FROM "routes" WHERE "routes"."id" = 21 LIMIT 1
  [1m[36mRoute Load (0.3ms)[0m  [1mSELECT "routes".* FROM "routes" WHERE "routes"."id" = 220 LIMIT 1[0m
  [1m[35mRoute Load (0.3ms)[0m  SELECT "routes".* FROM "routes" WHERE "routes"."id" = 219 LIMIT 1
  [1m[36mPlace Load (0.2ms)[0m  [1mSELECT "places".* FROM "places" WHERE "places"."id" = $1 LIMIT 1[0m  [["id", 976]]
  [1m[35mPlace Load (0.2ms)[0m  SELECT "places".* FROM "places" WHERE "places"."id" = $1 LIMIT 1  [["id", 1119]]
  [1m[36mRoute Load (0.3ms)[0m  [1mSELECT "routes".* FROM "routes" WHERE "routes"."id" = 22 LIMIT 1[0m
  [1m[35mRoute Load (0.4ms)[0m  SELECT "routes".* FROM "routes" WHERE "routes"."id" = 272 LIMIT 1
  [1m[36mPlace Load (0.3ms)[0m  [1mSELECT "places".* FROM "places" WHERE "places"."id" = 974 LIMIT 1[0m
  [1m[35mCACHE (0.0ms)[0m  SELECT "places".* FROM "places" WHERE "places"."id" = 974 LIMIT 1
  [1m[36mRoute Load (0.3ms)[0m  [1mselect * from routes where startplace_id = 974[0m
  [1m[35mRoute Load (0.3ms)[0m  select * from routes where endplace_id = 974
  [1m[36mCACHE (0.0ms)[0m  [1mSELECT "places".* FROM "places" WHERE "places"."id" = $1 LIMIT 1[0m  [["id", 974]]
  [1m[35mPlace Load (0.2ms)[0m  SELECT "places".* FROM "places" WHERE "places"."id" = $1 LIMIT 1  [["id", 471]]
  [1m[36mCACHE (0.0ms)[0m  [1mSELECT "places".* FROM "places" WHERE "places"."id" = $1 LIMIT 1[0m  [["id", 1130]]
  [1m[35mCACHE (0.0ms)[0m  SELECT "places".* FROM "places" WHERE "places"."id" = $1 LIMIT 1  [["id", 1124]]
BNewroutes
419
{:place=>974, :route=>[272, 22, -219, 220, 21, 221, 238, -237, 224, -239, -240, -228], :url=>"xrv-229xrv-228xrv-240xrv-239xrv224xrv-237xrv238xrv221xrv21xrv220xrv-219xrv22xrv272"}
  [1m[36mCACHE (0.0ms)[0m  [1mSELECT "places".* FROM "places" WHERE "places"."id" = 974 LIMIT 1[0m
  [1m[35m (1.5ms)[0m  SELECT COUNT(*) FROM "route_indices" WHERE (url = 'xrv-229xrv-228xrv-240xrv-239xrv224xrv-237xrv238xrv221xrv21xrv220xrv-219xrv22xrv272')
  [1m[36mPlaceType Load (0.3ms)[0m  [1mselect * from place_types where name='Roadend'[0m
  [1m[35mSQL (0.5ms)[0m  INSERT INTO "route_indices" ("created_at", "endplace_id", "isDest", "startplace_id", "updated_at", "url") VALUES ($1, $2, $3, $4, $5, $6) RETURNING "id"  [["created_at", Mon, 27 Oct 2014 10:08:13 NZDT +13:00], ["endplace_id", 974], ["isDest", true], ["startplace_id", 419], ["updated_at", Mon, 27 Oct 2014 10:08:13 NZDT +13:00], ["url", "xrv-229xrv-228xrv-240xrv-239xrv224xrv-237xrv238xrv221xrv21xrv220xrv-219xrv22xrv272"]]
  [1m[36mPlace Load (0.3ms)[0m  [1mSELECT "places".* FROM "places" WHERE "places"."id" = 1125 LIMIT 1[0m
  [1m[35mPlaceType Load (0.2ms)[0m  select name, "isDest" from place_types
  [1m[36mRoute Load (0.3ms)[0m  [1mSELECT "routes".* FROM "routes" WHERE "routes"."id" = 227 LIMIT 1[0m
  [1m[35mRoute Load (0.3ms)[0m  SELECT "routes".* FROM "routes" WHERE "routes"."id" = 240 LIMIT 1
  [1m[36mPlace Load (0.2ms)[0m  [1mSELECT "places".* FROM "places" WHERE "places"."id" = $1 LIMIT 1[0m  [["id", 1126]]
  [1m[35mPlace Load (0.2ms)[0m  SELECT "places".* FROM "places" WHERE "places"."id" = $1 LIMIT 1  [["id", 1130]]
  [1m[36mRoute Load (0.4ms)[0m  [1mSELECT "routes".* FROM "routes" WHERE "routes"."id" = 239 LIMIT 1[0m
  [1m[35mCACHE (0.0ms)[0m  SELECT "places".* FROM "places" WHERE "places"."id" = $1 LIMIT 1  [["id", 1130]]
  [1m[36mPlace Load (0.2ms)[0m  [1mSELECT "places".* FROM "places" WHERE "places"."id" = $1 LIMIT 1[0m  [["id", 974]]
  [1m[35mRoute Load (0.3ms)[0m  SELECT "routes".* FROM "routes" WHERE "routes"."id" = 224 LIMIT 1
  [1m[36mRoute Load (0.3ms)[0m  [1mSELECT "routes".* FROM "routes" WHERE "routes"."id" = 237 LIMIT 1[0m
  [1m[35mPlace Load (0.2ms)[0m  SELECT "places".* FROM "places" WHERE "places"."id" = $1 LIMIT 1  [["id", 1124]]
  [1m[36mPlace Load (0.2ms)[0m  [1mSELECT "places".* FROM "places" WHERE "places"."id" = $1 LIMIT 1[0m  [["id", 1129]]
  [1m[35mRoute Load (0.3ms)[0m  SELECT "routes".* FROM "routes" WHERE "routes"."id" = 238 LIMIT 1
  [1m[36mRoute Load (0.3ms)[0m  [1mSELECT "routes".* FROM "routes" WHERE "routes"."id" = 221 LIMIT 1[0m
  [1m[35mRoute Load (0.3ms)[0m  SELECT "routes".* FROM "routes" WHERE "routes"."id" = 21 LIMIT 1
  [1m[36mRoute Load (0.3ms)[0m  [1mSELECT "routes".* FROM "routes" WHERE "routes"."id" = 220 LIMIT 1[0m
  [1m[35mRoute Load (0.3ms)[0m  SELECT "routes".* FROM "routes" WHERE "routes"."id" = 219 LIMIT 1
  [1m[36mPlace Load (0.2ms)[0m  [1mSELECT "places".* FROM "places" WHERE "places"."id" = $1 LIMIT 1[0m  [["id", 976]]
  [1m[35mPlace Load (0.2ms)[0m  SELECT "places".* FROM "places" WHERE "places"."id" = $1 LIMIT 1  [["id", 1119]]
  [1m[36mRoute Load (0.3ms)[0m  [1mSELECT "routes".* FROM "routes" WHERE "routes"."id" = 22 LIMIT 1[0m
  [1m[35mRoute Load (0.3ms)[0m  SELECT "routes".* FROM "routes" WHERE "routes"."id" = 272 LIMIT 1
  [1m[36mPlace Load (0.2ms)[0m  [1mSELECT "places".* FROM "places" WHERE "places"."id" = 974 LIMIT 1[0m
  [1m[35mCACHE (0.0ms)[0m  SELECT "places".* FROM "places" WHERE "places"."id" = 974 LIMIT 1
  [1m[36mRoute Load (0.3ms)[0m  [1mselect * from routes where startplace_id = 974[0m
  [1m[35mRoute Load (0.3ms)[0m  select * from routes where endplace_id = 974
  [1m[36mCACHE (0.0ms)[0m  [1mSELECT "places".* FROM "places" WHERE "places"."id" = $1 LIMIT 1[0m  [["id", 974]]
  [1m[35mPlace Load (0.2ms)[0m  SELECT "places".* FROM "places" WHERE "places"."id" = $1 LIMIT 1  [["id", 471]]
  [1m[36mCACHE (0.0ms)[0m  [1mSELECT "places".* FROM "places" WHERE "places"."id" = $1 LIMIT 1[0m  [["id", 1130]]
  [1m[35mCACHE (0.0ms)[0m  SELECT "places".* FROM "places" WHERE "places"."id" = $1 LIMIT 1  [["id", 1124]]
BNewroutes
1125
{:place=>974, :route=>[272, 22, -219, 220, 21, 221, 238, -237, 224, -239, -240, 227], :url=>"xrv226xrv227xrv-240xrv-239xrv224xrv-237xrv238xrv221xrv21xrv220xrv-219xrv22xrv272"}
  [1m[36mCACHE (0.0ms)[0m  [1mSELECT "places".* FROM "places" WHERE "places"."id" = 974 LIMIT 1[0m
  [1m[35m (1.4ms)[0m  SELECT COUNT(*) FROM "route_indices" WHERE (url = 'xrv226xrv227xrv-240xrv-239xrv224xrv-237xrv238xrv221xrv21xrv220xrv-219xrv22xrv272')
  [1m[36mPlaceType Load (0.2ms)[0m  [1mselect * from place_types where name='Roadend'[0m
  [1m[35mSQL (0.5ms)[0m  INSERT INTO "route_indices" ("created_at", "endplace_id", "isDest", "startplace_id", "updated_at", "url") VALUES ($1, $2, $3, $4, $5, $6) RETURNING "id"  [["created_at", Mon, 27 Oct 2014 10:08:13 NZDT +13:00], ["endplace_id", 974], ["isDest", true], ["startplace_id", 1125], ["updated_at", Mon, 27 Oct 2014 10:08:13 NZDT +13:00], ["url", "xrv226xrv227xrv-240xrv-239xrv224xrv-237xrv238xrv221xrv21xrv220xrv-219xrv22xrv272"]]
  [1m[36mPlace Load (0.3ms)[0m  [1mSELECT "places".* FROM "places" WHERE "places"."id" = 1128 LIMIT 1[0m
  [1m[35mPlaceType Load (0.2ms)[0m  select name, "isDest" from place_types
  [1m[36mRoute Load (0.3ms)[0m  [1mSELECT "routes".* FROM "routes" WHERE "routes"."id" = 229 LIMIT 1[0m
  [1m[35mPlace Load (0.2ms)[0m  SELECT "places".* FROM "places" WHERE "places"."id" = $1 LIMIT 1  [["id", 419]]
  [1m[36mPlace Load (0.2ms)[0m  [1mSELECT "places".* FROM "places" WHERE "places"."id" = $1 LIMIT 1[0m  [["id", 1127]]
  [1m[35mRoute Load (0.3ms)[0m  SELECT "routes".* FROM "routes" WHERE "routes"."id" = 228 LIMIT 1
  [1m[36mCACHE (0.0ms)[0m  [1mSELECT "places".* FROM "places" WHERE "places"."id" = $1 LIMIT 1[0m  [["id", 1127]]
  [1m[35mPlace Load (0.2ms)[0m  SELECT "places".* FROM "places" WHERE "places"."id" = $1 LIMIT 1  [["id", 1126]]
  [1m[36mRoute Load (0.3ms)[0m  [1mSELECT "routes".* FROM "routes" WHERE "routes"."id" = 227 LIMIT 1[0m
  [1m[35mCACHE (0.0ms)[0m  SELECT "places".* FROM "places" WHERE "places"."id" = $1 LIMIT 1  [["id", 1126]]
  [1m[36mPlace Load (0.2ms)[0m  [1mSELECT "places".* FROM "places" WHERE "places"."id" = $1 LIMIT 1[0m  [["id", 769]]
  [1m[35mRoute Load (0.3ms)[0m  SELECT "routes".* FROM "routes" WHERE "routes"."id" = 226 LIMIT 1
  [1m[36mCACHE (0.0ms)[0m  [1mSELECT "places".* FROM "places" WHERE "places"."id" = $1 LIMIT 1[0m  [["id", 769]]
  [1m[35mPlace Load (0.2ms)[0m  SELECT "places".* FROM "places" WHERE "places"."id" = $1 LIMIT 1  [["id", 1125]]
  [1m[36mRoute Load (0.3ms)[0m  [1mSELECT "routes".* FROM "routes" WHERE "routes"."id" = 225 LIMIT 1[0m
  [1m[35mCACHE (0.0ms)[0m  SELECT "places".* FROM "places" WHERE "places"."id" = $1 LIMIT 1  [["id", 1125]]
  [1m[36mPlace Load (0.2ms)[0m  [1mSELECT "places".* FROM "places" WHERE "places"."id" = $1 LIMIT 1[0m  [["id", 1123]]
  [1m[35mRoute Load (0.3ms)[0m  SELECT "routes".* FROM "routes" WHERE "routes"."id" = 222 LIMIT 1
  [1m[36mRoute Load (0.3ms)[0m  [1mSELECT "routes".* FROM "routes" WHERE "routes"."id" = 221 LIMIT 1[0m
  [1m[35mRoute Load (0.3ms)[0m  SELECT "routes".* FROM "routes" WHERE "routes"."id" = 21 LIMIT 1
  [1m[36mRoute Load (0.3ms)[0m  [1mSELECT "routes".* FROM "routes" WHERE "routes"."id" = 220 LIMIT 1[0m
  [1m[35mRoute Load (0.3ms)[0m  SELECT "routes".* FROM "routes" WHERE "routes"."id" = 219 LIMIT 1
  [1m[36mPlace Load (0.2ms)[0m  [1mSELECT "places".* FROM "places" WHERE "places"."id" = $1 LIMIT 1[0m  [["id", 976]]
  [1m[35mPlace Load (0.2ms)[0m  SELECT "places".* FROM "places" WHERE "places"."id" = $1 LIMIT 1  [["id", 1119]]
  [1m[36mRoute Load (0.3ms)[0m  [1mSELECT "routes".* FROM "routes" WHERE "routes"."id" = 22 LIMIT 1[0m
  [1m[35mRoute Load (0.3ms)[0m  SELECT "routes".* FROM "routes" WHERE "routes"."id" = 272 LIMIT 1
  [1m[36mPlace Load (0.3ms)[0m  [1mSELECT "places".* FROM "places" WHERE "places"."id" = 974 LIMIT 1[0m
  [1m[35mCACHE (0.0ms)[0m  SELECT "places".* FROM "places" WHERE "places"."id" = 974 LIMIT 1
  [1m[36mRoute Load (0.4ms)[0m  [1mselect * from routes where startplace_id = 974[0m
  [1m[35mRoute Load (0.3ms)[0m  select * from routes where endplace_id = 974
  [1m[36mPlace Load (0.2ms)[0m  [1mSELECT "places".* FROM "places" WHERE "places"."id" = $1 LIMIT 1[0m  [["id", 974]]
  [1m[35mPlace Load (0.2ms)[0m  SELECT "places".* FROM "places" WHERE "places"."id" = $1 LIMIT 1  [["id", 471]]
  [1m[36mPlace Load (0.2ms)[0m  [1mSELECT "places".* FROM "places" WHERE "places"."id" = $1 LIMIT 1[0m  [["id", 1130]]
  [1m[35mPlace Load (0.2ms)[0m  SELECT "places".* FROM "places" WHERE "places"."id" = $1 LIMIT 1  [["id", 1124]]
  [1m[36mPlace Load (0.3ms)[0m  [1mSELECT "places".* FROM "places" WHERE "places"."id" = 1130 LIMIT 1[0m
  [1m[35mRoute Load (0.3ms)[0m  select * from routes where startplace_id = 1130
  [1m[36mRoute Load (0.3ms)[0m  [1mselect * from routes where endplace_id = 1130[0m
  [1m[35mCACHE (0.0ms)[0m  SELECT "places".* FROM "places" WHERE "places"."id" = $1 LIMIT 1  [["id", 1130]]
  [1m[36mCACHE (0.0ms)[0m  [1mSELECT "places".* FROM "places" WHERE "places"."id" = $1 LIMIT 1[0m  [["id", 974]]
  [1m[35mCACHE (0.0ms)[0m  SELECT "places".* FROM "places" WHERE "places"."id" = $1 LIMIT 1  [["id", 1126]]
  [1m[36mPlace Load (0.3ms)[0m  [1mSELECT "places".* FROM "places" WHERE "places"."id" = 1124 LIMIT 1[0m
  [1m[35mRoute Load (0.3ms)[0m  select * from routes where startplace_id = 1124
  [1m[36mRoute Load (0.3ms)[0m  [1mselect * from routes where endplace_id = 1124[0m
  [1m[35mCACHE (0.0ms)[0m  SELECT "places".* FROM "places" WHERE "places"."id" = $1 LIMIT 1  [["id", 1124]]
  [1m[36mPlace Load (0.2ms)[0m  [1mSELECT "places".* FROM "places" WHERE "places"."id" = $1 LIMIT 1[0m  [["id", 1129]]
  [1m[35mCACHE (0.0ms)[0m  SELECT "places".* FROM "places" WHERE "places"."id" = $1 LIMIT 1  [["id", 1124]]
  [1m[36mCACHE (0.0ms)[0m  [1mSELECT "places".* FROM "places" WHERE "places"."id" = $1 LIMIT 1[0m  [["id", 974]]
  [1m[35mCACHE (0.0ms)[0m  SELECT "places".* FROM "places" WHERE "places"."id" = $1 LIMIT 1  [["id", 1123]]
  [1m[36mPlace Load (0.3ms)[0m  [1mSELECT "places".* FROM "places" WHERE "places"."id" = 1129 LIMIT 1[0m
  [1m[35mRoute Load (0.3ms)[0m  select * from routes where startplace_id = 1129
  [1m[36mRoute Load (0.3ms)[0m  [1mselect * from routes where endplace_id = 1129[0m
  [1m[35mCACHE (0.1ms)[0m  SELECT "places".* FROM "places" WHERE "places"."id" = $1 LIMIT 1  [["id", 1129]]
  [1m[36mPlace Load (0.2ms)[0m  [1mSELECT "places".* FROM "places" WHERE "places"."id" = $1 LIMIT 1[0m  [["id", 207]]
  [1m[35mCACHE (0.0ms)[0m  SELECT "places".* FROM "places" WHERE "places"."id" = $1 LIMIT 1  [["id", 1124]]
  [1m[36mPlace Load (0.2ms)[0m  [1mSELECT "places".* FROM "places" WHERE "places"."id" = $1 LIMIT 1[0m  [["id", 975]]
BNewroutes
1128
{:place=>974, :route=>[272, 22, -219, 220, 21, 221, 222, -225, -226, -227, -228, -229], :url=>"xrv-230xrv-229xrv-228xrv-227xrv-226xrv-225xrv222xrv221xrv21xrv220xrv-219xrv22xrv272"}
{:place=>1130, :route=>[239, 272, 22, -219, 220, 21, 221, 222, -225, -226, -227, -228, -229], :url=>"xrv-230xrv-229xrv-228xrv-227xrv-226xrv-225xrv222xrv221xrv21xrv220xrv-219xrv22xrv272xrv239"}
{:place=>207, :route=>[-235, -237, 224, 272, 22, -219, 220, 21, 221, 222, -225, -226, -227, -228, -229], :url=>"xrv-230xrv-229xrv-228xrv-227xrv-226xrv-225xrv222xrv221xrv21xrv220xrv-219xrv22xrv272xrv224xrv-237xrv-235"}
  [1m[35mCACHE (0.0ms)[0m  SELECT "places".* FROM "places" WHERE "places"."id" = 974 LIMIT 1
  [1m[36m (1.2ms)[0m  [1mSELECT COUNT(*) FROM "route_indices" WHERE (url = 'xrv-230xrv-229xrv-228xrv-227xrv-226xrv-225xrv222xrv221xrv21xrv220xrv-219xrv22xrv272')[0m
  [1m[35mPlaceType Load (0.2ms)[0m  select * from place_types where name='Roadend'
  [1m[36mSQL (0.4ms)[0m  [1mINSERT INTO "route_indices" ("created_at", "endplace_id", "isDest", "startplace_id", "updated_at", "url") VALUES ($1, $2, $3, $4, $5, $6) RETURNING "id"[0m  [["created_at", Mon, 27 Oct 2014 10:08:13 NZDT +13:00], ["endplace_id", 974], ["isDest", true], ["startplace_id", 1128], ["updated_at", Mon, 27 Oct 2014 10:08:13 NZDT +13:00], ["url", "xrv-230xrv-229xrv-228xrv-227xrv-226xrv-225xrv222xrv221xrv21xrv220xrv-219xrv22xrv272"]]
  [1m[35mPlace Load (0.2ms)[0m  SELECT "places".* FROM "places" WHERE "places"."id" = 1130 LIMIT 1
  [1m[36m (1.1ms)[0m  [1mSELECT COUNT(*) FROM "route_indices" WHERE (url = 'xrv-230xrv-229xrv-228xrv-227xrv-226xrv-225xrv222xrv221xrv21xrv220xrv-219xrv22xrv272xrv239')[0m
  [1m[35mPlaceType Load (0.2ms)[0m  select * from place_types where name='Junction'
  [1m[36mSQL (0.4ms)[0m  [1mINSERT INTO "route_indices" ("created_at", "endplace_id", "isDest", "startplace_id", "updated_at", "url") VALUES ($1, $2, $3, $4, $5, $6) RETURNING "id"[0m  [["created_at", Mon, 27 Oct 2014 10:08:13 NZDT +13:00], ["endplace_id", 1130], ["isDest", false], ["startplace_id", 1128], ["updated_at", Mon, 27 Oct 2014 10:08:13 NZDT +13:00], ["url", "xrv-230xrv-229xrv-228xrv-227xrv-226xrv-225xrv222xrv221xrv21xrv220xrv-219xrv22xrv272xrv239"]]
  [1m[35mPlace Load (0.3ms)[0m  SELECT "places".* FROM "places" WHERE "places"."id" = 207 LIMIT 1
  [1m[36m (1.1ms)[0m  [1mSELECT COUNT(*) FROM "route_indices" WHERE (url = 'xrv-230xrv-229xrv-228xrv-227xrv-226xrv-225xrv222xrv221xrv21xrv220xrv-219xrv22xrv272xrv224xrv-237xrv-235')[0m
  [1m[35mPlaceType Load (0.2ms)[0m  select * from place_types where name='Hut'
  [1m[36mSQL (0.4ms)[0m  [1mINSERT INTO "route_indices" ("created_at", "endplace_id", "isDest", "startplace_id", "updated_at", "url") VALUES ($1, $2, $3, $4, $5, $6) RETURNING "id"[0m  [["created_at", Mon, 27 Oct 2014 10:08:13 NZDT +13:00], ["endplace_id", 207], ["isDest", true], ["startplace_id", 1128], ["updated_at", Mon, 27 Oct 2014 10:08:13 NZDT +13:00], ["url", "xrv-230xrv-229xrv-228xrv-227xrv-226xrv-225xrv222xrv221xrv21xrv220xrv-219xrv22xrv272xrv224xrv-237xrv-235"]]
  [1m[35mPlace Load (0.3ms)[0m  SELECT "places".* FROM "places" WHERE "places"."id" = 1132 LIMIT 1
  [1m[36mPlaceType Load (0.2ms)[0m  [1mselect name, "isDest" from place_types[0m
  [1m[35mRoute Load (0.3ms)[0m  SELECT "routes".* FROM "routes" WHERE "routes"."id" = 242 LIMIT 1
  [1m[36mRoute Load (0.3ms)[0m  [1mSELECT "routes".* FROM "routes" WHERE "routes"."id" = 243 LIMIT 1[0m
  [1m[35mRoute Load (0.3ms)[0m  SELECT "routes".* FROM "routes" WHERE "routes"."id" = 235 LIMIT 1
  [1m[36mRoute Load (0.3ms)[0m  [1mSELECT "routes".* FROM "routes" WHERE "routes"."id" = 237 LIMIT 1[0m
  [1m[35mRoute Load (0.3ms)[0m  SELECT "routes".* FROM "routes" WHERE "routes"."id" = 223 LIMIT 1
  [1m[36mRoute Load (0.3ms)[0m  [1mSELECT "routes".* FROM "routes" WHERE "routes"."id" = 222 LIMIT 1[0m
  [1m[35mRoute Load (0.3ms)[0m  SELECT "routes".* FROM "routes" WHERE "routes"."id" = 221 LIMIT 1
  [1m[36mRoute Load (0.3ms)[0m  [1mSELECT "routes".* FROM "routes" WHERE "routes"."id" = 21 LIMIT 1[0m
  [1m[35mRoute Load (0.3ms)[0m  SELECT "routes".* FROM "routes" WHERE "routes"."id" = 220 LIMIT 1
  [1m[36mRoute Load (0.3ms)[0m  [1mSELECT "routes".* FROM "routes" WHERE "routes"."id" = 219 LIMIT 1[0m
  [1m[35mPlace Load (0.2ms)[0m  SELECT "places".* FROM "places" WHERE "places"."id" = $1 LIMIT 1  [["id", 976]]
  [1m[36mPlace Load (0.2ms)[0m  [1mSELECT "places".* FROM "places" WHERE "places"."id" = $1 LIMIT 1[0m  [["id", 1119]]
  [1m[35mRoute Load (0.3ms)[0m  SELECT "routes".* FROM "routes" WHERE "routes"."id" = 22 LIMIT 1
  [1m[36mRoute Load (39.1ms)[0m  [1mSELECT "routes".* FROM "routes" WHERE "routes"."id" = 272 LIMIT 1[0m
  [1m[35mPlace Load (0.3ms)[0m  SELECT "places".* FROM "places" WHERE "places"."id" = 974 LIMIT 1
  [1m[36mCACHE (0.0ms)[0m  [1mSELECT "places".* FROM "places" WHERE "places"."id" = 974 LIMIT 1[0m
  [1m[35mRoute Load (0.4ms)[0m  select * from routes where startplace_id = 974
  [1m[36mRoute Load (0.3ms)[0m  [1mselect * from routes where endplace_id = 974[0m
  [1m[35mPlace Load (0.2ms)[0m  SELECT "places".* FROM "places" WHERE "places"."id" = $1 LIMIT 1  [["id", 974]]
  [1m[36mPlace Load (0.2ms)[0m  [1mSELECT "places".* FROM "places" WHERE "places"."id" = $1 LIMIT 1[0m  [["id", 471]]
  [1m[35mPlace Load (0.2ms)[0m  SELECT "places".* FROM "places" WHERE "places"."id" = $1 LIMIT 1  [["id", 1130]]
  [1m[36mPlace Load (0.2ms)[0m  [1mSELECT "places".* FROM "places" WHERE "places"."id" = $1 LIMIT 1[0m  [["id", 1124]]
  [1m[35mPlace Load (0.3ms)[0m  SELECT "places".* FROM "places" WHERE "places"."id" = 1130 LIMIT 1
  [1m[36mRoute Load (0.3ms)[0m  [1mselect * from routes where startplace_id = 1130[0m
  [1m[35mRoute Load (0.3ms)[0m  select * from routes where endplace_id = 1130
  [1m[36mCACHE (0.0ms)[0m  [1mSELECT "places".* FROM "places" WHERE "places"."id" = $1 LIMIT 1[0m  [["id", 1130]]
  [1m[35mCACHE (0.0ms)[0m  SELECT "places".* FROM "places" WHERE "places"."id" = $1 LIMIT 1  [["id", 974]]
  [1m[36mPlace Load (0.3ms)[0m  [1mSELECT "places".* FROM "places" WHERE "places"."id" = $1 LIMIT 1[0m  [["id", 1126]]
  [1m[35mPlace Load (0.3ms)[0m  SELECT "places".* FROM "places" WHERE "places"."id" = 1126 LIMIT 1
  [1m[36mRoute Load (0.3ms)[0m  [1mselect * from routes where startplace_id = 1126[0m
  [1m[35mRoute Load (0.3ms)[0m  select * from routes where endplace_id = 1126
  [1m[36mCACHE (0.0ms)[0m  [1mSELECT "places".* FROM "places" WHERE "places"."id" = $1 LIMIT 1[0m  [["id", 1126]]
  [1m[35mCACHE (0.0ms)[0m  SELECT "places".* FROM "places" WHERE "places"."id" = $1 LIMIT 1  [["id", 1130]]
  [1m[36mCACHE (0.0ms)[0m  [1mSELECT "places".* FROM "places" WHERE "places"."id" = $1 LIMIT 1[0m  [["id", 1126]]
  [1m[35mPlace Load (0.2ms)[0m  SELECT "places".* FROM "places" WHERE "places"."id" = $1 LIMIT 1  [["id", 769]]
  [1m[36mPlace Load (0.2ms)[0m  [1mSELECT "places".* FROM "places" WHERE "places"."id" = $1 LIMIT 1[0m  [["id", 1127]]
BNewroutes
1132
{:place=>974, :route=>[272, 22, -219, 220, 21, 221, 222, 223, 237, 235, 243, 242], :url=>"xrv241xrv242xrv243xrv235xrv237xrv223xrv222xrv221xrv21xrv220xrv-219xrv22xrv272"}
{:place=>769, :route=>[-227, 240, 239, 272, 22, -219, 220, 21, 221, 222, 223, 237, 235, 243, 242], :url=>"xrv241xrv242xrv243xrv235xrv237xrv223xrv222xrv221xrv21xrv220xrv-219xrv22xrv272xrv239xrv240xrv-227"}
  [1m[35mCACHE (0.0ms)[0m  SELECT "places".* FROM "places" WHERE "places"."id" = 974 LIMIT 1
  [1m[36m (1.3ms)[0m  [1mSELECT COUNT(*) FROM "route_indices" WHERE (url = 'xrv241xrv242xrv243xrv235xrv237xrv223xrv222xrv221xrv21xrv220xrv-219xrv22xrv272')[0m
  [1m[35mPlaceType Load (0.2ms)[0m  select * from place_types where name='Roadend'
  [1m[36mSQL (0.5ms)[0m  [1mINSERT INTO "route_indices" ("created_at", "endplace_id", "isDest", "startplace_id", "updated_at", "url") VALUES ($1, $2, $3, $4, $5, $6) RETURNING "id"[0m  [["created_at", Mon, 27 Oct 2014 10:08:13 NZDT +13:00], ["endplace_id", 974], ["isDest", true], ["startplace_id", 1132], ["updated_at", Mon, 27 Oct 2014 10:08:13 NZDT +13:00], ["url", "xrv241xrv242xrv243xrv235xrv237xrv223xrv222xrv221xrv21xrv220xrv-219xrv22xrv272"]]
  [1m[35mPlace Load (0.2ms)[0m  SELECT "places".* FROM "places" WHERE "places"."id" = 769 LIMIT 1
  [1m[36m (1.1ms)[0m  [1mSELECT COUNT(*) FROM "route_indices" WHERE (url = 'xrv241xrv242xrv243xrv235xrv237xrv223xrv222xrv221xrv21xrv220xrv-219xrv22xrv272xrv239xrv240xrv-227')[0m
  [1m[35mPlaceType Load (0.2ms)[0m  select * from place_types where name='Hut'
  [1m[36mSQL (0.4ms)[0m  [1mINSERT INTO "route_indices" ("created_at", "endplace_id", "isDest", "startplace_id", "updated_at", "url") VALUES ($1, $2, $3, $4, $5, $6) RETURNING "id"[0m  [["created_at", Mon, 27 Oct 2014 10:08:13 NZDT +13:00], ["endplace_id", 769], ["isDest", true], ["startplace_id", 1132], ["updated_at", Mon, 27 Oct 2014 10:08:13 NZDT +13:00], ["url", "xrv241xrv242xrv243xrv235xrv237xrv223xrv222xrv221xrv21xrv220xrv-219xrv22xrv272xrv239xrv240xrv-227"]]
  [1m[35mPlace Load (0.3ms)[0m  SELECT "places".* FROM "places" WHERE "places"."id" = 419 LIMIT 1
  [1m[36mPlaceType Load (0.2ms)[0m  [1mselect name, "isDest" from place_types[0m
  [1m[35mRoute Load (0.3ms)[0m  SELECT "routes".* FROM "routes" WHERE "routes"."id" = 228 LIMIT 1
  [1m[36mPlace Load (0.2ms)[0m  [1mSELECT "places".* FROM "places" WHERE "places"."id" = $1 LIMIT 1[0m  [["id", 1127]]
  [1m[35mPlace Load (0.2ms)[0m  SELECT "places".* FROM "places" WHERE "places"."id" = $1 LIMIT 1  [["id", 1126]]
  [1m[36mRoute Load (0.3ms)[0m  [1mSELECT "routes".* FROM "routes" WHERE "routes"."id" = 240 LIMIT 1[0m
  [1m[35mCACHE (0.0ms)[0m  SELECT "places".* FROM "places" WHERE "places"."id" = $1 LIMIT 1  [["id", 1126]]
  [1m[36mPlace Load (0.2ms)[0m  [1mSELECT "places".* FROM "places" WHERE "places"."id" = $1 LIMIT 1[0m  [["id", 1130]]
  [1m[35mRoute Load (0.3ms)[0m  SELECT "routes".* FROM "routes" WHERE "routes"."id" = 239 LIMIT 1
  [1m[36mCACHE (0.0ms)[0m  [1mSELECT "places".* FROM "places" WHERE "places"."id" = $1 LIMIT 1[0m  [["id", 1130]]
  [1m[35mPlace Load (0.2ms)[0m  SELECT "places".* FROM "places" WHERE "places"."id" = $1 LIMIT 1  [["id", 974]]
  [1m[36mRoute Load (0.3ms)[0m  [1mSELECT "routes".* FROM "routes" WHERE "routes"."id" = 224 LIMIT 1[0m
  [1m[35mRoute Load (0.3ms)[0m  SELECT "routes".* FROM "routes" WHERE "routes"."id" = 223 LIMIT 1
  [1m[36mRoute Load (0.3ms)[0m  [1mSELECT "routes".* FROM "routes" WHERE "routes"."id" = 222 LIMIT 1[0m
  [1m[35mRoute Load (0.3ms)[0m  SELECT "routes".* FROM "routes" WHERE "routes"."id" = 221 LIMIT 1
  [1m[36mRoute Load (0.3ms)[0m  [1mSELECT "routes".* FROM "routes" WHERE "routes"."id" = 21 LIMIT 1[0m
  [1m[35mRoute Load (0.3ms)[0m  SELECT "routes".* FROM "routes" WHERE "routes"."id" = 220 LIMIT 1
  [1m[36mRoute Load (0.3ms)[0m  [1mSELECT "routes".* FROM "routes" WHERE "routes"."id" = 219 LIMIT 1[0m
  [1m[35mPlace Load (0.2ms)[0m  SELECT "places".* FROM "places" WHERE "places"."id" = $1 LIMIT 1  [["id", 976]]
  [1m[36mPlace Load (0.2ms)[0m  [1mSELECT "places".* FROM "places" WHERE "places"."id" = $1 LIMIT 1[0m  [["id", 1119]]
  [1m[35mRoute Load (0.3ms)[0m  SELECT "routes".* FROM "routes" WHERE "routes"."id" = 22 LIMIT 1
  [1m[36mRoute Load (0.3ms)[0m  [1mSELECT "routes".* FROM "routes" WHERE "routes"."id" = 272 LIMIT 1[0m
  [1m[35mPlace Load (0.2ms)[0m  SELECT "places".* FROM "places" WHERE "places"."id" = 974 LIMIT 1
  [1m[36mCACHE (0.0ms)[0m  [1mSELECT "places".* FROM "places" WHERE "places"."id" = 974 LIMIT 1[0m
  [1m[35mRoute Load (0.3ms)[0m  select * from routes where startplace_id = 974
  [1m[36mRoute Load (0.2ms)[0m  [1mselect * from routes where endplace_id = 974[0m
  [1m[35mCACHE (0.1ms)[0m  SELECT "places".* FROM "places" WHERE "places"."id" = $1 LIMIT 1  [["id", 974]]
  [1m[36mPlace Load (0.2ms)[0m  [1mSELECT "places".* FROM "places" WHERE "places"."id" = $1 LIMIT 1[0m  [["id", 471]]
  [1m[35mCACHE (0.0ms)[0m  SELECT "places".* FROM "places" WHERE "places"."id" = $1 LIMIT 1  [["id", 1130]]
  [1m[36mPlace Load (0.2ms)[0m  [1mSELECT "places".* FROM "places" WHERE "places"."id" = $1 LIMIT 1[0m  [["id", 1124]]
BNewroutes
419
{:place=>974, :route=>[272, 22, -219, 220, 21, 221, 222, 223, 224, -239, -240, -228], :url=>"xrv-229xrv-228xrv-240xrv-239xrv224xrv223xrv222xrv221xrv21xrv220xrv-219xrv22xrv272"}
  [1m[35mCACHE (0.0ms)[0m  SELECT "places".* FROM "places" WHERE "places"."id" = 974 LIMIT 1
  [1m[36m (1.2ms)[0m  [1mSELECT COUNT(*) FROM "route_indices" WHERE (url = 'xrv-229xrv-228xrv-240xrv-239xrv224xrv223xrv222xrv221xrv21xrv220xrv-219xrv22xrv272')[0m
  [1m[35mPlaceType Load (0.2ms)[0m  select * from place_types where name='Roadend'
  [1m[36mSQL (0.4ms)[0m  [1mINSERT INTO "route_indices" ("created_at", "endplace_id", "isDest", "startplace_id", "updated_at", "url") VALUES ($1, $2, $3, $4, $5, $6) RETURNING "id"[0m  [["created_at", Mon, 27 Oct 2014 10:08:13 NZDT +13:00], ["endplace_id", 974], ["isDest", true], ["startplace_id", 419], ["updated_at", Mon, 27 Oct 2014 10:08:13 NZDT +13:00], ["url", "xrv-229xrv-228xrv-240xrv-239xrv224xrv223xrv222xrv221xrv21xrv220xrv-219xrv22xrv272"]]
  [1m[35mPlace Load (0.3ms)[0m  SELECT "places".* FROM "places" WHERE "places"."id" = 1125 LIMIT 1
  [1m[36mPlaceType Load (0.2ms)[0m  [1mselect name, "isDest" from place_types[0m
  [1m[35mRoute Load (0.3ms)[0m  SELECT "routes".* FROM "routes" WHERE "routes"."id" = 227 LIMIT 1
  [1m[36mRoute Load (0.3ms)[0m  [1mSELECT "routes".* FROM "routes" WHERE "routes"."id" = 240 LIMIT 1[0m
  [1m[35mPlace Load (0.2ms)[0m  SELECT "places".* FROM "places" WHERE "places"."id" = $1 LIMIT 1  [["id", 1126]]
  [1m[36mPlace Load (0.2ms)[0m  [1mSELECT "places".* FROM "places" WHERE "places"."id" = $1 LIMIT 1[0m  [["id", 1130]]
  [1m[35mRoute Load (0.3ms)[0m  SELECT "routes".* FROM "routes" WHERE "routes"."id" = 239 LIMIT 1
  [1m[36mCACHE (0.0ms)[0m  [1mSELECT "places".* FROM "places" WHERE "places"."id" = $1 LIMIT 1[0m  [["id", 1130]]
  [1m[35mPlace Load (0.2ms)[0m  SELECT "places".* FROM "places" WHERE "places"."id" = $1 LIMIT 1  [["id", 974]]
  [1m[36mRoute Load (0.3ms)[0m  [1mSELECT "routes".* FROM "routes" WHERE "routes"."id" = 224 LIMIT 1[0m
  [1m[35mRoute Load (0.3ms)[0m  SELECT "routes".* FROM "routes" WHERE "routes"."id" = 223 LIMIT 1
  [1m[36mRoute Load (0.3ms)[0m  [1mSELECT "routes".* FROM "routes" WHERE "routes"."id" = 222 LIMIT 1[0m
  [1m[35mRoute Load (0.3ms)[0m  SELECT "routes".* FROM "routes" WHERE "routes"."id" = 221 LIMIT 1
  [1m[36mRoute Load (0.3ms)[0m  [1mSELECT "routes".* FROM "routes" WHERE "routes"."id" = 21 LIMIT 1[0m
  [1m[35mRoute Load (0.3ms)[0m  SELECT "routes".* FROM "routes" WHERE "routes"."id" = 220 LIMIT 1
  [1m[36mRoute Load (0.3ms)[0m  [1mSELECT "routes".* FROM "routes" WHERE "routes"."id" = 219 LIMIT 1[0m
  [1m[35mPlace Load (0.2ms)[0m  SELECT "places".* FROM "places" WHERE "places"."id" = $1 LIMIT 1  [["id", 976]]
  [1m[36mPlace Load (0.2ms)[0m  [1mSELECT "places".* FROM "places" WHERE "places"."id" = $1 LIMIT 1[0m  [["id", 1119]]
  [1m[35mRoute Load (0.3ms)[0m  SELECT "routes".* FROM "routes" WHERE "routes"."id" = 22 LIMIT 1
  [1m[36mRoute Load (0.3ms)[0m  [1mSELECT "routes".* FROM "routes" WHERE "routes"."id" = 272 LIMIT 1[0m
  [1m[35mPlace Load (0.3ms)[0m  SELECT "places".* FROM "places" WHERE "places"."id" = 974 LIMIT 1
  [1m[36mCACHE (0.0ms)[0m  [1mSELECT "places".* FROM "places" WHERE "places"."id" = 974 LIMIT 1[0m
  [1m[35mRoute Load (0.3ms)[0m  select * from routes where startplace_id = 974
  [1m[36mRoute Load (0.3ms)[0m  [1mselect * from routes where endplace_id = 974[0m
  [1m[35mCACHE (0.0ms)[0m  SELECT "places".* FROM "places" WHERE "places"."id" = $1 LIMIT 1  [["id", 974]]
  [1m[36mPlace Load (0.2ms)[0m  [1mSELECT "places".* FROM "places" WHERE "places"."id" = $1 LIMIT 1[0m  [["id", 471]]
  [1m[35mCACHE (0.0ms)[0m  SELECT "places".* FROM "places" WHERE "places"."id" = $1 LIMIT 1  [["id", 1130]]
  [1m[36mPlace Load (0.2ms)[0m  [1mSELECT "places".* FROM "places" WHERE "places"."id" = $1 LIMIT 1[0m  [["id", 1124]]
BNewroutes
1125
{:place=>974, :route=>[272, 22, -219, 220, 21, 221, 222, 223, 224, -239, -240, 227], :url=>"xrv226xrv227xrv-240xrv-239xrv224xrv223xrv222xrv221xrv21xrv220xrv-219xrv22xrv272"}
  [1m[35mCACHE (0.0ms)[0m  SELECT "places".* FROM "places" WHERE "places"."id" = 974 LIMIT 1
  [1m[36m (1.2ms)[0m  [1mSELECT COUNT(*) FROM "route_indices" WHERE (url = 'xrv226xrv227xrv-240xrv-239xrv224xrv223xrv222xrv221xrv21xrv220xrv-219xrv22xrv272')[0m
  [1m[35mPlaceType Load (0.2ms)[0m  select * from place_types where name='Roadend'
  [1m[36mSQL (0.4ms)[0m  [1mINSERT INTO "route_indices" ("created_at", "endplace_id", "isDest", "startplace_id", "updated_at", "url") VALUES ($1, $2, $3, $4, $5, $6) RETURNING "id"[0m  [["created_at", Mon, 27 Oct 2014 10:08:13 NZDT +13:00], ["endplace_id", 974], ["isDest", true], ["startplace_id", 1125], ["updated_at", Mon, 27 Oct 2014 10:08:13 NZDT +13:00], ["url", "xrv226xrv227xrv-240xrv-239xrv224xrv223xrv222xrv221xrv21xrv220xrv-219xrv22xrv272"]]
  [1m[35mPlace Load (0.2ms)[0m  SELECT "places".* FROM "places" WHERE "places"."id" = 419 LIMIT 1
  [1m[36mPlaceType Load (0.2ms)[0m  [1mselect name, "isDest" from place_types[0m
  [1m[35mRoute Load (0.3ms)[0m  SELECT "routes".* FROM "routes" WHERE "routes"."id" = 228 LIMIT 1
  [1m[36mPlace Load (0.2ms)[0m  [1mSELECT "places".* FROM "places" WHERE "places"."id" = $1 LIMIT 1[0m  [["id", 1127]]
  [1m[35mPlace Load (0.2ms)[0m  SELECT "places".* FROM "places" WHERE "places"."id" = $1 LIMIT 1  [["id", 1126]]
  [1m[36mRoute Load (0.3ms)[0m  [1mSELECT "routes".* FROM "routes" WHERE "routes"."id" = 227 LIMIT 1[0m
  [1m[35mCACHE (0.0ms)[0m  SELECT "places".* FROM "places" WHERE "places"."id" = $1 LIMIT 1  [["id", 1126]]
  [1m[36mPlace Load (0.2ms)[0m  [1mSELECT "places".* FROM "places" WHERE "places"."id" = $1 LIMIT 1[0m  [["id", 769]]
  [1m[35mRoute Load (0.3ms)[0m  SELECT "routes".* FROM "routes" WHERE "routes"."id" = 226 LIMIT 1
  [1m[36mCACHE (0.0ms)[0m  [1mSELECT "places".* FROM "places" WHERE "places"."id" = $1 LIMIT 1[0m  [["id", 769]]
  [1m[35mPlace Load (0.2ms)[0m  SELECT "places".* FROM "places" WHERE "places"."id" = $1 LIMIT 1  [["id", 1125]]
  [1m[36mRoute Load (0.3ms)[0m  [1mSELECT "routes".* FROM "routes" WHERE "routes"."id" = 225 LIMIT 1[0m
  [1m[35mCACHE (0.0ms)[0m  SELECT "places".* FROM "places" WHERE "places"."id" = $1 LIMIT 1  [["id", 1125]]
  [1m[36mPlace Load (0.2ms)[0m  [1mSELECT "places".* FROM "places" WHERE "places"."id" = $1 LIMIT 1[0m  [["id", 1123]]
  [1m[35mRoute Load (0.3ms)[0m  SELECT "routes".* FROM "routes" WHERE "routes"."id" = 223 LIMIT 1
  [1m[36mCACHE (0.0ms)[0m  [1mSELECT "places".* FROM "places" WHERE "places"."id" = $1 LIMIT 1[0m  [["id", 1123]]
  [1m[35mPlace Load (0.2ms)[0m  SELECT "places".* FROM "places" WHERE "places"."id" = $1 LIMIT 1  [["id", 1124]]
  [1m[36mRoute Load (0.4ms)[0m  [1mSELECT "routes".* FROM "routes" WHERE "routes"."id" = 237 LIMIT 1[0m
  [1m[35mCACHE (0.0ms)[0m  SELECT "places".* FROM "places" WHERE "places"."id" = $1 LIMIT 1  [["id", 1124]]
  [1m[36mPlace Load (0.3ms)[0m  [1mSELECT "places".* FROM "places" WHERE "places"."id" = $1 LIMIT 1[0m  [["id", 1129]]
  [1m[35mRoute Load (0.3ms)[0m  SELECT "routes".* FROM "routes" WHERE "routes"."id" = 235 LIMIT 1
  [1m[36mCACHE (0.0ms)[0m  [1mSELECT "places".* FROM "places" WHERE "places"."id" = $1 LIMIT 1[0m  [["id", 1129]]
  [1m[35mPlace Load (0.2ms)[0m  SELECT "places".* FROM "places" WHERE "places"."id" = $1 LIMIT 1  [["id", 207]]
  [1m[36mRoute Load (0.3ms)[0m  [1mSELECT "routes".* FROM "routes" WHERE "routes"."id" = 234 LIMIT 1[0m
  [1m[35mCACHE (0.0ms)[0m  SELECT "places".* FROM "places" WHERE "places"."id" = $1 LIMIT 1  [["id", 207]]
  [1m[36mPlace Load (0.2ms)[0m  [1mSELECT "places".* FROM "places" WHERE "places"."id" = $1 LIMIT 1[0m  [["id", 650]]
  [1m[35mRoute Load (0.3ms)[0m  SELECT "routes".* FROM "routes" WHERE "routes"."id" = 233 LIMIT 1
  [1m[36mCACHE (0.0ms)[0m  [1mSELECT "places".* FROM "places" WHERE "places"."id" = $1 LIMIT 1[0m  [["id", 650]]
  [1m[35mPlace Load (0.2ms)[0m  SELECT "places".* FROM "places" WHERE "places"."id" = $1 LIMIT 1  [["id", 45]]
  [1m[36mRoute Load (3.8ms)[0m  [1mSELECT "routes".* FROM "routes" WHERE "routes"."id" = 231 LIMIT 1[0m
  [1m[35mCACHE (0.0ms)[0m  SELECT "places".* FROM "places" WHERE "places"."id" = $1 LIMIT 1  [["id", 45]]
  [1m[36mPlace Load (0.3ms)[0m  [1mSELECT "places".* FROM "places" WHERE "places"."id" = $1 LIMIT 1[0m  [["id", 976]]
  [1m[35mRoute Load (0.3ms)[0m  SELECT "routes".* FROM "routes" WHERE "routes"."id" = 219 LIMIT 1
  [1m[36mCACHE (0.0ms)[0m  [1mSELECT "places".* FROM "places" WHERE "places"."id" = $1 LIMIT 1[0m  [["id", 976]]
  [1m[35mPlace Load (0.2ms)[0m  SELECT "places".* FROM "places" WHERE "places"."id" = $1 LIMIT 1  [["id", 1119]]
  [1m[36mRoute Load (0.3ms)[0m  [1mSELECT "routes".* FROM "routes" WHERE "routes"."id" = 22 LIMIT 1[0m
  [1m[35mRoute Load (0.3ms)[0m  SELECT "routes".* FROM "routes" WHERE "routes"."id" = 272 LIMIT 1
  [1m[36mPlace Load (0.2ms)[0m  [1mSELECT "places".* FROM "places" WHERE "places"."id" = 974 LIMIT 1[0m
  [1m[35mCACHE (0.0ms)[0m  SELECT "places".* FROM "places" WHERE "places"."id" = 974 LIMIT 1
  [1m[36mRoute Load (0.3ms)[0m  [1mselect * from routes where startplace_id = 974[0m
  [1m[35mRoute Load (0.3ms)[0m  select * from routes where endplace_id = 974
  [1m[36mPlace Load (0.2ms)[0m  [1mSELECT "places".* FROM "places" WHERE "places"."id" = $1 LIMIT 1[0m  [["id", 974]]
  [1m[35mPlace Load (0.2ms)[0m  SELECT "places".* FROM "places" WHERE "places"."id" = $1 LIMIT 1  [["id", 471]]
  [1m[36mPlace Load (0.2ms)[0m  [1mSELECT "places".* FROM "places" WHERE "places"."id" = $1 LIMIT 1[0m  [["id", 1130]]
  [1m[35mCACHE (0.0ms)[0m  SELECT "places".* FROM "places" WHERE "places"."id" = $1 LIMIT 1  [["id", 1124]]
  [1m[36mPlace Load (0.3ms)[0m  [1mSELECT "places".* FROM "places" WHERE "places"."id" = 1130 LIMIT 1[0m
  [1m[35mRoute Load (0.3ms)[0m  select * from routes where startplace_id = 1130
  [1m[36mRoute Load (0.3ms)[0m  [1mselect * from routes where endplace_id = 1130[0m
  [1m[35mCACHE (0.0ms)[0m  SELECT "places".* FROM "places" WHERE "places"."id" = $1 LIMIT 1  [["id", 1130]]
  [1m[36mCACHE (0.0ms)[0m  [1mSELECT "places".* FROM "places" WHERE "places"."id" = $1 LIMIT 1[0m  [["id", 974]]
  [1m[35mCACHE (0.0ms)[0m  SELECT "places".* FROM "places" WHERE "places"."id" = $1 LIMIT 1  [["id", 1126]]
BNewroutes
419
{:place=>974, :route=>[272, 22, -219, -231, -233, -234, -235, -237, -223, -225, -226, -227, -228], :url=>"xrv-229xrv-228xrv-227xrv-226xrv-225xrv-223xrv-237xrv-235xrv-234xrv-233xrv-231xrv-219xrv22xrv272"}
{:place=>1130, :route=>[239, 272, 22, -219, -231, -233, -234, -235, -237, -223, -225, -226, -227, -228], :url=>"xrv-229xrv-228xrv-227xrv-226xrv-225xrv-223xrv-237xrv-235xrv-234xrv-233xrv-231xrv-219xrv22xrv272xrv239"}
  [1m[36mCACHE (0.0ms)[0m  [1mSELECT "places".* FROM "places" WHERE "places"."id" = 974 LIMIT 1[0m
  [1m[35m (1.3ms)[0m  SELECT COUNT(*) FROM "route_indices" WHERE (url = 'xrv-229xrv-228xrv-227xrv-226xrv-225xrv-223xrv-237xrv-235xrv-234xrv-233xrv-231xrv-219xrv22xrv272')
  [1m[36mPlaceType Load (0.2ms)[0m  [1mselect * from place_types where name='Roadend'[0m
  [1m[35mSQL (0.5ms)[0m  INSERT INTO "route_indices" ("created_at", "endplace_id", "isDest", "startplace_id", "updated_at", "url") VALUES ($1, $2, $3, $4, $5, $6) RETURNING "id"  [["created_at", Mon, 27 Oct 2014 10:08:13 NZDT +13:00], ["endplace_id", 974], ["isDest", true], ["startplace_id", 419], ["updated_at", Mon, 27 Oct 2014 10:08:13 NZDT +13:00], ["url", "xrv-229xrv-228xrv-227xrv-226xrv-225xrv-223xrv-237xrv-235xrv-234xrv-233xrv-231xrv-219xrv22xrv272"]]
  [1m[36mPlace Load (0.3ms)[0m  [1mSELECT "places".* FROM "places" WHERE "places"."id" = 1130 LIMIT 1[0m
  [1m[35m (1.0ms)[0m  SELECT COUNT(*) FROM "route_indices" WHERE (url = 'xrv-229xrv-228xrv-227xrv-226xrv-225xrv-223xrv-237xrv-235xrv-234xrv-233xrv-231xrv-219xrv22xrv272xrv239')
  [1m[36mPlaceType Load (0.2ms)[0m  [1mselect * from place_types where name='Junction'[0m
  [1m[35mSQL (0.4ms)[0m  INSERT INTO "route_indices" ("created_at", "endplace_id", "isDest", "startplace_id", "updated_at", "url") VALUES ($1, $2, $3, $4, $5, $6) RETURNING "id"  [["created_at", Mon, 27 Oct 2014 10:08:13 NZDT +13:00], ["endplace_id", 1130], ["isDest", false], ["startplace_id", 419], ["updated_at", Mon, 27 Oct 2014 10:08:13 NZDT +13:00], ["url", "xrv-229xrv-228xrv-227xrv-226xrv-225xrv-223xrv-237xrv-235xrv-234xrv-233xrv-231xrv-219xrv22xrv272xrv239"]]
  [1m[36mPlace Load (0.3ms)[0m  [1mSELECT "places".* FROM "places" WHERE "places"."id" = 974 LIMIT 1[0m
  [1m[35mPlaceType Load (0.2ms)[0m  select name, "isDest" from place_types
  [1m[36mRoute Load (0.3ms)[0m  [1mSELECT "routes".* FROM "routes" WHERE "routes"."id" = 240 LIMIT 1[0m
  [1m[35mRoute Load (0.3ms)[0m  SELECT "routes".* FROM "routes" WHERE "routes"."id" = 227 LIMIT 1
  [1m[36mPlace Load (0.2ms)[0m  [1mSELECT "places".* FROM "places" WHERE "places"."id" = $1 LIMIT 1[0m  [["id", 1126]]
  [1m[35mPlace Load (0.2ms)[0m  SELECT "places".* FROM "places" WHERE "places"."id" = $1 LIMIT 1  [["id", 769]]
  [1m[36mRoute Load (0.3ms)[0m  [1mSELECT "routes".* FROM "routes" WHERE "routes"."id" = 226 LIMIT 1[0m
  [1m[35mCACHE (0.0ms)[0m  SELECT "places".* FROM "places" WHERE "places"."id" = $1 LIMIT 1  [["id", 769]]
  [1m[36mPlace Load (0.2ms)[0m  [1mSELECT "places".* FROM "places" WHERE "places"."id" = $1 LIMIT 1[0m  [["id", 1125]]
  [1m[35mRoute Load (0.3ms)[0m  SELECT "routes".* FROM "routes" WHERE "routes"."id" = 225 LIMIT 1
  [1m[36mCACHE (0.0ms)[0m  [1mSELECT "places".* FROM "places" WHERE "places"."id" = $1 LIMIT 1[0m  [["id", 1125]]
  [1m[35mPlace Load (0.2ms)[0m  SELECT "places".* FROM "places" WHERE "places"."id" = $1 LIMIT 1  [["id", 1123]]
  [1m[36mRoute Load (0.3ms)[0m  [1mSELECT "routes".* FROM "routes" WHERE "routes"."id" = 223 LIMIT 1[0m
  [1m[35mCACHE (0.0ms)[0m  SELECT "places".* FROM "places" WHERE "places"."id" = $1 LIMIT 1  [["id", 1123]]
  [1m[36mPlace Load (0.2ms)[0m  [1mSELECT "places".* FROM "places" WHERE "places"."id" = $1 LIMIT 1[0m  [["id", 1124]]
  [1m[35mRoute Load (0.3ms)[0m  SELECT "routes".* FROM "routes" WHERE "routes"."id" = 237 LIMIT 1
  [1m[36mCACHE (0.0ms)[0m  [1mSELECT "places".* FROM "places" WHERE "places"."id" = $1 LIMIT 1[0m  [["id", 1124]]
  [1m[35mPlace Load (0.2ms)[0m  SELECT "places".* FROM "places" WHERE "places"."id" = $1 LIMIT 1  [["id", 1129]]
  [1m[36mRoute Load (0.3ms)[0m  [1mSELECT "routes".* FROM "routes" WHERE "routes"."id" = 235 LIMIT 1[0m
  [1m[35mCACHE (0.0ms)[0m  SELECT "places".* FROM "places" WHERE "places"."id" = $1 LIMIT 1  [["id", 1129]]
  [1m[36mPlace Load (0.2ms)[0m  [1mSELECT "places".* FROM "places" WHERE "places"."id" = $1 LIMIT 1[0m  [["id", 207]]
  [1m[35mRoute Load (0.3ms)[0m  SELECT "routes".* FROM "routes" WHERE "routes"."id" = 234 LIMIT 1
  [1m[36mCACHE (0.0ms)[0m  [1mSELECT "places".* FROM "places" WHERE "places"."id" = $1 LIMIT 1[0m  [["id", 207]]
  [1m[35mPlace Load (0.2ms)[0m  SELECT "places".* FROM "places" WHERE "places"."id" = $1 LIMIT 1  [["id", 650]]
  [1m[36mRoute Load (0.3ms)[0m  [1mSELECT "routes".* FROM "routes" WHERE "routes"."id" = 233 LIMIT 1[0m
  [1m[35mCACHE (0.0ms)[0m  SELECT "places".* FROM "places" WHERE "places"."id" = $1 LIMIT 1  [["id", 650]]
  [1m[36mPlace Load (0.2ms)[0m  [1mSELECT "places".* FROM "places" WHERE "places"."id" = $1 LIMIT 1[0m  [["id", 45]]
  [1m[35mRoute Load (0.3ms)[0m  SELECT "routes".* FROM "routes" WHERE "routes"."id" = 231 LIMIT 1
  [1m[36mCACHE (0.0ms)[0m  [1mSELECT "places".* FROM "places" WHERE "places"."id" = $1 LIMIT 1[0m  [["id", 45]]
  [1m[35mPlace Load (0.2ms)[0m  SELECT "places".* FROM "places" WHERE "places"."id" = $1 LIMIT 1  [["id", 976]]
  [1m[36mRoute Load (0.3ms)[0m  [1mSELECT "routes".* FROM "routes" WHERE "routes"."id" = 219 LIMIT 1[0m
  [1m[35mCACHE (0.0ms)[0m  SELECT "places".* FROM "places" WHERE "places"."id" = $1 LIMIT 1  [["id", 976]]
  [1m[36mPlace Load (0.2ms)[0m  [1mSELECT "places".* FROM "places" WHERE "places"."id" = $1 LIMIT 1[0m  [["id", 1119]]
  [1m[35mRoute Load (0.3ms)[0m  SELECT "routes".* FROM "routes" WHERE "routes"."id" = 22 LIMIT 1
  [1m[36mRoute Load (0.3ms)[0m  [1mSELECT "routes".* FROM "routes" WHERE "routes"."id" = 272 LIMIT 1[0m
  [1m[35mCACHE (0.0ms)[0m  SELECT "places".* FROM "places" WHERE "places"."id" = 974 LIMIT 1
  [1m[36mCACHE (0.0ms)[0m  [1mSELECT "places".* FROM "places" WHERE "places"."id" = 974 LIMIT 1[0m
  [1m[35mRoute Load (0.3ms)[0m  select * from routes where startplace_id = 974
  [1m[36mRoute Load (0.3ms)[0m  [1mselect * from routes where endplace_id = 974[0m
  [1m[35mPlace Load (0.2ms)[0m  SELECT "places".* FROM "places" WHERE "places"."id" = $1 LIMIT 1  [["id", 974]]
  [1m[36mPlace Load (0.2ms)[0m  [1mSELECT "places".* FROM "places" WHERE "places"."id" = $1 LIMIT 1[0m  [["id", 471]]
  [1m[35mPlace Load (0.2ms)[0m  SELECT "places".* FROM "places" WHERE "places"."id" = $1 LIMIT 1  [["id", 1130]]
  [1m[36mCACHE (0.0ms)[0m  [1mSELECT "places".* FROM "places" WHERE "places"."id" = $1 LIMIT 1[0m  [["id", 1124]]
  [1m[35mPlace Load (0.3ms)[0m  SELECT "places".* FROM "places" WHERE "places"."id" = 1130 LIMIT 1
  [1m[36mRoute Load (0.3ms)[0m  [1mselect * from routes where startplace_id = 1130[0m
  [1m[35mRoute Load (0.3ms)[0m  select * from routes where endplace_id = 1130
  [1m[36mCACHE (0.0ms)[0m  [1mSELECT "places".* FROM "places" WHERE "places"."id" = $1 LIMIT 1[0m  [["id", 1130]]
  [1m[35mCACHE (0.0ms)[0m  SELECT "places".* FROM "places" WHERE "places"."id" = $1 LIMIT 1  [["id", 974]]
  [1m[36mCACHE (0.0ms)[0m  [1mSELECT "places".* FROM "places" WHERE "places"."id" = $1 LIMIT 1[0m  [["id", 1126]]
BNewroutes
974
{:place=>974, :route=>[272, 22, -219, -231, -233, -234, -235, -237, -223, -225, -226, -227, 240], :url=>"xrv239xrv240xrv-227xrv-226xrv-225xrv-223xrv-237xrv-235xrv-234xrv-233xrv-231xrv-219xrv22xrv272"}
{:place=>1130, :route=>[239, 272, 22, -219, -231, -233, -234, -235, -237, -223, -225, -226, -227, 240], :url=>"xrv239xrv240xrv-227xrv-226xrv-225xrv-223xrv-237xrv-235xrv-234xrv-233xrv-231xrv-219xrv22xrv272xrv239"}
  [1m[35mCACHE (0.0ms)[0m  SELECT "places".* FROM "places" WHERE "places"."id" = 974 LIMIT 1
  [1m[36m (1.2ms)[0m  [1mSELECT COUNT(*) FROM "route_indices" WHERE (url = 'xrv239xrv240xrv-227xrv-226xrv-225xrv-223xrv-237xrv-235xrv-234xrv-233xrv-231xrv-219xrv22xrv272')[0m
  [1m[35mCACHE (0.0ms)[0m  SELECT "places".* FROM "places" WHERE "places"."id" = 1130 LIMIT 1
  [1m[36m (1.1ms)[0m  [1mSELECT COUNT(*) FROM "route_indices" WHERE (url = 'xrv239xrv240xrv-227xrv-226xrv-225xrv-223xrv-237xrv-235xrv-234xrv-233xrv-231xrv-219xrv22xrv272xrv239')[0m
  [1m[35mPlaceType Load (0.2ms)[0m  select * from place_types where name='Junction'
  [1m[36mSQL (0.4ms)[0m  [1mINSERT INTO "route_indices" ("created_at", "endplace_id", "isDest", "startplace_id", "updated_at", "url") VALUES ($1, $2, $3, $4, $5, $6) RETURNING "id"[0m  [["created_at", Mon, 27 Oct 2014 10:08:13 NZDT +13:00], ["endplace_id", 1130], ["isDest", false], ["startplace_id", 974], ["updated_at", Mon, 27 Oct 2014 10:08:13 NZDT +13:00], ["url", "xrv239xrv240xrv-227xrv-226xrv-225xrv-223xrv-237xrv-235xrv-234xrv-233xrv-231xrv-219xrv22xrv272xrv239"]]
  [1m[35mPlace Load (0.3ms)[0m  SELECT "places".* FROM "places" WHERE "places"."id" = 1128 LIMIT 1
  [1m[36mPlaceType Load (0.2ms)[0m  [1mselect name, "isDest" from place_types[0m
  [1m[35mRoute Load (0.3ms)[0m  SELECT "routes".* FROM "routes" WHERE "routes"."id" = 229 LIMIT 1
  [1m[36mPlace Load (0.2ms)[0m  [1mSELECT "places".* FROM "places" WHERE "places"."id" = $1 LIMIT 1[0m  [["id", 419]]
  [1m[35mPlace Load (0.2ms)[0m  SELECT "places".* FROM "places" WHERE "places"."id" = $1 LIMIT 1  [["id", 1127]]
  [1m[36mRoute Load (0.3ms)[0m  [1mSELECT "routes".* FROM "routes" WHERE "routes"."id" = 228 LIMIT 1[0m
  [1m[35mCACHE (0.0ms)[0m  SELECT "places".* FROM "places" WHERE "places"."id" = $1 LIMIT 1  [["id", 1127]]
  [1m[36mPlace Load (0.2ms)[0m  [1mSELECT "places".* FROM "places" WHERE "places"."id" = $1 LIMIT 1[0m  [["id", 1126]]
  [1m[35mRoute Load (0.3ms)[0m  SELECT "routes".* FROM "routes" WHERE "routes"."id" = 240 LIMIT 1
  [1m[36mCACHE (0.0ms)[0m  [1mSELECT "places".* FROM "places" WHERE "places"."id" = $1 LIMIT 1[0m  [["id", 1126]]
  [1m[35mPlace Load (0.2ms)[0m  SELECT "places".* FROM "places" WHERE "places"."id" = $1 LIMIT 1  [["id", 1130]]
  [1m[36mRoute Load (0.4ms)[0m  [1mSELECT "routes".* FROM "routes" WHERE "routes"."id" = 239 LIMIT 1[0m
  [1m[35mCACHE (0.0ms)[0m  SELECT "places".* FROM "places" WHERE "places"."id" = $1 LIMIT 1  [["id", 1130]]
  [1m[36mPlace Load (0.2ms)[0m  [1mSELECT "places".* FROM "places" WHERE "places"."id" = $1 LIMIT 1[0m  [["id", 974]]
  [1m[35mRoute Load (0.3ms)[0m  SELECT "routes".* FROM "routes" WHERE "routes"."id" = 224 LIMIT 1
  [1m[36mRoute Load (0.3ms)[0m  [1mSELECT "routes".* FROM "routes" WHERE "routes"."id" = 237 LIMIT 1[0m
  [1m[35mPlace Load (0.2ms)[0m  SELECT "places".* FROM "places" WHERE "places"."id" = $1 LIMIT 1  [["id", 1124]]
  [1m[36mPlace Load (0.2ms)[0m  [1mSELECT "places".* FROM "places" WHERE "places"."id" = $1 LIMIT 1[0m  [["id", 1129]]
  [1m[35mRoute Load (0.3ms)[0m  SELECT "routes".* FROM "routes" WHERE "routes"."id" = 235 LIMIT 1
  [1m[36mCACHE (0.0ms)[0m  [1mSELECT "places".* FROM "places" WHERE "places"."id" = $1 LIMIT 1[0m  [["id", 1129]]
  [1m[35mPlace Load (0.2ms)[0m  SELECT "places".* FROM "places" WHERE "places"."id" = $1 LIMIT 1  [["id", 207]]
  [1m[36mRoute Load (0.3ms)[0m  [1mSELECT "routes".* FROM "routes" WHERE "routes"."id" = 234 LIMIT 1[0m
  [1m[35mCACHE (0.0ms)[0m  SELECT "places".* FROM "places" WHERE "places"."id" = $1 LIMIT 1  [["id", 207]]
  [1m[36mPlace Load (0.2ms)[0m  [1mSELECT "places".* FROM "places" WHERE "places"."id" = $1 LIMIT 1[0m  [["id", 650]]
  [1m[35mRoute Load (0.3ms)[0m  SELECT "routes".* FROM "routes" WHERE "routes"."id" = 233 LIMIT 1
  [1m[36mCACHE (0.0ms)[0m  [1mSELECT "places".* FROM "places" WHERE "places"."id" = $1 LIMIT 1[0m  [["id", 650]]
  [1m[35mPlace Load (0.2ms)[0m  SELECT "places".* FROM "places" WHERE "places"."id" = $1 LIMIT 1  [["id", 45]]
  [1m[36mRoute Load (0.3ms)[0m  [1mSELECT "routes".* FROM "routes" WHERE "routes"."id" = 231 LIMIT 1[0m
  [1m[35mCACHE (0.0ms)[0m  SELECT "places".* FROM "places" WHERE "places"."id" = $1 LIMIT 1  [["id", 45]]
  [1m[36mPlace Load (0.2ms)[0m  [1mSELECT "places".* FROM "places" WHERE "places"."id" = $1 LIMIT 1[0m  [["id", 976]]
  [1m[35mRoute Load (0.3ms)[0m  SELECT "routes".* FROM "routes" WHERE "routes"."id" = 219 LIMIT 1
  [1m[36mCACHE (0.0ms)[0m  [1mSELECT "places".* FROM "places" WHERE "places"."id" = $1 LIMIT 1[0m  [["id", 976]]
  [1m[35mPlace Load (0.2ms)[0m  SELECT "places".* FROM "places" WHERE "places"."id" = $1 LIMIT 1  [["id", 1119]]
  [1m[36mRoute Load (0.3ms)[0m  [1mSELECT "routes".* FROM "routes" WHERE "routes"."id" = 22 LIMIT 1[0m
  [1m[35mRoute Load (0.3ms)[0m  SELECT "routes".* FROM "routes" WHERE "routes"."id" = 272 LIMIT 1
  [1m[36mPlace Load (0.3ms)[0m  [1mSELECT "places".* FROM "places" WHERE "places"."id" = 974 LIMIT 1[0m
  [1m[35mCACHE (0.0ms)[0m  SELECT "places".* FROM "places" WHERE "places"."id" = 974 LIMIT 1
  [1m[36mRoute Load (0.3ms)[0m  [1mselect * from routes where startplace_id = 974[0m
  [1m[35mRoute Load (0.3ms)[0m  select * from routes where endplace_id = 974
  [1m[36mCACHE (0.0ms)[0m  [1mSELECT "places".* FROM "places" WHERE "places"."id" = $1 LIMIT 1[0m  [["id", 974]]
  [1m[35mPlace Load (0.2ms)[0m  SELECT "places".* FROM "places" WHERE "places"."id" = $1 LIMIT 1  [["id", 471]]
  [1m[36mCACHE (0.0ms)[0m  [1mSELECT "places".* FROM "places" WHERE "places"."id" = $1 LIMIT 1[0m  [["id", 1130]]
  [1m[35mCACHE (0.0ms)[0m  SELECT "places".* FROM "places" WHERE "places"."id" = $1 LIMIT 1  [["id", 1124]]
BNewroutes
1128
{:place=>974, :route=>[272, 22, -219, -231, -233, -234, -235, -237, 224, -239, -240, -228, -229], :url=>"xrv-230xrv-229xrv-228xrv-240xrv-239xrv224xrv-237xrv-235xrv-234xrv-233xrv-231xrv-219xrv22xrv272"}
  [1m[36mCACHE (0.1ms)[0m  [1mSELECT "places".* FROM "places" WHERE "places"."id" = 974 LIMIT 1[0m
  [1m[35m (1.2ms)[0m  SELECT COUNT(*) FROM "route_indices" WHERE (url = 'xrv-230xrv-229xrv-228xrv-240xrv-239xrv224xrv-237xrv-235xrv-234xrv-233xrv-231xrv-219xrv22xrv272')
  [1m[36mPlaceType Load (0.2ms)[0m  [1mselect * from place_types where name='Roadend'[0m
  [1m[35mSQL (0.4ms)[0m  INSERT INTO "route_indices" ("created_at", "endplace_id", "isDest", "startplace_id", "updated_at", "url") VALUES ($1, $2, $3, $4, $5, $6) RETURNING "id"  [["created_at", Mon, 27 Oct 2014 10:08:13 NZDT +13:00], ["endplace_id", 974], ["isDest", true], ["startplace_id", 1128], ["updated_at", Mon, 27 Oct 2014 10:08:13 NZDT +13:00], ["url", "xrv-230xrv-229xrv-228xrv-240xrv-239xrv224xrv-237xrv-235xrv-234xrv-233xrv-231xrv-219xrv22xrv272"]]
  [1m[36mPlace Load (0.3ms)[0m  [1mSELECT "places".* FROM "places" WHERE "places"."id" = 419 LIMIT 1[0m
  [1m[35mPlaceType Load (0.2ms)[0m  select name, "isDest" from place_types
  [1m[36mRoute Load (0.3ms)[0m  [1mSELECT "routes".* FROM "routes" WHERE "routes"."id" = 228 LIMIT 1[0m
  [1m[35mPlace Load (0.2ms)[0m  SELECT "places".* FROM "places" WHERE "places"."id" = $1 LIMIT 1  [["id", 1127]]
  [1m[36mPlace Load (0.2ms)[0m  [1mSELECT "places".* FROM "places" WHERE "places"."id" = $1 LIMIT 1[0m  [["id", 1126]]
  [1m[35mRoute Load (0.3ms)[0m  SELECT "routes".* FROM "routes" WHERE "routes"."id" = 227 LIMIT 1
  [1m[36mCACHE (0.0ms)[0m  [1mSELECT "places".* FROM "places" WHERE "places"."id" = $1 LIMIT 1[0m  [["id", 1126]]
  [1m[35mPlace Load (0.2ms)[0m  SELECT "places".* FROM "places" WHERE "places"."id" = $1 LIMIT 1  [["id", 769]]
  [1m[36mRoute Load (0.3ms)[0m  [1mSELECT "routes".* FROM "routes" WHERE "routes"."id" = 226 LIMIT 1[0m
  [1m[35mCACHE (0.0ms)[0m  SELECT "places".* FROM "places" WHERE "places"."id" = $1 LIMIT 1  [["id", 769]]
  [1m[36mPlace Load (0.2ms)[0m  [1mSELECT "places".* FROM "places" WHERE "places"."id" = $1 LIMIT 1[0m  [["id", 1125]]
  [1m[35mRoute Load (0.3ms)[0m  SELECT "routes".* FROM "routes" WHERE "routes"."id" = 225 LIMIT 1
  [1m[36mCACHE (0.0ms)[0m  [1mSELECT "places".* FROM "places" WHERE "places"."id" = $1 LIMIT 1[0m  [["id", 1125]]
  [1m[35mPlace Load (0.2ms)[0m  SELECT "places".* FROM "places" WHERE "places"."id" = $1 LIMIT 1  [["id", 1123]]
  [1m[36mRoute Load (0.3ms)[0m  [1mSELECT "routes".* FROM "routes" WHERE "routes"."id" = 222 LIMIT 1[0m
  [1m[35mRoute Load (0.3ms)[0m  SELECT "routes".* FROM "routes" WHERE "routes"."id" = 238 LIMIT 1
  [1m[36mPlace Load (0.2ms)[0m  [1mSELECT "places".* FROM "places" WHERE "places"."id" = $1 LIMIT 1[0m  [["id", 975]]
  [1m[35mPlace Load (0.2ms)[0m  SELECT "places".* FROM "places" WHERE "places"."id" = $1 LIMIT 1  [["id", 1129]]
  [1m[36mRoute Load (0.3ms)[0m  [1mSELECT "routes".* FROM "routes" WHERE "routes"."id" = 235 LIMIT 1[0m
  [1m[35mCACHE (0.0ms)[0m  SELECT "places".* FROM "places" WHERE "places"."id" = $1 LIMIT 1  [["id", 1129]]
  [1m[36mPlace Load (0.2ms)[0m  [1mSELECT "places".* FROM "places" WHERE "places"."id" = $1 LIMIT 1[0m  [["id", 207]]
  [1m[35mRoute Load (0.3ms)[0m  SELECT "routes".* FROM "routes" WHERE "routes"."id" = 234 LIMIT 1
  [1m[36mCACHE (0.0ms)[0m  [1mSELECT "places".* FROM "places" WHERE "places"."id" = $1 LIMIT 1[0m  [["id", 207]]
  [1m[35mPlace Load (0.2ms)[0m  SELECT "places".* FROM "places" WHERE "places"."id" = $1 LIMIT 1  [["id", 650]]
  [1m[36mRoute Load (0.4ms)[0m  [1mSELECT "routes".* FROM "routes" WHERE "routes"."id" = 233 LIMIT 1[0m
  [1m[35mCACHE (0.0ms)[0m  SELECT "places".* FROM "places" WHERE "places"."id" = $1 LIMIT 1  [["id", 650]]
  [1m[36mPlace Load (0.2ms)[0m  [1mSELECT "places".* FROM "places" WHERE "places"."id" = $1 LIMIT 1[0m  [["id", 45]]
  [1m[35mRoute Load (0.3ms)[0m  SELECT "routes".* FROM "routes" WHERE "routes"."id" = 231 LIMIT 1
  [1m[36mCACHE (0.0ms)[0m  [1mSELECT "places".* FROM "places" WHERE "places"."id" = $1 LIMIT 1[0m  [["id", 45]]
  [1m[35mPlace Load (0.2ms)[0m  SELECT "places".* FROM "places" WHERE "places"."id" = $1 LIMIT 1  [["id", 976]]
  [1m[36mRoute Load (0.3ms)[0m  [1mSELECT "routes".* FROM "routes" WHERE "routes"."id" = 219 LIMIT 1[0m
  [1m[35mCACHE (0.0ms)[0m  SELECT "places".* FROM "places" WHERE "places"."id" = $1 LIMIT 1  [["id", 976]]
  [1m[36mPlace Load (0.2ms)[0m  [1mSELECT "places".* FROM "places" WHERE "places"."id" = $1 LIMIT 1[0m  [["id", 1119]]
  [1m[35mRoute Load (0.3ms)[0m  SELECT "routes".* FROM "routes" WHERE "routes"."id" = 22 LIMIT 1
  [1m[36mRoute Load (0.3ms)[0m  [1mSELECT "routes".* FROM "routes" WHERE "routes"."id" = 272 LIMIT 1[0m
  [1m[35mPlace Load (0.3ms)[0m  SELECT "places".* FROM "places" WHERE "places"."id" = 974 LIMIT 1
  [1m[36mCACHE (0.0ms)[0m  [1mSELECT "places".* FROM "places" WHERE "places"."id" = 974 LIMIT 1[0m
  [1m[35mRoute Load (0.3ms)[0m  select * from routes where startplace_id = 974
  [1m[36mRoute Load (0.3ms)[0m  [1mselect * from routes where endplace_id = 974[0m
  [1m[35mPlace Load (0.2ms)[0m  SELECT "places".* FROM "places" WHERE "places"."id" = $1 LIMIT 1  [["id", 974]]
  [1m[36mPlace Load (0.2ms)[0m  [1mSELECT "places".* FROM "places" WHERE "places"."id" = $1 LIMIT 1[0m  [["id", 471]]
  [1m[35mPlace Load (0.2ms)[0m  SELECT "places".* FROM "places" WHERE "places"."id" = $1 LIMIT 1  [["id", 1130]]
  [1m[36mPlace Load (0.2ms)[0m  [1mSELECT "places".* FROM "places" WHERE "places"."id" = $1 LIMIT 1[0m  [["id", 1124]]
  [1m[35mPlace Load (0.2ms)[0m  SELECT "places".* FROM "places" WHERE "places"."id" = 1130 LIMIT 1
  [1m[36mRoute Load (0.3ms)[0m  [1mselect * from routes where startplace_id = 1130[0m
  [1m[35mRoute Load (0.3ms)[0m  select * from routes where endplace_id = 1130
  [1m[36mCACHE (0.0ms)[0m  [1mSELECT "places".* FROM "places" WHERE "places"."id" = $1 LIMIT 1[0m  [["id", 1130]]
  [1m[35mCACHE (0.0ms)[0m  SELECT "places".* FROM "places" WHERE "places"."id" = $1 LIMIT 1  [["id", 974]]
  [1m[36mCACHE (0.0ms)[0m  [1mSELECT "places".* FROM "places" WHERE "places"."id" = $1 LIMIT 1[0m  [["id", 1126]]
  [1m[35mPlace Load (0.3ms)[0m  SELECT "places".* FROM "places" WHERE "places"."id" = 1124 LIMIT 1
  [1m[36mRoute Load (0.3ms)[0m  [1mselect * from routes where startplace_id = 1124[0m
  [1m[35mRoute Load (0.3ms)[0m  select * from routes where endplace_id = 1124
  [1m[36mCACHE (0.0ms)[0m  [1mSELECT "places".* FROM "places" WHERE "places"."id" = $1 LIMIT 1[0m  [["id", 1124]]
  [1m[35mCACHE (0.0ms)[0m  SELECT "places".* FROM "places" WHERE "places"."id" = $1 LIMIT 1  [["id", 1129]]
  [1m[36mCACHE (0.0ms)[0m  [1mSELECT "places".* FROM "places" WHERE "places"."id" = $1 LIMIT 1[0m  [["id", 1124]]
  [1m[35mCACHE (0.0ms)[0m  SELECT "places".* FROM "places" WHERE "places"."id" = $1 LIMIT 1  [["id", 974]]
  [1m[36mCACHE (0.0ms)[0m  [1mSELECT "places".* FROM "places" WHERE "places"."id" = $1 LIMIT 1[0m  [["id", 1123]]
BNewroutes
419
{:place=>974, :route=>[272, 22, -219, -231, -233, -234, -235, -238, 222, -225, -226, -227, -228], :url=>"xrv-229xrv-228xrv-227xrv-226xrv-225xrv222xrv-238xrv-235xrv-234xrv-233xrv-231xrv-219xrv22xrv272"}
{:place=>1130, :route=>[239, 272, 22, -219, -231, -233, -234, -235, -238, 222, -225, -226, -227, -228], :url=>"xrv-229xrv-228xrv-227xrv-226xrv-225xrv222xrv-238xrv-235xrv-234xrv-233xrv-231xrv-219xrv22xrv272xrv239"}
{:place=>1124, :route=>[224, 272, 22, -219, -231, -233, -234, -235, -238, 222, -225, -226, -227, -228], :url=>"xrv-229xrv-228xrv-227xrv-226xrv-225xrv222xrv-238xrv-235xrv-234xrv-233xrv-231xrv-219xrv22xrv272xrv224"}
  [1m[35mCACHE (0.0ms)[0m  SELECT "places".* FROM "places" WHERE "places"."id" = 974 LIMIT 1
  [1m[36m (1.2ms)[0m  [1mSELECT COUNT(*) FROM "route_indices" WHERE (url = 'xrv-229xrv-228xrv-227xrv-226xrv-225xrv222xrv-238xrv-235xrv-234xrv-233xrv-231xrv-219xrv22xrv272')[0m
  [1m[35mPlaceType Load (0.2ms)[0m  select * from place_types where name='Roadend'
  [1m[36mSQL (0.5ms)[0m  [1mINSERT INTO "route_indices" ("created_at", "endplace_id", "isDest", "startplace_id", "updated_at", "url") VALUES ($1, $2, $3, $4, $5, $6) RETURNING "id"[0m  [["created_at", Mon, 27 Oct 2014 10:08:13 NZDT +13:00], ["endplace_id", 974], ["isDest", true], ["startplace_id", 419], ["updated_at", Mon, 27 Oct 2014 10:08:13 NZDT +13:00], ["url", "xrv-229xrv-228xrv-227xrv-226xrv-225xrv222xrv-238xrv-235xrv-234xrv-233xrv-231xrv-219xrv22xrv272"]]
  [1m[35mPlace Load (0.3ms)[0m  SELECT "places".* FROM "places" WHERE "places"."id" = 1130 LIMIT 1
  [1m[36m (1.0ms)[0m  [1mSELECT COUNT(*) FROM "route_indices" WHERE (url = 'xrv-229xrv-228xrv-227xrv-226xrv-225xrv222xrv-238xrv-235xrv-234xrv-233xrv-231xrv-219xrv22xrv272xrv239')[0m
  [1m[35mPlaceType Load (0.2ms)[0m  select * from place_types where name='Junction'
  [1m[36mSQL (0.3ms)[0m  [1mINSERT INTO "route_indices" ("created_at", "endplace_id", "isDest", "startplace_id", "updated_at", "url") VALUES ($1, $2, $3, $4, $5, $6) RETURNING "id"[0m  [["created_at", Mon, 27 Oct 2014 10:08:13 NZDT +13:00], ["endplace_id", 1130], ["isDest", false], ["startplace_id", 419], ["updated_at", Mon, 27 Oct 2014 10:08:13 NZDT +13:00], ["url", "xrv-229xrv-228xrv-227xrv-226xrv-225xrv222xrv-238xrv-235xrv-234xrv-233xrv-231xrv-219xrv22xrv272xrv239"]]
  [1m[35mPlace Load (0.2ms)[0m  SELECT "places".* FROM "places" WHERE "places"."id" = 1124 LIMIT 1
  [1m[36m (1.1ms)[0m  [1mSELECT COUNT(*) FROM "route_indices" WHERE (url = 'xrv-229xrv-228xrv-227xrv-226xrv-225xrv222xrv-238xrv-235xrv-234xrv-233xrv-231xrv-219xrv22xrv272xrv224')[0m
  [1m[35mPlaceType Load (0.2ms)[0m  select * from place_types where name='Junction'
  [1m[36mSQL (0.4ms)[0m  [1mINSERT INTO "route_indices" ("created_at", "endplace_id", "isDest", "startplace_id", "updated_at", "url") VALUES ($1, $2, $3, $4, $5, $6) RETURNING "id"[0m  [["created_at", Mon, 27 Oct 2014 10:08:13 NZDT +13:00], ["endplace_id", 1124], ["isDest", false], ["startplace_id", 419], ["updated_at", Mon, 27 Oct 2014 10:08:13 NZDT +13:00], ["url", "xrv-229xrv-228xrv-227xrv-226xrv-225xrv222xrv-238xrv-235xrv-234xrv-233xrv-231xrv-219xrv22xrv272xrv224"]]
  [1m[35mPlace Load (0.3ms)[0m  SELECT "places".* FROM "places" WHERE "places"."id" = 974 LIMIT 1
  [1m[36mPlaceType Load (0.2ms)[0m  [1mselect name, "isDest" from place_types[0m
  [1m[35mRoute Load (0.3ms)[0m  SELECT "routes".* FROM "routes" WHERE "routes"."id" = 240 LIMIT 1
  [1m[36mRoute Load (0.3ms)[0m  [1mSELECT "routes".* FROM "routes" WHERE "routes"."id" = 227 LIMIT 1[0m
  [1m[35mPlace Load (0.2ms)[0m  SELECT "places".* FROM "places" WHERE "places"."id" = $1 LIMIT 1  [["id", 1126]]
  [1m[36mPlace Load (0.2ms)[0m  [1mSELECT "places".* FROM "places" WHERE "places"."id" = $1 LIMIT 1[0m  [["id", 769]]
  [1m[35mRoute Load (0.3ms)[0m  SELECT "routes".* FROM "routes" WHERE "routes"."id" = 226 LIMIT 1
  [1m[36mCACHE (0.0ms)[0m  [1mSELECT "places".* FROM "places" WHERE "places"."id" = $1 LIMIT 1[0m  [["id", 769]]
  [1m[35mPlace Load (0.2ms)[0m  SELECT "places".* FROM "places" WHERE "places"."id" = $1 LIMIT 1  [["id", 1125]]
  [1m[36mRoute Load (0.3ms)[0m  [1mSELECT "routes".* FROM "routes" WHERE "routes"."id" = 225 LIMIT 1[0m
  [1m[35mCACHE (0.0ms)[0m  SELECT "places".* FROM "places" WHERE "places"."id" = $1 LIMIT 1  [["id", 1125]]
  [1m[36mPlace Load (0.2ms)[0m  [1mSELECT "places".* FROM "places" WHERE "places"."id" = $1 LIMIT 1[0m  [["id", 1123]]
  [1m[35mRoute Load (0.3ms)[0m  SELECT "routes".* FROM "routes" WHERE "routes"."id" = 222 LIMIT 1
  [1m[36mRoute Load (0.3ms)[0m  [1mSELECT "routes".* FROM "routes" WHERE "routes"."id" = 238 LIMIT 1[0m
  [1m[35mPlace Load (0.2ms)[0m  SELECT "places".* FROM "places" WHERE "places"."id" = $1 LIMIT 1  [["id", 975]]
  [1m[36mPlace Load (0.3ms)[0m  [1mSELECT "places".* FROM "places" WHERE "places"."id" = $1 LIMIT 1[0m  [["id", 1129]]
  [1m[35mRoute Load (0.3ms)[0m  SELECT "routes".* FROM "routes" WHERE "routes"."id" = 235 LIMIT 1
  [1m[36mCACHE (0.0ms)[0m  [1mSELECT "places".* FROM "places" WHERE "places"."id" = $1 LIMIT 1[0m  [["id", 1129]]
  [1m[35mPlace Load (0.2ms)[0m  SELECT "places".* FROM "places" WHERE "places"."id" = $1 LIMIT 1  [["id", 207]]
  [1m[36mRoute Load (0.3ms)[0m  [1mSELECT "routes".* FROM "routes" WHERE "routes"."id" = 234 LIMIT 1[0m
  [1m[35mCACHE (0.0ms)[0m  SELECT "places".* FROM "places" WHERE "places"."id" = $1 LIMIT 1  [["id", 207]]
  [1m[36mPlace Load (0.4ms)[0m  [1mSELECT "places".* FROM "places" WHERE "places"."id" = $1 LIMIT 1[0m  [["id", 650]]
  [1m[35mRoute Load (0.5ms)[0m  SELECT "routes".* FROM "routes" WHERE "routes"."id" = 233 LIMIT 1
  [1m[36mCACHE (0.0ms)[0m  [1mSELECT "places".* FROM "places" WHERE "places"."id" = $1 LIMIT 1[0m  [["id", 650]]
  [1m[35mPlace Load (0.2ms)[0m  SELECT "places".* FROM "places" WHERE "places"."id" = $1 LIMIT 1  [["id", 45]]
  [1m[36mRoute Load (0.3ms)[0m  [1mSELECT "routes".* FROM "routes" WHERE "routes"."id" = 231 LIMIT 1[0m
  [1m[35mCACHE (0.0ms)[0m  SELECT "places".* FROM "places" WHERE "places"."id" = $1 LIMIT 1  [["id", 45]]
  [1m[36mPlace Load (0.2ms)[0m  [1mSELECT "places".* FROM "places" WHERE "places"."id" = $1 LIMIT 1[0m  [["id", 976]]
  [1m[35mRoute Load (0.3ms)[0m  SELECT "routes".* FROM "routes" WHERE "routes"."id" = 219 LIMIT 1
  [1m[36mCACHE (0.0ms)[0m  [1mSELECT "places".* FROM "places" WHERE "places"."id" = $1 LIMIT 1[0m  [["id", 976]]
  [1m[35mPlace Load (0.2ms)[0m  SELECT "places".* FROM "places" WHERE "places"."id" = $1 LIMIT 1  [["id", 1119]]
  [1m[36mRoute Load (0.3ms)[0m  [1mSELECT "routes".* FROM "routes" WHERE "routes"."id" = 22 LIMIT 1[0m
  [1m[35mRoute Load (0.3ms)[0m  SELECT "routes".* FROM "routes" WHERE "routes"."id" = 272 LIMIT 1
  [1m[36mCACHE (0.0ms)[0m  [1mSELECT "places".* FROM "places" WHERE "places"."id" = 974 LIMIT 1[0m
  [1m[35mCACHE (0.0ms)[0m  SELECT "places".* FROM "places" WHERE "places"."id" = 974 LIMIT 1
  [1m[36mRoute Load (0.4ms)[0m  [1mselect * from routes where startplace_id = 974[0m
  [1m[35mRoute Load (0.3ms)[0m  select * from routes where endplace_id = 974
  [1m[36mPlace Load (0.3ms)[0m  [1mSELECT "places".* FROM "places" WHERE "places"."id" = $1 LIMIT 1[0m  [["id", 974]]
  [1m[35mPlace Load (0.2ms)[0m  SELECT "places".* FROM "places" WHERE "places"."id" = $1 LIMIT 1  [["id", 471]]
  [1m[36mPlace Load (0.2ms)[0m  [1mSELECT "places".* FROM "places" WHERE "places"."id" = $1 LIMIT 1[0m  [["id", 1130]]
  [1m[35mPlace Load (0.3ms)[0m  SELECT "places".* FROM "places" WHERE "places"."id" = $1 LIMIT 1  [["id", 1124]]
  [1m[36mPlace Load (0.3ms)[0m  [1mSELECT "places".* FROM "places" WHERE "places"."id" = 1130 LIMIT 1[0m
  [1m[35mRoute Load (0.3ms)[0m  select * from routes where startplace_id = 1130
  [1m[36mRoute Load (0.3ms)[0m  [1mselect * from routes where endplace_id = 1130[0m
  [1m[35mCACHE (0.0ms)[0m  SELECT "places".* FROM "places" WHERE "places"."id" = $1 LIMIT 1  [["id", 1130]]
  [1m[36mCACHE (0.0ms)[0m  [1mSELECT "places".* FROM "places" WHERE "places"."id" = $1 LIMIT 1[0m  [["id", 974]]
  [1m[35mCACHE (0.0ms)[0m  SELECT "places".* FROM "places" WHERE "places"."id" = $1 LIMIT 1  [["id", 1126]]
  [1m[36mPlace Load (0.3ms)[0m  [1mSELECT "places".* FROM "places" WHERE "places"."id" = 1124 LIMIT 1[0m
  [1m[35mRoute Load (0.3ms)[0m  select * from routes where startplace_id = 1124
  [1m[36mRoute Load (0.3ms)[0m  [1mselect * from routes where endplace_id = 1124[0m
  [1m[35mCACHE (0.0ms)[0m  SELECT "places".* FROM "places" WHERE "places"."id" = $1 LIMIT 1  [["id", 1124]]
  [1m[36mCACHE (0.0ms)[0m  [1mSELECT "places".* FROM "places" WHERE "places"."id" = $1 LIMIT 1[0m  [["id", 1129]]
  [1m[35mCACHE (0.0ms)[0m  SELECT "places".* FROM "places" WHERE "places"."id" = $1 LIMIT 1  [["id", 1124]]
  [1m[36mCACHE (0.0ms)[0m  [1mSELECT "places".* FROM "places" WHERE "places"."id" = $1 LIMIT 1[0m  [["id", 974]]
  [1m[35mCACHE (0.0ms)[0m  SELECT "places".* FROM "places" WHERE "places"."id" = $1 LIMIT 1  [["id", 1123]]
BNewroutes
974
{:place=>974, :route=>[272, 22, -219, -231, -233, -234, -235, -238, 222, -225, -226, -227, 240], :url=>"xrv239xrv240xrv-227xrv-226xrv-225xrv222xrv-238xrv-235xrv-234xrv-233xrv-231xrv-219xrv22xrv272"}
{:place=>1130, :route=>[239, 272, 22, -219, -231, -233, -234, -235, -238, 222, -225, -226, -227, 240], :url=>"xrv239xrv240xrv-227xrv-226xrv-225xrv222xrv-238xrv-235xrv-234xrv-233xrv-231xrv-219xrv22xrv272xrv239"}
{:place=>1124, :route=>[224, 272, 22, -219, -231, -233, -234, -235, -238, 222, -225, -226, -227, 240], :url=>"xrv239xrv240xrv-227xrv-226xrv-225xrv222xrv-238xrv-235xrv-234xrv-233xrv-231xrv-219xrv22xrv272xrv224"}
  [1m[36mCACHE (0.0ms)[0m  [1mSELECT "places".* FROM "places" WHERE "places"."id" = 974 LIMIT 1[0m
  [1m[35m (1.4ms)[0m  SELECT COUNT(*) FROM "route_indices" WHERE (url = 'xrv239xrv240xrv-227xrv-226xrv-225xrv222xrv-238xrv-235xrv-234xrv-233xrv-231xrv-219xrv22xrv272')
  [1m[36mCACHE (0.0ms)[0m  [1mSELECT "places".* FROM "places" WHERE "places"."id" = 1130 LIMIT 1[0m
  [1m[35m (1.1ms)[0m  SELECT COUNT(*) FROM "route_indices" WHERE (url = 'xrv239xrv240xrv-227xrv-226xrv-225xrv222xrv-238xrv-235xrv-234xrv-233xrv-231xrv-219xrv22xrv272xrv239')
  [1m[36mPlaceType Load (0.2ms)[0m  [1mselect * from place_types where name='Junction'[0m
  [1m[35mSQL (0.6ms)[0m  INSERT INTO "route_indices" ("created_at", "endplace_id", "isDest", "startplace_id", "updated_at", "url") VALUES ($1, $2, $3, $4, $5, $6) RETURNING "id"  [["created_at", Mon, 27 Oct 2014 10:08:13 NZDT +13:00], ["endplace_id", 1130], ["isDest", false], ["startplace_id", 974], ["updated_at", Mon, 27 Oct 2014 10:08:13 NZDT +13:00], ["url", "xrv239xrv240xrv-227xrv-226xrv-225xrv222xrv-238xrv-235xrv-234xrv-233xrv-231xrv-219xrv22xrv272xrv239"]]
  [1m[36mPlace Load (0.3ms)[0m  [1mSELECT "places".* FROM "places" WHERE "places"."id" = 1124 LIMIT 1[0m
  [1m[35m (1.2ms)[0m  SELECT COUNT(*) FROM "route_indices" WHERE (url = 'xrv239xrv240xrv-227xrv-226xrv-225xrv222xrv-238xrv-235xrv-234xrv-233xrv-231xrv-219xrv22xrv272xrv224')
  [1m[36mPlaceType Load (0.2ms)[0m  [1mselect * from place_types where name='Junction'[0m
  [1m[35mSQL (0.4ms)[0m  INSERT INTO "route_indices" ("created_at", "endplace_id", "isDest", "startplace_id", "updated_at", "url") VALUES ($1, $2, $3, $4, $5, $6) RETURNING "id"  [["created_at", Mon, 27 Oct 2014 10:08:13 NZDT +13:00], ["endplace_id", 1124], ["isDest", false], ["startplace_id", 974], ["updated_at", Mon, 27 Oct 2014 10:08:13 NZDT +13:00], ["url", "xrv239xrv240xrv-227xrv-226xrv-225xrv222xrv-238xrv-235xrv-234xrv-233xrv-231xrv-219xrv22xrv272xrv224"]]
  [1m[36mPlace Load (0.3ms)[0m  [1mSELECT "places".* FROM "places" WHERE "places"."id" = 769 LIMIT 1[0m
  [1m[35mPlaceType Load (0.2ms)[0m  select name, "isDest" from place_types
  [1m[36mRoute Load (0.4ms)[0m  [1mSELECT "routes".* FROM "routes" WHERE "routes"."id" = 240 LIMIT 1[0m
  [1m[35mPlace Load (0.2ms)[0m  SELECT "places".* FROM "places" WHERE "places"."id" = $1 LIMIT 1  [["id", 1126]]
  [1m[36mPlace Load (0.2ms)[0m  [1mSELECT "places".* FROM "places" WHERE "places"."id" = $1 LIMIT 1[0m  [["id", 1130]]
  [1m[35mRoute Load (0.3ms)[0m  SELECT "routes".* FROM "routes" WHERE "routes"."id" = 239 LIMIT 1
  [1m[36mCACHE (0.0ms)[0m  [1mSELECT "places".* FROM "places" WHERE "places"."id" = $1 LIMIT 1[0m  [["id", 1130]]
  [1m[35mPlace Load (0.2ms)[0m  SELECT "places".* FROM "places" WHERE "places"."id" = $1 LIMIT 1  [["id", 974]]
  [1m[36mRoute Load (0.3ms)[0m  [1mSELECT "routes".* FROM "routes" WHERE "routes"."id" = 224 LIMIT 1[0m
  [1m[35mRoute Load (0.3ms)[0m  SELECT "routes".* FROM "routes" WHERE "routes"."id" = 223 LIMIT 1
  [1m[36mRoute Load (0.3ms)[0m  [1mSELECT "routes".* FROM "routes" WHERE "routes"."id" = 222 LIMIT 1[0m
  [1m[35mRoute Load (0.3ms)[0m  SELECT "routes".* FROM "routes" WHERE "routes"."id" = 238 LIMIT 1
  [1m[36mPlace Load (0.2ms)[0m  [1mSELECT "places".* FROM "places" WHERE "places"."id" = $1 LIMIT 1[0m  [["id", 975]]
  [1m[35mPlace Load (0.2ms)[0m  SELECT "places".* FROM "places" WHERE "places"."id" = $1 LIMIT 1  [["id", 1129]]
  [1m[36mRoute Load (0.3ms)[0m  [1mSELECT "routes".* FROM "routes" WHERE "routes"."id" = 235 LIMIT 1[0m
  [1m[35mCACHE (0.0ms)[0m  SELECT "places".* FROM "places" WHERE "places"."id" = $1 LIMIT 1  [["id", 1129]]
  [1m[36mPlace Load (0.2ms)[0m  [1mSELECT "places".* FROM "places" WHERE "places"."id" = $1 LIMIT 1[0m  [["id", 207]]
  [1m[35mRoute Load (0.3ms)[0m  SELECT "routes".* FROM "routes" WHERE "routes"."id" = 234 LIMIT 1
  [1m[36mCACHE (0.0ms)[0m  [1mSELECT "places".* FROM "places" WHERE "places"."id" = $1 LIMIT 1[0m  [["id", 207]]
  [1m[35mPlace Load (0.2ms)[0m  SELECT "places".* FROM "places" WHERE "places"."id" = $1 LIMIT 1  [["id", 650]]
  [1m[36mRoute Load (0.3ms)[0m  [1mSELECT "routes".* FROM "routes" WHERE "routes"."id" = 233 LIMIT 1[0m
  [1m[35mCACHE (0.0ms)[0m  SELECT "places".* FROM "places" WHERE "places"."id" = $1 LIMIT 1  [["id", 650]]
  [1m[36mPlace Load (0.2ms)[0m  [1mSELECT "places".* FROM "places" WHERE "places"."id" = $1 LIMIT 1[0m  [["id", 45]]
  [1m[35mRoute Load (0.3ms)[0m  SELECT "routes".* FROM "routes" WHERE "routes"."id" = 231 LIMIT 1
  [1m[36mCACHE (0.0ms)[0m  [1mSELECT "places".* FROM "places" WHERE "places"."id" = $1 LIMIT 1[0m  [["id", 45]]
  [1m[35mPlace Load (0.2ms)[0m  SELECT "places".* FROM "places" WHERE "places"."id" = $1 LIMIT 1  [["id", 976]]
  [1m[36mRoute Load (0.3ms)[0m  [1mSELECT "routes".* FROM "routes" WHERE "routes"."id" = 219 LIMIT 1[0m
  [1m[35mCACHE (0.0ms)[0m  SELECT "places".* FROM "places" WHERE "places"."id" = $1 LIMIT 1  [["id", 976]]
  [1m[36mPlace Load (0.2ms)[0m  [1mSELECT "places".* FROM "places" WHERE "places"."id" = $1 LIMIT 1[0m  [["id", 1119]]
  [1m[35mRoute Load (0.3ms)[0m  SELECT "routes".* FROM "routes" WHERE "routes"."id" = 22 LIMIT 1
  [1m[36mRoute Load (0.3ms)[0m  [1mSELECT "routes".* FROM "routes" WHERE "routes"."id" = 272 LIMIT 1[0m
  [1m[35mPlace Load (0.3ms)[0m  SELECT "places".* FROM "places" WHERE "places"."id" = 974 LIMIT 1
  [1m[36mCACHE (0.0ms)[0m  [1mSELECT "places".* FROM "places" WHERE "places"."id" = 974 LIMIT 1[0m
  [1m[35mRoute Load (0.4ms)[0m  select * from routes where startplace_id = 974
  [1m[36mRoute Load (0.3ms)[0m  [1mselect * from routes where endplace_id = 974[0m
  [1m[35mCACHE (0.0ms)[0m  SELECT "places".* FROM "places" WHERE "places"."id" = $1 LIMIT 1  [["id", 974]]
  [1m[36mPlace Load (0.2ms)[0m  [1mSELECT "places".* FROM "places" WHERE "places"."id" = $1 LIMIT 1[0m  [["id", 471]]
  [1m[35mCACHE (0.0ms)[0m  SELECT "places".* FROM "places" WHERE "places"."id" = $1 LIMIT 1  [["id", 1130]]
  [1m[36mPlace Load (0.2ms)[0m  [1mSELECT "places".* FROM "places" WHERE "places"."id" = $1 LIMIT 1[0m  [["id", 1124]]
BNewroutes
769
{:place=>974, :route=>[272, 22, -219, -231, -233, -234, -235, -238, 222, 223, 224, -239, -240], :url=>"xrv227xrv-240xrv-239xrv224xrv223xrv222xrv-238xrv-235xrv-234xrv-233xrv-231xrv-219xrv22xrv272"}
  [1m[35mCACHE (0.0ms)[0m  SELECT "places".* FROM "places" WHERE "places"."id" = 974 LIMIT 1
  [1m[36m (1.4ms)[0m  [1mSELECT COUNT(*) FROM "route_indices" WHERE (url = 'xrv227xrv-240xrv-239xrv224xrv223xrv222xrv-238xrv-235xrv-234xrv-233xrv-231xrv-219xrv22xrv272')[0m
  [1m[35mPlaceType Load (0.2ms)[0m  select * from place_types where name='Roadend'
  [1m[36mSQL (0.5ms)[0m  [1mINSERT INTO "route_indices" ("created_at", "endplace_id", "isDest", "startplace_id", "updated_at", "url") VALUES ($1, $2, $3, $4, $5, $6) RETURNING "id"[0m  [["created_at", Mon, 27 Oct 2014 10:08:13 NZDT +13:00], ["endplace_id", 974], ["isDest", true], ["startplace_id", 769], ["updated_at", Mon, 27 Oct 2014 10:08:13 NZDT +13:00], ["url", "xrv227xrv-240xrv-239xrv224xrv223xrv222xrv-238xrv-235xrv-234xrv-233xrv-231xrv-219xrv22xrv272"]]
  [1m[35mPlace Load (0.3ms)[0m  SELECT "places".* FROM "places" WHERE "places"."id" = 419 LIMIT 1
  [1m[36mPlaceType Load (0.2ms)[0m  [1mselect name, "isDest" from place_types[0m
  [1m[35mRoute Load (0.4ms)[0m  SELECT "routes".* FROM "routes" WHERE "routes"."id" = 228 LIMIT 1
  [1m[36mPlace Load (0.3ms)[0m  [1mSELECT "places".* FROM "places" WHERE "places"."id" = $1 LIMIT 1[0m  [["id", 1127]]
  [1m[35mPlace Load (0.2ms)[0m  SELECT "places".* FROM "places" WHERE "places"."id" = $1 LIMIT 1  [["id", 1126]]
  [1m[36mRoute Load (0.3ms)[0m  [1mSELECT "routes".* FROM "routes" WHERE "routes"."id" = 227 LIMIT 1[0m
  [1m[35mCACHE (0.0ms)[0m  SELECT "places".* FROM "places" WHERE "places"."id" = $1 LIMIT 1  [["id", 1126]]
  [1m[36mPlace Load (0.2ms)[0m  [1mSELECT "places".* FROM "places" WHERE "places"."id" = $1 LIMIT 1[0m  [["id", 769]]
  [1m[35mRoute Load (0.3ms)[0m  SELECT "routes".* FROM "routes" WHERE "routes"."id" = 226 LIMIT 1
  [1m[36mCACHE (0.0ms)[0m  [1mSELECT "places".* FROM "places" WHERE "places"."id" = $1 LIMIT 1[0m  [["id", 769]]
  [1m[35mPlace Load (0.2ms)[0m  SELECT "places".* FROM "places" WHERE "places"."id" = $1 LIMIT 1  [["id", 1125]]
  [1m[36mRoute Load (0.3ms)[0m  [1mSELECT "routes".* FROM "routes" WHERE "routes"."id" = 225 LIMIT 1[0m
  [1m[35mCACHE (0.0ms)[0m  SELECT "places".* FROM "places" WHERE "places"."id" = $1 LIMIT 1  [["id", 1125]]
  [1m[36mPlace Load (0.2ms)[0m  [1mSELECT "places".* FROM "places" WHERE "places"."id" = $1 LIMIT 1[0m  [["id", 1123]]
  [1m[35mRoute Load (0.3ms)[0m  SELECT "routes".* FROM "routes" WHERE "routes"."id" = 223 LIMIT 1
  [1m[36mCACHE (0.0ms)[0m  [1mSELECT "places".* FROM "places" WHERE "places"."id" = $1 LIMIT 1[0m  [["id", 1123]]
  [1m[35mPlace Load (0.2ms)[0m  SELECT "places".* FROM "places" WHERE "places"."id" = $1 LIMIT 1  [["id", 1124]]
  [1m[36mRoute Load (0.3ms)[0m  [1mSELECT "routes".* FROM "routes" WHERE "routes"."id" = 237 LIMIT 1[0m
  [1m[35mCACHE (0.0ms)[0m  SELECT "places".* FROM "places" WHERE "places"."id" = $1 LIMIT 1  [["id", 1124]]
  [1m[36mPlace Load (0.2ms)[0m  [1mSELECT "places".* FROM "places" WHERE "places"."id" = $1 LIMIT 1[0m  [["id", 1129]]
  [1m[35mRoute Load (0.3ms)[0m  SELECT "routes".* FROM "routes" WHERE "routes"."id" = 238 LIMIT 1
  [1m[36mRoute Load (0.3ms)[0m  [1mSELECT "routes".* FROM "routes" WHERE "routes"."id" = 221 LIMIT 1[0m
  [1m[35mRoute Load (0.3ms)[0m  SELECT "routes".* FROM "routes" WHERE "routes"."id" = 21 LIMIT 1
  [1m[36mRoute Load (0.3ms)[0m  [1mSELECT "routes".* FROM "routes" WHERE "routes"."id" = 220 LIMIT 1[0m
  [1m[35mRoute Load (0.3ms)[0m  SELECT "routes".* FROM "routes" WHERE "routes"."id" = 219 LIMIT 1
  [1m[36mPlace Load (0.2ms)[0m  [1mSELECT "places".* FROM "places" WHERE "places"."id" = $1 LIMIT 1[0m  [["id", 976]]
  [1m[35mPlace Load (0.2ms)[0m  SELECT "places".* FROM "places" WHERE "places"."id" = $1 LIMIT 1  [["id", 1119]]
  [1m[36mRoute Load (4.2ms)[0m  [1mSELECT "routes".* FROM "routes" WHERE "routes"."id" = 22 LIMIT 1[0m
  [1m[35mRoute Load (0.4ms)[0m  SELECT "routes".* FROM "routes" WHERE "routes"."id" = 272 LIMIT 1
  [1m[36mPlace Load (0.4ms)[0m  [1mSELECT "places".* FROM "places" WHERE "places"."id" = 974 LIMIT 1[0m
  [1m[35mCACHE (0.0ms)[0m  SELECT "places".* FROM "places" WHERE "places"."id" = 974 LIMIT 1
  [1m[36mRoute Load (0.4ms)[0m  [1mselect * from routes where startplace_id = 974[0m
  [1m[35mRoute Load (0.3ms)[0m  select * from routes where endplace_id = 974
  [1m[36mPlace Load (0.3ms)[0m  [1mSELECT "places".* FROM "places" WHERE "places"."id" = $1 LIMIT 1[0m  [["id", 974]]
  [1m[35mPlace Load (0.2ms)[0m  SELECT "places".* FROM "places" WHERE "places"."id" = $1 LIMIT 1  [["id", 471]]
  [1m[36mPlace Load (0.2ms)[0m  [1mSELECT "places".* FROM "places" WHERE "places"."id" = $1 LIMIT 1[0m  [["id", 1130]]
  [1m[35mCACHE (0.0ms)[0m  SELECT "places".* FROM "places" WHERE "places"."id" = $1 LIMIT 1  [["id", 1124]]
  [1m[36mPlace Load (0.3ms)[0m  [1mSELECT "places".* FROM "places" WHERE "places"."id" = 1130 LIMIT 1[0m
  [1m[35mRoute Load (0.3ms)[0m  select * from routes where startplace_id = 1130
  [1m[36mRoute Load (0.3ms)[0m  [1mselect * from routes where endplace_id = 1130[0m
  [1m[35mCACHE (0.0ms)[0m  SELECT "places".* FROM "places" WHERE "places"."id" = $1 LIMIT 1  [["id", 1130]]
  [1m[36mCACHE (0.0ms)[0m  [1mSELECT "places".* FROM "places" WHERE "places"."id" = $1 LIMIT 1[0m  [["id", 974]]
  [1m[35mCACHE (0.0ms)[0m  SELECT "places".* FROM "places" WHERE "places"."id" = $1 LIMIT 1  [["id", 1126]]
BNewroutes
419
{:place=>974, :route=>[272, 22, -219, 220, 21, 221, 238, -237, -223, -225, -226, -227, -228], :url=>"xrv-229xrv-228xrv-227xrv-226xrv-225xrv-223xrv-237xrv238xrv221xrv21xrv220xrv-219xrv22xrv272"}
{:place=>1130, :route=>[239, 272, 22, -219, 220, 21, 221, 238, -237, -223, -225, -226, -227, -228], :url=>"xrv-229xrv-228xrv-227xrv-226xrv-225xrv-223xrv-237xrv238xrv221xrv21xrv220xrv-219xrv22xrv272xrv239"}
  [1m[36mCACHE (0.0ms)[0m  [1mSELECT "places".* FROM "places" WHERE "places"."id" = 974 LIMIT 1[0m
  [1m[35m (1.5ms)[0m  SELECT COUNT(*) FROM "route_indices" WHERE (url = 'xrv-229xrv-228xrv-227xrv-226xrv-225xrv-223xrv-237xrv238xrv221xrv21xrv220xrv-219xrv22xrv272')
  [1m[36mPlaceType Load (0.3ms)[0m  [1mselect * from place_types where name='Roadend'[0m
  [1m[35mSQL (0.6ms)[0m  INSERT INTO "route_indices" ("created_at", "endplace_id", "isDest", "startplace_id", "updated_at", "url") VALUES ($1, $2, $3, $4, $5, $6) RETURNING "id"  [["created_at", Mon, 27 Oct 2014 10:08:13 NZDT +13:00], ["endplace_id", 974], ["isDest", true], ["startplace_id", 419], ["updated_at", Mon, 27 Oct 2014 10:08:13 NZDT +13:00], ["url", "xrv-229xrv-228xrv-227xrv-226xrv-225xrv-223xrv-237xrv238xrv221xrv21xrv220xrv-219xrv22xrv272"]]
  [1m[36mPlace Load (0.3ms)[0m  [1mSELECT "places".* FROM "places" WHERE "places"."id" = 1130 LIMIT 1[0m
  [1m[35m (1.2ms)[0m  SELECT COUNT(*) FROM "route_indices" WHERE (url = 'xrv-229xrv-228xrv-227xrv-226xrv-225xrv-223xrv-237xrv238xrv221xrv21xrv220xrv-219xrv22xrv272xrv239')
  [1m[36mPlaceType Load (0.2ms)[0m  [1mselect * from place_types where name='Junction'[0m
  [1m[35mSQL (0.4ms)[0m  INSERT INTO "route_indices" ("created_at", "endplace_id", "isDest", "startplace_id", "updated_at", "url") VALUES ($1, $2, $3, $4, $5, $6) RETURNING "id"  [["created_at", Mon, 27 Oct 2014 10:08:13 NZDT +13:00], ["endplace_id", 1130], ["isDest", false], ["startplace_id", 419], ["updated_at", Mon, 27 Oct 2014 10:08:13 NZDT +13:00], ["url", "xrv-229xrv-228xrv-227xrv-226xrv-225xrv-223xrv-237xrv238xrv221xrv21xrv220xrv-219xrv22xrv272xrv239"]]
  [1m[36mPlace Load (0.3ms)[0m  [1mSELECT "places".* FROM "places" WHERE "places"."id" = 974 LIMIT 1[0m
  [1m[35mPlaceType Load (0.2ms)[0m  select name, "isDest" from place_types
  [1m[36mRoute Load (0.3ms)[0m  [1mSELECT "routes".* FROM "routes" WHERE "routes"."id" = 240 LIMIT 1[0m
  [1m[35mRoute Load (0.3ms)[0m  SELECT "routes".* FROM "routes" WHERE "routes"."id" = 227 LIMIT 1
  [1m[36mPlace Load (0.2ms)[0m  [1mSELECT "places".* FROM "places" WHERE "places"."id" = $1 LIMIT 1[0m  [["id", 1126]]
  [1m[35mPlace Load (0.2ms)[0m  SELECT "places".* FROM "places" WHERE "places"."id" = $1 LIMIT 1  [["id", 769]]
  [1m[36mRoute Load (0.3ms)[0m  [1mSELECT "routes".* FROM "routes" WHERE "routes"."id" = 226 LIMIT 1[0m
  [1m[35mCACHE (0.0ms)[0m  SELECT "places".* FROM "places" WHERE "places"."id" = $1 LIMIT 1  [["id", 769]]
  [1m[36mPlace Load (0.2ms)[0m  [1mSELECT "places".* FROM "places" WHERE "places"."id" = $1 LIMIT 1[0m  [["id", 1125]]
  [1m[35mRoute Load (0.3ms)[0m  SELECT "routes".* FROM "routes" WHERE "routes"."id" = 225 LIMIT 1
  [1m[36mCACHE (0.0ms)[0m  [1mSELECT "places".* FROM "places" WHERE "places"."id" = $1 LIMIT 1[0m  [["id", 1125]]
  [1m[35mPlace Load (0.2ms)[0m  SELECT "places".* FROM "places" WHERE "places"."id" = $1 LIMIT 1  [["id", 1123]]
  [1m[36mRoute Load (0.3ms)[0m  [1mSELECT "routes".* FROM "routes" WHERE "routes"."id" = 223 LIMIT 1[0m
  [1m[35mCACHE (0.0ms)[0m  SELECT "places".* FROM "places" WHERE "places"."id" = $1 LIMIT 1  [["id", 1123]]
  [1m[36mPlace Load (0.2ms)[0m  [1mSELECT "places".* FROM "places" WHERE "places"."id" = $1 LIMIT 1[0m  [["id", 1124]]
  [1m[35mRoute Load (0.3ms)[0m  SELECT "routes".* FROM "routes" WHERE "routes"."id" = 237 LIMIT 1
  [1m[36mCACHE (0.0ms)[0m  [1mSELECT "places".* FROM "places" WHERE "places"."id" = $1 LIMIT 1[0m  [["id", 1124]]
  [1m[35mPlace Load (3.0ms)[0m  SELECT "places".* FROM "places" WHERE "places"."id" = $1 LIMIT 1  [["id", 1129]]
  [1m[36mRoute Load (0.4ms)[0m  [1mSELECT "routes".* FROM "routes" WHERE "routes"."id" = 238 LIMIT 1[0m
  [1m[35mRoute Load (0.3ms)[0m  SELECT "routes".* FROM "routes" WHERE "routes"."id" = 221 LIMIT 1
  [1m[36mRoute Load (0.3ms)[0m  [1mSELECT "routes".* FROM "routes" WHERE "routes"."id" = 21 LIMIT 1[0m
  [1m[35mRoute Load (1.1ms)[0m  SELECT "routes".* FROM "routes" WHERE "routes"."id" = 220 LIMIT 1
  [1m[36mRoute Load (0.3ms)[0m  [1mSELECT "routes".* FROM "routes" WHERE "routes"."id" = 219 LIMIT 1[0m
  [1m[35mPlace Load (2.0ms)[0m  SELECT "places".* FROM "places" WHERE "places"."id" = $1 LIMIT 1  [["id", 976]]
  [1m[36mPlace Load (3.4ms)[0m  [1mSELECT "places".* FROM "places" WHERE "places"."id" = $1 LIMIT 1[0m  [["id", 1119]]
  [1m[35mRoute Load (0.4ms)[0m  SELECT "routes".* FROM "routes" WHERE "routes"."id" = 22 LIMIT 1
  [1m[36mRoute Load (0.3ms)[0m  [1mSELECT "routes".* FROM "routes" WHERE "routes"."id" = 272 LIMIT 1[0m
  [1m[35mCACHE (0.0ms)[0m  SELECT "places".* FROM "places" WHERE "places"."id" = 974 LIMIT 1
  [1m[36mCACHE (0.0ms)[0m  [1mSELECT "places".* FROM "places" WHERE "places"."id" = 974 LIMIT 1[0m
  [1m[35mRoute Load (1.0ms)[0m  select * from routes where startplace_id = 974
  [1m[36mRoute Load (0.3ms)[0m  [1mselect * from routes where endplace_id = 974[0m
  [1m[35mPlace Load (0.6ms)[0m  SELECT "places".* FROM "places" WHERE "places"."id" = $1 LIMIT 1  [["id", 974]]
  [1m[36mPlace Load (0.2ms)[0m  [1mSELECT "places".* FROM "places" WHERE "places"."id" = $1 LIMIT 1[0m  [["id", 471]]
  [1m[35mPlace Load (0.2ms)[0m  SELECT "places".* FROM "places" WHERE "places"."id" = $1 LIMIT 1  [["id", 1130]]
  [1m[36mCACHE (0.0ms)[0m  [1mSELECT "places".* FROM "places" WHERE "places"."id" = $1 LIMIT 1[0m  [["id", 1124]]
  [1m[35mPlace Load (0.3ms)[0m  SELECT "places".* FROM "places" WHERE "places"."id" = 1130 LIMIT 1
  [1m[36mRoute Load (0.3ms)[0m  [1mselect * from routes where startplace_id = 1130[0m
  [1m[35mRoute Load (0.3ms)[0m  select * from routes where endplace_id = 1130
  [1m[36mCACHE (0.0ms)[0m  [1mSELECT "places".* FROM "places" WHERE "places"."id" = $1 LIMIT 1[0m  [["id", 1130]]
  [1m[35mCACHE (0.0ms)[0m  SELECT "places".* FROM "places" WHERE "places"."id" = $1 LIMIT 1  [["id", 974]]
  [1m[36mCACHE (0.0ms)[0m  [1mSELECT "places".* FROM "places" WHERE "places"."id" = $1 LIMIT 1[0m  [["id", 1126]]
BNewroutes
974
{:place=>974, :route=>[272, 22, -219, 220, 21, 221, 238, -237, -223, -225, -226, -227, 240], :url=>"xrv239xrv240xrv-227xrv-226xrv-225xrv-223xrv-237xrv238xrv221xrv21xrv220xrv-219xrv22xrv272"}
{:place=>1130, :route=>[239, 272, 22, -219, 220, 21, 221, 238, -237, -223, -225, -226, -227, 240], :url=>"xrv239xrv240xrv-227xrv-226xrv-225xrv-223xrv-237xrv238xrv221xrv21xrv220xrv-219xrv22xrv272xrv239"}
  [1m[35mCACHE (0.0ms)[0m  SELECT "places".* FROM "places" WHERE "places"."id" = 974 LIMIT 1
  [1m[36m (1.3ms)[0m  [1mSELECT COUNT(*) FROM "route_indices" WHERE (url = 'xrv239xrv240xrv-227xrv-226xrv-225xrv-223xrv-237xrv238xrv221xrv21xrv220xrv-219xrv22xrv272')[0m
  [1m[35mCACHE (0.0ms)[0m  SELECT "places".* FROM "places" WHERE "places"."id" = 1130 LIMIT 1
  [1m[36m (1.1ms)[0m  [1mSELECT COUNT(*) FROM "route_indices" WHERE (url = 'xrv239xrv240xrv-227xrv-226xrv-225xrv-223xrv-237xrv238xrv221xrv21xrv220xrv-219xrv22xrv272xrv239')[0m
  [1m[35mPlaceType Load (0.2ms)[0m  select * from place_types where name='Junction'
  [1m[36mSQL (0.5ms)[0m  [1mINSERT INTO "route_indices" ("created_at", "endplace_id", "isDest", "startplace_id", "updated_at", "url") VALUES ($1, $2, $3, $4, $5, $6) RETURNING "id"[0m  [["created_at", Mon, 27 Oct 2014 10:08:14 NZDT +13:00], ["endplace_id", 1130], ["isDest", false], ["startplace_id", 974], ["updated_at", Mon, 27 Oct 2014 10:08:14 NZDT +13:00], ["url", "xrv239xrv240xrv-227xrv-226xrv-225xrv-223xrv-237xrv238xrv221xrv21xrv220xrv-219xrv22xrv272xrv239"]]
  [1m[35mPlace Load (0.3ms)[0m  SELECT "places".* FROM "places" WHERE "places"."id" = 1128 LIMIT 1
  [1m[36mPlaceType Load (0.2ms)[0m  [1mselect name, "isDest" from place_types[0m
  [1m[35mRoute Load (0.4ms)[0m  SELECT "routes".* FROM "routes" WHERE "routes"."id" = 229 LIMIT 1
  [1m[36mPlace Load (0.2ms)[0m  [1mSELECT "places".* FROM "places" WHERE "places"."id" = $1 LIMIT 1[0m  [["id", 419]]
  [1m[35mPlace Load (0.2ms)[0m  SELECT "places".* FROM "places" WHERE "places"."id" = $1 LIMIT 1  [["id", 1127]]
  [1m[36mRoute Load (0.3ms)[0m  [1mSELECT "routes".* FROM "routes" WHERE "routes"."id" = 228 LIMIT 1[0m
  [1m[35mCACHE (0.0ms)[0m  SELECT "places".* FROM "places" WHERE "places"."id" = $1 LIMIT 1  [["id", 1127]]
  [1m[36mPlace Load (0.2ms)[0m  [1mSELECT "places".* FROM "places" WHERE "places"."id" = $1 LIMIT 1[0m  [["id", 1126]]
  [1m[35mRoute Load (0.3ms)[0m  SELECT "routes".* FROM "routes" WHERE "routes"."id" = 240 LIMIT 1
  [1m[36mCACHE (0.0ms)[0m  [1mSELECT "places".* FROM "places" WHERE "places"."id" = $1 LIMIT 1[0m  [["id", 1126]]
  [1m[35mPlace Load (0.2ms)[0m  SELECT "places".* FROM "places" WHERE "places"."id" = $1 LIMIT 1  [["id", 1130]]
  [1m[36mRoute Load (0.3ms)[0m  [1mSELECT "routes".* FROM "routes" WHERE "routes"."id" = 239 LIMIT 1[0m
  [1m[35mCACHE (0.0ms)[0m  SELECT "places".* FROM "places" WHERE "places"."id" = $1 LIMIT 1  [["id", 1130]]
  [1m[36mPlace Load (0.2ms)[0m  [1mSELECT "places".* FROM "places" WHERE "places"."id" = $1 LIMIT 1[0m  [["id", 974]]
  [1m[35mRoute Load (0.3ms)[0m  SELECT "routes".* FROM "routes" WHERE "routes"."id" = 224 LIMIT 1
  [1m[36mRoute Load (0.3ms)[0m  [1mSELECT "routes".* FROM "routes" WHERE "routes"."id" = 237 LIMIT 1[0m
  [1m[35mPlace Load (0.2ms)[0m  SELECT "places".* FROM "places" WHERE "places"."id" = $1 LIMIT 1  [["id", 1124]]
  [1m[36mPlace Load (0.2ms)[0m  [1mSELECT "places".* FROM "places" WHERE "places"."id" = $1 LIMIT 1[0m  [["id", 1129]]
  [1m[35mRoute Load (0.4ms)[0m  SELECT "routes".* FROM "routes" WHERE "routes"."id" = 238 LIMIT 1
  [1m[36mRoute Load (0.3ms)[0m  [1mSELECT "routes".* FROM "routes" WHERE "routes"."id" = 221 LIMIT 1[0m
  [1m[35mRoute Load (0.3ms)[0m  SELECT "routes".* FROM "routes" WHERE "routes"."id" = 21 LIMIT 1
  [1m[36mRoute Load (0.3ms)[0m  [1mSELECT "routes".* FROM "routes" WHERE "routes"."id" = 220 LIMIT 1[0m
  [1m[35mRoute Load (0.3ms)[0m  SELECT "routes".* FROM "routes" WHERE "routes"."id" = 219 LIMIT 1
  [1m[36mPlace Load (0.2ms)[0m  [1mSELECT "places".* FROM "places" WHERE "places"."id" = $1 LIMIT 1[0m  [["id", 976]]
  [1m[35mPlace Load (0.2ms)[0m  SELECT "places".* FROM "places" WHERE "places"."id" = $1 LIMIT 1  [["id", 1119]]
  [1m[36mRoute Load (0.3ms)[0m  [1mSELECT "routes".* FROM "routes" WHERE "routes"."id" = 22 LIMIT 1[0m
  [1m[35mRoute Load (0.3ms)[0m  SELECT "routes".* FROM "routes" WHERE "routes"."id" = 272 LIMIT 1
  [1m[36mPlace Load (0.3ms)[0m  [1mSELECT "places".* FROM "places" WHERE "places"."id" = 974 LIMIT 1[0m
  [1m[35mCACHE (0.0ms)[0m  SELECT "places".* FROM "places" WHERE "places"."id" = 974 LIMIT 1
  [1m[36mRoute Load (0.3ms)[0m  [1mselect * from routes where startplace_id = 974[0m
  [1m[35mRoute Load (0.3ms)[0m  select * from routes where endplace_id = 974
  [1m[36mCACHE (0.0ms)[0m  [1mSELECT "places".* FROM "places" WHERE "places"."id" = $1 LIMIT 1[0m  [["id", 974]]
  [1m[35mPlace Load (0.2ms)[0m  SELECT "places".* FROM "places" WHERE "places"."id" = $1 LIMIT 1  [["id", 471]]
  [1m[36mCACHE (0.0ms)[0m  [1mSELECT "places".* FROM "places" WHERE "places"."id" = $1 LIMIT 1[0m  [["id", 1130]]
  [1m[35mCACHE (0.0ms)[0m  SELECT "places".* FROM "places" WHERE "places"."id" = $1 LIMIT 1  [["id", 1124]]
BNewroutes
1128
{:place=>974, :route=>[272, 22, -219, 220, 21, 221, 238, -237, 224, -239, -240, -228, -229], :url=>"xrv-230xrv-229xrv-228xrv-240xrv-239xrv224xrv-237xrv238xrv221xrv21xrv220xrv-219xrv22xrv272"}
  [1m[36mCACHE (0.0ms)[0m  [1mSELECT "places".* FROM "places" WHERE "places"."id" = 974 LIMIT 1[0m
  [1m[35m (1.3ms)[0m  SELECT COUNT(*) FROM "route_indices" WHERE (url = 'xrv-230xrv-229xrv-228xrv-240xrv-239xrv224xrv-237xrv238xrv221xrv21xrv220xrv-219xrv22xrv272')
  [1m[36mPlaceType Load (0.2ms)[0m  [1mselect * from place_types where name='Roadend'[0m
  [1m[35mSQL (0.5ms)[0m  INSERT INTO "route_indices" ("created_at", "endplace_id", "isDest", "startplace_id", "updated_at", "url") VALUES ($1, $2, $3, $4, $5, $6) RETURNING "id"  [["created_at", Mon, 27 Oct 2014 10:08:14 NZDT +13:00], ["endplace_id", 974], ["isDest", true], ["startplace_id", 1128], ["updated_at", Mon, 27 Oct 2014 10:08:14 NZDT +13:00], ["url", "xrv-230xrv-229xrv-228xrv-240xrv-239xrv224xrv-237xrv238xrv221xrv21xrv220xrv-219xrv22xrv272"]]
  [1m[36mPlace Load (0.3ms)[0m  [1mSELECT "places".* FROM "places" WHERE "places"."id" = 1128 LIMIT 1[0m
  [1m[35mPlaceType Load (0.2ms)[0m  select name, "isDest" from place_types
  [1m[36mRoute Load (0.3ms)[0m  [1mSELECT "routes".* FROM "routes" WHERE "routes"."id" = 229 LIMIT 1[0m
  [1m[35mPlace Load (0.3ms)[0m  SELECT "places".* FROM "places" WHERE "places"."id" = $1 LIMIT 1  [["id", 419]]
  [1m[36mPlace Load (0.2ms)[0m  [1mSELECT "places".* FROM "places" WHERE "places"."id" = $1 LIMIT 1[0m  [["id", 1127]]
  [1m[35mRoute Load (0.5ms)[0m  SELECT "routes".* FROM "routes" WHERE "routes"."id" = 228 LIMIT 1
  [1m[36mCACHE (0.0ms)[0m  [1mSELECT "places".* FROM "places" WHERE "places"."id" = $1 LIMIT 1[0m  [["id", 1127]]
  [1m[35mPlace Load (0.2ms)[0m  SELECT "places".* FROM "places" WHERE "places"."id" = $1 LIMIT 1  [["id", 1126]]
  [1m[36mRoute Load (0.3ms)[0m  [1mSELECT "routes".* FROM "routes" WHERE "routes"."id" = 240 LIMIT 1[0m
  [1m[35mCACHE (0.0ms)[0m  SELECT "places".* FROM "places" WHERE "places"."id" = $1 LIMIT 1  [["id", 1126]]
  [1m[36mPlace Load (0.2ms)[0m  [1mSELECT "places".* FROM "places" WHERE "places"."id" = $1 LIMIT 1[0m  [["id", 1130]]
  [1m[35mRoute Load (0.3ms)[0m  SELECT "routes".* FROM "routes" WHERE "routes"."id" = 239 LIMIT 1
  [1m[36mCACHE (0.0ms)[0m  [1mSELECT "places".* FROM "places" WHERE "places"."id" = $1 LIMIT 1[0m  [["id", 1130]]
  [1m[35mPlace Load (0.2ms)[0m  SELECT "places".* FROM "places" WHERE "places"."id" = $1 LIMIT 1  [["id", 974]]
  [1m[36mRoute Load (0.3ms)[0m  [1mSELECT "routes".* FROM "routes" WHERE "routes"."id" = 224 LIMIT 1[0m
  [1m[35mRoute Load (0.3ms)[0m  SELECT "routes".* FROM "routes" WHERE "routes"."id" = 223 LIMIT 1
  [1m[36mRoute Load (0.3ms)[0m  [1mSELECT "routes".* FROM "routes" WHERE "routes"."id" = 222 LIMIT 1[0m
  [1m[35mRoute Load (0.3ms)[0m  SELECT "routes".* FROM "routes" WHERE "routes"."id" = 221 LIMIT 1
  [1m[36mRoute Load (0.3ms)[0m  [1mSELECT "routes".* FROM "routes" WHERE "routes"."id" = 21 LIMIT 1[0m
  [1m[35mRoute Load (0.3ms)[0m  SELECT "routes".* FROM "routes" WHERE "routes"."id" = 220 LIMIT 1
  [1m[36mRoute Load (0.3ms)[0m  [1mSELECT "routes".* FROM "routes" WHERE "routes"."id" = 219 LIMIT 1[0m
  [1m[35mPlace Load (0.2ms)[0m  SELECT "places".* FROM "places" WHERE "places"."id" = $1 LIMIT 1  [["id", 976]]
  [1m[36mPlace Load (0.2ms)[0m  [1mSELECT "places".* FROM "places" WHERE "places"."id" = $1 LIMIT 1[0m  [["id", 1119]]
  [1m[35mRoute Load (0.3ms)[0m  SELECT "routes".* FROM "routes" WHERE "routes"."id" = 22 LIMIT 1
  [1m[36mRoute Load (0.3ms)[0m  [1mSELECT "routes".* FROM "routes" WHERE "routes"."id" = 272 LIMIT 1[0m
  [1m[35mPlace Load (0.3ms)[0m  SELECT "places".* FROM "places" WHERE "places"."id" = 974 LIMIT 1
  [1m[36mCACHE (0.0ms)[0m  [1mSELECT "places".* FROM "places" WHERE "places"."id" = 974 LIMIT 1[0m
  [1m[35mRoute Load (0.3ms)[0m  select * from routes where startplace_id = 974
  [1m[36mRoute Load (0.3ms)[0m  [1mselect * from routes where endplace_id = 974[0m
  [1m[35mCACHE (0.0ms)[0m  SELECT "places".* FROM "places" WHERE "places"."id" = $1 LIMIT 1  [["id", 974]]
  [1m[36mPlace Load (0.2ms)[0m  [1mSELECT "places".* FROM "places" WHERE "places"."id" = $1 LIMIT 1[0m  [["id", 471]]
  [1m[35mCACHE (0.0ms)[0m  SELECT "places".* FROM "places" WHERE "places"."id" = $1 LIMIT 1  [["id", 1130]]
  [1m[36mPlace Load (0.2ms)[0m  [1mSELECT "places".* FROM "places" WHERE "places"."id" = $1 LIMIT 1[0m  [["id", 1124]]
BNewroutes
1128
{:place=>974, :route=>[272, 22, -219, 220, 21, 221, 222, 223, 224, -239, -240, -228, -229], :url=>"xrv-230xrv-229xrv-228xrv-240xrv-239xrv224xrv223xrv222xrv221xrv21xrv220xrv-219xrv22xrv272"}
  [1m[35mCACHE (0.0ms)[0m  SELECT "places".* FROM "places" WHERE "places"."id" = 974 LIMIT 1
  [1m[36m (1.4ms)[0m  [1mSELECT COUNT(*) FROM "route_indices" WHERE (url = 'xrv-230xrv-229xrv-228xrv-240xrv-239xrv224xrv223xrv222xrv221xrv21xrv220xrv-219xrv22xrv272')[0m
  [1m[35mPlaceType Load (0.3ms)[0m  select * from place_types where name='Roadend'
  [1m[36mSQL (0.5ms)[0m  [1mINSERT INTO "route_indices" ("created_at", "endplace_id", "isDest", "startplace_id", "updated_at", "url") VALUES ($1, $2, $3, $4, $5, $6) RETURNING "id"[0m  [["created_at", Mon, 27 Oct 2014 10:08:14 NZDT +13:00], ["endplace_id", 974], ["isDest", true], ["startplace_id", 1128], ["updated_at", Mon, 27 Oct 2014 10:08:14 NZDT +13:00], ["url", "xrv-230xrv-229xrv-228xrv-240xrv-239xrv224xrv223xrv222xrv221xrv21xrv220xrv-219xrv22xrv272"]]
  [1m[35mPlace Load (0.3ms)[0m  SELECT "places".* FROM "places" WHERE "places"."id" = 624 LIMIT 1
  [1m[36mPlaceType Load (0.2ms)[0m  [1mselect name, "isDest" from place_types[0m
  [1m[35mRoute Load (0.3ms)[0m  SELECT "routes".* FROM "routes" WHERE "routes"."id" = 206 LIMIT 1
  [1m[36mRoute Load (0.3ms)[0m  [1mSELECT "routes".* FROM "routes" WHERE "routes"."id" = 207 LIMIT 1[0m
  [1m[35mRoute Load (0.3ms)[0m  SELECT "routes".* FROM "routes" WHERE "routes"."id" = 208 LIMIT 1
  [1m[36mRoute Load (0.3ms)[0m  [1mSELECT "routes".* FROM "routes" WHERE "routes"."id" = 209 LIMIT 1[0m
  [1m[35mRoute Load (0.3ms)[0m  SELECT "routes".* FROM "routes" WHERE "routes"."id" = 210 LIMIT 1
  [1m[36mRoute Load (0.3ms)[0m  [1mSELECT "routes".* FROM "routes" WHERE "routes"."id" = 211 LIMIT 1[0m
  [1m[35mRoute Load (0.3ms)[0m  SELECT "routes".* FROM "routes" WHERE "routes"."id" = 213 LIMIT 1
  [1m[36mRoute Load (0.3ms)[0m  [1mSELECT "routes".* FROM "routes" WHERE "routes"."id" = 214 LIMIT 1[0m
  [1m[35mRoute Load (0.3ms)[0m  SELECT "routes".* FROM "routes" WHERE "routes"."id" = 216 LIMIT 1
  [1m[36mRoute Load (0.3ms)[0m  [1mSELECT "routes".* FROM "routes" WHERE "routes"."id" = 217 LIMIT 1[0m
  [1m[35mRoute Load (0.3ms)[0m  SELECT "routes".* FROM "routes" WHERE "routes"."id" = 218 LIMIT 1
  [1m[36mRoute Load (0.3ms)[0m  [1mSELECT "routes".* FROM "routes" WHERE "routes"."id" = 22 LIMIT 1[0m
  [1m[35mRoute Load (0.3ms)[0m  SELECT "routes".* FROM "routes" WHERE "routes"."id" = 272 LIMIT 1
  [1m[36mPlace Load (0.3ms)[0m  [1mSELECT "places".* FROM "places" WHERE "places"."id" = 974 LIMIT 1[0m
  [1m[35mCACHE (0.0ms)[0m  SELECT "places".* FROM "places" WHERE "places"."id" = 974 LIMIT 1
  [1m[36mRoute Load (0.3ms)[0m  [1mselect * from routes where startplace_id = 974[0m
  [1m[35mRoute Load (0.3ms)[0m  select * from routes where endplace_id = 974
  [1m[36mPlace Load (0.2ms)[0m  [1mSELECT "places".* FROM "places" WHERE "places"."id" = $1 LIMIT 1[0m  [["id", 974]]
  [1m[35mPlace Load (0.2ms)[0m  SELECT "places".* FROM "places" WHERE "places"."id" = $1 LIMIT 1  [["id", 471]]
  [1m[36mPlace Load (0.3ms)[0m  [1mSELECT "places".* FROM "places" WHERE "places"."id" = $1 LIMIT 1[0m  [["id", 1130]]
  [1m[35mPlace Load (0.2ms)[0m  SELECT "places".* FROM "places" WHERE "places"."id" = $1 LIMIT 1  [["id", 1124]]
  [1m[36mPlace Load (0.3ms)[0m  [1mSELECT "places".* FROM "places" WHERE "places"."id" = 1130 LIMIT 1[0m
  [1m[35mRoute Load (0.3ms)[0m  select * from routes where startplace_id = 1130
  [1m[36mRoute Load (0.3ms)[0m  [1mselect * from routes where endplace_id = 1130[0m
  [1m[35mCACHE (0.0ms)[0m  SELECT "places".* FROM "places" WHERE "places"."id" = $1 LIMIT 1  [["id", 1130]]
  [1m[36mCACHE (0.0ms)[0m  [1mSELECT "places".* FROM "places" WHERE "places"."id" = $1 LIMIT 1[0m  [["id", 974]]
  [1m[35mPlace Load (0.2ms)[0m  SELECT "places".* FROM "places" WHERE "places"."id" = $1 LIMIT 1  [["id", 1126]]
  [1m[36mPlace Load (0.3ms)[0m  [1mSELECT "places".* FROM "places" WHERE "places"."id" = 1124 LIMIT 1[0m
  [1m[35mRoute Load (0.3ms)[0m  select * from routes where startplace_id = 1124
  [1m[36mRoute Load (0.3ms)[0m  [1mselect * from routes where endplace_id = 1124[0m
  [1m[35mCACHE (0.0ms)[0m  SELECT "places".* FROM "places" WHERE "places"."id" = $1 LIMIT 1  [["id", 1124]]
  [1m[36mPlace Load (0.2ms)[0m  [1mSELECT "places".* FROM "places" WHERE "places"."id" = $1 LIMIT 1[0m  [["id", 1129]]
  [1m[35mCACHE (0.0ms)[0m  SELECT "places".* FROM "places" WHERE "places"."id" = $1 LIMIT 1  [["id", 1124]]
  [1m[36mCACHE (0.0ms)[0m  [1mSELECT "places".* FROM "places" WHERE "places"."id" = $1 LIMIT 1[0m  [["id", 974]]
  [1m[35mPlace Load (0.2ms)[0m  SELECT "places".* FROM "places" WHERE "places"."id" = $1 LIMIT 1  [["id", 1123]]
BNewroutes
624
{:place=>974, :route=>[272, 22, 218, 217, 216, 214, 213, 211, 210, 209, 208, 207, 206], :url=>"xrv205xrv206xrv207xrv208xrv209xrv210xrv211xrv213xrv214xrv216xrv217xrv218xrv22xrv272"}
  [1m[36mCACHE (0.0ms)[0m  [1mSELECT "places".* FROM "places" WHERE "places"."id" = 974 LIMIT 1[0m
  [1m[35m (1.3ms)[0m  SELECT COUNT(*) FROM "route_indices" WHERE (url = 'xrv205xrv206xrv207xrv208xrv209xrv210xrv211xrv213xrv214xrv216xrv217xrv218xrv22xrv272')
  [1m[36mPlaceType Load (0.2ms)[0m  [1mselect * from place_types where name='Roadend'[0m
  [1m[35mSQL (0.5ms)[0m  INSERT INTO "route_indices" ("created_at", "endplace_id", "isDest", "startplace_id", "updated_at", "url") VALUES ($1, $2, $3, $4, $5, $6) RETURNING "id"  [["created_at", Mon, 27 Oct 2014 10:08:14 NZDT +13:00], ["endplace_id", 974], ["isDest", true], ["startplace_id", 624], ["updated_at", Mon, 27 Oct 2014 10:08:14 NZDT +13:00], ["url", "xrv205xrv206xrv207xrv208xrv209xrv210xrv211xrv213xrv214xrv216xrv217xrv218xrv22xrv272"]]
  [1m[36mPlace Load (0.3ms)[0m  [1mSELECT "places".* FROM "places" WHERE "places"."id" = 1128 LIMIT 1[0m
  [1m[35mPlaceType Load (0.2ms)[0m  select name, "isDest" from place_types
  [1m[36mRoute Load (0.3ms)[0m  [1mSELECT "routes".* FROM "routes" WHERE "routes"."id" = 229 LIMIT 1[0m
  [1m[35mPlace Load (0.2ms)[0m  SELECT "places".* FROM "places" WHERE "places"."id" = $1 LIMIT 1  [["id", 419]]
  [1m[36mPlace Load (0.2ms)[0m  [1mSELECT "places".* FROM "places" WHERE "places"."id" = $1 LIMIT 1[0m  [["id", 1127]]
  [1m[35mRoute Load (0.3ms)[0m  SELECT "routes".* FROM "routes" WHERE "routes"."id" = 228 LIMIT 1
  [1m[36mCACHE (0.0ms)[0m  [1mSELECT "places".* FROM "places" WHERE "places"."id" = $1 LIMIT 1[0m  [["id", 1127]]
  [1m[35mPlace Load (0.2ms)[0m  SELECT "places".* FROM "places" WHERE "places"."id" = $1 LIMIT 1  [["id", 1126]]
  [1m[36mRoute Load (0.3ms)[0m  [1mSELECT "routes".* FROM "routes" WHERE "routes"."id" = 227 LIMIT 1[0m
  [1m[35mCACHE (0.0ms)[0m  SELECT "places".* FROM "places" WHERE "places"."id" = $1 LIMIT 1  [["id", 1126]]
  [1m[36mPlace Load (0.2ms)[0m  [1mSELECT "places".* FROM "places" WHERE "places"."id" = $1 LIMIT 1[0m  [["id", 769]]
  [1m[35mRoute Load (0.3ms)[0m  SELECT "routes".* FROM "routes" WHERE "routes"."id" = 226 LIMIT 1
  [1m[36mCACHE (0.0ms)[0m  [1mSELECT "places".* FROM "places" WHERE "places"."id" = $1 LIMIT 1[0m  [["id", 769]]
  [1m[35mPlace Load (0.2ms)[0m  SELECT "places".* FROM "places" WHERE "places"."id" = $1 LIMIT 1  [["id", 1125]]
  [1m[36mRoute Load (0.3ms)[0m  [1mSELECT "routes".* FROM "routes" WHERE "routes"."id" = 225 LIMIT 1[0m
  [1m[35mCACHE (0.0ms)[0m  SELECT "places".* FROM "places" WHERE "places"."id" = $1 LIMIT 1  [["id", 1125]]
  [1m[36mPlace Load (0.2ms)[0m  [1mSELECT "places".* FROM "places" WHERE "places"."id" = $1 LIMIT 1[0m  [["id", 1123]]
  [1m[35mRoute Load (0.3ms)[0m  SELECT "routes".* FROM "routes" WHERE "routes"."id" = 223 LIMIT 1
  [1m[36mCACHE (0.0ms)[0m  [1mSELECT "places".* FROM "places" WHERE "places"."id" = $1 LIMIT 1[0m  [["id", 1123]]
  [1m[35mPlace Load (0.2ms)[0m  SELECT "places".* FROM "places" WHERE "places"."id" = $1 LIMIT 1  [["id", 1124]]
  [1m[36mRoute Load (0.3ms)[0m  [1mSELECT "routes".* FROM "routes" WHERE "routes"."id" = 237 LIMIT 1[0m
  [1m[35mCACHE (0.0ms)[0m  SELECT "places".* FROM "places" WHERE "places"."id" = $1 LIMIT 1  [["id", 1124]]
  [1m[36mPlace Load (0.2ms)[0m  [1mSELECT "places".* FROM "places" WHERE "places"."id" = $1 LIMIT 1[0m  [["id", 1129]]
  [1m[35mRoute Load (0.3ms)[0m  SELECT "routes".* FROM "routes" WHERE "routes"."id" = 235 LIMIT 1
  [1m[36mCACHE (0.0ms)[0m  [1mSELECT "places".* FROM "places" WHERE "places"."id" = $1 LIMIT 1[0m  [["id", 1129]]
  [1m[35mPlace Load (0.3ms)[0m  SELECT "places".* FROM "places" WHERE "places"."id" = $1 LIMIT 1  [["id", 207]]
  [1m[36mRoute Load (0.3ms)[0m  [1mSELECT "routes".* FROM "routes" WHERE "routes"."id" = 234 LIMIT 1[0m
  [1m[35mCACHE (0.0ms)[0m  SELECT "places".* FROM "places" WHERE "places"."id" = $1 LIMIT 1  [["id", 207]]
  [1m[36mPlace Load (0.2ms)[0m  [1mSELECT "places".* FROM "places" WHERE "places"."id" = $1 LIMIT 1[0m  [["id", 650]]
  [1m[35mRoute Load (0.3ms)[0m  SELECT "routes".* FROM "routes" WHERE "routes"."id" = 233 LIMIT 1
  [1m[36mCACHE (0.0ms)[0m  [1mSELECT "places".* FROM "places" WHERE "places"."id" = $1 LIMIT 1[0m  [["id", 650]]
  [1m[35mPlace Load (0.2ms)[0m  SELECT "places".* FROM "places" WHERE "places"."id" = $1 LIMIT 1  [["id", 45]]
  [1m[36mRoute Load (0.4ms)[0m  [1mSELECT "routes".* FROM "routes" WHERE "routes"."id" = 231 LIMIT 1[0m
  [1m[35mCACHE (0.0ms)[0m  SELECT "places".* FROM "places" WHERE "places"."id" = $1 LIMIT 1  [["id", 45]]
  [1m[36mPlace Load (0.2ms)[0m  [1mSELECT "places".* FROM "places" WHERE "places"."id" = $1 LIMIT 1[0m  [["id", 976]]
  [1m[35mRoute Load (0.3ms)[0m  SELECT "routes".* FROM "routes" WHERE "routes"."id" = 219 LIMIT 1
  [1m[36mCACHE (0.0ms)[0m  [1mSELECT "places".* FROM "places" WHERE "places"."id" = $1 LIMIT 1[0m  [["id", 976]]
  [1m[35mPlace Load (0.2ms)[0m  SELECT "places".* FROM "places" WHERE "places"."id" = $1 LIMIT 1  [["id", 1119]]
  [1m[36mRoute Load (0.3ms)[0m  [1mSELECT "routes".* FROM "routes" WHERE "routes"."id" = 22 LIMIT 1[0m
  [1m[35mRoute Load (0.3ms)[0m  SELECT "routes".* FROM "routes" WHERE "routes"."id" = 272 LIMIT 1
  [1m[36mPlace Load (0.3ms)[0m  [1mSELECT "places".* FROM "places" WHERE "places"."id" = 974 LIMIT 1[0m
  [1m[35mCACHE (0.0ms)[0m  SELECT "places".* FROM "places" WHERE "places"."id" = 974 LIMIT 1
  [1m[36mRoute Load (0.3ms)[0m  [1mselect * from routes where startplace_id = 974[0m
  [1m[35mRoute Load (0.3ms)[0m  select * from routes where endplace_id = 974
  [1m[36mPlace Load (0.2ms)[0m  [1mSELECT "places".* FROM "places" WHERE "places"."id" = $1 LIMIT 1[0m  [["id", 974]]
  [1m[35mPlace Load (0.5ms)[0m  SELECT "places".* FROM "places" WHERE "places"."id" = $1 LIMIT 1  [["id", 471]]
  [1m[36mPlace Load (0.2ms)[0m  [1mSELECT "places".* FROM "places" WHERE "places"."id" = $1 LIMIT 1[0m  [["id", 1130]]
  [1m[35mCACHE (0.0ms)[0m  SELECT "places".* FROM "places" WHERE "places"."id" = $1 LIMIT 1  [["id", 1124]]
BNewroutes
1128
{:place=>974, :route=>[272, 22, -219, -231, -233, -234, -235, -237, -223, -225, -226, -227, -228, -229], :url=>"xrv-230xrv-229xrv-228xrv-227xrv-226xrv-225xrv-223xrv-237xrv-235xrv-234xrv-233xrv-231xrv-219xrv22xrv272"}
  [1m[36mCACHE (0.0ms)[0m  [1mSELECT "places".* FROM "places" WHERE "places"."id" = 974 LIMIT 1[0m
  [1m[35m (1.4ms)[0m  SELECT COUNT(*) FROM "route_indices" WHERE (url = 'xrv-230xrv-229xrv-228xrv-227xrv-226xrv-225xrv-223xrv-237xrv-235xrv-234xrv-233xrv-231xrv-219xrv22xrv272')
  [1m[36mPlaceType Load (0.2ms)[0m  [1mselect * from place_types where name='Roadend'[0m
  [1m[35mSQL (0.5ms)[0m  INSERT INTO "route_indices" ("created_at", "endplace_id", "isDest", "startplace_id", "updated_at", "url") VALUES ($1, $2, $3, $4, $5, $6) RETURNING "id"  [["created_at", Mon, 27 Oct 2014 10:08:14 NZDT +13:00], ["endplace_id", 974], ["isDest", true], ["startplace_id", 1128], ["updated_at", Mon, 27 Oct 2014 10:08:14 NZDT +13:00], ["url", "xrv-230xrv-229xrv-228xrv-227xrv-226xrv-225xrv-223xrv-237xrv-235xrv-234xrv-233xrv-231xrv-219xrv22xrv272"]]
  [1m[36mPlace Load (0.3ms)[0m  [1mSELECT "places".* FROM "places" WHERE "places"."id" = 1128 LIMIT 1[0m
  [1m[35mPlaceType Load (0.2ms)[0m  select name, "isDest" from place_types
  [1m[36mRoute Load (0.4ms)[0m  [1mSELECT "routes".* FROM "routes" WHERE "routes"."id" = 229 LIMIT 1[0m
  [1m[35mPlace Load (0.2ms)[0m  SELECT "places".* FROM "places" WHERE "places"."id" = $1 LIMIT 1  [["id", 419]]
  [1m[36mPlace Load (0.2ms)[0m  [1mSELECT "places".* FROM "places" WHERE "places"."id" = $1 LIMIT 1[0m  [["id", 1127]]
  [1m[35mRoute Load (0.3ms)[0m  SELECT "routes".* FROM "routes" WHERE "routes"."id" = 228 LIMIT 1
  [1m[36mCACHE (0.0ms)[0m  [1mSELECT "places".* FROM "places" WHERE "places"."id" = $1 LIMIT 1[0m  [["id", 1127]]
  [1m[35mPlace Load (0.2ms)[0m  SELECT "places".* FROM "places" WHERE "places"."id" = $1 LIMIT 1  [["id", 1126]]
  [1m[36mRoute Load (0.3ms)[0m  [1mSELECT "routes".* FROM "routes" WHERE "routes"."id" = 227 LIMIT 1[0m
  [1m[35mCACHE (0.0ms)[0m  SELECT "places".* FROM "places" WHERE "places"."id" = $1 LIMIT 1  [["id", 1126]]
  [1m[36mPlace Load (0.2ms)[0m  [1mSELECT "places".* FROM "places" WHERE "places"."id" = $1 LIMIT 1[0m  [["id", 769]]
  [1m[35mRoute Load (0.3ms)[0m  SELECT "routes".* FROM "routes" WHERE "routes"."id" = 226 LIMIT 1
  [1m[36mCACHE (0.0ms)[0m  [1mSELECT "places".* FROM "places" WHERE "places"."id" = $1 LIMIT 1[0m  [["id", 769]]
  [1m[35mPlace Load (0.2ms)[0m  SELECT "places".* FROM "places" WHERE "places"."id" = $1 LIMIT 1  [["id", 1125]]
  [1m[36mRoute Load (0.3ms)[0m  [1mSELECT "routes".* FROM "routes" WHERE "routes"."id" = 225 LIMIT 1[0m
  [1m[35mCACHE (0.0ms)[0m  SELECT "places".* FROM "places" WHERE "places"."id" = $1 LIMIT 1  [["id", 1125]]
  [1m[36mPlace Load (0.2ms)[0m  [1mSELECT "places".* FROM "places" WHERE "places"."id" = $1 LIMIT 1[0m  [["id", 1123]]
  [1m[35mRoute Load (0.3ms)[0m  SELECT "routes".* FROM "routes" WHERE "routes"."id" = 222 LIMIT 1
  [1m[36mRoute Load (0.3ms)[0m  [1mSELECT "routes".* FROM "routes" WHERE "routes"."id" = 238 LIMIT 1[0m
  [1m[35mPlace Load (0.2ms)[0m  SELECT "places".* FROM "places" WHERE "places"."id" = $1 LIMIT 1  [["id", 975]]
  [1m[36mPlace Load (0.2ms)[0m  [1mSELECT "places".* FROM "places" WHERE "places"."id" = $1 LIMIT 1[0m  [["id", 1129]]
  [1m[35mRoute Load (0.3ms)[0m  SELECT "routes".* FROM "routes" WHERE "routes"."id" = 235 LIMIT 1
  [1m[36mCACHE (0.0ms)[0m  [1mSELECT "places".* FROM "places" WHERE "places"."id" = $1 LIMIT 1[0m  [["id", 1129]]
  [1m[35mPlace Load (0.2ms)[0m  SELECT "places".* FROM "places" WHERE "places"."id" = $1 LIMIT 1  [["id", 207]]
  [1m[36mRoute Load (0.3ms)[0m  [1mSELECT "routes".* FROM "routes" WHERE "routes"."id" = 234 LIMIT 1[0m
  [1m[35mCACHE (0.0ms)[0m  SELECT "places".* FROM "places" WHERE "places"."id" = $1 LIMIT 1  [["id", 207]]
  [1m[36mPlace Load (0.2ms)[0m  [1mSELECT "places".* FROM "places" WHERE "places"."id" = $1 LIMIT 1[0m  [["id", 650]]
  [1m[35mRoute Load (0.3ms)[0m  SELECT "routes".* FROM "routes" WHERE "routes"."id" = 233 LIMIT 1
  [1m[36mCACHE (0.0ms)[0m  [1mSELECT "places".* FROM "places" WHERE "places"."id" = $1 LIMIT 1[0m  [["id", 650]]
  [1m[35mPlace Load (0.2ms)[0m  SELECT "places".* FROM "places" WHERE "places"."id" = $1 LIMIT 1  [["id", 45]]
  [1m[36mRoute Load (0.3ms)[0m  [1mSELECT "routes".* FROM "routes" WHERE "routes"."id" = 231 LIMIT 1[0m
  [1m[35mCACHE (0.0ms)[0m  SELECT "places".* FROM "places" WHERE "places"."id" = $1 LIMIT 1  [["id", 45]]
  [1m[36mPlace Load (0.2ms)[0m  [1mSELECT "places".* FROM "places" WHERE "places"."id" = $1 LIMIT 1[0m  [["id", 976]]
  [1m[35mRoute Load (0.3ms)[0m  SELECT "routes".* FROM "routes" WHERE "routes"."id" = 219 LIMIT 1
  [1m[36mCACHE (0.0ms)[0m  [1mSELECT "places".* FROM "places" WHERE "places"."id" = $1 LIMIT 1[0m  [["id", 976]]
  [1m[35mPlace Load (0.2ms)[0m  SELECT "places".* FROM "places" WHERE "places"."id" = $1 LIMIT 1  [["id", 1119]]
  [1m[36mRoute Load (0.3ms)[0m  [1mSELECT "routes".* FROM "routes" WHERE "routes"."id" = 22 LIMIT 1[0m
  [1m[35mRoute Load (0.3ms)[0m  SELECT "routes".* FROM "routes" WHERE "routes"."id" = 272 LIMIT 1
  [1m[36mPlace Load (0.3ms)[0m  [1mSELECT "places".* FROM "places" WHERE "places"."id" = 974 LIMIT 1[0m
  [1m[35mCACHE (0.0ms)[0m  SELECT "places".* FROM "places" WHERE "places"."id" = 974 LIMIT 1
  [1m[36mRoute Load (0.3ms)[0m  [1mselect * from routes where startplace_id = 974[0m
  [1m[35mRoute Load (0.3ms)[0m  select * from routes where endplace_id = 974
  [1m[36mPlace Load (0.2ms)[0m  [1mSELECT "places".* FROM "places" WHERE "places"."id" = $1 LIMIT 1[0m  [["id", 974]]
  [1m[35mPlace Load (0.2ms)[0m  SELECT "places".* FROM "places" WHERE "places"."id" = $1 LIMIT 1  [["id", 471]]
  [1m[36mPlace Load (0.2ms)[0m  [1mSELECT "places".* FROM "places" WHERE "places"."id" = $1 LIMIT 1[0m  [["id", 1130]]
  [1m[35mPlace Load (0.2ms)[0m  SELECT "places".* FROM "places" WHERE "places"."id" = $1 LIMIT 1  [["id", 1124]]
BNewroutes
1128
{:place=>974, :route=>[272, 22, -219, -231, -233, -234, -235, -238, 222, -225, -226, -227, -228, -229], :url=>"xrv-230xrv-229xrv-228xrv-227xrv-226xrv-225xrv222xrv-238xrv-235xrv-234xrv-233xrv-231xrv-219xrv22xrv272"}
  [1m[36mCACHE (0.0ms)[0m  [1mSELECT "places".* FROM "places" WHERE "places"."id" = 974 LIMIT 1[0m
  [1m[35m (1.4ms)[0m  SELECT COUNT(*) FROM "route_indices" WHERE (url = 'xrv-230xrv-229xrv-228xrv-227xrv-226xrv-225xrv222xrv-238xrv-235xrv-234xrv-233xrv-231xrv-219xrv22xrv272')
  [1m[36mPlaceType Load (0.2ms)[0m  [1mselect * from place_types where name='Roadend'[0m
  [1m[35mSQL (0.6ms)[0m  INSERT INTO "route_indices" ("created_at", "endplace_id", "isDest", "startplace_id", "updated_at", "url") VALUES ($1, $2, $3, $4, $5, $6) RETURNING "id"  [["created_at", Mon, 27 Oct 2014 10:08:14 NZDT +13:00], ["endplace_id", 974], ["isDest", true], ["startplace_id", 1128], ["updated_at", Mon, 27 Oct 2014 10:08:14 NZDT +13:00], ["url", "xrv-230xrv-229xrv-228xrv-227xrv-226xrv-225xrv222xrv-238xrv-235xrv-234xrv-233xrv-231xrv-219xrv22xrv272"]]
  [1m[36mPlace Load (0.3ms)[0m  [1mSELECT "places".* FROM "places" WHERE "places"."id" = 419 LIMIT 1[0m
  [1m[35mPlaceType Load (0.2ms)[0m  select name, "isDest" from place_types
  [1m[36mRoute Load (0.3ms)[0m  [1mSELECT "routes".* FROM "routes" WHERE "routes"."id" = 228 LIMIT 1[0m
  [1m[35mPlace Load (0.2ms)[0m  SELECT "places".* FROM "places" WHERE "places"."id" = $1 LIMIT 1  [["id", 1127]]
  [1m[36mPlace Load (0.2ms)[0m  [1mSELECT "places".* FROM "places" WHERE "places"."id" = $1 LIMIT 1[0m  [["id", 1126]]
  [1m[35mRoute Load (0.3ms)[0m  SELECT "routes".* FROM "routes" WHERE "routes"."id" = 240 LIMIT 1
  [1m[36mCACHE (0.0ms)[0m  [1mSELECT "places".* FROM "places" WHERE "places"."id" = $1 LIMIT 1[0m  [["id", 1126]]
  [1m[35mPlace Load (0.2ms)[0m  SELECT "places".* FROM "places" WHERE "places"."id" = $1 LIMIT 1  [["id", 1130]]
  [1m[36mRoute Load (0.3ms)[0m  [1mSELECT "routes".* FROM "routes" WHERE "routes"."id" = 239 LIMIT 1[0m
  [1m[35mCACHE (0.0ms)[0m  SELECT "places".* FROM "places" WHERE "places"."id" = $1 LIMIT 1  [["id", 1130]]
  [1m[36mPlace Load (0.2ms)[0m  [1mSELECT "places".* FROM "places" WHERE "places"."id" = $1 LIMIT 1[0m  [["id", 974]]
  [1m[35mRoute Load (0.3ms)[0m  SELECT "routes".* FROM "routes" WHERE "routes"."id" = 224 LIMIT 1
  [1m[36mRoute Load (0.3ms)[0m  [1mSELECT "routes".* FROM "routes" WHERE "routes"."id" = 223 LIMIT 1[0m
  [1m[35mRoute Load (0.3ms)[0m  SELECT "routes".* FROM "routes" WHERE "routes"."id" = 222 LIMIT 1
  [1m[36mRoute Load (0.3ms)[0m  [1mSELECT "routes".* FROM "routes" WHERE "routes"."id" = 238 LIMIT 1[0m
  [1m[35mPlace Load (0.2ms)[0m  SELECT "places".* FROM "places" WHERE "places"."id" = $1 LIMIT 1  [["id", 975]]
  [1m[36mPlace Load (0.2ms)[0m  [1mSELECT "places".* FROM "places" WHERE "places"."id" = $1 LIMIT 1[0m  [["id", 1129]]
  [1m[35mRoute Load (0.3ms)[0m  SELECT "routes".* FROM "routes" WHERE "routes"."id" = 235 LIMIT 1
  [1m[36mCACHE (0.0ms)[0m  [1mSELECT "places".* FROM "places" WHERE "places"."id" = $1 LIMIT 1[0m  [["id", 1129]]
  [1m[35mPlace Load (0.2ms)[0m  SELECT "places".* FROM "places" WHERE "places"."id" = $1 LIMIT 1  [["id", 207]]
  [1m[36mRoute Load (0.3ms)[0m  [1mSELECT "routes".* FROM "routes" WHERE "routes"."id" = 234 LIMIT 1[0m
  [1m[35mCACHE (0.0ms)[0m  SELECT "places".* FROM "places" WHERE "places"."id" = $1 LIMIT 1  [["id", 207]]
  [1m[36mPlace Load (0.3ms)[0m  [1mSELECT "places".* FROM "places" WHERE "places"."id" = $1 LIMIT 1[0m  [["id", 650]]
  [1m[35mRoute Load (0.3ms)[0m  SELECT "routes".* FROM "routes" WHERE "routes"."id" = 233 LIMIT 1
  [1m[36mCACHE (0.0ms)[0m  [1mSELECT "places".* FROM "places" WHERE "places"."id" = $1 LIMIT 1[0m  [["id", 650]]
  [1m[35mPlace Load (0.2ms)[0m  SELECT "places".* FROM "places" WHERE "places"."id" = $1 LIMIT 1  [["id", 45]]
  [1m[36mRoute Load (0.3ms)[0m  [1mSELECT "routes".* FROM "routes" WHERE "routes"."id" = 231 LIMIT 1[0m
  [1m[35mCACHE (0.0ms)[0m  SELECT "places".* FROM "places" WHERE "places"."id" = $1 LIMIT 1  [["id", 45]]
  [1m[36mPlace Load (0.2ms)[0m  [1mSELECT "places".* FROM "places" WHERE "places"."id" = $1 LIMIT 1[0m  [["id", 976]]
  [1m[35mRoute Load (0.3ms)[0m  SELECT "routes".* FROM "routes" WHERE "routes"."id" = 219 LIMIT 1
  [1m[36mCACHE (0.0ms)[0m  [1mSELECT "places".* FROM "places" WHERE "places"."id" = $1 LIMIT 1[0m  [["id", 976]]
  [1m[35mPlace Load (0.2ms)[0m  SELECT "places".* FROM "places" WHERE "places"."id" = $1 LIMIT 1  [["id", 1119]]
  [1m[36mRoute Load (0.3ms)[0m  [1mSELECT "routes".* FROM "routes" WHERE "routes"."id" = 22 LIMIT 1[0m
  [1m[35mRoute Load (0.3ms)[0m  SELECT "routes".* FROM "routes" WHERE "routes"."id" = 272 LIMIT 1
  [1m[36mPlace Load (0.3ms)[0m  [1mSELECT "places".* FROM "places" WHERE "places"."id" = 974 LIMIT 1[0m
  [1m[35mCACHE (0.0ms)[0m  SELECT "places".* FROM "places" WHERE "places"."id" = 974 LIMIT 1
  [1m[36mRoute Load (0.3ms)[0m  [1mselect * from routes where startplace_id = 974[0m
  [1m[35mRoute Load (0.3ms)[0m  select * from routes where endplace_id = 974
  [1m[36mCACHE (0.0ms)[0m  [1mSELECT "places".* FROM "places" WHERE "places"."id" = $1 LIMIT 1[0m  [["id", 974]]
  [1m[35mPlace Load (0.2ms)[0m  SELECT "places".* FROM "places" WHERE "places"."id" = $1 LIMIT 1  [["id", 471]]
  [1m[36mCACHE (0.0ms)[0m  [1mSELECT "places".* FROM "places" WHERE "places"."id" = $1 LIMIT 1[0m  [["id", 1130]]
  [1m[35mPlace Load (0.2ms)[0m  SELECT "places".* FROM "places" WHERE "places"."id" = $1 LIMIT 1  [["id", 1124]]
BNewroutes
419
{:place=>974, :route=>[272, 22, -219, -231, -233, -234, -235, -238, 222, 223, 224, -239, -240, -228], :url=>"xrv-229xrv-228xrv-240xrv-239xrv224xrv223xrv222xrv-238xrv-235xrv-234xrv-233xrv-231xrv-219xrv22xrv272"}
  [1m[36mCACHE (0.0ms)[0m  [1mSELECT "places".* FROM "places" WHERE "places"."id" = 974 LIMIT 1[0m
  [1m[35m (1.2ms)[0m  SELECT COUNT(*) FROM "route_indices" WHERE (url = 'xrv-229xrv-228xrv-240xrv-239xrv224xrv223xrv222xrv-238xrv-235xrv-234xrv-233xrv-231xrv-219xrv22xrv272')
  [1m[36mPlaceType Load (0.2ms)[0m  [1mselect * from place_types where name='Roadend'[0m
  [1m[35mSQL (0.5ms)[0m  INSERT INTO "route_indices" ("created_at", "endplace_id", "isDest", "startplace_id", "updated_at", "url") VALUES ($1, $2, $3, $4, $5, $6) RETURNING "id"  [["created_at", Mon, 27 Oct 2014 10:08:14 NZDT +13:00], ["endplace_id", 974], ["isDest", true], ["startplace_id", 419], ["updated_at", Mon, 27 Oct 2014 10:08:14 NZDT +13:00], ["url", "xrv-229xrv-228xrv-240xrv-239xrv224xrv223xrv222xrv-238xrv-235xrv-234xrv-233xrv-231xrv-219xrv22xrv272"]]
  [1m[36mPlace Load (0.3ms)[0m  [1mSELECT "places".* FROM "places" WHERE "places"."id" = 1125 LIMIT 1[0m
  [1m[35mPlaceType Load (0.2ms)[0m  select name, "isDest" from place_types
  [1m[36mRoute Load (0.4ms)[0m  [1mSELECT "routes".* FROM "routes" WHERE "routes"."id" = 227 LIMIT 1[0m
  [1m[35mRoute Load (0.3ms)[0m  SELECT "routes".* FROM "routes" WHERE "routes"."id" = 240 LIMIT 1
  [1m[36mPlace Load (0.2ms)[0m  [1mSELECT "places".* FROM "places" WHERE "places"."id" = $1 LIMIT 1[0m  [["id", 1126]]
  [1m[35mPlace Load (0.2ms)[0m  SELECT "places".* FROM "places" WHERE "places"."id" = $1 LIMIT 1  [["id", 1130]]
  [1m[36mRoute Load (0.3ms)[0m  [1mSELECT "routes".* FROM "routes" WHERE "routes"."id" = 239 LIMIT 1[0m
  [1m[35mCACHE (0.0ms)[0m  SELECT "places".* FROM "places" WHERE "places"."id" = $1 LIMIT 1  [["id", 1130]]
  [1m[36mPlace Load (0.2ms)[0m  [1mSELECT "places".* FROM "places" WHERE "places"."id" = $1 LIMIT 1[0m  [["id", 974]]
  [1m[35mRoute Load (0.3ms)[0m  SELECT "routes".* FROM "routes" WHERE "routes"."id" = 224 LIMIT 1
  [1m[36mRoute Load (0.3ms)[0m  [1mSELECT "routes".* FROM "routes" WHERE "routes"."id" = 223 LIMIT 1[0m
  [1m[35mRoute Load (0.3ms)[0m  SELECT "routes".* FROM "routes" WHERE "routes"."id" = 222 LIMIT 1
  [1m[36mRoute Load (0.3ms)[0m  [1mSELECT "routes".* FROM "routes" WHERE "routes"."id" = 238 LIMIT 1[0m
  [1m[35mPlace Load (0.2ms)[0m  SELECT "places".* FROM "places" WHERE "places"."id" = $1 LIMIT 1  [["id", 975]]
  [1m[36mPlace Load (53.0ms)[0m  [1mSELECT "places".* FROM "places" WHERE "places"."id" = $1 LIMIT 1[0m  [["id", 1129]]
  [1m[35mRoute Load (0.7ms)[0m  SELECT "routes".* FROM "routes" WHERE "routes"."id" = 235 LIMIT 1
  [1m[36mCACHE (0.0ms)[0m  [1mSELECT "places".* FROM "places" WHERE "places"."id" = $1 LIMIT 1[0m  [["id", 1129]]
  [1m[35mPlace Load (0.3ms)[0m  SELECT "places".* FROM "places" WHERE "places"."id" = $1 LIMIT 1  [["id", 207]]
  [1m[36mRoute Load (0.4ms)[0m  [1mSELECT "routes".* FROM "routes" WHERE "routes"."id" = 234 LIMIT 1[0m
  [1m[35mCACHE (0.0ms)[0m  SELECT "places".* FROM "places" WHERE "places"."id" = $1 LIMIT 1  [["id", 207]]
  [1m[36mPlace Load (0.2ms)[0m  [1mSELECT "places".* FROM "places" WHERE "places"."id" = $1 LIMIT 1[0m  [["id", 650]]
  [1m[35mRoute Load (0.3ms)[0m  SELECT "routes".* FROM "routes" WHERE "routes"."id" = 233 LIMIT 1
  [1m[36mCACHE (0.0ms)[0m  [1mSELECT "places".* FROM "places" WHERE "places"."id" = $1 LIMIT 1[0m  [["id", 650]]
  [1m[35mPlace Load (0.2ms)[0m  SELECT "places".* FROM "places" WHERE "places"."id" = $1 LIMIT 1  [["id", 45]]
  [1m[36mRoute Load (0.3ms)[0m  [1mSELECT "routes".* FROM "routes" WHERE "routes"."id" = 231 LIMIT 1[0m
  [1m[35mCACHE (0.0ms)[0m  SELECT "places".* FROM "places" WHERE "places"."id" = $1 LIMIT 1  [["id", 45]]
  [1m[36mPlace Load (0.2ms)[0m  [1mSELECT "places".* FROM "places" WHERE "places"."id" = $1 LIMIT 1[0m  [["id", 976]]
  [1m[35mRoute Load (0.3ms)[0m  SELECT "routes".* FROM "routes" WHERE "routes"."id" = 219 LIMIT 1
  [1m[36mCACHE (0.0ms)[0m  [1mSELECT "places".* FROM "places" WHERE "places"."id" = $1 LIMIT 1[0m  [["id", 976]]
  [1m[35mPlace Load (0.2ms)[0m  SELECT "places".* FROM "places" WHERE "places"."id" = $1 LIMIT 1  [["id", 1119]]
  [1m[36mRoute Load (0.3ms)[0m  [1mSELECT "routes".* FROM "routes" WHERE "routes"."id" = 22 LIMIT 1[0m
  [1m[35mRoute Load (0.3ms)[0m  SELECT "routes".* FROM "routes" WHERE "routes"."id" = 272 LIMIT 1
  [1m[36mPlace Load (0.3ms)[0m  [1mSELECT "places".* FROM "places" WHERE "places"."id" = 974 LIMIT 1[0m
  [1m[35mCACHE (0.0ms)[0m  SELECT "places".* FROM "places" WHERE "places"."id" = 974 LIMIT 1
  [1m[36mRoute Load (0.3ms)[0m  [1mselect * from routes where startplace_id = 974[0m
  [1m[35mRoute Load (0.3ms)[0m  select * from routes where endplace_id = 974
  [1m[36mCACHE (0.0ms)[0m  [1mSELECT "places".* FROM "places" WHERE "places"."id" = $1 LIMIT 1[0m  [["id", 974]]
  [1m[35mPlace Load (0.2ms)[0m  SELECT "places".* FROM "places" WHERE "places"."id" = $1 LIMIT 1  [["id", 471]]
  [1m[36mCACHE (0.0ms)[0m  [1mSELECT "places".* FROM "places" WHERE "places"."id" = $1 LIMIT 1[0m  [["id", 1130]]
  [1m[35mPlace Load (0.2ms)[0m  SELECT "places".* FROM "places" WHERE "places"."id" = $1 LIMIT 1  [["id", 1124]]
BNewroutes
1125
{:place=>974, :route=>[272, 22, -219, -231, -233, -234, -235, -238, 222, 223, 224, -239, -240, 227], :url=>"xrv226xrv227xrv-240xrv-239xrv224xrv223xrv222xrv-238xrv-235xrv-234xrv-233xrv-231xrv-219xrv22xrv272"}
  [1m[36mCACHE (0.0ms)[0m  [1mSELECT "places".* FROM "places" WHERE "places"."id" = 974 LIMIT 1[0m
  [1m[35m (1.4ms)[0m  SELECT COUNT(*) FROM "route_indices" WHERE (url = 'xrv226xrv227xrv-240xrv-239xrv224xrv223xrv222xrv-238xrv-235xrv-234xrv-233xrv-231xrv-219xrv22xrv272')
  [1m[36mPlaceType Load (0.2ms)[0m  [1mselect * from place_types where name='Roadend'[0m
  [1m[35mSQL (0.6ms)[0m  INSERT INTO "route_indices" ("created_at", "endplace_id", "isDest", "startplace_id", "updated_at", "url") VALUES ($1, $2, $3, $4, $5, $6) RETURNING "id"  [["created_at", Mon, 27 Oct 2014 10:08:14 NZDT +13:00], ["endplace_id", 974], ["isDest", true], ["startplace_id", 1125], ["updated_at", Mon, 27 Oct 2014 10:08:14 NZDT +13:00], ["url", "xrv226xrv227xrv-240xrv-239xrv224xrv223xrv222xrv-238xrv-235xrv-234xrv-233xrv-231xrv-219xrv22xrv272"]]
  [1m[36mPlace Load (0.3ms)[0m  [1mSELECT "places".* FROM "places" WHERE "places"."id" = 1128 LIMIT 1[0m
  [1m[35mPlaceType Load (0.2ms)[0m  select name, "isDest" from place_types
  [1m[36mRoute Load (0.3ms)[0m  [1mSELECT "routes".* FROM "routes" WHERE "routes"."id" = 229 LIMIT 1[0m
  [1m[35mPlace Load (0.2ms)[0m  SELECT "places".* FROM "places" WHERE "places"."id" = $1 LIMIT 1  [["id", 419]]
  [1m[36mPlace Load (0.2ms)[0m  [1mSELECT "places".* FROM "places" WHERE "places"."id" = $1 LIMIT 1[0m  [["id", 1127]]
  [1m[35mRoute Load (0.3ms)[0m  SELECT "routes".* FROM "routes" WHERE "routes"."id" = 228 LIMIT 1
  [1m[36mCACHE (0.0ms)[0m  [1mSELECT "places".* FROM "places" WHERE "places"."id" = $1 LIMIT 1[0m  [["id", 1127]]
  [1m[35mPlace Load (0.2ms)[0m  SELECT "places".* FROM "places" WHERE "places"."id" = $1 LIMIT 1  [["id", 1126]]
  [1m[36mRoute Load (0.3ms)[0m  [1mSELECT "routes".* FROM "routes" WHERE "routes"."id" = 227 LIMIT 1[0m
  [1m[35mCACHE (0.0ms)[0m  SELECT "places".* FROM "places" WHERE "places"."id" = $1 LIMIT 1  [["id", 1126]]
  [1m[36mPlace Load (0.2ms)[0m  [1mSELECT "places".* FROM "places" WHERE "places"."id" = $1 LIMIT 1[0m  [["id", 769]]
  [1m[35mRoute Load (0.3ms)[0m  SELECT "routes".* FROM "routes" WHERE "routes"."id" = 226 LIMIT 1
  [1m[36mCACHE (0.0ms)[0m  [1mSELECT "places".* FROM "places" WHERE "places"."id" = $1 LIMIT 1[0m  [["id", 769]]
  [1m[35mPlace Load (0.2ms)[0m  SELECT "places".* FROM "places" WHERE "places"."id" = $1 LIMIT 1  [["id", 1125]]
  [1m[36mRoute Load (0.3ms)[0m  [1mSELECT "routes".* FROM "routes" WHERE "routes"."id" = 225 LIMIT 1[0m
  [1m[35mCACHE (0.0ms)[0m  SELECT "places".* FROM "places" WHERE "places"."id" = $1 LIMIT 1  [["id", 1125]]
  [1m[36mPlace Load (0.2ms)[0m  [1mSELECT "places".* FROM "places" WHERE "places"."id" = $1 LIMIT 1[0m  [["id", 1123]]
  [1m[35mRoute Load (0.3ms)[0m  SELECT "routes".* FROM "routes" WHERE "routes"."id" = 223 LIMIT 1
  [1m[36mCACHE (0.0ms)[0m  [1mSELECT "places".* FROM "places" WHERE "places"."id" = $1 LIMIT 1[0m  [["id", 1123]]
  [1m[35mPlace Load (0.2ms)[0m  SELECT "places".* FROM "places" WHERE "places"."id" = $1 LIMIT 1  [["id", 1124]]
  [1m[36mRoute Load (0.3ms)[0m  [1mSELECT "routes".* FROM "routes" WHERE "routes"."id" = 237 LIMIT 1[0m
  [1m[35mCACHE (0.0ms)[0m  SELECT "places".* FROM "places" WHERE "places"."id" = $1 LIMIT 1  [["id", 1124]]
  [1m[36mPlace Load (0.2ms)[0m  [1mSELECT "places".* FROM "places" WHERE "places"."id" = $1 LIMIT 1[0m  [["id", 1129]]
  [1m[35mRoute Load (0.3ms)[0m  SELECT "routes".* FROM "routes" WHERE "routes"."id" = 238 LIMIT 1
  [1m[36mRoute Load (0.3ms)[0m  [1mSELECT "routes".* FROM "routes" WHERE "routes"."id" = 221 LIMIT 1[0m
  [1m[35mRoute Load (0.3ms)[0m  SELECT "routes".* FROM "routes" WHERE "routes"."id" = 21 LIMIT 1
  [1m[36mRoute Load (0.3ms)[0m  [1mSELECT "routes".* FROM "routes" WHERE "routes"."id" = 220 LIMIT 1[0m
  [1m[35mRoute Load (0.3ms)[0m  SELECT "routes".* FROM "routes" WHERE "routes"."id" = 219 LIMIT 1
  [1m[36mPlace Load (0.2ms)[0m  [1mSELECT "places".* FROM "places" WHERE "places"."id" = $1 LIMIT 1[0m  [["id", 976]]
  [1m[35mPlace Load (0.2ms)[0m  SELECT "places".* FROM "places" WHERE "places"."id" = $1 LIMIT 1  [["id", 1119]]
  [1m[36mRoute Load (0.3ms)[0m  [1mSELECT "routes".* FROM "routes" WHERE "routes"."id" = 22 LIMIT 1[0m
  [1m[35mRoute Load (0.3ms)[0m  SELECT "routes".* FROM "routes" WHERE "routes"."id" = 272 LIMIT 1
  [1m[36mPlace Load (0.2ms)[0m  [1mSELECT "places".* FROM "places" WHERE "places"."id" = 974 LIMIT 1[0m
  [1m[35mCACHE (0.0ms)[0m  SELECT "places".* FROM "places" WHERE "places"."id" = 974 LIMIT 1
  [1m[36mRoute Load (0.3ms)[0m  [1mselect * from routes where startplace_id = 974[0m
  [1m[35mRoute Load (0.3ms)[0m  select * from routes where endplace_id = 974
  [1m[36mPlace Load (0.2ms)[0m  [1mSELECT "places".* FROM "places" WHERE "places"."id" = $1 LIMIT 1[0m  [["id", 974]]
  [1m[35mPlace Load (0.2ms)[0m  SELECT "places".* FROM "places" WHERE "places"."id" = $1 LIMIT 1  [["id", 471]]
  [1m[36mPlace Load (0.2ms)[0m  [1mSELECT "places".* FROM "places" WHERE "places"."id" = $1 LIMIT 1[0m  [["id", 1130]]
  [1m[35mCACHE (0.0ms)[0m  SELECT "places".* FROM "places" WHERE "places"."id" = $1 LIMIT 1  [["id", 1124]]
BNewroutes
1128
{:place=>974, :route=>[272, 22, -219, 220, 21, 221, 238, -237, -223, -225, -226, -227, -228, -229], :url=>"xrv-230xrv-229xrv-228xrv-227xrv-226xrv-225xrv-223xrv-237xrv238xrv221xrv21xrv220xrv-219xrv22xrv272"}
  [1m[36mCACHE (0.0ms)[0m  [1mSELECT "places".* FROM "places" WHERE "places"."id" = 974 LIMIT 1[0m
  [1m[35m (1.2ms)[0m  SELECT COUNT(*) FROM "route_indices" WHERE (url = 'xrv-230xrv-229xrv-228xrv-227xrv-226xrv-225xrv-223xrv-237xrv238xrv221xrv21xrv220xrv-219xrv22xrv272')
  [1m[36mPlaceType Load (0.2ms)[0m  [1mselect * from place_types where name='Roadend'[0m
  [1m[35mSQL (0.5ms)[0m  INSERT INTO "route_indices" ("created_at", "endplace_id", "isDest", "startplace_id", "updated_at", "url") VALUES ($1, $2, $3, $4, $5, $6) RETURNING "id"  [["created_at", Mon, 27 Oct 2014 10:08:14 NZDT +13:00], ["endplace_id", 974], ["isDest", true], ["startplace_id", 1128], ["updated_at", Mon, 27 Oct 2014 10:08:14 NZDT +13:00], ["url", "xrv-230xrv-229xrv-228xrv-227xrv-226xrv-225xrv-223xrv-237xrv238xrv221xrv21xrv220xrv-219xrv22xrv272"]]
  [1m[36mPlace Load (0.3ms)[0m  [1mSELECT "places".* FROM "places" WHERE "places"."id" = 1123 LIMIT 1[0m
  [1m[35mPlaceType Load (0.2ms)[0m  select name, "isDest" from place_types
  [1m[36mRoute Load (0.3ms)[0m  [1mSELECT "routes".* FROM "routes" WHERE "routes"."id" = 226 LIMIT 1[0m
  [1m[35mRoute Load (0.3ms)[0m  SELECT "routes".* FROM "routes" WHERE "routes"."id" = 227 LIMIT 1
  [1m[36mRoute Load (0.3ms)[0m  [1mSELECT "routes".* FROM "routes" WHERE "routes"."id" = 240 LIMIT 1[0m
  [1m[35mPlace Load (0.2ms)[0m  SELECT "places".* FROM "places" WHERE "places"."id" = $1 LIMIT 1  [["id", 1126]]
  [1m[36mPlace Load (0.2ms)[0m  [1mSELECT "places".* FROM "places" WHERE "places"."id" = $1 LIMIT 1[0m  [["id", 1130]]
  [1m[35mRoute Load (0.3ms)[0m  SELECT "routes".* FROM "routes" WHERE "routes"."id" = 239 LIMIT 1
  [1m[36mCACHE (0.0ms)[0m  [1mSELECT "places".* FROM "places" WHERE "places"."id" = $1 LIMIT 1[0m  [["id", 1130]]
  [1m[35mPlace Load (0.2ms)[0m  SELECT "places".* FROM "places" WHERE "places"."id" = $1 LIMIT 1  [["id", 974]]
  [1m[36mRoute Load (0.3ms)[0m  [1mSELECT "routes".* FROM "routes" WHERE "routes"."id" = 224 LIMIT 1[0m
  [1m[35mRoute Load (0.3ms)[0m  SELECT "routes".* FROM "routes" WHERE "routes"."id" = 237 LIMIT 1
  [1m[36mPlace Load (0.2ms)[0m  [1mSELECT "places".* FROM "places" WHERE "places"."id" = $1 LIMIT 1[0m  [["id", 1124]]
  [1m[35mPlace Load (0.2ms)[0m  SELECT "places".* FROM "places" WHERE "places"."id" = $1 LIMIT 1  [["id", 1129]]
  [1m[36mRoute Load (0.3ms)[0m  [1mSELECT "routes".* FROM "routes" WHERE "routes"."id" = 238 LIMIT 1[0m
  [1m[35mRoute Load (0.3ms)[0m  SELECT "routes".* FROM "routes" WHERE "routes"."id" = 221 LIMIT 1
  [1m[36mRoute Load (0.3ms)[0m  [1mSELECT "routes".* FROM "routes" WHERE "routes"."id" = 21 LIMIT 1[0m
  [1m[35mRoute Load (0.3ms)[0m  SELECT "routes".* FROM "routes" WHERE "routes"."id" = 220 LIMIT 1
  [1m[36mRoute Load (0.3ms)[0m  [1mSELECT "routes".* FROM "routes" WHERE "routes"."id" = 219 LIMIT 1[0m
  [1m[35mPlace Load (0.2ms)[0m  SELECT "places".* FROM "places" WHERE "places"."id" = $1 LIMIT 1  [["id", 976]]
  [1m[36mPlace Load (0.2ms)[0m  [1mSELECT "places".* FROM "places" WHERE "places"."id" = $1 LIMIT 1[0m  [["id", 1119]]
  [1m[35mRoute Load (0.3ms)[0m  SELECT "routes".* FROM "routes" WHERE "routes"."id" = 22 LIMIT 1
  [1m[36mRoute Load (0.3ms)[0m  [1mSELECT "routes".* FROM "routes" WHERE "routes"."id" = 272 LIMIT 1[0m
  [1m[35mPlace Load (0.3ms)[0m  SELECT "places".* FROM "places" WHERE "places"."id" = 974 LIMIT 1
  [1m[36mCACHE (0.0ms)[0m  [1mSELECT "places".* FROM "places" WHERE "places"."id" = 974 LIMIT 1[0m
  [1m[35mRoute Load (0.3ms)[0m  select * from routes where startplace_id = 974
  [1m[36mRoute Load (0.3ms)[0m  [1mselect * from routes where endplace_id = 974[0m
  [1m[35mCACHE (0.0ms)[0m  SELECT "places".* FROM "places" WHERE "places"."id" = $1 LIMIT 1  [["id", 974]]
  [1m[36mPlace Load (0.2ms)[0m  [1mSELECT "places".* FROM "places" WHERE "places"."id" = $1 LIMIT 1[0m  [["id", 471]]
  [1m[35mCACHE (0.0ms)[0m  SELECT "places".* FROM "places" WHERE "places"."id" = $1 LIMIT 1  [["id", 1130]]
  [1m[36mCACHE (0.0ms)[0m  [1mSELECT "places".* FROM "places" WHERE "places"."id" = $1 LIMIT 1[0m  [["id", 1124]]
BNewroutes
1123
{:place=>974, :route=>[272, 22, -219, 220, 21, 221, 238, -237, 224, -239, -240, 227, 226], :url=>"xrv225xrv226xrv227xrv-240xrv-239xrv224xrv-237xrv238xrv221xrv21xrv220xrv-219xrv22xrv272"}
  [1m[35mCACHE (0.0ms)[0m  SELECT "places".* FROM "places" WHERE "places"."id" = 974 LIMIT 1
  [1m[36m (1.3ms)[0m  [1mSELECT COUNT(*) FROM "route_indices" WHERE (url = 'xrv225xrv226xrv227xrv-240xrv-239xrv224xrv-237xrv238xrv221xrv21xrv220xrv-219xrv22xrv272')[0m
  [1m[35mPlaceType Load (0.2ms)[0m  select * from place_types where name='Roadend'
  [1m[36mSQL (0.5ms)[0m  [1mINSERT INTO "route_indices" ("created_at", "endplace_id", "isDest", "startplace_id", "updated_at", "url") VALUES ($1, $2, $3, $4, $5, $6) RETURNING "id"[0m  [["created_at", Mon, 27 Oct 2014 10:08:14 NZDT +13:00], ["endplace_id", 974], ["isDest", true], ["startplace_id", 1123], ["updated_at", Mon, 27 Oct 2014 10:08:14 NZDT +13:00], ["url", "xrv225xrv226xrv227xrv-240xrv-239xrv224xrv-237xrv238xrv221xrv21xrv220xrv-219xrv22xrv272"]]
  [1m[35mPlace Load (0.3ms)[0m  SELECT "places".* FROM "places" WHERE "places"."id" = 207 LIMIT 1
  [1m[36mPlaceType Load (0.2ms)[0m  [1mselect name, "isDest" from place_types[0m
  [1m[35mRoute Load (0.3ms)[0m  SELECT "routes".* FROM "routes" WHERE "routes"."id" = 237 LIMIT 1
  [1m[36mRoute Load (0.3ms)[0m  [1mSELECT "routes".* FROM "routes" WHERE "routes"."id" = 224 LIMIT 1[0m
  [1m[35mPlace Load (0.2ms)[0m  SELECT "places".* FROM "places" WHERE "places"."id" = $1 LIMIT 1  [["id", 1124]]
  [1m[36mPlace Load (0.2ms)[0m  [1mSELECT "places".* FROM "places" WHERE "places"."id" = $1 LIMIT 1[0m  [["id", 974]]
  [1m[35mRoute Load (0.3ms)[0m  SELECT "routes".* FROM "routes" WHERE "routes"."id" = 239 LIMIT 1
  [1m[36mRoute Load (0.3ms)[0m  [1mSELECT "routes".* FROM "routes" WHERE "routes"."id" = 240 LIMIT 1[0m
  [1m[35mRoute Load (0.3ms)[0m  SELECT "routes".* FROM "routes" WHERE "routes"."id" = 227 LIMIT 1
  [1m[36mPlace Load (0.2ms)[0m  [1mSELECT "places".* FROM "places" WHERE "places"."id" = $1 LIMIT 1[0m  [["id", 1126]]
  [1m[35mPlace Load (0.2ms)[0m  SELECT "places".* FROM "places" WHERE "places"."id" = $1 LIMIT 1  [["id", 769]]
  [1m[36mRoute Load (0.3ms)[0m  [1mSELECT "routes".* FROM "routes" WHERE "routes"."id" = 226 LIMIT 1[0m
  [1m[35mCACHE (0.0ms)[0m  SELECT "places".* FROM "places" WHERE "places"."id" = $1 LIMIT 1  [["id", 769]]
  [1m[36mPlace Load (0.2ms)[0m  [1mSELECT "places".* FROM "places" WHERE "places"."id" = $1 LIMIT 1[0m  [["id", 1125]]
  [1m[35mRoute Load (0.3ms)[0m  SELECT "routes".* FROM "routes" WHERE "routes"."id" = 225 LIMIT 1
  [1m[36mCACHE (0.0ms)[0m  [1mSELECT "places".* FROM "places" WHERE "places"."id" = $1 LIMIT 1[0m  [["id", 1125]]
  [1m[35mPlace Load (0.2ms)[0m  SELECT "places".* FROM "places" WHERE "places"."id" = $1 LIMIT 1  [["id", 1123]]
  [1m[36mRoute Load (0.3ms)[0m  [1mSELECT "routes".* FROM "routes" WHERE "routes"."id" = 222 LIMIT 1[0m
  [1m[35mRoute Load (0.3ms)[0m  SELECT "routes".* FROM "routes" WHERE "routes"."id" = 221 LIMIT 1
  [1m[36mRoute Load (0.3ms)[0m  [1mSELECT "routes".* FROM "routes" WHERE "routes"."id" = 21 LIMIT 1[0m
  [1m[35mRoute Load (0.3ms)[0m  SELECT "routes".* FROM "routes" WHERE "routes"."id" = 220 LIMIT 1
  [1m[36mRoute Load (0.3ms)[0m  [1mSELECT "routes".* FROM "routes" WHERE "routes"."id" = 219 LIMIT 1[0m
  [1m[35mPlace Load (0.2ms)[0m  SELECT "places".* FROM "places" WHERE "places"."id" = $1 LIMIT 1  [["id", 976]]
  [1m[36mPlace Load (0.2ms)[0m  [1mSELECT "places".* FROM "places" WHERE "places"."id" = $1 LIMIT 1[0m  [["id", 1119]]
  [1m[35mRoute Load (0.3ms)[0m  SELECT "routes".* FROM "routes" WHERE "routes"."id" = 22 LIMIT 1
  [1m[36mRoute Load (0.3ms)[0m  [1mSELECT "routes".* FROM "routes" WHERE "routes"."id" = 272 LIMIT 1[0m
  [1m[35mPlace Load (0.2ms)[0m  SELECT "places".* FROM "places" WHERE "places"."id" = 974 LIMIT 1
  [1m[36mCACHE (0.0ms)[0m  [1mSELECT "places".* FROM "places" WHERE "places"."id" = 974 LIMIT 1[0m
  [1m[35mRoute Load (0.3ms)[0m  select * from routes where startplace_id = 974
  [1m[36mRoute Load (0.3ms)[0m  [1mselect * from routes where endplace_id = 974[0m
  [1m[35mCACHE (0.0ms)[0m  SELECT "places".* FROM "places" WHERE "places"."id" = $1 LIMIT 1  [["id", 974]]
  [1m[36mPlace Load (0.2ms)[0m  [1mSELECT "places".* FROM "places" WHERE "places"."id" = $1 LIMIT 1[0m  [["id", 471]]
  [1m[35mPlace Load (0.2ms)[0m  SELECT "places".* FROM "places" WHERE "places"."id" = $1 LIMIT 1  [["id", 1130]]
  [1m[36mCACHE (0.0ms)[0m  [1mSELECT "places".* FROM "places" WHERE "places"."id" = $1 LIMIT 1[0m  [["id", 1124]]
BNewroutes
207
{:place=>974, :route=>[272, 22, -219, 220, 21, 221, 222, -225, -226, -227, 240, 239, -224, 237], :url=>"xrv235xrv237xrv-224xrv239xrv240xrv-227xrv-226xrv-225xrv222xrv221xrv21xrv220xrv-219xrv22xrv272"}
  [1m[35mCACHE (0.0ms)[0m  SELECT "places".* FROM "places" WHERE "places"."id" = 974 LIMIT 1
  [1m[36m (1.4ms)[0m  [1mSELECT COUNT(*) FROM "route_indices" WHERE (url = 'xrv235xrv237xrv-224xrv239xrv240xrv-227xrv-226xrv-225xrv222xrv221xrv21xrv220xrv-219xrv22xrv272')[0m
  [1m[35mPlaceType Load (0.2ms)[0m  select * from place_types where name='Roadend'
  [1m[36mSQL (0.4ms)[0m  [1mINSERT INTO "route_indices" ("created_at", "endplace_id", "isDest", "startplace_id", "updated_at", "url") VALUES ($1, $2, $3, $4, $5, $6) RETURNING "id"[0m  [["created_at", Mon, 27 Oct 2014 10:08:14 NZDT +13:00], ["endplace_id", 974], ["isDest", true], ["startplace_id", 207], ["updated_at", Mon, 27 Oct 2014 10:08:14 NZDT +13:00], ["url", "xrv235xrv237xrv-224xrv239xrv240xrv-227xrv-226xrv-225xrv222xrv221xrv21xrv220xrv-219xrv22xrv272"]]
  [1m[35mPlace Load (0.3ms)[0m  SELECT "places".* FROM "places" WHERE "places"."id" = 974 LIMIT 1
  [1m[36mPlaceType Load (0.2ms)[0m  [1mselect name, "isDest" from place_types[0m
  [1m[35mCACHE (0.0ms)[0m  SELECT "places".* FROM "places" WHERE "places"."id" = 974 LIMIT 1
  [1m[36mCACHE (0.0ms)[0m  [1mSELECT "places".* FROM "places" WHERE "places"."id" = 974 LIMIT 1[0m
  [1m[35mRoute Load (0.3ms)[0m  select * from routes where startplace_id = 974
  [1m[36mRoute Load (0.3ms)[0m  [1mselect * from routes where endplace_id = 974[0m
  [1m[35mPlace Load (0.2ms)[0m  SELECT "places".* FROM "places" WHERE "places"."id" = $1 LIMIT 1  [["id", 974]]
  [1m[36mPlace Load (0.2ms)[0m  [1mSELECT "places".* FROM "places" WHERE "places"."id" = $1 LIMIT 1[0m  [["id", 471]]
  [1m[35mPlace Load (0.2ms)[0m  SELECT "places".* FROM "places" WHERE "places"."id" = $1 LIMIT 1  [["id", 1130]]
  [1m[36mPlace Load (0.2ms)[0m  [1mSELECT "places".* FROM "places" WHERE "places"."id" = $1 LIMIT 1[0m  [["id", 1124]]
  [1m[35mPlace Load (0.3ms)[0m  SELECT "places".* FROM "places" WHERE "places"."id" = 1130 LIMIT 1
  [1m[36mRoute Load (0.3ms)[0m  [1mselect * from routes where startplace_id = 1130[0m
  [1m[35mRoute Load (0.3ms)[0m  select * from routes where endplace_id = 1130
  [1m[36mCACHE (0.0ms)[0m  [1mSELECT "places".* FROM "places" WHERE "places"."id" = $1 LIMIT 1[0m  [["id", 1130]]
  [1m[35mCACHE (0.0ms)[0m  SELECT "places".* FROM "places" WHERE "places"."id" = $1 LIMIT 1  [["id", 974]]
  [1m[36mPlace Load (0.2ms)[0m  [1mSELECT "places".* FROM "places" WHERE "places"."id" = $1 LIMIT 1[0m  [["id", 1126]]
  [1m[35mPlace Load (0.2ms)[0m  SELECT "places".* FROM "places" WHERE "places"."id" = 1124 LIMIT 1
  [1m[36mRoute Load (0.3ms)[0m  [1mselect * from routes where startplace_id = 1124[0m
  [1m[35mRoute Load (0.3ms)[0m  select * from routes where endplace_id = 1124
  [1m[36mCACHE (0.0ms)[0m  [1mSELECT "places".* FROM "places" WHERE "places"."id" = $1 LIMIT 1[0m  [["id", 1124]]
  [1m[35mPlace Load (0.2ms)[0m  SELECT "places".* FROM "places" WHERE "places"."id" = $1 LIMIT 1  [["id", 1129]]
  [1m[36mCACHE (0.0ms)[0m  [1mSELECT "places".* FROM "places" WHERE "places"."id" = $1 LIMIT 1[0m  [["id", 1124]]
  [1m[35mCACHE (0.0ms)[0m  SELECT "places".* FROM "places" WHERE "places"."id" = $1 LIMIT 1  [["id", 974]]
  [1m[36mPlace Load (0.2ms)[0m  [1mSELECT "places".* FROM "places" WHERE "places"."id" = $1 LIMIT 1[0m  [["id", 1123]]
  [1m[35mPlace Load (0.2ms)[0m  SELECT "places".* FROM "places" WHERE "places"."id" = 471 LIMIT 1
  [1m[36mRoute Load (0.3ms)[0m  [1mselect * from routes where startplace_id = 471[0m
  [1m[35mRoute Load (0.3ms)[0m  select * from routes where endplace_id = 471
  [1m[36mCACHE (0.0ms)[0m  [1mSELECT "places".* FROM "places" WHERE "places"."id" = $1 LIMIT 1[0m  [["id", 471]]
  [1m[35mPlace Load (0.3ms)[0m  SELECT "places".* FROM "places" WHERE "places"."id" = $1 LIMIT 1  [["id", 1119]]
  [1m[36mCACHE (0.0ms)[0m  [1mSELECT "places".* FROM "places" WHERE "places"."id" = $1 LIMIT 1[0m  [["id", 974]]
  [1m[35mPlace Load (0.3ms)[0m  SELECT "places".* FROM "places" WHERE "places"."id" = 1126 LIMIT 1
  [1m[36mRoute Load (0.3ms)[0m  [1mselect * from routes where startplace_id = 1126[0m
  [1m[35mRoute Load (0.3ms)[0m  select * from routes where endplace_id = 1126
  [1m[36mCACHE (0.0ms)[0m  [1mSELECT "places".* FROM "places" WHERE "places"."id" = $1 LIMIT 1[0m  [["id", 1126]]
  [1m[35mCACHE (0.0ms)[0m  SELECT "places".* FROM "places" WHERE "places"."id" = $1 LIMIT 1  [["id", 1130]]
  [1m[36mCACHE (0.0ms)[0m  [1mSELECT "places".* FROM "places" WHERE "places"."id" = $1 LIMIT 1[0m  [["id", 1126]]
  [1m[35mPlace Load (0.2ms)[0m  SELECT "places".* FROM "places" WHERE "places"."id" = $1 LIMIT 1  [["id", 769]]
  [1m[36mPlace Load (0.2ms)[0m  [1mSELECT "places".* FROM "places" WHERE "places"."id" = $1 LIMIT 1[0m  [["id", 1127]]
  [1m[35mPlace Load (0.2ms)[0m  SELECT "places".* FROM "places" WHERE "places"."id" = 1123 LIMIT 1
  [1m[36mRoute Load (0.3ms)[0m  [1mselect * from routes where startplace_id = 1123[0m
  [1m[35mRoute Load (0.3ms)[0m  select * from routes where endplace_id = 1123
  [1m[36mCACHE (0.0ms)[0m  [1mSELECT "places".* FROM "places" WHERE "places"."id" = $1 LIMIT 1[0m  [["id", 1123]]
  [1m[35mCACHE (0.0ms)[0m  SELECT "places".* FROM "places" WHERE "places"."id" = $1 LIMIT 1  [["id", 1124]]
  [1m[36mPlace Load (0.2ms)[0m  [1mSELECT "places".* FROM "places" WHERE "places"."id" = $1 LIMIT 1[0m  [["id", 975]]
  [1m[35mPlace Load (0.2ms)[0m  SELECT "places".* FROM "places" WHERE "places"."id" = $1 LIMIT 1  [["id", 1125]]
  [1m[36mPlace Load (0.3ms)[0m  [1mSELECT "places".* FROM "places" WHERE "places"."id" = 1129 LIMIT 1[0m
  [1m[35mRoute Load (0.3ms)[0m  select * from routes where startplace_id = 1129
  [1m[36mRoute Load (0.3ms)[0m  [1mselect * from routes where endplace_id = 1129[0m
  [1m[35mCACHE (0.0ms)[0m  SELECT "places".* FROM "places" WHERE "places"."id" = $1 LIMIT 1  [["id", 1129]]
  [1m[36mPlace Load (0.2ms)[0m  [1mSELECT "places".* FROM "places" WHERE "places"."id" = $1 LIMIT 1[0m  [["id", 207]]
  [1m[35mCACHE (0.0ms)[0m  SELECT "places".* FROM "places" WHERE "places"."id" = $1 LIMIT 1  [["id", 1124]]
  [1m[36mCACHE (0.0ms)[0m  [1mSELECT "places".* FROM "places" WHERE "places"."id" = $1 LIMIT 1[0m  [["id", 975]]
  [1m[35mPlace Load (0.3ms)[0m  SELECT "places".* FROM "places" WHERE "places"."id" = 1119 LIMIT 1
  [1m[36mRoute Load (0.3ms)[0m  [1mselect * from routes where startplace_id = 1119[0m
  [1m[35mRoute Load (0.3ms)[0m  select * from routes where endplace_id = 1119
  [1m[36mCACHE (0.0ms)[0m  [1mSELECT "places".* FROM "places" WHERE "places"."id" = $1 LIMIT 1[0m  [["id", 1119]]
  [1m[35mPlace Load (0.2ms)[0m  SELECT "places".* FROM "places" WHERE "places"."id" = $1 LIMIT 1  [["id", 1120]]
  [1m[36mPlace Load (0.2ms)[0m  [1mSELECT "places".* FROM "places" WHERE "places"."id" = $1 LIMIT 1[0m  [["id", 976]]
  [1m[35mCACHE (0.0ms)[0m  SELECT "places".* FROM "places" WHERE "places"."id" = $1 LIMIT 1  [["id", 471]]
  [1m[36mPlace Load (0.2ms)[0m  [1mSELECT "places".* FROM "places" WHERE "places"."id" = 1127 LIMIT 1[0m
  [1m[35mRoute Load (0.3ms)[0m  select * from routes where startplace_id = 1127
  [1m[36mRoute Load (0.3ms)[0m  [1mselect * from routes where endplace_id = 1127[0m
  [1m[35mCACHE (0.0ms)[0m  SELECT "places".* FROM "places" WHERE "places"."id" = $1 LIMIT 1  [["id", 1127]]
  [1m[36mCACHE (0.0ms)[0m  [1mSELECT "places".* FROM "places" WHERE "places"."id" = $1 LIMIT 1[0m  [["id", 1126]]
  [1m[35mPlace Load (0.2ms)[0m  SELECT "places".* FROM "places" WHERE "places"."id" = $1 LIMIT 1  [["id", 419]]
  [1m[36mPlace Load (0.3ms)[0m  [1mSELECT "places".* FROM "places" WHERE "places"."id" = 769 LIMIT 1[0m
  [1m[35mRoute Load (0.3ms)[0m  select * from routes where startplace_id = 769
  [1m[36mRoute Load (0.3ms)[0m  [1mselect * from routes where endplace_id = 769[0m
  [1m[35mCACHE (0.0ms)[0m  SELECT "places".* FROM "places" WHERE "places"."id" = $1 LIMIT 1  [["id", 769]]
  [1m[36mCACHE (0.0ms)[0m  [1mSELECT "places".* FROM "places" WHERE "places"."id" = $1 LIMIT 1[0m  [["id", 1125]]
  [1m[35mCACHE (0.0ms)[0m  SELECT "places".* FROM "places" WHERE "places"."id" = $1 LIMIT 1  [["id", 1126]]
  [1m[36mPlace Load (0.3ms)[0m  [1mSELECT "places".* FROM "places" WHERE "places"."id" = 975 LIMIT 1[0m
  [1m[35mRoute Load (0.3ms)[0m  select * from routes where startplace_id = 975
  [1m[36mRoute Load (0.3ms)[0m  [1mselect * from routes where endplace_id = 975[0m
  [1m[35mCACHE (0.0ms)[0m  SELECT "places".* FROM "places" WHERE "places"."id" = $1 LIMIT 1  [["id", 975]]
  [1m[36mCACHE (0.0ms)[0m  [1mSELECT "places".* FROM "places" WHERE "places"."id" = $1 LIMIT 1[0m  [["id", 1129]]
  [1m[35mCACHE (0.0ms)[0m  SELECT "places".* FROM "places" WHERE "places"."id" = $1 LIMIT 1  [["id", 975]]
  [1m[36mCACHE (0.0ms)[0m  [1mSELECT "places".* FROM "places" WHERE "places"."id" = $1 LIMIT 1[0m  [["id", 1123]]
  [1m[35mPlace Load (0.2ms)[0m  SELECT "places".* FROM "places" WHERE "places"."id" = $1 LIMIT 1  [["id", 1122]]
  [1m[36mPlace Load (0.3ms)[0m  [1mSELECT "places".* FROM "places" WHERE "places"."id" = 1125 LIMIT 1[0m
  [1m[35mRoute Load (0.3ms)[0m  select * from routes where startplace_id = 1125
  [1m[36mRoute Load (0.3ms)[0m  [1mselect * from routes where endplace_id = 1125[0m
  [1m[35mCACHE (0.0ms)[0m  SELECT "places".* FROM "places" WHERE "places"."id" = $1 LIMIT 1  [["id", 1125]]
  [1m[36mCACHE (0.0ms)[0m  [1mSELECT "places".* FROM "places" WHERE "places"."id" = $1 LIMIT 1[0m  [["id", 1123]]
  [1m[35mCACHE (0.0ms)[0m  SELECT "places".* FROM "places" WHERE "places"."id" = $1 LIMIT 1  [["id", 769]]
  [1m[36mCACHE (0.0ms)[0m  [1mSELECT "places".* FROM "places" WHERE "places"."id" = 975 LIMIT 1[0m
  [1m[35mCACHE (0.0ms)[0m  select * from routes where startplace_id = 975
  [1m[36mCACHE (0.0ms)[0m  [1mselect * from routes where endplace_id = 975[0m
  [1m[35mCACHE (0.0ms)[0m  SELECT "places".* FROM "places" WHERE "places"."id" = $1 LIMIT 1  [["id", 975]]
  [1m[36mCACHE (0.0ms)[0m  [1mSELECT "places".* FROM "places" WHERE "places"."id" = $1 LIMIT 1[0m  [["id", 1129]]
  [1m[35mCACHE (0.0ms)[0m  SELECT "places".* FROM "places" WHERE "places"."id" = $1 LIMIT 1  [["id", 975]]
  [1m[36mCACHE (0.0ms)[0m  [1mSELECT "places".* FROM "places" WHERE "places"."id" = $1 LIMIT 1[0m  [["id", 1123]]
  [1m[35mCACHE (0.0ms)[0m  SELECT "places".* FROM "places" WHERE "places"."id" = $1 LIMIT 1  [["id", 1122]]
  [1m[36mPlace Load (0.7ms)[0m  [1mSELECT "places".* FROM "places" WHERE "places"."id" = 207 LIMIT 1[0m
  [1m[35mRoute Load (0.3ms)[0m  select * from routes where startplace_id = 207
  [1m[36mRoute Load (0.4ms)[0m  [1mselect * from routes where endplace_id = 207[0m
  [1m[35mCACHE (0.0ms)[0m  SELECT "places".* FROM "places" WHERE "places"."id" = $1 LIMIT 1  [["id", 207]]
  [1m[36mPlace Load (0.2ms)[0m  [1mSELECT "places".* FROM "places" WHERE "places"."id" = $1 LIMIT 1[0m  [["id", 650]]
  [1m[35mCACHE (0.0ms)[0m  SELECT "places".* FROM "places" WHERE "places"."id" = $1 LIMIT 1  [["id", 207]]
  [1m[36mPlace Load (0.2ms)[0m  [1mSELECT "places".* FROM "places" WHERE "places"."id" = $1 LIMIT 1[0m  [["id", 1133]]
  [1m[35mCACHE (0.0ms)[0m  SELECT "places".* FROM "places" WHERE "places"."id" = $1 LIMIT 1  [["id", 1129]]
  [1m[36mPlace Load (0.3ms)[0m  [1mSELECT "places".* FROM "places" WHERE "places"."id" = 976 LIMIT 1[0m
  [1m[35mRoute Load (0.3ms)[0m  select * from routes where startplace_id = 976
  [1m[36mRoute Load (0.3ms)[0m  [1mselect * from routes where endplace_id = 976[0m
  [1m[35mCACHE (0.0ms)[0m  SELECT "places".* FROM "places" WHERE "places"."id" = $1 LIMIT 1  [["id", 976]]
  [1m[36mPlace Load (0.2ms)[0m  [1mSELECT "places".* FROM "places" WHERE "places"."id" = $1 LIMIT 1[0m  [["id", 1121]]
  [1m[35mCACHE (0.0ms)[0m  SELECT "places".* FROM "places" WHERE "places"."id" = $1 LIMIT 1  [["id", 976]]
  [1m[36mCACHE (0.0ms)[0m  [1mSELECT "places".* FROM "places" WHERE "places"."id" = $1 LIMIT 1[0m  [["id", 1119]]
  [1m[35mPlace Load (0.2ms)[0m  SELECT "places".* FROM "places" WHERE "places"."id" = $1 LIMIT 1  [["id", 45]]
  [1m[36mPlace Load (0.2ms)[0m  [1mSELECT "places".* FROM "places" WHERE "places"."id" = 1120 LIMIT 1[0m
  [1m[35mRoute Load (0.3ms)[0m  select * from routes where startplace_id = 1120
  [1m[36mRoute Load (0.4ms)[0m  [1mselect * from routes where endplace_id = 1120[0m
  [1m[35mCACHE (0.0ms)[0m  SELECT "places".* FROM "places" WHERE "places"."id" = $1 LIMIT 1  [["id", 1120]]
  [1m[36mPlace Load (0.2ms)[0m  [1mSELECT "places".* FROM "places" WHERE "places"."id" = $1 LIMIT 1[0m  [["id", 1118]]
  [1m[35mCACHE (0.0ms)[0m  SELECT "places".* FROM "places" WHERE "places"."id" = $1 LIMIT 1  [["id", 1119]]
  [1m[36mPlace Load (0.3ms)[0m  [1mSELECT "places".* FROM "places" WHERE "places"."id" = 419 LIMIT 1[0m
  [1m[35mRoute Load (0.3ms)[0m  select * from routes where startplace_id = 419
  [1m[36mRoute Load (0.3ms)[0m  [1mselect * from routes where endplace_id = 419[0m
  [1m[35mCACHE (0.0ms)[0m  SELECT "places".* FROM "places" WHERE "places"."id" = $1 LIMIT 1  [["id", 419]]
  [1m[36mCACHE (0.0ms)[0m  [1mSELECT "places".* FROM "places" WHERE "places"."id" = $1 LIMIT 1[0m  [["id", 1127]]
  [1m[35mPlace Load (0.2ms)[0m  SELECT "places".* FROM "places" WHERE "places"."id" = $1 LIMIT 1  [["id", 1128]]
  [1m[36mCACHE (0.0ms)[0m  [1mSELECT "places".* FROM "places" WHERE "places"."id" = 1125 LIMIT 1[0m
  [1m[35mCACHE (0.0ms)[0m  select * from routes where startplace_id = 1125
  [1m[36mCACHE (0.0ms)[0m  [1mselect * from routes where endplace_id = 1125[0m
  [1m[35mCACHE (0.0ms)[0m  SELECT "places".* FROM "places" WHERE "places"."id" = $1 LIMIT 1  [["id", 1125]]
  [1m[36mCACHE (0.0ms)[0m  [1mSELECT "places".* FROM "places" WHERE "places"."id" = $1 LIMIT 1[0m  [["id", 1123]]
  [1m[35mCACHE (0.0ms)[0m  SELECT "places".* FROM "places" WHERE "places"."id" = $1 LIMIT 1  [["id", 769]]
  [1m[36mPlace Load (0.3ms)[0m  [1mSELECT "places".* FROM "places" WHERE "places"."id" = 1122 LIMIT 1[0m
  [1m[35mRoute Load (0.3ms)[0m  select * from routes where startplace_id = 1122
  [1m[36mRoute Load (0.3ms)[0m  [1mselect * from routes where endplace_id = 1122[0m
  [1m[35mCACHE (0.0ms)[0m  SELECT "places".* FROM "places" WHERE "places"."id" = $1 LIMIT 1  [["id", 1122]]
  [1m[36mCACHE (0.0ms)[0m  [1mSELECT "places".* FROM "places" WHERE "places"."id" = $1 LIMIT 1[0m  [["id", 975]]
  [1m[35mCACHE (0.0ms)[0m  SELECT "places".* FROM "places" WHERE "places"."id" = $1 LIMIT 1  [["id", 1121]]
  [1m[36mCACHE (0.0ms)[0m  [1mSELECT "places".* FROM "places" WHERE "places"."id" = 1129 LIMIT 1[0m
  [1m[35mCACHE (0.1ms)[0m  select * from routes where startplace_id = 1129
  [1m[36mCACHE (0.0ms)[0m  [1mselect * from routes where endplace_id = 1129[0m
  [1m[35mCACHE (0.0ms)[0m  SELECT "places".* FROM "places" WHERE "places"."id" = $1 LIMIT 1  [["id", 1129]]
  [1m[36mCACHE (0.0ms)[0m  [1mSELECT "places".* FROM "places" WHERE "places"."id" = $1 LIMIT 1[0m  [["id", 207]]
  [1m[35mCACHE (0.0ms)[0m  SELECT "places".* FROM "places" WHERE "places"."id" = $1 LIMIT 1  [["id", 1124]]
  [1m[36mCACHE (0.0ms)[0m  [1mSELECT "places".* FROM "places" WHERE "places"."id" = $1 LIMIT 1[0m  [["id", 975]]
  [1m[35mCACHE (0.0ms)[0m  SELECT "places".* FROM "places" WHERE "places"."id" = 769 LIMIT 1
  [1m[36mCACHE (0.0ms)[0m  [1mselect * from routes where startplace_id = 769[0m
  [1m[35mCACHE (0.0ms)[0m  select * from routes where endplace_id = 769
  [1m[36mCACHE (0.0ms)[0m  [1mSELECT "places".* FROM "places" WHERE "places"."id" = $1 LIMIT 1[0m  [["id", 769]]
  [1m[35mCACHE (0.0ms)[0m  SELECT "places".* FROM "places" WHERE "places"."id" = $1 LIMIT 1  [["id", 1125]]
  [1m[36mCACHE (0.0ms)[0m  [1mSELECT "places".* FROM "places" WHERE "places"."id" = $1 LIMIT 1[0m  [["id", 1126]]
  [1m[35mCACHE (0.0ms)[0m  SELECT "places".* FROM "places" WHERE "places"."id" = 1122 LIMIT 1
  [1m[36mCACHE (0.0ms)[0m  [1mselect * from routes where startplace_id = 1122[0m
  [1m[35mCACHE (0.0ms)[0m  select * from routes where endplace_id = 1122
  [1m[36mCACHE (0.0ms)[0m  [1mSELECT "places".* FROM "places" WHERE "places"."id" = $1 LIMIT 1[0m  [["id", 1122]]
  [1m[35mCACHE (0.0ms)[0m  SELECT "places".* FROM "places" WHERE "places"."id" = $1 LIMIT 1  [["id", 975]]
  [1m[36mCACHE (0.0ms)[0m  [1mSELECT "places".* FROM "places" WHERE "places"."id" = $1 LIMIT 1[0m  [["id", 1121]]
  [1m[35mCACHE (0.0ms)[0m  SELECT "places".* FROM "places" WHERE "places"."id" = 1123 LIMIT 1
  [1m[36mCACHE (0.0ms)[0m  [1mselect * from routes where startplace_id = 1123[0m
  [1m[35mCACHE (0.0ms)[0m  select * from routes where endplace_id = 1123
  [1m[36mCACHE (0.0ms)[0m  [1mSELECT "places".* FROM "places" WHERE "places"."id" = $1 LIMIT 1[0m  [["id", 1123]]
  [1m[35mCACHE (0.0ms)[0m  SELECT "places".* FROM "places" WHERE "places"."id" = $1 LIMIT 1  [["id", 1124]]
  [1m[36mCACHE (0.0ms)[0m  [1mSELECT "places".* FROM "places" WHERE "places"."id" = $1 LIMIT 1[0m  [["id", 975]]
  [1m[35mCACHE (0.0ms)[0m  SELECT "places".* FROM "places" WHERE "places"."id" = $1 LIMIT 1  [["id", 1125]]
  [1m[36mPlace Load (0.3ms)[0m  [1mSELECT "places".* FROM "places" WHERE "places"."id" = 650 LIMIT 1[0m
  [1m[35mRoute Load (0.3ms)[0m  select * from routes where startplace_id = 650
  [1m[36mRoute Load (0.3ms)[0m  [1mselect * from routes where endplace_id = 650[0m
  [1m[35mCACHE (0.0ms)[0m  SELECT "places".* FROM "places" WHERE "places"."id" = $1 LIMIT 1  [["id", 650]]
  [1m[36mCACHE (0.0ms)[0m  [1mSELECT "places".* FROM "places" WHERE "places"."id" = $1 LIMIT 1[0m  [["id", 45]]
  [1m[35mCACHE (0.0ms)[0m  SELECT "places".* FROM "places" WHERE "places"."id" = $1 LIMIT 1  [["id", 207]]
  [1m[36mPlace Load (0.3ms)[0m  [1mSELECT "places".* FROM "places" WHERE "places"."id" = 1133 LIMIT 1[0m
  [1m[35mRoute Load (0.3ms)[0m  select * from routes where startplace_id = 1133
  [1m[36mRoute Load (0.3ms)[0m  [1mselect * from routes where endplace_id = 1133[0m
  [1m[35mCACHE (0.0ms)[0m  SELECT "places".* FROM "places" WHERE "places"."id" = $1 LIMIT 1  [["id", 1133]]
  [1m[36mPlace Load (0.2ms)[0m  [1mSELECT "places".* FROM "places" WHERE "places"."id" = $1 LIMIT 1[0m  [["id", 1131]]
  [1m[35mCACHE (0.0ms)[0m  SELECT "places".* FROM "places" WHERE "places"."id" = $1 LIMIT 1  [["id", 207]]
  [1m[36mPlace Load (0.3ms)[0m  [1mSELECT "places".* FROM "places" WHERE "places"."id" = 45 LIMIT 1[0m
  [1m[35mRoute Load (0.3ms)[0m  select * from routes where startplace_id = 45
  [1m[36mRoute Load (0.3ms)[0m  [1mselect * from routes where endplace_id = 45[0m
  [1m[35mCACHE (0.0ms)[0m  SELECT "places".* FROM "places" WHERE "places"."id" = $1 LIMIT 1  [["id", 45]]
  [1m[36mCACHE (0.0ms)[0m  [1mSELECT "places".* FROM "places" WHERE "places"."id" = $1 LIMIT 1[0m  [["id", 976]]
  [1m[35mCACHE (0.0ms)[0m  SELECT "places".* FROM "places" WHERE "places"."id" = $1 LIMIT 1  [["id", 650]]
  [1m[36mPlace Load (0.2ms)[0m  [1mSELECT "places".* FROM "places" WHERE "places"."id" = 1121 LIMIT 1[0m
  [1m[35mRoute Load (0.3ms)[0m  select * from routes where startplace_id = 1121
  [1m[36mRoute Load (0.3ms)[0m  [1mselect * from routes where endplace_id = 1121[0m
  [1m[35mCACHE (0.0ms)[0m  SELECT "places".* FROM "places" WHERE "places"."id" = $1 LIMIT 1  [["id", 1121]]
  [1m[36mCACHE (0.0ms)[0m  [1mSELECT "places".* FROM "places" WHERE "places"."id" = $1 LIMIT 1[0m  [["id", 1122]]
  [1m[35mCACHE (0.0ms)[0m  SELECT "places".* FROM "places" WHERE "places"."id" = $1 LIMIT 1  [["id", 976]]
  [1m[36mPlace Load (0.3ms)[0m  [1mSELECT "places".* FROM "places" WHERE "places"."id" = 1118 LIMIT 1[0m
  [1m[35mRoute Load (0.3ms)[0m  select * from routes where startplace_id = 1118
  [1m[36mRoute Load (0.3ms)[0m  [1mselect * from routes where endplace_id = 1118[0m
  [1m[35mCACHE (0.0ms)[0m  SELECT "places".* FROM "places" WHERE "places"."id" = $1 LIMIT 1  [["id", 1118]]
  [1m[36mPlace Load (0.2ms)[0m  [1mSELECT "places".* FROM "places" WHERE "places"."id" = $1 LIMIT 1[0m  [["id", 1117]]
  [1m[35mPlace Load (0.2ms)[0m  SELECT "places".* FROM "places" WHERE "places"."id" = $1 LIMIT 1  [["id", 1134]]
  [1m[36mCACHE (0.0ms)[0m  [1mSELECT "places".* FROM "places" WHERE "places"."id" = $1 LIMIT 1[0m  [["id", 1120]]
  [1m[35mPlace Load (0.2ms)[0m  SELECT "places".* FROM "places" WHERE "places"."id" = 1128 LIMIT 1
  [1m[36mRoute Load (0.3ms)[0m  [1mselect * from routes where startplace_id = 1128[0m
  [1m[35mRoute Load (0.3ms)[0m  select * from routes where endplace_id = 1128
  [1m[36mCACHE (0.0ms)[0m  [1mSELECT "places".* FROM "places" WHERE "places"."id" = $1 LIMIT 1[0m  [["id", 1128]]
  [1m[35mCACHE (0.0ms)[0m  SELECT "places".* FROM "places" WHERE "places"."id" = $1 LIMIT 1  [["id", 419]]
  [1m[36mCACHE (0.0ms)[0m  [1mSELECT "places".* FROM "places" WHERE "places"."id" = 1123 LIMIT 1[0m
  [1m[35mCACHE (0.0ms)[0m  select * from routes where startplace_id = 1123
  [1m[36mCACHE (0.0ms)[0m  [1mselect * from routes where endplace_id = 1123[0m
  [1m[35mCACHE (0.0ms)[0m  SELECT "places".* FROM "places" WHERE "places"."id" = $1 LIMIT 1  [["id", 1123]]
  [1m[36mCACHE (0.0ms)[0m  [1mSELECT "places".* FROM "places" WHERE "places"."id" = $1 LIMIT 1[0m  [["id", 1124]]
  [1m[35mCACHE (0.0ms)[0m  SELECT "places".* FROM "places" WHERE "places"."id" = $1 LIMIT 1  [["id", 975]]
  [1m[36mCACHE (0.0ms)[0m  [1mSELECT "places".* FROM "places" WHERE "places"."id" = $1 LIMIT 1[0m  [["id", 1125]]
  [1m[35mCACHE (0.0ms)[0m  SELECT "places".* FROM "places" WHERE "places"."id" = 1121 LIMIT 1
  [1m[36mCACHE (0.0ms)[0m  [1mselect * from routes where startplace_id = 1121[0m
  [1m[35mCACHE (0.0ms)[0m  select * from routes where endplace_id = 1121
  [1m[36mCACHE (0.0ms)[0m  [1mSELECT "places".* FROM "places" WHERE "places"."id" = $1 LIMIT 1[0m  [["id", 1121]]
  [1m[35mCACHE (0.0ms)[0m  SELECT "places".* FROM "places" WHERE "places"."id" = $1 LIMIT 1  [["id", 1122]]
  [1m[36mCACHE (0.0ms)[0m  [1mSELECT "places".* FROM "places" WHERE "places"."id" = $1 LIMIT 1[0m  [["id", 976]]
  [1m[35mCACHE (0.0ms)[0m  SELECT "places".* FROM "places" WHERE "places"."id" = 207 LIMIT 1
  [1m[36mCACHE (0.0ms)[0m  [1mselect * from routes where startplace_id = 207[0m
  [1m[35mCACHE (0.0ms)[0m  select * from routes where endplace_id = 207
  [1m[36mCACHE (0.0ms)[0m  [1mSELECT "places".* FROM "places" WHERE "places"."id" = $1 LIMIT 1[0m  [["id", 207]]
  [1m[35mCACHE (0.0ms)[0m  SELECT "places".* FROM "places" WHERE "places"."id" = $1 LIMIT 1  [["id", 650]]
  [1m[36mCACHE (0.0ms)[0m  [1mSELECT "places".* FROM "places" WHERE "places"."id" = $1 LIMIT 1[0m  [["id", 207]]
  [1m[35mCACHE (0.0ms)[0m  SELECT "places".* FROM "places" WHERE "places"."id" = $1 LIMIT 1  [["id", 1133]]
  [1m[36mCACHE (0.0ms)[0m  [1mSELECT "places".* FROM "places" WHERE "places"."id" = $1 LIMIT 1[0m  [["id", 1129]]
  [1m[35mCACHE (0.0ms)[0m  SELECT "places".* FROM "places" WHERE "places"."id" = 1126 LIMIT 1
  [1m[36mCACHE (0.0ms)[0m  [1mselect * from routes where startplace_id = 1126[0m
  [1m[35mCACHE (0.0ms)[0m  select * from routes where endplace_id = 1126
  [1m[36mCACHE (0.0ms)[0m  [1mSELECT "places".* FROM "places" WHERE "places"."id" = $1 LIMIT 1[0m  [["id", 1126]]
  [1m[35mCACHE (0.0ms)[0m  SELECT "places".* FROM "places" WHERE "places"."id" = $1 LIMIT 1  [["id", 1130]]
  [1m[36mCACHE (0.0ms)[0m  [1mSELECT "places".* FROM "places" WHERE "places"."id" = $1 LIMIT 1[0m  [["id", 1126]]
  [1m[35mCACHE (0.0ms)[0m  SELECT "places".* FROM "places" WHERE "places"."id" = $1 LIMIT 1  [["id", 769]]
  [1m[36mCACHE (0.0ms)[0m  [1mSELECT "places".* FROM "places" WHERE "places"."id" = $1 LIMIT 1[0m  [["id", 1127]]
  [1m[35mCACHE (0.0ms)[0m  SELECT "places".* FROM "places" WHERE "places"."id" = 1121 LIMIT 1
  [1m[36mCACHE (0.0ms)[0m  [1mselect * from routes where startplace_id = 1121[0m
  [1m[35mCACHE (0.0ms)[0m  select * from routes where endplace_id = 1121
  [1m[36mCACHE (0.0ms)[0m  [1mSELECT "places".* FROM "places" WHERE "places"."id" = $1 LIMIT 1[0m  [["id", 1121]]
  [1m[35mCACHE (0.0ms)[0m  SELECT "places".* FROM "places" WHERE "places"."id" = $1 LIMIT 1  [["id", 1122]]
  [1m[36mCACHE (0.0ms)[0m  [1mSELECT "places".* FROM "places" WHERE "places"."id" = $1 LIMIT 1[0m  [["id", 976]]
  [1m[35mCACHE (0.0ms)[0m  SELECT "places".* FROM "places" WHERE "places"."id" = 1125 LIMIT 1
  [1m[36mCACHE (0.0ms)[0m  [1mselect * from routes where startplace_id = 1125[0m
  [1m[35mCACHE (0.0ms)[0m  select * from routes where endplace_id = 1125
  [1m[36mCACHE (0.0ms)[0m  [1mSELECT "places".* FROM "places" WHERE "places"."id" = $1 LIMIT 1[0m  [["id", 1125]]
  [1m[35mCACHE (0.0ms)[0m  SELECT "places".* FROM "places" WHERE "places"."id" = $1 LIMIT 1  [["id", 1123]]
  [1m[36mCACHE (0.0ms)[0m  [1mSELECT "places".* FROM "places" WHERE "places"."id" = $1 LIMIT 1[0m  [["id", 769]]
  [1m[35mCACHE (0.0ms)[0m  SELECT "places".* FROM "places" WHERE "places"."id" = 45 LIMIT 1
  [1m[36mCACHE (0.0ms)[0m  [1mselect * from routes where startplace_id = 45[0m
  [1m[35mCACHE (0.0ms)[0m  select * from routes where endplace_id = 45
  [1m[36mCACHE (0.0ms)[0m  [1mSELECT "places".* FROM "places" WHERE "places"."id" = $1 LIMIT 1[0m  [["id", 45]]
  [1m[35mCACHE (0.0ms)[0m  SELECT "places".* FROM "places" WHERE "places"."id" = $1 LIMIT 1  [["id", 976]]
  [1m[36mCACHE (0.0ms)[0m  [1mSELECT "places".* FROM "places" WHERE "places"."id" = $1 LIMIT 1[0m  [["id", 650]]
  [1m[35mPlace Load (0.7ms)[0m  SELECT "places".* FROM "places" WHERE "places"."id" = 1131 LIMIT 1
  [1m[36mRoute Load (0.3ms)[0m  [1mselect * from routes where startplace_id = 1131[0m
  [1m[35mRoute Load (0.3ms)[0m  select * from routes where endplace_id = 1131
  [1m[36mCACHE (0.0ms)[0m  [1mSELECT "places".* FROM "places" WHERE "places"."id" = $1 LIMIT 1[0m  [["id", 1131]]
  [1m[35mPlace Load (0.3ms)[0m  SELECT "places".* FROM "places" WHERE "places"."id" = $1 LIMIT 1  [["id", 1132]]
  [1m[36mCACHE (0.0ms)[0m  [1mSELECT "places".* FROM "places" WHERE "places"."id" = $1 LIMIT 1[0m  [["id", 1133]]
  [1m[35mCACHE (0.0ms)[0m  SELECT "places".* FROM "places" WHERE "places"."id" = 650 LIMIT 1
  [1m[36mCACHE (0.0ms)[0m  [1mselect * from routes where startplace_id = 650[0m
  [1m[35mCACHE (0.0ms)[0m  select * from routes where endplace_id = 650
  [1m[36mCACHE (0.0ms)[0m  [1mSELECT "places".* FROM "places" WHERE "places"."id" = $1 LIMIT 1[0m  [["id", 650]]
  [1m[35mCACHE (0.0ms)[0m  SELECT "places".* FROM "places" WHERE "places"."id" = $1 LIMIT 1  [["id", 45]]
  [1m[36mCACHE (0.0ms)[0m  [1mSELECT "places".* FROM "places" WHERE "places"."id" = $1 LIMIT 1[0m  [["id", 207]]
  [1m[35mCACHE (0.0ms)[0m  SELECT "places".* FROM "places" WHERE "places"."id" = 1122 LIMIT 1
  [1m[36mCACHE (0.0ms)[0m  [1mselect * from routes where startplace_id = 1122[0m
  [1m[35mCACHE (0.0ms)[0m  select * from routes where endplace_id = 1122
  [1m[36mCACHE (0.0ms)[0m  [1mSELECT "places".* FROM "places" WHERE "places"."id" = $1 LIMIT 1[0m  [["id", 1122]]
  [1m[35mCACHE (0.0ms)[0m  SELECT "places".* FROM "places" WHERE "places"."id" = $1 LIMIT 1  [["id", 975]]
  [1m[36mCACHE (0.0ms)[0m  [1mSELECT "places".* FROM "places" WHERE "places"."id" = $1 LIMIT 1[0m  [["id", 1121]]
  [1m[35mPlace Load (0.3ms)[0m  SELECT "places".* FROM "places" WHERE "places"."id" = 1134 LIMIT 1
  [1m[36mRoute Load (0.3ms)[0m  [1mselect * from routes where startplace_id = 1134[0m
  [1m[35mRoute Load (0.3ms)[0m  select * from routes where endplace_id = 1134
  [1m[36mCACHE (0.0ms)[0m  [1mSELECT "places".* FROM "places" WHERE "places"."id" = $1 LIMIT 1[0m  [["id", 1134]]
  [1m[35mCACHE (0.0ms)[0m  SELECT "places".* FROM "places" WHERE "places"."id" = $1 LIMIT 1  [["id", 1118]]
  [1m[36mPlace Load (0.2ms)[0m  [1mSELECT "places".* FROM "places" WHERE "places"."id" = $1 LIMIT 1[0m  [["id", 1135]]
  [1m[35mPlace Load (0.3ms)[0m  SELECT "places".* FROM "places" WHERE "places"."id" = 1117 LIMIT 1
  [1m[36mRoute Load (0.4ms)[0m  [1mselect * from routes where startplace_id = 1117[0m
  [1m[35mRoute Load (0.3ms)[0m  select * from routes where endplace_id = 1117
  [1m[36mCACHE (0.0ms)[0m  [1mSELECT "places".* FROM "places" WHERE "places"."id" = $1 LIMIT 1[0m  [["id", 1117]]
  [1m[35mPlace Load (0.2ms)[0m  SELECT "places".* FROM "places" WHERE "places"."id" = $1 LIMIT 1  [["id", 58]]
  [1m[36mCACHE (0.0ms)[0m  [1mSELECT "places".* FROM "places" WHERE "places"."id" = $1 LIMIT 1[0m  [["id", 1118]]
  [1m[35mPlace Load (0.2ms)[0m  SELECT "places".* FROM "places" WHERE "places"."id" = $1 LIMIT 1  [["id", 258]]
  [1m[36mCACHE (0.0ms)[0m  [1mSELECT "places".* FROM "places" WHERE "places"."id" = 975 LIMIT 1[0m
  [1m[35mCACHE (0.0ms)[0m  select * from routes where startplace_id = 975
  [1m[36mCACHE (0.0ms)[0m  [1mselect * from routes where endplace_id = 975[0m
  [1m[35mCACHE (0.0ms)[0m  SELECT "places".* FROM "places" WHERE "places"."id" = $1 LIMIT 1  [["id", 975]]
  [1m[36mCACHE (0.0ms)[0m  [1mSELECT "places".* FROM "places" WHERE "places"."id" = $1 LIMIT 1[0m  [["id", 1129]]
  [1m[35mCACHE (0.0ms)[0m  SELECT "places".* FROM "places" WHERE "places"."id" = $1 LIMIT 1  [["id", 975]]
  [1m[36mCACHE (0.0ms)[0m  [1mSELECT "places".* FROM "places" WHERE "places"."id" = $1 LIMIT 1[0m  [["id", 1123]]
  [1m[35mCACHE (0.0ms)[0m  SELECT "places".* FROM "places" WHERE "places"."id" = $1 LIMIT 1  [["id", 1122]]
  [1m[36mCACHE (0.0ms)[0m  [1mSELECT "places".* FROM "places" WHERE "places"."id" = 1124 LIMIT 1[0m
  [1m[35mCACHE (0.0ms)[0m  select * from routes where startplace_id = 1124
  [1m[36mCACHE (0.0ms)[0m  [1mselect * from routes where endplace_id = 1124[0m
  [1m[35mCACHE (0.0ms)[0m  SELECT "places".* FROM "places" WHERE "places"."id" = $1 LIMIT 1  [["id", 1124]]
  [1m[36mCACHE (0.0ms)[0m  [1mSELECT "places".* FROM "places" WHERE "places"."id" = $1 LIMIT 1[0m  [["id", 1129]]
  [1m[35mCACHE (0.0ms)[0m  SELECT "places".* FROM "places" WHERE "places"."id" = $1 LIMIT 1  [["id", 1124]]
  [1m[36mCACHE (0.0ms)[0m  [1mSELECT "places".* FROM "places" WHERE "places"."id" = $1 LIMIT 1[0m  [["id", 974]]
  [1m[35mCACHE (0.0ms)[0m  SELECT "places".* FROM "places" WHERE "places"."id" = $1 LIMIT 1  [["id", 1123]]
  [1m[36mCACHE (0.0ms)[0m  [1mSELECT "places".* FROM "places" WHERE "places"."id" = 976 LIMIT 1[0m
  [1m[35mCACHE (0.0ms)[0m  select * from routes where startplace_id = 976
  [1m[36mCACHE (0.0ms)[0m  [1mselect * from routes where endplace_id = 976[0m
  [1m[35mCACHE (0.0ms)[0m  SELECT "places".* FROM "places" WHERE "places"."id" = $1 LIMIT 1  [["id", 976]]
  [1m[36mCACHE (0.0ms)[0m  [1mSELECT "places".* FROM "places" WHERE "places"."id" = $1 LIMIT 1[0m  [["id", 1121]]
  [1m[35mCACHE (0.0ms)[0m  SELECT "places".* FROM "places" WHERE "places"."id" = $1 LIMIT 1  [["id", 976]]
  [1m[36mCACHE (0.0ms)[0m  [1mSELECT "places".* FROM "places" WHERE "places"."id" = $1 LIMIT 1[0m  [["id", 1119]]
  [1m[35mCACHE (0.0ms)[0m  SELECT "places".* FROM "places" WHERE "places"."id" = $1 LIMIT 1  [["id", 45]]
  [1m[36mCACHE (0.0ms)[0m  [1mSELECT "places".* FROM "places" WHERE "places"."id" = 650 LIMIT 1[0m
  [1m[35mCACHE (0.0ms)[0m  select * from routes where startplace_id = 650
  [1m[36mCACHE (0.0ms)[0m  [1mselect * from routes where endplace_id = 650[0m
  [1m[35mCACHE (0.0ms)[0m  SELECT "places".* FROM "places" WHERE "places"."id" = $1 LIMIT 1  [["id", 650]]
  [1m[36mCACHE (0.0ms)[0m  [1mSELECT "places".* FROM "places" WHERE "places"."id" = $1 LIMIT 1[0m  [["id", 45]]
  [1m[35mCACHE (0.0ms)[0m  SELECT "places".* FROM "places" WHERE "places"."id" = $1 LIMIT 1  [["id", 207]]
  [1m[36mCACHE (0.0ms)[0m  [1mSELECT "places".* FROM "places" WHERE "places"."id" = 1133 LIMIT 1[0m
  [1m[35mCACHE (0.0ms)[0m  select * from routes where startplace_id = 1133
  [1m[36mCACHE (0.0ms)[0m  [1mselect * from routes where endplace_id = 1133[0m
  [1m[35mCACHE (0.0ms)[0m  SELECT "places".* FROM "places" WHERE "places"."id" = $1 LIMIT 1  [["id", 1133]]
  [1m[36mCACHE (0.0ms)[0m  [1mSELECT "places".* FROM "places" WHERE "places"."id" = $1 LIMIT 1[0m  [["id", 1131]]
  [1m[35mCACHE (0.0ms)[0m  SELECT "places".* FROM "places" WHERE "places"."id" = $1 LIMIT 1  [["id", 207]]
  [1m[36mCACHE (0.0ms)[0m  [1mSELECT "places".* FROM "places" WHERE "places"."id" = 1127 LIMIT 1[0m
  [1m[35mCACHE (0.0ms)[0m  select * from routes where startplace_id = 1127
  [1m[36mCACHE (0.0ms)[0m  [1mselect * from routes where endplace_id = 1127[0m
  [1m[35mCACHE (0.0ms)[0m  SELECT "places".* FROM "places" WHERE "places"."id" = $1 LIMIT 1  [["id", 1127]]
  [1m[36mCACHE (0.0ms)[0m  [1mSELECT "places".* FROM "places" WHERE "places"."id" = $1 LIMIT 1[0m  [["id", 1126]]
  [1m[35mCACHE (0.0ms)[0m  SELECT "places".* FROM "places" WHERE "places"."id" = $1 LIMIT 1  [["id", 419]]
  [1m[36mCACHE (0.0ms)[0m  [1mSELECT "places".* FROM "places" WHERE "places"."id" = 1130 LIMIT 1[0m
  [1m[35mCACHE (0.0ms)[0m  select * from routes where startplace_id = 1130
  [1m[36mCACHE (0.0ms)[0m  [1mselect * from routes where endplace_id = 1130[0m
  [1m[35mCACHE (0.0ms)[0m  SELECT "places".* FROM "places" WHERE "places"."id" = $1 LIMIT 1  [["id", 1130]]
  [1m[36mCACHE (0.0ms)[0m  [1mSELECT "places".* FROM "places" WHERE "places"."id" = $1 LIMIT 1[0m  [["id", 974]]
  [1m[35mCACHE (0.0ms)[0m  SELECT "places".* FROM "places" WHERE "places"."id" = $1 LIMIT 1  [["id", 1126]]
  [1m[36mCACHE (0.0ms)[0m  [1mSELECT "places".* FROM "places" WHERE "places"."id" = 976 LIMIT 1[0m
  [1m[35mCACHE (0.0ms)[0m  select * from routes where startplace_id = 976
  [1m[36mCACHE (0.0ms)[0m  [1mselect * from routes where endplace_id = 976[0m
  [1m[35mCACHE (0.0ms)[0m  SELECT "places".* FROM "places" WHERE "places"."id" = $1 LIMIT 1  [["id", 976]]
  [1m[36mCACHE (0.0ms)[0m  [1mSELECT "places".* FROM "places" WHERE "places"."id" = $1 LIMIT 1[0m  [["id", 1121]]
  [1m[35mCACHE (0.0ms)[0m  SELECT "places".* FROM "places" WHERE "places"."id" = $1 LIMIT 1  [["id", 976]]
  [1m[36mCACHE (0.0ms)[0m  [1mSELECT "places".* FROM "places" WHERE "places"."id" = $1 LIMIT 1[0m  [["id", 1119]]
  [1m[35mCACHE (0.0ms)[0m  SELECT "places".* FROM "places" WHERE "places"."id" = $1 LIMIT 1  [["id", 45]]
  [1m[36mCACHE (0.0ms)[0m  [1mSELECT "places".* FROM "places" WHERE "places"."id" = 769 LIMIT 1[0m
  [1m[35mCACHE (0.0ms)[0m  select * from routes where startplace_id = 769
  [1m[36mCACHE (0.0ms)[0m  [1mselect * from routes where endplace_id = 769[0m
  [1m[35mCACHE (0.0ms)[0m  SELECT "places".* FROM "places" WHERE "places"."id" = $1 LIMIT 1  [["id", 769]]
  [1m[36mCACHE (0.0ms)[0m  [1mSELECT "places".* FROM "places" WHERE "places"."id" = $1 LIMIT 1[0m  [["id", 1125]]
  [1m[35mCACHE (0.0ms)[0m  SELECT "places".* FROM "places" WHERE "places"."id" = $1 LIMIT 1  [["id", 1126]]
  [1m[36mCACHE (0.0ms)[0m  [1mSELECT "places".* FROM "places" WHERE "places"."id" = 976 LIMIT 1[0m
  [1m[35mCACHE (0.0ms)[0m  select * from routes where startplace_id = 976
  [1m[36mCACHE (0.0ms)[0m  [1mselect * from routes where endplace_id = 976[0m
  [1m[35mCACHE (0.0ms)[0m  SELECT "places".* FROM "places" WHERE "places"."id" = $1 LIMIT 1  [["id", 976]]
  [1m[36mCACHE (0.0ms)[0m  [1mSELECT "places".* FROM "places" WHERE "places"."id" = $1 LIMIT 1[0m  [["id", 1121]]
  [1m[35mCACHE (0.0ms)[0m  SELECT "places".* FROM "places" WHERE "places"."id" = $1 LIMIT 1  [["id", 976]]
  [1m[36mCACHE (0.0ms)[0m  [1mSELECT "places".* FROM "places" WHERE "places"."id" = $1 LIMIT 1[0m  [["id", 1119]]
  [1m[35mCACHE (0.0ms)[0m  SELECT "places".* FROM "places" WHERE "places"."id" = $1 LIMIT 1  [["id", 45]]
  [1m[36mPlace Load (0.6ms)[0m  [1mSELECT "places".* FROM "places" WHERE "places"."id" = 1132 LIMIT 1[0m
  [1m[35mRoute Load (0.3ms)[0m  select * from routes where startplace_id = 1132
  [1m[36mRoute Load (0.3ms)[0m  [1mselect * from routes where endplace_id = 1132[0m
  [1m[35mCACHE (0.0ms)[0m  SELECT "places".* FROM "places" WHERE "places"."id" = $1 LIMIT 1  [["id", 1131]]
  [1m[36mCACHE (0.0ms)[0m  [1mSELECT "places".* FROM "places" WHERE "places"."id" = 207 LIMIT 1[0m
  [1m[35mCACHE (0.0ms)[0m  select * from routes where startplace_id = 207
  [1m[36mCACHE (0.0ms)[0m  [1mselect * from routes where endplace_id = 207[0m
  [1m[35mCACHE (0.0ms)[0m  SELECT "places".* FROM "places" WHERE "places"."id" = $1 LIMIT 1  [["id", 207]]
  [1m[36mCACHE (0.0ms)[0m  [1mSELECT "places".* FROM "places" WHERE "places"."id" = $1 LIMIT 1[0m  [["id", 650]]
  [1m[35mCACHE (0.0ms)[0m  SELECT "places".* FROM "places" WHERE "places"."id" = $1 LIMIT 1  [["id", 207]]
  [1m[36mCACHE (0.0ms)[0m  [1mSELECT "places".* FROM "places" WHERE "places"."id" = $1 LIMIT 1[0m  [["id", 1133]]
  [1m[35mCACHE (0.0ms)[0m  SELECT "places".* FROM "places" WHERE "places"."id" = $1 LIMIT 1  [["id", 1129]]
  [1m[36mCACHE (0.0ms)[0m  [1mSELECT "places".* FROM "places" WHERE "places"."id" = 975 LIMIT 1[0m
  [1m[35mCACHE (0.0ms)[0m  select * from routes where startplace_id = 975
  [1m[36mCACHE (0.0ms)[0m  [1mselect * from routes where endplace_id = 975[0m
  [1m[35mCACHE (0.0ms)[0m  SELECT "places".* FROM "places" WHERE "places"."id" = $1 LIMIT 1  [["id", 975]]
  [1m[36mCACHE (0.0ms)[0m  [1mSELECT "places".* FROM "places" WHERE "places"."id" = $1 LIMIT 1[0m  [["id", 1129]]
  [1m[35mCACHE (0.0ms)[0m  SELECT "places".* FROM "places" WHERE "places"."id" = $1 LIMIT 1  [["id", 975]]
  [1m[36mCACHE (0.0ms)[0m  [1mSELECT "places".* FROM "places" WHERE "places"."id" = $1 LIMIT 1[0m  [["id", 1123]]
  [1m[35mCACHE (0.0ms)[0m  SELECT "places".* FROM "places" WHERE "places"."id" = $1 LIMIT 1  [["id", 1122]]
  [1m[36mPlace Load (0.4ms)[0m  [1mSELECT "places".* FROM "places" WHERE "places"."id" = 1135 LIMIT 1[0m
  [1m[35mRoute Load (0.3ms)[0m  select * from routes where startplace_id = 1135
  [1m[36mRoute Load (0.3ms)[0m  [1mselect * from routes where endplace_id = 1135[0m
  [1m[35mCACHE (0.0ms)[0m  SELECT "places".* FROM "places" WHERE "places"."id" = $1 LIMIT 1  [["id", 1135]]
  [1m[36mCACHE (0.0ms)[0m  [1mSELECT "places".* FROM "places" WHERE "places"."id" = $1 LIMIT 1[0m  [["id", 1134]]
  [1m[35mPlace Load (0.3ms)[0m  SELECT "places".* FROM "places" WHERE "places"."id" = $1 LIMIT 1  [["id", 271]]
  [1m[36mPlace Load (0.3ms)[0m  [1mSELECT "places".* FROM "places" WHERE "places"."id" = 258 LIMIT 1[0m
  [1m[35mRoute Load (0.3ms)[0m  select * from routes where startplace_id = 258
  [1m[36mRoute Load (0.3ms)[0m  [1mselect * from routes where endplace_id = 258[0m
  [1m[35mCACHE (0.0ms)[0m  SELECT "places".* FROM "places" WHERE "places"."id" = $1 LIMIT 1  [["id", 258]]
  [1m[36mCACHE (0.0ms)[0m  [1mSELECT "places".* FROM "places" WHERE "places"."id" = $1 LIMIT 1[0m  [["id", 1117]]
  [1m[35mPlace Load (0.3ms)[0m  SELECT "places".* FROM "places" WHERE "places"."id" = 58 LIMIT 1
  [1m[36mRoute Load (0.3ms)[0m  [1mselect * from routes where startplace_id = 58[0m
  [1m[35mRoute Load (0.3ms)[0m  select * from routes where endplace_id = 58
  [1m[36mCACHE (0.0ms)[0m  [1mSELECT "places".* FROM "places" WHERE "places"."id" = $1 LIMIT 1[0m  [["id", 58]]
  [1m[35mPlace Load (0.2ms)[0m  SELECT "places".* FROM "places" WHERE "places"."id" = $1 LIMIT 1  [["id", 1116]]
  [1m[36mCACHE (0.0ms)[0m  [1mSELECT "places".* FROM "places" WHERE "places"."id" = $1 LIMIT 1[0m  [["id", 1117]]
  [1m[35mCACHE (0.0ms)[0m  SELECT "places".* FROM "places" WHERE "places"."id" = 1122 LIMIT 1
  [1m[36mCACHE (0.0ms)[0m  [1mselect * from routes where startplace_id = 1122[0m
  [1m[35mCACHE (0.0ms)[0m  select * from routes where endplace_id = 1122
  [1m[36mCACHE (0.0ms)[0m  [1mSELECT "places".* FROM "places" WHERE "places"."id" = $1 LIMIT 1[0m  [["id", 1122]]
  [1m[35mCACHE (0.0ms)[0m  SELECT "places".* FROM "places" WHERE "places"."id" = $1 LIMIT 1  [["id", 975]]
  [1m[36mCACHE (0.0ms)[0m  [1mSELECT "places".* FROM "places" WHERE "places"."id" = $1 LIMIT 1[0m  [["id", 1121]]
  [1m[35mCACHE (0.0ms)[0m  SELECT "places".* FROM "places" WHERE "places"."id" = 1129 LIMIT 1
  [1m[36mCACHE (0.0ms)[0m  [1mselect * from routes where startplace_id = 1129[0m
  [1m[35mCACHE (0.0ms)[0m  select * from routes where endplace_id = 1129
  [1m[36mCACHE (0.0ms)[0m  [1mSELECT "places".* FROM "places" WHERE "places"."id" = $1 LIMIT 1[0m  [["id", 1129]]
  [1m[35mCACHE (0.0ms)[0m  SELECT "places".* FROM "places" WHERE "places"."id" = $1 LIMIT 1  [["id", 207]]
  [1m[36mCACHE (0.0ms)[0m  [1mSELECT "places".* FROM "places" WHERE "places"."id" = $1 LIMIT 1[0m  [["id", 1124]]
  [1m[35mCACHE (0.0ms)[0m  SELECT "places".* FROM "places" WHERE "places"."id" = $1 LIMIT 1  [["id", 975]]
  [1m[36mCACHE (0.0ms)[0m  [1mSELECT "places".* FROM "places" WHERE "places"."id" = 1129 LIMIT 1[0m
  [1m[35mCACHE (0.0ms)[0m  select * from routes where startplace_id = 1129
  [1m[36mCACHE (0.0ms)[0m  [1mselect * from routes where endplace_id = 1129[0m
  [1m[35mCACHE (0.0ms)[0m  SELECT "places".* FROM "places" WHERE "places"."id" = $1 LIMIT 1  [["id", 1129]]
  [1m[36mCACHE (0.0ms)[0m  [1mSELECT "places".* FROM "places" WHERE "places"."id" = $1 LIMIT 1[0m  [["id", 207]]
  [1m[35mCACHE (0.0ms)[0m  SELECT "places".* FROM "places" WHERE "places"."id" = $1 LIMIT 1  [["id", 1124]]
  [1m[36mCACHE (0.0ms)[0m  [1mSELECT "places".* FROM "places" WHERE "places"."id" = $1 LIMIT 1[0m  [["id", 975]]
  [1m[35mCACHE (0.0ms)[0m  SELECT "places".* FROM "places" WHERE "places"."id" = 45 LIMIT 1
  [1m[36mCACHE (0.0ms)[0m  [1mselect * from routes where startplace_id = 45[0m
  [1m[35mCACHE (0.0ms)[0m  select * from routes where endplace_id = 45
  [1m[36mCACHE (0.0ms)[0m  [1mSELECT "places".* FROM "places" WHERE "places"."id" = $1 LIMIT 1[0m  [["id", 45]]
  [1m[35mCACHE (0.0ms)[0m  SELECT "places".* FROM "places" WHERE "places"."id" = $1 LIMIT 1  [["id", 976]]
  [1m[36mCACHE (0.0ms)[0m  [1mSELECT "places".* FROM "places" WHERE "places"."id" = $1 LIMIT 1[0m  [["id", 650]]
  [1m[35mCACHE (0.0ms)[0m  SELECT "places".* FROM "places" WHERE "places"."id" = 1119 LIMIT 1
  [1m[36mCACHE (0.0ms)[0m  [1mselect * from routes where startplace_id = 1119[0m
  [1m[35mCACHE (0.0ms)[0m  select * from routes where endplace_id = 1119
  [1m[36mCACHE (0.0ms)[0m  [1mSELECT "places".* FROM "places" WHERE "places"."id" = $1 LIMIT 1[0m  [["id", 1119]]
  [1m[35mCACHE (0.0ms)[0m  SELECT "places".* FROM "places" WHERE "places"."id" = $1 LIMIT 1  [["id", 1120]]
  [1m[36mCACHE (0.0ms)[0m  [1mSELECT "places".* FROM "places" WHERE "places"."id" = $1 LIMIT 1[0m  [["id", 976]]
  [1m[35mCACHE (0.0ms)[0m  SELECT "places".* FROM "places" WHERE "places"."id" = $1 LIMIT 1  [["id", 471]]
  [1m[36mCACHE (0.0ms)[0m  [1mSELECT "places".* FROM "places" WHERE "places"."id" = 45 LIMIT 1[0m
  [1m[35mCACHE (0.0ms)[0m  select * from routes where startplace_id = 45
  [1m[36mCACHE (0.0ms)[0m  [1mselect * from routes where endplace_id = 45[0m
  [1m[35mCACHE (0.0ms)[0m  SELECT "places".* FROM "places" WHERE "places"."id" = $1 LIMIT 1  [["id", 45]]
  [1m[36mCACHE (0.0ms)[0m  [1mSELECT "places".* FROM "places" WHERE "places"."id" = $1 LIMIT 1[0m  [["id", 976]]
  [1m[35mCACHE (0.0ms)[0m  SELECT "places".* FROM "places" WHERE "places"."id" = $1 LIMIT 1  [["id", 650]]
  [1m[36mCACHE (0.0ms)[0m  [1mSELECT "places".* FROM "places" WHERE "places"."id" = 1131 LIMIT 1[0m
  [1m[35mCACHE (0.0ms)[0m  select * from routes where startplace_id = 1131
  [1m[36mCACHE (0.0ms)[0m  [1mselect * from routes where endplace_id = 1131[0m
  [1m[35mCACHE (0.0ms)[0m  SELECT "places".* FROM "places" WHERE "places"."id" = $1 LIMIT 1  [["id", 1131]]
  [1m[36mCACHE (0.0ms)[0m  [1mSELECT "places".* FROM "places" WHERE "places"."id" = $1 LIMIT 1[0m  [["id", 1132]]
  [1m[35mCACHE (0.0ms)[0m  SELECT "places".* FROM "places" WHERE "places"."id" = $1 LIMIT 1  [["id", 1133]]
  [1m[36mCACHE (0.0ms)[0m  [1mSELECT "places".* FROM "places" WHERE "places"."id" = 419 LIMIT 1[0m
  [1m[35mCACHE (0.0ms)[0m  select * from routes where startplace_id = 419
  [1m[36mCACHE (0.0ms)[0m  [1mselect * from routes where endplace_id = 419[0m
  [1m[35mCACHE (0.0ms)[0m  SELECT "places".* FROM "places" WHERE "places"."id" = $1 LIMIT 1  [["id", 419]]
  [1m[36mCACHE (0.0ms)[0m  [1mSELECT "places".* FROM "places" WHERE "places"."id" = $1 LIMIT 1[0m  [["id", 1127]]
  [1m[35mCACHE (0.0ms)[0m  SELECT "places".* FROM "places" WHERE "places"."id" = $1 LIMIT 1  [["id", 1128]]
  [1m[36mCACHE (0.0ms)[0m  [1mSELECT "places".* FROM "places" WHERE "places"."id" = 45 LIMIT 1[0m
  [1m[35mCACHE (0.0ms)[0m  select * from routes where startplace_id = 45
  [1m[36mCACHE (0.0ms)[0m  [1mselect * from routes where endplace_id = 45[0m
  [1m[35mCACHE (0.0ms)[0m  SELECT "places".* FROM "places" WHERE "places"."id" = $1 LIMIT 1  [["id", 45]]
  [1m[36mCACHE (0.0ms)[0m  [1mSELECT "places".* FROM "places" WHERE "places"."id" = $1 LIMIT 1[0m  [["id", 976]]
  [1m[35mCACHE (0.0ms)[0m  SELECT "places".* FROM "places" WHERE "places"."id" = $1 LIMIT 1  [["id", 650]]
  [1m[36mCACHE (0.0ms)[0m  [1mSELECT "places".* FROM "places" WHERE "places"."id" = 1119 LIMIT 1[0m
  [1m[35mCACHE (0.0ms)[0m  select * from routes where startplace_id = 1119
  [1m[36mCACHE (0.0ms)[0m  [1mselect * from routes where endplace_id = 1119[0m
  [1m[35mCACHE (0.0ms)[0m  SELECT "places".* FROM "places" WHERE "places"."id" = $1 LIMIT 1  [["id", 1119]]
  [1m[36mCACHE (0.0ms)[0m  [1mSELECT "places".* FROM "places" WHERE "places"."id" = $1 LIMIT 1[0m  [["id", 1120]]
  [1m[35mCACHE (0.0ms)[0m  SELECT "places".* FROM "places" WHERE "places"."id" = $1 LIMIT 1  [["id", 976]]
  [1m[36mCACHE (0.0ms)[0m  [1mSELECT "places".* FROM "places" WHERE "places"."id" = $1 LIMIT 1[0m  [["id", 471]]
  [1m[35mCACHE (0.0ms)[0m  SELECT "places".* FROM "places" WHERE "places"."id" = 1126 LIMIT 1
  [1m[36mCACHE (0.0ms)[0m  [1mselect * from routes where startplace_id = 1126[0m
  [1m[35mCACHE (0.0ms)[0m  select * from routes where endplace_id = 1126
  [1m[36mCACHE (0.0ms)[0m  [1mSELECT "places".* FROM "places" WHERE "places"."id" = $1 LIMIT 1[0m  [["id", 1126]]
  [1m[35mCACHE (0.0ms)[0m  SELECT "places".* FROM "places" WHERE "places"."id" = $1 LIMIT 1  [["id", 1130]]
  [1m[36mCACHE (0.0ms)[0m  [1mSELECT "places".* FROM "places" WHERE "places"."id" = $1 LIMIT 1[0m  [["id", 1126]]
  [1m[35mCACHE (0.0ms)[0m  SELECT "places".* FROM "places" WHERE "places"."id" = $1 LIMIT 1  [["id", 769]]
  [1m[36mCACHE (0.0ms)[0m  [1mSELECT "places".* FROM "places" WHERE "places"."id" = $1 LIMIT 1[0m  [["id", 1127]]
  [1m[35mCACHE (0.0ms)[0m  SELECT "places".* FROM "places" WHERE "places"."id" = 1121 LIMIT 1
  [1m[36mCACHE (0.0ms)[0m  [1mselect * from routes where startplace_id = 1121[0m
  [1m[35mCACHE (0.0ms)[0m  select * from routes where endplace_id = 1121
  [1m[36mCACHE (0.0ms)[0m  [1mSELECT "places".* FROM "places" WHERE "places"."id" = $1 LIMIT 1[0m  [["id", 1121]]
  [1m[35mCACHE (0.0ms)[0m  SELECT "places".* FROM "places" WHERE "places"."id" = $1 LIMIT 1  [["id", 1122]]
  [1m[36mCACHE (0.0ms)[0m  [1mSELECT "places".* FROM "places" WHERE "places"."id" = $1 LIMIT 1[0m  [["id", 976]]
  [1m[35mCACHE (0.0ms)[0m  SELECT "places".* FROM "places" WHERE "places"."id" = 1119 LIMIT 1
  [1m[36mCACHE (0.0ms)[0m  [1mselect * from routes where startplace_id = 1119[0m
  [1m[35mCACHE (0.0ms)[0m  select * from routes where endplace_id = 1119
  [1m[36mCACHE (0.0ms)[0m  [1mSELECT "places".* FROM "places" WHERE "places"."id" = $1 LIMIT 1[0m  [["id", 1119]]
  [1m[35mCACHE (0.0ms)[0m  SELECT "places".* FROM "places" WHERE "places"."id" = $1 LIMIT 1  [["id", 1120]]
  [1m[36mCACHE (0.0ms)[0m  [1mSELECT "places".* FROM "places" WHERE "places"."id" = $1 LIMIT 1[0m  [["id", 976]]
  [1m[35mCACHE (0.0ms)[0m  SELECT "places".* FROM "places" WHERE "places"."id" = $1 LIMIT 1  [["id", 471]]
  [1m[36mCACHE (0.0ms)[0m  [1mSELECT "places".* FROM "places" WHERE "places"."id" = 1129 LIMIT 1[0m
  [1m[35mCACHE (0.0ms)[0m  select * from routes where startplace_id = 1129
  [1m[36mCACHE (0.0ms)[0m  [1mselect * from routes where endplace_id = 1129[0m
  [1m[35mCACHE (0.0ms)[0m  SELECT "places".* FROM "places" WHERE "places"."id" = $1 LIMIT 1  [["id", 1129]]
  [1m[36mCACHE (0.0ms)[0m  [1mSELECT "places".* FROM "places" WHERE "places"."id" = $1 LIMIT 1[0m  [["id", 207]]
  [1m[35mCACHE (0.0ms)[0m  SELECT "places".* FROM "places" WHERE "places"."id" = $1 LIMIT 1  [["id", 1124]]
  [1m[36mCACHE (0.0ms)[0m  [1mSELECT "places".* FROM "places" WHERE "places"."id" = $1 LIMIT 1[0m  [["id", 975]]
  [1m[35mCACHE (0.0ms)[0m  SELECT "places".* FROM "places" WHERE "places"."id" = 1133 LIMIT 1
  [1m[36mCACHE (0.0ms)[0m  [1mselect * from routes where startplace_id = 1133[0m
  [1m[35mCACHE (0.0ms)[0m  select * from routes where endplace_id = 1133
  [1m[36mCACHE (0.0ms)[0m  [1mSELECT "places".* FROM "places" WHERE "places"."id" = $1 LIMIT 1[0m  [["id", 1133]]
  [1m[35mCACHE (0.0ms)[0m  SELECT "places".* FROM "places" WHERE "places"."id" = $1 LIMIT 1  [["id", 1131]]
  [1m[36mCACHE (0.0ms)[0m  [1mSELECT "places".* FROM "places" WHERE "places"."id" = $1 LIMIT 1[0m  [["id", 207]]
  [1m[35mCACHE (0.0ms)[0m  SELECT "places".* FROM "places" WHERE "places"."id" = 1129 LIMIT 1
  [1m[36mCACHE (0.0ms)[0m  [1mselect * from routes where startplace_id = 1129[0m
  [1m[35mCACHE (0.0ms)[0m  select * from routes where endplace_id = 1129
  [1m[36mCACHE (0.0ms)[0m  [1mSELECT "places".* FROM "places" WHERE "places"."id" = $1 LIMIT 1[0m  [["id", 1129]]
  [1m[35mCACHE (0.0ms)[0m  SELECT "places".* FROM "places" WHERE "places"."id" = $1 LIMIT 1  [["id", 207]]
  [1m[36mCACHE (0.0ms)[0m  [1mSELECT "places".* FROM "places" WHERE "places"."id" = $1 LIMIT 1[0m  [["id", 1124]]
  [1m[35mCACHE (0.0ms)[0m  SELECT "places".* FROM "places" WHERE "places"."id" = $1 LIMIT 1  [["id", 975]]
  [1m[36mCACHE (0.0ms)[0m  [1mSELECT "places".* FROM "places" WHERE "places"."id" = 1123 LIMIT 1[0m
  [1m[35mCACHE (0.0ms)[0m  select * from routes where startplace_id = 1123
  [1m[36mCACHE (0.0ms)[0m  [1mselect * from routes where endplace_id = 1123[0m
  [1m[35mCACHE (0.0ms)[0m  SELECT "places".* FROM "places" WHERE "places"."id" = $1 LIMIT 1  [["id", 1123]]
  [1m[36mCACHE (0.0ms)[0m  [1mSELECT "places".* FROM "places" WHERE "places"."id" = $1 LIMIT 1[0m  [["id", 1124]]
  [1m[35mCACHE (0.0ms)[0m  SELECT "places".* FROM "places" WHERE "places"."id" = $1 LIMIT 1  [["id", 975]]
  [1m[36mCACHE (0.0ms)[0m  [1mSELECT "places".* FROM "places" WHERE "places"."id" = $1 LIMIT 1[0m  [["id", 1125]]
  [1m[35mPlace Load (0.6ms)[0m  SELECT "places".* FROM "places" WHERE "places"."id" = 271 LIMIT 1
  [1m[36mRoute Load (0.3ms)[0m  [1mselect * from routes where startplace_id = 271[0m
  [1m[35mRoute Load (0.3ms)[0m  select * from routes where endplace_id = 271
  [1m[36mCACHE (0.0ms)[0m  [1mSELECT "places".* FROM "places" WHERE "places"."id" = $1 LIMIT 1[0m  [["id", 271]]
  [1m[35mCACHE (0.0ms)[0m  SELECT "places".* FROM "places" WHERE "places"."id" = $1 LIMIT 1  [["id", 1135]]
  [1m[36mPlace Load (0.3ms)[0m  [1mSELECT "places".* FROM "places" WHERE "places"."id" = 1116 LIMIT 1[0m
  [1m[35mRoute Load (0.3ms)[0m  select * from routes where startplace_id = 1116
  [1m[36mRoute Load (0.3ms)[0m  [1mselect * from routes where endplace_id = 1116[0m
  [1m[35mCACHE (0.0ms)[0m  SELECT "places".* FROM "places" WHERE "places"."id" = $1 LIMIT 1  [["id", 1116]]
  [1m[36mPlace Load (0.2ms)[0m  [1mSELECT "places".* FROM "places" WHERE "places"."id" = $1 LIMIT 1[0m  [["id", 827]]
  [1m[35mPlace Load (0.2ms)[0m  SELECT "places".* FROM "places" WHERE "places"."id" = $1 LIMIT 1  [["id", 528]]
  [1m[36mCACHE (0.0ms)[0m  [1mSELECT "places".* FROM "places" WHERE "places"."id" = $1 LIMIT 1[0m  [["id", 58]]
  [1m[35mCACHE (0.0ms)[0m  SELECT "places".* FROM "places" WHERE "places"."id" = 1121 LIMIT 1
  [1m[36mCACHE (0.0ms)[0m  [1mselect * from routes where startplace_id = 1121[0m
  [1m[35mCACHE (0.0ms)[0m  select * from routes where endplace_id = 1121
  [1m[36mCACHE (0.0ms)[0m  [1mSELECT "places".* FROM "places" WHERE "places"."id" = $1 LIMIT 1[0m  [["id", 1121]]
  [1m[35mCACHE (0.0ms)[0m  SELECT "places".* FROM "places" WHERE "places"."id" = $1 LIMIT 1  [["id", 1122]]
  [1m[36mCACHE (0.0ms)[0m  [1mSELECT "places".* FROM "places" WHERE "places"."id" = $1 LIMIT 1[0m  [["id", 976]]
  [1m[35mCACHE (0.0ms)[0m  SELECT "places".* FROM "places" WHERE "places"."id" = 1124 LIMIT 1
  [1m[36mCACHE (0.0ms)[0m  [1mselect * from routes where startplace_id = 1124[0m
  [1m[35mCACHE (0.0ms)[0m  select * from routes where endplace_id = 1124
  [1m[36mCACHE (0.0ms)[0m  [1mSELECT "places".* FROM "places" WHERE "places"."id" = $1 LIMIT 1[0m  [["id", 1124]]
  [1m[35mCACHE (0.0ms)[0m  SELECT "places".* FROM "places" WHERE "places"."id" = $1 LIMIT 1  [["id", 1129]]
  [1m[36mCACHE (0.0ms)[0m  [1mSELECT "places".* FROM "places" WHERE "places"."id" = $1 LIMIT 1[0m  [["id", 1124]]
  [1m[35mCACHE (0.0ms)[0m  SELECT "places".* FROM "places" WHERE "places"."id" = $1 LIMIT 1  [["id", 974]]
  [1m[36mCACHE (0.0ms)[0m  [1mSELECT "places".* FROM "places" WHERE "places"."id" = $1 LIMIT 1[0m  [["id", 1123]]
  [1m[35mCACHE (0.0ms)[0m  SELECT "places".* FROM "places" WHERE "places"."id" = 207 LIMIT 1
  [1m[36mCACHE (0.0ms)[0m  [1mselect * from routes where startplace_id = 207[0m
  [1m[35mCACHE (0.0ms)[0m  select * from routes where endplace_id = 207
  [1m[36mCACHE (0.0ms)[0m  [1mSELECT "places".* FROM "places" WHERE "places"."id" = $1 LIMIT 1[0m  [["id", 207]]
  [1m[35mCACHE (0.0ms)[0m  SELECT "places".* FROM "places" WHERE "places"."id" = $1 LIMIT 1  [["id", 650]]
  [1m[36mCACHE (0.0ms)[0m  [1mSELECT "places".* FROM "places" WHERE "places"."id" = $1 LIMIT 1[0m  [["id", 207]]
  [1m[35mCACHE (0.0ms)[0m  SELECT "places".* FROM "places" WHERE "places"."id" = $1 LIMIT 1  [["id", 1133]]
  [1m[36mCACHE (0.0ms)[0m  [1mSELECT "places".* FROM "places" WHERE "places"."id" = $1 LIMIT 1[0m  [["id", 1129]]
  [1m[35mCACHE (0.0ms)[0m  SELECT "places".* FROM "places" WHERE "places"."id" = 975 LIMIT 1
  [1m[36mCACHE (0.0ms)[0m  [1mselect * from routes where startplace_id = 975[0m
  [1m[35mCACHE (0.0ms)[0m  select * from routes where endplace_id = 975
  [1m[36mCACHE (0.0ms)[0m  [1mSELECT "places".* FROM "places" WHERE "places"."id" = $1 LIMIT 1[0m  [["id", 975]]
  [1m[35mCACHE (0.0ms)[0m  SELECT "places".* FROM "places" WHERE "places"."id" = $1 LIMIT 1  [["id", 1129]]
  [1m[36mCACHE (0.0ms)[0m  [1mSELECT "places".* FROM "places" WHERE "places"."id" = $1 LIMIT 1[0m  [["id", 975]]
  [1m[35mCACHE (0.0ms)[0m  SELECT "places".* FROM "places" WHERE "places"."id" = $1 LIMIT 1  [["id", 1123]]
  [1m[36mCACHE (0.0ms)[0m  [1mSELECT "places".* FROM "places" WHERE "places"."id" = $1 LIMIT 1[0m  [["id", 1122]]
  [1m[35mCACHE (0.0ms)[0m  SELECT "places".* FROM "places" WHERE "places"."id" = 207 LIMIT 1
  [1m[36mCACHE (0.0ms)[0m  [1mselect * from routes where startplace_id = 207[0m
  [1m[35mCACHE (0.0ms)[0m  select * from routes where endplace_id = 207
  [1m[36mCACHE (0.0ms)[0m  [1mSELECT "places".* FROM "places" WHERE "places"."id" = $1 LIMIT 1[0m  [["id", 207]]
  [1m[35mCACHE (0.0ms)[0m  SELECT "places".* FROM "places" WHERE "places"."id" = $1 LIMIT 1  [["id", 650]]
  [1m[36mCACHE (0.0ms)[0m  [1mSELECT "places".* FROM "places" WHERE "places"."id" = $1 LIMIT 1[0m  [["id", 207]]
  [1m[35mCACHE (0.0ms)[0m  SELECT "places".* FROM "places" WHERE "places"."id" = $1 LIMIT 1  [["id", 1133]]
  [1m[36mCACHE (0.0ms)[0m  [1mSELECT "places".* FROM "places" WHERE "places"."id" = $1 LIMIT 1[0m  [["id", 1129]]
  [1m[35mCACHE (0.0ms)[0m  SELECT "places".* FROM "places" WHERE "places"."id" = 650 LIMIT 1
  [1m[36mCACHE (0.0ms)[0m  [1mselect * from routes where startplace_id = 650[0m
  [1m[35mCACHE (0.0ms)[0m  select * from routes where endplace_id = 650
  [1m[36mCACHE (0.0ms)[0m  [1mSELECT "places".* FROM "places" WHERE "places"."id" = $1 LIMIT 1[0m  [["id", 650]]
  [1m[35mCACHE (0.0ms)[0m  SELECT "places".* FROM "places" WHERE "places"."id" = $1 LIMIT 1  [["id", 45]]
  [1m[36mCACHE (0.0ms)[0m  [1mSELECT "places".* FROM "places" WHERE "places"."id" = $1 LIMIT 1[0m  [["id", 207]]
  [1m[35mCACHE (0.0ms)[0m  SELECT "places".* FROM "places" WHERE "places"."id" = 471 LIMIT 1
  [1m[36mCACHE (0.0ms)[0m  [1mselect * from routes where startplace_id = 471[0m
  [1m[35mCACHE (0.0ms)[0m  select * from routes where endplace_id = 471
  [1m[36mCACHE (0.0ms)[0m  [1mSELECT "places".* FROM "places" WHERE "places"."id" = $1 LIMIT 1[0m  [["id", 471]]
  [1m[35mCACHE (0.0ms)[0m  SELECT "places".* FROM "places" WHERE "places"."id" = $1 LIMIT 1  [["id", 1119]]
  [1m[36mCACHE (0.0ms)[0m  [1mSELECT "places".* FROM "places" WHERE "places"."id" = $1 LIMIT 1[0m  [["id", 974]]
  [1m[35mCACHE (0.0ms)[0m  SELECT "places".* FROM "places" WHERE "places"."id" = 1120 LIMIT 1
  [1m[36mCACHE (0.0ms)[0m  [1mselect * from routes where startplace_id = 1120[0m
  [1m[35mCACHE (0.0ms)[0m  select * from routes where endplace_id = 1120
  [1m[36mCACHE (0.0ms)[0m  [1mSELECT "places".* FROM "places" WHERE "places"."id" = $1 LIMIT 1[0m  [["id", 1120]]
  [1m[35mCACHE (0.0ms)[0m  SELECT "places".* FROM "places" WHERE "places"."id" = $1 LIMIT 1  [["id", 1118]]
  [1m[36mCACHE (0.0ms)[0m  [1mSELECT "places".* FROM "places" WHERE "places"."id" = $1 LIMIT 1[0m  [["id", 1119]]
  [1m[35mCACHE (0.0ms)[0m  SELECT "places".* FROM "places" WHERE "places"."id" = 976 LIMIT 1
  [1m[36mCACHE (0.0ms)[0m  [1mselect * from routes where startplace_id = 976[0m
  [1m[35mCACHE (0.0ms)[0m  select * from routes where endplace_id = 976
  [1m[36mCACHE (0.0ms)[0m  [1mSELECT "places".* FROM "places" WHERE "places"."id" = $1 LIMIT 1[0m  [["id", 976]]
  [1m[35mCACHE (0.0ms)[0m  SELECT "places".* FROM "places" WHERE "places"."id" = $1 LIMIT 1  [["id", 1121]]
  [1m[36mCACHE (0.0ms)[0m  [1mSELECT "places".* FROM "places" WHERE "places"."id" = $1 LIMIT 1[0m  [["id", 976]]
  [1m[35mCACHE (0.0ms)[0m  SELECT "places".* FROM "places" WHERE "places"."id" = $1 LIMIT 1  [["id", 1119]]
  [1m[36mCACHE (0.0ms)[0m  [1mSELECT "places".* FROM "places" WHERE "places"."id" = $1 LIMIT 1[0m  [["id", 45]]
  [1m[35mCACHE (0.0ms)[0m  SELECT "places".* FROM "places" WHERE "places"."id" = 1132 LIMIT 1
  [1m[36mCACHE (0.0ms)[0m  [1mselect * from routes where startplace_id = 1132[0m
  [1m[35mCACHE (0.0ms)[0m  select * from routes where endplace_id = 1132
  [1m[36mCACHE (0.0ms)[0m  [1mSELECT "places".* FROM "places" WHERE "places"."id" = $1 LIMIT 1[0m  [["id", 1131]]
  [1m[35mCACHE (0.0ms)[0m  SELECT "places".* FROM "places" WHERE "places"."id" = 1128 LIMIT 1
  [1m[36mCACHE (0.0ms)[0m  [1mselect * from routes where startplace_id = 1128[0m
  [1m[35mCACHE (0.0ms)[0m  select * from routes where endplace_id = 1128
  [1m[36mCACHE (0.0ms)[0m  [1mSELECT "places".* FROM "places" WHERE "places"."id" = $1 LIMIT 1[0m  [["id", 1128]]
  [1m[35mCACHE (0.0ms)[0m  SELECT "places".* FROM "places" WHERE "places"."id" = $1 LIMIT 1  [["id", 419]]
  [1m[36mCACHE (0.0ms)[0m  [1mSELECT "places".* FROM "places" WHERE "places"."id" = 650 LIMIT 1[0m
  [1m[35mCACHE (0.0ms)[0m  select * from routes where startplace_id = 650
  [1m[36mCACHE (0.0ms)[0m  [1mselect * from routes where endplace_id = 650[0m
  [1m[35mCACHE (0.0ms)[0m  SELECT "places".* FROM "places" WHERE "places"."id" = $1 LIMIT 1  [["id", 650]]
  [1m[36mCACHE (0.0ms)[0m  [1mSELECT "places".* FROM "places" WHERE "places"."id" = $1 LIMIT 1[0m  [["id", 45]]
  [1m[35mCACHE (0.0ms)[0m  SELECT "places".* FROM "places" WHERE "places"."id" = $1 LIMIT 1  [["id", 207]]
  [1m[36mCACHE (0.0ms)[0m  [1mSELECT "places".* FROM "places" WHERE "places"."id" = 471 LIMIT 1[0m
  [1m[35mCACHE (0.0ms)[0m  select * from routes where startplace_id = 471
  [1m[36mCACHE (0.0ms)[0m  [1mselect * from routes where endplace_id = 471[0m
  [1m[35mCACHE (0.0ms)[0m  SELECT "places".* FROM "places" WHERE "places"."id" = $1 LIMIT 1  [["id", 471]]
  [1m[36mCACHE (0.0ms)[0m  [1mSELECT "places".* FROM "places" WHERE "places"."id" = $1 LIMIT 1[0m  [["id", 1119]]
  [1m[35mCACHE (0.0ms)[0m  SELECT "places".* FROM "places" WHERE "places"."id" = $1 LIMIT 1  [["id", 974]]
  [1m[36mCACHE (0.0ms)[0m  [1mSELECT "places".* FROM "places" WHERE "places"."id" = 1120 LIMIT 1[0m
  [1m[35mCACHE (0.0ms)[0m  select * from routes where startplace_id = 1120
  [1m[36mCACHE (0.0ms)[0m  [1mselect * from routes where endplace_id = 1120[0m
  [1m[35mCACHE (0.0ms)[0m  SELECT "places".* FROM "places" WHERE "places"."id" = $1 LIMIT 1  [["id", 1120]]
  [1m[36mCACHE (0.0ms)[0m  [1mSELECT "places".* FROM "places" WHERE "places"."id" = $1 LIMIT 1[0m  [["id", 1118]]
  [1m[35mCACHE (0.0ms)[0m  SELECT "places".* FROM "places" WHERE "places"."id" = $1 LIMIT 1  [["id", 1119]]
  [1m[36mCACHE (0.0ms)[0m  [1mSELECT "places".* FROM "places" WHERE "places"."id" = 1127 LIMIT 1[0m
  [1m[35mCACHE (0.0ms)[0m  select * from routes where startplace_id = 1127
  [1m[36mCACHE (0.0ms)[0m  [1mselect * from routes where endplace_id = 1127[0m
  [1m[35mCACHE (0.0ms)[0m  SELECT "places".* FROM "places" WHERE "places"."id" = $1 LIMIT 1  [["id", 1127]]
  [1m[36mCACHE (0.0ms)[0m  [1mSELECT "places".* FROM "places" WHERE "places"."id" = $1 LIMIT 1[0m  [["id", 1126]]
  [1m[35mCACHE (0.0ms)[0m  SELECT "places".* FROM "places" WHERE "places"."id" = $1 LIMIT 1  [["id", 419]]
  [1m[36mCACHE (0.0ms)[0m  [1mSELECT "places".* FROM "places" WHERE "places"."id" = 1130 LIMIT 1[0m
  [1m[35mCACHE (0.0ms)[0m  select * from routes where startplace_id = 1130
  [1m[36mCACHE (0.0ms)[0m  [1mselect * from routes where endplace_id = 1130[0m
  [1m[35mCACHE (0.0ms)[0m  SELECT "places".* FROM "places" WHERE "places"."id" = $1 LIMIT 1  [["id", 1130]]
  [1m[36mCACHE (0.0ms)[0m  [1mSELECT "places".* FROM "places" WHERE "places"."id" = $1 LIMIT 1[0m  [["id", 974]]
  [1m[35mCACHE (0.0ms)[0m  SELECT "places".* FROM "places" WHERE "places"."id" = $1 LIMIT 1  [["id", 1126]]
  [1m[36mCACHE (0.0ms)[0m  [1mSELECT "places".* FROM "places" WHERE "places"."id" = 1122 LIMIT 1[0m
  [1m[35mCACHE (0.0ms)[0m  select * from routes where startplace_id = 1122
  [1m[36mCACHE (0.0ms)[0m  [1mselect * from routes where endplace_id = 1122[0m
  [1m[35mCACHE (0.0ms)[0m  SELECT "places".* FROM "places" WHERE "places"."id" = $1 LIMIT 1  [["id", 1122]]
  [1m[36mCACHE (0.0ms)[0m  [1mSELECT "places".* FROM "places" WHERE "places"."id" = $1 LIMIT 1[0m  [["id", 975]]
  [1m[35mCACHE (0.0ms)[0m  SELECT "places".* FROM "places" WHERE "places"."id" = $1 LIMIT 1  [["id", 1121]]
  [1m[36mCACHE (0.0ms)[0m  [1mSELECT "places".* FROM "places" WHERE "places"."id" = 471 LIMIT 1[0m
  [1m[35mCACHE (0.0ms)[0m  select * from routes where startplace_id = 471
  [1m[36mCACHE (0.0ms)[0m  [1mselect * from routes where endplace_id = 471[0m
  [1m[35mCACHE (0.0ms)[0m  SELECT "places".* FROM "places" WHERE "places"."id" = $1 LIMIT 1  [["id", 471]]
  [1m[36mCACHE (0.0ms)[0m  [1mSELECT "places".* FROM "places" WHERE "places"."id" = $1 LIMIT 1[0m  [["id", 1119]]
  [1m[35mCACHE (0.0ms)[0m  SELECT "places".* FROM "places" WHERE "places"."id" = $1 LIMIT 1  [["id", 974]]
  [1m[36mCACHE (0.0ms)[0m  [1mSELECT "places".* FROM "places" WHERE "places"."id" = 1120 LIMIT 1[0m
  [1m[35mCACHE (0.0ms)[0m  select * from routes where startplace_id = 1120
  [1m[36mCACHE (0.0ms)[0m  [1mselect * from routes where endplace_id = 1120[0m
  [1m[35mCACHE (0.0ms)[0m  SELECT "places".* FROM "places" WHERE "places"."id" = $1 LIMIT 1  [["id", 1120]]
  [1m[36mCACHE (0.0ms)[0m  [1mSELECT "places".* FROM "places" WHERE "places"."id" = $1 LIMIT 1[0m  [["id", 1118]]
  [1m[35mCACHE (0.0ms)[0m  SELECT "places".* FROM "places" WHERE "places"."id" = $1 LIMIT 1  [["id", 1119]]
  [1m[36mCACHE (0.0ms)[0m  [1mSELECT "places".* FROM "places" WHERE "places"."id" = 1124 LIMIT 1[0m
  [1m[35mCACHE (0.0ms)[0m  select * from routes where startplace_id = 1124
  [1m[36mCACHE (0.0ms)[0m  [1mselect * from routes where endplace_id = 1124[0m
  [1m[35mCACHE (0.0ms)[0m  SELECT "places".* FROM "places" WHERE "places"."id" = $1 LIMIT 1  [["id", 1124]]
  [1m[36mCACHE (0.0ms)[0m  [1mSELECT "places".* FROM "places" WHERE "places"."id" = $1 LIMIT 1[0m  [["id", 1129]]
  [1m[35mCACHE (0.0ms)[0m  SELECT "places".* FROM "places" WHERE "places"."id" = $1 LIMIT 1  [["id", 1124]]
  [1m[36mCACHE (0.0ms)[0m  [1mSELECT "places".* FROM "places" WHERE "places"."id" = $1 LIMIT 1[0m  [["id", 974]]
  [1m[35mCACHE (0.0ms)[0m  SELECT "places".* FROM "places" WHERE "places"."id" = $1 LIMIT 1  [["id", 1123]]
  [1m[36mCACHE (0.0ms)[0m  [1mSELECT "places".* FROM "places" WHERE "places"."id" = 975 LIMIT 1[0m
  [1m[35mCACHE (0.0ms)[0m  select * from routes where startplace_id = 975
  [1m[36mCACHE (0.0ms)[0m  [1mselect * from routes where endplace_id = 975[0m
  [1m[35mCACHE (0.0ms)[0m  SELECT "places".* FROM "places" WHERE "places"."id" = $1 LIMIT 1  [["id", 975]]
  [1m[36mCACHE (0.0ms)[0m  [1mSELECT "places".* FROM "places" WHERE "places"."id" = $1 LIMIT 1[0m  [["id", 1129]]
  [1m[35mCACHE (0.0ms)[0m  SELECT "places".* FROM "places" WHERE "places"."id" = $1 LIMIT 1  [["id", 975]]
  [1m[36mCACHE (0.0ms)[0m  [1mSELECT "places".* FROM "places" WHERE "places"."id" = $1 LIMIT 1[0m  [["id", 1123]]
  [1m[35mCACHE (0.0ms)[0m  SELECT "places".* FROM "places" WHERE "places"."id" = $1 LIMIT 1  [["id", 1122]]
  [1m[36mCACHE (0.0ms)[0m  [1mSELECT "places".* FROM "places" WHERE "places"."id" = 1131 LIMIT 1[0m
  [1m[35mCACHE (0.0ms)[0m  select * from routes where startplace_id = 1131
  [1m[36mCACHE (0.0ms)[0m  [1mselect * from routes where endplace_id = 1131[0m
  [1m[35mCACHE (0.0ms)[0m  SELECT "places".* FROM "places" WHERE "places"."id" = $1 LIMIT 1  [["id", 1131]]
  [1m[36mCACHE (0.0ms)[0m  [1mSELECT "places".* FROM "places" WHERE "places"."id" = $1 LIMIT 1[0m  [["id", 1132]]
  [1m[35mCACHE (0.0ms)[0m  SELECT "places".* FROM "places" WHERE "places"."id" = $1 LIMIT 1  [["id", 1133]]
  [1m[36mCACHE (0.0ms)[0m  [1mSELECT "places".* FROM "places" WHERE "places"."id" = 1124 LIMIT 1[0m
  [1m[35mCACHE (0.0ms)[0m  select * from routes where startplace_id = 1124
  [1m[36mCACHE (0.0ms)[0m  [1mselect * from routes where endplace_id = 1124[0m
  [1m[35mCACHE (0.0ms)[0m  SELECT "places".* FROM "places" WHERE "places"."id" = $1 LIMIT 1  [["id", 1124]]
  [1m[36mCACHE (0.0ms)[0m  [1mSELECT "places".* FROM "places" WHERE "places"."id" = $1 LIMIT 1[0m  [["id", 1129]]
  [1m[35mCACHE (0.0ms)[0m  SELECT "places".* FROM "places" WHERE "places"."id" = $1 LIMIT 1  [["id", 1124]]
  [1m[36mCACHE (0.0ms)[0m  [1mSELECT "places".* FROM "places" WHERE "places"."id" = $1 LIMIT 1[0m  [["id", 974]]
  [1m[35mCACHE (0.0ms)[0m  SELECT "places".* FROM "places" WHERE "places"."id" = $1 LIMIT 1  [["id", 1123]]
  [1m[36mCACHE (0.0ms)[0m  [1mSELECT "places".* FROM "places" WHERE "places"."id" = 207 LIMIT 1[0m
  [1m[35mCACHE (0.0ms)[0m  select * from routes where startplace_id = 207
  [1m[36mCACHE (0.0ms)[0m  [1mselect * from routes where endplace_id = 207[0m
  [1m[35mCACHE (0.0ms)[0m  SELECT "places".* FROM "places" WHERE "places"."id" = $1 LIMIT 1  [["id", 207]]
  [1m[36mCACHE (0.0ms)[0m  [1mSELECT "places".* FROM "places" WHERE "places"."id" = $1 LIMIT 1[0m  [["id", 650]]
  [1m[35mCACHE (0.0ms)[0m  SELECT "places".* FROM "places" WHERE "places"."id" = $1 LIMIT 1  [["id", 207]]
  [1m[36mCACHE (0.0ms)[0m  [1mSELECT "places".* FROM "places" WHERE "places"."id" = $1 LIMIT 1[0m  [["id", 1133]]
  [1m[35mCACHE (0.0ms)[0m  SELECT "places".* FROM "places" WHERE "places"."id" = $1 LIMIT 1  [["id", 1129]]
  [1m[36mCACHE (0.0ms)[0m  [1mSELECT "places".* FROM "places" WHERE "places"."id" = 1125 LIMIT 1[0m
  [1m[35mCACHE (0.0ms)[0m  select * from routes where startplace_id = 1125
  [1m[36mCACHE (0.0ms)[0m  [1mselect * from routes where endplace_id = 1125[0m
  [1m[35mCACHE (0.0ms)[0m  SELECT "places".* FROM "places" WHERE "places"."id" = $1 LIMIT 1  [["id", 1125]]
  [1m[36mCACHE (0.0ms)[0m  [1mSELECT "places".* FROM "places" WHERE "places"."id" = $1 LIMIT 1[0m  [["id", 1123]]
  [1m[35mCACHE (0.0ms)[0m  SELECT "places".* FROM "places" WHERE "places"."id" = $1 LIMIT 1  [["id", 769]]
  [1m[36mCACHE (0.0ms)[0m  [1mSELECT "places".* FROM "places" WHERE "places"."id" = 1124 LIMIT 1[0m
  [1m[35mCACHE (0.0ms)[0m  select * from routes where startplace_id = 1124
  [1m[36mCACHE (0.0ms)[0m  [1mselect * from routes where endplace_id = 1124[0m
  [1m[35mCACHE (0.0ms)[0m  SELECT "places".* FROM "places" WHERE "places"."id" = $1 LIMIT 1  [["id", 1124]]
  [1m[36mCACHE (0.0ms)[0m  [1mSELECT "places".* FROM "places" WHERE "places"."id" = $1 LIMIT 1[0m  [["id", 1129]]
  [1m[35mCACHE (0.0ms)[0m  SELECT "places".* FROM "places" WHERE "places"."id" = $1 LIMIT 1  [["id", 1124]]
  [1m[36mCACHE (0.0ms)[0m  [1mSELECT "places".* FROM "places" WHERE "places"."id" = $1 LIMIT 1[0m  [["id", 974]]
  [1m[35mCACHE (0.0ms)[0m  SELECT "places".* FROM "places" WHERE "places"."id" = $1 LIMIT 1  [["id", 1123]]
  [1m[36mPlace Load (0.6ms)[0m  [1mSELECT "places".* FROM "places" WHERE "places"."id" = 528 LIMIT 1[0m
  [1m[35mRoute Load (0.3ms)[0m  select * from routes where startplace_id = 528
  [1m[36mRoute Load (0.3ms)[0m  [1mselect * from routes where endplace_id = 528[0m
  [1m[35mCACHE (0.0ms)[0m  SELECT "places".* FROM "places" WHERE "places"."id" = $1 LIMIT 1  [["id", 528]]
  [1m[36mCACHE (0.0ms)[0m  [1mSELECT "places".* FROM "places" WHERE "places"."id" = $1 LIMIT 1[0m  [["id", 1116]]
  [1m[35mPlace Load (0.3ms)[0m  SELECT "places".* FROM "places" WHERE "places"."id" = 827 LIMIT 1
  [1m[36mRoute Load (0.3ms)[0m  [1mselect * from routes where startplace_id = 827[0m
  [1m[35mRoute Load (0.3ms)[0m  select * from routes where endplace_id = 827
  [1m[36mCACHE (0.0ms)[0m  [1mSELECT "places".* FROM "places" WHERE "places"."id" = $1 LIMIT 1[0m  [["id", 827]]
  [1m[35mPlace Load (0.3ms)[0m  SELECT "places".* FROM "places" WHERE "places"."id" = $1 LIMIT 1  [["id", 397]]
  [1m[36mCACHE (0.0ms)[0m  [1mSELECT "places".* FROM "places" WHERE "places"."id" = $1 LIMIT 1[0m  [["id", 1116]]
  [1m[35mCACHE (0.0ms)[0m  SELECT "places".* FROM "places" WHERE "places"."id" = 976 LIMIT 1
  [1m[36mCACHE (0.0ms)[0m  [1mselect * from routes where startplace_id = 976[0m
  [1m[35mCACHE (0.0ms)[0m  select * from routes where endplace_id = 976
  [1m[36mCACHE (0.0ms)[0m  [1mSELECT "places".* FROM "places" WHERE "places"."id" = $1 LIMIT 1[0m  [["id", 976]]
  [1m[35mCACHE (0.0ms)[0m  SELECT "places".* FROM "places" WHERE "places"."id" = $1 LIMIT 1  [["id", 1121]]
  [1m[36mCACHE (0.0ms)[0m  [1mSELECT "places".* FROM "places" WHERE "places"."id" = $1 LIMIT 1[0m  [["id", 976]]
  [1m[35mCACHE (0.0ms)[0m  SELECT "places".* FROM "places" WHERE "places"."id" = $1 LIMIT 1  [["id", 1119]]
  [1m[36mCACHE (0.0ms)[0m  [1mSELECT "places".* FROM "places" WHERE "places"."id" = $1 LIMIT 1[0m  [["id", 45]]
  [1m[35mCACHE (0.0ms)[0m  SELECT "places".* FROM "places" WHERE "places"."id" = 650 LIMIT 1
  [1m[36mCACHE (0.0ms)[0m  [1mselect * from routes where startplace_id = 650[0m
  [1m[35mCACHE (0.0ms)[0m  select * from routes where endplace_id = 650
  [1m[36mCACHE (0.0ms)[0m  [1mSELECT "places".* FROM "places" WHERE "places"."id" = $1 LIMIT 1[0m  [["id", 650]]
  [1m[35mCACHE (0.0ms)[0m  SELECT "places".* FROM "places" WHERE "places"."id" = $1 LIMIT 1  [["id", 45]]
  [1m[36mCACHE (0.0ms)[0m  [1mSELECT "places".* FROM "places" WHERE "places"."id" = $1 LIMIT 1[0m  [["id", 207]]
  [1m[35mCACHE (0.0ms)[0m  SELECT "places".* FROM "places" WHERE "places"."id" = 1133 LIMIT 1
  [1m[36mCACHE (0.0ms)[0m  [1mselect * from routes where startplace_id = 1133[0m
  [1m[35mCACHE (0.0ms)[0m  select * from routes where endplace_id = 1133
  [1m[36mCACHE (0.0ms)[0m  [1mSELECT "places".* FROM "places" WHERE "places"."id" = $1 LIMIT 1[0m  [["id", 1133]]
  [1m[35mCACHE (0.0ms)[0m  SELECT "places".* FROM "places" WHERE "places"."id" = $1 LIMIT 1  [["id", 1131]]
  [1m[36mCACHE (0.0ms)[0m  [1mSELECT "places".* FROM "places" WHERE "places"."id" = $1 LIMIT 1[0m  [["id", 207]]
  [1m[35mCACHE (0.0ms)[0m  SELECT "places".* FROM "places" WHERE "places"."id" = 1122 LIMIT 1
  [1m[36mCACHE (0.0ms)[0m  [1mselect * from routes where startplace_id = 1122[0m
  [1m[35mCACHE (0.0ms)[0m  select * from routes where endplace_id = 1122
  [1m[36mCACHE (0.0ms)[0m  [1mSELECT "places".* FROM "places" WHERE "places"."id" = $1 LIMIT 1[0m  [["id", 1122]]
  [1m[35mCACHE (0.0ms)[0m  SELECT "places".* FROM "places" WHERE "places"."id" = $1 LIMIT 1  [["id", 975]]
  [1m[36mCACHE (0.0ms)[0m  [1mSELECT "places".* FROM "places" WHERE "places"."id" = $1 LIMIT 1[0m  [["id", 1121]]
  [1m[35mCACHE (0.0ms)[0m  SELECT "places".* FROM "places" WHERE "places"."id" = 650 LIMIT 1
  [1m[36mCACHE (0.0ms)[0m  [1mselect * from routes where startplace_id = 650[0m
  [1m[35mCACHE (0.0ms)[0m  select * from routes where endplace_id = 650
  [1m[36mCACHE (0.0ms)[0m  [1mSELECT "places".* FROM "places" WHERE "places"."id" = $1 LIMIT 1[0m  [["id", 650]]
  [1m[35mCACHE (0.0ms)[0m  SELECT "places".* FROM "places" WHERE "places"."id" = $1 LIMIT 1  [["id", 45]]
  [1m[36mCACHE (0.0ms)[0m  [1mSELECT "places".* FROM "places" WHERE "places"."id" = $1 LIMIT 1[0m  [["id", 207]]
  [1m[35mCACHE (0.0ms)[0m  SELECT "places".* FROM "places" WHERE "places"."id" = 1133 LIMIT 1
  [1m[36mCACHE (0.0ms)[0m  [1mselect * from routes where startplace_id = 1133[0m
  [1m[35mCACHE (0.0ms)[0m  select * from routes where endplace_id = 1133
  [1m[36mCACHE (0.0ms)[0m  [1mSELECT "places".* FROM "places" WHERE "places"."id" = $1 LIMIT 1[0m  [["id", 1133]]
  [1m[35mCACHE (0.0ms)[0m  SELECT "places".* FROM "places" WHERE "places"."id" = $1 LIMIT 1  [["id", 1131]]
  [1m[36mCACHE (0.0ms)[0m  [1mSELECT "places".* FROM "places" WHERE "places"."id" = $1 LIMIT 1[0m  [["id", 207]]
  [1m[35mCACHE (0.0ms)[0m  SELECT "places".* FROM "places" WHERE "places"."id" = 207 LIMIT 1
  [1m[36mCACHE (0.0ms)[0m  [1mselect * from routes where startplace_id = 207[0m
  [1m[35mCACHE (0.0ms)[0m  select * from routes where endplace_id = 207
  [1m[36mCACHE (0.0ms)[0m  [1mSELECT "places".* FROM "places" WHERE "places"."id" = $1 LIMIT 1[0m  [["id", 207]]
  [1m[35mCACHE (0.0ms)[0m  SELECT "places".* FROM "places" WHERE "places"."id" = $1 LIMIT 1  [["id", 650]]
  [1m[36mCACHE (0.0ms)[0m  [1mSELECT "places".* FROM "places" WHERE "places"."id" = $1 LIMIT 1[0m  [["id", 207]]
  [1m[35mCACHE (0.0ms)[0m  SELECT "places".* FROM "places" WHERE "places"."id" = $1 LIMIT 1  [["id", 1133]]
  [1m[36mCACHE (0.0ms)[0m  [1mSELECT "places".* FROM "places" WHERE "places"."id" = $1 LIMIT 1[0m  [["id", 1129]]
  [1m[35mCACHE (0.0ms)[0m  SELECT "places".* FROM "places" WHERE "places"."id" = 1118 LIMIT 1
  [1m[36mCACHE (0.0ms)[0m  [1mselect * from routes where startplace_id = 1118[0m
  [1m[35mCACHE (0.0ms)[0m  select * from routes where endplace_id = 1118
  [1m[36mCACHE (0.0ms)[0m  [1mSELECT "places".* FROM "places" WHERE "places"."id" = $1 LIMIT 1[0m  [["id", 1118]]
  [1m[35mCACHE (0.0ms)[0m  SELECT "places".* FROM "places" WHERE "places"."id" = $1 LIMIT 1  [["id", 1117]]
  [1m[36mCACHE (0.0ms)[0m  [1mSELECT "places".* FROM "places" WHERE "places"."id" = $1 LIMIT 1[0m  [["id", 1134]]
  [1m[35mCACHE (0.0ms)[0m  SELECT "places".* FROM "places" WHERE "places"."id" = $1 LIMIT 1  [["id", 1120]]
  [1m[36mCACHE (0.0ms)[0m  [1mSELECT "places".* FROM "places" WHERE "places"."id" = 1121 LIMIT 1[0m
  [1m[35mCACHE (0.0ms)[0m  select * from routes where startplace_id = 1121
  [1m[36mCACHE (0.0ms)[0m  [1mselect * from routes where endplace_id = 1121[0m
  [1m[35mCACHE (0.0ms)[0m  SELECT "places".* FROM "places" WHERE "places"."id" = $1 LIMIT 1  [["id", 1121]]
  [1m[36mCACHE (0.0ms)[0m  [1mSELECT "places".* FROM "places" WHERE "places"."id" = $1 LIMIT 1[0m  [["id", 1122]]
  [1m[35mCACHE (0.0ms)[0m  SELECT "places".* FROM "places" WHERE "places"."id" = $1 LIMIT 1  [["id", 976]]
  [1m[36mCACHE (0.0ms)[0m  [1mSELECT "places".* FROM "places" WHERE "places"."id" = 1119 LIMIT 1[0m
  [1m[35mCACHE (0.0ms)[0m  select * from routes where startplace_id = 1119
  [1m[36mCACHE (0.0ms)[0m  [1mselect * from routes where endplace_id = 1119[0m
  [1m[35mCACHE (0.0ms)[0m  SELECT "places".* FROM "places" WHERE "places"."id" = $1 LIMIT 1  [["id", 1119]]
  [1m[36mCACHE (0.0ms)[0m  [1mSELECT "places".* FROM "places" WHERE "places"."id" = $1 LIMIT 1[0m  [["id", 1120]]
  [1m[35mCACHE (0.0ms)[0m  SELECT "places".* FROM "places" WHERE "places"."id" = $1 LIMIT 1  [["id", 976]]
  [1m[36mCACHE (0.0ms)[0m  [1mSELECT "places".* FROM "places" WHERE "places"."id" = $1 LIMIT 1[0m  [["id", 471]]
  [1m[35mCACHE (0.0ms)[0m  SELECT "places".* FROM "places" WHERE "places"."id" = 207 LIMIT 1
  [1m[36mCACHE (0.0ms)[0m  [1mselect * from routes where startplace_id = 207[0m
  [1m[35mCACHE (0.0ms)[0m  select * from routes where endplace_id = 207
  [1m[36mCACHE (0.0ms)[0m  [1mSELECT "places".* FROM "places" WHERE "places"."id" = $1 LIMIT 1[0m  [["id", 207]]
  [1m[35mCACHE (0.0ms)[0m  SELECT "places".* FROM "places" WHERE "places"."id" = $1 LIMIT 1  [["id", 650]]
  [1m[36mCACHE (0.0ms)[0m  [1mSELECT "places".* FROM "places" WHERE "places"."id" = $1 LIMIT 1[0m  [["id", 207]]
  [1m[35mCACHE (0.0ms)[0m  SELECT "places".* FROM "places" WHERE "places"."id" = $1 LIMIT 1  [["id", 1133]]
  [1m[36mCACHE (0.0ms)[0m  [1mSELECT "places".* FROM "places" WHERE "places"."id" = $1 LIMIT 1[0m  [["id", 1129]]
  [1m[35mCACHE (0.0ms)[0m  SELECT "places".* FROM "places" WHERE "places"."id" = 1118 LIMIT 1
  [1m[36mCACHE (0.0ms)[0m  [1mselect * from routes where startplace_id = 1118[0m
  [1m[35mCACHE (0.0ms)[0m  select * from routes where endplace_id = 1118
  [1m[36mCACHE (0.0ms)[0m  [1mSELECT "places".* FROM "places" WHERE "places"."id" = $1 LIMIT 1[0m  [["id", 1118]]
  [1m[35mCACHE (0.0ms)[0m  SELECT "places".* FROM "places" WHERE "places"."id" = $1 LIMIT 1  [["id", 1117]]
  [1m[36mCACHE (0.0ms)[0m  [1mSELECT "places".* FROM "places" WHERE "places"."id" = $1 LIMIT 1[0m  [["id", 1134]]
  [1m[35mCACHE (0.0ms)[0m  SELECT "places".* FROM "places" WHERE "places"."id" = $1 LIMIT 1  [["id", 1120]]
  [1m[36mCACHE (0.0ms)[0m  [1mSELECT "places".* FROM "places" WHERE "places"."id" = 419 LIMIT 1[0m
  [1m[35mCACHE (0.0ms)[0m  select * from routes where startplace_id = 419
  [1m[36mCACHE (0.0ms)[0m  [1mselect * from routes where endplace_id = 419[0m
  [1m[35mCACHE (0.0ms)[0m  SELECT "places".* FROM "places" WHERE "places"."id" = $1 LIMIT 1  [["id", 419]]
  [1m[36mCACHE (0.0ms)[0m  [1mSELECT "places".* FROM "places" WHERE "places"."id" = $1 LIMIT 1[0m  [["id", 1127]]
  [1m[35mCACHE (0.0ms)[0m  SELECT "places".* FROM "places" WHERE "places"."id" = $1 LIMIT 1  [["id", 1128]]
  [1m[36mCACHE (0.0ms)[0m  [1mSELECT "places".* FROM "places" WHERE "places"."id" = 975 LIMIT 1[0m
  [1m[35mCACHE (0.0ms)[0m  select * from routes where startplace_id = 975
  [1m[36mCACHE (0.0ms)[0m  [1mselect * from routes where endplace_id = 975[0m
  [1m[35mCACHE (0.0ms)[0m  SELECT "places".* FROM "places" WHERE "places"."id" = $1 LIMIT 1  [["id", 975]]
  [1m[36mCACHE (0.0ms)[0m  [1mSELECT "places".* FROM "places" WHERE "places"."id" = $1 LIMIT 1[0m  [["id", 1129]]
  [1m[35mCACHE (0.0ms)[0m  SELECT "places".* FROM "places" WHERE "places"."id" = $1 LIMIT 1  [["id", 975]]
  [1m[36mCACHE (0.0ms)[0m  [1mSELECT "places".* FROM "places" WHERE "places"."id" = $1 LIMIT 1[0m  [["id", 1123]]
  [1m[35mCACHE (0.0ms)[0m  SELECT "places".* FROM "places" WHERE "places"."id" = $1 LIMIT 1  [["id", 1122]]
  [1m[36mCACHE (0.0ms)[0m  [1mSELECT "places".* FROM "places" WHERE "places"."id" = 1118 LIMIT 1[0m
  [1m[35mCACHE (0.0ms)[0m  select * from routes where startplace_id = 1118
  [1m[36mCACHE (0.0ms)[0m  [1mselect * from routes where endplace_id = 1118[0m
  [1m[35mCACHE (0.0ms)[0m  SELECT "places".* FROM "places" WHERE "places"."id" = $1 LIMIT 1  [["id", 1118]]
  [1m[36mCACHE (0.0ms)[0m  [1mSELECT "places".* FROM "places" WHERE "places"."id" = $1 LIMIT 1[0m  [["id", 1117]]
  [1m[35mCACHE (0.0ms)[0m  SELECT "places".* FROM "places" WHERE "places"."id" = $1 LIMIT 1  [["id", 1134]]
  [1m[36mCACHE (0.0ms)[0m  [1mSELECT "places".* FROM "places" WHERE "places"."id" = $1 LIMIT 1[0m  [["id", 1120]]
  [1m[35mCACHE (0.0ms)[0m  SELECT "places".* FROM "places" WHERE "places"."id" = 1123 LIMIT 1
  [1m[36mCACHE (0.0ms)[0m  [1mselect * from routes where startplace_id = 1123[0m
  [1m[35mCACHE (0.0ms)[0m  select * from routes where endplace_id = 1123
  [1m[36mCACHE (0.0ms)[0m  [1mSELECT "places".* FROM "places" WHERE "places"."id" = $1 LIMIT 1[0m  [["id", 1123]]
  [1m[35mCACHE (0.0ms)[0m  SELECT "places".* FROM "places" WHERE "places"."id" = $1 LIMIT 1  [["id", 1124]]
  [1m[36mCACHE (0.0ms)[0m  [1mSELECT "places".* FROM "places" WHERE "places"."id" = $1 LIMIT 1[0m  [["id", 975]]
  [1m[35mCACHE (0.0ms)[0m  SELECT "places".* FROM "places" WHERE "places"."id" = $1 LIMIT 1  [["id", 1125]]
  [1m[36mCACHE (0.0ms)[0m  [1mSELECT "places".* FROM "places" WHERE "places"."id" = 1122 LIMIT 1[0m
  [1m[35mCACHE (0.0ms)[0m  select * from routes where startplace_id = 1122
  [1m[36mCACHE (0.0ms)[0m  [1mselect * from routes where endplace_id = 1122[0m
  [1m[35mCACHE (0.0ms)[0m  SELECT "places".* FROM "places" WHERE "places"."id" = $1 LIMIT 1  [["id", 1122]]
  [1m[36mCACHE (0.0ms)[0m  [1mSELECT "places".* FROM "places" WHERE "places"."id" = $1 LIMIT 1[0m  [["id", 975]]
  [1m[35mCACHE (0.0ms)[0m  SELECT "places".* FROM "places" WHERE "places"."id" = $1 LIMIT 1  [["id", 1121]]
  [1m[36mCACHE (0.0ms)[0m  [1mSELECT "places".* FROM "places" WHERE "places"."id" = 1123 LIMIT 1[0m
  [1m[35mCACHE (0.0ms)[0m  select * from routes where startplace_id = 1123
  [1m[36mCACHE (0.0ms)[0m  [1mselect * from routes where endplace_id = 1123[0m
  [1m[35mCACHE (0.0ms)[0m  SELECT "places".* FROM "places" WHERE "places"."id" = $1 LIMIT 1  [["id", 1123]]
  [1m[36mCACHE (0.0ms)[0m  [1mSELECT "places".* FROM "places" WHERE "places"."id" = $1 LIMIT 1[0m  [["id", 1124]]
  [1m[35mCACHE (0.0ms)[0m  SELECT "places".* FROM "places" WHERE "places"."id" = $1 LIMIT 1  [["id", 975]]
  [1m[36mCACHE (0.0ms)[0m  [1mSELECT "places".* FROM "places" WHERE "places"."id" = $1 LIMIT 1[0m  [["id", 1125]]
  [1m[35mCACHE (0.0ms)[0m  SELECT "places".* FROM "places" WHERE "places"."id" = 1132 LIMIT 1
  [1m[36mCACHE (0.0ms)[0m  [1mselect * from routes where startplace_id = 1132[0m
  [1m[35mCACHE (0.0ms)[0m  select * from routes where endplace_id = 1132
  [1m[36mCACHE (0.0ms)[0m  [1mSELECT "places".* FROM "places" WHERE "places"."id" = $1 LIMIT 1[0m  [["id", 1131]]
  [1m[35mCACHE (0.0ms)[0m  SELECT "places".* FROM "places" WHERE "places"."id" = 1123 LIMIT 1
  [1m[36mCACHE (0.0ms)[0m  [1mselect * from routes where startplace_id = 1123[0m
  [1m[35mCACHE (0.0ms)[0m  select * from routes where endplace_id = 1123
  [1m[36mCACHE (0.0ms)[0m  [1mSELECT "places".* FROM "places" WHERE "places"."id" = $1 LIMIT 1[0m  [["id", 1123]]
  [1m[35mCACHE (0.0ms)[0m  SELECT "places".* FROM "places" WHERE "places"."id" = $1 LIMIT 1  [["id", 1124]]
  [1m[36mCACHE (0.0ms)[0m  [1mSELECT "places".* FROM "places" WHERE "places"."id" = $1 LIMIT 1[0m  [["id", 975]]
  [1m[35mCACHE (0.0ms)[0m  SELECT "places".* FROM "places" WHERE "places"."id" = $1 LIMIT 1  [["id", 1125]]
  [1m[36mCACHE (0.0ms)[0m  [1mSELECT "places".* FROM "places" WHERE "places"."id" = 650 LIMIT 1[0m
  [1m[35mCACHE (0.0ms)[0m  select * from routes where startplace_id = 650
  [1m[36mCACHE (0.0ms)[0m  [1mselect * from routes where endplace_id = 650[0m
  [1m[35mCACHE (0.0ms)[0m  SELECT "places".* FROM "places" WHERE "places"."id" = $1 LIMIT 1  [["id", 650]]
  [1m[36mCACHE (0.0ms)[0m  [1mSELECT "places".* FROM "places" WHERE "places"."id" = $1 LIMIT 1[0m  [["id", 45]]
  [1m[35mCACHE (0.0ms)[0m  SELECT "places".* FROM "places" WHERE "places"."id" = $1 LIMIT 1  [["id", 207]]
  [1m[36mCACHE (0.0ms)[0m  [1mSELECT "places".* FROM "places" WHERE "places"."id" = 1133 LIMIT 1[0m
  [1m[35mCACHE (0.0ms)[0m  select * from routes where startplace_id = 1133
  [1m[36mCACHE (0.0ms)[0m  [1mselect * from routes where endplace_id = 1133[0m
  [1m[35mCACHE (0.0ms)[0m  SELECT "places".* FROM "places" WHERE "places"."id" = $1 LIMIT 1  [["id", 1133]]
  [1m[36mCACHE (0.0ms)[0m  [1mSELECT "places".* FROM "places" WHERE "places"."id" = $1 LIMIT 1[0m  [["id", 1131]]
  [1m[35mCACHE (0.0ms)[0m  SELECT "places".* FROM "places" WHERE "places"."id" = $1 LIMIT 1  [["id", 207]]
  [1m[36mCACHE (0.0ms)[0m  [1mSELECT "places".* FROM "places" WHERE "places"."id" = 769 LIMIT 1[0m
  [1m[35mCACHE (0.0ms)[0m  select * from routes where startplace_id = 769
  [1m[36mCACHE (0.0ms)[0m  [1mselect * from routes where endplace_id = 769[0m
  [1m[35mCACHE (0.0ms)[0m  SELECT "places".* FROM "places" WHERE "places"."id" = $1 LIMIT 1  [["id", 769]]
  [1m[36mCACHE (0.0ms)[0m  [1mSELECT "places".* FROM "places" WHERE "places"."id" = $1 LIMIT 1[0m  [["id", 1125]]
  [1m[35mCACHE (0.0ms)[0m  SELECT "places".* FROM "places" WHERE "places"."id" = $1 LIMIT 1  [["id", 1126]]
  [1m[36mCACHE (0.0ms)[0m  [1mSELECT "places".* FROM "places" WHERE "places"."id" = 1129 LIMIT 1[0m
  [1m[35mCACHE (0.0ms)[0m  select * from routes where startplace_id = 1129
  [1m[36mCACHE (0.0ms)[0m  [1mselect * from routes where endplace_id = 1129[0m
  [1m[35mCACHE (0.0ms)[0m  SELECT "places".* FROM "places" WHERE "places"."id" = $1 LIMIT 1  [["id", 1129]]
  [1m[36mCACHE (0.0ms)[0m  [1mSELECT "places".* FROM "places" WHERE "places"."id" = $1 LIMIT 1[0m  [["id", 207]]
  [1m[35mCACHE (0.0ms)[0m  SELECT "places".* FROM "places" WHERE "places"."id" = $1 LIMIT 1  [["id", 1124]]
  [1m[36mCACHE (0.0ms)[0m  [1mSELECT "places".* FROM "places" WHERE "places"."id" = $1 LIMIT 1[0m  [["id", 975]]
  [1m[35mPlace Load (0.5ms)[0m  SELECT "places".* FROM "places" WHERE "places"."id" = 397 LIMIT 1
  [1m[36mRoute Load (0.4ms)[0m  [1mselect * from routes where startplace_id = 397[0m
  [1m[35mRoute Load (0.3ms)[0m  select * from routes where endplace_id = 397
  [1m[36mCACHE (0.0ms)[0m  [1mSELECT "places".* FROM "places" WHERE "places"."id" = $1 LIMIT 1[0m  [["id", 397]]
  [1m[35mPlace Load (0.3ms)[0m  SELECT "places".* FROM "places" WHERE "places"."id" = $1 LIMIT 1  [["id", 1115]]
  [1m[36mCACHE (0.0ms)[0m  [1mSELECT "places".* FROM "places" WHERE "places"."id" = $1 LIMIT 1[0m  [["id", 827]]
  [1m[35mCACHE (0.0ms)[0m  SELECT "places".* FROM "places" WHERE "places"."id" = 45 LIMIT 1
  [1m[36mCACHE (0.0ms)[0m  [1mselect * from routes where startplace_id = 45[0m
  [1m[35mCACHE (0.0ms)[0m  select * from routes where endplace_id = 45
  [1m[36mCACHE (0.0ms)[0m  [1mSELECT "places".* FROM "places" WHERE "places"."id" = $1 LIMIT 1[0m  [["id", 45]]
  [1m[35mCACHE (0.0ms)[0m  SELECT "places".* FROM "places" WHERE "places"."id" = $1 LIMIT 1  [["id", 976]]
  [1m[36mCACHE (0.0ms)[0m  [1mSELECT "places".* FROM "places" WHERE "places"."id" = $1 LIMIT 1[0m  [["id", 650]]
  [1m[35mCACHE (0.0ms)[0m  SELECT "places".* FROM "places" WHERE "places"."id" = 1119 LIMIT 1
  [1m[36mCACHE (0.0ms)[0m  [1mselect * from routes where startplace_id = 1119[0m
  [1m[35mCACHE (0.0ms)[0m  select * from routes where endplace_id = 1119
  [1m[36mCACHE (0.0ms)[0m  [1mSELECT "places".* FROM "places" WHERE "places"."id" = $1 LIMIT 1[0m  [["id", 1119]]
  [1m[35mCACHE (0.0ms)[0m  SELECT "places".* FROM "places" WHERE "places"."id" = $1 LIMIT 1  [["id", 1120]]
  [1m[36mCACHE (0.0ms)[0m  [1mSELECT "places".* FROM "places" WHERE "places"."id" = $1 LIMIT 1[0m  [["id", 976]]
  [1m[35mCACHE (0.0ms)[0m  SELECT "places".* FROM "places" WHERE "places"."id" = $1 LIMIT 1  [["id", 471]]
  [1m[36mCACHE (0.0ms)[0m  [1mSELECT "places".* FROM "places" WHERE "places"."id" = 45 LIMIT 1[0m
  [1m[35mCACHE (0.0ms)[0m  select * from routes where startplace_id = 45
  [1m[36mCACHE (0.0ms)[0m  [1mselect * from routes where endplace_id = 45[0m
  [1m[35mCACHE (0.0ms)[0m  SELECT "places".* FROM "places" WHERE "places"."id" = $1 LIMIT 1  [["id", 45]]
  [1m[36mCACHE (0.0ms)[0m  [1mSELECT "places".* FROM "places" WHERE "places"."id" = $1 LIMIT 1[0m  [["id", 976]]
  [1m[35mCACHE (0.0ms)[0m  SELECT "places".* FROM "places" WHERE "places"."id" = $1 LIMIT 1  [["id", 650]]
  [1m[36mCACHE (0.0ms)[0m  [1mSELECT "places".* FROM "places" WHERE "places"."id" = 1131 LIMIT 1[0m
  [1m[35mCACHE (0.0ms)[0m  select * from routes where startplace_id = 1131
  [1m[36mCACHE (0.0ms)[0m  [1mselect * from routes where endplace_id = 1131[0m
  [1m[35mCACHE (0.0ms)[0m  SELECT "places".* FROM "places" WHERE "places"."id" = $1 LIMIT 1  [["id", 1131]]
  [1m[36mCACHE (0.0ms)[0m  [1mSELECT "places".* FROM "places" WHERE "places"."id" = $1 LIMIT 1[0m  [["id", 1132]]
  [1m[35mCACHE (0.0ms)[0m  SELECT "places".* FROM "places" WHERE "places"."id" = $1 LIMIT 1  [["id", 1133]]
  [1m[36mCACHE (0.0ms)[0m  [1mSELECT "places".* FROM "places" WHERE "places"."id" = 1121 LIMIT 1[0m
  [1m[35mCACHE (0.0ms)[0m  select * from routes where startplace_id = 1121
  [1m[36mCACHE (0.0ms)[0m  [1mselect * from routes where endplace_id = 1121[0m
  [1m[35mCACHE (0.0ms)[0m  SELECT "places".* FROM "places" WHERE "places"."id" = $1 LIMIT 1  [["id", 1121]]
  [1m[36mCACHE (0.0ms)[0m  [1mSELECT "places".* FROM "places" WHERE "places"."id" = $1 LIMIT 1[0m  [["id", 1122]]
  [1m[35mCACHE (0.0ms)[0m  SELECT "places".* FROM "places" WHERE "places"."id" = $1 LIMIT 1  [["id", 976]]
  [1m[36mCACHE (0.0ms)[0m  [1mSELECT "places".* FROM "places" WHERE "places"."id" = 45 LIMIT 1[0m
  [1m[35mCACHE (0.0ms)[0m  select * from routes where startplace_id = 45
  [1m[36mCACHE (0.0ms)[0m  [1mselect * from routes where endplace_id = 45[0m
  [1m[35mCACHE (0.0ms)[0m  SELECT "places".* FROM "places" WHERE "places"."id" = $1 LIMIT 1  [["id", 45]]
  [1m[36mCACHE (0.0ms)[0m  [1mSELECT "places".* FROM "places" WHERE "places"."id" = $1 LIMIT 1[0m  [["id", 976]]
  [1m[35mCACHE (0.0ms)[0m  SELECT "places".* FROM "places" WHERE "places"."id" = $1 LIMIT 1  [["id", 650]]
  [1m[36mCACHE (0.0ms)[0m  [1mSELECT "places".* FROM "places" WHERE "places"."id" = 1131 LIMIT 1[0m
  [1m[35mCACHE (0.0ms)[0m  select * from routes where startplace_id = 1131
  [1m[36mCACHE (0.0ms)[0m  [1mselect * from routes where endplace_id = 1131[0m
  [1m[35mCACHE (0.0ms)[0m  SELECT "places".* FROM "places" WHERE "places"."id" = $1 LIMIT 1  [["id", 1131]]
  [1m[36mCACHE (0.0ms)[0m  [1mSELECT "places".* FROM "places" WHERE "places"."id" = $1 LIMIT 1[0m  [["id", 1132]]
  [1m[35mCACHE (0.0ms)[0m  SELECT "places".* FROM "places" WHERE "places"."id" = $1 LIMIT 1  [["id", 1133]]
  [1m[36mCACHE (0.0ms)[0m  [1mSELECT "places".* FROM "places" WHERE "places"."id" = 1129 LIMIT 1[0m
  [1m[35mCACHE (0.0ms)[0m  select * from routes where startplace_id = 1129
  [1m[36mCACHE (0.0ms)[0m  [1mselect * from routes where endplace_id = 1129[0m
  [1m[35mCACHE (0.0ms)[0m  SELECT "places".* FROM "places" WHERE "places"."id" = $1 LIMIT 1  [["id", 1129]]
  [1m[36mCACHE (0.0ms)[0m  [1mSELECT "places".* FROM "places" WHERE "places"."id" = $1 LIMIT 1[0m  [["id", 207]]
  [1m[35mCACHE (0.0ms)[0m  SELECT "places".* FROM "places" WHERE "places"."id" = $1 LIMIT 1  [["id", 1124]]
  [1m[36mCACHE (0.0ms)[0m  [1mSELECT "places".* FROM "places" WHERE "places"."id" = $1 LIMIT 1[0m  [["id", 975]]
  [1m[35mCACHE (0.0ms)[0m  SELECT "places".* FROM "places" WHERE "places"."id" = 1133 LIMIT 1
  [1m[36mCACHE (0.0ms)[0m  [1mselect * from routes where startplace_id = 1133[0m
  [1m[35mCACHE (0.0ms)[0m  select * from routes where endplace_id = 1133
  [1m[36mCACHE (0.0ms)[0m  [1mSELECT "places".* FROM "places" WHERE "places"."id" = $1 LIMIT 1[0m  [["id", 1133]]
  [1m[35mCACHE (0.0ms)[0m  SELECT "places".* FROM "places" WHERE "places"."id" = $1 LIMIT 1  [["id", 1131]]
  [1m[36mCACHE (0.0ms)[0m  [1mSELECT "places".* FROM "places" WHERE "places"."id" = $1 LIMIT 1[0m  [["id", 207]]
  [1m[35mCACHE (0.0ms)[0m  SELECT "places".* FROM "places" WHERE "places"."id" = 1134 LIMIT 1
  [1m[36mCACHE (0.0ms)[0m  [1mselect * from routes where startplace_id = 1134[0m
  [1m[35mCACHE (0.0ms)[0m  select * from routes where endplace_id = 1134
  [1m[36mCACHE (0.0ms)[0m  [1mSELECT "places".* FROM "places" WHERE "places"."id" = $1 LIMIT 1[0m  [["id", 1134]]
  [1m[35mCACHE (0.0ms)[0m  SELECT "places".* FROM "places" WHERE "places"."id" = $1 LIMIT 1  [["id", 1118]]
  [1m[36mCACHE (0.0ms)[0m  [1mSELECT "places".* FROM "places" WHERE "places"."id" = $1 LIMIT 1[0m  [["id", 1135]]
  [1m[35mCACHE (0.0ms)[0m  SELECT "places".* FROM "places" WHERE "places"."id" = 1117 LIMIT 1
  [1m[36mCACHE (0.0ms)[0m  [1mselect * from routes where startplace_id = 1117[0m
  [1m[35mCACHE (0.0ms)[0m  select * from routes where endplace_id = 1117
  [1m[36mCACHE (0.0ms)[0m  [1mSELECT "places".* FROM "places" WHERE "places"."id" = $1 LIMIT 1[0m  [["id", 1117]]
  [1m[35mCACHE (0.0ms)[0m  SELECT "places".* FROM "places" WHERE "places"."id" = $1 LIMIT 1  [["id", 58]]
  [1m[36mCACHE (0.0ms)[0m  [1mSELECT "places".* FROM "places" WHERE "places"."id" = $1 LIMIT 1[0m  [["id", 1118]]
  [1m[35mCACHE (0.0ms)[0m  SELECT "places".* FROM "places" WHERE "places"."id" = $1 LIMIT 1  [["id", 258]]
  [1m[36mCACHE (0.0ms)[0m  [1mSELECT "places".* FROM "places" WHERE "places"."id" = 1122 LIMIT 1[0m
  [1m[35mCACHE (0.0ms)[0m  select * from routes where startplace_id = 1122
  [1m[36mCACHE (0.0ms)[0m  [1mselect * from routes where endplace_id = 1122[0m
  [1m[35mCACHE (0.0ms)[0m  SELECT "places".* FROM "places" WHERE "places"."id" = $1 LIMIT 1  [["id", 1122]]
  [1m[36mCACHE (0.0ms)[0m  [1mSELECT "places".* FROM "places" WHERE "places"."id" = $1 LIMIT 1[0m  [["id", 975]]
  [1m[35mCACHE (0.0ms)[0m  SELECT "places".* FROM "places" WHERE "places"."id" = $1 LIMIT 1  [["id", 1121]]
  [1m[36mCACHE (0.0ms)[0m  [1mSELECT "places".* FROM "places" WHERE "places"."id" = 471 LIMIT 1[0m
  [1m[35mCACHE (0.0ms)[0m  select * from routes where startplace_id = 471
  [1m[36mCACHE (0.0ms)[0m  [1mselect * from routes where endplace_id = 471[0m
  [1m[35mCACHE (0.0ms)[0m  SELECT "places".* FROM "places" WHERE "places"."id" = $1 LIMIT 1  [["id", 471]]
  [1m[36mCACHE (0.0ms)[0m  [1mSELECT "places".* FROM "places" WHERE "places"."id" = $1 LIMIT 1[0m  [["id", 1119]]
  [1m[35mCACHE (0.0ms)[0m  SELECT "places".* FROM "places" WHERE "places"."id" = $1 LIMIT 1  [["id", 974]]
  [1m[36mCACHE (0.0ms)[0m  [1mSELECT "places".* FROM "places" WHERE "places"."id" = 1120 LIMIT 1[0m
  [1m[35mCACHE (0.0ms)[0m  select * from routes where startplace_id = 1120
  [1m[36mCACHE (0.0ms)[0m  [1mselect * from routes where endplace_id = 1120[0m
  [1m[35mCACHE (0.0ms)[0m  SELECT "places".* FROM "places" WHERE "places"."id" = $1 LIMIT 1  [["id", 1120]]
  [1m[36mCACHE (0.0ms)[0m  [1mSELECT "places".* FROM "places" WHERE "places"."id" = $1 LIMIT 1[0m  [["id", 1118]]
  [1m[35mCACHE (0.0ms)[0m  SELECT "places".* FROM "places" WHERE "places"."id" = $1 LIMIT 1  [["id", 1119]]
  [1m[36mCACHE (0.0ms)[0m  [1mSELECT "places".* FROM "places" WHERE "places"."id" = 1133 LIMIT 1[0m
  [1m[35mCACHE (0.0ms)[0m  select * from routes where startplace_id = 1133
  [1m[36mCACHE (0.0ms)[0m  [1mselect * from routes where endplace_id = 1133[0m
  [1m[35mCACHE (0.0ms)[0m  SELECT "places".* FROM "places" WHERE "places"."id" = $1 LIMIT 1  [["id", 1133]]
  [1m[36mCACHE (0.0ms)[0m  [1mSELECT "places".* FROM "places" WHERE "places"."id" = $1 LIMIT 1[0m  [["id", 1131]]
  [1m[35mCACHE (0.0ms)[0m  SELECT "places".* FROM "places" WHERE "places"."id" = $1 LIMIT 1  [["id", 207]]
  [1m[36mCACHE (0.0ms)[0m  [1mSELECT "places".* FROM "places" WHERE "places"."id" = 1134 LIMIT 1[0m
  [1m[35mCACHE (0.0ms)[0m  select * from routes where startplace_id = 1134
  [1m[36mCACHE (0.0ms)[0m  [1mselect * from routes where endplace_id = 1134[0m
  [1m[35mCACHE (0.0ms)[0m  SELECT "places".* FROM "places" WHERE "places"."id" = $1 LIMIT 1  [["id", 1134]]
  [1m[36mCACHE (0.0ms)[0m  [1mSELECT "places".* FROM "places" WHERE "places"."id" = $1 LIMIT 1[0m  [["id", 1118]]
  [1m[35mCACHE (0.0ms)[0m  SELECT "places".* FROM "places" WHERE "places"."id" = $1 LIMIT 1  [["id", 1135]]
  [1m[36mCACHE (0.0ms)[0m  [1mSELECT "places".* FROM "places" WHERE "places"."id" = 1117 LIMIT 1[0m
  [1m[35mCACHE (0.0ms)[0m  select * from routes where startplace_id = 1117
  [1m[36mCACHE (0.0ms)[0m  [1mselect * from routes where endplace_id = 1117[0m
  [1m[35mCACHE (0.0ms)[0m  SELECT "places".* FROM "places" WHERE "places"."id" = $1 LIMIT 1  [["id", 1117]]
  [1m[36mCACHE (0.0ms)[0m  [1mSELECT "places".* FROM "places" WHERE "places"."id" = $1 LIMIT 1[0m  [["id", 58]]
  [1m[35mCACHE (0.0ms)[0m  SELECT "places".* FROM "places" WHERE "places"."id" = $1 LIMIT 1  [["id", 1118]]
  [1m[36mCACHE (0.0ms)[0m  [1mSELECT "places".* FROM "places" WHERE "places"."id" = $1 LIMIT 1[0m  [["id", 258]]
  [1m[35mCACHE (0.0ms)[0m  SELECT "places".* FROM "places" WHERE "places"."id" = 1128 LIMIT 1
  [1m[36mCACHE (0.0ms)[0m  [1mselect * from routes where startplace_id = 1128[0m
  [1m[35mCACHE (0.0ms)[0m  select * from routes where endplace_id = 1128
  [1m[36mCACHE (0.0ms)[0m  [1mSELECT "places".* FROM "places" WHERE "places"."id" = $1 LIMIT 1[0m  [["id", 1128]]
  [1m[35mCACHE (0.0ms)[0m  SELECT "places".* FROM "places" WHERE "places"."id" = $1 LIMIT 1  [["id", 419]]
  [1m[36mCACHE (0.0ms)[0m  [1mSELECT "places".* FROM "places" WHERE "places"."id" = 1123 LIMIT 1[0m
  [1m[35mCACHE (0.0ms)[0m  select * from routes where startplace_id = 1123
  [1m[36mCACHE (0.0ms)[0m  [1mselect * from routes where endplace_id = 1123[0m
  [1m[35mCACHE (0.0ms)[0m  SELECT "places".* FROM "places" WHERE "places"."id" = $1 LIMIT 1  [["id", 1123]]
  [1m[36mCACHE (0.0ms)[0m  [1mSELECT "places".* FROM "places" WHERE "places"."id" = $1 LIMIT 1[0m  [["id", 1124]]
  [1m[35mCACHE (0.0ms)[0m  SELECT "places".* FROM "places" WHERE "places"."id" = $1 LIMIT 1  [["id", 975]]
  [1m[36mCACHE (0.0ms)[0m  [1mSELECT "places".* FROM "places" WHERE "places"."id" = $1 LIMIT 1[0m  [["id", 1125]]
  [1m[35mCACHE (0.0ms)[0m  SELECT "places".* FROM "places" WHERE "places"."id" = 1134 LIMIT 1
  [1m[36mCACHE (0.0ms)[0m  [1mselect * from routes where startplace_id = 1134[0m
  [1m[35mCACHE (0.0ms)[0m  select * from routes where endplace_id = 1134
  [1m[36mCACHE (0.0ms)[0m  [1mSELECT "places".* FROM "places" WHERE "places"."id" = $1 LIMIT 1[0m  [["id", 1134]]
  [1m[35mCACHE (0.0ms)[0m  SELECT "places".* FROM "places" WHERE "places"."id" = $1 LIMIT 1  [["id", 1118]]
  [1m[36mCACHE (0.0ms)[0m  [1mSELECT "places".* FROM "places" WHERE "places"."id" = $1 LIMIT 1[0m  [["id", 1135]]
  [1m[35mCACHE (0.0ms)[0m  SELECT "places".* FROM "places" WHERE "places"."id" = 1117 LIMIT 1
  [1m[36mCACHE (0.0ms)[0m  [1mselect * from routes where startplace_id = 1117[0m
  [1m[35mCACHE (0.0ms)[0m  select * from routes where endplace_id = 1117
  [1m[36mCACHE (0.0ms)[0m  [1mSELECT "places".* FROM "places" WHERE "places"."id" = $1 LIMIT 1[0m  [["id", 1117]]
  [1m[35mCACHE (0.0ms)[0m  SELECT "places".* FROM "places" WHERE "places"."id" = $1 LIMIT 1  [["id", 58]]
  [1m[36mCACHE (0.0ms)[0m  [1mSELECT "places".* FROM "places" WHERE "places"."id" = $1 LIMIT 1[0m  [["id", 1118]]
  [1m[35mCACHE (0.0ms)[0m  SELECT "places".* FROM "places" WHERE "places"."id" = $1 LIMIT 1  [["id", 258]]
  [1m[36mCACHE (0.0ms)[0m  [1mSELECT "places".* FROM "places" WHERE "places"."id" = 975 LIMIT 1[0m
  [1m[35mCACHE (0.0ms)[0m  select * from routes where startplace_id = 975
  [1m[36mCACHE (0.0ms)[0m  [1mselect * from routes where endplace_id = 975[0m
  [1m[35mCACHE (0.0ms)[0m  SELECT "places".* FROM "places" WHERE "places"."id" = $1 LIMIT 1  [["id", 975]]
  [1m[36mCACHE (0.0ms)[0m  [1mSELECT "places".* FROM "places" WHERE "places"."id" = $1 LIMIT 1[0m  [["id", 1129]]
  [1m[35mCACHE (0.0ms)[0m  SELECT "places".* FROM "places" WHERE "places"."id" = $1 LIMIT 1  [["id", 975]]
  [1m[36mCACHE (0.0ms)[0m  [1mSELECT "places".* FROM "places" WHERE "places"."id" = $1 LIMIT 1[0m  [["id", 1123]]
  [1m[35mCACHE (0.0ms)[0m  SELECT "places".* FROM "places" WHERE "places"."id" = $1 LIMIT 1  [["id", 1122]]
  [1m[36mCACHE (0.0ms)[0m  [1mSELECT "places".* FROM "places" WHERE "places"."id" = 1125 LIMIT 1[0m
  [1m[35mCACHE (0.0ms)[0m  select * from routes where startplace_id = 1125
  [1m[36mCACHE (0.0ms)[0m  [1mselect * from routes where endplace_id = 1125[0m
  [1m[35mCACHE (0.0ms)[0m  SELECT "places".* FROM "places" WHERE "places"."id" = $1 LIMIT 1  [["id", 1125]]
  [1m[36mCACHE (0.0ms)[0m  [1mSELECT "places".* FROM "places" WHERE "places"."id" = $1 LIMIT 1[0m  [["id", 1123]]
  [1m[35mCACHE (0.0ms)[0m  SELECT "places".* FROM "places" WHERE "places"."id" = $1 LIMIT 1  [["id", 769]]
  [1m[36mCACHE (0.0ms)[0m  [1mSELECT "places".* FROM "places" WHERE "places"."id" = 1121 LIMIT 1[0m
  [1m[35mCACHE (0.0ms)[0m  select * from routes where startplace_id = 1121
  [1m[36mCACHE (0.0ms)[0m  [1mselect * from routes where endplace_id = 1121[0m
  [1m[35mCACHE (0.0ms)[0m  SELECT "places".* FROM "places" WHERE "places"."id" = $1 LIMIT 1  [["id", 1121]]
  [1m[36mCACHE (0.0ms)[0m  [1mSELECT "places".* FROM "places" WHERE "places"."id" = $1 LIMIT 1[0m  [["id", 1122]]
  [1m[35mCACHE (0.0ms)[0m  SELECT "places".* FROM "places" WHERE "places"."id" = $1 LIMIT 1  [["id", 976]]
  [1m[36mCACHE (0.0ms)[0m  [1mSELECT "places".* FROM "places" WHERE "places"."id" = 1125 LIMIT 1[0m
  [1m[35mCACHE (0.0ms)[0m  select * from routes where startplace_id = 1125
  [1m[36mCACHE (0.0ms)[0m  [1mselect * from routes where endplace_id = 1125[0m
  [1m[35mCACHE (0.0ms)[0m  SELECT "places".* FROM "places" WHERE "places"."id" = $1 LIMIT 1  [["id", 1125]]
  [1m[36mCACHE (0.0ms)[0m  [1mSELECT "places".* FROM "places" WHERE "places"."id" = $1 LIMIT 1[0m  [["id", 1123]]
  [1m[35mCACHE (0.0ms)[0m  SELECT "places".* FROM "places" WHERE "places"."id" = $1 LIMIT 1  [["id", 769]]
  [1m[36mCACHE (0.0ms)[0m  [1mSELECT "places".* FROM "places" WHERE "places"."id" = 1124 LIMIT 1[0m
  [1m[35mCACHE (0.0ms)[0m  select * from routes where startplace_id = 1124
  [1m[36mCACHE (0.0ms)[0m  [1mselect * from routes where endplace_id = 1124[0m
  [1m[35mCACHE (0.0ms)[0m  SELECT "places".* FROM "places" WHERE "places"."id" = $1 LIMIT 1  [["id", 1124]]
  [1m[36mCACHE (0.0ms)[0m  [1mSELECT "places".* FROM "places" WHERE "places"."id" = $1 LIMIT 1[0m  [["id", 1129]]
  [1m[35mCACHE (0.1ms)[0m  SELECT "places".* FROM "places" WHERE "places"."id" = $1 LIMIT 1  [["id", 1124]]
  [1m[36mCACHE (0.0ms)[0m  [1mSELECT "places".* FROM "places" WHERE "places"."id" = $1 LIMIT 1[0m  [["id", 974]]
  [1m[35mCACHE (0.0ms)[0m  SELECT "places".* FROM "places" WHERE "places"."id" = $1 LIMIT 1  [["id", 1123]]
  [1m[36mCACHE (0.0ms)[0m  [1mSELECT "places".* FROM "places" WHERE "places"."id" = 1125 LIMIT 1[0m
  [1m[35mCACHE (0.0ms)[0m  select * from routes where startplace_id = 1125
  [1m[36mCACHE (0.0ms)[0m  [1mselect * from routes where endplace_id = 1125[0m
  [1m[35mCACHE (0.0ms)[0m  SELECT "places".* FROM "places" WHERE "places"."id" = $1 LIMIT 1  [["id", 1125]]
  [1m[36mCACHE (0.0ms)[0m  [1mSELECT "places".* FROM "places" WHERE "places"."id" = $1 LIMIT 1[0m  [["id", 1123]]
  [1m[35mCACHE (0.0ms)[0m  SELECT "places".* FROM "places" WHERE "places"."id" = $1 LIMIT 1  [["id", 769]]
  [1m[36mCACHE (0.0ms)[0m  [1mSELECT "places".* FROM "places" WHERE "places"."id" = 45 LIMIT 1[0m
  [1m[35mCACHE (0.0ms)[0m  select * from routes where startplace_id = 45
  [1m[36mCACHE (0.0ms)[0m  [1mselect * from routes where endplace_id = 45[0m
  [1m[35mCACHE (0.0ms)[0m  SELECT "places".* FROM "places" WHERE "places"."id" = $1 LIMIT 1  [["id", 45]]
  [1m[36mCACHE (0.0ms)[0m  [1mSELECT "places".* FROM "places" WHERE "places"."id" = $1 LIMIT 1[0m  [["id", 976]]
  [1m[35mCACHE (0.0ms)[0m  SELECT "places".* FROM "places" WHERE "places"."id" = $1 LIMIT 1  [["id", 650]]
  [1m[36mCACHE (0.0ms)[0m  [1mSELECT "places".* FROM "places" WHERE "places"."id" = 1131 LIMIT 1[0m
  [1m[35mCACHE (0.0ms)[0m  select * from routes where startplace_id = 1131
  [1m[36mCACHE (0.0ms)[0m  [1mselect * from routes where endplace_id = 1131[0m
  [1m[35mCACHE (0.0ms)[0m  SELECT "places".* FROM "places" WHERE "places"."id" = $1 LIMIT 1  [["id", 1131]]
  [1m[36mCACHE (0.0ms)[0m  [1mSELECT "places".* FROM "places" WHERE "places"."id" = $1 LIMIT 1[0m  [["id", 1132]]
  [1m[35mCACHE (0.0ms)[0m  SELECT "places".* FROM "places" WHERE "places"."id" = $1 LIMIT 1  [["id", 1133]]
  [1m[36mCACHE (0.0ms)[0m  [1mSELECT "places".* FROM "places" WHERE "places"."id" = 1126 LIMIT 1[0m
  [1m[35mCACHE (0.0ms)[0m  select * from routes where startplace_id = 1126
  [1m[36mCACHE (0.0ms)[0m  [1mselect * from routes where endplace_id = 1126[0m
  [1m[35mCACHE (0.0ms)[0m  SELECT "places".* FROM "places" WHERE "places"."id" = $1 LIMIT 1  [["id", 1126]]
  [1m[36mCACHE (0.0ms)[0m  [1mSELECT "places".* FROM "places" WHERE "places"."id" = $1 LIMIT 1[0m  [["id", 1130]]
  [1m[35mCACHE (0.0ms)[0m  SELECT "places".* FROM "places" WHERE "places"."id" = $1 LIMIT 1  [["id", 1126]]
  [1m[36mCACHE (0.0ms)[0m  [1mSELECT "places".* FROM "places" WHERE "places"."id" = $1 LIMIT 1[0m  [["id", 769]]
  [1m[35mCACHE (0.0ms)[0m  SELECT "places".* FROM "places" WHERE "places"."id" = $1 LIMIT 1  [["id", 1127]]
  [1m[36mCACHE (0.0ms)[0m  [1mSELECT "places".* FROM "places" WHERE "places"."id" = 207 LIMIT 1[0m
  [1m[35mCACHE (0.0ms)[0m  select * from routes where startplace_id = 207
  [1m[36mCACHE (0.0ms)[0m  [1mselect * from routes where endplace_id = 207[0m
  [1m[35mCACHE (0.0ms)[0m  SELECT "places".* FROM "places" WHERE "places"."id" = $1 LIMIT 1  [["id", 207]]
  [1m[36mCACHE (0.0ms)[0m  [1mSELECT "places".* FROM "places" WHERE "places"."id" = $1 LIMIT 1[0m  [["id", 650]]
  [1m[35mCACHE (0.0ms)[0m  SELECT "places".* FROM "places" WHERE "places"."id" = $1 LIMIT 1  [["id", 207]]
  [1m[36mCACHE (0.0ms)[0m  [1mSELECT "places".* FROM "places" WHERE "places"."id" = $1 LIMIT 1[0m  [["id", 1133]]
  [1m[35mCACHE (0.0ms)[0m  SELECT "places".* FROM "places" WHERE "places"."id" = $1 LIMIT 1  [["id", 1129]]
  [1m[36mPlace Load (0.6ms)[0m  [1mSELECT "places".* FROM "places" WHERE "places"."id" = 1115 LIMIT 1[0m
  [1m[35mRoute Load (0.3ms)[0m  select * from routes where startplace_id = 1115
  [1m[36mRoute Load (0.3ms)[0m  [1mselect * from routes where endplace_id = 1115[0m
  [1m[35mCACHE (0.0ms)[0m  SELECT "places".* FROM "places" WHERE "places"."id" = $1 LIMIT 1  [["id", 1115]]
  [1m[36mPlace Load (0.3ms)[0m  [1mSELECT "places".* FROM "places" WHERE "places"."id" = $1 LIMIT 1[0m  [["id", 343]]
  [1m[35mCACHE (0.0ms)[0m  SELECT "places".* FROM "places" WHERE "places"."id" = $1 LIMIT 1  [["id", 397]]
  [1m[36mCACHE (0.0ms)[0m  [1mSELECT "places".* FROM "places" WHERE "places"."id" = 650 LIMIT 1[0m
  [1m[35mCACHE (0.0ms)[0m  select * from routes where startplace_id = 650
  [1m[36mCACHE (0.0ms)[0m  [1mselect * from routes where endplace_id = 650[0m
  [1m[35mCACHE (0.0ms)[0m  SELECT "places".* FROM "places" WHERE "places"."id" = $1 LIMIT 1  [["id", 650]]
  [1m[36mCACHE (0.0ms)[0m  [1mSELECT "places".* FROM "places" WHERE "places"."id" = $1 LIMIT 1[0m  [["id", 45]]
  [1m[35mCACHE (0.0ms)[0m  SELECT "places".* FROM "places" WHERE "places"."id" = $1 LIMIT 1  [["id", 207]]
  [1m[36mCACHE (0.0ms)[0m  [1mSELECT "places".* FROM "places" WHERE "places"."id" = 471 LIMIT 1[0m
  [1m[35mCACHE (0.0ms)[0m  select * from routes where startplace_id = 471
  [1m[36mCACHE (0.0ms)[0m  [1mselect * from routes where endplace_id = 471[0m
  [1m[35mCACHE (0.0ms)[0m  SELECT "places".* FROM "places" WHERE "places"."id" = $1 LIMIT 1  [["id", 471]]
  [1m[36mCACHE (0.0ms)[0m  [1mSELECT "places".* FROM "places" WHERE "places"."id" = $1 LIMIT 1[0m  [["id", 1119]]
  [1m[35mCACHE (0.0ms)[0m  SELECT "places".* FROM "places" WHERE "places"."id" = $1 LIMIT 1  [["id", 974]]
  [1m[36mCACHE (0.0ms)[0m  [1mSELECT "places".* FROM "places" WHERE "places"."id" = 1120 LIMIT 1[0m
  [1m[35mCACHE (0.0ms)[0m  select * from routes where startplace_id = 1120
  [1m[36mCACHE (0.0ms)[0m  [1mselect * from routes where endplace_id = 1120[0m
  [1m[35mCACHE (0.0ms)[0m  SELECT "places".* FROM "places" WHERE "places"."id" = $1 LIMIT 1  [["id", 1120]]
  [1m[36mCACHE (0.0ms)[0m  [1mSELECT "places".* FROM "places" WHERE "places"."id" = $1 LIMIT 1[0m  [["id", 1118]]
  [1m[35mCACHE (0.0ms)[0m  SELECT "places".* FROM "places" WHERE "places"."id" = $1 LIMIT 1  [["id", 1119]]
  [1m[36mCACHE (0.0ms)[0m  [1mSELECT "places".* FROM "places" WHERE "places"."id" = 976 LIMIT 1[0m
  [1m[35mCACHE (0.0ms)[0m  select * from routes where startplace_id = 976
  [1m[36mCACHE (0.0ms)[0m  [1mselect * from routes where endplace_id = 976[0m
  [1m[35mCACHE (0.0ms)[0m  SELECT "places".* FROM "places" WHERE "places"."id" = $1 LIMIT 1  [["id", 976]]
  [1m[36mCACHE (0.0ms)[0m  [1mSELECT "places".* FROM "places" WHERE "places"."id" = $1 LIMIT 1[0m  [["id", 1121]]
  [1m[35mCACHE (0.0ms)[0m  SELECT "places".* FROM "places" WHERE "places"."id" = $1 LIMIT 1  [["id", 976]]
  [1m[36mCACHE (0.0ms)[0m  [1mSELECT "places".* FROM "places" WHERE "places"."id" = $1 LIMIT 1[0m  [["id", 1119]]
  [1m[35mCACHE (0.0ms)[0m  SELECT "places".* FROM "places" WHERE "places"."id" = $1 LIMIT 1  [["id", 45]]
  [1m[36mCACHE (0.0ms)[0m  [1mSELECT "places".* FROM "places" WHERE "places"."id" = 1132 LIMIT 1[0m
  [1m[35mCACHE (0.0ms)[0m  select * from routes where startplace_id = 1132
  [1m[36mCACHE (0.0ms)[0m  [1mselect * from routes where endplace_id = 1132[0m
  [1m[35mCACHE (0.0ms)[0m  SELECT "places".* FROM "places" WHERE "places"."id" = $1 LIMIT 1  [["id", 1131]]
  [1m[36mCACHE (0.0ms)[0m  [1mSELECT "places".* FROM "places" WHERE "places"."id" = 976 LIMIT 1[0m
  [1m[35mCACHE (0.0ms)[0m  select * from routes where startplace_id = 976
  [1m[36mCACHE (0.0ms)[0m  [1mselect * from routes where endplace_id = 976[0m
  [1m[35mCACHE (0.0ms)[0m  SELECT "places".* FROM "places" WHERE "places"."id" = $1 LIMIT 1  [["id", 976]]
  [1m[36mCACHE (0.0ms)[0m  [1mSELECT "places".* FROM "places" WHERE "places"."id" = $1 LIMIT 1[0m  [["id", 1121]]
  [1m[35mCACHE (0.0ms)[0m  SELECT "places".* FROM "places" WHERE "places"."id" = $1 LIMIT 1  [["id", 976]]
  [1m[36mCACHE (0.0ms)[0m  [1mSELECT "places".* FROM "places" WHERE "places"."id" = $1 LIMIT 1[0m  [["id", 1119]]
  [1m[35mCACHE (0.0ms)[0m  SELECT "places".* FROM "places" WHERE "places"."id" = $1 LIMIT 1  [["id", 45]]
  [1m[36mCACHE (0.0ms)[0m  [1mSELECT "places".* FROM "places" WHERE "places"."id" = 976 LIMIT 1[0m
  [1m[35mCACHE (0.0ms)[0m  select * from routes where startplace_id = 976
  [1m[36mCACHE (0.0ms)[0m  [1mselect * from routes where endplace_id = 976[0m
  [1m[35mCACHE (0.0ms)[0m  SELECT "places".* FROM "places" WHERE "places"."id" = $1 LIMIT 1  [["id", 976]]
  [1m[36mCACHE (0.0ms)[0m  [1mSELECT "places".* FROM "places" WHERE "places"."id" = $1 LIMIT 1[0m  [["id", 1121]]
  [1m[35mCACHE (0.0ms)[0m  SELECT "places".* FROM "places" WHERE "places"."id" = $1 LIMIT 1  [["id", 976]]
  [1m[36mCACHE (0.0ms)[0m  [1mSELECT "places".* FROM "places" WHERE "places"."id" = $1 LIMIT 1[0m  [["id", 1119]]
  [1m[35mCACHE (0.0ms)[0m  SELECT "places".* FROM "places" WHERE "places"."id" = $1 LIMIT 1  [["id", 45]]
  [1m[36mCACHE (0.0ms)[0m  [1mSELECT "places".* FROM "places" WHERE "places"."id" = 1132 LIMIT 1[0m
  [1m[35mCACHE (0.0ms)[0m  select * from routes where startplace_id = 1132
  [1m[36mCACHE (0.0ms)[0m  [1mselect * from routes where endplace_id = 1132[0m
  [1m[35mCACHE (0.0ms)[0m  SELECT "places".* FROM "places" WHERE "places"."id" = $1 LIMIT 1  [["id", 1131]]
  [1m[36mCACHE (0.0ms)[0m  [1mSELECT "places".* FROM "places" WHERE "places"."id" = 1131 LIMIT 1[0m
  [1m[35mCACHE (0.0ms)[0m  select * from routes where startplace_id = 1131
  [1m[36mCACHE (0.0ms)[0m  [1mselect * from routes where endplace_id = 1131[0m
  [1m[35mCACHE (0.0ms)[0m  SELECT "places".* FROM "places" WHERE "places"."id" = $1 LIMIT 1  [["id", 1131]]
  [1m[36mCACHE (0.0ms)[0m  [1mSELECT "places".* FROM "places" WHERE "places"."id" = $1 LIMIT 1[0m  [["id", 1132]]
  [1m[35mCACHE (0.0ms)[0m  SELECT "places".* FROM "places" WHERE "places"."id" = $1 LIMIT 1  [["id", 1133]]
  [1m[36mCACHE (0.0ms)[0m  [1mSELECT "places".* FROM "places" WHERE "places"."id" = 1135 LIMIT 1[0m
  [1m[35mCACHE (0.0ms)[0m  select * from routes where startplace_id = 1135
  [1m[36mCACHE (0.0ms)[0m  [1mselect * from routes where endplace_id = 1135[0m
  [1m[35mCACHE (0.0ms)[0m  SELECT "places".* FROM "places" WHERE "places"."id" = $1 LIMIT 1  [["id", 1135]]
  [1m[36mCACHE (0.0ms)[0m  [1mSELECT "places".* FROM "places" WHERE "places"."id" = $1 LIMIT 1[0m  [["id", 1134]]
  [1m[35mCACHE (0.0ms)[0m  SELECT "places".* FROM "places" WHERE "places"."id" = $1 LIMIT 1  [["id", 271]]
  [1m[36mCACHE (0.0ms)[0m  [1mSELECT "places".* FROM "places" WHERE "places"."id" = 258 LIMIT 1[0m
  [1m[35mCACHE (0.0ms)[0m  select * from routes where startplace_id = 258
  [1m[36mCACHE (0.0ms)[0m  [1mselect * from routes where endplace_id = 258[0m
  [1m[35mCACHE (0.0ms)[0m  SELECT "places".* FROM "places" WHERE "places"."id" = $1 LIMIT 1  [["id", 258]]
  [1m[36mCACHE (0.0ms)[0m  [1mSELECT "places".* FROM "places" WHERE "places"."id" = $1 LIMIT 1[0m  [["id", 1117]]
  [1m[35mCACHE (0.0ms)[0m  SELECT "places".* FROM "places" WHERE "places"."id" = 58 LIMIT 1
  [1m[36mCACHE (0.0ms)[0m  [1mselect * from routes where startplace_id = 58[0m
  [1m[35mCACHE (0.0ms)[0m  select * from routes where endplace_id = 58
  [1m[36mCACHE (0.0ms)[0m  [1mSELECT "places".* FROM "places" WHERE "places"."id" = $1 LIMIT 1[0m  [["id", 58]]
  [1m[35mCACHE (0.0ms)[0m  SELECT "places".* FROM "places" WHERE "places"."id" = $1 LIMIT 1  [["id", 1116]]
  [1m[36mCACHE (0.0ms)[0m  [1mSELECT "places".* FROM "places" WHERE "places"."id" = $1 LIMIT 1[0m  [["id", 1117]]
  [1m[35mCACHE (0.0ms)[0m  SELECT "places".* FROM "places" WHERE "places"."id" = 1118 LIMIT 1
  [1m[36mCACHE (0.0ms)[0m  [1mselect * from routes where startplace_id = 1118[0m
  [1m[35mCACHE (0.0ms)[0m  select * from routes where endplace_id = 1118
  [1m[36mCACHE (0.0ms)[0m  [1mSELECT "places".* FROM "places" WHERE "places"."id" = $1 LIMIT 1[0m  [["id", 1118]]
  [1m[35mCACHE (0.0ms)[0m  SELECT "places".* FROM "places" WHERE "places"."id" = $1 LIMIT 1  [["id", 1117]]
  [1m[36mCACHE (0.0ms)[0m  [1mSELECT "places".* FROM "places" WHERE "places"."id" = $1 LIMIT 1[0m  [["id", 1134]]
  [1m[35mCACHE (0.0ms)[0m  SELECT "places".* FROM "places" WHERE "places"."id" = $1 LIMIT 1  [["id", 1120]]
  [1m[36mCACHE (0.0ms)[0m  [1mSELECT "places".* FROM "places" WHERE "places"."id" = 1131 LIMIT 1[0m
  [1m[35mCACHE (0.0ms)[0m  select * from routes where startplace_id = 1131
  [1m[36mCACHE (0.0ms)[0m  [1mselect * from routes where endplace_id = 1131[0m
  [1m[35mCACHE (0.0ms)[0m  SELECT "places".* FROM "places" WHERE "places"."id" = $1 LIMIT 1  [["id", 1131]]
  [1m[36mCACHE (0.0ms)[0m  [1mSELECT "places".* FROM "places" WHERE "places"."id" = $1 LIMIT 1[0m  [["id", 1132]]
  [1m[35mCACHE (0.0ms)[0m  SELECT "places".* FROM "places" WHERE "places"."id" = $1 LIMIT 1  [["id", 1133]]
  [1m[36mCACHE (0.0ms)[0m  [1mSELECT "places".* FROM "places" WHERE "places"."id" = 1135 LIMIT 1[0m
  [1m[35mCACHE (0.0ms)[0m  select * from routes where startplace_id = 1135
  [1m[36mCACHE (0.0ms)[0m  [1mselect * from routes where endplace_id = 1135[0m
  [1m[35mCACHE (0.0ms)[0m  SELECT "places".* FROM "places" WHERE "places"."id" = $1 LIMIT 1  [["id", 1135]]
  [1m[36mCACHE (0.0ms)[0m  [1mSELECT "places".* FROM "places" WHERE "places"."id" = $1 LIMIT 1[0m  [["id", 1134]]
  [1m[35mCACHE (0.0ms)[0m  SELECT "places".* FROM "places" WHERE "places"."id" = $1 LIMIT 1  [["id", 271]]
  [1m[36mCACHE (0.0ms)[0m  [1mSELECT "places".* FROM "places" WHERE "places"."id" = 258 LIMIT 1[0m
  [1m[35mCACHE (0.0ms)[0m  select * from routes where startplace_id = 258
  [1m[36mCACHE (0.0ms)[0m  [1mselect * from routes where endplace_id = 258[0m
  [1m[35mCACHE (0.0ms)[0m  SELECT "places".* FROM "places" WHERE "places"."id" = $1 LIMIT 1  [["id", 258]]
  [1m[36mCACHE (0.0ms)[0m  [1mSELECT "places".* FROM "places" WHERE "places"."id" = $1 LIMIT 1[0m  [["id", 1117]]
  [1m[35mCACHE (0.0ms)[0m  SELECT "places".* FROM "places" WHERE "places"."id" = 58 LIMIT 1
  [1m[36mCACHE (0.0ms)[0m  [1mselect * from routes where startplace_id = 58[0m
  [1m[35mCACHE (0.0ms)[0m  select * from routes where endplace_id = 58
  [1m[36mCACHE (0.0ms)[0m  [1mSELECT "places".* FROM "places" WHERE "places"."id" = $1 LIMIT 1[0m  [["id", 58]]
  [1m[35mCACHE (0.0ms)[0m  SELECT "places".* FROM "places" WHERE "places"."id" = $1 LIMIT 1  [["id", 1116]]
  [1m[36mCACHE (0.0ms)[0m  [1mSELECT "places".* FROM "places" WHERE "places"."id" = $1 LIMIT 1[0m  [["id", 1117]]
  [1m[35mCACHE (0.0ms)[0m  SELECT "places".* FROM "places" WHERE "places"."id" = 1125 LIMIT 1
  [1m[36mCACHE (0.0ms)[0m  [1mselect * from routes where startplace_id = 1125[0m
  [1m[35mCACHE (0.0ms)[0m  select * from routes where endplace_id = 1125
  [1m[36mCACHE (0.0ms)[0m  [1mSELECT "places".* FROM "places" WHERE "places"."id" = $1 LIMIT 1[0m  [["id", 1125]]
  [1m[35mCACHE (0.0ms)[0m  SELECT "places".* FROM "places" WHERE "places"."id" = $1 LIMIT 1  [["id", 1123]]
  [1m[36mCACHE (0.0ms)[0m  [1mSELECT "places".* FROM "places" WHERE "places"."id" = $1 LIMIT 1[0m  [["id", 769]]
  [1m[35mCACHE (0.0ms)[0m  SELECT "places".* FROM "places" WHERE "places"."id" = 1135 LIMIT 1
  [1m[36mCACHE (0.0ms)[0m  [1mselect * from routes where startplace_id = 1135[0m
  [1m[35mCACHE (0.0ms)[0m  select * from routes where endplace_id = 1135
  [1m[36mCACHE (0.0ms)[0m  [1mSELECT "places".* FROM "places" WHERE "places"."id" = $1 LIMIT 1[0m  [["id", 1135]]
  [1m[35mCACHE (0.0ms)[0m  SELECT "places".* FROM "places" WHERE "places"."id" = $1 LIMIT 1  [["id", 1134]]
  [1m[36mCACHE (0.0ms)[0m  [1mSELECT "places".* FROM "places" WHERE "places"."id" = $1 LIMIT 1[0m  [["id", 271]]
  [1m[35mCACHE (0.0ms)[0m  SELECT "places".* FROM "places" WHERE "places"."id" = 258 LIMIT 1
  [1m[36mCACHE (0.0ms)[0m  [1mselect * from routes where startplace_id = 258[0m
  [1m[35mCACHE (0.0ms)[0m  select * from routes where endplace_id = 258
  [1m[36mCACHE (0.0ms)[0m  [1mSELECT "places".* FROM "places" WHERE "places"."id" = $1 LIMIT 1[0m  [["id", 258]]
  [1m[35mCACHE (0.0ms)[0m  SELECT "places".* FROM "places" WHERE "places"."id" = $1 LIMIT 1  [["id", 1117]]
  [1m[36mCACHE (0.0ms)[0m  [1mSELECT "places".* FROM "places" WHERE "places"."id" = 58 LIMIT 1[0m
  [1m[35mCACHE (0.0ms)[0m  select * from routes where startplace_id = 58
  [1m[36mCACHE (0.0ms)[0m  [1mselect * from routes where endplace_id = 58[0m
  [1m[35mCACHE (0.0ms)[0m  SELECT "places".* FROM "places" WHERE "places"."id" = $1 LIMIT 1  [["id", 58]]
  [1m[36mCACHE (0.0ms)[0m  [1mSELECT "places".* FROM "places" WHERE "places"."id" = $1 LIMIT 1[0m  [["id", 1116]]
  [1m[35mCACHE (0.0ms)[0m  SELECT "places".* FROM "places" WHERE "places"."id" = $1 LIMIT 1  [["id", 1117]]
  [1m[36mCACHE (0.0ms)[0m  [1mSELECT "places".* FROM "places" WHERE "places"."id" = 1122 LIMIT 1[0m
  [1m[35mCACHE (0.0ms)[0m  select * from routes where startplace_id = 1122
  [1m[36mCACHE (0.0ms)[0m  [1mselect * from routes where endplace_id = 1122[0m
  [1m[35mCACHE (0.0ms)[0m  SELECT "places".* FROM "places" WHERE "places"."id" = $1 LIMIT 1  [["id", 1122]]
  [1m[36mCACHE (0.0ms)[0m  [1mSELECT "places".* FROM "places" WHERE "places"."id" = $1 LIMIT 1[0m  [["id", 975]]
  [1m[35mCACHE (0.0ms)[0m  SELECT "places".* FROM "places" WHERE "places"."id" = $1 LIMIT 1  [["id", 1121]]
  [1m[36mCACHE (0.0ms)[0m  [1mSELECT "places".* FROM "places" WHERE "places"."id" = 769 LIMIT 1[0m
  [1m[35mCACHE (0.0ms)[0m  select * from routes where startplace_id = 769
  [1m[36mCACHE (0.0ms)[0m  [1mselect * from routes where endplace_id = 769[0m
  [1m[35mCACHE (0.0ms)[0m  SELECT "places".* FROM "places" WHERE "places"."id" = $1 LIMIT 1  [["id", 769]]
  [1m[36mCACHE (0.0ms)[0m  [1mSELECT "places".* FROM "places" WHERE "places"."id" = $1 LIMIT 1[0m  [["id", 1125]]
  [1m[35mCACHE (0.0ms)[0m  SELECT "places".* FROM "places" WHERE "places"."id" = $1 LIMIT 1  [["id", 1126]]
  [1m[36mCACHE (0.0ms)[0m  [1mSELECT "places".* FROM "places" WHERE "places"."id" = 769 LIMIT 1[0m
  [1m[35mCACHE (0.0ms)[0m  select * from routes where startplace_id = 769
  [1m[36mCACHE (0.0ms)[0m  [1mselect * from routes where endplace_id = 769[0m
  [1m[35mCACHE (0.0ms)[0m  SELECT "places".* FROM "places" WHERE "places"."id" = $1 LIMIT 1  [["id", 769]]
  [1m[36mCACHE (0.0ms)[0m  [1mSELECT "places".* FROM "places" WHERE "places"."id" = $1 LIMIT 1[0m  [["id", 1125]]
  [1m[35mCACHE (0.0ms)[0m  SELECT "places".* FROM "places" WHERE "places"."id" = $1 LIMIT 1  [["id", 1126]]
  [1m[36mCACHE (0.0ms)[0m  [1mSELECT "places".* FROM "places" WHERE "places"."id" = 769 LIMIT 1[0m
  [1m[35mCACHE (0.0ms)[0m  select * from routes where startplace_id = 769
  [1m[36mCACHE (0.0ms)[0m  [1mselect * from routes where endplace_id = 769[0m
  [1m[35mCACHE (0.0ms)[0m  SELECT "places".* FROM "places" WHERE "places"."id" = $1 LIMIT 1  [["id", 769]]
  [1m[36mCACHE (0.0ms)[0m  [1mSELECT "places".* FROM "places" WHERE "places"."id" = $1 LIMIT 1[0m  [["id", 1125]]
  [1m[35mCACHE (0.0ms)[0m  SELECT "places".* FROM "places" WHERE "places"."id" = $1 LIMIT 1  [["id", 1126]]
  [1m[36mCACHE (0.0ms)[0m  [1mSELECT "places".* FROM "places" WHERE "places"."id" = 1132 LIMIT 1[0m
  [1m[35mCACHE (0.0ms)[0m  select * from routes where startplace_id = 1132
  [1m[36mCACHE (0.0ms)[0m  [1mselect * from routes where endplace_id = 1132[0m
  [1m[35mCACHE (0.0ms)[0m  SELECT "places".* FROM "places" WHERE "places"."id" = $1 LIMIT 1  [["id", 1131]]
  [1m[36mCACHE (0.0ms)[0m  [1mSELECT "places".* FROM "places" WHERE "places"."id" = 1127 LIMIT 1[0m
  [1m[35mCACHE (0.0ms)[0m  select * from routes where startplace_id = 1127
  [1m[36mCACHE (0.0ms)[0m  [1mselect * from routes where endplace_id = 1127[0m
  [1m[35mCACHE (0.0ms)[0m  SELECT "places".* FROM "places" WHERE "places"."id" = $1 LIMIT 1  [["id", 1127]]
  [1m[36mCACHE (0.0ms)[0m  [1mSELECT "places".* FROM "places" WHERE "places"."id" = $1 LIMIT 1[0m  [["id", 1126]]
  [1m[35mCACHE (0.0ms)[0m  SELECT "places".* FROM "places" WHERE "places"."id" = $1 LIMIT 1  [["id", 419]]
  [1m[36mCACHE (0.0ms)[0m  [1mSELECT "places".* FROM "places" WHERE "places"."id" = 1130 LIMIT 1[0m
  [1m[35mCACHE (0.0ms)[0m  select * from routes where startplace_id = 1130
  [1m[36mCACHE (0.0ms)[0m  [1mselect * from routes where endplace_id = 1130[0m
  [1m[35mCACHE (0.0ms)[0m  SELECT "places".* FROM "places" WHERE "places"."id" = $1 LIMIT 1  [["id", 1130]]
  [1m[36mCACHE (0.0ms)[0m  [1mSELECT "places".* FROM "places" WHERE "places"."id" = $1 LIMIT 1[0m  [["id", 974]]
  [1m[35mCACHE (0.0ms)[0m  SELECT "places".* FROM "places" WHERE "places"."id" = $1 LIMIT 1  [["id", 1126]]
  [1m[36mCACHE (0.0ms)[0m  [1mSELECT "places".* FROM "places" WHERE "places"."id" = 650 LIMIT 1[0m
  [1m[35mCACHE (0.0ms)[0m  select * from routes where startplace_id = 650
  [1m[36mCACHE (0.0ms)[0m  [1mselect * from routes where endplace_id = 650[0m
  [1m[35mCACHE (0.0ms)[0m  SELECT "places".* FROM "places" WHERE "places"."id" = $1 LIMIT 1  [["id", 650]]
  [1m[36mCACHE (0.0ms)[0m  [1mSELECT "places".* FROM "places" WHERE "places"."id" = $1 LIMIT 1[0m  [["id", 45]]
  [1m[35mCACHE (0.0ms)[0m  SELECT "places".* FROM "places" WHERE "places"."id" = $1 LIMIT 1  [["id", 207]]
  [1m[36mCACHE (0.0ms)[0m  [1mSELECT "places".* FROM "places" WHERE "places"."id" = 1133 LIMIT 1[0m
  [1m[35mCACHE (0.0ms)[0m  select * from routes where startplace_id = 1133
  [1m[36mCACHE (0.0ms)[0m  [1mselect * from routes where endplace_id = 1133[0m
  [1m[35mCACHE (0.0ms)[0m  SELECT "places".* FROM "places" WHERE "places"."id" = $1 LIMIT 1  [["id", 1133]]
  [1m[36mCACHE (0.0ms)[0m  [1mSELECT "places".* FROM "places" WHERE "places"."id" = $1 LIMIT 1[0m  [["id", 1131]]
  [1m[35mCACHE (0.0ms)[0m  SELECT "places".* FROM "places" WHERE "places"."id" = $1 LIMIT 1  [["id", 207]]
  [1m[36mPlace Load (0.6ms)[0m  [1mSELECT "places".* FROM "places" WHERE "places"."id" = 343 LIMIT 1[0m
  [1m[35mRoute Load (0.5ms)[0m  select * from routes where startplace_id = 343
  [1m[36mRoute Load (0.3ms)[0m  [1mselect * from routes where endplace_id = 343[0m
  [1m[35mCACHE (0.0ms)[0m  SELECT "places".* FROM "places" WHERE "places"."id" = $1 LIMIT 1  [["id", 343]]
  [1m[36mPlace Load (0.3ms)[0m  [1mSELECT "places".* FROM "places" WHERE "places"."id" = $1 LIMIT 1[0m  [["id", 1114]]
  [1m[35mCACHE (0.0ms)[0m  SELECT "places".* FROM "places" WHERE "places"."id" = $1 LIMIT 1  [["id", 1115]]
  [1m[36mCACHE (0.0ms)[0m  [1mSELECT "places".* FROM "places" WHERE "places"."id" = 207 LIMIT 1[0m
  [1m[35mCACHE (0.0ms)[0m  select * from routes where startplace_id = 207
  [1m[36mCACHE (0.0ms)[0m  [1mselect * from routes where endplace_id = 207[0m
  [1m[35mCACHE (0.0ms)[0m  SELECT "places".* FROM "places" WHERE "places"."id" = $1 LIMIT 1  [["id", 207]]
  [1m[36mCACHE (0.0ms)[0m  [1mSELECT "places".* FROM "places" WHERE "places"."id" = $1 LIMIT 1[0m  [["id", 650]]
  [1m[35mCACHE (0.0ms)[0m  SELECT "places".* FROM "places" WHERE "places"."id" = $1 LIMIT 1  [["id", 207]]
  [1m[36mCACHE (0.0ms)[0m  [1mSELECT "places".* FROM "places" WHERE "places"."id" = $1 LIMIT 1[0m  [["id", 1133]]
  [1m[35mCACHE (0.0ms)[0m  SELECT "places".* FROM "places" WHERE "places"."id" = $1 LIMIT 1  [["id", 1129]]
  [1m[36mCACHE (0.0ms)[0m  [1mSELECT "places".* FROM "places" WHERE "places"."id" = 1118 LIMIT 1[0m
  [1m[35mCACHE (0.0ms)[0m  select * from routes where startplace_id = 1118
  [1m[36mCACHE (0.0ms)[0m  [1mselect * from routes where endplace_id = 1118[0m
  [1m[35mCACHE (0.0ms)[0m  SELECT "places".* FROM "places" WHERE "places"."id" = $1 LIMIT 1  [["id", 1118]]
  [1m[36mCACHE (0.0ms)[0m  [1mSELECT "places".* FROM "places" WHERE "places"."id" = $1 LIMIT 1[0m  [["id", 1117]]
  [1m[35mCACHE (0.0ms)[0m  SELECT "places".* FROM "places" WHERE "places"."id" = $1 LIMIT 1  [["id", 1134]]
  [1m[36mCACHE (0.0ms)[0m  [1mSELECT "places".* FROM "places" WHERE "places"."id" = $1 LIMIT 1[0m  [["id", 1120]]
  [1m[35mCACHE (0.0ms)[0m  SELECT "places".* FROM "places" WHERE "places"."id" = 1121 LIMIT 1
  [1m[36mCACHE (0.0ms)[0m  [1mselect * from routes where startplace_id = 1121[0m
  [1m[35mCACHE (0.0ms)[0m  select * from routes where endplace_id = 1121
  [1m[36mCACHE (0.0ms)[0m  [1mSELECT "places".* FROM "places" WHERE "places"."id" = $1 LIMIT 1[0m  [["id", 1121]]
  [1m[35mCACHE (0.0ms)[0m  SELECT "places".* FROM "places" WHERE "places"."id" = $1 LIMIT 1  [["id", 1122]]
  [1m[36mCACHE (0.0ms)[0m  [1mSELECT "places".* FROM "places" WHERE "places"."id" = $1 LIMIT 1[0m  [["id", 976]]
  [1m[35mCACHE (0.0ms)[0m  SELECT "places".* FROM "places" WHERE "places"."id" = 1119 LIMIT 1
  [1m[36mCACHE (0.0ms)[0m  [1mselect * from routes where startplace_id = 1119[0m
  [1m[35mCACHE (0.0ms)[0m  select * from routes where endplace_id = 1119
  [1m[36mCACHE (0.0ms)[0m  [1mSELECT "places".* FROM "places" WHERE "places"."id" = $1 LIMIT 1[0m  [["id", 1119]]
  [1m[35mCACHE (0.0ms)[0m  SELECT "places".* FROM "places" WHERE "places"."id" = $1 LIMIT 1  [["id", 1120]]
  [1m[36mCACHE (0.0ms)[0m  [1mSELECT "places".* FROM "places" WHERE "places"."id" = $1 LIMIT 1[0m  [["id", 976]]
  [1m[35mCACHE (0.0ms)[0m  SELECT "places".* FROM "places" WHERE "places"."id" = $1 LIMIT 1  [["id", 471]]
  [1m[36mCACHE (0.0ms)[0m  [1mSELECT "places".* FROM "places" WHERE "places"."id" = 45 LIMIT 1[0m
  [1m[35mCACHE (0.0ms)[0m  select * from routes where startplace_id = 45
  [1m[36mCACHE (0.0ms)[0m  [1mselect * from routes where endplace_id = 45[0m
  [1m[35mCACHE (0.0ms)[0m  SELECT "places".* FROM "places" WHERE "places"."id" = $1 LIMIT 1  [["id", 45]]
  [1m[36mCACHE (0.0ms)[0m  [1mSELECT "places".* FROM "places" WHERE "places"."id" = $1 LIMIT 1[0m  [["id", 976]]
  [1m[35mCACHE (0.0ms)[0m  SELECT "places".* FROM "places" WHERE "places"."id" = $1 LIMIT 1  [["id", 650]]
  [1m[36mCACHE (0.0ms)[0m  [1mSELECT "places".* FROM "places" WHERE "places"."id" = 1119 LIMIT 1[0m
  [1m[35mCACHE (0.0ms)[0m  select * from routes where startplace_id = 1119
  [1m[36mCACHE (0.0ms)[0m  [1mselect * from routes where endplace_id = 1119[0m
  [1m[35mCACHE (0.0ms)[0m  SELECT "places".* FROM "places" WHERE "places"."id" = $1 LIMIT 1  [["id", 1119]]
  [1m[36mCACHE (0.0ms)[0m  [1mSELECT "places".* FROM "places" WHERE "places"."id" = $1 LIMIT 1[0m  [["id", 1120]]
  [1m[35mCACHE (0.0ms)[0m  SELECT "places".* FROM "places" WHERE "places"."id" = $1 LIMIT 1  [["id", 976]]
  [1m[36mCACHE (0.0ms)[0m  [1mSELECT "places".* FROM "places" WHERE "places"."id" = $1 LIMIT 1[0m  [["id", 471]]
  [1m[35mCACHE (0.0ms)[0m  SELECT "places".* FROM "places" WHERE "places"."id" = 1121 LIMIT 1
  [1m[36mCACHE (0.0ms)[0m  [1mselect * from routes where startplace_id = 1121[0m
  [1m[35mCACHE (0.0ms)[0m  select * from routes where endplace_id = 1121
  [1m[36mCACHE (0.0ms)[0m  [1mSELECT "places".* FROM "places" WHERE "places"."id" = $1 LIMIT 1[0m  [["id", 1121]]
  [1m[35mCACHE (0.0ms)[0m  SELECT "places".* FROM "places" WHERE "places"."id" = $1 LIMIT 1  [["id", 1122]]
  [1m[36mCACHE (0.0ms)[0m  [1mSELECT "places".* FROM "places" WHERE "places"."id" = $1 LIMIT 1[0m  [["id", 976]]
  [1m[35mCACHE (0.0ms)[0m  SELECT "places".* FROM "places" WHERE "places"."id" = 1119 LIMIT 1
  [1m[36mCACHE (0.0ms)[0m  [1mselect * from routes where startplace_id = 1119[0m
  [1m[35mCACHE (0.0ms)[0m  select * from routes where endplace_id = 1119
  [1m[36mCACHE (0.0ms)[0m  [1mSELECT "places".* FROM "places" WHERE "places"."id" = $1 LIMIT 1[0m  [["id", 1119]]
  [1m[35mCACHE (0.0ms)[0m  SELECT "places".* FROM "places" WHERE "places"."id" = $1 LIMIT 1  [["id", 1120]]
  [1m[36mCACHE (0.0ms)[0m  [1mSELECT "places".* FROM "places" WHERE "places"."id" = $1 LIMIT 1[0m  [["id", 976]]
  [1m[35mCACHE (0.0ms)[0m  SELECT "places".* FROM "places" WHERE "places"."id" = $1 LIMIT 1  [["id", 471]]
  [1m[36mCACHE (0.0ms)[0m  [1mSELECT "places".* FROM "places" WHERE "places"."id" = 1132 LIMIT 1[0m
  [1m[35mCACHE (0.0ms)[0m  select * from routes where startplace_id = 1132
  [1m[36mCACHE (0.0ms)[0m  [1mselect * from routes where endplace_id = 1132[0m
  [1m[35mCACHE (0.0ms)[0m  SELECT "places".* FROM "places" WHERE "places"."id" = $1 LIMIT 1  [["id", 1131]]
  [1m[36mCACHE (0.0ms)[0m  [1mSELECT "places".* FROM "places" WHERE "places"."id" = 271 LIMIT 1[0m
  [1m[35mCACHE (0.0ms)[0m  select * from routes where startplace_id = 271
  [1m[36mCACHE (0.0ms)[0m  [1mselect * from routes where endplace_id = 271[0m
  [1m[35mCACHE (0.0ms)[0m  SELECT "places".* FROM "places" WHERE "places"."id" = $1 LIMIT 1  [["id", 271]]
  [1m[36mCACHE (0.0ms)[0m  [1mSELECT "places".* FROM "places" WHERE "places"."id" = $1 LIMIT 1[0m  [["id", 1135]]
  [1m[35mCACHE (0.0ms)[0m  SELECT "places".* FROM "places" WHERE "places"."id" = 1116 LIMIT 1
  [1m[36mCACHE (0.0ms)[0m  [1mselect * from routes where startplace_id = 1116[0m
  [1m[35mCACHE (0.0ms)[0m  select * from routes where endplace_id = 1116
  [1m[36mCACHE (0.0ms)[0m  [1mSELECT "places".* FROM "places" WHERE "places"."id" = $1 LIMIT 1[0m  [["id", 1116]]
  [1m[35mCACHE (0.0ms)[0m  SELECT "places".* FROM "places" WHERE "places"."id" = $1 LIMIT 1  [["id", 827]]
  [1m[36mCACHE (0.0ms)[0m  [1mSELECT "places".* FROM "places" WHERE "places"."id" = $1 LIMIT 1[0m  [["id", 528]]
  [1m[35mCACHE (0.0ms)[0m  SELECT "places".* FROM "places" WHERE "places"."id" = $1 LIMIT 1  [["id", 58]]
  [1m[36mCACHE (0.0ms)[0m  [1mSELECT "places".* FROM "places" WHERE "places"."id" = 1134 LIMIT 1[0m
  [1m[35mCACHE (0.0ms)[0m  select * from routes where startplace_id = 1134
  [1m[36mCACHE (0.0ms)[0m  [1mselect * from routes where endplace_id = 1134[0m
  [1m[35mCACHE (0.0ms)[0m  SELECT "places".* FROM "places" WHERE "places"."id" = $1 LIMIT 1  [["id", 1134]]
  [1m[36mCACHE (0.0ms)[0m  [1mSELECT "places".* FROM "places" WHERE "places"."id" = $1 LIMIT 1[0m  [["id", 1118]]
  [1m[35mCACHE (0.0ms)[0m  SELECT "places".* FROM "places" WHERE "places"."id" = $1 LIMIT 1  [["id", 1135]]
  [1m[36mCACHE (0.0ms)[0m  [1mSELECT "places".* FROM "places" WHERE "places"."id" = 1117 LIMIT 1[0m
  [1m[35mCACHE (0.0ms)[0m  select * from routes where startplace_id = 1117
  [1m[36mCACHE (0.0ms)[0m  [1mselect * from routes where endplace_id = 1117[0m
  [1m[35mCACHE (0.0ms)[0m  SELECT "places".* FROM "places" WHERE "places"."id" = $1 LIMIT 1  [["id", 1117]]
  [1m[36mCACHE (0.0ms)[0m  [1mSELECT "places".* FROM "places" WHERE "places"."id" = $1 LIMIT 1[0m  [["id", 58]]
  [1m[35mCACHE (0.0ms)[0m  SELECT "places".* FROM "places" WHERE "places"."id" = $1 LIMIT 1  [["id", 1118]]
  [1m[36mCACHE (0.0ms)[0m  [1mSELECT "places".* FROM "places" WHERE "places"."id" = $1 LIMIT 1[0m  [["id", 258]]
  [1m[35mCACHE (0.0ms)[0m  SELECT "places".* FROM "places" WHERE "places"."id" = 1132 LIMIT 1
  [1m[36mCACHE (0.0ms)[0m  [1mselect * from routes where startplace_id = 1132[0m
  [1m[35mCACHE (0.0ms)[0m  select * from routes where endplace_id = 1132
  [1m[36mCACHE (0.0ms)[0m  [1mSELECT "places".* FROM "places" WHERE "places"."id" = $1 LIMIT 1[0m  [["id", 1131]]
  [1m[35mCACHE (0.0ms)[0m  SELECT "places".* FROM "places" WHERE "places"."id" = 271 LIMIT 1
  [1m[36mCACHE (0.0ms)[0m  [1mselect * from routes where startplace_id = 271[0m
  [1m[35mCACHE (0.0ms)[0m  select * from routes where endplace_id = 271
  [1m[36mCACHE (0.0ms)[0m  [1mSELECT "places".* FROM "places" WHERE "places"."id" = $1 LIMIT 1[0m  [["id", 271]]
  [1m[35mCACHE (0.0ms)[0m  SELECT "places".* FROM "places" WHERE "places"."id" = $1 LIMIT 1  [["id", 1135]]
  [1m[36mCACHE (0.0ms)[0m  [1mSELECT "places".* FROM "places" WHERE "places"."id" = 1116 LIMIT 1[0m
  [1m[35mCACHE (0.0ms)[0m  select * from routes where startplace_id = 1116
  [1m[36mCACHE (0.0ms)[0m  [1mselect * from routes where endplace_id = 1116[0m
  [1m[35mCACHE (0.0ms)[0m  SELECT "places".* FROM "places" WHERE "places"."id" = $1 LIMIT 1  [["id", 1116]]
  [1m[36mCACHE (0.0ms)[0m  [1mSELECT "places".* FROM "places" WHERE "places"."id" = $1 LIMIT 1[0m  [["id", 827]]
  [1m[35mCACHE (0.0ms)[0m  SELECT "places".* FROM "places" WHERE "places"."id" = $1 LIMIT 1  [["id", 528]]
  [1m[36mCACHE (0.0ms)[0m  [1mSELECT "places".* FROM "places" WHERE "places"."id" = $1 LIMIT 1[0m  [["id", 58]]
  [1m[35mCACHE (0.0ms)[0m  SELECT "places".* FROM "places" WHERE "places"."id" = 769 LIMIT 1
  [1m[36mCACHE (0.0ms)[0m  [1mselect * from routes where startplace_id = 769[0m
  [1m[35mCACHE (0.0ms)[0m  select * from routes where endplace_id = 769
  [1m[36mCACHE (0.0ms)[0m  [1mSELECT "places".* FROM "places" WHERE "places"."id" = $1 LIMIT 1[0m  [["id", 769]]
  [1m[35mCACHE (0.0ms)[0m  SELECT "places".* FROM "places" WHERE "places"."id" = $1 LIMIT 1  [["id", 1125]]
  [1m[36mCACHE (0.0ms)[0m  [1mSELECT "places".* FROM "places" WHERE "places"."id" = $1 LIMIT 1[0m  [["id", 1126]]
  [1m[35mCACHE (0.0ms)[0m  SELECT "places".* FROM "places" WHERE "places"."id" = 271 LIMIT 1
  [1m[36mCACHE (0.0ms)[0m  [1mselect * from routes where startplace_id = 271[0m
  [1m[35mCACHE (0.0ms)[0m  select * from routes where endplace_id = 271
  [1m[36mCACHE (0.0ms)[0m  [1mSELECT "places".* FROM "places" WHERE "places"."id" = $1 LIMIT 1[0m  [["id", 271]]
  [1m[35mCACHE (0.0ms)[0m  SELECT "places".* FROM "places" WHERE "places"."id" = $1 LIMIT 1  [["id", 1135]]
  [1m[36mCACHE (0.0ms)[0m  [1mSELECT "places".* FROM "places" WHERE "places"."id" = 1116 LIMIT 1[0m
  [1m[35mCACHE (0.0ms)[0m  select * from routes where startplace_id = 1116
  [1m[36mCACHE (0.0ms)[0m  [1mselect * from routes where endplace_id = 1116[0m
  [1m[35mCACHE (0.0ms)[0m  SELECT "places".* FROM "places" WHERE "places"."id" = $1 LIMIT 1  [["id", 1116]]
  [1m[36mCACHE (0.0ms)[0m  [1mSELECT "places".* FROM "places" WHERE "places"."id" = $1 LIMIT 1[0m  [["id", 827]]
  [1m[35mCACHE (0.0ms)[0m  SELECT "places".* FROM "places" WHERE "places"."id" = $1 LIMIT 1  [["id", 528]]
  [1m[36mCACHE (0.0ms)[0m  [1mSELECT "places".* FROM "places" WHERE "places"."id" = $1 LIMIT 1[0m  [["id", 58]]
  [1m[35mCACHE (0.0ms)[0m  SELECT "places".* FROM "places" WHERE "places"."id" = 1121 LIMIT 1
  [1m[36mCACHE (0.0ms)[0m  [1mselect * from routes where startplace_id = 1121[0m
  [1m[35mCACHE (0.0ms)[0m  select * from routes where endplace_id = 1121
  [1m[36mCACHE (0.0ms)[0m  [1mSELECT "places".* FROM "places" WHERE "places"."id" = $1 LIMIT 1[0m  [["id", 1121]]
  [1m[35mCACHE (0.0ms)[0m  SELECT "places".* FROM "places" WHERE "places"."id" = $1 LIMIT 1  [["id", 1122]]
  [1m[36mCACHE (0.0ms)[0m  [1mSELECT "places".* FROM "places" WHERE "places"."id" = $1 LIMIT 1[0m  [["id", 976]]
  [1m[35mCACHE (0.0ms)[0m  SELECT "places".* FROM "places" WHERE "places"."id" = 1126 LIMIT 1
  [1m[36mCACHE (0.0ms)[0m  [1mselect * from routes where startplace_id = 1126[0m
  [1m[35mCACHE (0.0ms)[0m  select * from routes where endplace_id = 1126
  [1m[36mCACHE (0.0ms)[0m  [1mSELECT "places".* FROM "places" WHERE "places"."id" = $1 LIMIT 1[0m  [["id", 1126]]
  [1m[35mCACHE (0.0ms)[0m  SELECT "places".* FROM "places" WHERE "places"."id" = $1 LIMIT 1  [["id", 1130]]
  [1m[36mCACHE (0.0ms)[0m  [1mSELECT "places".* FROM "places" WHERE "places"."id" = $1 LIMIT 1[0m  [["id", 1126]]
  [1m[35mCACHE (0.0ms)[0m  SELECT "places".* FROM "places" WHERE "places"."id" = $1 LIMIT 1  [["id", 769]]
  [1m[36mCACHE (0.0ms)[0m  [1mSELECT "places".* FROM "places" WHERE "places"."id" = $1 LIMIT 1[0m  [["id", 1127]]
  [1m[35mCACHE (0.0ms)[0m  SELECT "places".* FROM "places" WHERE "places"."id" = 1126 LIMIT 1
  [1m[36mCACHE (0.0ms)[0m  [1mselect * from routes where startplace_id = 1126[0m
  [1m[35mCACHE (0.0ms)[0m  select * from routes where endplace_id = 1126
  [1m[36mCACHE (0.0ms)[0m  [1mSELECT "places".* FROM "places" WHERE "places"."id" = $1 LIMIT 1[0m  [["id", 1126]]
  [1m[35mCACHE (0.0ms)[0m  SELECT "places".* FROM "places" WHERE "places"."id" = $1 LIMIT 1  [["id", 1130]]
  [1m[36mCACHE (0.0ms)[0m  [1mSELECT "places".* FROM "places" WHERE "places"."id" = $1 LIMIT 1[0m  [["id", 1126]]
  [1m[35mCACHE (0.0ms)[0m  SELECT "places".* FROM "places" WHERE "places"."id" = $1 LIMIT 1  [["id", 769]]
  [1m[36mCACHE (0.0ms)[0m  [1mSELECT "places".* FROM "places" WHERE "places"."id" = $1 LIMIT 1[0m  [["id", 1127]]
  [1m[35mCACHE (0.0ms)[0m  SELECT "places".* FROM "places" WHERE "places"."id" = 1126 LIMIT 1
  [1m[36mCACHE (0.0ms)[0m  [1mselect * from routes where startplace_id = 1126[0m
  [1m[35mCACHE (0.0ms)[0m  select * from routes where endplace_id = 1126
  [1m[36mCACHE (0.0ms)[0m  [1mSELECT "places".* FROM "places" WHERE "places"."id" = $1 LIMIT 1[0m  [["id", 1126]]
  [1m[35mCACHE (0.0ms)[0m  SELECT "places".* FROM "places" WHERE "places"."id" = $1 LIMIT 1  [["id", 1130]]
  [1m[36mCACHE (0.0ms)[0m  [1mSELECT "places".* FROM "places" WHERE "places"."id" = $1 LIMIT 1[0m  [["id", 1126]]
  [1m[35mCACHE (0.0ms)[0m  SELECT "places".* FROM "places" WHERE "places"."id" = $1 LIMIT 1  [["id", 769]]
  [1m[36mCACHE (0.0ms)[0m  [1mSELECT "places".* FROM "places" WHERE "places"."id" = $1 LIMIT 1[0m  [["id", 1127]]
  [1m[35mCACHE (0.0ms)[0m  SELECT "places".* FROM "places" WHERE "places"."id" = 419 LIMIT 1
  [1m[36mCACHE (0.0ms)[0m  [1mselect * from routes where startplace_id = 419[0m
  [1m[35mCACHE (0.0ms)[0m  select * from routes where endplace_id = 419
  [1m[36mCACHE (0.0ms)[0m  [1mSELECT "places".* FROM "places" WHERE "places"."id" = $1 LIMIT 1[0m  [["id", 419]]
  [1m[35mCACHE (0.0ms)[0m  SELECT "places".* FROM "places" WHERE "places"."id" = $1 LIMIT 1  [["id", 1127]]
  [1m[36mCACHE (0.0ms)[0m  [1mSELECT "places".* FROM "places" WHERE "places"."id" = $1 LIMIT 1[0m  [["id", 1128]]
  [1m[35mCACHE (0.0ms)[0m  SELECT "places".* FROM "places" WHERE "places"."id" = 45 LIMIT 1
  [1m[36mCACHE (0.0ms)[0m  [1mselect * from routes where startplace_id = 45[0m
  [1m[35mCACHE (0.0ms)[0m  select * from routes where endplace_id = 45
  [1m[36mCACHE (0.0ms)[0m  [1mSELECT "places".* FROM "places" WHERE "places"."id" = $1 LIMIT 1[0m  [["id", 45]]
  [1m[35mCACHE (0.0ms)[0m  SELECT "places".* FROM "places" WHERE "places"."id" = $1 LIMIT 1  [["id", 976]]
  [1m[36mCACHE (0.0ms)[0m  [1mSELECT "places".* FROM "places" WHERE "places"."id" = $1 LIMIT 1[0m  [["id", 650]]
  [1m[35mCACHE (0.0ms)[0m  SELECT "places".* FROM "places" WHERE "places"."id" = 1131 LIMIT 1
  [1m[36mCACHE (0.0ms)[0m  [1mselect * from routes where startplace_id = 1131[0m
  [1m[35mCACHE (0.0ms)[0m  select * from routes where endplace_id = 1131
  [1m[36mCACHE (0.0ms)[0m  [1mSELECT "places".* FROM "places" WHERE "places"."id" = $1 LIMIT 1[0m  [["id", 1131]]
  [1m[35mCACHE (0.0ms)[0m  SELECT "places".* FROM "places" WHERE "places"."id" = $1 LIMIT 1  [["id", 1132]]
  [1m[36mCACHE (0.0ms)[0m  [1mSELECT "places".* FROM "places" WHERE "places"."id" = $1 LIMIT 1[0m  [["id", 1133]]
  [1m[35mPlace Load (0.6ms)[0m  SELECT "places".* FROM "places" WHERE "places"."id" = 1114 LIMIT 1
  [1m[36mRoute Load (0.4ms)[0m  [1mselect * from routes where startplace_id = 1114[0m
  [1m[35mRoute Load (0.3ms)[0m  select * from routes where endplace_id = 1114
  [1m[36mCACHE (0.0ms)[0m  [1mSELECT "places".* FROM "places" WHERE "places"."id" = $1 LIMIT 1[0m  [["id", 1114]]
  [1m[35mPlace Load (0.3ms)[0m  SELECT "places".* FROM "places" WHERE "places"."id" = $1 LIMIT 1  [["id", 1113]]
  [1m[36mCACHE (0.0ms)[0m  [1mSELECT "places".* FROM "places" WHERE "places"."id" = $1 LIMIT 1[0m  [["id", 343]]
  [1m[35mCACHE (0.0ms)[0m  SELECT "places".* FROM "places" WHERE "places"."id" = 1129 LIMIT 1
  [1m[36mCACHE (0.0ms)[0m  [1mselect * from routes where startplace_id = 1129[0m
  [1m[35mCACHE (0.0ms)[0m  select * from routes where endplace_id = 1129
  [1m[36mCACHE (0.0ms)[0m  [1mSELECT "places".* FROM "places" WHERE "places"."id" = $1 LIMIT 1[0m  [["id", 1129]]
  [1m[35mCACHE (0.0ms)[0m  SELECT "places".* FROM "places" WHERE "places"."id" = $1 LIMIT 1  [["id", 207]]
  [1m[36mCACHE (0.0ms)[0m  [1mSELECT "places".* FROM "places" WHERE "places"."id" = $1 LIMIT 1[0m  [["id", 1124]]
  [1m[35mCACHE (0.0ms)[0m  SELECT "places".* FROM "places" WHERE "places"."id" = $1 LIMIT 1  [["id", 975]]
  [1m[36mCACHE (0.0ms)[0m  [1mSELECT "places".* FROM "places" WHERE "places"."id" = 1133 LIMIT 1[0m
  [1m[35mCACHE (0.1ms)[0m  select * from routes where startplace_id = 1133
  [1m[36mCACHE (0.0ms)[0m  [1mselect * from routes where endplace_id = 1133[0m
  [1m[35mCACHE (0.0ms)[0m  SELECT "places".* FROM "places" WHERE "places"."id" = $1 LIMIT 1  [["id", 1133]]
  [1m[36mCACHE (0.0ms)[0m  [1mSELECT "places".* FROM "places" WHERE "places"."id" = $1 LIMIT 1[0m  [["id", 1131]]
  [1m[35mCACHE (0.0ms)[0m  SELECT "places".* FROM "places" WHERE "places"."id" = $1 LIMIT 1  [["id", 207]]
  [1m[36mCACHE (0.0ms)[0m  [1mSELECT "places".* FROM "places" WHERE "places"."id" = 1134 LIMIT 1[0m
  [1m[35mCACHE (0.0ms)[0m  select * from routes where startplace_id = 1134
  [1m[36mCACHE (0.0ms)[0m  [1mselect * from routes where endplace_id = 1134[0m
  [1m[35mCACHE (0.0ms)[0m  SELECT "places".* FROM "places" WHERE "places"."id" = $1 LIMIT 1  [["id", 1134]]
  [1m[36mCACHE (0.0ms)[0m  [1mSELECT "places".* FROM "places" WHERE "places"."id" = $1 LIMIT 1[0m  [["id", 1118]]
  [1m[35mCACHE (0.0ms)[0m  SELECT "places".* FROM "places" WHERE "places"."id" = $1 LIMIT 1  [["id", 1135]]
  [1m[36mCACHE (0.0ms)[0m  [1mSELECT "places".* FROM "places" WHERE "places"."id" = 1117 LIMIT 1[0m
  [1m[35mCACHE (0.0ms)[0m  select * from routes where startplace_id = 1117
  [1m[36mCACHE (0.0ms)[0m  [1mselect * from routes where endplace_id = 1117[0m
  [1m[35mCACHE (0.0ms)[0m  SELECT "places".* FROM "places" WHERE "places"."id" = $1 LIMIT 1  [["id", 1117]]
  [1m[36mCACHE (0.0ms)[0m  [1mSELECT "places".* FROM "places" WHERE "places"."id" = $1 LIMIT 1[0m  [["id", 58]]
  [1m[35mCACHE (0.0ms)[0m  SELECT "places".* FROM "places" WHERE "places"."id" = $1 LIMIT 1  [["id", 1118]]
  [1m[36mCACHE (0.0ms)[0m  [1mSELECT "places".* FROM "places" WHERE "places"."id" = $1 LIMIT 1[0m  [["id", 258]]
  [1m[35mCACHE (0.0ms)[0m  SELECT "places".* FROM "places" WHERE "places"."id" = 1122 LIMIT 1
  [1m[36mCACHE (0.0ms)[0m  [1mselect * from routes where startplace_id = 1122[0m
  [1m[35mCACHE (0.0ms)[0m  select * from routes where endplace_id = 1122
  [1m[36mCACHE (0.0ms)[0m  [1mSELECT "places".* FROM "places" WHERE "places"."id" = $1 LIMIT 1[0m  [["id", 1122]]
  [1m[35mCACHE (0.0ms)[0m  SELECT "places".* FROM "places" WHERE "places"."id" = $1 LIMIT 1  [["id", 975]]
  [1m[36mCACHE (0.0ms)[0m  [1mSELECT "places".* FROM "places" WHERE "places"."id" = $1 LIMIT 1[0m  [["id", 1121]]
  [1m[35mCACHE (0.0ms)[0m  SELECT "places".* FROM "places" WHERE "places"."id" = 471 LIMIT 1
  [1m[36mCACHE (0.0ms)[0m  [1mselect * from routes where startplace_id = 471[0m
  [1m[35mCACHE (0.0ms)[0m  select * from routes where endplace_id = 471
  [1m[36mCACHE (0.0ms)[0m  [1mSELECT "places".* FROM "places" WHERE "places"."id" = $1 LIMIT 1[0m  [["id", 471]]
  [1m[35mCACHE (0.0ms)[0m  SELECT "places".* FROM "places" WHERE "places"."id" = $1 LIMIT 1  [["id", 1119]]
  [1m[36mCACHE (0.0ms)[0m  [1mSELECT "places".* FROM "places" WHERE "places"."id" = $1 LIMIT 1[0m  [["id", 974]]
  [1m[35mCACHE (0.0ms)[0m  SELECT "places".* FROM "places" WHERE "places"."id" = 1120 LIMIT 1
  [1m[36mCACHE (0.0ms)[0m  [1mselect * from routes where startplace_id = 1120[0m
  [1m[35mCACHE (0.0ms)[0m  select * from routes where endplace_id = 1120
  [1m[36mCACHE (0.0ms)[0m  [1mSELECT "places".* FROM "places" WHERE "places"."id" = $1 LIMIT 1[0m  [["id", 1120]]
  [1m[35mCACHE (0.0ms)[0m  SELECT "places".* FROM "places" WHERE "places"."id" = $1 LIMIT 1  [["id", 1118]]
  [1m[36mCACHE (0.0ms)[0m  [1mSELECT "places".* FROM "places" WHERE "places"."id" = $1 LIMIT 1[0m  [["id", 1119]]
  [1m[35mCACHE (0.0ms)[0m  SELECT "places".* FROM "places" WHERE "places"."id" = 650 LIMIT 1
  [1m[36mCACHE (0.0ms)[0m  [1mselect * from routes where startplace_id = 650[0m
  [1m[35mCACHE (0.0ms)[0m  select * from routes where endplace_id = 650
  [1m[36mCACHE (0.0ms)[0m  [1mSELECT "places".* FROM "places" WHERE "places"."id" = $1 LIMIT 1[0m  [["id", 650]]
  [1m[35mCACHE (0.0ms)[0m  SELECT "places".* FROM "places" WHERE "places"."id" = $1 LIMIT 1  [["id", 45]]
  [1m[36mCACHE (0.0ms)[0m  [1mSELECT "places".* FROM "places" WHERE "places"."id" = $1 LIMIT 1[0m  [["id", 207]]
  [1m[35mCACHE (0.0ms)[0m  SELECT "places".* FROM "places" WHERE "places"."id" = 471 LIMIT 1
  [1m[36mCACHE (0.0ms)[0m  [1mselect * from routes where startplace_id = 471[0m
  [1m[35mCACHE (0.0ms)[0m  select * from routes where endplace_id = 471
  [1m[36mCACHE (0.0ms)[0m  [1mSELECT "places".* FROM "places" WHERE "places"."id" = $1 LIMIT 1[0m  [["id", 471]]
  [1m[35mCACHE (0.0ms)[0m  SELECT "places".* FROM "places" WHERE "places"."id" = $1 LIMIT 1  [["id", 1119]]
  [1m[36mCACHE (0.0ms)[0m  [1mSELECT "places".* FROM "places" WHERE "places"."id" = $1 LIMIT 1[0m  [["id", 974]]
  [1m[35mCACHE (0.0ms)[0m  SELECT "places".* FROM "places" WHERE "places"."id" = 1120 LIMIT 1
  [1m[36mCACHE (0.0ms)[0m  [1mselect * from routes where startplace_id = 1120[0m
  [1m[35mCACHE (0.0ms)[0m  select * from routes where endplace_id = 1120
  [1m[36mCACHE (0.0ms)[0m  [1mSELECT "places".* FROM "places" WHERE "places"."id" = $1 LIMIT 1[0m  [["id", 1120]]
  [1m[35mCACHE (0.0ms)[0m  SELECT "places".* FROM "places" WHERE "places"."id" = $1 LIMIT 1  [["id", 1118]]
  [1m[36mCACHE (0.0ms)[0m  [1mSELECT "places".* FROM "places" WHERE "places"."id" = $1 LIMIT 1[0m  [["id", 1119]]
  [1m[35mCACHE (0.0ms)[0m  SELECT "places".* FROM "places" WHERE "places"."id" = 1122 LIMIT 1
  [1m[36mCACHE (0.0ms)[0m  [1mselect * from routes where startplace_id = 1122[0m
  [1m[35mCACHE (0.0ms)[0m  select * from routes where endplace_id = 1122
  [1m[36mCACHE (0.0ms)[0m  [1mSELECT "places".* FROM "places" WHERE "places"."id" = $1 LIMIT 1[0m  [["id", 1122]]
  [1m[35mCACHE (0.0ms)[0m  SELECT "places".* FROM "places" WHERE "places"."id" = $1 LIMIT 1  [["id", 975]]
  [1m[36mCACHE (0.0ms)[0m  [1mSELECT "places".* FROM "places" WHERE "places"."id" = $1 LIMIT 1[0m  [["id", 1121]]
  [1m[35mCACHE (0.0ms)[0m  SELECT "places".* FROM "places" WHERE "places"."id" = 471 LIMIT 1
  [1m[36mCACHE (0.0ms)[0m  [1mselect * from routes where startplace_id = 471[0m
  [1m[35mCACHE (0.0ms)[0m  select * from routes where endplace_id = 471
  [1m[36mCACHE (0.0ms)[0m  [1mSELECT "places".* FROM "places" WHERE "places"."id" = $1 LIMIT 1[0m  [["id", 471]]
  [1m[35mCACHE (0.0ms)[0m  SELECT "places".* FROM "places" WHERE "places"."id" = $1 LIMIT 1  [["id", 1119]]
  [1m[36mCACHE (0.0ms)[0m  [1mSELECT "places".* FROM "places" WHERE "places"."id" = $1 LIMIT 1[0m  [["id", 974]]
  [1m[35mCACHE (0.0ms)[0m  SELECT "places".* FROM "places" WHERE "places"."id" = 1120 LIMIT 1
  [1m[36mCACHE (0.0ms)[0m  [1mselect * from routes where startplace_id = 1120[0m
  [1m[35mCACHE (0.0ms)[0m  select * from routes where endplace_id = 1120
  [1m[36mCACHE (0.0ms)[0m  [1mSELECT "places".* FROM "places" WHERE "places"."id" = $1 LIMIT 1[0m  [["id", 1120]]
  [1m[35mCACHE (0.0ms)[0m  SELECT "places".* FROM "places" WHERE "places"."id" = $1 LIMIT 1  [["id", 1118]]
  [1m[36mCACHE (0.0ms)[0m  [1mSELECT "places".* FROM "places" WHERE "places"."id" = $1 LIMIT 1[0m  [["id", 1119]]
  [1m[35mCACHE (0.0ms)[0m  SELECT "places".* FROM "places" WHERE "places"."id" = 528 LIMIT 1
  [1m[36mCACHE (0.0ms)[0m  [1mselect * from routes where startplace_id = 528[0m
  [1m[35mCACHE (0.0ms)[0m  select * from routes where endplace_id = 528
  [1m[36mCACHE (0.0ms)[0m  [1mSELECT "places".* FROM "places" WHERE "places"."id" = $1 LIMIT 1[0m  [["id", 528]]
  [1m[35mCACHE (0.0ms)[0m  SELECT "places".* FROM "places" WHERE "places"."id" = $1 LIMIT 1  [["id", 1116]]
  [1m[36mCACHE (0.0ms)[0m  [1mSELECT "places".* FROM "places" WHERE "places"."id" = 827 LIMIT 1[0m
  [1m[35mCACHE (0.0ms)[0m  select * from routes where startplace_id = 827
  [1m[36mCACHE (0.0ms)[0m  [1mselect * from routes where endplace_id = 827[0m
  [1m[35mCACHE (0.0ms)[0m  SELECT "places".* FROM "places" WHERE "places"."id" = $1 LIMIT 1  [["id", 827]]
  [1m[36mCACHE (0.0ms)[0m  [1mSELECT "places".* FROM "places" WHERE "places"."id" = $1 LIMIT 1[0m  [["id", 397]]
  [1m[35mCACHE (0.0ms)[0m  SELECT "places".* FROM "places" WHERE "places"."id" = $1 LIMIT 1  [["id", 1116]]
  [1m[36mCACHE (0.0ms)[0m  [1mSELECT "places".* FROM "places" WHERE "places"."id" = 1135 LIMIT 1[0m
  [1m[35mCACHE (0.0ms)[0m  select * from routes where startplace_id = 1135
  [1m[36mCACHE (0.0ms)[0m  [1mselect * from routes where endplace_id = 1135[0m
  [1m[35mCACHE (0.0ms)[0m  SELECT "places".* FROM "places" WHERE "places"."id" = $1 LIMIT 1  [["id", 1135]]
  [1m[36mCACHE (0.0ms)[0m  [1mSELECT "places".* FROM "places" WHERE "places"."id" = $1 LIMIT 1[0m  [["id", 1134]]
  [1m[35mCACHE (0.0ms)[0m  SELECT "places".* FROM "places" WHERE "places"."id" = $1 LIMIT 1  [["id", 271]]
  [1m[36mCACHE (0.0ms)[0m  [1mSELECT "places".* FROM "places" WHERE "places"."id" = 258 LIMIT 1[0m
  [1m[35mCACHE (0.0ms)[0m  select * from routes where startplace_id = 258
  [1m[36mCACHE (0.0ms)[0m  [1mselect * from routes where endplace_id = 258[0m
  [1m[35mCACHE (0.0ms)[0m  SELECT "places".* FROM "places" WHERE "places"."id" = $1 LIMIT 1  [["id", 258]]
  [1m[36mCACHE (0.0ms)[0m  [1mSELECT "places".* FROM "places" WHERE "places"."id" = $1 LIMIT 1[0m  [["id", 1117]]
  [1m[35mCACHE (0.0ms)[0m  SELECT "places".* FROM "places" WHERE "places"."id" = 58 LIMIT 1
  [1m[36mCACHE (0.0ms)[0m  [1mselect * from routes where startplace_id = 58[0m
  [1m[35mCACHE (0.0ms)[0m  select * from routes where endplace_id = 58
  [1m[36mCACHE (0.0ms)[0m  [1mSELECT "places".* FROM "places" WHERE "places"."id" = $1 LIMIT 1[0m  [["id", 58]]
  [1m[35mCACHE (0.0ms)[0m  SELECT "places".* FROM "places" WHERE "places"."id" = $1 LIMIT 1  [["id", 1116]]
  [1m[36mCACHE (0.0ms)[0m  [1mSELECT "places".* FROM "places" WHERE "places"."id" = $1 LIMIT 1[0m  [["id", 1117]]
  [1m[35mCACHE (0.0ms)[0m  SELECT "places".* FROM "places" WHERE "places"."id" = 528 LIMIT 1
  [1m[36mCACHE (0.0ms)[0m  [1mselect * from routes where startplace_id = 528[0m
  [1m[35mCACHE (0.0ms)[0m  select * from routes where endplace_id = 528
  [1m[36mCACHE (0.0ms)[0m  [1mSELECT "places".* FROM "places" WHERE "places"."id" = $1 LIMIT 1[0m  [["id", 528]]
  [1m[35mCACHE (0.0ms)[0m  SELECT "places".* FROM "places" WHERE "places"."id" = $1 LIMIT 1  [["id", 1116]]
  [1m[36mCACHE (0.0ms)[0m  [1mSELECT "places".* FROM "places" WHERE "places"."id" = 827 LIMIT 1[0m
  [1m[35mCACHE (0.0ms)[0m  select * from routes where startplace_id = 827
  [1m[36mCACHE (0.0ms)[0m  [1mselect * from routes where endplace_id = 827[0m
  [1m[35mCACHE (0.0ms)[0m  SELECT "places".* FROM "places" WHERE "places"."id" = $1 LIMIT 1  [["id", 827]]
  [1m[36mCACHE (0.0ms)[0m  [1mSELECT "places".* FROM "places" WHERE "places"."id" = $1 LIMIT 1[0m  [["id", 397]]
  [1m[35mCACHE (0.0ms)[0m  SELECT "places".* FROM "places" WHERE "places"."id" = $1 LIMIT 1  [["id", 1116]]
  [1m[36mCACHE (0.0ms)[0m  [1mSELECT "places".* FROM "places" WHERE "places"."id" = 1126 LIMIT 1[0m
  [1m[35mCACHE (0.0ms)[0m  select * from routes where startplace_id = 1126
  [1m[36mCACHE (0.0ms)[0m  [1mselect * from routes where endplace_id = 1126[0m
  [1m[35mCACHE (0.0ms)[0m  SELECT "places".* FROM "places" WHERE "places"."id" = $1 LIMIT 1  [["id", 1126]]
  [1m[36mCACHE (0.0ms)[0m  [1mSELECT "places".* FROM "places" WHERE "places"."id" = $1 LIMIT 1[0m  [["id", 1130]]
  [1m[35mCACHE (0.0ms)[0m  SELECT "places".* FROM "places" WHERE "places"."id" = $1 LIMIT 1  [["id", 1126]]
  [1m[36mCACHE (0.0ms)[0m  [1mSELECT "places".* FROM "places" WHERE "places"."id" = $1 LIMIT 1[0m  [["id", 769]]
  [1m[35mCACHE (0.0ms)[0m  SELECT "places".* FROM "places" WHERE "places"."id" = $1 LIMIT 1  [["id", 1127]]
  [1m[36mCACHE (0.0ms)[0m  [1mSELECT "places".* FROM "places" WHERE "places"."id" = 528 LIMIT 1[0m
  [1m[35mCACHE (0.0ms)[0m  select * from routes where startplace_id = 528
  [1m[36mCACHE (0.0ms)[0m  [1mselect * from routes where endplace_id = 528[0m
  [1m[35mCACHE (0.0ms)[0m  SELECT "places".* FROM "places" WHERE "places"."id" = $1 LIMIT 1  [["id", 528]]
  [1m[36mCACHE (0.0ms)[0m  [1mSELECT "places".* FROM "places" WHERE "places"."id" = $1 LIMIT 1[0m  [["id", 1116]]
  [1m[35mCACHE (0.0ms)[0m  SELECT "places".* FROM "places" WHERE "places"."id" = 827 LIMIT 1
  [1m[36mCACHE (0.0ms)[0m  [1mselect * from routes where startplace_id = 827[0m
  [1m[35mCACHE (0.0ms)[0m  select * from routes where endplace_id = 827
  [1m[36mCACHE (0.0ms)[0m  [1mSELECT "places".* FROM "places" WHERE "places"."id" = $1 LIMIT 1[0m  [["id", 827]]
  [1m[35mCACHE (0.0ms)[0m  SELECT "places".* FROM "places" WHERE "places"."id" = $1 LIMIT 1  [["id", 397]]
  [1m[36mCACHE (0.0ms)[0m  [1mSELECT "places".* FROM "places" WHERE "places"."id" = $1 LIMIT 1[0m  [["id", 1116]]
  [1m[35mCACHE (0.0ms)[0m  SELECT "places".* FROM "places" WHERE "places"."id" = 1127 LIMIT 1
  [1m[36mCACHE (0.0ms)[0m  [1mselect * from routes where startplace_id = 1127[0m
  [1m[35mCACHE (0.0ms)[0m  select * from routes where endplace_id = 1127
  [1m[36mCACHE (0.0ms)[0m  [1mSELECT "places".* FROM "places" WHERE "places"."id" = $1 LIMIT 1[0m  [["id", 1127]]
  [1m[35mCACHE (0.0ms)[0m  SELECT "places".* FROM "places" WHERE "places"."id" = $1 LIMIT 1  [["id", 1126]]
  [1m[36mCACHE (0.0ms)[0m  [1mSELECT "places".* FROM "places" WHERE "places"."id" = $1 LIMIT 1[0m  [["id", 419]]
  [1m[35mCACHE (0.0ms)[0m  SELECT "places".* FROM "places" WHERE "places"."id" = 1130 LIMIT 1
  [1m[36mCACHE (0.0ms)[0m  [1mselect * from routes where startplace_id = 1130[0m
  [1m[35mCACHE (0.0ms)[0m  select * from routes where endplace_id = 1130
  [1m[36mCACHE (0.0ms)[0m  [1mSELECT "places".* FROM "places" WHERE "places"."id" = $1 LIMIT 1[0m  [["id", 1130]]
  [1m[35mCACHE (0.0ms)[0m  SELECT "places".* FROM "places" WHERE "places"."id" = $1 LIMIT 1  [["id", 974]]
  [1m[36mCACHE (0.0ms)[0m  [1mSELECT "places".* FROM "places" WHERE "places"."id" = $1 LIMIT 1[0m  [["id", 1126]]
  [1m[35mCACHE (0.0ms)[0m  SELECT "places".* FROM "places" WHERE "places"."id" = 1127 LIMIT 1
  [1m[36mCACHE (0.0ms)[0m  [1mselect * from routes where startplace_id = 1127[0m
  [1m[35mCACHE (0.0ms)[0m  select * from routes where endplace_id = 1127
  [1m[36mCACHE (0.0ms)[0m  [1mSELECT "places".* FROM "places" WHERE "places"."id" = $1 LIMIT 1[0m  [["id", 1127]]
  [1m[35mCACHE (0.0ms)[0m  SELECT "places".* FROM "places" WHERE "places"."id" = $1 LIMIT 1  [["id", 1126]]
  [1m[36mCACHE (0.0ms)[0m  [1mSELECT "places".* FROM "places" WHERE "places"."id" = $1 LIMIT 1[0m  [["id", 419]]
  [1m[35mCACHE (0.0ms)[0m  SELECT "places".* FROM "places" WHERE "places"."id" = 1130 LIMIT 1
  [1m[36mCACHE (0.0ms)[0m  [1mselect * from routes where startplace_id = 1130[0m
  [1m[35mCACHE (0.0ms)[0m  select * from routes where endplace_id = 1130
  [1m[36mCACHE (0.0ms)[0m  [1mSELECT "places".* FROM "places" WHERE "places"."id" = $1 LIMIT 1[0m  [["id", 1130]]
  [1m[35mCACHE (0.0ms)[0m  SELECT "places".* FROM "places" WHERE "places"."id" = $1 LIMIT 1  [["id", 974]]
  [1m[36mCACHE (0.0ms)[0m  [1mSELECT "places".* FROM "places" WHERE "places"."id" = $1 LIMIT 1[0m  [["id", 1126]]
  [1m[35mCACHE (0.0ms)[0m  SELECT "places".* FROM "places" WHERE "places"."id" = 1127 LIMIT 1
  [1m[36mCACHE (0.0ms)[0m  [1mselect * from routes where startplace_id = 1127[0m
  [1m[35mCACHE (0.0ms)[0m  select * from routes where endplace_id = 1127
  [1m[36mCACHE (0.0ms)[0m  [1mSELECT "places".* FROM "places" WHERE "places"."id" = $1 LIMIT 1[0m  [["id", 1127]]
  [1m[35mCACHE (0.0ms)[0m  SELECT "places".* FROM "places" WHERE "places"."id" = $1 LIMIT 1  [["id", 1126]]
  [1m[36mCACHE (0.0ms)[0m  [1mSELECT "places".* FROM "places" WHERE "places"."id" = $1 LIMIT 1[0m  [["id", 419]]
  [1m[35mCACHE (0.0ms)[0m  SELECT "places".* FROM "places" WHERE "places"."id" = 1130 LIMIT 1
  [1m[36mCACHE (0.0ms)[0m  [1mselect * from routes where startplace_id = 1130[0m
  [1m[35mCACHE (0.0ms)[0m  select * from routes where endplace_id = 1130
  [1m[36mCACHE (0.0ms)[0m  [1mSELECT "places".* FROM "places" WHERE "places"."id" = $1 LIMIT 1[0m  [["id", 1130]]
  [1m[35mCACHE (0.0ms)[0m  SELECT "places".* FROM "places" WHERE "places"."id" = $1 LIMIT 1  [["id", 974]]
  [1m[36mCACHE (0.0ms)[0m  [1mSELECT "places".* FROM "places" WHERE "places"."id" = $1 LIMIT 1[0m  [["id", 1126]]
  [1m[35mCACHE (0.0ms)[0m  SELECT "places".* FROM "places" WHERE "places"."id" = 1128 LIMIT 1
  [1m[36mCACHE (0.0ms)[0m  [1mselect * from routes where startplace_id = 1128[0m
  [1m[35mCACHE (0.0ms)[0m  select * from routes where endplace_id = 1128
  [1m[36mCACHE (0.0ms)[0m  [1mSELECT "places".* FROM "places" WHERE "places"."id" = $1 LIMIT 1[0m  [["id", 1128]]
  [1m[35mCACHE (0.0ms)[0m  SELECT "places".* FROM "places" WHERE "places"."id" = $1 LIMIT 1  [["id", 419]]
  [1m[36mCACHE (0.0ms)[0m  [1mSELECT "places".* FROM "places" WHERE "places"."id" = 1132 LIMIT 1[0m
  [1m[35mCACHE (0.0ms)[0m  select * from routes where startplace_id = 1132
  [1m[36mCACHE (0.0ms)[0m  [1mselect * from routes where endplace_id = 1132[0m
  [1m[35mCACHE (0.0ms)[0m  SELECT "places".* FROM "places" WHERE "places"."id" = $1 LIMIT 1  [["id", 1131]]
  [1m[36mPlace Load (0.6ms)[0m  [1mSELECT "places".* FROM "places" WHERE "places"."id" = 1113 LIMIT 1[0m
  [1m[35mRoute Load (0.4ms)[0m  select * from routes where startplace_id = 1113
  [1m[36mRoute Load (0.3ms)[0m  [1mselect * from routes where endplace_id = 1113[0m
  [1m[35mCACHE (0.0ms)[0m  SELECT "places".* FROM "places" WHERE "places"."id" = $1 LIMIT 1  [["id", 1113]]
  [1m[36mPlace Load (0.3ms)[0m  [1mSELECT "places".* FROM "places" WHERE "places"."id" = $1 LIMIT 1[0m  [["id", 624]]
  [1m[35mCACHE (0.0ms)[0m  SELECT "places".* FROM "places" WHERE "places"."id" = $1 LIMIT 1  [["id", 1114]]
  [1m[36mCACHE (0.0ms)[0m  [1mSELECT "places".* FROM "places" WHERE "places"."id" = 1124 LIMIT 1[0m
  [1m[35mCACHE (0.0ms)[0m  select * from routes where startplace_id = 1124
  [1m[36mCACHE (0.0ms)[0m  [1mselect * from routes where endplace_id = 1124[0m
  [1m[35mCACHE (0.0ms)[0m  SELECT "places".* FROM "places" WHERE "places"."id" = $1 LIMIT 1  [["id", 1124]]
  [1m[36mCACHE (0.0ms)[0m  [1mSELECT "places".* FROM "places" WHERE "places"."id" = $1 LIMIT 1[0m  [["id", 1129]]
  [1m[35mCACHE (0.0ms)[0m  SELECT "places".* FROM "places" WHERE "places"."id" = $1 LIMIT 1  [["id", 1124]]
  [1m[36mCACHE (0.0ms)[0m  [1mSELECT "places".* FROM "places" WHERE "places"."id" = $1 LIMIT 1[0m  [["id", 974]]
  [1m[35mCACHE (0.0ms)[0m  SELECT "places".* FROM "places" WHERE "places"."id" = $1 LIMIT 1  [["id", 1123]]
  [1m[36mCACHE (0.0ms)[0m  [1mSELECT "places".* FROM "places" WHERE "places"."id" = 1131 LIMIT 1[0m
  [1m[35mCACHE (0.0ms)[0m  select * from routes where startplace_id = 1131
  [1m[36mCACHE (0.0ms)[0m  [1mselect * from routes where endplace_id = 1131[0m
  [1m[35mCACHE (0.0ms)[0m  SELECT "places".* FROM "places" WHERE "places"."id" = $1 LIMIT 1  [["id", 1131]]
  [1m[36mCACHE (0.0ms)[0m  [1mSELECT "places".* FROM "places" WHERE "places"."id" = $1 LIMIT 1[0m  [["id", 1132]]
  [1m[35mCACHE (0.0ms)[0m  SELECT "places".* FROM "places" WHERE "places"."id" = $1 LIMIT 1  [["id", 1133]]
  [1m[36mCACHE (0.0ms)[0m  [1mSELECT "places".* FROM "places" WHERE "places"."id" = 1135 LIMIT 1[0m
  [1m[35mCACHE (0.0ms)[0m  select * from routes where startplace_id = 1135
  [1m[36mCACHE (0.0ms)[0m  [1mselect * from routes where endplace_id = 1135[0m
  [1m[35mCACHE (0.0ms)[0m  SELECT "places".* FROM "places" WHERE "places"."id" = $1 LIMIT 1  [["id", 1135]]
  [1m[36mCACHE (0.0ms)[0m  [1mSELECT "places".* FROM "places" WHERE "places"."id" = $1 LIMIT 1[0m  [["id", 1134]]
  [1m[35mCACHE (0.0ms)[0m  SELECT "places".* FROM "places" WHERE "places"."id" = $1 LIMIT 1  [["id", 271]]
  [1m[36mCACHE (0.0ms)[0m  [1mSELECT "places".* FROM "places" WHERE "places"."id" = 258 LIMIT 1[0m
  [1m[35mCACHE (0.0ms)[0m  select * from routes where startplace_id = 258
  [1m[36mCACHE (0.0ms)[0m  [1mselect * from routes where endplace_id = 258[0m
  [1m[35mCACHE (0.0ms)[0m  SELECT "places".* FROM "places" WHERE "places"."id" = $1 LIMIT 1  [["id", 258]]
  [1m[36mCACHE (0.0ms)[0m  [1mSELECT "places".* FROM "places" WHERE "places"."id" = $1 LIMIT 1[0m  [["id", 1117]]
  [1m[35mCACHE (0.0ms)[0m  SELECT "places".* FROM "places" WHERE "places"."id" = 58 LIMIT 1
  [1m[36mCACHE (0.0ms)[0m  [1mselect * from routes where startplace_id = 58[0m
  [1m[35mCACHE (0.0ms)[0m  select * from routes where endplace_id = 58
  [1m[36mCACHE (0.0ms)[0m  [1mSELECT "places".* FROM "places" WHERE "places"."id" = $1 LIMIT 1[0m  [["id", 58]]
  [1m[35mCACHE (0.0ms)[0m  SELECT "places".* FROM "places" WHERE "places"."id" = $1 LIMIT 1  [["id", 1116]]
  [1m[36mCACHE (0.0ms)[0m  [1mSELECT "places".* FROM "places" WHERE "places"."id" = $1 LIMIT 1[0m  [["id", 1117]]
  [1m[35mCACHE (0.0ms)[0m  SELECT "places".* FROM "places" WHERE "places"."id" = 1118 LIMIT 1
  [1m[36mCACHE (0.0ms)[0m  [1mselect * from routes where startplace_id = 1118[0m
  [1m[35mCACHE (0.0ms)[0m  select * from routes where endplace_id = 1118
  [1m[36mCACHE (0.0ms)[0m  [1mSELECT "places".* FROM "places" WHERE "places"."id" = $1 LIMIT 1[0m  [["id", 1118]]
  [1m[35mCACHE (0.0ms)[0m  SELECT "places".* FROM "places" WHERE "places"."id" = $1 LIMIT 1  [["id", 1117]]
  [1m[36mCACHE (0.0ms)[0m  [1mSELECT "places".* FROM "places" WHERE "places"."id" = $1 LIMIT 1[0m  [["id", 1134]]
  [1m[35mCACHE (0.0ms)[0m  SELECT "places".* FROM "places" WHERE "places"."id" = $1 LIMIT 1  [["id", 1120]]
  [1m[36mCACHE (0.0ms)[0m  [1mSELECT "places".* FROM "places" WHERE "places"."id" = 207 LIMIT 1[0m
  [1m[35mCACHE (0.0ms)[0m  select * from routes where startplace_id = 207
  [1m[36mCACHE (0.0ms)[0m  [1mselect * from routes where endplace_id = 207[0m
  [1m[35mCACHE (0.0ms)[0m  SELECT "places".* FROM "places" WHERE "places"."id" = $1 LIMIT 1  [["id", 207]]
  [1m[36mCACHE (0.0ms)[0m  [1mSELECT "places".* FROM "places" WHERE "places"."id" = $1 LIMIT 1[0m  [["id", 650]]
  [1m[35mCACHE (0.0ms)[0m  SELECT "places".* FROM "places" WHERE "places"."id" = $1 LIMIT 1  [["id", 207]]
  [1m[36mCACHE (0.0ms)[0m  [1mSELECT "places".* FROM "places" WHERE "places"."id" = $1 LIMIT 1[0m  [["id", 1133]]
  [1m[35mCACHE (0.0ms)[0m  SELECT "places".* FROM "places" WHERE "places"."id" = $1 LIMIT 1  [["id", 1129]]
  [1m[36mCACHE (0.0ms)[0m  [1mSELECT "places".* FROM "places" WHERE "places"."id" = 1118 LIMIT 1[0m
  [1m[35mCACHE (0.0ms)[0m  select * from routes where startplace_id = 1118
  [1m[36mCACHE (0.0ms)[0m  [1mselect * from routes where endplace_id = 1118[0m
  [1m[35mCACHE (0.0ms)[0m  SELECT "places".* FROM "places" WHERE "places"."id" = $1 LIMIT 1  [["id", 1118]]
  [1m[36mCACHE (0.0ms)[0m  [1mSELECT "places".* FROM "places" WHERE "places"."id" = $1 LIMIT 1[0m  [["id", 1117]]
  [1m[35mCACHE (0.0ms)[0m  SELECT "places".* FROM "places" WHERE "places"."id" = $1 LIMIT 1  [["id", 1134]]
  [1m[36mCACHE (0.0ms)[0m  [1mSELECT "places".* FROM "places" WHERE "places"."id" = $1 LIMIT 1[0m  [["id", 1120]]
  [1m[35mCACHE (0.0ms)[0m  SELECT "places".* FROM "places" WHERE "places"."id" = 975 LIMIT 1
  [1m[36mCACHE (0.0ms)[0m  [1mselect * from routes where startplace_id = 975[0m
  [1m[35mCACHE (0.0ms)[0m  select * from routes where endplace_id = 975
  [1m[36mCACHE (0.0ms)[0m  [1mSELECT "places".* FROM "places" WHERE "places"."id" = $1 LIMIT 1[0m  [["id", 975]]
  [1m[35mCACHE (0.0ms)[0m  SELECT "places".* FROM "places" WHERE "places"."id" = $1 LIMIT 1  [["id", 1129]]
  [1m[36mCACHE (0.0ms)[0m  [1mSELECT "places".* FROM "places" WHERE "places"."id" = $1 LIMIT 1[0m  [["id", 975]]
  [1m[35mCACHE (0.0ms)[0m  SELECT "places".* FROM "places" WHERE "places"."id" = $1 LIMIT 1  [["id", 1123]]
  [1m[36mCACHE (0.0ms)[0m  [1mSELECT "places".* FROM "places" WHERE "places"."id" = $1 LIMIT 1[0m  [["id", 1122]]
  [1m[35mCACHE (0.0ms)[0m  SELECT "places".* FROM "places" WHERE "places"."id" = 1118 LIMIT 1
  [1m[36mCACHE (0.0ms)[0m  [1mselect * from routes where startplace_id = 1118[0m
  [1m[35mCACHE (0.0ms)[0m  select * from routes where endplace_id = 1118
  [1m[36mCACHE (0.0ms)[0m  [1mSELECT "places".* FROM "places" WHERE "places"."id" = $1 LIMIT 1[0m  [["id", 1118]]
  [1m[35mCACHE (0.0ms)[0m  SELECT "places".* FROM "places" WHERE "places"."id" = $1 LIMIT 1  [["id", 1117]]
  [1m[36mCACHE (0.0ms)[0m  [1mSELECT "places".* FROM "places" WHERE "places"."id" = $1 LIMIT 1[0m  [["id", 1134]]
  [1m[35mCACHE (0.0ms)[0m  SELECT "places".* FROM "places" WHERE "places"."id" = $1 LIMIT 1  [["id", 1120]]
  [1m[36mCACHE (0.0ms)[0m  [1mSELECT "places".* FROM "places" WHERE "places"."id" = 397 LIMIT 1[0m
  [1m[35mCACHE (0.0ms)[0m  select * from routes where startplace_id = 397
  [1m[36mCACHE (0.0ms)[0m  [1mselect * from routes where endplace_id = 397[0m
  [1m[35mCACHE (0.0ms)[0m  SELECT "places".* FROM "places" WHERE "places"."id" = $1 LIMIT 1  [["id", 397]]
  [1m[36mCACHE (0.0ms)[0m  [1mSELECT "places".* FROM "places" WHERE "places"."id" = $1 LIMIT 1[0m  [["id", 1115]]
  [1m[35mCACHE (0.0ms)[0m  SELECT "places".* FROM "places" WHERE "places"."id" = $1 LIMIT 1  [["id", 827]]
  [1m[36mCACHE (0.0ms)[0m  [1mSELECT "places".* FROM "places" WHERE "places"."id" = 271 LIMIT 1[0m
  [1m[35mCACHE (0.0ms)[0m  select * from routes where startplace_id = 271
  [1m[36mCACHE (0.0ms)[0m  [1mselect * from routes where endplace_id = 271[0m
  [1m[35mCACHE (0.0ms)[0m  SELECT "places".* FROM "places" WHERE "places"."id" = $1 LIMIT 1  [["id", 271]]
  [1m[36mCACHE (0.0ms)[0m  [1mSELECT "places".* FROM "places" WHERE "places"."id" = $1 LIMIT 1[0m  [["id", 1135]]
  [1m[35mCACHE (0.0ms)[0m  SELECT "places".* FROM "places" WHERE "places"."id" = 1116 LIMIT 1
  [1m[36mCACHE (0.0ms)[0m  [1mselect * from routes where startplace_id = 1116[0m
  [1m[35mCACHE (0.0ms)[0m  select * from routes where endplace_id = 1116
  [1m[36mCACHE (0.0ms)[0m  [1mSELECT "places".* FROM "places" WHERE "places"."id" = $1 LIMIT 1[0m  [["id", 1116]]
  [1m[35mCACHE (0.0ms)[0m  SELECT "places".* FROM "places" WHERE "places"."id" = $1 LIMIT 1  [["id", 827]]
  [1m[36mCACHE (0.0ms)[0m  [1mSELECT "places".* FROM "places" WHERE "places"."id" = $1 LIMIT 1[0m  [["id", 528]]
  [1m[35mCACHE (0.0ms)[0m  SELECT "places".* FROM "places" WHERE "places"."id" = $1 LIMIT 1  [["id", 58]]
  [1m[36mCACHE (0.0ms)[0m  [1mSELECT "places".* FROM "places" WHERE "places"."id" = 397 LIMIT 1[0m
  [1m[35mCACHE (0.0ms)[0m  select * from routes where startplace_id = 397
  [1m[36mCACHE (0.0ms)[0m  [1mselect * from routes where endplace_id = 397[0m
  [1m[35mCACHE (0.0ms)[0m  SELECT "places".* FROM "places" WHERE "places"."id" = $1 LIMIT 1  [["id", 397]]
  [1m[36mCACHE (0.0ms)[0m  [1mSELECT "places".* FROM "places" WHERE "places"."id" = $1 LIMIT 1[0m  [["id", 1115]]
  [1m[35mCACHE (0.0ms)[0m  SELECT "places".* FROM "places" WHERE "places"."id" = $1 LIMIT 1  [["id", 827]]
  [1m[36mCACHE (0.0ms)[0m  [1mSELECT "places".* FROM "places" WHERE "places"."id" = 1127 LIMIT 1[0m
  [1m[35mCACHE (0.0ms)[0m  select * from routes where startplace_id = 1127
  [1m[36mCACHE (0.0ms)[0m  [1mselect * from routes where endplace_id = 1127[0m
  [1m[35mCACHE (0.0ms)[0m  SELECT "places".* FROM "places" WHERE "places"."id" = $1 LIMIT 1  [["id", 1127]]
  [1m[36mCACHE (0.0ms)[0m  [1mSELECT "places".* FROM "places" WHERE "places"."id" = $1 LIMIT 1[0m  [["id", 1126]]
  [1m[35mCACHE (0.0ms)[0m  SELECT "places".* FROM "places" WHERE "places"."id" = $1 LIMIT 1  [["id", 419]]
  [1m[36mCACHE (0.0ms)[0m  [1mSELECT "places".* FROM "places" WHERE "places"."id" = 1130 LIMIT 1[0m
  [1m[35mCACHE (0.0ms)[0m  select * from routes where startplace_id = 1130
  [1m[36mCACHE (0.0ms)[0m  [1mselect * from routes where endplace_id = 1130[0m
  [1m[35mCACHE (0.0ms)[0m  SELECT "places".* FROM "places" WHERE "places"."id" = $1 LIMIT 1  [["id", 1130]]
  [1m[36mCACHE (0.0ms)[0m  [1mSELECT "places".* FROM "places" WHERE "places"."id" = $1 LIMIT 1[0m  [["id", 974]]
  [1m[35mCACHE (0.0ms)[0m  SELECT "places".* FROM "places" WHERE "places"."id" = $1 LIMIT 1  [["id", 1126]]
  [1m[36mCACHE (0.0ms)[0m  [1mSELECT "places".* FROM "places" WHERE "places"."id" = 397 LIMIT 1[0m
  [1m[35mCACHE (0.0ms)[0m  select * from routes where startplace_id = 397
  [1m[36mCACHE (0.0ms)[0m  [1mselect * from routes where endplace_id = 397[0m
  [1m[35mCACHE (0.0ms)[0m  SELECT "places".* FROM "places" WHERE "places"."id" = $1 LIMIT 1  [["id", 397]]
  [1m[36mCACHE (0.0ms)[0m  [1mSELECT "places".* FROM "places" WHERE "places"."id" = $1 LIMIT 1[0m  [["id", 1115]]
  [1m[35mCACHE (0.0ms)[0m  SELECT "places".* FROM "places" WHERE "places"."id" = $1 LIMIT 1  [["id", 827]]
  [1m[36mCACHE (0.0ms)[0m  [1mSELECT "places".* FROM "places" WHERE "places"."id" = 419 LIMIT 1[0m
  [1m[35mCACHE (0.0ms)[0m  select * from routes where startplace_id = 419
  [1m[36mCACHE (0.0ms)[0m  [1mselect * from routes where endplace_id = 419[0m
  [1m[35mCACHE (0.0ms)[0m  SELECT "places".* FROM "places" WHERE "places"."id" = $1 LIMIT 1  [["id", 419]]
  [1m[36mCACHE (0.0ms)[0m  [1mSELECT "places".* FROM "places" WHERE "places"."id" = $1 LIMIT 1[0m  [["id", 1127]]
  [1m[35mCACHE (0.0ms)[0m  SELECT "places".* FROM "places" WHERE "places"."id" = $1 LIMIT 1  [["id", 1128]]
  [1m[36mCACHE (0.0ms)[0m  [1mSELECT "places".* FROM "places" WHERE "places"."id" = 419 LIMIT 1[0m
  [1m[35mCACHE (0.0ms)[0m  select * from routes where startplace_id = 419
  [1m[36mCACHE (0.0ms)[0m  [1mselect * from routes where endplace_id = 419[0m
  [1m[35mCACHE (0.0ms)[0m  SELECT "places".* FROM "places" WHERE "places"."id" = $1 LIMIT 1  [["id", 419]]
  [1m[36mCACHE (0.0ms)[0m  [1mSELECT "places".* FROM "places" WHERE "places"."id" = $1 LIMIT 1[0m  [["id", 1127]]
  [1m[35mCACHE (0.0ms)[0m  SELECT "places".* FROM "places" WHERE "places"."id" = $1 LIMIT 1  [["id", 1128]]
  [1m[36mCACHE (0.0ms)[0m  [1mSELECT "places".* FROM "places" WHERE "places"."id" = 419 LIMIT 1[0m
  [1m[35mCACHE (0.0ms)[0m  select * from routes where startplace_id = 419
  [1m[36mCACHE (0.0ms)[0m  [1mselect * from routes where endplace_id = 419[0m
  [1m[35mCACHE (0.0ms)[0m  SELECT "places".* FROM "places" WHERE "places"."id" = $1 LIMIT 1  [["id", 419]]
  [1m[36mCACHE (0.0ms)[0m  [1mSELECT "places".* FROM "places" WHERE "places"."id" = $1 LIMIT 1[0m  [["id", 1127]]
  [1m[35mCACHE (0.0ms)[0m  SELECT "places".* FROM "places" WHERE "places"."id" = $1 LIMIT 1  [["id", 1128]]
  [1m[36mPlace Load (0.7ms)[0m  [1mSELECT "places".* FROM "places" WHERE "places"."id" = 624 LIMIT 1[0m
  [1m[35mRoute Load (41.6ms)[0m  select * from routes where startplace_id = 624
  [1m[36mRoute Load (0.6ms)[0m  [1mselect * from routes where endplace_id = 624[0m
  [1m[35mCACHE (0.0ms)[0m  SELECT "places".* FROM "places" WHERE "places"."id" = $1 LIMIT 1  [["id", 624]]
  [1m[36mPlace Load (0.3ms)[0m  [1mSELECT "places".* FROM "places" WHERE "places"."id" = $1 LIMIT 1[0m  [["id", 1112]]
  [1m[35mCACHE (0.0ms)[0m  SELECT "places".* FROM "places" WHERE "places"."id" = $1 LIMIT 1  [["id", 1113]]
BNewroutes
974
{:place=>974, :route=>[], :url=>"xrv-272"}
{:place=>471, :route=>[-272], :url=>"xrv-272xrv-272"}
{:place=>769, :route=>[-227, 240, 239], :url=>"xrv-272xrv239xrv240xrv-227"}
{:place=>1125, :route=>[225, 223, 224], :url=>"xrv-272xrv224xrv223xrv225"}
{:place=>207, :route=>[-235, -237, 224], :url=>"xrv-272xrv224xrv-237xrv-235"}
{:place=>976, :route=>[219, -22, -272], :url=>"xrv-272xrv-272xrv-22xrv219"}
{:place=>419, :route=>[229, 228, 240, 239], :url=>"xrv-272xrv239xrv240xrv228xrv229"}
{:place=>1125, :route=>[-226, -227, 240, 239], :url=>"xrv-272xrv239xrv240xrv-227xrv-226"}
{:place=>769, :route=>[226, 225, 223, 224], :url=>"xrv-272xrv224xrv223xrv225xrv226"}
{:place=>650, :route=>[-234, -235, -237, 224], :url=>"xrv-272xrv224xrv-237xrv-235xrv-234"}
{:place=>45, :route=>[231, 219, -22, -272], :url=>"xrv-272xrv-272xrv-22xrv219xrv231"}
{:place=>1128, :route=>[230, 229, 228, 240, 239], :url=>"xrv-272xrv239xrv240xrv228xrv229xrv230"}
{:place=>207, :route=>[-235, -238, 222, 223, 224], :url=>"xrv-272xrv224xrv223xrv222xrv-238xrv-235"}
{:place=>1125, :route=>[225, -222, 238, -237, 224], :url=>"xrv-272xrv224xrv-237xrv238xrv-222xrv225"}
{:place=>45, :route=>[-233, -234, -235, -237, 224], :url=>"xrv-272xrv224xrv-237xrv-235xrv-234xrv-233"}
{:place=>650, :route=>[233, 231, 219, -22, -272], :url=>"xrv-272xrv-272xrv-22xrv219xrv231xrv233"}
{:place=>976, :route=>[220, 21, 221, 222, 223, 224], :url=>"xrv-272xrv224xrv223xrv222xrv221xrv21xrv220"}
{:place=>650, :route=>[-234, -235, -238, 222, 223, 224], :url=>"xrv-272xrv224xrv223xrv222xrv-238xrv-235xrv-234"}
{:place=>976, :route=>[220, 21, 221, 238, -237, 224], :url=>"xrv-272xrv224xrv-237xrv238xrv221xrv21xrv220"}
{:place=>769, :route=>[226, 225, -222, 238, -237, 224], :url=>"xrv-272xrv224xrv-237xrv238xrv-222xrv225xrv226"}
{:place=>976, :route=>[-231, -233, -234, -235, -237, 224], :url=>"xrv-272xrv224xrv-237xrv-235xrv-234xrv-233xrv-231"}
{:place=>1132, :route=>[-241, -242, -243, -235, -237, 224], :url=>"xrv-272xrv224xrv-237xrv-235xrv-243xrv-242xrv-241"}
{:place=>207, :route=>[234, 233, 231, 219, -22, -272], :url=>"xrv-272xrv-272xrv-22xrv219xrv231xrv233xrv234"}
{:place=>258, :route=>[215, -216, -217, -218, -22, -272], :url=>"xrv-272xrv-272xrv-22xrv-218xrv-217xrv-216xrv215"}
{:place=>58, :route=>[-214, -216, -217, -218, -22, -272], :url=>"xrv-272xrv-272xrv-22xrv-218xrv-217xrv-216xrv-214"}
{:place=>45, :route=>[231, 220, 21, 221, 222, 223, 224], :url=>"xrv-272xrv224xrv223xrv222xrv221xrv21xrv220xrv231"}
{:place=>45, :route=>[-233, -234, -235, -238, 222, 223, 224], :url=>"xrv-272xrv224xrv223xrv222xrv-238xrv-235xrv-234xrv-233"}
{:place=>419, :route=>[229, 228, 227, 226, 225, 223, 224], :url=>"xrv-272xrv224xrv223xrv225xrv226xrv227xrv228xrv229"}
{:place=>1130, :route=>[-240, 227, 226, 225, 223, 224], :url=>"xrv-272xrv224xrv223xrv225xrv226xrv227xrv-240"}
{:place=>45, :route=>[231, 220, 21, 221, 238, -237, 224], :url=>"xrv-272xrv224xrv-237xrv238xrv221xrv21xrv220xrv231"}
{:place=>271, :route=>[246, 245, 244, -217, -218, -22, -272], :url=>"xrv-272xrv-272xrv-22xrv-218xrv-217xrv244xrv245xrv246"}
{:place=>207, :route=>[-235, -238, 222, -225, -226, -227, 240, 239], :url=>"xrv-272xrv239xrv240xrv-227xrv-226xrv-225xrv222xrv-238xrv-235"}
{:place=>207, :route=>[-235, -237, -223, -225, -226, -227, 240, 239], :url=>"xrv-272xrv239xrv240xrv-227xrv-226xrv-225xrv-223xrv-237xrv-235"}
{:place=>650, :route=>[233, 231, 220, 21, 221, 222, 223, 224], :url=>"xrv-272xrv224xrv223xrv222xrv221xrv21xrv220xrv231xrv233"}
{:place=>471, :route=>[22, -219, 220, 21, 221, 222, 223, 224], :url=>"xrv-272xrv224xrv223xrv222xrv221xrv21xrv220xrv-219xrv22"}
{:place=>976, :route=>[-231, -233, -234, -235, -238, 222, 223, 224], :url=>"xrv-272xrv224xrv223xrv222xrv-238xrv-235xrv-234xrv-233xrv-231"}
{:place=>1132, :route=>[-241, -242, -243, -235, -238, 222, 223, 224], :url=>"xrv-272xrv224xrv223xrv222xrv-238xrv-235xrv-243xrv-242xrv-241"}
{:place=>1128, :route=>[230, 229, 228, 227, 226, 225, 223, 224], :url=>"xrv-272xrv224xrv223xrv225xrv226xrv227xrv228xrv229xrv230"}
{:place=>650, :route=>[233, 231, 220, 21, 221, 238, -237, 224], :url=>"xrv-272xrv224xrv-237xrv238xrv221xrv21xrv220xrv231xrv233"}
{:place=>471, :route=>[22, -219, 220, 21, 221, 238, -237, 224], :url=>"xrv-272xrv224xrv-237xrv238xrv221xrv21xrv220xrv-219xrv22"}
{:place=>471, :route=>[22, -219, -231, -233, -234, -235, -237, 224], :url=>"xrv-272xrv224xrv-237xrv-235xrv-234xrv-233xrv-231xrv-219xrv22"}
{:place=>207, :route=>[-235, -238, -221, -21, -220, 219, -22, -272], :url=>"xrv-272xrv-272xrv-22xrv219xrv-220xrv-21xrv-221xrv-238xrv-235"}
{:place=>1125, :route=>[225, -222, -221, -21, -220, 219, -22, -272], :url=>"xrv-272xrv-272xrv-22xrv219xrv-220xrv-21xrv-221xrv-222xrv225"}
{:place=>528, :route=>[212, -213, -214, -216, -217, -218, -22, -272], :url=>"xrv-272xrv-272xrv-22xrv-218xrv-217xrv-216xrv-214xrv-213xrv212"}
{:place=>827, :route=>[-211, -213, -214, -216, -217, -218, -22, -272], :url=>"xrv-272xrv-272xrv-22xrv-218xrv-217xrv-216xrv-214xrv-213xrv-211"}
{:place=>976, :route=>[220, 21, 221, 222, -225, -226, -227, 240, 239], :url=>"xrv-272xrv239xrv240xrv-227xrv-226xrv-225xrv222xrv221xrv21xrv220"}
{:place=>1124, :route=>[237, -238, 222, -225, -226, -227, 240, 239], :url=>"xrv-272xrv239xrv240xrv-227xrv-226xrv-225xrv222xrv-238xrv237"}
{:place=>650, :route=>[-234, -235, -238, 222, -225, -226, -227, 240, 239], :url=>"xrv-272xrv239xrv240xrv-227xrv-226xrv-225xrv222xrv-238xrv-235xrv-234"}
{:place=>650, :route=>[-234, -235, -237, -223, -225, -226, -227, 240, 239], :url=>"xrv-272xrv239xrv240xrv-227xrv-226xrv-225xrv-223xrv-237xrv-235xrv-234"}
{:place=>207, :route=>[234, 233, 231, 220, 21, 221, 222, 223, 224], :url=>"xrv-272xrv224xrv223xrv222xrv221xrv21xrv220xrv231xrv233xrv234"}
{:place=>207, :route=>[234, 233, 231, 220, 21, 221, 238, -237, 224], :url=>"xrv-272xrv224xrv-237xrv238xrv221xrv21xrv220xrv231xrv233xrv234"}
{:place=>419, :route=>[229, 228, 227, 226, 225, -222, 238, -237, 224], :url=>"xrv-272xrv224xrv-237xrv238xrv-222xrv225xrv226xrv227xrv228xrv229"}
{:place=>1130, :route=>[-240, 227, 226, 225, -222, 238, -237, 224], :url=>"xrv-272xrv224xrv-237xrv238xrv-222xrv225xrv226xrv227xrv-240"}
{:place=>1132, :route=>[-241, -242, -243, 234, 233, 231, 219, -22, -272], :url=>"xrv-272xrv-272xrv-22xrv219xrv231xrv233xrv234xrv-243xrv-242xrv-241"}
{:place=>650, :route=>[-234, -235, -238, -221, -21, -220, 219, -22, -272], :url=>"xrv-272xrv-272xrv-22xrv219xrv-220xrv-21xrv-221xrv-238xrv-235xrv-234"}
{:place=>769, :route=>[226, 225, -222, -221, -21, -220, 219, -22, -272], :url=>"xrv-272xrv-272xrv-22xrv219xrv-220xrv-21xrv-221xrv-222xrv225xrv226"}
{:place=>397, :route=>[-210, -211, -213, -214, -216, -217, -218, -22, -272], :url=>"xrv-272xrv-272xrv-22xrv-218xrv-217xrv-216xrv-214xrv-213xrv-211xrv-210"}
{:place=>45, :route=>[231, 220, 21, 221, 222, -225, -226, -227, 240, 239], :url=>"xrv-272xrv239xrv240xrv-227xrv-226xrv-225xrv222xrv221xrv21xrv220xrv231"}
{:place=>45, :route=>[-233, -234, -235, -238, 222, -225, -226, -227, 240, 239], :url=>"xrv-272xrv239xrv240xrv-227xrv-226xrv-225xrv222xrv-238xrv-235xrv-234xrv-233"}
{:place=>45, :route=>[-233, -234, -235, -237, -223, -225, -226, -227, 240, 239], :url=>"xrv-272xrv239xrv240xrv-227xrv-226xrv-225xrv-223xrv-237xrv-235xrv-234xrv-233"}
{:place=>471, :route=>[22, -219, -231, -233, -234, -235, -238, 222, 223, 224], :url=>"xrv-272xrv224xrv223xrv222xrv-238xrv-235xrv-234xrv-233xrv-231xrv-219xrv22"}
{:place=>1128, :route=>[230, 229, 228, 227, 226, 225, -222, 238, -237, 224], :url=>"xrv-272xrv224xrv-237xrv238xrv-222xrv225xrv226xrv227xrv228xrv229xrv230"}
{:place=>1125, :route=>[225, 223, 237, 235, 234, 233, 231, 219, -22, -272], :url=>"xrv-272xrv-272xrv-22xrv219xrv231xrv233xrv234xrv235xrv237xrv223xrv225"}
{:place=>1125, :route=>[225, -222, 238, 235, 234, 233, 231, 219, -22, -272], :url=>"xrv-272xrv-272xrv-22xrv219xrv231xrv233xrv234xrv235xrv238xrv-222xrv225"}
{:place=>1125, :route=>[225, 223, 237, -238, -221, -21, -220, 219, -22, -272], :url=>"xrv-272xrv-272xrv-22xrv219xrv-220xrv-21xrv-221xrv-238xrv237xrv223xrv225"}
{:place=>45, :route=>[-233, -234, -235, -238, -221, -21, -220, 219, -22, -272], :url=>"xrv-272xrv-272xrv-22xrv219xrv-220xrv-21xrv-221xrv-238xrv-235xrv-234xrv-233"}
{:place=>207, :route=>[-235, -237, -223, -222, -221, -21, -220, 219, -22, -272], :url=>"xrv-272xrv-272xrv-22xrv219xrv-220xrv-21xrv-221xrv-222xrv-223xrv-237xrv-235"}
{:place=>650, :route=>[233, 231, 220, 21, 221, 222, -225, -226, -227, 240, 239], :url=>"xrv-272xrv239xrv240xrv-227xrv-226xrv-225xrv222xrv221xrv21xrv220xrv231xrv233"}
{:place=>471, :route=>[22, -219, 220, 21, 221, 222, -225, -226, -227, 240, 239], :url=>"xrv-272xrv239xrv240xrv-227xrv-226xrv-225xrv222xrv221xrv21xrv220xrv-219xrv22"}
{:place=>976, :route=>[-231, -233, -234, -235, -238, 222, -225, -226, -227, 240, 239], :url=>"xrv-272xrv239xrv240xrv-227xrv-226xrv-225xrv222xrv-238xrv-235xrv-234xrv-233xrv-231"}
{:place=>1132, :route=>[-241, -242, -243, -235, -238, 222, -225, -226, -227, 240, 239], :url=>"xrv-272xrv239xrv240xrv-227xrv-226xrv-225xrv222xrv-238xrv-235xrv-243xrv-242xrv-241"}
{:place=>976, :route=>[220, 21, 221, 238, -237, -223, -225, -226, -227, 240, 239], :url=>"xrv-272xrv239xrv240xrv-227xrv-226xrv-225xrv-223xrv-237xrv238xrv221xrv21xrv220"}
{:place=>976, :route=>[-231, -233, -234, -235, -237, -223, -225, -226, -227, 240, 239], :url=>"xrv-272xrv239xrv240xrv-227xrv-226xrv-225xrv-223xrv-237xrv-235xrv-234xrv-233xrv-231"}
{:place=>1132, :route=>[-241, -242, -243, -235, -237, -223, -225, -226, -227, 240, 239], :url=>"xrv-272xrv239xrv240xrv-227xrv-226xrv-225xrv-223xrv-237xrv-235xrv-243xrv-242xrv-241"}
{:place=>1129, :route=>[235, 234, 233, 231, 220, 21, 221, 222, 223, 224], :url=>"xrv-272xrv224xrv223xrv222xrv221xrv21xrv220xrv231xrv233xrv234xrv235"}
{:place=>258, :route=>[215, -216, -217, -218, -219, 220, 21, 221, 222, 223, 224], :url=>"xrv-272xrv224xrv223xrv222xrv221xrv21xrv220xrv-219xrv-218xrv-217xrv-216xrv215"}
{:place=>58, :route=>[-214, -216, -217, -218, -219, 220, 21, 221, 222, 223, 224], :url=>"xrv-272xrv224xrv223xrv222xrv221xrv21xrv220xrv-219xrv-218xrv-217xrv-216xrv-214"}
{:place=>1122, :route=>[-21, -220, -231, -233, -234, -235, -238, 222, 223, 224], :url=>"xrv-272xrv224xrv223xrv222xrv-238xrv-235xrv-234xrv-233xrv-231xrv-220xrv-21"}
{:place=>258, :route=>[215, -216, -217, -218, -219, 220, 21, 221, 238, -237, 224], :url=>"xrv-272xrv224xrv-237xrv238xrv221xrv21xrv220xrv-219xrv-218xrv-217xrv-216xrv215"}
{:place=>58, :route=>[-214, -216, -217, -218, -219, 220, 21, 221, 238, -237, 224], :url=>"xrv-272xrv224xrv-237xrv238xrv221xrv21xrv220xrv-219xrv-218xrv-217xrv-216xrv-214"}
{:place=>1125, :route=>[225, -222, -221, -21, -220, -231, -233, -234, -235, -237, 224], :url=>"xrv-272xrv224xrv-237xrv-235xrv-234xrv-233xrv-231xrv-220xrv-21xrv-221xrv-222xrv225"}
{:place=>258, :route=>[215, -216, -217, -218, -219, -231, -233, -234, -235, -237, 224], :url=>"xrv-272xrv224xrv-237xrv-235xrv-234xrv-233xrv-231xrv-219xrv-218xrv-217xrv-216xrv215"}
{:place=>58, :route=>[-214, -216, -217, -218, -219, -231, -233, -234, -235, -237, 224], :url=>"xrv-272xrv224xrv-237xrv-235xrv-234xrv-233xrv-231xrv-219xrv-218xrv-217xrv-216xrv-214"}
{:place=>769, :route=>[226, 225, 223, 237, 235, 234, 233, 231, 219, -22, -272], :url=>"xrv-272xrv-272xrv-22xrv219xrv231xrv233xrv234xrv235xrv237xrv223xrv225xrv226"}
{:place=>1121, :route=>[21, 221, 238, 235, 234, 233, 231, 219, -22, -272], :url=>"xrv-272xrv-272xrv-22xrv219xrv231xrv233xrv234xrv235xrv238xrv221xrv21"}
{:place=>769, :route=>[226, 225, -222, 238, 235, 234, 233, 231, 219, -22, -272], :url=>"xrv-272xrv-272xrv-22xrv219xrv231xrv233xrv234xrv235xrv238xrv-222xrv225xrv226"}
{:place=>1124, :route=>[-223, -222, 238, 235, 234, 233, 231, 219, -22, -272], :url=>"xrv-272xrv-272xrv-22xrv219xrv231xrv233xrv234xrv235xrv238xrv-222xrv-223"}
{:place=>769, :route=>[226, 225, 223, 237, -238, -221, -21, -220, 219, -22, -272], :url=>"xrv-272xrv-272xrv-22xrv219xrv-220xrv-21xrv-221xrv-238xrv237xrv223xrv225xrv226"}
{:place=>1132, :route=>[-241, -242, -243, -235, -238, -221, -21, -220, 219, -22, -272], :url=>"xrv-272xrv-272xrv-22xrv219xrv-220xrv-21xrv-221xrv-238xrv-235xrv-243xrv-242xrv-241"}
{:place=>650, :route=>[-234, -235, -237, -223, -222, -221, -21, -220, 219, -22, -272], :url=>"xrv-272xrv-272xrv-22xrv219xrv-220xrv-21xrv-221xrv-222xrv-223xrv-237xrv-235xrv-234"}
{:place=>343, :route=>[-208, -209, -210, -211, -213, -214, -216, -217, -218, -22, -272], :url=>"xrv-272xrv-272xrv-22xrv-218xrv-217xrv-216xrv-214xrv-213xrv-211xrv-210xrv-209xrv-208"}
{:place=>207, :route=>[234, 233, 231, 220, 21, 221, 222, -225, -226, -227, 240, 239], :url=>"xrv-272xrv239xrv240xrv-227xrv-226xrv-225xrv222xrv221xrv21xrv220xrv231xrv233xrv234"}
{:place=>45, :route=>[231, 220, 21, 221, 238, -237, -223, -225, -226, -227, 240, 239], :url=>"xrv-272xrv239xrv240xrv-227xrv-226xrv-225xrv-223xrv-237xrv238xrv221xrv21xrv220xrv231"}
{:place=>1132, :route=>[-241, -242, -243, 234, 233, 231, 220, 21, 221, 222, 223, 224], :url=>"xrv-272xrv224xrv223xrv222xrv221xrv21xrv220xrv231xrv233xrv234xrv-243xrv-242xrv-241"}
{:place=>271, :route=>[246, 245, 244, -217, -218, -219, 220, 21, 221, 222, 223, 224], :url=>"xrv-272xrv224xrv223xrv222xrv221xrv21xrv220xrv-219xrv-218xrv-217xrv244xrv245xrv246"}
{:place=>1132, :route=>[-241, -242, -243, 234, 233, 231, 220, 21, 221, 238, -237, 224], :url=>"xrv-272xrv224xrv-237xrv238xrv221xrv21xrv220xrv231xrv233xrv234xrv-243xrv-242xrv-241"}
{:place=>271, :route=>[246, 245, 244, -217, -218, -219, 220, 21, 221, 238, -237, 224], :url=>"xrv-272xrv224xrv-237xrv238xrv221xrv21xrv220xrv-219xrv-218xrv-217xrv244xrv245xrv246"}
{:place=>769, :route=>[226, 225, -222, -221, -21, -220, -231, -233, -234, -235, -237, 224], :url=>"xrv-272xrv224xrv-237xrv-235xrv-234xrv-233xrv-231xrv-220xrv-21xrv-221xrv-222xrv225xrv226"}
{:place=>271, :route=>[246, 245, 244, -217, -218, -219, -231, -233, -234, -235, -237, 224], :url=>"xrv-272xrv224xrv-237xrv-235xrv-234xrv-233xrv-231xrv-219xrv-218xrv-217xrv244xrv245xrv246"}
{:place=>419, :route=>[229, 228, 227, 226, 225, -222, -221, -21, -220, 219, -22, -272], :url=>"xrv-272xrv-272xrv-22xrv219xrv-220xrv-21xrv-221xrv-222xrv225xrv226xrv227xrv228xrv229"}
{:place=>1130, :route=>[-240, 227, 226, 225, -222, -221, -21, -220, 219, -22, -272], :url=>"xrv-272xrv-272xrv-22xrv219xrv-220xrv-21xrv-221xrv-222xrv225xrv226xrv227xrv-240"}
{:place=>45, :route=>[-233, -234, -235, -237, -223, -222, -221, -21, -220, 219, -22, -272], :url=>"xrv-272xrv-272xrv-22xrv219xrv-220xrv-21xrv-221xrv-222xrv-223xrv-237xrv-235xrv-234xrv-233"}
{:place=>1114, :route=>[-207, -208, -209, -210, -211, -213, -214, -216, -217, -218, -22, -272], :url=>"xrv-272xrv-272xrv-22xrv-218xrv-217xrv-216xrv-214xrv-213xrv-211xrv-210xrv-209xrv-208xrv-207"}
{:place=>471, :route=>[22, -219, -231, -233, -234, -235, -238, 222, -225, -226, -227, 240, 239], :url=>"xrv-272xrv239xrv240xrv-227xrv-226xrv-225xrv222xrv-238xrv-235xrv-234xrv-233xrv-231xrv-219xrv22"}
{:place=>650, :route=>[233, 231, 220, 21, 221, 238, -237, -223, -225, -226, -227, 240, 239], :url=>"xrv-272xrv239xrv240xrv-227xrv-226xrv-225xrv-223xrv-237xrv238xrv221xrv21xrv220xrv231xrv233"}
{:place=>471, :route=>[22, -219, 220, 21, 221, 238, -237, -223, -225, -226, -227, 240, 239], :url=>"xrv-272xrv239xrv240xrv-227xrv-226xrv-225xrv-223xrv-237xrv238xrv221xrv21xrv220xrv-219xrv22"}
{:place=>471, :route=>[22, -219, -231, -233, -234, -235, -237, -223, -225, -226, -227, 240, 239], :url=>"xrv-272xrv239xrv240xrv-227xrv-226xrv-225xrv-223xrv-237xrv-235xrv-234xrv-233xrv-231xrv-219xrv22"}
{:place=>528, :route=>[212, -213, -214, -216, -217, -218, -219, 220, 21, 221, 222, 223, 224], :url=>"xrv-272xrv224xrv223xrv222xrv221xrv21xrv220xrv-219xrv-218xrv-217xrv-216xrv-214xrv-213xrv212"}
{:place=>827, :route=>[-211, -213, -214, -216, -217, -218, -219, 220, 21, 221, 222, 223, 224], :url=>"xrv-272xrv224xrv223xrv222xrv221xrv21xrv220xrv-219xrv-218xrv-217xrv-216xrv-214xrv-213xrv-211"}
{:place=>258, :route=>[215, -216, -217, -218, -219, -231, -233, -234, -235, -238, 222, 223, 224], :url=>"xrv-272xrv224xrv223xrv222xrv-238xrv-235xrv-234xrv-233xrv-231xrv-219xrv-218xrv-217xrv-216xrv215"}
{:place=>58, :route=>[-214, -216, -217, -218, -219, -231, -233, -234, -235, -238, 222, 223, 224], :url=>"xrv-272xrv224xrv223xrv222xrv-238xrv-235xrv-234xrv-233xrv-231xrv-219xrv-218xrv-217xrv-216xrv-214"}
{:place=>528, :route=>[212, -213, -214, -216, -217, -218, -219, 220, 21, 221, 238, -237, 224], :url=>"xrv-272xrv224xrv-237xrv238xrv221xrv21xrv220xrv-219xrv-218xrv-217xrv-216xrv-214xrv-213xrv212"}
{:place=>827, :route=>[-211, -213, -214, -216, -217, -218, -219, 220, 21, 221, 238, -237, 224], :url=>"xrv-272xrv224xrv-237xrv238xrv221xrv21xrv220xrv-219xrv-218xrv-217xrv-216xrv-214xrv-213xrv-211"}
{:place=>528, :route=>[212, -213, -214, -216, -217, -218, -219, -231, -233, -234, -235, -237, 224], :url=>"xrv-272xrv224xrv-237xrv-235xrv-234xrv-233xrv-231xrv-219xrv-218xrv-217xrv-216xrv-214xrv-213xrv212"}
{:place=>827, :route=>[-211, -213, -214, -216, -217, -218, -219, -231, -233, -234, -235, -237, 224], :url=>"xrv-272xrv224xrv-237xrv-235xrv-234xrv-233xrv-231xrv-219xrv-218xrv-217xrv-216xrv-214xrv-213xrv-211"}
{:place=>1121, :route=>[21, 221, 222, 223, 237, 235, 234, 233, 231, 219, -22, -272], :url=>"xrv-272xrv-272xrv-22xrv219xrv231xrv233xrv234xrv235xrv237xrv223xrv222xrv221xrv21"}
{:place=>1128, :route=>[230, 229, 228, 227, 226, 225, -222, -221, -21, -220, 219, -22, -272], :url=>"xrv-272xrv-272xrv-22xrv219xrv-220xrv-21xrv-221xrv-222xrv225xrv226xrv227xrv228xrv229xrv230"}
{:place=>1132, :route=>[-241, -242, -243, -235, -237, -223, -222, -221, -21, -220, 219, -22, -272], :url=>"xrv-272xrv-272xrv-22xrv219xrv-220xrv-21xrv-221xrv-222xrv-223xrv-237xrv-235xrv-243xrv-242xrv-241"}
{:place=>258, :route=>[215, -216, -217, -218, -219, 220, 21, 221, 222, -225, -226, -227, 240, 239], :url=>"xrv-272xrv239xrv240xrv-227xrv-226xrv-225xrv222xrv221xrv21xrv220xrv-219xrv-218xrv-217xrv-216xrv215"}
{:place=>58, :route=>[-214, -216, -217, -218, -219, 220, 21, 221, 222, -225, -226, -227, 240, 239], :url=>"xrv-272xrv239xrv240xrv-227xrv-226xrv-225xrv222xrv221xrv21xrv220xrv-219xrv-218xrv-217xrv-216xrv-214"}
{:place=>1122, :route=>[-21, -220, -231, -233, -234, -235, -238, 222, -225, -226, -227, 240, 239], :url=>"xrv-272xrv239xrv240xrv-227xrv-226xrv-225xrv222xrv-238xrv-235xrv-234xrv-233xrv-231xrv-220xrv-21"}
{:place=>207, :route=>[234, 233, 231, 220, 21, 221, 238, -237, -223, -225, -226, -227, 240, 239], :url=>"xrv-272xrv239xrv240xrv-227xrv-226xrv-225xrv-223xrv-237xrv238xrv221xrv21xrv220xrv231xrv233xrv234"}
{:place=>397, :route=>[-210, -211, -213, -214, -216, -217, -218, -219, 220, 21, 221, 222, 223, 224], :url=>"xrv-272xrv224xrv223xrv222xrv221xrv21xrv220xrv-219xrv-218xrv-217xrv-216xrv-214xrv-213xrv-211xrv-210"}
{:place=>271, :route=>[246, 245, 244, -217, -218, -219, -231, -233, -234, -235, -238, 222, 223, 224], :url=>"xrv-272xrv224xrv223xrv222xrv-238xrv-235xrv-234xrv-233xrv-231xrv-219xrv-218xrv-217xrv244xrv245xrv246"}
{:place=>397, :route=>[-210, -211, -213, -214, -216, -217, -218, -219, 220, 21, 221, 238, -237, 224], :url=>"xrv-272xrv224xrv-237xrv238xrv221xrv21xrv220xrv-219xrv-218xrv-217xrv-216xrv-214xrv-213xrv-211xrv-210"}
{:place=>397, :route=>[-210, -211, -213, -214, -216, -217, -218, -219, -231, -233, -234, -235, -237, 224], :url=>"xrv-272xrv224xrv-237xrv-235xrv-234xrv-233xrv-231xrv-219xrv-218xrv-217xrv-216xrv-214xrv-213xrv-211xrv-210"}
{:place=>419, :route=>[229, 228, 227, 226, 225, 223, 237, 235, 234, 233, 231, 219, -22, -272], :url=>"xrv-272xrv-272xrv-22xrv219xrv231xrv233xrv234xrv235xrv237xrv223xrv225xrv226xrv227xrv228xrv229"}
{:place=>1130, :route=>[-240, 227, 226, 225, 223, 237, 235, 234, 233, 231, 219, -22, -272], :url=>"xrv-272xrv-272xrv-22xrv219xrv231xrv233xrv234xrv235xrv237xrv223xrv225xrv226xrv227xrv-240"}
{:place=>419, :route=>[229, 228, 227, 226, 225, -222, 238, 235, 234, 233, 231, 219, -22, -272], :url=>"xrv-272xrv-272xrv-22xrv219xrv231xrv233xrv234xrv235xrv238xrv-222xrv225xrv226xrv227xrv228xrv229"}
{:place=>1130, :route=>[-240, 227, 226, 225, -222, 238, 235, 234, 233, 231, 219, -22, -272], :url=>"xrv-272xrv-272xrv-22xrv219xrv231xrv233xrv234xrv235xrv238xrv-222xrv225xrv226xrv227xrv-240"}
{:place=>419, :route=>[229, 228, 227, 226, 225, 223, 237, -238, -221, -21, -220, 219, -22, -272], :url=>"xrv-272xrv-272xrv-22xrv219xrv-220xrv-21xrv-221xrv-238xrv237xrv223xrv225xrv226xrv227xrv228xrv229"}
{:place=>1130, :route=>[-240, 227, 226, 225, 223, 237, -238, -221, -21, -220, 219, -22, -272], :url=>"xrv-272xrv-272xrv-22xrv219xrv-220xrv-21xrv-221xrv-238xrv237xrv223xrv225xrv226xrv227xrv-240"}
{:place=>624, :route=>[-205, -206, -207, -208, -209, -210, -211, -213, -214, -216, -217, -218, -22, -272], :url=>"xrv-272xrv-272xrv-22xrv-218xrv-217xrv-216xrv-214xrv-213xrv-211xrv-210xrv-209xrv-208xrv-207xrv-206xrv-205"}
{:place=>1124, :route=>[237, 235, 234, 233, 231, 220, 21, 221, 222, -225, -226, -227, 240, 239], :url=>"xrv-272xrv239xrv240xrv-227xrv-226xrv-225xrv222xrv221xrv21xrv220xrv231xrv233xrv234xrv235xrv237"}
{:place=>1132, :route=>[-241, -242, -243, 234, 233, 231, 220, 21, 221, 222, -225, -226, -227, 240, 239], :url=>"xrv-272xrv239xrv240xrv-227xrv-226xrv-225xrv222xrv221xrv21xrv220xrv231xrv233xrv234xrv-243xrv-242xrv-241"}
{:place=>271, :route=>[246, 245, 244, -217, -218, -219, 220, 21, 221, 222, -225, -226, -227, 240, 239], :url=>"xrv-272xrv239xrv240xrv-227xrv-226xrv-225xrv222xrv221xrv21xrv220xrv-219xrv-218xrv-217xrv244xrv245xrv246"}
{:place=>975, :route=>[-221, -21, -220, -231, -233, -234, -235, -237, -223, -225, -226, -227, 240, 239], :url=>"xrv-272xrv239xrv240xrv-227xrv-226xrv-225xrv-223xrv-237xrv-235xrv-234xrv-233xrv-231xrv-220xrv-21xrv-221"}
{:place=>528, :route=>[212, -213, -214, -216, -217, -218, -219, -231, -233, -234, -235, -238, 222, 223, 224], :url=>"xrv-272xrv224xrv223xrv222xrv-238xrv-235xrv-234xrv-233xrv-231xrv-219xrv-218xrv-217xrv-216xrv-214xrv-213xrv212"}
{:place=>827, :route=>[-211, -213, -214, -216, -217, -218, -219, -231, -233, -234, -235, -238, 222, 223, 224], :url=>"xrv-272xrv224xrv223xrv222xrv-238xrv-235xrv-234xrv-233xrv-231xrv-219xrv-218xrv-217xrv-216xrv-214xrv-213xrv-211"}
{:place=>419, :route=>[229, 228, 227, 226, 225, -222, -221, -21, -220, -231, -233, -234, -235, -237, 224], :url=>"xrv-272xrv224xrv-237xrv-235xrv-234xrv-233xrv-231xrv-220xrv-21xrv-221xrv-222xrv225xrv226xrv227xrv228xrv229"}
{:place=>1130, :route=>[-240, 227, 226, 225, -222, -221, -21, -220, -231, -233, -234, -235, -237, 224], :url=>"xrv-272xrv224xrv-237xrv-235xrv-234xrv-233xrv-231xrv-220xrv-21xrv-221xrv-222xrv225xrv226xrv227xrv-240"}
{:place=>1128, :route=>[230, 229, 228, 227, 226, 225, 223, 237, 235, 234, 233, 231, 219, -22, -272], :url=>"xrv-272xrv-272xrv-22xrv219xrv231xrv233xrv234xrv235xrv237xrv223xrv225xrv226xrv227xrv228xrv229xrv230"}
{:place=>1128, :route=>[230, 229, 228, 227, 226, 225, -222, 238, 235, 234, 233, 231, 219, -22, -272], :url=>"xrv-272xrv-272xrv-22xrv219xrv231xrv233xrv234xrv235xrv238xrv-222xrv225xrv226xrv227xrv228xrv229xrv230"}
{:place=>1128, :route=>[230, 229, 228, 227, 226, 225, 223, 237, -238, -221, -21, -220, 219, -22, -272], :url=>"xrv-272xrv-272xrv-22xrv219xrv-220xrv-21xrv-221xrv-238xrv237xrv223xrv225xrv226xrv227xrv228xrv229xrv230"}
  [1m[36mCACHE (0.0ms)[0m  [1mSELECT "places".* FROM "places" WHERE "places"."id" = 974 LIMIT 1[0m
  [1m[35m (1.4ms)[0m  SELECT COUNT(*) FROM "route_indices" WHERE (url = 'xrv-272')
  [1m[36mCACHE (0.0ms)[0m  [1mSELECT "places".* FROM "places" WHERE "places"."id" = 471 LIMIT 1[0m
  [1m[35m (1.0ms)[0m  SELECT COUNT(*) FROM "route_indices" WHERE (url = 'xrv-272xrv-272')
  [1m[36mPlaceType Load (0.2ms)[0m  [1mselect * from place_types where name='Hut'[0m
  [1m[35mSQL (0.6ms)[0m  INSERT INTO "route_indices" ("created_at", "endplace_id", "isDest", "startplace_id", "updated_at", "url") VALUES ($1, $2, $3, $4, $5, $6) RETURNING "id"  [["created_at", Mon, 27 Oct 2014 10:08:16 NZDT +13:00], ["endplace_id", 471], ["isDest", true], ["startplace_id", 974], ["updated_at", Mon, 27 Oct 2014 10:08:16 NZDT +13:00], ["url", "xrv-272xrv-272"]]
  [1m[36mPlace Load (0.3ms)[0m  [1mSELECT "places".* FROM "places" WHERE "places"."id" = 769 LIMIT 1[0m
  [1m[35m (1.2ms)[0m  SELECT COUNT(*) FROM "route_indices" WHERE (url = 'xrv-272xrv239xrv240xrv-227')
  [1m[36mPlaceType Load (0.2ms)[0m  [1mselect * from place_types where name='Hut'[0m
  [1m[35mSQL (0.4ms)[0m  INSERT INTO "route_indices" ("created_at", "endplace_id", "isDest", "startplace_id", "updated_at", "url") VALUES ($1, $2, $3, $4, $5, $6) RETURNING "id"  [["created_at", Mon, 27 Oct 2014 10:08:16 NZDT +13:00], ["endplace_id", 769], ["isDest", true], ["startplace_id", 974], ["updated_at", Mon, 27 Oct 2014 10:08:16 NZDT +13:00], ["url", "xrv-272xrv239xrv240xrv-227"]]
  [1m[36mPlace Load (0.3ms)[0m  [1mSELECT "places".* FROM "places" WHERE "places"."id" = 1125 LIMIT 1[0m
  [1m[35m (1.1ms)[0m  SELECT COUNT(*) FROM "route_indices" WHERE (url = 'xrv-272xrv224xrv223xrv225')
  [1m[36mPlaceType Load (0.2ms)[0m  [1mselect * from place_types where name='Campsite'[0m
  [1m[35mSQL (0.4ms)[0m  INSERT INTO "route_indices" ("created_at", "endplace_id", "isDest", "startplace_id", "updated_at", "url") VALUES ($1, $2, $3, $4, $5, $6) RETURNING "id"  [["created_at", Mon, 27 Oct 2014 10:08:16 NZDT +13:00], ["endplace_id", 1125], ["isDest", true], ["startplace_id", 974], ["updated_at", Mon, 27 Oct 2014 10:08:16 NZDT +13:00], ["url", "xrv-272xrv224xrv223xrv225"]]
  [1m[36mPlace Load (0.3ms)[0m  [1mSELECT "places".* FROM "places" WHERE "places"."id" = 207 LIMIT 1[0m
  [1m[35m (1.2ms)[0m  SELECT COUNT(*) FROM "route_indices" WHERE (url = 'xrv-272xrv224xrv-237xrv-235')
  [1m[36mPlaceType Load (0.2ms)[0m  [1mselect * from place_types where name='Hut'[0m
  [1m[35mSQL (0.4ms)[0m  INSERT INTO "route_indices" ("created_at", "endplace_id", "isDest", "startplace_id", "updated_at", "url") VALUES ($1, $2, $3, $4, $5, $6) RETURNING "id"  [["created_at", Mon, 27 Oct 2014 10:08:16 NZDT +13:00], ["endplace_id", 207], ["isDest", true], ["startplace_id", 974], ["updated_at", Mon, 27 Oct 2014 10:08:16 NZDT +13:00], ["url", "xrv-272xrv224xrv-237xrv-235"]]
  [1m[36mPlace Load (0.3ms)[0m  [1mSELECT "places".* FROM "places" WHERE "places"."id" = 976 LIMIT 1[0m
  [1m[35m (1.2ms)[0m  SELECT COUNT(*) FROM "route_indices" WHERE (url = 'xrv-272xrv-272xrv-22xrv219')
  [1m[36mPlaceType Load (0.2ms)[0m  [1mselect * from place_types where name='Summit'[0m
  [1m[35mSQL (0.4ms)[0m  INSERT INTO "route_indices" ("created_at", "endplace_id", "isDest", "startplace_id", "updated_at", "url") VALUES ($1, $2, $3, $4, $5, $6) RETURNING "id"  [["created_at", Mon, 27 Oct 2014 10:08:16 NZDT +13:00], ["endplace_id", 976], ["isDest", true], ["startplace_id", 974], ["updated_at", Mon, 27 Oct 2014 10:08:16 NZDT +13:00], ["url", "xrv-272xrv-272xrv-22xrv219"]]
  [1m[36mPlace Load (0.3ms)[0m  [1mSELECT "places".* FROM "places" WHERE "places"."id" = 419 LIMIT 1[0m
  [1m[35m (1.1ms)[0m  SELECT COUNT(*) FROM "route_indices" WHERE (url = 'xrv-272xrv239xrv240xrv228xrv229')
  [1m[36mPlaceType Load (0.2ms)[0m  [1mselect * from place_types where name='Hut'[0m
  [1m[35mSQL (0.4ms)[0m  INSERT INTO "route_indices" ("created_at", "endplace_id", "isDest", "startplace_id", "updated_at", "url") VALUES ($1, $2, $3, $4, $5, $6) RETURNING "id"  [["created_at", Mon, 27 Oct 2014 10:08:16 NZDT +13:00], ["endplace_id", 419], ["isDest", true], ["startplace_id", 974], ["updated_at", Mon, 27 Oct 2014 10:08:16 NZDT +13:00], ["url", "xrv-272xrv239xrv240xrv228xrv229"]]
  [1m[36mPlace Load (0.3ms)[0m  [1mSELECT "places".* FROM "places" WHERE "places"."id" = 1125 LIMIT 1[0m
  [1m[35m (1.1ms)[0m  SELECT COUNT(*) FROM "route_indices" WHERE (url = 'xrv-272xrv239xrv240xrv-227xrv-226')
  [1m[36mPlaceType Load (0.2ms)[0m  [1mselect * from place_types where name='Campsite'[0m
  [1m[35mSQL (0.4ms)[0m  INSERT INTO "route_indices" ("created_at", "endplace_id", "isDest", "startplace_id", "updated_at", "url") VALUES ($1, $2, $3, $4, $5, $6) RETURNING "id"  [["created_at", Mon, 27 Oct 2014 10:08:16 NZDT +13:00], ["endplace_id", 1125], ["isDest", true], ["startplace_id", 974], ["updated_at", Mon, 27 Oct 2014 10:08:16 NZDT +13:00], ["url", "xrv-272xrv239xrv240xrv-227xrv-226"]]
  [1m[36mPlace Load (0.3ms)[0m  [1mSELECT "places".* FROM "places" WHERE "places"."id" = 769 LIMIT 1[0m
  [1m[35m (1.1ms)[0m  SELECT COUNT(*) FROM "route_indices" WHERE (url = 'xrv-272xrv224xrv223xrv225xrv226')
  [1m[36mPlaceType Load (0.2ms)[0m  [1mselect * from place_types where name='Hut'[0m
  [1m[35mSQL (0.5ms)[0m  INSERT INTO "route_indices" ("created_at", "endplace_id", "isDest", "startplace_id", "updated_at", "url") VALUES ($1, $2, $3, $4, $5, $6) RETURNING "id"  [["created_at", Mon, 27 Oct 2014 10:08:16 NZDT +13:00], ["endplace_id", 769], ["isDest", true], ["startplace_id", 974], ["updated_at", Mon, 27 Oct 2014 10:08:16 NZDT +13:00], ["url", "xrv-272xrv224xrv223xrv225xrv226"]]
  [1m[36mPlace Load (0.3ms)[0m  [1mSELECT "places".* FROM "places" WHERE "places"."id" = 650 LIMIT 1[0m
  [1m[35m (1.1ms)[0m  SELECT COUNT(*) FROM "route_indices" WHERE (url = 'xrv-272xrv224xrv-237xrv-235xrv-234')
  [1m[36mPlaceType Load (0.2ms)[0m  [1mselect * from place_types where name='Hut'[0m
  [1m[35mSQL (0.4ms)[0m  INSERT INTO "route_indices" ("created_at", "endplace_id", "isDest", "startplace_id", "updated_at", "url") VALUES ($1, $2, $3, $4, $5, $6) RETURNING "id"  [["created_at", Mon, 27 Oct 2014 10:08:16 NZDT +13:00], ["endplace_id", 650], ["isDest", true], ["startplace_id", 974], ["updated_at", Mon, 27 Oct 2014 10:08:16 NZDT +13:00], ["url", "xrv-272xrv224xrv-237xrv-235xrv-234"]]
  [1m[36mPlace Load (0.3ms)[0m  [1mSELECT "places".* FROM "places" WHERE "places"."id" = 45 LIMIT 1[0m
  [1m[35m (1.1ms)[0m  SELECT COUNT(*) FROM "route_indices" WHERE (url = 'xrv-272xrv-272xrv-22xrv219xrv231')
  [1m[36mPlaceType Load (0.2ms)[0m  [1mselect * from place_types where name='Hut'[0m
  [1m[35mSQL (0.4ms)[0m  INSERT INTO "route_indices" ("created_at", "endplace_id", "isDest", "startplace_id", "updated_at", "url") VALUES ($1, $2, $3, $4, $5, $6) RETURNING "id"  [["created_at", Mon, 27 Oct 2014 10:08:16 NZDT +13:00], ["endplace_id", 45], ["isDest", true], ["startplace_id", 974], ["updated_at", Mon, 27 Oct 2014 10:08:16 NZDT +13:00], ["url", "xrv-272xrv-272xrv-22xrv219xrv231"]]
  [1m[36mPlace Load (0.3ms)[0m  [1mSELECT "places".* FROM "places" WHERE "places"."id" = 1128 LIMIT 1[0m
  [1m[35m (1.2ms)[0m  SELECT COUNT(*) FROM "route_indices" WHERE (url = 'xrv-272xrv239xrv240xrv228xrv229xrv230')
  [1m[36mPlaceType Load (4.9ms)[0m  [1mselect * from place_types where name='Roadend'[0m
  [1m[35mSQL (1.2ms)[0m  INSERT INTO "route_indices" ("created_at", "endplace_id", "isDest", "startplace_id", "updated_at", "url") VALUES ($1, $2, $3, $4, $5, $6) RETURNING "id"  [["created_at", Mon, 27 Oct 2014 10:08:16 NZDT +13:00], ["endplace_id", 1128], ["isDest", true], ["startplace_id", 974], ["updated_at", Mon, 27 Oct 2014 10:08:16 NZDT +13:00], ["url", "xrv-272xrv239xrv240xrv228xrv229xrv230"]]
  [1m[36mPlace Load (1.8ms)[0m  [1mSELECT "places".* FROM "places" WHERE "places"."id" = 207 LIMIT 1[0m
  [1m[35m (1.2ms)[0m  SELECT COUNT(*) FROM "route_indices" WHERE (url = 'xrv-272xrv224xrv223xrv222xrv-238xrv-235')
  [1m[36mPlaceType Load (0.2ms)[0m  [1mselect * from place_types where name='Hut'[0m
  [1m[35mSQL (4.6ms)[0m  INSERT INTO "route_indices" ("created_at", "endplace_id", "isDest", "startplace_id", "updated_at", "url") VALUES ($1, $2, $3, $4, $5, $6) RETURNING "id"  [["created_at", Mon, 27 Oct 2014 10:08:16 NZDT +13:00], ["endplace_id", 207], ["isDest", true], ["startplace_id", 974], ["updated_at", Mon, 27 Oct 2014 10:08:16 NZDT +13:00], ["url", "xrv-272xrv224xrv223xrv222xrv-238xrv-235"]]
  [1m[36mPlace Load (0.3ms)[0m  [1mSELECT "places".* FROM "places" WHERE "places"."id" = 1125 LIMIT 1[0m
  [1m[35m (1.2ms)[0m  SELECT COUNT(*) FROM "route_indices" WHERE (url = 'xrv-272xrv224xrv-237xrv238xrv-222xrv225')
  [1m[36mPlaceType Load (0.3ms)[0m  [1mselect * from place_types where name='Campsite'[0m
  [1m[35mSQL (1.2ms)[0m  INSERT INTO "route_indices" ("created_at", "endplace_id", "isDest", "startplace_id", "updated_at", "url") VALUES ($1, $2, $3, $4, $5, $6) RETURNING "id"  [["created_at", Mon, 27 Oct 2014 10:08:16 NZDT +13:00], ["endplace_id", 1125], ["isDest", true], ["startplace_id", 974], ["updated_at", Mon, 27 Oct 2014 10:08:16 NZDT +13:00], ["url", "xrv-272xrv224xrv-237xrv238xrv-222xrv225"]]
  [1m[36mPlace Load (1.1ms)[0m  [1mSELECT "places".* FROM "places" WHERE "places"."id" = 45 LIMIT 1[0m
  [1m[35m (1.8ms)[0m  SELECT COUNT(*) FROM "route_indices" WHERE (url = 'xrv-272xrv224xrv-237xrv-235xrv-234xrv-233')
  [1m[36mPlaceType Load (0.2ms)[0m  [1mselect * from place_types where name='Hut'[0m
  [1m[35mSQL (7.4ms)[0m  INSERT INTO "route_indices" ("created_at", "endplace_id", "isDest", "startplace_id", "updated_at", "url") VALUES ($1, $2, $3, $4, $5, $6) RETURNING "id"  [["created_at", Mon, 27 Oct 2014 10:08:16 NZDT +13:00], ["endplace_id", 45], ["isDest", true], ["startplace_id", 974], ["updated_at", Mon, 27 Oct 2014 10:08:16 NZDT +13:00], ["url", "xrv-272xrv224xrv-237xrv-235xrv-234xrv-233"]]
  [1m[36mPlace Load (0.4ms)[0m  [1mSELECT "places".* FROM "places" WHERE "places"."id" = 650 LIMIT 1[0m
  [1m[35m (1.2ms)[0m  SELECT COUNT(*) FROM "route_indices" WHERE (url = 'xrv-272xrv-272xrv-22xrv219xrv231xrv233')
  [1m[36mPlaceType Load (0.2ms)[0m  [1mselect * from place_types where name='Hut'[0m
  [1m[35mSQL (0.4ms)[0m  INSERT INTO "route_indices" ("created_at", "endplace_id", "isDest", "startplace_id", "updated_at", "url") VALUES ($1, $2, $3, $4, $5, $6) RETURNING "id"  [["created_at", Mon, 27 Oct 2014 10:08:16 NZDT +13:00], ["endplace_id", 650], ["isDest", true], ["startplace_id", 974], ["updated_at", Mon, 27 Oct 2014 10:08:16 NZDT +13:00], ["url", "xrv-272xrv-272xrv-22xrv219xrv231xrv233"]]
  [1m[36mPlace Load (0.3ms)[0m  [1mSELECT "places".* FROM "places" WHERE "places"."id" = 976 LIMIT 1[0m
  [1m[35m (1.2ms)[0m  SELECT COUNT(*) FROM "route_indices" WHERE (url = 'xrv-272xrv224xrv223xrv222xrv221xrv21xrv220')
  [1m[36mPlaceType Load (0.2ms)[0m  [1mselect * from place_types where name='Summit'[0m
  [1m[35mSQL (1.9ms)[0m  INSERT INTO "route_indices" ("created_at", "endplace_id", "isDest", "startplace_id", "updated_at", "url") VALUES ($1, $2, $3, $4, $5, $6) RETURNING "id"  [["created_at", Mon, 27 Oct 2014 10:08:16 NZDT +13:00], ["endplace_id", 976], ["isDest", true], ["startplace_id", 974], ["updated_at", Mon, 27 Oct 2014 10:08:16 NZDT +13:00], ["url", "xrv-272xrv224xrv223xrv222xrv221xrv21xrv220"]]
  [1m[36mPlace Load (0.3ms)[0m  [1mSELECT "places".* FROM "places" WHERE "places"."id" = 650 LIMIT 1[0m
  [1m[35m (1.9ms)[0m  SELECT COUNT(*) FROM "route_indices" WHERE (url = 'xrv-272xrv224xrv223xrv222xrv-238xrv-235xrv-234')
  [1m[36mPlaceType Load (0.9ms)[0m  [1mselect * from place_types where name='Hut'[0m
  [1m[35mSQL (3.6ms)[0m  INSERT INTO "route_indices" ("created_at", "endplace_id", "isDest", "startplace_id", "updated_at", "url") VALUES ($1, $2, $3, $4, $5, $6) RETURNING "id"  [["created_at", Mon, 27 Oct 2014 10:08:16 NZDT +13:00], ["endplace_id", 650], ["isDest", true], ["startplace_id", 974], ["updated_at", Mon, 27 Oct 2014 10:08:16 NZDT +13:00], ["url", "xrv-272xrv224xrv223xrv222xrv-238xrv-235xrv-234"]]
  [1m[36mPlace Load (0.3ms)[0m  [1mSELECT "places".* FROM "places" WHERE "places"."id" = 976 LIMIT 1[0m
  [1m[35m (1.1ms)[0m  SELECT COUNT(*) FROM "route_indices" WHERE (url = 'xrv-272xrv224xrv-237xrv238xrv221xrv21xrv220')
  [1m[36mPlaceType Load (0.2ms)[0m  [1mselect * from place_types where name='Summit'[0m
  [1m[35mSQL (4.0ms)[0m  INSERT INTO "route_indices" ("created_at", "endplace_id", "isDest", "startplace_id", "updated_at", "url") VALUES ($1, $2, $3, $4, $5, $6) RETURNING "id"  [["created_at", Mon, 27 Oct 2014 10:08:16 NZDT +13:00], ["endplace_id", 976], ["isDest", true], ["startplace_id", 974], ["updated_at", Mon, 27 Oct 2014 10:08:16 NZDT +13:00], ["url", "xrv-272xrv224xrv-237xrv238xrv221xrv21xrv220"]]
  [1m[36mPlace Load (0.3ms)[0m  [1mSELECT "places".* FROM "places" WHERE "places"."id" = 769 LIMIT 1[0m
  [1m[35m (1.1ms)[0m  SELECT COUNT(*) FROM "route_indices" WHERE (url = 'xrv-272xrv224xrv-237xrv238xrv-222xrv225xrv226')
  [1m[36mPlaceType Load (0.2ms)[0m  [1mselect * from place_types where name='Hut'[0m
  [1m[35mSQL (1.1ms)[0m  INSERT INTO "route_indices" ("created_at", "endplace_id", "isDest", "startplace_id", "updated_at", "url") VALUES ($1, $2, $3, $4, $5, $6) RETURNING "id"  [["created_at", Mon, 27 Oct 2014 10:08:16 NZDT +13:00], ["endplace_id", 769], ["isDest", true], ["startplace_id", 974], ["updated_at", Mon, 27 Oct 2014 10:08:16 NZDT +13:00], ["url", "xrv-272xrv224xrv-237xrv238xrv-222xrv225xrv226"]]
  [1m[36mPlace Load (1.3ms)[0m  [1mSELECT "places".* FROM "places" WHERE "places"."id" = 976 LIMIT 1[0m
  [1m[35m (5.3ms)[0m  SELECT COUNT(*) FROM "route_indices" WHERE (url = 'xrv-272xrv224xrv-237xrv-235xrv-234xrv-233xrv-231')
  [1m[36mPlaceType Load (0.3ms)[0m  [1mselect * from place_types where name='Summit'[0m
  [1m[35mSQL (0.4ms)[0m  INSERT INTO "route_indices" ("created_at", "endplace_id", "isDest", "startplace_id", "updated_at", "url") VALUES ($1, $2, $3, $4, $5, $6) RETURNING "id"  [["created_at", Mon, 27 Oct 2014 10:08:16 NZDT +13:00], ["endplace_id", 976], ["isDest", true], ["startplace_id", 974], ["updated_at", Mon, 27 Oct 2014 10:08:16 NZDT +13:00], ["url", "xrv-272xrv224xrv-237xrv-235xrv-234xrv-233xrv-231"]]
  [1m[36mPlace Load (0.3ms)[0m  [1mSELECT "places".* FROM "places" WHERE "places"."id" = 1132 LIMIT 1[0m
  [1m[35m (1.2ms)[0m  SELECT COUNT(*) FROM "route_indices" WHERE (url = 'xrv-272xrv224xrv-237xrv-235xrv-243xrv-242xrv-241')
  [1m[36mPlaceType Load (0.2ms)[0m  [1mselect * from place_types where name='Campsite'[0m
  [1m[35mSQL (1.4ms)[0m  INSERT INTO "route_indices" ("created_at", "endplace_id", "isDest", "startplace_id", "updated_at", "url") VALUES ($1, $2, $3, $4, $5, $6) RETURNING "id"  [["created_at", Mon, 27 Oct 2014 10:08:16 NZDT +13:00], ["endplace_id", 1132], ["isDest", true], ["startplace_id", 974], ["updated_at", Mon, 27 Oct 2014 10:08:16 NZDT +13:00], ["url", "xrv-272xrv224xrv-237xrv-235xrv-243xrv-242xrv-241"]]
  [1m[36mPlace Load (1.4ms)[0m  [1mSELECT "places".* FROM "places" WHERE "places"."id" = 207 LIMIT 1[0m
  [1m[35m (4.7ms)[0m  SELECT COUNT(*) FROM "route_indices" WHERE (url = 'xrv-272xrv-272xrv-22xrv219xrv231xrv233xrv234')
  [1m[36mPlaceType Load (0.3ms)[0m  [1mselect * from place_types where name='Hut'[0m
  [1m[35mSQL (0.5ms)[0m  INSERT INTO "route_indices" ("created_at", "endplace_id", "isDest", "startplace_id", "updated_at", "url") VALUES ($1, $2, $3, $4, $5, $6) RETURNING "id"  [["created_at", Mon, 27 Oct 2014 10:08:16 NZDT +13:00], ["endplace_id", 207], ["isDest", true], ["startplace_id", 974], ["updated_at", Mon, 27 Oct 2014 10:08:16 NZDT +13:00], ["url", "xrv-272xrv-272xrv-22xrv219xrv231xrv233xrv234"]]
  [1m[36mPlace Load (1.6ms)[0m  [1mSELECT "places".* FROM "places" WHERE "places"."id" = 258 LIMIT 1[0m
  [1m[35m (1.4ms)[0m  SELECT COUNT(*) FROM "route_indices" WHERE (url = 'xrv-272xrv-272xrv-22xrv-218xrv-217xrv-216xrv215')
  [1m[36mPlaceType Load (0.8ms)[0m  [1mselect * from place_types where name='Hut'[0m
  [1m[35mSQL (5.3ms)[0m  INSERT INTO "route_indices" ("created_at", "endplace_id", "isDest", "startplace_id", "updated_at", "url") VALUES ($1, $2, $3, $4, $5, $6) RETURNING "id"  [["created_at", Mon, 27 Oct 2014 10:08:16 NZDT +13:00], ["endplace_id", 258], ["isDest", true], ["startplace_id", 974], ["updated_at", Mon, 27 Oct 2014 10:08:16 NZDT +13:00], ["url", "xrv-272xrv-272xrv-22xrv-218xrv-217xrv-216xrv215"]]
  [1m[36mPlace Load (0.3ms)[0m  [1mSELECT "places".* FROM "places" WHERE "places"."id" = 58 LIMIT 1[0m
  [1m[35m (1.4ms)[0m  SELECT COUNT(*) FROM "route_indices" WHERE (url = 'xrv-272xrv-272xrv-22xrv-218xrv-217xrv-216xrv-214')
  [1m[36mPlaceType Load (0.2ms)[0m  [1mselect * from place_types where name='Hut'[0m
  [1m[35mSQL (1.2ms)[0m  INSERT INTO "route_indices" ("created_at", "endplace_id", "isDest", "startplace_id", "updated_at", "url") VALUES ($1, $2, $3, $4, $5, $6) RETURNING "id"  [["created_at", Mon, 27 Oct 2014 10:08:16 NZDT +13:00], ["endplace_id", 58], ["isDest", true], ["startplace_id", 974], ["updated_at", Mon, 27 Oct 2014 10:08:16 NZDT +13:00], ["url", "xrv-272xrv-272xrv-22xrv-218xrv-217xrv-216xrv-214"]]
  [1m[36mPlace Load (0.8ms)[0m  [1mSELECT "places".* FROM "places" WHERE "places"."id" = 45 LIMIT 1[0m
  [1m[35m (1.3ms)[0m  SELECT COUNT(*) FROM "route_indices" WHERE (url = 'xrv-272xrv224xrv223xrv222xrv221xrv21xrv220xrv231')
  [1m[36mPlaceType Load (0.7ms)[0m  [1mselect * from place_types where name='Hut'[0m
  [1m[35mSQL (4.5ms)[0m  INSERT INTO "route_indices" ("created_at", "endplace_id", "isDest", "startplace_id", "updated_at", "url") VALUES ($1, $2, $3, $4, $5, $6) RETURNING "id"  [["created_at", Mon, 27 Oct 2014 10:08:16 NZDT +13:00], ["endplace_id", 45], ["isDest", true], ["startplace_id", 974], ["updated_at", Mon, 27 Oct 2014 10:08:16 NZDT +13:00], ["url", "xrv-272xrv224xrv223xrv222xrv221xrv21xrv220xrv231"]]
  [1m[36mPlace Load (0.3ms)[0m  [1mSELECT "places".* FROM "places" WHERE "places"."id" = 45 LIMIT 1[0m
  [1m[35m (1.2ms)[0m  SELECT COUNT(*) FROM "route_indices" WHERE (url = 'xrv-272xrv224xrv223xrv222xrv-238xrv-235xrv-234xrv-233')
  [1m[36mPlaceType Load (0.2ms)[0m  [1mselect * from place_types where name='Hut'[0m
  [1m[35mSQL (5.1ms)[0m  INSERT INTO "route_indices" ("created_at", "endplace_id", "isDest", "startplace_id", "updated_at", "url") VALUES ($1, $2, $3, $4, $5, $6) RETURNING "id"  [["created_at", Mon, 27 Oct 2014 10:08:16 NZDT +13:00], ["endplace_id", 45], ["isDest", true], ["startplace_id", 974], ["updated_at", Mon, 27 Oct 2014 10:08:16 NZDT +13:00], ["url", "xrv-272xrv224xrv223xrv222xrv-238xrv-235xrv-234xrv-233"]]
  [1m[36mPlace Load (0.3ms)[0m  [1mSELECT "places".* FROM "places" WHERE "places"."id" = 419 LIMIT 1[0m
  [1m[35m (1.1ms)[0m  SELECT COUNT(*) FROM "route_indices" WHERE (url = 'xrv-272xrv224xrv223xrv225xrv226xrv227xrv228xrv229')
  [1m[36mPlaceType Load (0.2ms)[0m  [1mselect * from place_types where name='Hut'[0m
  [1m[35mSQL (0.4ms)[0m  INSERT INTO "route_indices" ("created_at", "endplace_id", "isDest", "startplace_id", "updated_at", "url") VALUES ($1, $2, $3, $4, $5, $6) RETURNING "id"  [["created_at", Mon, 27 Oct 2014 10:08:16 NZDT +13:00], ["endplace_id", 419], ["isDest", true], ["startplace_id", 974], ["updated_at", Mon, 27 Oct 2014 10:08:16 NZDT +13:00], ["url", "xrv-272xrv224xrv223xrv225xrv226xrv227xrv228xrv229"]]
  [1m[36mPlace Load (0.3ms)[0m  [1mSELECT "places".* FROM "places" WHERE "places"."id" = 1130 LIMIT 1[0m
  [1m[35m (1.1ms)[0m  SELECT COUNT(*) FROM "route_indices" WHERE (url = 'xrv-272xrv224xrv223xrv225xrv226xrv227xrv-240')
  [1m[36mPlaceType Load (0.8ms)[0m  [1mselect * from place_types where name='Junction'[0m
  [1m[35mSQL (3.0ms)[0m  INSERT INTO "route_indices" ("created_at", "endplace_id", "isDest", "startplace_id", "updated_at", "url") VALUES ($1, $2, $3, $4, $5, $6) RETURNING "id"  [["created_at", Mon, 27 Oct 2014 10:08:16 NZDT +13:00], ["endplace_id", 1130], ["isDest", false], ["startplace_id", 974], ["updated_at", Mon, 27 Oct 2014 10:08:16 NZDT +13:00], ["url", "xrv-272xrv224xrv223xrv225xrv226xrv227xrv-240"]]
  [1m[36mPlace Load (0.3ms)[0m  [1mSELECT "places".* FROM "places" WHERE "places"."id" = 45 LIMIT 1[0m
  [1m[35m (2.5ms)[0m  SELECT COUNT(*) FROM "route_indices" WHERE (url = 'xrv-272xrv224xrv-237xrv238xrv221xrv21xrv220xrv231')
  [1m[36mPlaceType Load (0.2ms)[0m  [1mselect * from place_types where name='Hut'[0m
  [1m[35mSQL (6.0ms)[0m  INSERT INTO "route_indices" ("created_at", "endplace_id", "isDest", "startplace_id", "updated_at", "url") VALUES ($1, $2, $3, $4, $5, $6) RETURNING "id"  [["created_at", Mon, 27 Oct 2014 10:08:16 NZDT +13:00], ["endplace_id", 45], ["isDest", true], ["startplace_id", 974], ["updated_at", Mon, 27 Oct 2014 10:08:16 NZDT +13:00], ["url", "xrv-272xrv224xrv-237xrv238xrv221xrv21xrv220xrv231"]]
  [1m[36mPlace Load (0.3ms)[0m  [1mSELECT "places".* FROM "places" WHERE "places"."id" = 271 LIMIT 1[0m
  [1m[35m (1.2ms)[0m  SELECT COUNT(*) FROM "route_indices" WHERE (url = 'xrv-272xrv-272xrv-22xrv-218xrv-217xrv244xrv245xrv246')
  [1m[36mPlaceType Load (0.2ms)[0m  [1mselect * from place_types where name='Hut'[0m
  [1m[35mSQL (0.4ms)[0m  INSERT INTO "route_indices" ("created_at", "endplace_id", "isDest", "startplace_id", "updated_at", "url") VALUES ($1, $2, $3, $4, $5, $6) RETURNING "id"  [["created_at", Mon, 27 Oct 2014 10:08:16 NZDT +13:00], ["endplace_id", 271], ["isDest", true], ["startplace_id", 974], ["updated_at", Mon, 27 Oct 2014 10:08:16 NZDT +13:00], ["url", "xrv-272xrv-272xrv-22xrv-218xrv-217xrv244xrv245xrv246"]]
  [1m[36mPlace Load (0.3ms)[0m  [1mSELECT "places".* FROM "places" WHERE "places"."id" = 207 LIMIT 1[0m
  [1m[35m (1.1ms)[0m  SELECT COUNT(*) FROM "route_indices" WHERE (url = 'xrv-272xrv239xrv240xrv-227xrv-226xrv-225xrv222xrv-238xrv-235')
  [1m[36mPlaceType Load (0.2ms)[0m  [1mselect * from place_types where name='Hut'[0m
  [1m[35mSQL (4.2ms)[0m  INSERT INTO "route_indices" ("created_at", "endplace_id", "isDest", "startplace_id", "updated_at", "url") VALUES ($1, $2, $3, $4, $5, $6) RETURNING "id"  [["created_at", Mon, 27 Oct 2014 10:08:16 NZDT +13:00], ["endplace_id", 207], ["isDest", true], ["startplace_id", 974], ["updated_at", Mon, 27 Oct 2014 10:08:16 NZDT +13:00], ["url", "xrv-272xrv239xrv240xrv-227xrv-226xrv-225xrv222xrv-238xrv-235"]]
  [1m[36mPlace Load (0.3ms)[0m  [1mSELECT "places".* FROM "places" WHERE "places"."id" = 207 LIMIT 1[0m
  [1m[35m (1.1ms)[0m  SELECT COUNT(*) FROM "route_indices" WHERE (url = 'xrv-272xrv239xrv240xrv-227xrv-226xrv-225xrv-223xrv-237xrv-235')
  [1m[36mPlaceType Load (0.2ms)[0m  [1mselect * from place_types where name='Hut'[0m
  [1m[35mSQL (1.4ms)[0m  INSERT INTO "route_indices" ("created_at", "endplace_id", "isDest", "startplace_id", "updated_at", "url") VALUES ($1, $2, $3, $4, $5, $6) RETURNING "id"  [["created_at", Mon, 27 Oct 2014 10:08:16 NZDT +13:00], ["endplace_id", 207], ["isDest", true], ["startplace_id", 974], ["updated_at", Mon, 27 Oct 2014 10:08:16 NZDT +13:00], ["url", "xrv-272xrv239xrv240xrv-227xrv-226xrv-225xrv-223xrv-237xrv-235"]]
  [1m[36mPlace Load (6.7ms)[0m  [1mSELECT "places".* FROM "places" WHERE "places"."id" = 650 LIMIT 1[0m
  [1m[35m (1.1ms)[0m  SELECT COUNT(*) FROM "route_indices" WHERE (url = 'xrv-272xrv224xrv223xrv222xrv221xrv21xrv220xrv231xrv233')
  [1m[36mPlaceType Load (0.2ms)[0m  [1mselect * from place_types where name='Hut'[0m
  [1m[35mSQL (0.4ms)[0m  INSERT INTO "route_indices" ("created_at", "endplace_id", "isDest", "startplace_id", "updated_at", "url") VALUES ($1, $2, $3, $4, $5, $6) RETURNING "id"  [["created_at", Mon, 27 Oct 2014 10:08:16 NZDT +13:00], ["endplace_id", 650], ["isDest", true], ["startplace_id", 974], ["updated_at", Mon, 27 Oct 2014 10:08:16 NZDT +13:00], ["url", "xrv-272xrv224xrv223xrv222xrv221xrv21xrv220xrv231xrv233"]]
  [1m[36mPlace Load (0.3ms)[0m  [1mSELECT "places".* FROM "places" WHERE "places"."id" = 471 LIMIT 1[0m
  [1m[35m (1.1ms)[0m  SELECT COUNT(*) FROM "route_indices" WHERE (url = 'xrv-272xrv224xrv223xrv222xrv221xrv21xrv220xrv-219xrv22')
  [1m[36mPlaceType Load (0.2ms)[0m  [1mselect * from place_types where name='Hut'[0m
  [1m[35mSQL (0.4ms)[0m  INSERT INTO "route_indices" ("created_at", "endplace_id", "isDest", "startplace_id", "updated_at", "url") VALUES ($1, $2, $3, $4, $5, $6) RETURNING "id"  [["created_at", Mon, 27 Oct 2014 10:08:16 NZDT +13:00], ["endplace_id", 471], ["isDest", true], ["startplace_id", 974], ["updated_at", Mon, 27 Oct 2014 10:08:16 NZDT +13:00], ["url", "xrv-272xrv224xrv223xrv222xrv221xrv21xrv220xrv-219xrv22"]]
  [1m[36mPlace Load (0.7ms)[0m  [1mSELECT "places".* FROM "places" WHERE "places"."id" = 976 LIMIT 1[0m
  [1m[35m (2.1ms)[0m  SELECT COUNT(*) FROM "route_indices" WHERE (url = 'xrv-272xrv224xrv223xrv222xrv-238xrv-235xrv-234xrv-233xrv-231')
  [1m[36mPlaceType Load (2.6ms)[0m  [1mselect * from place_types where name='Summit'[0m
  [1m[35mSQL (0.4ms)[0m  INSERT INTO "route_indices" ("created_at", "endplace_id", "isDest", "startplace_id", "updated_at", "url") VALUES ($1, $2, $3, $4, $5, $6) RETURNING "id"  [["created_at", Mon, 27 Oct 2014 10:08:16 NZDT +13:00], ["endplace_id", 976], ["isDest", true], ["startplace_id", 974], ["updated_at", Mon, 27 Oct 2014 10:08:16 NZDT +13:00], ["url", "xrv-272xrv224xrv223xrv222xrv-238xrv-235xrv-234xrv-233xrv-231"]]
  [1m[36mPlace Load (3.4ms)[0m  [1mSELECT "places".* FROM "places" WHERE "places"."id" = 1132 LIMIT 1[0m
  [1m[35m (1.2ms)[0m  SELECT COUNT(*) FROM "route_indices" WHERE (url = 'xrv-272xrv224xrv223xrv222xrv-238xrv-235xrv-243xrv-242xrv-241')
  [1m[36mPlaceType Load (0.2ms)[0m  [1mselect * from place_types where name='Campsite'[0m
  [1m[35mSQL (2.9ms)[0m  INSERT INTO "route_indices" ("created_at", "endplace_id", "isDest", "startplace_id", "updated_at", "url") VALUES ($1, $2, $3, $4, $5, $6) RETURNING "id"  [["created_at", Mon, 27 Oct 2014 10:08:16 NZDT +13:00], ["endplace_id", 1132], ["isDest", true], ["startplace_id", 974], ["updated_at", Mon, 27 Oct 2014 10:08:16 NZDT +13:00], ["url", "xrv-272xrv224xrv223xrv222xrv-238xrv-235xrv-243xrv-242xrv-241"]]
  [1m[36mPlace Load (0.3ms)[0m  [1mSELECT "places".* FROM "places" WHERE "places"."id" = 1128 LIMIT 1[0m
  [1m[35m (1.1ms)[0m  SELECT COUNT(*) FROM "route_indices" WHERE (url = 'xrv-272xrv224xrv223xrv225xrv226xrv227xrv228xrv229xrv230')
  [1m[36mPlaceType Load (0.2ms)[0m  [1mselect * from place_types where name='Roadend'[0m
  [1m[35mSQL (4.5ms)[0m  INSERT INTO "route_indices" ("created_at", "endplace_id", "isDest", "startplace_id", "updated_at", "url") VALUES ($1, $2, $3, $4, $5, $6) RETURNING "id"  [["created_at", Mon, 27 Oct 2014 10:08:16 NZDT +13:00], ["endplace_id", 1128], ["isDest", true], ["startplace_id", 974], ["updated_at", Mon, 27 Oct 2014 10:08:16 NZDT +13:00], ["url", "xrv-272xrv224xrv223xrv225xrv226xrv227xrv228xrv229xrv230"]]
  [1m[36mPlace Load (0.3ms)[0m  [1mSELECT "places".* FROM "places" WHERE "places"."id" = 650 LIMIT 1[0m
  [1m[35m (1.2ms)[0m  SELECT COUNT(*) FROM "route_indices" WHERE (url = 'xrv-272xrv224xrv-237xrv238xrv221xrv21xrv220xrv231xrv233')
  [1m[36mPlaceType Load (0.3ms)[0m  [1mselect * from place_types where name='Hut'[0m
  [1m[35mSQL (0.4ms)[0m  INSERT INTO "route_indices" ("created_at", "endplace_id", "isDest", "startplace_id", "updated_at", "url") VALUES ($1, $2, $3, $4, $5, $6) RETURNING "id"  [["created_at", Mon, 27 Oct 2014 10:08:16 NZDT +13:00], ["endplace_id", 650], ["isDest", true], ["startplace_id", 974], ["updated_at", Mon, 27 Oct 2014 10:08:16 NZDT +13:00], ["url", "xrv-272xrv224xrv-237xrv238xrv221xrv21xrv220xrv231xrv233"]]
  [1m[36mPlace Load (0.3ms)[0m  [1mSELECT "places".* FROM "places" WHERE "places"."id" = 471 LIMIT 1[0m
  [1m[35m (5.6ms)[0m  SELECT COUNT(*) FROM "route_indices" WHERE (url = 'xrv-272xrv224xrv-237xrv238xrv221xrv21xrv220xrv-219xrv22')
  [1m[36mPlaceType Load (0.3ms)[0m  [1mselect * from place_types where name='Hut'[0m
  [1m[35mSQL (0.4ms)[0m  INSERT INTO "route_indices" ("created_at", "endplace_id", "isDest", "startplace_id", "updated_at", "url") VALUES ($1, $2, $3, $4, $5, $6) RETURNING "id"  [["created_at", Mon, 27 Oct 2014 10:08:16 NZDT +13:00], ["endplace_id", 471], ["isDest", true], ["startplace_id", 974], ["updated_at", Mon, 27 Oct 2014 10:08:16 NZDT +13:00], ["url", "xrv-272xrv224xrv-237xrv238xrv221xrv21xrv220xrv-219xrv22"]]
  [1m[36mPlace Load (0.3ms)[0m  [1mSELECT "places".* FROM "places" WHERE "places"."id" = 471 LIMIT 1[0m
  [1m[35m (1.2ms)[0m  SELECT COUNT(*) FROM "route_indices" WHERE (url = 'xrv-272xrv224xrv-237xrv-235xrv-234xrv-233xrv-231xrv-219xrv22')
  [1m[36mPlaceType Load (0.2ms)[0m  [1mselect * from place_types where name='Hut'[0m
  [1m[35mSQL (2.9ms)[0m  INSERT INTO "route_indices" ("created_at", "endplace_id", "isDest", "startplace_id", "updated_at", "url") VALUES ($1, $2, $3, $4, $5, $6) RETURNING "id"  [["created_at", Mon, 27 Oct 2014 10:08:16 NZDT +13:00], ["endplace_id", 471], ["isDest", true], ["startplace_id", 974], ["updated_at", Mon, 27 Oct 2014 10:08:16 NZDT +13:00], ["url", "xrv-272xrv224xrv-237xrv-235xrv-234xrv-233xrv-231xrv-219xrv22"]]
  [1m[36mPlace Load (0.3ms)[0m  [1mSELECT "places".* FROM "places" WHERE "places"."id" = 207 LIMIT 1[0m
  [1m[35m (1.2ms)[0m  SELECT COUNT(*) FROM "route_indices" WHERE (url = 'xrv-272xrv-272xrv-22xrv219xrv-220xrv-21xrv-221xrv-238xrv-235')
  [1m[36mPlaceType Load (0.2ms)[0m  [1mselect * from place_types where name='Hut'[0m
  [1m[35mSQL (4.7ms)[0m  INSERT INTO "route_indices" ("created_at", "endplace_id", "isDest", "startplace_id", "updated_at", "url") VALUES ($1, $2, $3, $4, $5, $6) RETURNING "id"  [["created_at", Mon, 27 Oct 2014 10:08:16 NZDT +13:00], ["endplace_id", 207], ["isDest", true], ["startplace_id", 974], ["updated_at", Mon, 27 Oct 2014 10:08:16 NZDT +13:00], ["url", "xrv-272xrv-272xrv-22xrv219xrv-220xrv-21xrv-221xrv-238xrv-235"]]
  [1m[36mPlace Load (0.3ms)[0m  [1mSELECT "places".* FROM "places" WHERE "places"."id" = 1125 LIMIT 1[0m
  [1m[35m (1.2ms)[0m  SELECT COUNT(*) FROM "route_indices" WHERE (url = 'xrv-272xrv-272xrv-22xrv219xrv-220xrv-21xrv-221xrv-222xrv225')
  [1m[36mPlaceType Load (0.3ms)[0m  [1mselect * from place_types where name='Campsite'[0m
  [1m[35mSQL (2.4ms)[0m  INSERT INTO "route_indices" ("created_at", "endplace_id", "isDest", "startplace_id", "updated_at", "url") VALUES ($1, $2, $3, $4, $5, $6) RETURNING "id"  [["created_at", Mon, 27 Oct 2014 10:08:16 NZDT +13:00], ["endplace_id", 1125], ["isDest", true], ["startplace_id", 974], ["updated_at", Mon, 27 Oct 2014 10:08:16 NZDT +13:00], ["url", "xrv-272xrv-272xrv-22xrv219xrv-220xrv-21xrv-221xrv-222xrv225"]]
  [1m[36mPlace Load (0.3ms)[0m  [1mSELECT "places".* FROM "places" WHERE "places"."id" = 528 LIMIT 1[0m
  [1m[35m (1.1ms)[0m  SELECT COUNT(*) FROM "route_indices" WHERE (url = 'xrv-272xrv-272xrv-22xrv-218xrv-217xrv-216xrv-214xrv-213xrv212')
  [1m[36mPlaceType Load (0.8ms)[0m  [1mselect * from place_types where name='Hut'[0m
  [1m[35mSQL (3.3ms)[0m  INSERT INTO "route_indices" ("created_at", "endplace_id", "isDest", "startplace_id", "updated_at", "url") VALUES ($1, $2, $3, $4, $5, $6) RETURNING "id"  [["created_at", Mon, 27 Oct 2014 10:08:16 NZDT +13:00], ["endplace_id", 528], ["isDest", true], ["startplace_id", 974], ["updated_at", Mon, 27 Oct 2014 10:08:16 NZDT +13:00], ["url", "xrv-272xrv-272xrv-22xrv-218xrv-217xrv-216xrv-214xrv-213xrv212"]]
  [1m[36mPlace Load (0.3ms)[0m  [1mSELECT "places".* FROM "places" WHERE "places"."id" = 827 LIMIT 1[0m
  [1m[35m (1.1ms)[0m  SELECT COUNT(*) FROM "route_indices" WHERE (url = 'xrv-272xrv-272xrv-22xrv-218xrv-217xrv-216xrv-214xrv-213xrv-211')
  [1m[36mPlaceType Load (0.2ms)[0m  [1mselect * from place_types where name='Hut'[0m
  [1m[35mSQL (5.0ms)[0m  INSERT INTO "route_indices" ("created_at", "endplace_id", "isDest", "startplace_id", "updated_at", "url") VALUES ($1, $2, $3, $4, $5, $6) RETURNING "id"  [["created_at", Mon, 27 Oct 2014 10:08:16 NZDT +13:00], ["endplace_id", 827], ["isDest", true], ["startplace_id", 974], ["updated_at", Mon, 27 Oct 2014 10:08:16 NZDT +13:00], ["url", "xrv-272xrv-272xrv-22xrv-218xrv-217xrv-216xrv-214xrv-213xrv-211"]]
  [1m[36mPlace Load (0.3ms)[0m  [1mSELECT "places".* FROM "places" WHERE "places"."id" = 976 LIMIT 1[0m
  [1m[35m (1.3ms)[0m  SELECT COUNT(*) FROM "route_indices" WHERE (url = 'xrv-272xrv239xrv240xrv-227xrv-226xrv-225xrv222xrv221xrv21xrv220')
  [1m[36mPlaceType Load (0.3ms)[0m  [1mselect * from place_types where name='Summit'[0m
  [1m[35mSQL (0.4ms)[0m  INSERT INTO "route_indices" ("created_at", "endplace_id", "isDest", "startplace_id", "updated_at", "url") VALUES ($1, $2, $3, $4, $5, $6) RETURNING "id"  [["created_at", Mon, 27 Oct 2014 10:08:16 NZDT +13:00], ["endplace_id", 976], ["isDest", true], ["startplace_id", 974], ["updated_at", Mon, 27 Oct 2014 10:08:16 NZDT +13:00], ["url", "xrv-272xrv239xrv240xrv-227xrv-226xrv-225xrv222xrv221xrv21xrv220"]]
  [1m[36mPlace Load (6.6ms)[0m  [1mSELECT "places".* FROM "places" WHERE "places"."id" = 1124 LIMIT 1[0m
  [1m[35m (1.3ms)[0m  SELECT COUNT(*) FROM "route_indices" WHERE (url = 'xrv-272xrv239xrv240xrv-227xrv-226xrv-225xrv222xrv-238xrv237')
  [1m[36mPlaceType Load (0.3ms)[0m  [1mselect * from place_types where name='Junction'[0m
  [1m[35mSQL (0.4ms)[0m  INSERT INTO "route_indices" ("created_at", "endplace_id", "isDest", "startplace_id", "updated_at", "url") VALUES ($1, $2, $3, $4, $5, $6) RETURNING "id"  [["created_at", Mon, 27 Oct 2014 10:08:16 NZDT +13:00], ["endplace_id", 1124], ["isDest", false], ["startplace_id", 974], ["updated_at", Mon, 27 Oct 2014 10:08:16 NZDT +13:00], ["url", "xrv-272xrv239xrv240xrv-227xrv-226xrv-225xrv222xrv-238xrv237"]]
  [1m[36mPlace Load (0.3ms)[0m  [1mSELECT "places".* FROM "places" WHERE "places"."id" = 650 LIMIT 1[0m
  [1m[35m (1.1ms)[0m  SELECT COUNT(*) FROM "route_indices" WHERE (url = 'xrv-272xrv239xrv240xrv-227xrv-226xrv-225xrv222xrv-238xrv-235xrv-234')
  [1m[36mPlaceType Load (0.2ms)[0m  [1mselect * from place_types where name='Hut'[0m
  [1m[35mSQL (6.5ms)[0m  INSERT INTO "route_indices" ("created_at", "endplace_id", "isDest", "startplace_id", "updated_at", "url") VALUES ($1, $2, $3, $4, $5, $6) RETURNING "id"  [["created_at", Mon, 27 Oct 2014 10:08:16 NZDT +13:00], ["endplace_id", 650], ["isDest", true], ["startplace_id", 974], ["updated_at", Mon, 27 Oct 2014 10:08:16 NZDT +13:00], ["url", "xrv-272xrv239xrv240xrv-227xrv-226xrv-225xrv222xrv-238xrv-235xrv-234"]]
  [1m[36mPlace Load (0.3ms)[0m  [1mSELECT "places".* FROM "places" WHERE "places"."id" = 650 LIMIT 1[0m
  [1m[35m (1.2ms)[0m  SELECT COUNT(*) FROM "route_indices" WHERE (url = 'xrv-272xrv239xrv240xrv-227xrv-226xrv-225xrv-223xrv-237xrv-235xrv-234')
  [1m[36mPlaceType Load (0.3ms)[0m  [1mselect * from place_types where name='Hut'[0m
  [1m[35mSQL (0.4ms)[0m  INSERT INTO "route_indices" ("created_at", "endplace_id", "isDest", "startplace_id", "updated_at", "url") VALUES ($1, $2, $3, $4, $5, $6) RETURNING "id"  [["created_at", Mon, 27 Oct 2014 10:08:16 NZDT +13:00], ["endplace_id", 650], ["isDest", true], ["startplace_id", 974], ["updated_at", Mon, 27 Oct 2014 10:08:16 NZDT +13:00], ["url", "xrv-272xrv239xrv240xrv-227xrv-226xrv-225xrv-223xrv-237xrv-235xrv-234"]]
  [1m[36mPlace Load (0.3ms)[0m  [1mSELECT "places".* FROM "places" WHERE "places"."id" = 207 LIMIT 1[0m
  [1m[35m (1.1ms)[0m  SELECT COUNT(*) FROM "route_indices" WHERE (url = 'xrv-272xrv224xrv223xrv222xrv221xrv21xrv220xrv231xrv233xrv234')
  [1m[36mPlaceType Load (0.2ms)[0m  [1mselect * from place_types where name='Hut'[0m
  [1m[35mSQL (7.3ms)[0m  INSERT INTO "route_indices" ("created_at", "endplace_id", "isDest", "startplace_id", "updated_at", "url") VALUES ($1, $2, $3, $4, $5, $6) RETURNING "id"  [["created_at", Mon, 27 Oct 2014 10:08:16 NZDT +13:00], ["endplace_id", 207], ["isDest", true], ["startplace_id", 974], ["updated_at", Mon, 27 Oct 2014 10:08:16 NZDT +13:00], ["url", "xrv-272xrv224xrv223xrv222xrv221xrv21xrv220xrv231xrv233xrv234"]]
  [1m[36mPlace Load (0.4ms)[0m  [1mSELECT "places".* FROM "places" WHERE "places"."id" = 207 LIMIT 1[0m
  [1m[35m (1.4ms)[0m  SELECT COUNT(*) FROM "route_indices" WHERE (url = 'xrv-272xrv224xrv-237xrv238xrv221xrv21xrv220xrv231xrv233xrv234')
  [1m[36mPlaceType Load (0.3ms)[0m  [1mselect * from place_types where name='Hut'[0m
  [1m[35mSQL (0.6ms)[0m  INSERT INTO "route_indices" ("created_at", "endplace_id", "isDest", "startplace_id", "updated_at", "url") VALUES ($1, $2, $3, $4, $5, $6) RETURNING "id"  [["created_at", Mon, 27 Oct 2014 10:08:16 NZDT +13:00], ["endplace_id", 207], ["isDest", true], ["startplace_id", 974], ["updated_at", Mon, 27 Oct 2014 10:08:16 NZDT +13:00], ["url", "xrv-272xrv224xrv-237xrv238xrv221xrv21xrv220xrv231xrv233xrv234"]]
  [1m[36mPlace Load (0.3ms)[0m  [1mSELECT "places".* FROM "places" WHERE "places"."id" = 419 LIMIT 1[0m
  [1m[35m (1.2ms)[0m  SELECT COUNT(*) FROM "route_indices" WHERE (url = 'xrv-272xrv224xrv-237xrv238xrv-222xrv225xrv226xrv227xrv228xrv229')
  [1m[36mPlaceType Load (0.3ms)[0m  [1mselect * from place_types where name='Hut'[0m
  [1m[35mSQL (0.4ms)[0m  INSERT INTO "route_indices" ("created_at", "endplace_id", "isDest", "startplace_id", "updated_at", "url") VALUES ($1, $2, $3, $4, $5, $6) RETURNING "id"  [["created_at", Mon, 27 Oct 2014 10:08:16 NZDT +13:00], ["endplace_id", 419], ["isDest", true], ["startplace_id", 974], ["updated_at", Mon, 27 Oct 2014 10:08:16 NZDT +13:00], ["url", "xrv-272xrv224xrv-237xrv238xrv-222xrv225xrv226xrv227xrv228xrv229"]]
  [1m[36mPlace Load (5.6ms)[0m  [1mSELECT "places".* FROM "places" WHERE "places"."id" = 1130 LIMIT 1[0m
  [1m[35m (1.1ms)[0m  SELECT COUNT(*) FROM "route_indices" WHERE (url = 'xrv-272xrv224xrv-237xrv238xrv-222xrv225xrv226xrv227xrv-240')
  [1m[36mPlaceType Load (0.2ms)[0m  [1mselect * from place_types where name='Junction'[0m
  [1m[35mSQL (0.5ms)[0m  INSERT INTO "route_indices" ("created_at", "endplace_id", "isDest", "startplace_id", "updated_at", "url") VALUES ($1, $2, $3, $4, $5, $6) RETURNING "id"  [["created_at", Mon, 27 Oct 2014 10:08:16 NZDT +13:00], ["endplace_id", 1130], ["isDest", false], ["startplace_id", 974], ["updated_at", Mon, 27 Oct 2014 10:08:16 NZDT +13:00], ["url", "xrv-272xrv224xrv-237xrv238xrv-222xrv225xrv226xrv227xrv-240"]]
  [1m[36mPlace Load (0.3ms)[0m  [1mSELECT "places".* FROM "places" WHERE "places"."id" = 1132 LIMIT 1[0m
  [1m[35m (1.1ms)[0m  SELECT COUNT(*) FROM "route_indices" WHERE (url = 'xrv-272xrv-272xrv-22xrv219xrv231xrv233xrv234xrv-243xrv-242xrv-241')
  [1m[36mPlaceType Load (0.2ms)[0m  [1mselect * from place_types where name='Campsite'[0m
  [1m[35mSQL (4.5ms)[0m  INSERT INTO "route_indices" ("created_at", "endplace_id", "isDest", "startplace_id", "updated_at", "url") VALUES ($1, $2, $3, $4, $5, $6) RETURNING "id"  [["created_at", Mon, 27 Oct 2014 10:08:16 NZDT +13:00], ["endplace_id", 1132], ["isDest", true], ["startplace_id", 974], ["updated_at", Mon, 27 Oct 2014 10:08:16 NZDT +13:00], ["url", "xrv-272xrv-272xrv-22xrv219xrv231xrv233xrv234xrv-243xrv-242xrv-241"]]
  [1m[36mPlace Load (0.3ms)[0m  [1mSELECT "places".* FROM "places" WHERE "places"."id" = 650 LIMIT 1[0m
  [1m[35m (1.1ms)[0m  SELECT COUNT(*) FROM "route_indices" WHERE (url = 'xrv-272xrv-272xrv-22xrv219xrv-220xrv-21xrv-221xrv-238xrv-235xrv-234')
  [1m[36mPlaceType Load (0.3ms)[0m  [1mselect * from place_types where name='Hut'[0m
  [1m[35mSQL (0.4ms)[0m  INSERT INTO "route_indices" ("created_at", "endplace_id", "isDest", "startplace_id", "updated_at", "url") VALUES ($1, $2, $3, $4, $5, $6) RETURNING "id"  [["created_at", Mon, 27 Oct 2014 10:08:16 NZDT +13:00], ["endplace_id", 650], ["isDest", true], ["startplace_id", 974], ["updated_at", Mon, 27 Oct 2014 10:08:16 NZDT +13:00], ["url", "xrv-272xrv-272xrv-22xrv219xrv-220xrv-21xrv-221xrv-238xrv-235xrv-234"]]
  [1m[36mPlace Load (0.3ms)[0m  [1mSELECT "places".* FROM "places" WHERE "places"."id" = 769 LIMIT 1[0m
  [1m[35m (6.3ms)[0m  SELECT COUNT(*) FROM "route_indices" WHERE (url = 'xrv-272xrv-272xrv-22xrv219xrv-220xrv-21xrv-221xrv-222xrv225xrv226')
  [1m[36mPlaceType Load (0.3ms)[0m  [1mselect * from place_types where name='Hut'[0m
  [1m[35mSQL (0.4ms)[0m  INSERT INTO "route_indices" ("created_at", "endplace_id", "isDest", "startplace_id", "updated_at", "url") VALUES ($1, $2, $3, $4, $5, $6) RETURNING "id"  [["created_at", Mon, 27 Oct 2014 10:08:16 NZDT +13:00], ["endplace_id", 769], ["isDest", true], ["startplace_id", 974], ["updated_at", Mon, 27 Oct 2014 10:08:16 NZDT +13:00], ["url", "xrv-272xrv-272xrv-22xrv219xrv-220xrv-21xrv-221xrv-222xrv225xrv226"]]
  [1m[36mPlace Load (0.3ms)[0m  [1mSELECT "places".* FROM "places" WHERE "places"."id" = 397 LIMIT 1[0m
  [1m[35m (1.3ms)[0m  SELECT COUNT(*) FROM "route_indices" WHERE (url = 'xrv-272xrv-272xrv-22xrv-218xrv-217xrv-216xrv-214xrv-213xrv-211xrv-210')
  [1m[36mPlaceType Load (0.2ms)[0m  [1mselect * from place_types where name='Hut'[0m
  [1m[35mSQL (5.7ms)[0m  INSERT INTO "route_indices" ("created_at", "endplace_id", "isDest", "startplace_id", "updated_at", "url") VALUES ($1, $2, $3, $4, $5, $6) RETURNING "id"  [["created_at", Mon, 27 Oct 2014 10:08:16 NZDT +13:00], ["endplace_id", 397], ["isDest", true], ["startplace_id", 974], ["updated_at", Mon, 27 Oct 2014 10:08:16 NZDT +13:00], ["url", "xrv-272xrv-272xrv-22xrv-218xrv-217xrv-216xrv-214xrv-213xrv-211xrv-210"]]
  [1m[36mPlace Load (0.4ms)[0m  [1mSELECT "places".* FROM "places" WHERE "places"."id" = 45 LIMIT 1[0m
  [1m[35m (1.3ms)[0m  SELECT COUNT(*) FROM "route_indices" WHERE (url = 'xrv-272xrv239xrv240xrv-227xrv-226xrv-225xrv222xrv221xrv21xrv220xrv231')
  [1m[36mPlaceType Load (10.6ms)[0m  [1mselect * from place_types where name='Hut'[0m
  [1m[35mSQL (0.9ms)[0m  INSERT INTO "route_indices" ("created_at", "endplace_id", "isDest", "startplace_id", "updated_at", "url") VALUES ($1, $2, $3, $4, $5, $6) RETURNING "id"  [["created_at", Mon, 27 Oct 2014 10:08:16 NZDT +13:00], ["endplace_id", 45], ["isDest", true], ["startplace_id", 974], ["updated_at", Mon, 27 Oct 2014 10:08:16 NZDT +13:00], ["url", "xrv-272xrv239xrv240xrv-227xrv-226xrv-225xrv222xrv221xrv21xrv220xrv231"]]
  [1m[36mPlace Load (0.5ms)[0m  [1mSELECT "places".* FROM "places" WHERE "places"."id" = 45 LIMIT 1[0m
  [1m[35m (1.4ms)[0m  SELECT COUNT(*) FROM "route_indices" WHERE (url = 'xrv-272xrv239xrv240xrv-227xrv-226xrv-225xrv222xrv-238xrv-235xrv-234xrv-233')
  [1m[36mPlaceType Load (0.5ms)[0m  [1mselect * from place_types where name='Hut'[0m
  [1m[35mSQL (0.4ms)[0m  INSERT INTO "route_indices" ("created_at", "endplace_id", "isDest", "startplace_id", "updated_at", "url") VALUES ($1, $2, $3, $4, $5, $6) RETURNING "id"  [["created_at", Mon, 27 Oct 2014 10:08:16 NZDT +13:00], ["endplace_id", 45], ["isDest", true], ["startplace_id", 974], ["updated_at", Mon, 27 Oct 2014 10:08:16 NZDT +13:00], ["url", "xrv-272xrv239xrv240xrv-227xrv-226xrv-225xrv222xrv-238xrv-235xrv-234xrv-233"]]
  [1m[36mPlace Load (0.3ms)[0m  [1mSELECT "places".* FROM "places" WHERE "places"."id" = 45 LIMIT 1[0m
  [1m[35m (1.1ms)[0m  SELECT COUNT(*) FROM "route_indices" WHERE (url = 'xrv-272xrv239xrv240xrv-227xrv-226xrv-225xrv-223xrv-237xrv-235xrv-234xrv-233')
  [1m[36mPlaceType Load (1.9ms)[0m  [1mselect * from place_types where name='Hut'[0m
  [1m[35mSQL (1.0ms)[0m  INSERT INTO "route_indices" ("created_at", "endplace_id", "isDest", "startplace_id", "updated_at", "url") VALUES ($1, $2, $3, $4, $5, $6) RETURNING "id"  [["created_at", Mon, 27 Oct 2014 10:08:16 NZDT +13:00], ["endplace_id", 45], ["isDest", true], ["startplace_id", 974], ["updated_at", Mon, 27 Oct 2014 10:08:16 NZDT +13:00], ["url", "xrv-272xrv239xrv240xrv-227xrv-226xrv-225xrv-223xrv-237xrv-235xrv-234xrv-233"]]
  [1m[36mPlace Load (4.7ms)[0m  [1mSELECT "places".* FROM "places" WHERE "places"."id" = 471 LIMIT 1[0m
  [1m[35m (1.2ms)[0m  SELECT COUNT(*) FROM "route_indices" WHERE (url = 'xrv-272xrv224xrv223xrv222xrv-238xrv-235xrv-234xrv-233xrv-231xrv-219xrv22')
  [1m[36mPlaceType Load (0.2ms)[0m  [1mselect * from place_types where name='Hut'[0m
  [1m[35mSQL (0.4ms)[0m  INSERT INTO "route_indices" ("created_at", "endplace_id", "isDest", "startplace_id", "updated_at", "url") VALUES ($1, $2, $3, $4, $5, $6) RETURNING "id"  [["created_at", Mon, 27 Oct 2014 10:08:16 NZDT +13:00], ["endplace_id", 471], ["isDest", true], ["startplace_id", 974], ["updated_at", Mon, 27 Oct 2014 10:08:16 NZDT +13:00], ["url", "xrv-272xrv224xrv223xrv222xrv-238xrv-235xrv-234xrv-233xrv-231xrv-219xrv22"]]
  [1m[36mPlace Load (0.3ms)[0m  [1mSELECT "places".* FROM "places" WHERE "places"."id" = 1128 LIMIT 1[0m
  [1m[35m (1.9ms)[0m  SELECT COUNT(*) FROM "route_indices" WHERE (url = 'xrv-272xrv224xrv-237xrv238xrv-222xrv225xrv226xrv227xrv228xrv229xrv230')
  [1m[36mPlaceType Load (0.2ms)[0m  [1mselect * from place_types where name='Roadend'[0m
  [1m[35mSQL (2.1ms)[0m  INSERT INTO "route_indices" ("created_at", "endplace_id", "isDest", "startplace_id", "updated_at", "url") VALUES ($1, $2, $3, $4, $5, $6) RETURNING "id"  [["created_at", Mon, 27 Oct 2014 10:08:16 NZDT +13:00], ["endplace_id", 1128], ["isDest", true], ["startplace_id", 974], ["updated_at", Mon, 27 Oct 2014 10:08:16 NZDT +13:00], ["url", "xrv-272xrv224xrv-237xrv238xrv-222xrv225xrv226xrv227xrv228xrv229xrv230"]]
  [1m[36mPlace Load (3.5ms)[0m  [1mSELECT "places".* FROM "places" WHERE "places"."id" = 1125 LIMIT 1[0m
  [1m[35m (1.2ms)[0m  SELECT COUNT(*) FROM "route_indices" WHERE (url = 'xrv-272xrv-272xrv-22xrv219xrv231xrv233xrv234xrv235xrv237xrv223xrv225')
  [1m[36mPlaceType Load (0.2ms)[0m  [1mselect * from place_types where name='Campsite'[0m
  [1m[35mSQL (0.4ms)[0m  INSERT INTO "route_indices" ("created_at", "endplace_id", "isDest", "startplace_id", "updated_at", "url") VALUES ($1, $2, $3, $4, $5, $6) RETURNING "id"  [["created_at", Mon, 27 Oct 2014 10:08:16 NZDT +13:00], ["endplace_id", 1125], ["isDest", true], ["startplace_id", 974], ["updated_at", Mon, 27 Oct 2014 10:08:16 NZDT +13:00], ["url", "xrv-272xrv-272xrv-22xrv219xrv231xrv233xrv234xrv235xrv237xrv223xrv225"]]
  [1m[36mPlace Load (5.3ms)[0m  [1mSELECT "places".* FROM "places" WHERE "places"."id" = 1125 LIMIT 1[0m
  [1m[35m (1.1ms)[0m  SELECT COUNT(*) FROM "route_indices" WHERE (url = 'xrv-272xrv-272xrv-22xrv219xrv231xrv233xrv234xrv235xrv238xrv-222xrv225')
  [1m[36mPlaceType Load (0.2ms)[0m  [1mselect * from place_types where name='Campsite'[0m
  [1m[35mSQL (0.4ms)[0m  INSERT INTO "route_indices" ("created_at", "endplace_id", "isDest", "startplace_id", "updated_at", "url") VALUES ($1, $2, $3, $4, $5, $6) RETURNING "id"  [["created_at", Mon, 27 Oct 2014 10:08:16 NZDT +13:00], ["endplace_id", 1125], ["isDest", true], ["startplace_id", 974], ["updated_at", Mon, 27 Oct 2014 10:08:16 NZDT +13:00], ["url", "xrv-272xrv-272xrv-22xrv219xrv231xrv233xrv234xrv235xrv238xrv-222xrv225"]]
  [1m[36mPlace Load (0.3ms)[0m  [1mSELECT "places".* FROM "places" WHERE "places"."id" = 1125 LIMIT 1[0m
  [1m[35m (1.1ms)[0m  SELECT COUNT(*) FROM "route_indices" WHERE (url = 'xrv-272xrv-272xrv-22xrv219xrv-220xrv-21xrv-221xrv-238xrv237xrv223xrv225')
  [1m[36mPlaceType Load (0.2ms)[0m  [1mselect * from place_types where name='Campsite'[0m
  [1m[35mSQL (3.4ms)[0m  INSERT INTO "route_indices" ("created_at", "endplace_id", "isDest", "startplace_id", "updated_at", "url") VALUES ($1, $2, $3, $4, $5, $6) RETURNING "id"  [["created_at", Mon, 27 Oct 2014 10:08:16 NZDT +13:00], ["endplace_id", 1125], ["isDest", true], ["startplace_id", 974], ["updated_at", Mon, 27 Oct 2014 10:08:16 NZDT +13:00], ["url", "xrv-272xrv-272xrv-22xrv219xrv-220xrv-21xrv-221xrv-238xrv237xrv223xrv225"]]
  [1m[36mPlace Load (0.3ms)[0m  [1mSELECT "places".* FROM "places" WHERE "places"."id" = 45 LIMIT 1[0m
  [1m[35m (1.2ms)[0m  SELECT COUNT(*) FROM "route_indices" WHERE (url = 'xrv-272xrv-272xrv-22xrv219xrv-220xrv-21xrv-221xrv-238xrv-235xrv-234xrv-233')
  [1m[36mPlaceType Load (0.2ms)[0m  [1mselect * from place_types where name='Hut'[0m
  [1m[35mSQL (1.4ms)[0m  INSERT INTO "route_indices" ("created_at", "endplace_id", "isDest", "startplace_id", "updated_at", "url") VALUES ($1, $2, $3, $4, $5, $6) RETURNING "id"  [["created_at", Mon, 27 Oct 2014 10:08:16 NZDT +13:00], ["endplace_id", 45], ["isDest", true], ["startplace_id", 974], ["updated_at", Mon, 27 Oct 2014 10:08:16 NZDT +13:00], ["url", "xrv-272xrv-272xrv-22xrv219xrv-220xrv-21xrv-221xrv-238xrv-235xrv-234xrv-233"]]
  [1m[36mPlace Load (1.1ms)[0m  [1mSELECT "places".* FROM "places" WHERE "places"."id" = 207 LIMIT 1[0m
  [1m[35m (5.0ms)[0m  SELECT COUNT(*) FROM "route_indices" WHERE (url = 'xrv-272xrv-272xrv-22xrv219xrv-220xrv-21xrv-221xrv-222xrv-223xrv-237xrv-235')
  [1m[36mPlaceType Load (0.2ms)[0m  [1mselect * from place_types where name='Hut'[0m
  [1m[35mSQL (0.4ms)[0m  INSERT INTO "route_indices" ("created_at", "endplace_id", "isDest", "startplace_id", "updated_at", "url") VALUES ($1, $2, $3, $4, $5, $6) RETURNING "id"  [["created_at", Mon, 27 Oct 2014 10:08:16 NZDT +13:00], ["endplace_id", 207], ["isDest", true], ["startplace_id", 974], ["updated_at", Mon, 27 Oct 2014 10:08:16 NZDT +13:00], ["url", "xrv-272xrv-272xrv-22xrv219xrv-220xrv-21xrv-221xrv-222xrv-223xrv-237xrv-235"]]
  [1m[36mPlace Load (0.3ms)[0m  [1mSELECT "places".* FROM "places" WHERE "places"."id" = 650 LIMIT 1[0m
  [1m[35m (1.1ms)[0m  SELECT COUNT(*) FROM "route_indices" WHERE (url = 'xrv-272xrv239xrv240xrv-227xrv-226xrv-225xrv222xrv221xrv21xrv220xrv231xrv233')
  [1m[36mPlaceType Load (0.2ms)[0m  [1mselect * from place_types where name='Hut'[0m
  [1m[35mSQL (2.2ms)[0m  INSERT INTO "route_indices" ("created_at", "endplace_id", "isDest", "startplace_id", "updated_at", "url") VALUES ($1, $2, $3, $4, $5, $6) RETURNING "id"  [["created_at", Mon, 27 Oct 2014 10:08:16 NZDT +13:00], ["endplace_id", 650], ["isDest", true], ["startplace_id", 974], ["updated_at", Mon, 27 Oct 2014 10:08:16 NZDT +13:00], ["url", "xrv-272xrv239xrv240xrv-227xrv-226xrv-225xrv222xrv221xrv21xrv220xrv231xrv233"]]
  [1m[36mPlace Load (3.5ms)[0m  [1mSELECT "places".* FROM "places" WHERE "places"."id" = 471 LIMIT 1[0m
  [1m[35m (1.1ms)[0m  SELECT COUNT(*) FROM "route_indices" WHERE (url = 'xrv-272xrv239xrv240xrv-227xrv-226xrv-225xrv222xrv221xrv21xrv220xrv-219xrv22')
  [1m[36mPlaceType Load (0.2ms)[0m  [1mselect * from place_types where name='Hut'[0m
  [1m[35mSQL (0.4ms)[0m  INSERT INTO "route_indices" ("created_at", "endplace_id", "isDest", "startplace_id", "updated_at", "url") VALUES ($1, $2, $3, $4, $5, $6) RETURNING "id"  [["created_at", Mon, 27 Oct 2014 10:08:16 NZDT +13:00], ["endplace_id", 471], ["isDest", true], ["startplace_id", 974], ["updated_at", Mon, 27 Oct 2014 10:08:16 NZDT +13:00], ["url", "xrv-272xrv239xrv240xrv-227xrv-226xrv-225xrv222xrv221xrv21xrv220xrv-219xrv22"]]
  [1m[36mPlace Load (1.0ms)[0m  [1mSELECT "places".* FROM "places" WHERE "places"."id" = 976 LIMIT 1[0m
  [1m[35m (6.6ms)[0m  SELECT COUNT(*) FROM "route_indices" WHERE (url = 'xrv-272xrv239xrv240xrv-227xrv-226xrv-225xrv222xrv-238xrv-235xrv-234xrv-233xrv-231')
  [1m[36mPlaceType Load (0.2ms)[0m  [1mselect * from place_types where name='Summit'[0m
  [1m[35mSQL (0.4ms)[0m  INSERT INTO "route_indices" ("created_at", "endplace_id", "isDest", "startplace_id", "updated_at", "url") VALUES ($1, $2, $3, $4, $5, $6) RETURNING "id"  [["created_at", Mon, 27 Oct 2014 10:08:16 NZDT +13:00], ["endplace_id", 976], ["isDest", true], ["startplace_id", 974], ["updated_at", Mon, 27 Oct 2014 10:08:16 NZDT +13:00], ["url", "xrv-272xrv239xrv240xrv-227xrv-226xrv-225xrv222xrv-238xrv-235xrv-234xrv-233xrv-231"]]
  [1m[36mPlace Load (0.4ms)[0m  [1mSELECT "places".* FROM "places" WHERE "places"."id" = 1132 LIMIT 1[0m
  [1m[35m (1.2ms)[0m  SELECT COUNT(*) FROM "route_indices" WHERE (url = 'xrv-272xrv239xrv240xrv-227xrv-226xrv-225xrv222xrv-238xrv-235xrv-243xrv-242xrv-241')
  [1m[36mPlaceType Load (0.2ms)[0m  [1mselect * from place_types where name='Campsite'[0m
  [1m[35mSQL (6.2ms)[0m  INSERT INTO "route_indices" ("created_at", "endplace_id", "isDest", "startplace_id", "updated_at", "url") VALUES ($1, $2, $3, $4, $5, $6) RETURNING "id"  [["created_at", Mon, 27 Oct 2014 10:08:16 NZDT +13:00], ["endplace_id", 1132], ["isDest", true], ["startplace_id", 974], ["updated_at", Mon, 27 Oct 2014 10:08:16 NZDT +13:00], ["url", "xrv-272xrv239xrv240xrv-227xrv-226xrv-225xrv222xrv-238xrv-235xrv-243xrv-242xrv-241"]]
  [1m[36mPlace Load (0.3ms)[0m  [1mSELECT "places".* FROM "places" WHERE "places"."id" = 976 LIMIT 1[0m
  [1m[35m (1.1ms)[0m  SELECT COUNT(*) FROM "route_indices" WHERE (url = 'xrv-272xrv239xrv240xrv-227xrv-226xrv-225xrv-223xrv-237xrv238xrv221xrv21xrv220')
  [1m[36mPlaceType Load (0.2ms)[0m  [1mselect * from place_types where name='Summit'[0m
  [1m[35mSQL (0.4ms)[0m  INSERT INTO "route_indices" ("created_at", "endplace_id", "isDest", "startplace_id", "updated_at", "url") VALUES ($1, $2, $3, $4, $5, $6) RETURNING "id"  [["created_at", Mon, 27 Oct 2014 10:08:16 NZDT +13:00], ["endplace_id", 976], ["isDest", true], ["startplace_id", 974], ["updated_at", Mon, 27 Oct 2014 10:08:16 NZDT +13:00], ["url", "xrv-272xrv239xrv240xrv-227xrv-226xrv-225xrv-223xrv-237xrv238xrv221xrv21xrv220"]]
  [1m[36mPlace Load (0.3ms)[0m  [1mSELECT "places".* FROM "places" WHERE "places"."id" = 976 LIMIT 1[0m
  [1m[35m (1.1ms)[0m  SELECT COUNT(*) FROM "route_indices" WHERE (url = 'xrv-272xrv239xrv240xrv-227xrv-226xrv-225xrv-223xrv-237xrv-235xrv-234xrv-233xrv-231')
  [1m[36mPlaceType Load (0.2ms)[0m  [1mselect * from place_types where name='Summit'[0m
  [1m[35mSQL (1.6ms)[0m  INSERT INTO "route_indices" ("created_at", "endplace_id", "isDest", "startplace_id", "updated_at", "url") VALUES ($1, $2, $3, $4, $5, $6) RETURNING "id"  [["created_at", Mon, 27 Oct 2014 10:08:16 NZDT +13:00], ["endplace_id", 976], ["isDest", true], ["startplace_id", 974], ["updated_at", Mon, 27 Oct 2014 10:08:16 NZDT +13:00], ["url", "xrv-272xrv239xrv240xrv-227xrv-226xrv-225xrv-223xrv-237xrv-235xrv-234xrv-233xrv-231"]]
  [1m[36mPlace Load (0.3ms)[0m  [1mSELECT "places".* FROM "places" WHERE "places"."id" = 1132 LIMIT 1[0m
  [1m[35m (2.2ms)[0m  SELECT COUNT(*) FROM "route_indices" WHERE (url = 'xrv-272xrv239xrv240xrv-227xrv-226xrv-225xrv-223xrv-237xrv-235xrv-243xrv-242xrv-241')
  [1m[36mPlaceType Load (3.4ms)[0m  [1mselect * from place_types where name='Campsite'[0m
  [1m[35mSQL (0.4ms)[0m  INSERT INTO "route_indices" ("created_at", "endplace_id", "isDest", "startplace_id", "updated_at", "url") VALUES ($1, $2, $3, $4, $5, $6) RETURNING "id"  [["created_at", Mon, 27 Oct 2014 10:08:16 NZDT +13:00], ["endplace_id", 1132], ["isDest", true], ["startplace_id", 974], ["updated_at", Mon, 27 Oct 2014 10:08:16 NZDT +13:00], ["url", "xrv-272xrv239xrv240xrv-227xrv-226xrv-225xrv-223xrv-237xrv-235xrv-243xrv-242xrv-241"]]
  [1m[36mPlace Load (0.4ms)[0m  [1mSELECT "places".* FROM "places" WHERE "places"."id" = 1129 LIMIT 1[0m
  [1m[35m (1.1ms)[0m  SELECT COUNT(*) FROM "route_indices" WHERE (url = 'xrv-272xrv224xrv223xrv222xrv221xrv21xrv220xrv231xrv233xrv234xrv235')
  [1m[36mPlaceType Load (0.9ms)[0m  [1mselect * from place_types where name='Junction'[0m
  [1m[35mSQL (4.6ms)[0m  INSERT INTO "route_indices" ("created_at", "endplace_id", "isDest", "startplace_id", "updated_at", "url") VALUES ($1, $2, $3, $4, $5, $6) RETURNING "id"  [["created_at", Mon, 27 Oct 2014 10:08:16 NZDT +13:00], ["endplace_id", 1129], ["isDest", false], ["startplace_id", 974], ["updated_at", Mon, 27 Oct 2014 10:08:16 NZDT +13:00], ["url", "xrv-272xrv224xrv223xrv222xrv221xrv21xrv220xrv231xrv233xrv234xrv235"]]
  [1m[36mPlace Load (0.3ms)[0m  [1mSELECT "places".* FROM "places" WHERE "places"."id" = 258 LIMIT 1[0m
  [1m[35m (1.1ms)[0m  SELECT COUNT(*) FROM "route_indices" WHERE (url = 'xrv-272xrv224xrv223xrv222xrv221xrv21xrv220xrv-219xrv-218xrv-217xrv-216xrv215')
  [1m[36mPlaceType Load (0.2ms)[0m  [1mselect * from place_types where name='Hut'[0m
  [1m[35mSQL (0.4ms)[0m  INSERT INTO "route_indices" ("created_at", "endplace_id", "isDest", "startplace_id", "updated_at", "url") VALUES ($1, $2, $3, $4, $5, $6) RETURNING "id"  [["created_at", Mon, 27 Oct 2014 10:08:16 NZDT +13:00], ["endplace_id", 258], ["isDest", true], ["startplace_id", 974], ["updated_at", Mon, 27 Oct 2014 10:08:16 NZDT +13:00], ["url", "xrv-272xrv224xrv223xrv222xrv221xrv21xrv220xrv-219xrv-218xrv-217xrv-216xrv215"]]
  [1m[36mPlace Load (7.1ms)[0m  [1mSELECT "places".* FROM "places" WHERE "places"."id" = 58 LIMIT 1[0m
  [1m[35m (1.2ms)[0m  SELECT COUNT(*) FROM "route_indices" WHERE (url = 'xrv-272xrv224xrv223xrv222xrv221xrv21xrv220xrv-219xrv-218xrv-217xrv-216xrv-214')
  [1m[36mPlaceType Load (0.2ms)[0m  [1mselect * from place_types where name='Hut'[0m
  [1m[35mSQL (0.4ms)[0m  INSERT INTO "route_indices" ("created_at", "endplace_id", "isDest", "startplace_id", "updated_at", "url") VALUES ($1, $2, $3, $4, $5, $6) RETURNING "id"  [["created_at", Mon, 27 Oct 2014 10:08:16 NZDT +13:00], ["endplace_id", 58], ["isDest", true], ["startplace_id", 974], ["updated_at", Mon, 27 Oct 2014 10:08:16 NZDT +13:00], ["url", "xrv-272xrv224xrv223xrv222xrv221xrv21xrv220xrv-219xrv-218xrv-217xrv-216xrv-214"]]
  [1m[36mPlace Load (0.3ms)[0m  [1mSELECT "places".* FROM "places" WHERE "places"."id" = 1122 LIMIT 1[0m
  [1m[35m (1.1ms)[0m  SELECT COUNT(*) FROM "route_indices" WHERE (url = 'xrv-272xrv224xrv223xrv222xrv-238xrv-235xrv-234xrv-233xrv-231xrv-220xrv-21')
  [1m[36mPlaceType Load (0.2ms)[0m  [1mselect * from place_types where name='Junction'[0m
  [1m[35mSQL (0.4ms)[0m  INSERT INTO "route_indices" ("created_at", "endplace_id", "isDest", "startplace_id", "updated_at", "url") VALUES ($1, $2, $3, $4, $5, $6) RETURNING "id"  [["created_at", Mon, 27 Oct 2014 10:08:16 NZDT +13:00], ["endplace_id", 1122], ["isDest", false], ["startplace_id", 974], ["updated_at", Mon, 27 Oct 2014 10:08:16 NZDT +13:00], ["url", "xrv-272xrv224xrv223xrv222xrv-238xrv-235xrv-234xrv-233xrv-231xrv-220xrv-21"]]
  [1m[36mPlace Load (0.3ms)[0m  [1mSELECT "places".* FROM "places" WHERE "places"."id" = 258 LIMIT 1[0m
  [1m[35m (6.7ms)[0m  SELECT COUNT(*) FROM "route_indices" WHERE (url = 'xrv-272xrv224xrv-237xrv238xrv221xrv21xrv220xrv-219xrv-218xrv-217xrv-216xrv215')
  [1m[36mPlaceType Load (0.2ms)[0m  [1mselect * from place_types where name='Hut'[0m
  [1m[35mSQL (0.4ms)[0m  INSERT INTO "route_indices" ("created_at", "endplace_id", "isDest", "startplace_id", "updated_at", "url") VALUES ($1, $2, $3, $4, $5, $6) RETURNING "id"  [["created_at", Mon, 27 Oct 2014 10:08:16 NZDT +13:00], ["endplace_id", 258], ["isDest", true], ["startplace_id", 974], ["updated_at", Mon, 27 Oct 2014 10:08:16 NZDT +13:00], ["url", "xrv-272xrv224xrv-237xrv238xrv221xrv21xrv220xrv-219xrv-218xrv-217xrv-216xrv215"]]
  [1m[36mPlace Load (0.3ms)[0m  [1mSELECT "places".* FROM "places" WHERE "places"."id" = 58 LIMIT 1[0m
  [1m[35m (1.2ms)[0m  SELECT COUNT(*) FROM "route_indices" WHERE (url = 'xrv-272xrv224xrv-237xrv238xrv221xrv21xrv220xrv-219xrv-218xrv-217xrv-216xrv-214')
  [1m[36mPlaceType Load (0.2ms)[0m  [1mselect * from place_types where name='Hut'[0m
  [1m[35mSQL (0.4ms)[0m  INSERT INTO "route_indices" ("created_at", "endplace_id", "isDest", "startplace_id", "updated_at", "url") VALUES ($1, $2, $3, $4, $5, $6) RETURNING "id"  [["created_at", Mon, 27 Oct 2014 10:08:16 NZDT +13:00], ["endplace_id", 58], ["isDest", true], ["startplace_id", 974], ["updated_at", Mon, 27 Oct 2014 10:08:16 NZDT +13:00], ["url", "xrv-272xrv224xrv-237xrv238xrv221xrv21xrv220xrv-219xrv-218xrv-217xrv-216xrv-214"]]
  [1m[36mPlace Load (3.9ms)[0m  [1mSELECT "places".* FROM "places" WHERE "places"."id" = 1125 LIMIT 1[0m
  [1m[35m (1.3ms)[0m  SELECT COUNT(*) FROM "route_indices" WHERE (url = 'xrv-272xrv224xrv-237xrv-235xrv-234xrv-233xrv-231xrv-220xrv-21xrv-221xrv-222xrv225')
  [1m[36mPlaceType Load (0.2ms)[0m  [1mselect * from place_types where name='Campsite'[0m
  [1m[35mSQL (0.4ms)[0m  INSERT INTO "route_indices" ("created_at", "endplace_id", "isDest", "startplace_id", "updated_at", "url") VALUES ($1, $2, $3, $4, $5, $6) RETURNING "id"  [["created_at", Mon, 27 Oct 2014 10:08:16 NZDT +13:00], ["endplace_id", 1125], ["isDest", true], ["startplace_id", 974], ["updated_at", Mon, 27 Oct 2014 10:08:16 NZDT +13:00], ["url", "xrv-272xrv224xrv-237xrv-235xrv-234xrv-233xrv-231xrv-220xrv-21xrv-221xrv-222xrv225"]]
  [1m[36mPlace Load (0.3ms)[0m  [1mSELECT "places".* FROM "places" WHERE "places"."id" = 258 LIMIT 1[0m
  [1m[35m (1.1ms)[0m  SELECT COUNT(*) FROM "route_indices" WHERE (url = 'xrv-272xrv224xrv-237xrv-235xrv-234xrv-233xrv-231xrv-219xrv-218xrv-217xrv-216xrv215')
  [1m[36mPlaceType Load (1.2ms)[0m  [1mselect * from place_types where name='Hut'[0m
  [1m[35mSQL (7.6ms)[0m  INSERT INTO "route_indices" ("created_at", "endplace_id", "isDest", "startplace_id", "updated_at", "url") VALUES ($1, $2, $3, $4, $5, $6) RETURNING "id"  [["created_at", Mon, 27 Oct 2014 10:08:16 NZDT +13:00], ["endplace_id", 258], ["isDest", true], ["startplace_id", 974], ["updated_at", Mon, 27 Oct 2014 10:08:16 NZDT +13:00], ["url", "xrv-272xrv224xrv-237xrv-235xrv-234xrv-233xrv-231xrv-219xrv-218xrv-217xrv-216xrv215"]]
  [1m[36mPlace Load (0.3ms)[0m  [1mSELECT "places".* FROM "places" WHERE "places"."id" = 58 LIMIT 1[0m
  [1m[35m (1.1ms)[0m  SELECT COUNT(*) FROM "route_indices" WHERE (url = 'xrv-272xrv224xrv-237xrv-235xrv-234xrv-233xrv-231xrv-219xrv-218xrv-217xrv-216xrv-214')
  [1m[36mPlaceType Load (0.2ms)[0m  [1mselect * from place_types where name='Hut'[0m
  [1m[35mSQL (0.4ms)[0m  INSERT INTO "route_indices" ("created_at", "endplace_id", "isDest", "startplace_id", "updated_at", "url") VALUES ($1, $2, $3, $4, $5, $6) RETURNING "id"  [["created_at", Mon, 27 Oct 2014 10:08:16 NZDT +13:00], ["endplace_id", 58], ["isDest", true], ["startplace_id", 974], ["updated_at", Mon, 27 Oct 2014 10:08:16 NZDT +13:00], ["url", "xrv-272xrv224xrv-237xrv-235xrv-234xrv-233xrv-231xrv-219xrv-218xrv-217xrv-216xrv-214"]]
  [1m[36mPlace Load (0.3ms)[0m  [1mSELECT "places".* FROM "places" WHERE "places"."id" = 769 LIMIT 1[0m
  [1m[35m (1.2ms)[0m  SELECT COUNT(*) FROM "route_indices" WHERE (url = 'xrv-272xrv-272xrv-22xrv219xrv231xrv233xrv234xrv235xrv237xrv223xrv225xrv226')
  [1m[36mPlaceType Load (0.2ms)[0m  [1mselect * from place_types where name='Hut'[0m
  [1m[35mSQL (0.4ms)[0m  INSERT INTO "route_indices" ("created_at", "endplace_id", "isDest", "startplace_id", "updated_at", "url") VALUES ($1, $2, $3, $4, $5, $6) RETURNING "id"  [["created_at", Mon, 27 Oct 2014 10:08:16 NZDT +13:00], ["endplace_id", 769], ["isDest", true], ["startplace_id", 974], ["updated_at", Mon, 27 Oct 2014 10:08:16 NZDT +13:00], ["url", "xrv-272xrv-272xrv-22xrv219xrv231xrv233xrv234xrv235xrv237xrv223xrv225xrv226"]]
  [1m[36mPlace Load (1.2ms)[0m  [1mSELECT "places".* FROM "places" WHERE "places"."id" = 1121 LIMIT 1[0m
  [1m[35m (5.2ms)[0m  SELECT COUNT(*) FROM "route_indices" WHERE (url = 'xrv-272xrv-272xrv-22xrv219xrv231xrv233xrv234xrv235xrv238xrv221xrv21')
  [1m[36mPlaceType Load (0.2ms)[0m  [1mselect * from place_types where name='Junction'[0m
  [1m[35mSQL (0.4ms)[0m  INSERT INTO "route_indices" ("created_at", "endplace_id", "isDest", "startplace_id", "updated_at", "url") VALUES ($1, $2, $3, $4, $5, $6) RETURNING "id"  [["created_at", Mon, 27 Oct 2014 10:08:16 NZDT +13:00], ["endplace_id", 1121], ["isDest", false], ["startplace_id", 974], ["updated_at", Mon, 27 Oct 2014 10:08:16 NZDT +13:00], ["url", "xrv-272xrv-272xrv-22xrv219xrv231xrv233xrv234xrv235xrv238xrv221xrv21"]]
  [1m[36mPlace Load (0.3ms)[0m  [1mSELECT "places".* FROM "places" WHERE "places"."id" = 769 LIMIT 1[0m
  [1m[35m (1.1ms)[0m  SELECT COUNT(*) FROM "route_indices" WHERE (url = 'xrv-272xrv-272xrv-22xrv219xrv231xrv233xrv234xrv235xrv238xrv-222xrv225xrv226')
  [1m[36mPlaceType Load (0.2ms)[0m  [1mselect * from place_types where name='Hut'[0m
  [1m[35mSQL (6.3ms)[0m  INSERT INTO "route_indices" ("created_at", "endplace_id", "isDest", "startplace_id", "updated_at", "url") VALUES ($1, $2, $3, $4, $5, $6) RETURNING "id"  [["created_at", Mon, 27 Oct 2014 10:08:16 NZDT +13:00], ["endplace_id", 769], ["isDest", true], ["startplace_id", 974], ["updated_at", Mon, 27 Oct 2014 10:08:16 NZDT +13:00], ["url", "xrv-272xrv-272xrv-22xrv219xrv231xrv233xrv234xrv235xrv238xrv-222xrv225xrv226"]]
  [1m[36mPlace Load (0.3ms)[0m  [1mSELECT "places".* FROM "places" WHERE "places"."id" = 1124 LIMIT 1[0m
  [1m[35m (1.2ms)[0m  SELECT COUNT(*) FROM "route_indices" WHERE (url = 'xrv-272xrv-272xrv-22xrv219xrv231xrv233xrv234xrv235xrv238xrv-222xrv-223')
  [1m[36mPlaceType Load (0.2ms)[0m  [1mselect * from place_types where name='Junction'[0m
  [1m[35mSQL (0.4ms)[0m  INSERT INTO "route_indices" ("created_at", "endplace_id", "isDest", "startplace_id", "updated_at", "url") VALUES ($1, $2, $3, $4, $5, $6) RETURNING "id"  [["created_at", Mon, 27 Oct 2014 10:08:16 NZDT +13:00], ["endplace_id", 1124], ["isDest", false], ["startplace_id", 974], ["updated_at", Mon, 27 Oct 2014 10:08:16 NZDT +13:00], ["url", "xrv-272xrv-272xrv-22xrv219xrv231xrv233xrv234xrv235xrv238xrv-222xrv-223"]]
  [1m[36mPlace Load (0.3ms)[0m  [1mSELECT "places".* FROM "places" WHERE "places"."id" = 769 LIMIT 1[0m
  [1m[35m (1.1ms)[0m  SELECT COUNT(*) FROM "route_indices" WHERE (url = 'xrv-272xrv-272xrv-22xrv219xrv-220xrv-21xrv-221xrv-238xrv237xrv223xrv225xrv226')
  [1m[36mPlaceType Load (0.2ms)[0m  [1mselect * from place_types where name='Hut'[0m
  [1m[35mSQL (3.6ms)[0m  INSERT INTO "route_indices" ("created_at", "endplace_id", "isDest", "startplace_id", "updated_at", "url") VALUES ($1, $2, $3, $4, $5, $6) RETURNING "id"  [["created_at", Mon, 27 Oct 2014 10:08:16 NZDT +13:00], ["endplace_id", 769], ["isDest", true], ["startplace_id", 974], ["updated_at", Mon, 27 Oct 2014 10:08:16 NZDT +13:00], ["url", "xrv-272xrv-272xrv-22xrv219xrv-220xrv-21xrv-221xrv-238xrv237xrv223xrv225xrv226"]]
  [1m[36mPlace Load (0.3ms)[0m  [1mSELECT "places".* FROM "places" WHERE "places"."id" = 1132 LIMIT 1[0m
  [1m[35m (1.1ms)[0m  SELECT COUNT(*) FROM "route_indices" WHERE (url = 'xrv-272xrv-272xrv-22xrv219xrv-220xrv-21xrv-221xrv-238xrv-235xrv-243xrv-242xrv-241')
  [1m[36mPlaceType Load (0.2ms)[0m  [1mselect * from place_types where name='Campsite'[0m
  [1m[35mSQL (4.1ms)[0m  INSERT INTO "route_indices" ("created_at", "endplace_id", "isDest", "startplace_id", "updated_at", "url") VALUES ($1, $2, $3, $4, $5, $6) RETURNING "id"  [["created_at", Mon, 27 Oct 2014 10:08:16 NZDT +13:00], ["endplace_id", 1132], ["isDest", true], ["startplace_id", 974], ["updated_at", Mon, 27 Oct 2014 10:08:16 NZDT +13:00], ["url", "xrv-272xrv-272xrv-22xrv219xrv-220xrv-21xrv-221xrv-238xrv-235xrv-243xrv-242xrv-241"]]
  [1m[36mPlace Load (0.3ms)[0m  [1mSELECT "places".* FROM "places" WHERE "places"."id" = 650 LIMIT 1[0m
  [1m[35m (1.1ms)[0m  SELECT COUNT(*) FROM "route_indices" WHERE (url = 'xrv-272xrv-272xrv-22xrv219xrv-220xrv-21xrv-221xrv-222xrv-223xrv-237xrv-235xrv-234')
  [1m[36mPlaceType Load (0.2ms)[0m  [1mselect * from place_types where name='Hut'[0m
  [1m[35mSQL (0.4ms)[0m  INSERT INTO "route_indices" ("created_at", "endplace_id", "isDest", "startplace_id", "updated_at", "url") VALUES ($1, $2, $3, $4, $5, $6) RETURNING "id"  [["created_at", Mon, 27 Oct 2014 10:08:16 NZDT +13:00], ["endplace_id", 650], ["isDest", true], ["startplace_id", 974], ["updated_at", Mon, 27 Oct 2014 10:08:16 NZDT +13:00], ["url", "xrv-272xrv-272xrv-22xrv219xrv-220xrv-21xrv-221xrv-222xrv-223xrv-237xrv-235xrv-234"]]
  [1m[36mPlace Load (2.6ms)[0m  [1mSELECT "places".* FROM "places" WHERE "places"."id" = 343 LIMIT 1[0m
  [1m[35m (1.1ms)[0m  SELECT COUNT(*) FROM "route_indices" WHERE (url = 'xrv-272xrv-272xrv-22xrv-218xrv-217xrv-216xrv-214xrv-213xrv-211xrv-210xrv-209xrv-208')
  [1m[36mPlaceType Load (0.2ms)[0m  [1mselect * from place_types where name='Hut'[0m
  [1m[35mSQL (1.5ms)[0m  INSERT INTO "route_indices" ("created_at", "endplace_id", "isDest", "startplace_id", "updated_at", "url") VALUES ($1, $2, $3, $4, $5, $6) RETURNING "id"  [["created_at", Mon, 27 Oct 2014 10:08:16 NZDT +13:00], ["endplace_id", 343], ["isDest", true], ["startplace_id", 974], ["updated_at", Mon, 27 Oct 2014 10:08:16 NZDT +13:00], ["url", "xrv-272xrv-272xrv-22xrv-218xrv-217xrv-216xrv-214xrv-213xrv-211xrv-210xrv-209xrv-208"]]
  [1m[36mPlace Load (4.2ms)[0m  [1mSELECT "places".* FROM "places" WHERE "places"."id" = 207 LIMIT 1[0m
  [1m[35m (1.4ms)[0m  SELECT COUNT(*) FROM "route_indices" WHERE (url = 'xrv-272xrv239xrv240xrv-227xrv-226xrv-225xrv222xrv221xrv21xrv220xrv231xrv233xrv234')
  [1m[36mPlaceType Load (0.4ms)[0m  [1mselect * from place_types where name='Hut'[0m
  [1m[35mSQL (0.4ms)[0m  INSERT INTO "route_indices" ("created_at", "endplace_id", "isDest", "startplace_id", "updated_at", "url") VALUES ($1, $2, $3, $4, $5, $6) RETURNING "id"  [["created_at", Mon, 27 Oct 2014 10:08:16 NZDT +13:00], ["endplace_id", 207], ["isDest", true], ["startplace_id", 974], ["updated_at", Mon, 27 Oct 2014 10:08:16 NZDT +13:00], ["url", "xrv-272xrv239xrv240xrv-227xrv-226xrv-225xrv222xrv221xrv21xrv220xrv231xrv233xrv234"]]
  [1m[36mPlace Load (0.3ms)[0m  [1mSELECT "places".* FROM "places" WHERE "places"."id" = 45 LIMIT 1[0m
  [1m[35m (1.5ms)[0m  SELECT COUNT(*) FROM "route_indices" WHERE (url = 'xrv-272xrv239xrv240xrv-227xrv-226xrv-225xrv-223xrv-237xrv238xrv221xrv21xrv220xrv231')
  [1m[36mPlaceType Load (0.8ms)[0m  [1mselect * from place_types where name='Hut'[0m
  [1m[35mSQL (5.1ms)[0m  INSERT INTO "route_indices" ("created_at", "endplace_id", "isDest", "startplace_id", "updated_at", "url") VALUES ($1, $2, $3, $4, $5, $6) RETURNING "id"  [["created_at", Mon, 27 Oct 2014 10:08:16 NZDT +13:00], ["endplace_id", 45], ["isDest", true], ["startplace_id", 974], ["updated_at", Mon, 27 Oct 2014 10:08:16 NZDT +13:00], ["url", "xrv-272xrv239xrv240xrv-227xrv-226xrv-225xrv-223xrv-237xrv238xrv221xrv21xrv220xrv231"]]
  [1m[36mPlace Load (0.3ms)[0m  [1mSELECT "places".* FROM "places" WHERE "places"."id" = 1132 LIMIT 1[0m
  [1m[35m (1.2ms)[0m  SELECT COUNT(*) FROM "route_indices" WHERE (url = 'xrv-272xrv224xrv223xrv222xrv221xrv21xrv220xrv231xrv233xrv234xrv-243xrv-242xrv-241')
  [1m[36mPlaceType Load (0.2ms)[0m  [1mselect * from place_types where name='Campsite'[0m
  [1m[35mSQL (0.4ms)[0m  INSERT INTO "route_indices" ("created_at", "endplace_id", "isDest", "startplace_id", "updated_at", "url") VALUES ($1, $2, $3, $4, $5, $6) RETURNING "id"  [["created_at", Mon, 27 Oct 2014 10:08:16 NZDT +13:00], ["endplace_id", 1132], ["isDest", true], ["startplace_id", 974], ["updated_at", Mon, 27 Oct 2014 10:08:16 NZDT +13:00], ["url", "xrv-272xrv224xrv223xrv222xrv221xrv21xrv220xrv231xrv233xrv234xrv-243xrv-242xrv-241"]]
  [1m[36mPlace Load (0.3ms)[0m  [1mSELECT "places".* FROM "places" WHERE "places"."id" = 271 LIMIT 1[0m
  [1m[35m (6.3ms)[0m  SELECT COUNT(*) FROM "route_indices" WHERE (url = 'xrv-272xrv224xrv223xrv222xrv221xrv21xrv220xrv-219xrv-218xrv-217xrv244xrv245xrv246')
  [1m[36mPlaceType Load (0.2ms)[0m  [1mselect * from place_types where name='Hut'[0m
  [1m[35mSQL (0.4ms)[0m  INSERT INTO "route_indices" ("created_at", "endplace_id", "isDest", "startplace_id", "updated_at", "url") VALUES ($1, $2, $3, $4, $5, $6) RETURNING "id"  [["created_at", Mon, 27 Oct 2014 10:08:17 NZDT +13:00], ["endplace_id", 271], ["isDest", true], ["startplace_id", 974], ["updated_at", Mon, 27 Oct 2014 10:08:17 NZDT +13:00], ["url", "xrv-272xrv224xrv223xrv222xrv221xrv21xrv220xrv-219xrv-218xrv-217xrv244xrv245xrv246"]]
  [1m[36mPlace Load (0.3ms)[0m  [1mSELECT "places".* FROM "places" WHERE "places"."id" = 1132 LIMIT 1[0m
  [1m[35m (1.1ms)[0m  SELECT COUNT(*) FROM "route_indices" WHERE (url = 'xrv-272xrv224xrv-237xrv238xrv221xrv21xrv220xrv231xrv233xrv234xrv-243xrv-242xrv-241')
  [1m[36mPlaceType Load (0.2ms)[0m  [1mselect * from place_types where name='Campsite'[0m
  [1m[35mSQL (0.4ms)[0m  INSERT INTO "route_indices" ("created_at", "endplace_id", "isDest", "startplace_id", "updated_at", "url") VALUES ($1, $2, $3, $4, $5, $6) RETURNING "id"  [["created_at", Mon, 27 Oct 2014 10:08:17 NZDT +13:00], ["endplace_id", 1132], ["isDest", true], ["startplace_id", 974], ["updated_at", Mon, 27 Oct 2014 10:08:17 NZDT +13:00], ["url", "xrv-272xrv224xrv-237xrv238xrv221xrv21xrv220xrv231xrv233xrv234xrv-243xrv-242xrv-241"]]
  [1m[36mPlace Load (5.5ms)[0m  [1mSELECT "places".* FROM "places" WHERE "places"."id" = 271 LIMIT 1[0m
  [1m[35m (1.2ms)[0m  SELECT COUNT(*) FROM "route_indices" WHERE (url = 'xrv-272xrv224xrv-237xrv238xrv221xrv21xrv220xrv-219xrv-218xrv-217xrv244xrv245xrv246')
  [1m[36mPlaceType Load (0.2ms)[0m  [1mselect * from place_types where name='Hut'[0m
  [1m[35mSQL (0.4ms)[0m  INSERT INTO "route_indices" ("created_at", "endplace_id", "isDest", "startplace_id", "updated_at", "url") VALUES ($1, $2, $3, $4, $5, $6) RETURNING "id"  [["created_at", Mon, 27 Oct 2014 10:08:17 NZDT +13:00], ["endplace_id", 271], ["isDest", true], ["startplace_id", 974], ["updated_at", Mon, 27 Oct 2014 10:08:17 NZDT +13:00], ["url", "xrv-272xrv224xrv-237xrv238xrv221xrv21xrv220xrv-219xrv-218xrv-217xrv244xrv245xrv246"]]
  [1m[36mPlace Load (0.3ms)[0m  [1mSELECT "places".* FROM "places" WHERE "places"."id" = 769 LIMIT 1[0m
  [1m[35m (1.1ms)[0m  SELECT COUNT(*) FROM "route_indices" WHERE (url = 'xrv-272xrv224xrv-237xrv-235xrv-234xrv-233xrv-231xrv-220xrv-21xrv-221xrv-222xrv225xrv226')
  [1m[36mPlaceType Load (0.2ms)[0m  [1mselect * from place_types where name='Hut'[0m
  [1m[35mSQL (3.8ms)[0m  INSERT INTO "route_indices" ("created_at", "endplace_id", "isDest", "startplace_id", "updated_at", "url") VALUES ($1, $2, $3, $4, $5, $6) RETURNING "id"  [["created_at", Mon, 27 Oct 2014 10:08:17 NZDT +13:00], ["endplace_id", 769], ["isDest", true], ["startplace_id", 974], ["updated_at", Mon, 27 Oct 2014 10:08:17 NZDT +13:00], ["url", "xrv-272xrv224xrv-237xrv-235xrv-234xrv-233xrv-231xrv-220xrv-21xrv-221xrv-222xrv225xrv226"]]
  [1m[36mPlace Load (0.3ms)[0m  [1mSELECT "places".* FROM "places" WHERE "places"."id" = 271 LIMIT 1[0m
  [1m[35m (1.1ms)[0m  SELECT COUNT(*) FROM "route_indices" WHERE (url = 'xrv-272xrv224xrv-237xrv-235xrv-234xrv-233xrv-231xrv-219xrv-218xrv-217xrv244xrv245xrv246')
  [1m[36mPlaceType Load (0.2ms)[0m  [1mselect * from place_types where name='Hut'[0m
  [1m[35mSQL (0.4ms)[0m  INSERT INTO "route_indices" ("created_at", "endplace_id", "isDest", "startplace_id", "updated_at", "url") VALUES ($1, $2, $3, $4, $5, $6) RETURNING "id"  [["created_at", Mon, 27 Oct 2014 10:08:17 NZDT +13:00], ["endplace_id", 271], ["isDest", true], ["startplace_id", 974], ["updated_at", Mon, 27 Oct 2014 10:08:17 NZDT +13:00], ["url", "xrv-272xrv224xrv-237xrv-235xrv-234xrv-233xrv-231xrv-219xrv-218xrv-217xrv244xrv245xrv246"]]
  [1m[36mPlace Load (4.0ms)[0m  [1mSELECT "places".* FROM "places" WHERE "places"."id" = 419 LIMIT 1[0m
  [1m[35m (1.2ms)[0m  SELECT COUNT(*) FROM "route_indices" WHERE (url = 'xrv-272xrv-272xrv-22xrv219xrv-220xrv-21xrv-221xrv-222xrv225xrv226xrv227xrv228xrv229')
  [1m[36mPlaceType Load (0.2ms)[0m  [1mselect * from place_types where name='Hut'[0m
  [1m[35mSQL (0.4ms)[0m  INSERT INTO "route_indices" ("created_at", "endplace_id", "isDest", "startplace_id", "updated_at", "url") VALUES ($1, $2, $3, $4, $5, $6) RETURNING "id"  [["created_at", Mon, 27 Oct 2014 10:08:17 NZDT +13:00], ["endplace_id", 419], ["isDest", true], ["startplace_id", 974], ["updated_at", Mon, 27 Oct 2014 10:08:17 NZDT +13:00], ["url", "xrv-272xrv-272xrv-22xrv219xrv-220xrv-21xrv-221xrv-222xrv225xrv226xrv227xrv228xrv229"]]
  [1m[36mPlace Load (0.3ms)[0m  [1mSELECT "places".* FROM "places" WHERE "places"."id" = 1130 LIMIT 1[0m
  [1m[35m (2.2ms)[0m  SELECT COUNT(*) FROM "route_indices" WHERE (url = 'xrv-272xrv-272xrv-22xrv219xrv-220xrv-21xrv-221xrv-222xrv225xrv226xrv227xrv-240')
  [1m[36mPlaceType Load (0.7ms)[0m  [1mselect * from place_types where name='Junction'[0m
  [1m[35mSQL (2.1ms)[0m  INSERT INTO "route_indices" ("created_at", "endplace_id", "isDest", "startplace_id", "updated_at", "url") VALUES ($1, $2, $3, $4, $5, $6) RETURNING "id"  [["created_at", Mon, 27 Oct 2014 10:08:17 NZDT +13:00], ["endplace_id", 1130], ["isDest", false], ["startplace_id", 974], ["updated_at", Mon, 27 Oct 2014 10:08:17 NZDT +13:00], ["url", "xrv-272xrv-272xrv-22xrv219xrv-220xrv-21xrv-221xrv-222xrv225xrv226xrv227xrv-240"]]
  [1m[36mPlace Load (0.3ms)[0m  [1mSELECT "places".* FROM "places" WHERE "places"."id" = 45 LIMIT 1[0m
  [1m[35m (6.1ms)[0m  SELECT COUNT(*) FROM "route_indices" WHERE (url = 'xrv-272xrv-272xrv-22xrv219xrv-220xrv-21xrv-221xrv-222xrv-223xrv-237xrv-235xrv-234xrv-233')
  [1m[36mPlaceType Load (0.4ms)[0m  [1mselect * from place_types where name='Hut'[0m
  [1m[35mSQL (0.4ms)[0m  INSERT INTO "route_indices" ("created_at", "endplace_id", "isDest", "startplace_id", "updated_at", "url") VALUES ($1, $2, $3, $4, $5, $6) RETURNING "id"  [["created_at", Mon, 27 Oct 2014 10:08:17 NZDT +13:00], ["endplace_id", 45], ["isDest", true], ["startplace_id", 974], ["updated_at", Mon, 27 Oct 2014 10:08:17 NZDT +13:00], ["url", "xrv-272xrv-272xrv-22xrv219xrv-220xrv-21xrv-221xrv-222xrv-223xrv-237xrv-235xrv-234xrv-233"]]
  [1m[36mPlace Load (0.3ms)[0m  [1mSELECT "places".* FROM "places" WHERE "places"."id" = 1114 LIMIT 1[0m
  [1m[35m (1.3ms)[0m  SELECT COUNT(*) FROM "route_indices" WHERE (url = 'xrv-272xrv-272xrv-22xrv-218xrv-217xrv-216xrv-214xrv-213xrv-211xrv-210xrv-209xrv-208xrv-207')
  [1m[36mPlaceType Load (0.2ms)[0m  [1mselect * from place_types where name='Hut'[0m
  [1m[35mSQL (5.9ms)[0m  INSERT INTO "route_indices" ("created_at", "endplace_id", "isDest", "startplace_id", "updated_at", "url") VALUES ($1, $2, $3, $4, $5, $6) RETURNING "id"  [["created_at", Mon, 27 Oct 2014 10:08:17 NZDT +13:00], ["endplace_id", 1114], ["isDest", true], ["startplace_id", 974], ["updated_at", Mon, 27 Oct 2014 10:08:17 NZDT +13:00], ["url", "xrv-272xrv-272xrv-22xrv-218xrv-217xrv-216xrv-214xrv-213xrv-211xrv-210xrv-209xrv-208xrv-207"]]
  [1m[36mPlace Load (0.3ms)[0m  [1mSELECT "places".* FROM "places" WHERE "places"."id" = 471 LIMIT 1[0m
  [1m[35m (1.2ms)[0m  SELECT COUNT(*) FROM "route_indices" WHERE (url = 'xrv-272xrv239xrv240xrv-227xrv-226xrv-225xrv222xrv-238xrv-235xrv-234xrv-233xrv-231xrv-219xrv22')
  [1m[36mPlaceType Load (0.2ms)[0m  [1mselect * from place_types where name='Hut'[0m
  [1m[35mSQL (0.4ms)[0m  INSERT INTO "route_indices" ("created_at", "endplace_id", "isDest", "startplace_id", "updated_at", "url") VALUES ($1, $2, $3, $4, $5, $6) RETURNING "id"  [["created_at", Mon, 27 Oct 2014 10:08:17 NZDT +13:00], ["endplace_id", 471], ["isDest", true], ["startplace_id", 974], ["updated_at", Mon, 27 Oct 2014 10:08:17 NZDT +13:00], ["url", "xrv-272xrv239xrv240xrv-227xrv-226xrv-225xrv222xrv-238xrv-235xrv-234xrv-233xrv-231xrv-219xrv22"]]
  [1m[36mPlace Load (0.3ms)[0m  [1mSELECT "places".* FROM "places" WHERE "places"."id" = 650 LIMIT 1[0m
  [1m[35m (1.2ms)[0m  SELECT COUNT(*) FROM "route_indices" WHERE (url = 'xrv-272xrv239xrv240xrv-227xrv-226xrv-225xrv-223xrv-237xrv238xrv221xrv21xrv220xrv231xrv233')
  [1m[36mPlaceType Load (0.2ms)[0m  [1mselect * from place_types where name='Hut'[0m
  [1m[35mSQL (3.7ms)[0m  INSERT INTO "route_indices" ("created_at", "endplace_id", "isDest", "startplace_id", "updated_at", "url") VALUES ($1, $2, $3, $4, $5, $6) RETURNING "id"  [["created_at", Mon, 27 Oct 2014 10:08:17 NZDT +13:00], ["endplace_id", 650], ["isDest", true], ["startplace_id", 974], ["updated_at", Mon, 27 Oct 2014 10:08:17 NZDT +13:00], ["url", "xrv-272xrv239xrv240xrv-227xrv-226xrv-225xrv-223xrv-237xrv238xrv221xrv21xrv220xrv231xrv233"]]
  [1m[36mPlace Load (0.3ms)[0m  [1mSELECT "places".* FROM "places" WHERE "places"."id" = 471 LIMIT 1[0m
  [1m[35m (1.1ms)[0m  SELECT COUNT(*) FROM "route_indices" WHERE (url = 'xrv-272xrv239xrv240xrv-227xrv-226xrv-225xrv-223xrv-237xrv238xrv221xrv21xrv220xrv-219xrv22')
  [1m[36mPlaceType Load (0.2ms)[0m  [1mselect * from place_types where name='Hut'[0m
  [1m[35mSQL (4.1ms)[0m  INSERT INTO "route_indices" ("created_at", "endplace_id", "isDest", "startplace_id", "updated_at", "url") VALUES ($1, $2, $3, $4, $5, $6) RETURNING "id"  [["created_at", Mon, 27 Oct 2014 10:08:17 NZDT +13:00], ["endplace_id", 471], ["isDest", true], ["startplace_id", 974], ["updated_at", Mon, 27 Oct 2014 10:08:17 NZDT +13:00], ["url", "xrv-272xrv239xrv240xrv-227xrv-226xrv-225xrv-223xrv-237xrv238xrv221xrv21xrv220xrv-219xrv22"]]
  [1m[36mPlace Load (0.3ms)[0m  [1mSELECT "places".* FROM "places" WHERE "places"."id" = 471 LIMIT 1[0m
  [1m[35m (1.2ms)[0m  SELECT COUNT(*) FROM "route_indices" WHERE (url = 'xrv-272xrv239xrv240xrv-227xrv-226xrv-225xrv-223xrv-237xrv-235xrv-234xrv-233xrv-231xrv-219xrv22')
  [1m[36mPlaceType Load (0.2ms)[0m  [1mselect * from place_types where name='Hut'[0m
  [1m[35mSQL (0.4ms)[0m  INSERT INTO "route_indices" ("created_at", "endplace_id", "isDest", "startplace_id", "updated_at", "url") VALUES ($1, $2, $3, $4, $5, $6) RETURNING "id"  [["created_at", Mon, 27 Oct 2014 10:08:17 NZDT +13:00], ["endplace_id", 471], ["isDest", true], ["startplace_id", 974], ["updated_at", Mon, 27 Oct 2014 10:08:17 NZDT +13:00], ["url", "xrv-272xrv239xrv240xrv-227xrv-226xrv-225xrv-223xrv-237xrv-235xrv-234xrv-233xrv-231xrv-219xrv22"]]
  [1m[36mPlace Load (0.3ms)[0m  [1mSELECT "places".* FROM "places" WHERE "places"."id" = 528 LIMIT 1[0m
  [1m[35m (6.4ms)[0m  SELECT COUNT(*) FROM "route_indices" WHERE (url = 'xrv-272xrv224xrv223xrv222xrv221xrv21xrv220xrv-219xrv-218xrv-217xrv-216xrv-214xrv-213xrv212')
  [1m[36mPlaceType Load (0.3ms)[0m  [1mselect * from place_types where name='Hut'[0m
  [1m[35mSQL (0.4ms)[0m  INSERT INTO "route_indices" ("created_at", "endplace_id", "isDest", "startplace_id", "updated_at", "url") VALUES ($1, $2, $3, $4, $5, $6) RETURNING "id"  [["created_at", Mon, 27 Oct 2014 10:08:17 NZDT +13:00], ["endplace_id", 528], ["isDest", true], ["startplace_id", 974], ["updated_at", Mon, 27 Oct 2014 10:08:17 NZDT +13:00], ["url", "xrv-272xrv224xrv223xrv222xrv221xrv21xrv220xrv-219xrv-218xrv-217xrv-216xrv-214xrv-213xrv212"]]
  [1m[36mPlace Load (0.3ms)[0m  [1mSELECT "places".* FROM "places" WHERE "places"."id" = 827 LIMIT 1[0m
  [1m[35m (1.2ms)[0m  SELECT COUNT(*) FROM "route_indices" WHERE (url = 'xrv-272xrv224xrv223xrv222xrv221xrv21xrv220xrv-219xrv-218xrv-217xrv-216xrv-214xrv-213xrv-211')
  [1m[36mPlaceType Load (0.2ms)[0m  [1mselect * from place_types where name='Hut'[0m
  [1m[35mSQL (0.4ms)[0m  INSERT INTO "route_indices" ("created_at", "endplace_id", "isDest", "startplace_id", "updated_at", "url") VALUES ($1, $2, $3, $4, $5, $6) RETURNING "id"  [["created_at", Mon, 27 Oct 2014 10:08:17 NZDT +13:00], ["endplace_id", 827], ["isDest", true], ["startplace_id", 974], ["updated_at", Mon, 27 Oct 2014 10:08:17 NZDT +13:00], ["url", "xrv-272xrv224xrv223xrv222xrv221xrv21xrv220xrv-219xrv-218xrv-217xrv-216xrv-214xrv-213xrv-211"]]
  [1m[36mPlace Load (5.4ms)[0m  [1mSELECT "places".* FROM "places" WHERE "places"."id" = 258 LIMIT 1[0m
  [1m[35m (1.2ms)[0m  SELECT COUNT(*) FROM "route_indices" WHERE (url = 'xrv-272xrv224xrv223xrv222xrv-238xrv-235xrv-234xrv-233xrv-231xrv-219xrv-218xrv-217xrv-216xrv215')
  [1m[36mPlaceType Load (0.2ms)[0m  [1mselect * from place_types where name='Hut'[0m
  [1m[35mSQL (0.4ms)[0m  INSERT INTO "route_indices" ("created_at", "endplace_id", "isDest", "startplace_id", "updated_at", "url") VALUES ($1, $2, $3, $4, $5, $6) RETURNING "id"  [["created_at", Mon, 27 Oct 2014 10:08:17 NZDT +13:00], ["endplace_id", 258], ["isDest", true], ["startplace_id", 974], ["updated_at", Mon, 27 Oct 2014 10:08:17 NZDT +13:00], ["url", "xrv-272xrv224xrv223xrv222xrv-238xrv-235xrv-234xrv-233xrv-231xrv-219xrv-218xrv-217xrv-216xrv215"]]
  [1m[36mPlace Load (0.3ms)[0m  [1mSELECT "places".* FROM "places" WHERE "places"."id" = 58 LIMIT 1[0m
  [1m[35m (1.2ms)[0m  SELECT COUNT(*) FROM "route_indices" WHERE (url = 'xrv-272xrv224xrv223xrv222xrv-238xrv-235xrv-234xrv-233xrv-231xrv-219xrv-218xrv-217xrv-216xrv-214')
  [1m[36mPlaceType Load (0.2ms)[0m  [1mselect * from place_types where name='Hut'[0m
  [1m[35mSQL (5.6ms)[0m  INSERT INTO "route_indices" ("created_at", "endplace_id", "isDest", "startplace_id", "updated_at", "url") VALUES ($1, $2, $3, $4, $5, $6) RETURNING "id"  [["created_at", Mon, 27 Oct 2014 10:08:17 NZDT +13:00], ["endplace_id", 58], ["isDest", true], ["startplace_id", 974], ["updated_at", Mon, 27 Oct 2014 10:08:17 NZDT +13:00], ["url", "xrv-272xrv224xrv223xrv222xrv-238xrv-235xrv-234xrv-233xrv-231xrv-219xrv-218xrv-217xrv-216xrv-214"]]
  [1m[36mPlace Load (0.3ms)[0m  [1mSELECT "places".* FROM "places" WHERE "places"."id" = 528 LIMIT 1[0m
  [1m[35m (1.1ms)[0m  SELECT COUNT(*) FROM "route_indices" WHERE (url = 'xrv-272xrv224xrv-237xrv238xrv221xrv21xrv220xrv-219xrv-218xrv-217xrv-216xrv-214xrv-213xrv212')
  [1m[36mPlaceType Load (0.2ms)[0m  [1mselect * from place_types where name='Hut'[0m
  [1m[35mSQL (0.4ms)[0m  INSERT INTO "route_indices" ("created_at", "endplace_id", "isDest", "startplace_id", "updated_at", "url") VALUES ($1, $2, $3, $4, $5, $6) RETURNING "id"  [["created_at", Mon, 27 Oct 2014 10:08:17 NZDT +13:00], ["endplace_id", 528], ["isDest", true], ["startplace_id", 974], ["updated_at", Mon, 27 Oct 2014 10:08:17 NZDT +13:00], ["url", "xrv-272xrv224xrv-237xrv238xrv221xrv21xrv220xrv-219xrv-218xrv-217xrv-216xrv-214xrv-213xrv212"]]
  [1m[36mPlace Load (0.3ms)[0m  [1mSELECT "places".* FROM "places" WHERE "places"."id" = 827 LIMIT 1[0m
  [1m[35m (1.1ms)[0m  SELECT COUNT(*) FROM "route_indices" WHERE (url = 'xrv-272xrv224xrv-237xrv238xrv221xrv21xrv220xrv-219xrv-218xrv-217xrv-216xrv-214xrv-213xrv-211')
  [1m[36mPlaceType Load (5.9ms)[0m  [1mselect * from place_types where name='Hut'[0m
  [1m[35mSQL (0.5ms)[0m  INSERT INTO "route_indices" ("created_at", "endplace_id", "isDest", "startplace_id", "updated_at", "url") VALUES ($1, $2, $3, $4, $5, $6) RETURNING "id"  [["created_at", Mon, 27 Oct 2014 10:08:17 NZDT +13:00], ["endplace_id", 827], ["isDest", true], ["startplace_id", 974], ["updated_at", Mon, 27 Oct 2014 10:08:17 NZDT +13:00], ["url", "xrv-272xrv224xrv-237xrv238xrv221xrv21xrv220xrv-219xrv-218xrv-217xrv-216xrv-214xrv-213xrv-211"]]
  [1m[36mPlace Load (0.3ms)[0m  [1mSELECT "places".* FROM "places" WHERE "places"."id" = 528 LIMIT 1[0m
  [1m[35m (1.2ms)[0m  SELECT COUNT(*) FROM "route_indices" WHERE (url = 'xrv-272xrv224xrv-237xrv-235xrv-234xrv-233xrv-231xrv-219xrv-218xrv-217xrv-216xrv-214xrv-213xrv212')
  [1m[36mPlaceType Load (0.2ms)[0m  [1mselect * from place_types where name='Hut'[0m
  [1m[35mSQL (0.4ms)[0m  INSERT INTO "route_indices" ("created_at", "endplace_id", "isDest", "startplace_id", "updated_at", "url") VALUES ($1, $2, $3, $4, $5, $6) RETURNING "id"  [["created_at", Mon, 27 Oct 2014 10:08:17 NZDT +13:00], ["endplace_id", 528], ["isDest", true], ["startplace_id", 974], ["updated_at", Mon, 27 Oct 2014 10:08:17 NZDT +13:00], ["url", "xrv-272xrv224xrv-237xrv-235xrv-234xrv-233xrv-231xrv-219xrv-218xrv-217xrv-216xrv-214xrv-213xrv212"]]
  [1m[36mPlace Load (0.3ms)[0m  [1mSELECT "places".* FROM "places" WHERE "places"."id" = 827 LIMIT 1[0m
  [1m[35m (4.5ms)[0m  SELECT COUNT(*) FROM "route_indices" WHERE (url = 'xrv-272xrv224xrv-237xrv-235xrv-234xrv-233xrv-231xrv-219xrv-218xrv-217xrv-216xrv-214xrv-213xrv-211')
  [1m[36mPlaceType Load (0.2ms)[0m  [1mselect * from place_types where name='Hut'[0m
  [1m[35mSQL (0.4ms)[0m  INSERT INTO "route_indices" ("created_at", "endplace_id", "isDest", "startplace_id", "updated_at", "url") VALUES ($1, $2, $3, $4, $5, $6) RETURNING "id"  [["created_at", Mon, 27 Oct 2014 10:08:17 NZDT +13:00], ["endplace_id", 827], ["isDest", true], ["startplace_id", 974], ["updated_at", Mon, 27 Oct 2014 10:08:17 NZDT +13:00], ["url", "xrv-272xrv224xrv-237xrv-235xrv-234xrv-233xrv-231xrv-219xrv-218xrv-217xrv-216xrv-214xrv-213xrv-211"]]
  [1m[36mPlace Load (0.3ms)[0m  [1mSELECT "places".* FROM "places" WHERE "places"."id" = 1121 LIMIT 1[0m
  [1m[35m (1.2ms)[0m  SELECT COUNT(*) FROM "route_indices" WHERE (url = 'xrv-272xrv-272xrv-22xrv219xrv231xrv233xrv234xrv235xrv237xrv223xrv222xrv221xrv21')
  [1m[36mPlaceType Load (3.5ms)[0m  [1mselect * from place_types where name='Junction'[0m
  [1m[35mSQL (0.4ms)[0m  INSERT INTO "route_indices" ("created_at", "endplace_id", "isDest", "startplace_id", "updated_at", "url") VALUES ($1, $2, $3, $4, $5, $6) RETURNING "id"  [["created_at", Mon, 27 Oct 2014 10:08:17 NZDT +13:00], ["endplace_id", 1121], ["isDest", false], ["startplace_id", 974], ["updated_at", Mon, 27 Oct 2014 10:08:17 NZDT +13:00], ["url", "xrv-272xrv-272xrv-22xrv219xrv231xrv233xrv234xrv235xrv237xrv223xrv222xrv221xrv21"]]
  [1m[36mPlace Load (0.3ms)[0m  [1mSELECT "places".* FROM "places" WHERE "places"."id" = 1128 LIMIT 1[0m
  [1m[35m (1.1ms)[0m  SELECT COUNT(*) FROM "route_indices" WHERE (url = 'xrv-272xrv-272xrv-22xrv219xrv-220xrv-21xrv-221xrv-222xrv225xrv226xrv227xrv228xrv229xrv230')
  [1m[36mPlaceType Load (0.2ms)[0m  [1mselect * from place_types where name='Roadend'[0m
  [1m[35mSQL (6.7ms)[0m  INSERT INTO "route_indices" ("created_at", "endplace_id", "isDest", "startplace_id", "updated_at", "url") VALUES ($1, $2, $3, $4, $5, $6) RETURNING "id"  [["created_at", Mon, 27 Oct 2014 10:08:17 NZDT +13:00], ["endplace_id", 1128], ["isDest", true], ["startplace_id", 974], ["updated_at", Mon, 27 Oct 2014 10:08:17 NZDT +13:00], ["url", "xrv-272xrv-272xrv-22xrv219xrv-220xrv-21xrv-221xrv-222xrv225xrv226xrv227xrv228xrv229xrv230"]]
  [1m[36mPlace Load (0.4ms)[0m  [1mSELECT "places".* FROM "places" WHERE "places"."id" = 1132 LIMIT 1[0m
  [1m[35m (1.3ms)[0m  SELECT COUNT(*) FROM "route_indices" WHERE (url = 'xrv-272xrv-272xrv-22xrv219xrv-220xrv-21xrv-221xrv-222xrv-223xrv-237xrv-235xrv-243xrv-242xrv-241')
  [1m[36mPlaceType Load (0.2ms)[0m  [1mselect * from place_types where name='Campsite'[0m
  [1m[35mSQL (0.5ms)[0m  INSERT INTO "route_indices" ("created_at", "endplace_id", "isDest", "startplace_id", "updated_at", "url") VALUES ($1, $2, $3, $4, $5, $6) RETURNING "id"  [["created_at", Mon, 27 Oct 2014 10:08:17 NZDT +13:00], ["endplace_id", 1132], ["isDest", true], ["startplace_id", 974], ["updated_at", Mon, 27 Oct 2014 10:08:17 NZDT +13:00], ["url", "xrv-272xrv-272xrv-22xrv219xrv-220xrv-21xrv-221xrv-222xrv-223xrv-237xrv-235xrv-243xrv-242xrv-241"]]
  [1m[36mPlace Load (0.3ms)[0m  [1mSELECT "places".* FROM "places" WHERE "places"."id" = 258 LIMIT 1[0m
  [1m[35m (1.1ms)[0m  SELECT COUNT(*) FROM "route_indices" WHERE (url = 'xrv-272xrv239xrv240xrv-227xrv-226xrv-225xrv222xrv221xrv21xrv220xrv-219xrv-218xrv-217xrv-216xrv215')
  [1m[36mPlaceType Load (0.2ms)[0m  [1mselect * from place_types where name='Hut'[0m
  [1m[35mSQL (5.4ms)[0m  INSERT INTO "route_indices" ("created_at", "endplace_id", "isDest", "startplace_id", "updated_at", "url") VALUES ($1, $2, $3, $4, $5, $6) RETURNING "id"  [["created_at", Mon, 27 Oct 2014 10:08:17 NZDT +13:00], ["endplace_id", 258], ["isDest", true], ["startplace_id", 974], ["updated_at", Mon, 27 Oct 2014 10:08:17 NZDT +13:00], ["url", "xrv-272xrv239xrv240xrv-227xrv-226xrv-225xrv222xrv221xrv21xrv220xrv-219xrv-218xrv-217xrv-216xrv215"]]
  [1m[36mPlace Load (0.3ms)[0m  [1mSELECT "places".* FROM "places" WHERE "places"."id" = 58 LIMIT 1[0m
  [1m[35m (1.2ms)[0m  SELECT COUNT(*) FROM "route_indices" WHERE (url = 'xrv-272xrv239xrv240xrv-227xrv-226xrv-225xrv222xrv221xrv21xrv220xrv-219xrv-218xrv-217xrv-216xrv-214')
  [1m[36mPlaceType Load (0.2ms)[0m  [1mselect * from place_types where name='Hut'[0m
  [1m[35mSQL (0.4ms)[0m  INSERT INTO "route_indices" ("created_at", "endplace_id", "isDest", "startplace_id", "updated_at", "url") VALUES ($1, $2, $3, $4, $5, $6) RETURNING "id"  [["created_at", Mon, 27 Oct 2014 10:08:17 NZDT +13:00], ["endplace_id", 58], ["isDest", true], ["startplace_id", 974], ["updated_at", Mon, 27 Oct 2014 10:08:17 NZDT +13:00], ["url", "xrv-272xrv239xrv240xrv-227xrv-226xrv-225xrv222xrv221xrv21xrv220xrv-219xrv-218xrv-217xrv-216xrv-214"]]
  [1m[36mPlace Load (6.4ms)[0m  [1mSELECT "places".* FROM "places" WHERE "places"."id" = 1122 LIMIT 1[0m
  [1m[35m (1.3ms)[0m  SELECT COUNT(*) FROM "route_indices" WHERE (url = 'xrv-272xrv239xrv240xrv-227xrv-226xrv-225xrv222xrv-238xrv-235xrv-234xrv-233xrv-231xrv-220xrv-21')
  [1m[36mPlaceType Load (0.2ms)[0m  [1mselect * from place_types where name='Junction'[0m
  [1m[35mSQL (0.5ms)[0m  INSERT INTO "route_indices" ("created_at", "endplace_id", "isDest", "startplace_id", "updated_at", "url") VALUES ($1, $2, $3, $4, $5, $6) RETURNING "id"  [["created_at", Mon, 27 Oct 2014 10:08:17 NZDT +13:00], ["endplace_id", 1122], ["isDest", false], ["startplace_id", 974], ["updated_at", Mon, 27 Oct 2014 10:08:17 NZDT +13:00], ["url", "xrv-272xrv239xrv240xrv-227xrv-226xrv-225xrv222xrv-238xrv-235xrv-234xrv-233xrv-231xrv-220xrv-21"]]
  [1m[36mPlace Load (0.3ms)[0m  [1mSELECT "places".* FROM "places" WHERE "places"."id" = 207 LIMIT 1[0m
  [1m[35m (1.2ms)[0m  SELECT COUNT(*) FROM "route_indices" WHERE (url = 'xrv-272xrv239xrv240xrv-227xrv-226xrv-225xrv-223xrv-237xrv238xrv221xrv21xrv220xrv231xrv233xrv234')
  [1m[36mPlaceType Load (0.2ms)[0m  [1mselect * from place_types where name='Hut'[0m
  [1m[35mSQL (0.4ms)[0m  INSERT INTO "route_indices" ("created_at", "endplace_id", "isDest", "startplace_id", "updated_at", "url") VALUES ($1, $2, $3, $4, $5, $6) RETURNING "id"  [["created_at", Mon, 27 Oct 2014 10:08:17 NZDT +13:00], ["endplace_id", 207], ["isDest", true], ["startplace_id", 974], ["updated_at", Mon, 27 Oct 2014 10:08:17 NZDT +13:00], ["url", "xrv-272xrv239xrv240xrv-227xrv-226xrv-225xrv-223xrv-237xrv238xrv221xrv21xrv220xrv231xrv233xrv234"]]
  [1m[36mPlace Load (0.3ms)[0m  [1mSELECT "places".* FROM "places" WHERE "places"."id" = 397 LIMIT 1[0m
  [1m[35m (6.3ms)[0m  SELECT COUNT(*) FROM "route_indices" WHERE (url = 'xrv-272xrv224xrv223xrv222xrv221xrv21xrv220xrv-219xrv-218xrv-217xrv-216xrv-214xrv-213xrv-211xrv-210')
  [1m[36mPlaceType Load (0.2ms)[0m  [1mselect * from place_types where name='Hut'[0m
  [1m[35mSQL (0.4ms)[0m  INSERT INTO "route_indices" ("created_at", "endplace_id", "isDest", "startplace_id", "updated_at", "url") VALUES ($1, $2, $3, $4, $5, $6) RETURNING "id"  [["created_at", Mon, 27 Oct 2014 10:08:17 NZDT +13:00], ["endplace_id", 397], ["isDest", true], ["startplace_id", 974], ["updated_at", Mon, 27 Oct 2014 10:08:17 NZDT +13:00], ["url", "xrv-272xrv224xrv223xrv222xrv221xrv21xrv220xrv-219xrv-218xrv-217xrv-216xrv-214xrv-213xrv-211xrv-210"]]
  [1m[36mPlace Load (0.3ms)[0m  [1mSELECT "places".* FROM "places" WHERE "places"."id" = 271 LIMIT 1[0m
  [1m[35m (1.2ms)[0m  SELECT COUNT(*) FROM "route_indices" WHERE (url = 'xrv-272xrv224xrv223xrv222xrv-238xrv-235xrv-234xrv-233xrv-231xrv-219xrv-218xrv-217xrv244xrv245xrv246')
  [1m[36mPlaceType Load (0.2ms)[0m  [1mselect * from place_types where name='Hut'[0m
  [1m[35mSQL (0.4ms)[0m  INSERT INTO "route_indices" ("created_at", "endplace_id", "isDest", "startplace_id", "updated_at", "url") VALUES ($1, $2, $3, $4, $5, $6) RETURNING "id"  [["created_at", Mon, 27 Oct 2014 10:08:17 NZDT +13:00], ["endplace_id", 271], ["isDest", true], ["startplace_id", 974], ["updated_at", Mon, 27 Oct 2014 10:08:17 NZDT +13:00], ["url", "xrv-272xrv224xrv223xrv222xrv-238xrv-235xrv-234xrv-233xrv-231xrv-219xrv-218xrv-217xrv244xrv245xrv246"]]
  [1m[36mPlace Load (3.3ms)[0m  [1mSELECT "places".* FROM "places" WHERE "places"."id" = 397 LIMIT 1[0m
  [1m[35m (1.1ms)[0m  SELECT COUNT(*) FROM "route_indices" WHERE (url = 'xrv-272xrv224xrv-237xrv238xrv221xrv21xrv220xrv-219xrv-218xrv-217xrv-216xrv-214xrv-213xrv-211xrv-210')
  [1m[36mPlaceType Load (0.2ms)[0m  [1mselect * from place_types where name='Hut'[0m
  [1m[35mSQL (0.4ms)[0m  INSERT INTO "route_indices" ("created_at", "endplace_id", "isDest", "startplace_id", "updated_at", "url") VALUES ($1, $2, $3, $4, $5, $6) RETURNING "id"  [["created_at", Mon, 27 Oct 2014 10:08:17 NZDT +13:00], ["endplace_id", 397], ["isDest", true], ["startplace_id", 974], ["updated_at", Mon, 27 Oct 2014 10:08:17 NZDT +13:00], ["url", "xrv-272xrv224xrv-237xrv238xrv221xrv21xrv220xrv-219xrv-218xrv-217xrv-216xrv-214xrv-213xrv-211xrv-210"]]
  [1m[36mPlace Load (6.1ms)[0m  [1mSELECT "places".* FROM "places" WHERE "places"."id" = 397 LIMIT 1[0m
  [1m[35m (1.1ms)[0m  SELECT COUNT(*) FROM "route_indices" WHERE (url = 'xrv-272xrv224xrv-237xrv-235xrv-234xrv-233xrv-231xrv-219xrv-218xrv-217xrv-216xrv-214xrv-213xrv-211xrv-210')
  [1m[36mPlaceType Load (0.2ms)[0m  [1mselect * from place_types where name='Hut'[0m
  [1m[35mSQL (0.4ms)[0m  INSERT INTO "route_indices" ("created_at", "endplace_id", "isDest", "startplace_id", "updated_at", "url") VALUES ($1, $2, $3, $4, $5, $6) RETURNING "id"  [["created_at", Mon, 27 Oct 2014 10:08:17 NZDT +13:00], ["endplace_id", 397], ["isDest", true], ["startplace_id", 974], ["updated_at", Mon, 27 Oct 2014 10:08:17 NZDT +13:00], ["url", "xrv-272xrv224xrv-237xrv-235xrv-234xrv-233xrv-231xrv-219xrv-218xrv-217xrv-216xrv-214xrv-213xrv-211xrv-210"]]
  [1m[36mPlace Load (0.3ms)[0m  [1mSELECT "places".* FROM "places" WHERE "places"."id" = 419 LIMIT 1[0m
  [1m[35m (1.1ms)[0m  SELECT COUNT(*) FROM "route_indices" WHERE (url = 'xrv-272xrv-272xrv-22xrv219xrv231xrv233xrv234xrv235xrv237xrv223xrv225xrv226xrv227xrv228xrv229')
  [1m[36mPlaceType Load (0.2ms)[0m  [1mselect * from place_types where name='Hut'[0m
  [1m[35mSQL (0.4ms)[0m  INSERT INTO "route_indices" ("created_at", "endplace_id", "isDest", "startplace_id", "updated_at", "url") VALUES ($1, $2, $3, $4, $5, $6) RETURNING "id"  [["created_at", Mon, 27 Oct 2014 10:08:17 NZDT +13:00], ["endplace_id", 419], ["isDest", true], ["startplace_id", 974], ["updated_at", Mon, 27 Oct 2014 10:08:17 NZDT +13:00], ["url", "xrv-272xrv-272xrv-22xrv219xrv231xrv233xrv234xrv235xrv237xrv223xrv225xrv226xrv227xrv228xrv229"]]
  [1m[36mPlace Load (3.9ms)[0m  [1mSELECT "places".* FROM "places" WHERE "places"."id" = 1130 LIMIT 1[0m
  [1m[35m (1.1ms)[0m  SELECT COUNT(*) FROM "route_indices" WHERE (url = 'xrv-272xrv-272xrv-22xrv219xrv231xrv233xrv234xrv235xrv237xrv223xrv225xrv226xrv227xrv-240')
  [1m[36mPlaceType Load (0.2ms)[0m  [1mselect * from place_types where name='Junction'[0m
  [1m[35mSQL (0.4ms)[0m  INSERT INTO "route_indices" ("created_at", "endplace_id", "isDest", "startplace_id", "updated_at", "url") VALUES ($1, $2, $3, $4, $5, $6) RETURNING "id"  [["created_at", Mon, 27 Oct 2014 10:08:17 NZDT +13:00], ["endplace_id", 1130], ["isDest", false], ["startplace_id", 974], ["updated_at", Mon, 27 Oct 2014 10:08:17 NZDT +13:00], ["url", "xrv-272xrv-272xrv-22xrv219xrv231xrv233xrv234xrv235xrv237xrv223xrv225xrv226xrv227xrv-240"]]
  [1m[36mPlace Load (0.3ms)[0m  [1mSELECT "places".* FROM "places" WHERE "places"."id" = 419 LIMIT 1[0m
  [1m[35m (1.1ms)[0m  SELECT COUNT(*) FROM "route_indices" WHERE (url = 'xrv-272xrv-272xrv-22xrv219xrv231xrv233xrv234xrv235xrv238xrv-222xrv225xrv226xrv227xrv228xrv229')
  [1m[36mPlaceType Load (6.0ms)[0m  [1mselect * from place_types where name='Hut'[0m
  [1m[35mSQL (0.4ms)[0m  INSERT INTO "route_indices" ("created_at", "endplace_id", "isDest", "startplace_id", "updated_at", "url") VALUES ($1, $2, $3, $4, $5, $6) RETURNING "id"  [["created_at", Mon, 27 Oct 2014 10:08:17 NZDT +13:00], ["endplace_id", 419], ["isDest", true], ["startplace_id", 974], ["updated_at", Mon, 27 Oct 2014 10:08:17 NZDT +13:00], ["url", "xrv-272xrv-272xrv-22xrv219xrv231xrv233xrv234xrv235xrv238xrv-222xrv225xrv226xrv227xrv228xrv229"]]
  [1m[36mPlace Load (0.3ms)[0m  [1mSELECT "places".* FROM "places" WHERE "places"."id" = 1130 LIMIT 1[0m
  [1m[35m (1.1ms)[0m  SELECT COUNT(*) FROM "route_indices" WHERE (url = 'xrv-272xrv-272xrv-22xrv219xrv231xrv233xrv234xrv235xrv238xrv-222xrv225xrv226xrv227xrv-240')
  [1m[36mPlaceType Load (0.2ms)[0m  [1mselect * from place_types where name='Junction'[0m
  [1m[35mSQL (0.5ms)[0m  INSERT INTO "route_indices" ("created_at", "endplace_id", "isDest", "startplace_id", "updated_at", "url") VALUES ($1, $2, $3, $4, $5, $6) RETURNING "id"  [["created_at", Mon, 27 Oct 2014 10:08:17 NZDT +13:00], ["endplace_id", 1130], ["isDest", false], ["startplace_id", 974], ["updated_at", Mon, 27 Oct 2014 10:08:17 NZDT +13:00], ["url", "xrv-272xrv-272xrv-22xrv219xrv231xrv233xrv234xrv235xrv238xrv-222xrv225xrv226xrv227xrv-240"]]
  [1m[36mPlace Load (0.3ms)[0m  [1mSELECT "places".* FROM "places" WHERE "places"."id" = 419 LIMIT 1[0m
  [1m[35m (7.5ms)[0m  SELECT COUNT(*) FROM "route_indices" WHERE (url = 'xrv-272xrv-272xrv-22xrv219xrv-220xrv-21xrv-221xrv-238xrv237xrv223xrv225xrv226xrv227xrv228xrv229')
  [1m[36mPlaceType Load (0.2ms)[0m  [1mselect * from place_types where name='Hut'[0m
  [1m[35mSQL (0.4ms)[0m  INSERT INTO "route_indices" ("created_at", "endplace_id", "isDest", "startplace_id", "updated_at", "url") VALUES ($1, $2, $3, $4, $5, $6) RETURNING "id"  [["created_at", Mon, 27 Oct 2014 10:08:17 NZDT +13:00], ["endplace_id", 419], ["isDest", true], ["startplace_id", 974], ["updated_at", Mon, 27 Oct 2014 10:08:17 NZDT +13:00], ["url", "xrv-272xrv-272xrv-22xrv219xrv-220xrv-21xrv-221xrv-238xrv237xrv223xrv225xrv226xrv227xrv228xrv229"]]
  [1m[36mPlace Load (0.3ms)[0m  [1mSELECT "places".* FROM "places" WHERE "places"."id" = 1130 LIMIT 1[0m
  [1m[35m (1.2ms)[0m  SELECT COUNT(*) FROM "route_indices" WHERE (url = 'xrv-272xrv-272xrv-22xrv219xrv-220xrv-21xrv-221xrv-238xrv237xrv223xrv225xrv226xrv227xrv-240')
  [1m[36mPlaceType Load (0.2ms)[0m  [1mselect * from place_types where name='Junction'[0m
  [1m[35mSQL (0.4ms)[0m  INSERT INTO "route_indices" ("created_at", "endplace_id", "isDest", "startplace_id", "updated_at", "url") VALUES ($1, $2, $3, $4, $5, $6) RETURNING "id"  [["created_at", Mon, 27 Oct 2014 10:08:17 NZDT +13:00], ["endplace_id", 1130], ["isDest", false], ["startplace_id", 974], ["updated_at", Mon, 27 Oct 2014 10:08:17 NZDT +13:00], ["url", "xrv-272xrv-272xrv-22xrv219xrv-220xrv-21xrv-221xrv-238xrv237xrv223xrv225xrv226xrv227xrv-240"]]
  [1m[36mPlace Load (0.3ms)[0m  [1mSELECT "places".* FROM "places" WHERE "places"."id" = 624 LIMIT 1[0m
  [1m[35m (1.1ms)[0m  SELECT COUNT(*) FROM "route_indices" WHERE (url = 'xrv-272xrv-272xrv-22xrv-218xrv-217xrv-216xrv-214xrv-213xrv-211xrv-210xrv-209xrv-208xrv-207xrv-206xrv-205')
  [1m[36mPlaceType Load (0.2ms)[0m  [1mselect * from place_types where name='Hut'[0m
  [1m[35mSQL (6.2ms)[0m  INSERT INTO "route_indices" ("created_at", "endplace_id", "isDest", "startplace_id", "updated_at", "url") VALUES ($1, $2, $3, $4, $5, $6) RETURNING "id"  [["created_at", Mon, 27 Oct 2014 10:08:17 NZDT +13:00], ["endplace_id", 624], ["isDest", true], ["startplace_id", 974], ["updated_at", Mon, 27 Oct 2014 10:08:17 NZDT +13:00], ["url", "xrv-272xrv-272xrv-22xrv-218xrv-217xrv-216xrv-214xrv-213xrv-211xrv-210xrv-209xrv-208xrv-207xrv-206xrv-205"]]
  [1m[36mPlace Load (0.3ms)[0m  [1mSELECT "places".* FROM "places" WHERE "places"."id" = 1124 LIMIT 1[0m
  [1m[35m (1.1ms)[0m  SELECT COUNT(*) FROM "route_indices" WHERE (url = 'xrv-272xrv239xrv240xrv-227xrv-226xrv-225xrv222xrv221xrv21xrv220xrv231xrv233xrv234xrv235xrv237')
  [1m[36mPlaceType Load (0.2ms)[0m  [1mselect * from place_types where name='Junction'[0m
  [1m[35mSQL (0.4ms)[0m  INSERT INTO "route_indices" ("created_at", "endplace_id", "isDest", "startplace_id", "updated_at", "url") VALUES ($1, $2, $3, $4, $5, $6) RETURNING "id"  [["created_at", Mon, 27 Oct 2014 10:08:17 NZDT +13:00], ["endplace_id", 1124], ["isDest", false], ["startplace_id", 974], ["updated_at", Mon, 27 Oct 2014 10:08:17 NZDT +13:00], ["url", "xrv-272xrv239xrv240xrv-227xrv-226xrv-225xrv222xrv221xrv21xrv220xrv231xrv233xrv234xrv235xrv237"]]
  [1m[36mPlace Load (0.3ms)[0m  [1mSELECT "places".* FROM "places" WHERE "places"."id" = 1132 LIMIT 1[0m
  [1m[35m (1.1ms)[0m  SELECT COUNT(*) FROM "route_indices" WHERE (url = 'xrv-272xrv239xrv240xrv-227xrv-226xrv-225xrv222xrv221xrv21xrv220xrv231xrv233xrv234xrv-243xrv-242xrv-241')
  [1m[36mPlaceType Load (0.2ms)[0m  [1mselect * from place_types where name='Campsite'[0m
  [1m[35mSQL (2.1ms)[0m  INSERT INTO "route_indices" ("created_at", "endplace_id", "isDest", "startplace_id", "updated_at", "url") VALUES ($1, $2, $3, $4, $5, $6) RETURNING "id"  [["created_at", Mon, 27 Oct 2014 10:08:17 NZDT +13:00], ["endplace_id", 1132], ["isDest", true], ["startplace_id", 974], ["updated_at", Mon, 27 Oct 2014 10:08:17 NZDT +13:00], ["url", "xrv-272xrv239xrv240xrv-227xrv-226xrv-225xrv222xrv221xrv21xrv220xrv231xrv233xrv234xrv-243xrv-242xrv-241"]]
  [1m[36mPlace Load (3.9ms)[0m  [1mSELECT "places".* FROM "places" WHERE "places"."id" = 271 LIMIT 1[0m
  [1m[35m (1.2ms)[0m  SELECT COUNT(*) FROM "route_indices" WHERE (url = 'xrv-272xrv239xrv240xrv-227xrv-226xrv-225xrv222xrv221xrv21xrv220xrv-219xrv-218xrv-217xrv244xrv245xrv246')
  [1m[36mPlaceType Load (0.2ms)[0m  [1mselect * from place_types where name='Hut'[0m
  [1m[35mSQL (0.4ms)[0m  INSERT INTO "route_indices" ("created_at", "endplace_id", "isDest", "startplace_id", "updated_at", "url") VALUES ($1, $2, $3, $4, $5, $6) RETURNING "id"  [["created_at", Mon, 27 Oct 2014 10:08:17 NZDT +13:00], ["endplace_id", 271], ["isDest", true], ["startplace_id", 974], ["updated_at", Mon, 27 Oct 2014 10:08:17 NZDT +13:00], ["url", "xrv-272xrv239xrv240xrv-227xrv-226xrv-225xrv222xrv221xrv21xrv220xrv-219xrv-218xrv-217xrv244xrv245xrv246"]]
  [1m[36mPlace Load (0.3ms)[0m  [1mSELECT "places".* FROM "places" WHERE "places"."id" = 975 LIMIT 1[0m
  [1m[35m (4.5ms)[0m  SELECT COUNT(*) FROM "route_indices" WHERE (url = 'xrv-272xrv239xrv240xrv-227xrv-226xrv-225xrv-223xrv-237xrv-235xrv-234xrv-233xrv-231xrv-220xrv-21xrv-221')
  [1m[36mPlaceType Load (0.2ms)[0m  [1mselect * from place_types where name='Junction'[0m
  [1m[35mSQL (0.4ms)[0m  INSERT INTO "route_indices" ("created_at", "endplace_id", "isDest", "startplace_id", "updated_at", "url") VALUES ($1, $2, $3, $4, $5, $6) RETURNING "id"  [["created_at", Mon, 27 Oct 2014 10:08:17 NZDT +13:00], ["endplace_id", 975], ["isDest", false], ["startplace_id", 974], ["updated_at", Mon, 27 Oct 2014 10:08:17 NZDT +13:00], ["url", "xrv-272xrv239xrv240xrv-227xrv-226xrv-225xrv-223xrv-237xrv-235xrv-234xrv-233xrv-231xrv-220xrv-21xrv-221"]]
  [1m[36mPlace Load (0.3ms)[0m  [1mSELECT "places".* FROM "places" WHERE "places"."id" = 528 LIMIT 1[0m
  [1m[35m (1.1ms)[0m  SELECT COUNT(*) FROM "route_indices" WHERE (url = 'xrv-272xrv224xrv223xrv222xrv-238xrv-235xrv-234xrv-233xrv-231xrv-219xrv-218xrv-217xrv-216xrv-214xrv-213xrv212')
  [1m[36mPlaceType Load (3.5ms)[0m  [1mselect * from place_types where name='Hut'[0m
  [1m[35mSQL (0.4ms)[0m  INSERT INTO "route_indices" ("created_at", "endplace_id", "isDest", "startplace_id", "updated_at", "url") VALUES ($1, $2, $3, $4, $5, $6) RETURNING "id"  [["created_at", Mon, 27 Oct 2014 10:08:17 NZDT +13:00], ["endplace_id", 528], ["isDest", true], ["startplace_id", 974], ["updated_at", Mon, 27 Oct 2014 10:08:17 NZDT +13:00], ["url", "xrv-272xrv224xrv223xrv222xrv-238xrv-235xrv-234xrv-233xrv-231xrv-219xrv-218xrv-217xrv-216xrv-214xrv-213xrv212"]]
  [1m[36mPlace Load (0.3ms)[0m  [1mSELECT "places".* FROM "places" WHERE "places"."id" = 827 LIMIT 1[0m
  [1m[35m (1.1ms)[0m  SELECT COUNT(*) FROM "route_indices" WHERE (url = 'xrv-272xrv224xrv223xrv222xrv-238xrv-235xrv-234xrv-233xrv-231xrv-219xrv-218xrv-217xrv-216xrv-214xrv-213xrv-211')
  [1m[36mPlaceType Load (0.2ms)[0m  [1mselect * from place_types where name='Hut'[0m
  [1m[35mSQL (6.9ms)[0m  INSERT INTO "route_indices" ("created_at", "endplace_id", "isDest", "startplace_id", "updated_at", "url") VALUES ($1, $2, $3, $4, $5, $6) RETURNING "id"  [["created_at", Mon, 27 Oct 2014 10:08:17 NZDT +13:00], ["endplace_id", 827], ["isDest", true], ["startplace_id", 974], ["updated_at", Mon, 27 Oct 2014 10:08:17 NZDT +13:00], ["url", "xrv-272xrv224xrv223xrv222xrv-238xrv-235xrv-234xrv-233xrv-231xrv-219xrv-218xrv-217xrv-216xrv-214xrv-213xrv-211"]]
  [1m[36mPlace Load (0.3ms)[0m  [1mSELECT "places".* FROM "places" WHERE "places"."id" = 419 LIMIT 1[0m
  [1m[35m (1.2ms)[0m  SELECT COUNT(*) FROM "route_indices" WHERE (url = 'xrv-272xrv224xrv-237xrv-235xrv-234xrv-233xrv-231xrv-220xrv-21xrv-221xrv-222xrv225xrv226xrv227xrv228xrv229')
  [1m[36mPlaceType Load (0.2ms)[0m  [1mselect * from place_types where name='Hut'[0m
  [1m[35mSQL (0.4ms)[0m  INSERT INTO "route_indices" ("created_at", "endplace_id", "isDest", "startplace_id", "updated_at", "url") VALUES ($1, $2, $3, $4, $5, $6) RETURNING "id"  [["created_at", Mon, 27 Oct 2014 10:08:17 NZDT +13:00], ["endplace_id", 419], ["isDest", true], ["startplace_id", 974], ["updated_at", Mon, 27 Oct 2014 10:08:17 NZDT +13:00], ["url", "xrv-272xrv224xrv-237xrv-235xrv-234xrv-233xrv-231xrv-220xrv-21xrv-221xrv-222xrv225xrv226xrv227xrv228xrv229"]]
  [1m[36mPlace Load (0.3ms)[0m  [1mSELECT "places".* FROM "places" WHERE "places"."id" = 1130 LIMIT 1[0m
  [1m[35m (1.2ms)[0m  SELECT COUNT(*) FROM "route_indices" WHERE (url = 'xrv-272xrv224xrv-237xrv-235xrv-234xrv-233xrv-231xrv-220xrv-21xrv-221xrv-222xrv225xrv226xrv227xrv-240')
  [1m[36mPlaceType Load (0.2ms)[0m  [1mselect * from place_types where name='Junction'[0m
  [1m[35mSQL (6.0ms)[0m  INSERT INTO "route_indices" ("created_at", "endplace_id", "isDest", "startplace_id", "updated_at", "url") VALUES ($1, $2, $3, $4, $5, $6) RETURNING "id"  [["created_at", Mon, 27 Oct 2014 10:08:17 NZDT +13:00], ["endplace_id", 1130], ["isDest", false], ["startplace_id", 974], ["updated_at", Mon, 27 Oct 2014 10:08:17 NZDT +13:00], ["url", "xrv-272xrv224xrv-237xrv-235xrv-234xrv-233xrv-231xrv-220xrv-21xrv-221xrv-222xrv225xrv226xrv227xrv-240"]]
  [1m[36mPlace Load (0.3ms)[0m  [1mSELECT "places".* FROM "places" WHERE "places"."id" = 1128 LIMIT 1[0m
  [1m[35m (1.2ms)[0m  SELECT COUNT(*) FROM "route_indices" WHERE (url = 'xrv-272xrv-272xrv-22xrv219xrv231xrv233xrv234xrv235xrv237xrv223xrv225xrv226xrv227xrv228xrv229xrv230')
  [1m[36mPlaceType Load (0.2ms)[0m  [1mselect * from place_types where name='Roadend'[0m
  [1m[35mSQL (0.4ms)[0m  INSERT INTO "route_indices" ("created_at", "endplace_id", "isDest", "startplace_id", "updated_at", "url") VALUES ($1, $2, $3, $4, $5, $6) RETURNING "id"  [["created_at", Mon, 27 Oct 2014 10:08:17 NZDT +13:00], ["endplace_id", 1128], ["isDest", true], ["startplace_id", 974], ["updated_at", Mon, 27 Oct 2014 10:08:17 NZDT +13:00], ["url", "xrv-272xrv-272xrv-22xrv219xrv231xrv233xrv234xrv235xrv237xrv223xrv225xrv226xrv227xrv228xrv229xrv230"]]
  [1m[36mPlace Load (0.3ms)[0m  [1mSELECT "places".* FROM "places" WHERE "places"."id" = 1128 LIMIT 1[0m
  [1m[35m (1.1ms)[0m  SELECT COUNT(*) FROM "route_indices" WHERE (url = 'xrv-272xrv-272xrv-22xrv219xrv231xrv233xrv234xrv235xrv238xrv-222xrv225xrv226xrv227xrv228xrv229xrv230')
  [1m[36mPlaceType Load (0.2ms)[0m  [1mselect * from place_types where name='Roadend'[0m
  [1m[35mSQL (3.9ms)[0m  INSERT INTO "route_indices" ("created_at", "endplace_id", "isDest", "startplace_id", "updated_at", "url") VALUES ($1, $2, $3, $4, $5, $6) RETURNING "id"  [["created_at", Mon, 27 Oct 2014 10:08:17 NZDT +13:00], ["endplace_id", 1128], ["isDest", true], ["startplace_id", 974], ["updated_at", Mon, 27 Oct 2014 10:08:17 NZDT +13:00], ["url", "xrv-272xrv-272xrv-22xrv219xrv231xrv233xrv234xrv235xrv238xrv-222xrv225xrv226xrv227xrv228xrv229xrv230"]]
  [1m[36mPlace Load (0.3ms)[0m  [1mSELECT "places".* FROM "places" WHERE "places"."id" = 1128 LIMIT 1[0m
  [1m[35m (1.2ms)[0m  SELECT COUNT(*) FROM "route_indices" WHERE (url = 'xrv-272xrv-272xrv-22xrv219xrv-220xrv-21xrv-221xrv-238xrv237xrv223xrv225xrv226xrv227xrv228xrv229xrv230')
  [1m[36mPlaceType Load (0.2ms)[0m  [1mselect * from place_types where name='Roadend'[0m
  [1m[35mSQL (0.4ms)[0m  INSERT INTO "route_indices" ("created_at", "endplace_id", "isDest", "startplace_id", "updated_at", "url") VALUES ($1, $2, $3, $4, $5, $6) RETURNING "id"  [["created_at", Mon, 27 Oct 2014 10:08:17 NZDT +13:00], ["endplace_id", 1128], ["isDest", true], ["startplace_id", 974], ["updated_at", Mon, 27 Oct 2014 10:08:17 NZDT +13:00], ["url", "xrv-272xrv-272xrv-22xrv219xrv-220xrv-21xrv-221xrv-238xrv237xrv223xrv225xrv226xrv227xrv228xrv229xrv230"]]
  [1m[36mPlace Load (6.9ms)[0m  [1mSELECT "places".* FROM "places" WHERE "places"."id" = 769 LIMIT 1[0m
  [1m[35mPlaceType Load (0.2ms)[0m  select name, "isDest" from place_types
  [1m[36mRoute Load (0.4ms)[0m  [1mSELECT "routes".* FROM "routes" WHERE "routes"."id" = 240 LIMIT 1[0m
  [1m[35mPlace Load (0.3ms)[0m  SELECT "places".* FROM "places" WHERE "places"."id" = $1 LIMIT 1  [["id", 1126]]
  [1m[36mPlace Load (0.2ms)[0m  [1mSELECT "places".* FROM "places" WHERE "places"."id" = $1 LIMIT 1[0m  [["id", 1130]]
  [1m[35mRoute Load (0.3ms)[0m  SELECT "routes".* FROM "routes" WHERE "routes"."id" = 239 LIMIT 1
  [1m[36mCACHE (0.0ms)[0m  [1mSELECT "places".* FROM "places" WHERE "places"."id" = $1 LIMIT 1[0m  [["id", 1130]]
  [1m[35mPlace Load (3.4ms)[0m  SELECT "places".* FROM "places" WHERE "places"."id" = $1 LIMIT 1  [["id", 974]]
  [1m[36mRoute Load (0.3ms)[0m  [1mSELECT "routes".* FROM "routes" WHERE "routes"."id" = 272 LIMIT 1[0m
  [1m[35mCACHE (0.0ms)[0m  SELECT "places".* FROM "places" WHERE "places"."id" = $1 LIMIT 1  [["id", 974]]
  [1m[36mPlace Load (3.6ms)[0m  [1mSELECT "places".* FROM "places" WHERE "places"."id" = $1 LIMIT 1[0m  [["id", 471]]
  [1m[35mPlace Load (0.3ms)[0m  SELECT "places".* FROM "places" WHERE "places"."id" = 471 LIMIT 1
  [1m[36mCACHE (0.0ms)[0m  [1mSELECT "places".* FROM "places" WHERE "places"."id" = 471 LIMIT 1[0m
  [1m[35mRoute Load (0.3ms)[0m  select * from routes where startplace_id = 471
  [1m[36mRoute Load (0.3ms)[0m  [1mselect * from routes where endplace_id = 471[0m
  [1m[35mCACHE (0.0ms)[0m  SELECT "places".* FROM "places" WHERE "places"."id" = $1 LIMIT 1  [["id", 471]]
  [1m[36mPlace Load (0.5ms)[0m  [1mSELECT "places".* FROM "places" WHERE "places"."id" = $1 LIMIT 1[0m  [["id", 1119]]
  [1m[35mCACHE (0.0ms)[0m  SELECT "places".* FROM "places" WHERE "places"."id" = $1 LIMIT 1  [["id", 974]]
  [1m[36mPlace Load (0.4ms)[0m  [1mSELECT "places".* FROM "places" WHERE "places"."id" = 1119 LIMIT 1[0m
  [1m[35mRoute Load (0.4ms)[0m  select * from routes where startplace_id = 1119
  [1m[36mRoute Load (0.3ms)[0m  [1mselect * from routes where endplace_id = 1119[0m
  [1m[35mCACHE (0.0ms)[0m  SELECT "places".* FROM "places" WHERE "places"."id" = $1 LIMIT 1  [["id", 1119]]
  [1m[36mPlace Load (0.2ms)[0m  [1mSELECT "places".* FROM "places" WHERE "places"."id" = $1 LIMIT 1[0m  [["id", 1120]]
  [1m[35mPlace Load (0.2ms)[0m  SELECT "places".* FROM "places" WHERE "places"."id" = $1 LIMIT 1  [["id", 976]]
  [1m[36mCACHE (0.0ms)[0m  [1mSELECT "places".* FROM "places" WHERE "places"."id" = $1 LIMIT 1[0m  [["id", 471]]
  [1m[35mPlace Load (0.3ms)[0m  SELECT "places".* FROM "places" WHERE "places"."id" = 976 LIMIT 1
  [1m[36mRoute Load (0.3ms)[0m  [1mselect * from routes where startplace_id = 976[0m
  [1m[35mRoute Load (0.3ms)[0m  select * from routes where endplace_id = 976
  [1m[36mCACHE (0.0ms)[0m  [1mSELECT "places".* FROM "places" WHERE "places"."id" = $1 LIMIT 1[0m  [["id", 976]]
  [1m[35mPlace Load (0.3ms)[0m  SELECT "places".* FROM "places" WHERE "places"."id" = $1 LIMIT 1  [["id", 1121]]
  [1m[36mCACHE (0.0ms)[0m  [1mSELECT "places".* FROM "places" WHERE "places"."id" = $1 LIMIT 1[0m  [["id", 976]]
  [1m[35mCACHE (0.0ms)[0m  SELECT "places".* FROM "places" WHERE "places"."id" = $1 LIMIT 1  [["id", 1119]]
  [1m[36mPlace Load (0.2ms)[0m  [1mSELECT "places".* FROM "places" WHERE "places"."id" = $1 LIMIT 1[0m  [["id", 45]]
  [1m[35mPlace Load (0.3ms)[0m  SELECT "places".* FROM "places" WHERE "places"."id" = 1120 LIMIT 1
  [1m[36mRoute Load (0.3ms)[0m  [1mselect * from routes where startplace_id = 1120[0m
  [1m[35mRoute Load (0.3ms)[0m  select * from routes where endplace_id = 1120
  [1m[36mCACHE (0.0ms)[0m  [1mSELECT "places".* FROM "places" WHERE "places"."id" = $1 LIMIT 1[0m  [["id", 1120]]
  [1m[35mPlace Load (0.2ms)[0m  SELECT "places".* FROM "places" WHERE "places"."id" = $1 LIMIT 1  [["id", 1118]]
  [1m[36mCACHE (0.0ms)[0m  [1mSELECT "places".* FROM "places" WHERE "places"."id" = $1 LIMIT 1[0m  [["id", 1119]]
  [1m[35mPlace Load (0.3ms)[0m  SELECT "places".* FROM "places" WHERE "places"."id" = 45 LIMIT 1
  [1m[36mRoute Load (0.3ms)[0m  [1mselect * from routes where startplace_id = 45[0m
  [1m[35mRoute Load (0.3ms)[0m  select * from routes where endplace_id = 45
  [1m[36mCACHE (0.0ms)[0m  [1mSELECT "places".* FROM "places" WHERE "places"."id" = $1 LIMIT 1[0m  [["id", 45]]
  [1m[35mCACHE (0.0ms)[0m  SELECT "places".* FROM "places" WHERE "places"."id" = $1 LIMIT 1  [["id", 976]]
  [1m[36mPlace Load (0.2ms)[0m  [1mSELECT "places".* FROM "places" WHERE "places"."id" = $1 LIMIT 1[0m  [["id", 650]]
  [1m[35mPlace Load (0.3ms)[0m  SELECT "places".* FROM "places" WHERE "places"."id" = 1121 LIMIT 1
  [1m[36mRoute Load (0.3ms)[0m  [1mselect * from routes where startplace_id = 1121[0m
  [1m[35mRoute Load (0.3ms)[0m  select * from routes where endplace_id = 1121
  [1m[36mCACHE (0.0ms)[0m  [1mSELECT "places".* FROM "places" WHERE "places"."id" = $1 LIMIT 1[0m  [["id", 1121]]
  [1m[35mPlace Load (0.2ms)[0m  SELECT "places".* FROM "places" WHERE "places"."id" = $1 LIMIT 1  [["id", 1122]]
  [1m[36mCACHE (0.0ms)[0m  [1mSELECT "places".* FROM "places" WHERE "places"."id" = $1 LIMIT 1[0m  [["id", 976]]
  [1m[35mPlace Load (0.3ms)[0m  SELECT "places".* FROM "places" WHERE "places"."id" = 1118 LIMIT 1
  [1m[36mRoute Load (0.3ms)[0m  [1mselect * from routes where startplace_id = 1118[0m
  [1m[35mRoute Load (0.3ms)[0m  select * from routes where endplace_id = 1118
  [1m[36mCACHE (0.0ms)[0m  [1mSELECT "places".* FROM "places" WHERE "places"."id" = $1 LIMIT 1[0m  [["id", 1118]]
  [1m[35mPlace Load (0.2ms)[0m  SELECT "places".* FROM "places" WHERE "places"."id" = $1 LIMIT 1  [["id", 1117]]
  [1m[36mPlace Load (0.2ms)[0m  [1mSELECT "places".* FROM "places" WHERE "places"."id" = $1 LIMIT 1[0m  [["id", 1134]]
  [1m[35mCACHE (0.0ms)[0m  SELECT "places".* FROM "places" WHERE "places"."id" = $1 LIMIT 1  [["id", 1120]]
  [1m[36mPlace Load (0.3ms)[0m  [1mSELECT "places".* FROM "places" WHERE "places"."id" = 650 LIMIT 1[0m
  [1m[35mRoute Load (0.3ms)[0m  select * from routes where startplace_id = 650
  [1m[36mRoute Load (0.3ms)[0m  [1mselect * from routes where endplace_id = 650[0m
  [1m[35mCACHE (0.0ms)[0m  SELECT "places".* FROM "places" WHERE "places"."id" = $1 LIMIT 1  [["id", 650]]
  [1m[36mCACHE (0.0ms)[0m  [1mSELECT "places".* FROM "places" WHERE "places"."id" = $1 LIMIT 1[0m  [["id", 45]]
  [1m[35mPlace Load (0.2ms)[0m  SELECT "places".* FROM "places" WHERE "places"."id" = $1 LIMIT 1  [["id", 207]]
  [1m[36mPlace Load (0.3ms)[0m  [1mSELECT "places".* FROM "places" WHERE "places"."id" = 1122 LIMIT 1[0m
  [1m[35mRoute Load (0.3ms)[0m  select * from routes where startplace_id = 1122
  [1m[36mRoute Load (0.3ms)[0m  [1mselect * from routes where endplace_id = 1122[0m
  [1m[35mCACHE (0.0ms)[0m  SELECT "places".* FROM "places" WHERE "places"."id" = $1 LIMIT 1  [["id", 1122]]
  [1m[36mPlace Load (0.3ms)[0m  [1mSELECT "places".* FROM "places" WHERE "places"."id" = $1 LIMIT 1[0m  [["id", 975]]
  [1m[35mCACHE (0.0ms)[0m  SELECT "places".* FROM "places" WHERE "places"."id" = $1 LIMIT 1  [["id", 1121]]
  [1m[36mPlace Load (0.3ms)[0m  [1mSELECT "places".* FROM "places" WHERE "places"."id" = 1134 LIMIT 1[0m
  [1m[35mRoute Load (0.3ms)[0m  select * from routes where startplace_id = 1134
  [1m[36mRoute Load (0.3ms)[0m  [1mselect * from routes where endplace_id = 1134[0m
  [1m[35mCACHE (0.0ms)[0m  SELECT "places".* FROM "places" WHERE "places"."id" = $1 LIMIT 1  [["id", 1134]]
  [1m[36mCACHE (0.0ms)[0m  [1mSELECT "places".* FROM "places" WHERE "places"."id" = $1 LIMIT 1[0m  [["id", 1118]]
  [1m[35mPlace Load (0.2ms)[0m  SELECT "places".* FROM "places" WHERE "places"."id" = $1 LIMIT 1  [["id", 1135]]
  [1m[36mPlace Load (0.3ms)[0m  [1mSELECT "places".* FROM "places" WHERE "places"."id" = 1117 LIMIT 1[0m
  [1m[35mRoute Load (0.3ms)[0m  select * from routes where startplace_id = 1117
  [1m[36mRoute Load (0.3ms)[0m  [1mselect * from routes where endplace_id = 1117[0m
  [1m[35mCACHE (0.0ms)[0m  SELECT "places".* FROM "places" WHERE "places"."id" = $1 LIMIT 1  [["id", 1117]]
  [1m[36mPlace Load (0.3ms)[0m  [1mSELECT "places".* FROM "places" WHERE "places"."id" = $1 LIMIT 1[0m  [["id", 58]]
  [1m[35mCACHE (0.0ms)[0m  SELECT "places".* FROM "places" WHERE "places"."id" = $1 LIMIT 1  [["id", 1118]]
  [1m[36mPlace Load (0.2ms)[0m  [1mSELECT "places".* FROM "places" WHERE "places"."id" = $1 LIMIT 1[0m  [["id", 258]]
  [1m[35mPlace Load (0.3ms)[0m  SELECT "places".* FROM "places" WHERE "places"."id" = 207 LIMIT 1
  [1m[36mRoute Load (0.3ms)[0m  [1mselect * from routes where startplace_id = 207[0m
  [1m[35mRoute Load (0.4ms)[0m  select * from routes where endplace_id = 207
  [1m[36mCACHE (0.0ms)[0m  [1mSELECT "places".* FROM "places" WHERE "places"."id" = $1 LIMIT 1[0m  [["id", 207]]
  [1m[35mCACHE (0.0ms)[0m  SELECT "places".* FROM "places" WHERE "places"."id" = $1 LIMIT 1  [["id", 650]]
  [1m[36mCACHE (0.0ms)[0m  [1mSELECT "places".* FROM "places" WHERE "places"."id" = $1 LIMIT 1[0m  [["id", 207]]
  [1m[35mPlace Load (0.3ms)[0m  SELECT "places".* FROM "places" WHERE "places"."id" = $1 LIMIT 1  [["id", 1133]]
  [1m[36mPlace Load (0.2ms)[0m  [1mSELECT "places".* FROM "places" WHERE "places"."id" = $1 LIMIT 1[0m  [["id", 1129]]
  [1m[35mPlace Load (0.3ms)[0m  SELECT "places".* FROM "places" WHERE "places"."id" = 975 LIMIT 1
  [1m[36mRoute Load (0.3ms)[0m  [1mselect * from routes where startplace_id = 975[0m
  [1m[35mRoute Load (0.3ms)[0m  select * from routes where endplace_id = 975
  [1m[36mCACHE (0.0ms)[0m  [1mSELECT "places".* FROM "places" WHERE "places"."id" = $1 LIMIT 1[0m  [["id", 975]]
  [1m[35mCACHE (0.0ms)[0m  SELECT "places".* FROM "places" WHERE "places"."id" = $1 LIMIT 1  [["id", 1129]]
  [1m[36mCACHE (0.0ms)[0m  [1mSELECT "places".* FROM "places" WHERE "places"."id" = $1 LIMIT 1[0m  [["id", 975]]
  [1m[35mPlace Load (0.3ms)[0m  SELECT "places".* FROM "places" WHERE "places"."id" = $1 LIMIT 1  [["id", 1123]]
  [1m[36mCACHE (0.0ms)[0m  [1mSELECT "places".* FROM "places" WHERE "places"."id" = $1 LIMIT 1[0m  [["id", 1122]]
  [1m[35mPlace Load (0.3ms)[0m  SELECT "places".* FROM "places" WHERE "places"."id" = 1135 LIMIT 1
  [1m[36mRoute Load (0.3ms)[0m  [1mselect * from routes where startplace_id = 1135[0m
  [1m[35mRoute Load (0.3ms)[0m  select * from routes where endplace_id = 1135
  [1m[36mCACHE (0.0ms)[0m  [1mSELECT "places".* FROM "places" WHERE "places"."id" = $1 LIMIT 1[0m  [["id", 1135]]
  [1m[35mCACHE (0.1ms)[0m  SELECT "places".* FROM "places" WHERE "places"."id" = $1 LIMIT 1  [["id", 1134]]
  [1m[36mPlace Load (0.2ms)[0m  [1mSELECT "places".* FROM "places" WHERE "places"."id" = $1 LIMIT 1[0m  [["id", 271]]
  [1m[35mPlace Load (0.3ms)[0m  SELECT "places".* FROM "places" WHERE "places"."id" = 258 LIMIT 1
  [1m[36mRoute Load (0.2ms)[0m  [1mselect * from routes where startplace_id = 258[0m
  [1m[35mRoute Load (0.3ms)[0m  select * from routes where endplace_id = 258
  [1m[36mCACHE (0.0ms)[0m  [1mSELECT "places".* FROM "places" WHERE "places"."id" = $1 LIMIT 1[0m  [["id", 258]]
  [1m[35mCACHE (0.0ms)[0m  SELECT "places".* FROM "places" WHERE "places"."id" = $1 LIMIT 1  [["id", 1117]]
  [1m[36mPlace Load (0.3ms)[0m  [1mSELECT "places".* FROM "places" WHERE "places"."id" = 58 LIMIT 1[0m
  [1m[35mRoute Load (0.3ms)[0m  select * from routes where startplace_id = 58
  [1m[36mRoute Load (0.3ms)[0m  [1mselect * from routes where endplace_id = 58[0m
  [1m[35mCACHE (0.0ms)[0m  SELECT "places".* FROM "places" WHERE "places"."id" = $1 LIMIT 1  [["id", 58]]
  [1m[36mPlace Load (0.2ms)[0m  [1mSELECT "places".* FROM "places" WHERE "places"."id" = $1 LIMIT 1[0m  [["id", 1116]]
  [1m[35mCACHE (0.0ms)[0m  SELECT "places".* FROM "places" WHERE "places"."id" = $1 LIMIT 1  [["id", 1117]]
  [1m[36mPlace Load (0.3ms)[0m  [1mSELECT "places".* FROM "places" WHERE "places"."id" = 1129 LIMIT 1[0m
  [1m[35mRoute Load (0.3ms)[0m  select * from routes where startplace_id = 1129
  [1m[36mRoute Load (0.3ms)[0m  [1mselect * from routes where endplace_id = 1129[0m
  [1m[35mCACHE (0.0ms)[0m  SELECT "places".* FROM "places" WHERE "places"."id" = $1 LIMIT 1  [["id", 1129]]
  [1m[36mCACHE (0.0ms)[0m  [1mSELECT "places".* FROM "places" WHERE "places"."id" = $1 LIMIT 1[0m  [["id", 207]]
  [1m[35mPlace Load (0.2ms)[0m  SELECT "places".* FROM "places" WHERE "places"."id" = $1 LIMIT 1  [["id", 1124]]
  [1m[36mCACHE (0.0ms)[0m  [1mSELECT "places".* FROM "places" WHERE "places"."id" = $1 LIMIT 1[0m  [["id", 975]]
  [1m[35mPlace Load (0.3ms)[0m  SELECT "places".* FROM "places" WHERE "places"."id" = 1133 LIMIT 1
  [1m[36mRoute Load (0.3ms)[0m  [1mselect * from routes where startplace_id = 1133[0m
  [1m[35mRoute Load (0.3ms)[0m  select * from routes where endplace_id = 1133
  [1m[36mCACHE (0.0ms)[0m  [1mSELECT "places".* FROM "places" WHERE "places"."id" = $1 LIMIT 1[0m  [["id", 1133]]
  [1m[35mPlace Load (0.3ms)[0m  SELECT "places".* FROM "places" WHERE "places"."id" = $1 LIMIT 1  [["id", 1131]]
  [1m[36mCACHE (0.0ms)[0m  [1mSELECT "places".* FROM "places" WHERE "places"."id" = $1 LIMIT 1[0m  [["id", 207]]
  [1m[35mCACHE (0.0ms)[0m  SELECT "places".* FROM "places" WHERE "places"."id" = 1129 LIMIT 1
  [1m[36mCACHE (0.0ms)[0m  [1mselect * from routes where startplace_id = 1129[0m
  [1m[35mCACHE (0.0ms)[0m  select * from routes where endplace_id = 1129
  [1m[36mCACHE (0.0ms)[0m  [1mSELECT "places".* FROM "places" WHERE "places"."id" = $1 LIMIT 1[0m  [["id", 1129]]
  [1m[35mCACHE (0.0ms)[0m  SELECT "places".* FROM "places" WHERE "places"."id" = $1 LIMIT 1  [["id", 207]]
  [1m[36mCACHE (0.0ms)[0m  [1mSELECT "places".* FROM "places" WHERE "places"."id" = $1 LIMIT 1[0m  [["id", 1124]]
  [1m[35mCACHE (0.0ms)[0m  SELECT "places".* FROM "places" WHERE "places"."id" = $1 LIMIT 1  [["id", 975]]
  [1m[36mPlace Load (0.3ms)[0m  [1mSELECT "places".* FROM "places" WHERE "places"."id" = 1123 LIMIT 1[0m
  [1m[35mRoute Load (0.3ms)[0m  select * from routes where startplace_id = 1123
  [1m[36mRoute Load (0.3ms)[0m  [1mselect * from routes where endplace_id = 1123[0m
  [1m[35mCACHE (0.0ms)[0m  SELECT "places".* FROM "places" WHERE "places"."id" = $1 LIMIT 1  [["id", 1123]]
  [1m[36mCACHE (0.0ms)[0m  [1mSELECT "places".* FROM "places" WHERE "places"."id" = $1 LIMIT 1[0m  [["id", 1124]]
  [1m[35mCACHE (0.0ms)[0m  SELECT "places".* FROM "places" WHERE "places"."id" = $1 LIMIT 1  [["id", 975]]
  [1m[36mPlace Load (0.3ms)[0m  [1mSELECT "places".* FROM "places" WHERE "places"."id" = $1 LIMIT 1[0m  [["id", 1125]]
  [1m[35mPlace Load (0.3ms)[0m  SELECT "places".* FROM "places" WHERE "places"."id" = 271 LIMIT 1
  [1m[36mRoute Load (0.2ms)[0m  [1mselect * from routes where startplace_id = 271[0m
  [1m[35mRoute Load (0.3ms)[0m  select * from routes where endplace_id = 271
  [1m[36mCACHE (0.0ms)[0m  [1mSELECT "places".* FROM "places" WHERE "places"."id" = $1 LIMIT 1[0m  [["id", 271]]
  [1m[35mCACHE (0.0ms)[0m  SELECT "places".* FROM "places" WHERE "places"."id" = $1 LIMIT 1  [["id", 1135]]
  [1m[36mPlace Load (0.3ms)[0m  [1mSELECT "places".* FROM "places" WHERE "places"."id" = 1116 LIMIT 1[0m
  [1m[35mRoute Load (0.3ms)[0m  select * from routes where startplace_id = 1116
  [1m[36mRoute Load (0.3ms)[0m  [1mselect * from routes where endplace_id = 1116[0m
  [1m[35mCACHE (0.0ms)[0m  SELECT "places".* FROM "places" WHERE "places"."id" = $1 LIMIT 1  [["id", 1116]]
  [1m[36mPlace Load (0.3ms)[0m  [1mSELECT "places".* FROM "places" WHERE "places"."id" = $1 LIMIT 1[0m  [["id", 827]]
  [1m[35mPlace Load (0.2ms)[0m  SELECT "places".* FROM "places" WHERE "places"."id" = $1 LIMIT 1  [["id", 528]]
  [1m[36mCACHE (0.0ms)[0m  [1mSELECT "places".* FROM "places" WHERE "places"."id" = $1 LIMIT 1[0m  [["id", 58]]
  [1m[35mPlace Load (0.3ms)[0m  SELECT "places".* FROM "places" WHERE "places"."id" = 1124 LIMIT 1
  [1m[36mRoute Load (0.3ms)[0m  [1mselect * from routes where startplace_id = 1124[0m
  [1m[35mRoute Load (0.3ms)[0m  select * from routes where endplace_id = 1124
  [1m[36mCACHE (0.0ms)[0m  [1mSELECT "places".* FROM "places" WHERE "places"."id" = $1 LIMIT 1[0m  [["id", 1124]]
  [1m[35mCACHE (0.0ms)[0m  SELECT "places".* FROM "places" WHERE "places"."id" = $1 LIMIT 1  [["id", 1129]]
  [1m[36mCACHE (0.0ms)[0m  [1mSELECT "places".* FROM "places" WHERE "places"."id" = $1 LIMIT 1[0m  [["id", 1124]]
  [1m[35mCACHE (0.0ms)[0m  SELECT "places".* FROM "places" WHERE "places"."id" = $1 LIMIT 1  [["id", 974]]
  [1m[36mCACHE (0.0ms)[0m  [1mSELECT "places".* FROM "places" WHERE "places"."id" = $1 LIMIT 1[0m  [["id", 1123]]
  [1m[35mCACHE (0.0ms)[0m  SELECT "places".* FROM "places" WHERE "places"."id" = 975 LIMIT 1
  [1m[36mCACHE (0.0ms)[0m  [1mselect * from routes where startplace_id = 975[0m
  [1m[35mCACHE (0.0ms)[0m  select * from routes where endplace_id = 975
  [1m[36mCACHE (0.0ms)[0m  [1mSELECT "places".* FROM "places" WHERE "places"."id" = $1 LIMIT 1[0m  [["id", 975]]
  [1m[35mCACHE (0.0ms)[0m  SELECT "places".* FROM "places" WHERE "places"."id" = $1 LIMIT 1  [["id", 1129]]
  [1m[36mCACHE (0.0ms)[0m  [1mSELECT "places".* FROM "places" WHERE "places"."id" = $1 LIMIT 1[0m  [["id", 975]]
  [1m[35mCACHE (0.0ms)[0m  SELECT "places".* FROM "places" WHERE "places"."id" = $1 LIMIT 1  [["id", 1123]]
  [1m[36mCACHE (0.0ms)[0m  [1mSELECT "places".* FROM "places" WHERE "places"."id" = $1 LIMIT 1[0m  [["id", 1122]]
  [1m[35mPlace Load (0.6ms)[0m  SELECT "places".* FROM "places" WHERE "places"."id" = 1131 LIMIT 1
  [1m[36mRoute Load (0.3ms)[0m  [1mselect * from routes where startplace_id = 1131[0m
  [1m[35mRoute Load (0.3ms)[0m  select * from routes where endplace_id = 1131
  [1m[36mCACHE (0.0ms)[0m  [1mSELECT "places".* FROM "places" WHERE "places"."id" = $1 LIMIT 1[0m  [["id", 1131]]
  [1m[35mPlace Load (0.3ms)[0m  SELECT "places".* FROM "places" WHERE "places"."id" = $1 LIMIT 1  [["id", 1132]]
  [1m[36mCACHE (0.0ms)[0m  [1mSELECT "places".* FROM "places" WHERE "places"."id" = $1 LIMIT 1[0m  [["id", 1133]]
  [1m[35mCACHE (0.0ms)[0m  SELECT "places".* FROM "places" WHERE "places"."id" = 1124 LIMIT 1
  [1m[36mCACHE (0.0ms)[0m  [1mselect * from routes where startplace_id = 1124[0m
  [1m[35mCACHE (0.0ms)[0m  select * from routes where endplace_id = 1124
  [1m[36mCACHE (0.0ms)[0m  [1mSELECT "places".* FROM "places" WHERE "places"."id" = $1 LIMIT 1[0m  [["id", 1124]]
  [1m[35mCACHE (0.0ms)[0m  SELECT "places".* FROM "places" WHERE "places"."id" = $1 LIMIT 1  [["id", 1129]]
  [1m[36mCACHE (0.0ms)[0m  [1mSELECT "places".* FROM "places" WHERE "places"."id" = $1 LIMIT 1[0m  [["id", 1124]]
  [1m[35mCACHE (0.0ms)[0m  SELECT "places".* FROM "places" WHERE "places"."id" = $1 LIMIT 1  [["id", 974]]
  [1m[36mCACHE (0.0ms)[0m  [1mSELECT "places".* FROM "places" WHERE "places"."id" = $1 LIMIT 1[0m  [["id", 1123]]
  [1m[35mCACHE (0.0ms)[0m  SELECT "places".* FROM "places" WHERE "places"."id" = 207 LIMIT 1
  [1m[36mCACHE (0.0ms)[0m  [1mselect * from routes where startplace_id = 207[0m
  [1m[35mCACHE (0.0ms)[0m  select * from routes where endplace_id = 207
  [1m[36mCACHE (0.0ms)[0m  [1mSELECT "places".* FROM "places" WHERE "places"."id" = $1 LIMIT 1[0m  [["id", 207]]
  [1m[35mCACHE (0.0ms)[0m  SELECT "places".* FROM "places" WHERE "places"."id" = $1 LIMIT 1  [["id", 650]]
  [1m[36mCACHE (0.0ms)[0m  [1mSELECT "places".* FROM "places" WHERE "places"."id" = $1 LIMIT 1[0m  [["id", 207]]
  [1m[35mCACHE (0.0ms)[0m  SELECT "places".* FROM "places" WHERE "places"."id" = $1 LIMIT 1  [["id", 1133]]
  [1m[36mCACHE (0.0ms)[0m  [1mSELECT "places".* FROM "places" WHERE "places"."id" = $1 LIMIT 1[0m  [["id", 1129]]
  [1m[35mPlace Load (0.3ms)[0m  SELECT "places".* FROM "places" WHERE "places"."id" = 1125 LIMIT 1
  [1m[36mRoute Load (0.3ms)[0m  [1mselect * from routes where startplace_id = 1125[0m
  [1m[35mRoute Load (0.3ms)[0m  select * from routes where endplace_id = 1125
  [1m[36mCACHE (0.0ms)[0m  [1mSELECT "places".* FROM "places" WHERE "places"."id" = $1 LIMIT 1[0m  [["id", 1125]]
  [1m[35mCACHE (0.0ms)[0m  SELECT "places".* FROM "places" WHERE "places"."id" = $1 LIMIT 1  [["id", 1123]]
  [1m[36mPlace Load (0.2ms)[0m  [1mSELECT "places".* FROM "places" WHERE "places"."id" = $1 LIMIT 1[0m  [["id", 769]]
  [1m[35mCACHE (0.0ms)[0m  SELECT "places".* FROM "places" WHERE "places"."id" = 1124 LIMIT 1
  [1m[36mCACHE (0.0ms)[0m  [1mselect * from routes where startplace_id = 1124[0m
  [1m[35mCACHE (0.0ms)[0m  select * from routes where endplace_id = 1124
  [1m[36mCACHE (0.0ms)[0m  [1mSELECT "places".* FROM "places" WHERE "places"."id" = $1 LIMIT 1[0m  [["id", 1124]]
  [1m[35mCACHE (0.0ms)[0m  SELECT "places".* FROM "places" WHERE "places"."id" = $1 LIMIT 1  [["id", 1129]]
  [1m[36mCACHE (0.0ms)[0m  [1mSELECT "places".* FROM "places" WHERE "places"."id" = $1 LIMIT 1[0m  [["id", 1124]]
  [1m[35mCACHE (0.0ms)[0m  SELECT "places".* FROM "places" WHERE "places"."id" = $1 LIMIT 1  [["id", 974]]
  [1m[36mCACHE (0.0ms)[0m  [1mSELECT "places".* FROM "places" WHERE "places"."id" = $1 LIMIT 1[0m  [["id", 1123]]
  [1m[35mPlace Load (0.3ms)[0m  SELECT "places".* FROM "places" WHERE "places"."id" = 528 LIMIT 1
  [1m[36mRoute Load (0.2ms)[0m  [1mselect * from routes where startplace_id = 528[0m
  [1m[35mRoute Load (0.3ms)[0m  select * from routes where endplace_id = 528
  [1m[36mCACHE (0.0ms)[0m  [1mSELECT "places".* FROM "places" WHERE "places"."id" = $1 LIMIT 1[0m  [["id", 528]]
  [1m[35mCACHE (0.0ms)[0m  SELECT "places".* FROM "places" WHERE "places"."id" = $1 LIMIT 1  [["id", 1116]]
  [1m[36mPlace Load (0.3ms)[0m  [1mSELECT "places".* FROM "places" WHERE "places"."id" = 827 LIMIT 1[0m
  [1m[35mRoute Load (0.3ms)[0m  select * from routes where startplace_id = 827
  [1m[36mRoute Load (0.3ms)[0m  [1mselect * from routes where endplace_id = 827[0m
  [1m[35mCACHE (0.0ms)[0m  SELECT "places".* FROM "places" WHERE "places"."id" = $1 LIMIT 1  [["id", 827]]
  [1m[36mPlace Load (0.2ms)[0m  [1mSELECT "places".* FROM "places" WHERE "places"."id" = $1 LIMIT 1[0m  [["id", 397]]
  [1m[35mCACHE (0.0ms)[0m  SELECT "places".* FROM "places" WHERE "places"."id" = $1 LIMIT 1  [["id", 1116]]
  [1m[36mCACHE (0.0ms)[0m  [1mSELECT "places".* FROM "places" WHERE "places"."id" = 1123 LIMIT 1[0m
  [1m[35mCACHE (0.0ms)[0m  select * from routes where startplace_id = 1123
  [1m[36mCACHE (0.0ms)[0m  [1mselect * from routes where endplace_id = 1123[0m
  [1m[35mCACHE (0.0ms)[0m  SELECT "places".* FROM "places" WHERE "places"."id" = $1 LIMIT 1  [["id", 1123]]
  [1m[36mCACHE (0.0ms)[0m  [1mSELECT "places".* FROM "places" WHERE "places"."id" = $1 LIMIT 1[0m  [["id", 1124]]
  [1m[35mCACHE (0.0ms)[0m  SELECT "places".* FROM "places" WHERE "places"."id" = $1 LIMIT 1  [["id", 975]]
  [1m[36mCACHE (0.0ms)[0m  [1mSELECT "places".* FROM "places" WHERE "places"."id" = $1 LIMIT 1[0m  [["id", 1125]]
  [1m[35mCACHE (0.0ms)[0m  SELECT "places".* FROM "places" WHERE "places"."id" = 1122 LIMIT 1
  [1m[36mCACHE (0.0ms)[0m  [1mselect * from routes where startplace_id = 1122[0m
  [1m[35mCACHE (0.0ms)[0m  select * from routes where endplace_id = 1122
  [1m[36mCACHE (0.0ms)[0m  [1mSELECT "places".* FROM "places" WHERE "places"."id" = $1 LIMIT 1[0m  [["id", 1122]]
  [1m[35mCACHE (0.0ms)[0m  SELECT "places".* FROM "places" WHERE "places"."id" = $1 LIMIT 1  [["id", 975]]
  [1m[36mCACHE (0.0ms)[0m  [1mSELECT "places".* FROM "places" WHERE "places"."id" = $1 LIMIT 1[0m  [["id", 1121]]
  [1m[35mCACHE (0.0ms)[0m  SELECT "places".* FROM "places" WHERE "places"."id" = 1123 LIMIT 1
  [1m[36mCACHE (0.0ms)[0m  [1mselect * from routes where startplace_id = 1123[0m
  [1m[35mCACHE (0.0ms)[0m  select * from routes where endplace_id = 1123
  [1m[36mCACHE (0.0ms)[0m  [1mSELECT "places".* FROM "places" WHERE "places"."id" = $1 LIMIT 1[0m  [["id", 1123]]
  [1m[35mCACHE (0.0ms)[0m  SELECT "places".* FROM "places" WHERE "places"."id" = $1 LIMIT 1  [["id", 1124]]
  [1m[36mCACHE (0.0ms)[0m  [1mSELECT "places".* FROM "places" WHERE "places"."id" = $1 LIMIT 1[0m  [["id", 975]]
  [1m[35mCACHE (0.0ms)[0m  SELECT "places".* FROM "places" WHERE "places"."id" = $1 LIMIT 1  [["id", 1125]]
  [1m[36mPlace Load (0.3ms)[0m  [1mSELECT "places".* FROM "places" WHERE "places"."id" = 1132 LIMIT 1[0m
  [1m[35mRoute Load (0.3ms)[0m  select * from routes where startplace_id = 1132
  [1m[36mRoute Load (0.3ms)[0m  [1mselect * from routes where endplace_id = 1132[0m
  [1m[35mCACHE (0.0ms)[0m  SELECT "places".* FROM "places" WHERE "places"."id" = $1 LIMIT 1  [["id", 1131]]
  [1m[36mCACHE (0.0ms)[0m  [1mSELECT "places".* FROM "places" WHERE "places"."id" = 1123 LIMIT 1[0m
  [1m[35mCACHE (0.0ms)[0m  select * from routes where startplace_id = 1123
  [1m[36mCACHE (0.0ms)[0m  [1mselect * from routes where endplace_id = 1123[0m
  [1m[35mCACHE (0.0ms)[0m  SELECT "places".* FROM "places" WHERE "places"."id" = $1 LIMIT 1  [["id", 1123]]
  [1m[36mCACHE (0.0ms)[0m  [1mSELECT "places".* FROM "places" WHERE "places"."id" = $1 LIMIT 1[0m  [["id", 1124]]
  [1m[35mCACHE (0.0ms)[0m  SELECT "places".* FROM "places" WHERE "places"."id" = $1 LIMIT 1  [["id", 975]]
  [1m[36mCACHE (0.0ms)[0m  [1mSELECT "places".* FROM "places" WHERE "places"."id" = $1 LIMIT 1[0m  [["id", 1125]]
  [1m[35mCACHE (0.0ms)[0m  SELECT "places".* FROM "places" WHERE "places"."id" = 650 LIMIT 1
  [1m[36mCACHE (0.0ms)[0m  [1mselect * from routes where startplace_id = 650[0m
  [1m[35mCACHE (0.0ms)[0m  select * from routes where endplace_id = 650
  [1m[36mCACHE (0.0ms)[0m  [1mSELECT "places".* FROM "places" WHERE "places"."id" = $1 LIMIT 1[0m  [["id", 650]]
  [1m[35mCACHE (0.0ms)[0m  SELECT "places".* FROM "places" WHERE "places"."id" = $1 LIMIT 1  [["id", 45]]
  [1m[36mCACHE (0.0ms)[0m  [1mSELECT "places".* FROM "places" WHERE "places"."id" = $1 LIMIT 1[0m  [["id", 207]]
  [1m[35mCACHE (0.0ms)[0m  SELECT "places".* FROM "places" WHERE "places"."id" = 1133 LIMIT 1
  [1m[36mCACHE (0.0ms)[0m  [1mselect * from routes where startplace_id = 1133[0m
  [1m[35mCACHE (0.0ms)[0m  select * from routes where endplace_id = 1133
  [1m[36mCACHE (0.0ms)[0m  [1mSELECT "places".* FROM "places" WHERE "places"."id" = $1 LIMIT 1[0m  [["id", 1133]]
  [1m[35mCACHE (0.0ms)[0m  SELECT "places".* FROM "places" WHERE "places"."id" = $1 LIMIT 1  [["id", 1131]]
  [1m[36mCACHE (0.0ms)[0m  [1mSELECT "places".* FROM "places" WHERE "places"."id" = $1 LIMIT 1[0m  [["id", 207]]
  [1m[35mCACHE (0.0ms)[0m  SELECT "places".* FROM "places" WHERE "places"."id" = 1129 LIMIT 1
  [1m[36mCACHE (0.0ms)[0m  [1mselect * from routes where startplace_id = 1129[0m
  [1m[35mCACHE (0.0ms)[0m  select * from routes where endplace_id = 1129
  [1m[36mCACHE (0.0ms)[0m  [1mSELECT "places".* FROM "places" WHERE "places"."id" = $1 LIMIT 1[0m  [["id", 1129]]
  [1m[35mCACHE (0.0ms)[0m  SELECT "places".* FROM "places" WHERE "places"."id" = $1 LIMIT 1  [["id", 207]]
  [1m[36mCACHE (0.0ms)[0m  [1mSELECT "places".* FROM "places" WHERE "places"."id" = $1 LIMIT 1[0m  [["id", 1124]]
  [1m[35mCACHE (0.0ms)[0m  SELECT "places".* FROM "places" WHERE "places"."id" = $1 LIMIT 1  [["id", 975]]
  [1m[36mPlace Load (0.3ms)[0m  [1mSELECT "places".* FROM "places" WHERE "places"."id" = 397 LIMIT 1[0m
  [1m[35mRoute Load (0.3ms)[0m  select * from routes where startplace_id = 397
  [1m[36mRoute Load (0.3ms)[0m  [1mselect * from routes where endplace_id = 397[0m
  [1m[35mCACHE (0.0ms)[0m  SELECT "places".* FROM "places" WHERE "places"."id" = $1 LIMIT 1  [["id", 397]]
  [1m[36mPlace Load (0.2ms)[0m  [1mSELECT "places".* FROM "places" WHERE "places"."id" = $1 LIMIT 1[0m  [["id", 1115]]
  [1m[35mCACHE (0.0ms)[0m  SELECT "places".* FROM "places" WHERE "places"."id" = $1 LIMIT 1  [["id", 827]]
  [1m[36mCACHE (0.0ms)[0m  [1mSELECT "places".* FROM "places" WHERE "places"."id" = 975 LIMIT 1[0m
  [1m[35mCACHE (0.0ms)[0m  select * from routes where startplace_id = 975
  [1m[36mCACHE (0.0ms)[0m  [1mselect * from routes where endplace_id = 975[0m
  [1m[35mCACHE (0.0ms)[0m  SELECT "places".* FROM "places" WHERE "places"."id" = $1 LIMIT 1  [["id", 975]]
  [1m[36mCACHE (0.0ms)[0m  [1mSELECT "places".* FROM "places" WHERE "places"."id" = $1 LIMIT 1[0m  [["id", 1129]]
  [1m[35mCACHE (0.0ms)[0m  SELECT "places".* FROM "places" WHERE "places"."id" = $1 LIMIT 1  [["id", 975]]
  [1m[36mCACHE (0.0ms)[0m  [1mSELECT "places".* FROM "places" WHERE "places"."id" = $1 LIMIT 1[0m  [["id", 1123]]
  [1m[35mCACHE (0.0ms)[0m  SELECT "places".* FROM "places" WHERE "places"."id" = $1 LIMIT 1  [["id", 1122]]
  [1m[36mCACHE (0.0ms)[0m  [1mSELECT "places".* FROM "places" WHERE "places"."id" = 1125 LIMIT 1[0m
  [1m[35mCACHE (0.0ms)[0m  select * from routes where startplace_id = 1125
  [1m[36mCACHE (0.0ms)[0m  [1mselect * from routes where endplace_id = 1125[0m
  [1m[35mCACHE (0.0ms)[0m  SELECT "places".* FROM "places" WHERE "places"."id" = $1 LIMIT 1  [["id", 1125]]
  [1m[36mCACHE (0.0ms)[0m  [1mSELECT "places".* FROM "places" WHERE "places"."id" = $1 LIMIT 1[0m  [["id", 1123]]
  [1m[35mCACHE (0.0ms)[0m  SELECT "places".* FROM "places" WHERE "places"."id" = $1 LIMIT 1  [["id", 769]]
  [1m[36mCACHE (0.0ms)[0m  [1mSELECT "places".* FROM "places" WHERE "places"."id" = 1121 LIMIT 1[0m
  [1m[35mCACHE (0.0ms)[0m  select * from routes where startplace_id = 1121
  [1m[36mCACHE (0.0ms)[0m  [1mselect * from routes where endplace_id = 1121[0m
  [1m[35mCACHE (0.0ms)[0m  SELECT "places".* FROM "places" WHERE "places"."id" = $1 LIMIT 1  [["id", 1121]]
  [1m[36mCACHE (0.0ms)[0m  [1mSELECT "places".* FROM "places" WHERE "places"."id" = $1 LIMIT 1[0m  [["id", 1122]]
  [1m[35mCACHE (0.0ms)[0m  SELECT "places".* FROM "places" WHERE "places"."id" = $1 LIMIT 1  [["id", 976]]
  [1m[36mCACHE (0.0ms)[0m  [1mSELECT "places".* FROM "places" WHERE "places"."id" = 1125 LIMIT 1[0m
  [1m[35mCACHE (0.0ms)[0m  select * from routes where startplace_id = 1125
  [1m[36mCACHE (0.1ms)[0m  [1mselect * from routes where endplace_id = 1125[0m
  [1m[35mCACHE (0.0ms)[0m  SELECT "places".* FROM "places" WHERE "places"."id" = $1 LIMIT 1  [["id", 1125]]
  [1m[36mCACHE (0.0ms)[0m  [1mSELECT "places".* FROM "places" WHERE "places"."id" = $1 LIMIT 1[0m  [["id", 1123]]
  [1m[35mCACHE (0.0ms)[0m  SELECT "places".* FROM "places" WHERE "places"."id" = $1 LIMIT 1  [["id", 769]]
  [1m[36mCACHE (0.0ms)[0m  [1mSELECT "places".* FROM "places" WHERE "places"."id" = 1124 LIMIT 1[0m
  [1m[35mCACHE (0.0ms)[0m  select * from routes where startplace_id = 1124
  [1m[36mCACHE (0.0ms)[0m  [1mselect * from routes where endplace_id = 1124[0m
  [1m[35mCACHE (0.0ms)[0m  SELECT "places".* FROM "places" WHERE "places"."id" = $1 LIMIT 1  [["id", 1124]]
  [1m[36mCACHE (0.0ms)[0m  [1mSELECT "places".* FROM "places" WHERE "places"."id" = $1 LIMIT 1[0m  [["id", 1129]]
  [1m[35mCACHE (0.0ms)[0m  SELECT "places".* FROM "places" WHERE "places"."id" = $1 LIMIT 1  [["id", 1124]]
  [1m[36mCACHE (0.0ms)[0m  [1mSELECT "places".* FROM "places" WHERE "places"."id" = $1 LIMIT 1[0m  [["id", 974]]
  [1m[35mCACHE (0.0ms)[0m  SELECT "places".* FROM "places" WHERE "places"."id" = $1 LIMIT 1  [["id", 1123]]
  [1m[36mCACHE (0.0ms)[0m  [1mSELECT "places".* FROM "places" WHERE "places"."id" = 1125 LIMIT 1[0m
  [1m[35mCACHE (0.0ms)[0m  select * from routes where startplace_id = 1125
  [1m[36mCACHE (0.0ms)[0m  [1mselect * from routes where endplace_id = 1125[0m
  [1m[35mCACHE (0.0ms)[0m  SELECT "places".* FROM "places" WHERE "places"."id" = $1 LIMIT 1  [["id", 1125]]
  [1m[36mCACHE (0.0ms)[0m  [1mSELECT "places".* FROM "places" WHERE "places"."id" = $1 LIMIT 1[0m  [["id", 1123]]
  [1m[35mCACHE (0.0ms)[0m  SELECT "places".* FROM "places" WHERE "places"."id" = $1 LIMIT 1  [["id", 769]]
  [1m[36mCACHE (0.0ms)[0m  [1mSELECT "places".* FROM "places" WHERE "places"."id" = 45 LIMIT 1[0m
  [1m[35mCACHE (0.0ms)[0m  select * from routes where startplace_id = 45
  [1m[36mCACHE (0.0ms)[0m  [1mselect * from routes where endplace_id = 45[0m
  [1m[35mCACHE (0.0ms)[0m  SELECT "places".* FROM "places" WHERE "places"."id" = $1 LIMIT 1  [["id", 45]]
  [1m[36mCACHE (0.0ms)[0m  [1mSELECT "places".* FROM "places" WHERE "places"."id" = $1 LIMIT 1[0m  [["id", 976]]
  [1m[35mCACHE (0.0ms)[0m  SELECT "places".* FROM "places" WHERE "places"."id" = $1 LIMIT 1  [["id", 650]]
  [1m[36mCACHE (0.0ms)[0m  [1mSELECT "places".* FROM "places" WHERE "places"."id" = 1131 LIMIT 1[0m
  [1m[35mCACHE (0.0ms)[0m  select * from routes where startplace_id = 1131
  [1m[36mCACHE (0.0ms)[0m  [1mselect * from routes where endplace_id = 1131[0m
  [1m[35mCACHE (0.0ms)[0m  SELECT "places".* FROM "places" WHERE "places"."id" = $1 LIMIT 1  [["id", 1131]]
  [1m[36mCACHE (0.0ms)[0m  [1mSELECT "places".* FROM "places" WHERE "places"."id" = $1 LIMIT 1[0m  [["id", 1132]]
  [1m[35mCACHE (0.0ms)[0m  SELECT "places".* FROM "places" WHERE "places"."id" = $1 LIMIT 1  [["id", 1133]]
  [1m[36mCACHE (0.0ms)[0m  [1mSELECT "places".* FROM "places" WHERE "places"."id" = 207 LIMIT 1[0m
  [1m[35mCACHE (0.0ms)[0m  select * from routes where startplace_id = 207
  [1m[36mCACHE (0.0ms)[0m  [1mselect * from routes where endplace_id = 207[0m
  [1m[35mCACHE (0.0ms)[0m  SELECT "places".* FROM "places" WHERE "places"."id" = $1 LIMIT 1  [["id", 207]]
  [1m[36mCACHE (0.0ms)[0m  [1mSELECT "places".* FROM "places" WHERE "places"."id" = $1 LIMIT 1[0m  [["id", 650]]
  [1m[35mCACHE (0.0ms)[0m  SELECT "places".* FROM "places" WHERE "places"."id" = $1 LIMIT 1  [["id", 207]]
  [1m[36mCACHE (0.0ms)[0m  [1mSELECT "places".* FROM "places" WHERE "places"."id" = $1 LIMIT 1[0m  [["id", 1133]]
  [1m[35mCACHE (0.0ms)[0m  SELECT "places".* FROM "places" WHERE "places"."id" = $1 LIMIT 1  [["id", 1129]]
  [1m[36mPlace Load (0.4ms)[0m  [1mSELECT "places".* FROM "places" WHERE "places"."id" = 1115 LIMIT 1[0m
  [1m[35mRoute Load (0.3ms)[0m  select * from routes where startplace_id = 1115
  [1m[36mRoute Load (0.3ms)[0m  [1mselect * from routes where endplace_id = 1115[0m
  [1m[35mCACHE (0.0ms)[0m  SELECT "places".* FROM "places" WHERE "places"."id" = $1 LIMIT 1  [["id", 1115]]
  [1m[36mPlace Load (0.4ms)[0m  [1mSELECT "places".* FROM "places" WHERE "places"."id" = $1 LIMIT 1[0m  [["id", 343]]
  [1m[35mCACHE (0.0ms)[0m  SELECT "places".* FROM "places" WHERE "places"."id" = $1 LIMIT 1  [["id", 397]]
  [1m[36mCACHE (0.0ms)[0m  [1mSELECT "places".* FROM "places" WHERE "places"."id" = 1122 LIMIT 1[0m
  [1m[35mCACHE (0.0ms)[0m  select * from routes where startplace_id = 1122
  [1m[36mCACHE (0.0ms)[0m  [1mselect * from routes where endplace_id = 1122[0m
  [1m[35mCACHE (0.0ms)[0m  SELECT "places".* FROM "places" WHERE "places"."id" = $1 LIMIT 1  [["id", 1122]]
  [1m[36mCACHE (0.0ms)[0m  [1mSELECT "places".* FROM "places" WHERE "places"."id" = $1 LIMIT 1[0m  [["id", 975]]
  [1m[35mCACHE (0.0ms)[0m  SELECT "places".* FROM "places" WHERE "places"."id" = $1 LIMIT 1  [["id", 1121]]
  [1m[36mCACHE (0.0ms)[0m  [1mSELECT "places".* FROM "places" WHERE "places"."id" = 1132 LIMIT 1[0m
  [1m[35mCACHE (0.0ms)[0m  select * from routes where startplace_id = 1132
  [1m[36mCACHE (0.0ms)[0m  [1mselect * from routes where endplace_id = 1132[0m
  [1m[35mCACHE (0.0ms)[0m  SELECT "places".* FROM "places" WHERE "places"."id" = $1 LIMIT 1  [["id", 1131]]
  [1m[36mCACHE (0.0ms)[0m  [1mSELECT "places".* FROM "places" WHERE "places"."id" = 650 LIMIT 1[0m
  [1m[35mCACHE (0.0ms)[0m  select * from routes where startplace_id = 650
  [1m[36mCACHE (0.0ms)[0m  [1mselect * from routes where endplace_id = 650[0m
  [1m[35mCACHE (0.0ms)[0m  SELECT "places".* FROM "places" WHERE "places"."id" = $1 LIMIT 1  [["id", 650]]
  [1m[36mCACHE (0.0ms)[0m  [1mSELECT "places".* FROM "places" WHERE "places"."id" = $1 LIMIT 1[0m  [["id", 45]]
  [1m[35mCACHE (0.0ms)[0m  SELECT "places".* FROM "places" WHERE "places"."id" = $1 LIMIT 1  [["id", 207]]
  [1m[36mCACHE (0.0ms)[0m  [1mSELECT "places".* FROM "places" WHERE "places"."id" = 1133 LIMIT 1[0m
  [1m[35mCACHE (0.0ms)[0m  select * from routes where startplace_id = 1133
  [1m[36mCACHE (0.0ms)[0m  [1mselect * from routes where endplace_id = 1133[0m
  [1m[35mCACHE (0.0ms)[0m  SELECT "places".* FROM "places" WHERE "places"."id" = $1 LIMIT 1  [["id", 1133]]
  [1m[36mCACHE (0.0ms)[0m  [1mSELECT "places".* FROM "places" WHERE "places"."id" = $1 LIMIT 1[0m  [["id", 1131]]
  [1m[35mCACHE (0.0ms)[0m  SELECT "places".* FROM "places" WHERE "places"."id" = $1 LIMIT 1  [["id", 207]]
  [1m[36mPlace Load (0.3ms)[0m  [1mSELECT "places".* FROM "places" WHERE "places"."id" = 343 LIMIT 1[0m
  [1m[35mRoute Load (0.3ms)[0m  select * from routes where startplace_id = 343
  [1m[36mRoute Load (0.3ms)[0m  [1mselect * from routes where endplace_id = 343[0m
  [1m[35mCACHE (0.0ms)[0m  SELECT "places".* FROM "places" WHERE "places"."id" = $1 LIMIT 1  [["id", 343]]
  [1m[36mPlace Load (0.2ms)[0m  [1mSELECT "places".* FROM "places" WHERE "places"."id" = $1 LIMIT 1[0m  [["id", 1114]]
  [1m[35mCACHE (0.0ms)[0m  SELECT "places".* FROM "places" WHERE "places"."id" = $1 LIMIT 1  [["id", 1115]]
  [1m[36mCACHE (0.0ms)[0m  [1mSELECT "places".* FROM "places" WHERE "places"."id" = 1121 LIMIT 1[0m
  [1m[35mCACHE (0.0ms)[0m  select * from routes where startplace_id = 1121
  [1m[36mCACHE (0.0ms)[0m  [1mselect * from routes where endplace_id = 1121[0m
  [1m[35mCACHE (0.0ms)[0m  SELECT "places".* FROM "places" WHERE "places"."id" = $1 LIMIT 1  [["id", 1121]]
  [1m[36mCACHE (0.0ms)[0m  [1mSELECT "places".* FROM "places" WHERE "places"."id" = $1 LIMIT 1[0m  [["id", 1122]]
  [1m[35mCACHE (0.0ms)[0m  SELECT "places".* FROM "places" WHERE "places"."id" = $1 LIMIT 1  [["id", 976]]
  [1m[36mCACHE (0.0ms)[0m  [1mSELECT "places".* FROM "places" WHERE "places"."id" = 45 LIMIT 1[0m
  [1m[35mCACHE (0.0ms)[0m  select * from routes where startplace_id = 45
  [1m[36mCACHE (0.0ms)[0m  [1mselect * from routes where endplace_id = 45[0m
  [1m[35mCACHE (0.0ms)[0m  SELECT "places".* FROM "places" WHERE "places"."id" = $1 LIMIT 1  [["id", 45]]
  [1m[36mCACHE (0.0ms)[0m  [1mSELECT "places".* FROM "places" WHERE "places"."id" = $1 LIMIT 1[0m  [["id", 976]]
  [1m[35mCACHE (0.0ms)[0m  SELECT "places".* FROM "places" WHERE "places"."id" = $1 LIMIT 1  [["id", 650]]
  [1m[36mCACHE (0.0ms)[0m  [1mSELECT "places".* FROM "places" WHERE "places"."id" = 1131 LIMIT 1[0m
  [1m[35mCACHE (0.0ms)[0m  select * from routes where startplace_id = 1131
  [1m[36mCACHE (0.0ms)[0m  [1mselect * from routes where endplace_id = 1131[0m
  [1m[35mCACHE (0.0ms)[0m  SELECT "places".* FROM "places" WHERE "places"."id" = $1 LIMIT 1  [["id", 1131]]
  [1m[36mCACHE (0.0ms)[0m  [1mSELECT "places".* FROM "places" WHERE "places"."id" = $1 LIMIT 1[0m  [["id", 1132]]
  [1m[35mCACHE (0.0ms)[0m  SELECT "places".* FROM "places" WHERE "places"."id" = $1 LIMIT 1  [["id", 1133]]
  [1m[36mPlace Load (0.3ms)[0m  [1mSELECT "places".* FROM "places" WHERE "places"."id" = 1114 LIMIT 1[0m
  [1m[35mRoute Load (0.3ms)[0m  select * from routes where startplace_id = 1114
  [1m[36mRoute Load (0.3ms)[0m  [1mselect * from routes where endplace_id = 1114[0m
  [1m[35mCACHE (0.0ms)[0m  SELECT "places".* FROM "places" WHERE "places"."id" = $1 LIMIT 1  [["id", 1114]]
  [1m[36mPlace Load (0.2ms)[0m  [1mSELECT "places".* FROM "places" WHERE "places"."id" = $1 LIMIT 1[0m  [["id", 1113]]
  [1m[35mCACHE (0.0ms)[0m  SELECT "places".* FROM "places" WHERE "places"."id" = $1 LIMIT 1  [["id", 343]]
BNewroutes
769
{:place=>471, :route=>[-272, -239, -240], :url=>"xrv227xrv-240xrv-239xrv-272"}
{:place=>976, :route=>[219, -22, -272, -239, -240], :url=>"xrv227xrv-240xrv-239xrv-272xrv-22xrv219"}
{:place=>45, :route=>[231, 219, -22, -272, -239, -240], :url=>"xrv227xrv-240xrv-239xrv-272xrv-22xrv219xrv231"}
{:place=>650, :route=>[233, 231, 219, -22, -272, -239, -240], :url=>"xrv227xrv-240xrv-239xrv-272xrv-22xrv219xrv231xrv233"}
{:place=>207, :route=>[234, 233, 231, 219, -22, -272, -239, -240], :url=>"xrv227xrv-240xrv-239xrv-272xrv-22xrv219xrv231xrv233xrv234"}
{:place=>258, :route=>[215, -216, -217, -218, -22, -272, -239, -240], :url=>"xrv227xrv-240xrv-239xrv-272xrv-22xrv-218xrv-217xrv-216xrv215"}
{:place=>58, :route=>[-214, -216, -217, -218, -22, -272, -239, -240], :url=>"xrv227xrv-240xrv-239xrv-272xrv-22xrv-218xrv-217xrv-216xrv-214"}
{:place=>271, :route=>[246, 245, 244, -217, -218, -22, -272, -239, -240], :url=>"xrv227xrv-240xrv-239xrv-272xrv-22xrv-218xrv-217xrv244xrv245xrv246"}
{:place=>207, :route=>[-235, -238, -221, -21, -220, 219, -22, -272, -239, -240], :url=>"xrv227xrv-240xrv-239xrv-272xrv-22xrv219xrv-220xrv-21xrv-221xrv-238xrv-235"}
{:place=>1125, :route=>[225, -222, -221, -21, -220, 219, -22, -272, -239, -240], :url=>"xrv227xrv-240xrv-239xrv-272xrv-22xrv219xrv-220xrv-21xrv-221xrv-222xrv225"}
{:place=>528, :route=>[212, -213, -214, -216, -217, -218, -22, -272, -239, -240], :url=>"xrv227xrv-240xrv-239xrv-272xrv-22xrv-218xrv-217xrv-216xrv-214xrv-213xrv212"}
{:place=>827, :route=>[-211, -213, -214, -216, -217, -218, -22, -272, -239, -240], :url=>"xrv227xrv-240xrv-239xrv-272xrv-22xrv-218xrv-217xrv-216xrv-214xrv-213xrv-211"}
{:place=>1132, :route=>[-241, -242, -243, 234, 233, 231, 219, -22, -272, -239, -240], :url=>"xrv227xrv-240xrv-239xrv-272xrv-22xrv219xrv231xrv233xrv234xrv-243xrv-242xrv-241"}
{:place=>650, :route=>[-234, -235, -238, -221, -21, -220, 219, -22, -272, -239, -240], :url=>"xrv227xrv-240xrv-239xrv-272xrv-22xrv219xrv-220xrv-21xrv-221xrv-238xrv-235xrv-234"}
{:place=>397, :route=>[-210, -211, -213, -214, -216, -217, -218, -22, -272, -239, -240], :url=>"xrv227xrv-240xrv-239xrv-272xrv-22xrv-218xrv-217xrv-216xrv-214xrv-213xrv-211xrv-210"}
{:place=>1125, :route=>[225, 223, 237, 235, 234, 233, 231, 219, -22, -272, -239, -240], :url=>"xrv227xrv-240xrv-239xrv-272xrv-22xrv219xrv231xrv233xrv234xrv235xrv237xrv223xrv225"}
{:place=>1125, :route=>[225, -222, 238, 235, 234, 233, 231, 219, -22, -272, -239, -240], :url=>"xrv227xrv-240xrv-239xrv-272xrv-22xrv219xrv231xrv233xrv234xrv235xrv238xrv-222xrv225"}
{:place=>1125, :route=>[225, 223, 237, -238, -221, -21, -220, 219, -22, -272, -239, -240], :url=>"xrv227xrv-240xrv-239xrv-272xrv-22xrv219xrv-220xrv-21xrv-221xrv-238xrv237xrv223xrv225"}
{:place=>45, :route=>[-233, -234, -235, -238, -221, -21, -220, 219, -22, -272, -239, -240], :url=>"xrv227xrv-240xrv-239xrv-272xrv-22xrv219xrv-220xrv-21xrv-221xrv-238xrv-235xrv-234xrv-233"}
{:place=>207, :route=>[-235, -237, -223, -222, -221, -21, -220, 219, -22, -272, -239, -240], :url=>"xrv227xrv-240xrv-239xrv-272xrv-22xrv219xrv-220xrv-21xrv-221xrv-222xrv-223xrv-237xrv-235"}
{:place=>1121, :route=>[21, 221, 238, 235, 234, 233, 231, 219, -22, -272, -239, -240], :url=>"xrv227xrv-240xrv-239xrv-272xrv-22xrv219xrv231xrv233xrv234xrv235xrv238xrv221xrv21"}
{:place=>1124, :route=>[-223, -222, 238, 235, 234, 233, 231, 219, -22, -272, -239, -240], :url=>"xrv227xrv-240xrv-239xrv-272xrv-22xrv219xrv231xrv233xrv234xrv235xrv238xrv-222xrv-223"}
{:place=>1132, :route=>[-241, -242, -243, -235, -238, -221, -21, -220, 219, -22, -272, -239, -240], :url=>"xrv227xrv-240xrv-239xrv-272xrv-22xrv219xrv-220xrv-21xrv-221xrv-238xrv-235xrv-243xrv-242xrv-241"}
{:place=>650, :route=>[-234, -235, -237, -223, -222, -221, -21, -220, 219, -22, -272, -239, -240], :url=>"xrv227xrv-240xrv-239xrv-272xrv-22xrv219xrv-220xrv-21xrv-221xrv-222xrv-223xrv-237xrv-235xrv-234"}
{:place=>343, :route=>[-208, -209, -210, -211, -213, -214, -216, -217, -218, -22, -272, -239, -240], :url=>"xrv227xrv-240xrv-239xrv-272xrv-22xrv-218xrv-217xrv-216xrv-214xrv-213xrv-211xrv-210xrv-209xrv-208"}
{:place=>45, :route=>[-233, -234, -235, -237, -223, -222, -221, -21, -220, 219, -22, -272, -239, -240], :url=>"xrv227xrv-240xrv-239xrv-272xrv-22xrv219xrv-220xrv-21xrv-221xrv-222xrv-223xrv-237xrv-235xrv-234xrv-233"}
{:place=>1114, :route=>[-207, -208, -209, -210, -211, -213, -214, -216, -217, -218, -22, -272, -239, -240], :url=>"xrv227xrv-240xrv-239xrv-272xrv-22xrv-218xrv-217xrv-216xrv-214xrv-213xrv-211xrv-210xrv-209xrv-208xrv-207"}
{:place=>1121, :route=>[21, 221, 222, 223, 237, 235, 234, 233, 231, 219, -22, -272, -239, -240], :url=>"xrv227xrv-240xrv-239xrv-272xrv-22xrv219xrv231xrv233xrv234xrv235xrv237xrv223xrv222xrv221xrv21"}
{:place=>1132, :route=>[-241, -242, -243, -235, -237, -223, -222, -221, -21, -220, 219, -22, -272, -239, -240], :url=>"xrv227xrv-240xrv-239xrv-272xrv-22xrv219xrv-220xrv-21xrv-221xrv-222xrv-223xrv-237xrv-235xrv-243xrv-242xrv-241"}
  [1m[36mCACHE (0.0ms)[0m  [1mSELECT "places".* FROM "places" WHERE "places"."id" = 471 LIMIT 1[0m
  [1m[35m (1.4ms)[0m  SELECT COUNT(*) FROM "route_indices" WHERE (url = 'xrv227xrv-240xrv-239xrv-272')
  [1m[36mPlaceType Load (0.2ms)[0m  [1mselect * from place_types where name='Hut'[0m
  [1m[35mSQL (0.6ms)[0m  INSERT INTO "route_indices" ("created_at", "endplace_id", "isDest", "startplace_id", "updated_at", "url") VALUES ($1, $2, $3, $4, $5, $6) RETURNING "id"  [["created_at", Mon, 27 Oct 2014 10:08:17 NZDT +13:00], ["endplace_id", 471], ["isDest", true], ["startplace_id", 769], ["updated_at", Mon, 27 Oct 2014 10:08:17 NZDT +13:00], ["url", "xrv227xrv-240xrv-239xrv-272"]]
  [1m[36mPlace Load (0.3ms)[0m  [1mSELECT "places".* FROM "places" WHERE "places"."id" = 976 LIMIT 1[0m
  [1m[35m (1.1ms)[0m  SELECT COUNT(*) FROM "route_indices" WHERE (url = 'xrv227xrv-240xrv-239xrv-272xrv-22xrv219')
  [1m[36mPlaceType Load (0.2ms)[0m  [1mselect * from place_types where name='Summit'[0m
  [1m[35mSQL (0.7ms)[0m  INSERT INTO "route_indices" ("created_at", "endplace_id", "isDest", "startplace_id", "updated_at", "url") VALUES ($1, $2, $3, $4, $5, $6) RETURNING "id"  [["created_at", Mon, 27 Oct 2014 10:08:17 NZDT +13:00], ["endplace_id", 976], ["isDest", true], ["startplace_id", 769], ["updated_at", Mon, 27 Oct 2014 10:08:17 NZDT +13:00], ["url", "xrv227xrv-240xrv-239xrv-272xrv-22xrv219"]]
  [1m[36mPlace Load (0.4ms)[0m  [1mSELECT "places".* FROM "places" WHERE "places"."id" = 45 LIMIT 1[0m
  [1m[35m (1.4ms)[0m  SELECT COUNT(*) FROM "route_indices" WHERE (url = 'xrv227xrv-240xrv-239xrv-272xrv-22xrv219xrv231')
  [1m[36mPlaceType Load (0.2ms)[0m  [1mselect * from place_types where name='Hut'[0m
  [1m[35mSQL (0.5ms)[0m  INSERT INTO "route_indices" ("created_at", "endplace_id", "isDest", "startplace_id", "updated_at", "url") VALUES ($1, $2, $3, $4, $5, $6) RETURNING "id"  [["created_at", Mon, 27 Oct 2014 10:08:17 NZDT +13:00], ["endplace_id", 45], ["isDest", true], ["startplace_id", 769], ["updated_at", Mon, 27 Oct 2014 10:08:17 NZDT +13:00], ["url", "xrv227xrv-240xrv-239xrv-272xrv-22xrv219xrv231"]]
  [1m[36mPlace Load (0.3ms)[0m  [1mSELECT "places".* FROM "places" WHERE "places"."id" = 650 LIMIT 1[0m
  [1m[35m (1.2ms)[0m  SELECT COUNT(*) FROM "route_indices" WHERE (url = 'xrv227xrv-240xrv-239xrv-272xrv-22xrv219xrv231xrv233')
  [1m[36mPlaceType Load (0.2ms)[0m  [1mselect * from place_types where name='Hut'[0m
  [1m[35mSQL (0.4ms)[0m  INSERT INTO "route_indices" ("created_at", "endplace_id", "isDest", "startplace_id", "updated_at", "url") VALUES ($1, $2, $3, $4, $5, $6) RETURNING "id"  [["created_at", Mon, 27 Oct 2014 10:08:17 NZDT +13:00], ["endplace_id", 650], ["isDest", true], ["startplace_id", 769], ["updated_at", Mon, 27 Oct 2014 10:08:17 NZDT +13:00], ["url", "xrv227xrv-240xrv-239xrv-272xrv-22xrv219xrv231xrv233"]]
  [1m[36mPlace Load (0.3ms)[0m  [1mSELECT "places".* FROM "places" WHERE "places"."id" = 207 LIMIT 1[0m
  [1m[35m (1.2ms)[0m  SELECT COUNT(*) FROM "route_indices" WHERE (url = 'xrv227xrv-240xrv-239xrv-272xrv-22xrv219xrv231xrv233xrv234')
  [1m[36mPlaceType Load (0.2ms)[0m  [1mselect * from place_types where name='Hut'[0m
  [1m[35mSQL (0.4ms)[0m  INSERT INTO "route_indices" ("created_at", "endplace_id", "isDest", "startplace_id", "updated_at", "url") VALUES ($1, $2, $3, $4, $5, $6) RETURNING "id"  [["created_at", Mon, 27 Oct 2014 10:08:17 NZDT +13:00], ["endplace_id", 207], ["isDest", true], ["startplace_id", 769], ["updated_at", Mon, 27 Oct 2014 10:08:17 NZDT +13:00], ["url", "xrv227xrv-240xrv-239xrv-272xrv-22xrv219xrv231xrv233xrv234"]]
  [1m[36mPlace Load (0.3ms)[0m  [1mSELECT "places".* FROM "places" WHERE "places"."id" = 258 LIMIT 1[0m
  [1m[35m (1.1ms)[0m  SELECT COUNT(*) FROM "route_indices" WHERE (url = 'xrv227xrv-240xrv-239xrv-272xrv-22xrv-218xrv-217xrv-216xrv215')
  [1m[36mPlaceType Load (0.2ms)[0m  [1mselect * from place_types where name='Hut'[0m
  [1m[35mSQL (0.4ms)[0m  INSERT INTO "route_indices" ("created_at", "endplace_id", "isDest", "startplace_id", "updated_at", "url") VALUES ($1, $2, $3, $4, $5, $6) RETURNING "id"  [["created_at", Mon, 27 Oct 2014 10:08:17 NZDT +13:00], ["endplace_id", 258], ["isDest", true], ["startplace_id", 769], ["updated_at", Mon, 27 Oct 2014 10:08:17 NZDT +13:00], ["url", "xrv227xrv-240xrv-239xrv-272xrv-22xrv-218xrv-217xrv-216xrv215"]]
  [1m[36mPlace Load (0.3ms)[0m  [1mSELECT "places".* FROM "places" WHERE "places"."id" = 58 LIMIT 1[0m
  [1m[35m (1.1ms)[0m  SELECT COUNT(*) FROM "route_indices" WHERE (url = 'xrv227xrv-240xrv-239xrv-272xrv-22xrv-218xrv-217xrv-216xrv-214')
  [1m[36mPlaceType Load (0.2ms)[0m  [1mselect * from place_types where name='Hut'[0m
  [1m[35mSQL (0.4ms)[0m  INSERT INTO "route_indices" ("created_at", "endplace_id", "isDest", "startplace_id", "updated_at", "url") VALUES ($1, $2, $3, $4, $5, $6) RETURNING "id"  [["created_at", Mon, 27 Oct 2014 10:08:17 NZDT +13:00], ["endplace_id", 58], ["isDest", true], ["startplace_id", 769], ["updated_at", Mon, 27 Oct 2014 10:08:17 NZDT +13:00], ["url", "xrv227xrv-240xrv-239xrv-272xrv-22xrv-218xrv-217xrv-216xrv-214"]]
  [1m[36mPlace Load (0.3ms)[0m  [1mSELECT "places".* FROM "places" WHERE "places"."id" = 271 LIMIT 1[0m
  [1m[35m (1.1ms)[0m  SELECT COUNT(*) FROM "route_indices" WHERE (url = 'xrv227xrv-240xrv-239xrv-272xrv-22xrv-218xrv-217xrv244xrv245xrv246')
  [1m[36mPlaceType Load (0.2ms)[0m  [1mselect * from place_types where name='Hut'[0m
  [1m[35mSQL (0.4ms)[0m  INSERT INTO "route_indices" ("created_at", "endplace_id", "isDest", "startplace_id", "updated_at", "url") VALUES ($1, $2, $3, $4, $5, $6) RETURNING "id"  [["created_at", Mon, 27 Oct 2014 10:08:17 NZDT +13:00], ["endplace_id", 271], ["isDest", true], ["startplace_id", 769], ["updated_at", Mon, 27 Oct 2014 10:08:17 NZDT +13:00], ["url", "xrv227xrv-240xrv-239xrv-272xrv-22xrv-218xrv-217xrv244xrv245xrv246"]]
  [1m[36mPlace Load (0.3ms)[0m  [1mSELECT "places".* FROM "places" WHERE "places"."id" = 207 LIMIT 1[0m
  [1m[35m (1.1ms)[0m  SELECT COUNT(*) FROM "route_indices" WHERE (url = 'xrv227xrv-240xrv-239xrv-272xrv-22xrv219xrv-220xrv-21xrv-221xrv-238xrv-235')
  [1m[36mPlaceType Load (0.2ms)[0m  [1mselect * from place_types where name='Hut'[0m
  [1m[35mSQL (0.4ms)[0m  INSERT INTO "route_indices" ("created_at", "endplace_id", "isDest", "startplace_id", "updated_at", "url") VALUES ($1, $2, $3, $4, $5, $6) RETURNING "id"  [["created_at", Mon, 27 Oct 2014 10:08:17 NZDT +13:00], ["endplace_id", 207], ["isDest", true], ["startplace_id", 769], ["updated_at", Mon, 27 Oct 2014 10:08:17 NZDT +13:00], ["url", "xrv227xrv-240xrv-239xrv-272xrv-22xrv219xrv-220xrv-21xrv-221xrv-238xrv-235"]]
  [1m[36mPlace Load (0.3ms)[0m  [1mSELECT "places".* FROM "places" WHERE "places"."id" = 1125 LIMIT 1[0m
  [1m[35m (1.1ms)[0m  SELECT COUNT(*) FROM "route_indices" WHERE (url = 'xrv227xrv-240xrv-239xrv-272xrv-22xrv219xrv-220xrv-21xrv-221xrv-222xrv225')
  [1m[36mPlaceType Load (0.2ms)[0m  [1mselect * from place_types where name='Campsite'[0m
  [1m[35mSQL (0.4ms)[0m  INSERT INTO "route_indices" ("created_at", "endplace_id", "isDest", "startplace_id", "updated_at", "url") VALUES ($1, $2, $3, $4, $5, $6) RETURNING "id"  [["created_at", Mon, 27 Oct 2014 10:08:17 NZDT +13:00], ["endplace_id", 1125], ["isDest", true], ["startplace_id", 769], ["updated_at", Mon, 27 Oct 2014 10:08:17 NZDT +13:00], ["url", "xrv227xrv-240xrv-239xrv-272xrv-22xrv219xrv-220xrv-21xrv-221xrv-222xrv225"]]
  [1m[36mPlace Load (0.3ms)[0m  [1mSELECT "places".* FROM "places" WHERE "places"."id" = 528 LIMIT 1[0m
  [1m[35m (1.1ms)[0m  SELECT COUNT(*) FROM "route_indices" WHERE (url = 'xrv227xrv-240xrv-239xrv-272xrv-22xrv-218xrv-217xrv-216xrv-214xrv-213xrv212')
  [1m[36mPlaceType Load (0.2ms)[0m  [1mselect * from place_types where name='Hut'[0m
  [1m[35mSQL (0.4ms)[0m  INSERT INTO "route_indices" ("created_at", "endplace_id", "isDest", "startplace_id", "updated_at", "url") VALUES ($1, $2, $3, $4, $5, $6) RETURNING "id"  [["created_at", Mon, 27 Oct 2014 10:08:17 NZDT +13:00], ["endplace_id", 528], ["isDest", true], ["startplace_id", 769], ["updated_at", Mon, 27 Oct 2014 10:08:17 NZDT +13:00], ["url", "xrv227xrv-240xrv-239xrv-272xrv-22xrv-218xrv-217xrv-216xrv-214xrv-213xrv212"]]
  [1m[36mPlace Load (0.3ms)[0m  [1mSELECT "places".* FROM "places" WHERE "places"."id" = 827 LIMIT 1[0m
  [1m[35m (1.1ms)[0m  SELECT COUNT(*) FROM "route_indices" WHERE (url = 'xrv227xrv-240xrv-239xrv-272xrv-22xrv-218xrv-217xrv-216xrv-214xrv-213xrv-211')
  [1m[36mPlaceType Load (0.2ms)[0m  [1mselect * from place_types where name='Hut'[0m
  [1m[35mSQL (0.4ms)[0m  INSERT INTO "route_indices" ("created_at", "endplace_id", "isDest", "startplace_id", "updated_at", "url") VALUES ($1, $2, $3, $4, $5, $6) RETURNING "id"  [["created_at", Mon, 27 Oct 2014 10:08:17 NZDT +13:00], ["endplace_id", 827], ["isDest", true], ["startplace_id", 769], ["updated_at", Mon, 27 Oct 2014 10:08:17 NZDT +13:00], ["url", "xrv227xrv-240xrv-239xrv-272xrv-22xrv-218xrv-217xrv-216xrv-214xrv-213xrv-211"]]
  [1m[36mPlace Load (0.3ms)[0m  [1mSELECT "places".* FROM "places" WHERE "places"."id" = 1132 LIMIT 1[0m
  [1m[35m (1.2ms)[0m  SELECT COUNT(*) FROM "route_indices" WHERE (url = 'xrv227xrv-240xrv-239xrv-272xrv-22xrv219xrv231xrv233xrv234xrv-243xrv-242xrv-241')
  [1m[36mPlaceType Load (0.2ms)[0m  [1mselect * from place_types where name='Campsite'[0m
  [1m[35mSQL (0.4ms)[0m  INSERT INTO "route_indices" ("created_at", "endplace_id", "isDest", "startplace_id", "updated_at", "url") VALUES ($1, $2, $3, $4, $5, $6) RETURNING "id"  [["created_at", Mon, 27 Oct 2014 10:08:17 NZDT +13:00], ["endplace_id", 1132], ["isDest", true], ["startplace_id", 769], ["updated_at", Mon, 27 Oct 2014 10:08:17 NZDT +13:00], ["url", "xrv227xrv-240xrv-239xrv-272xrv-22xrv219xrv231xrv233xrv234xrv-243xrv-242xrv-241"]]
  [1m[36mPlace Load (0.3ms)[0m  [1mSELECT "places".* FROM "places" WHERE "places"."id" = 650 LIMIT 1[0m
  [1m[35m (1.1ms)[0m  SELECT COUNT(*) FROM "route_indices" WHERE (url = 'xrv227xrv-240xrv-239xrv-272xrv-22xrv219xrv-220xrv-21xrv-221xrv-238xrv-235xrv-234')
  [1m[36mPlaceType Load (0.2ms)[0m  [1mselect * from place_types where name='Hut'[0m
  [1m[35mSQL (0.4ms)[0m  INSERT INTO "route_indices" ("created_at", "endplace_id", "isDest", "startplace_id", "updated_at", "url") VALUES ($1, $2, $3, $4, $5, $6) RETURNING "id"  [["created_at", Mon, 27 Oct 2014 10:08:17 NZDT +13:00], ["endplace_id", 650], ["isDest", true], ["startplace_id", 769], ["updated_at", Mon, 27 Oct 2014 10:08:17 NZDT +13:00], ["url", "xrv227xrv-240xrv-239xrv-272xrv-22xrv219xrv-220xrv-21xrv-221xrv-238xrv-235xrv-234"]]
  [1m[36mPlace Load (0.3ms)[0m  [1mSELECT "places".* FROM "places" WHERE "places"."id" = 397 LIMIT 1[0m
  [1m[35m (1.1ms)[0m  SELECT COUNT(*) FROM "route_indices" WHERE (url = 'xrv227xrv-240xrv-239xrv-272xrv-22xrv-218xrv-217xrv-216xrv-214xrv-213xrv-211xrv-210')
  [1m[36mPlaceType Load (0.3ms)[0m  [1mselect * from place_types where name='Hut'[0m
  [1m[35mSQL (0.4ms)[0m  INSERT INTO "route_indices" ("created_at", "endplace_id", "isDest", "startplace_id", "updated_at", "url") VALUES ($1, $2, $3, $4, $5, $6) RETURNING "id"  [["created_at", Mon, 27 Oct 2014 10:08:17 NZDT +13:00], ["endplace_id", 397], ["isDest", true], ["startplace_id", 769], ["updated_at", Mon, 27 Oct 2014 10:08:17 NZDT +13:00], ["url", "xrv227xrv-240xrv-239xrv-272xrv-22xrv-218xrv-217xrv-216xrv-214xrv-213xrv-211xrv-210"]]
  [1m[36mPlace Load (0.3ms)[0m  [1mSELECT "places".* FROM "places" WHERE "places"."id" = 1125 LIMIT 1[0m
  [1m[35m (1.1ms)[0m  SELECT COUNT(*) FROM "route_indices" WHERE (url = 'xrv227xrv-240xrv-239xrv-272xrv-22xrv219xrv231xrv233xrv234xrv235xrv237xrv223xrv225')
  [1m[36mPlaceType Load (0.2ms)[0m  [1mselect * from place_types where name='Campsite'[0m
  [1m[35mSQL (0.4ms)[0m  INSERT INTO "route_indices" ("created_at", "endplace_id", "isDest", "startplace_id", "updated_at", "url") VALUES ($1, $2, $3, $4, $5, $6) RETURNING "id"  [["created_at", Mon, 27 Oct 2014 10:08:17 NZDT +13:00], ["endplace_id", 1125], ["isDest", true], ["startplace_id", 769], ["updated_at", Mon, 27 Oct 2014 10:08:17 NZDT +13:00], ["url", "xrv227xrv-240xrv-239xrv-272xrv-22xrv219xrv231xrv233xrv234xrv235xrv237xrv223xrv225"]]
  [1m[36mPlace Load (0.3ms)[0m  [1mSELECT "places".* FROM "places" WHERE "places"."id" = 1125 LIMIT 1[0m
  [1m[35m (1.1ms)[0m  SELECT COUNT(*) FROM "route_indices" WHERE (url = 'xrv227xrv-240xrv-239xrv-272xrv-22xrv219xrv231xrv233xrv234xrv235xrv238xrv-222xrv225')
  [1m[36mPlaceType Load (0.2ms)[0m  [1mselect * from place_types where name='Campsite'[0m
  [1m[35mSQL (0.4ms)[0m  INSERT INTO "route_indices" ("created_at", "endplace_id", "isDest", "startplace_id", "updated_at", "url") VALUES ($1, $2, $3, $4, $5, $6) RETURNING "id"  [["created_at", Mon, 27 Oct 2014 10:08:17 NZDT +13:00], ["endplace_id", 1125], ["isDest", true], ["startplace_id", 769], ["updated_at", Mon, 27 Oct 2014 10:08:17 NZDT +13:00], ["url", "xrv227xrv-240xrv-239xrv-272xrv-22xrv219xrv231xrv233xrv234xrv235xrv238xrv-222xrv225"]]
  [1m[36mPlace Load (0.3ms)[0m  [1mSELECT "places".* FROM "places" WHERE "places"."id" = 1125 LIMIT 1[0m
  [1m[35m (1.1ms)[0m  SELECT COUNT(*) FROM "route_indices" WHERE (url = 'xrv227xrv-240xrv-239xrv-272xrv-22xrv219xrv-220xrv-21xrv-221xrv-238xrv237xrv223xrv225')
  [1m[36mPlaceType Load (0.2ms)[0m  [1mselect * from place_types where name='Campsite'[0m
  [1m[35mSQL (0.4ms)[0m  INSERT INTO "route_indices" ("created_at", "endplace_id", "isDest", "startplace_id", "updated_at", "url") VALUES ($1, $2, $3, $4, $5, $6) RETURNING "id"  [["created_at", Mon, 27 Oct 2014 10:08:17 NZDT +13:00], ["endplace_id", 1125], ["isDest", true], ["startplace_id", 769], ["updated_at", Mon, 27 Oct 2014 10:08:17 NZDT +13:00], ["url", "xrv227xrv-240xrv-239xrv-272xrv-22xrv219xrv-220xrv-21xrv-221xrv-238xrv237xrv223xrv225"]]
  [1m[36mPlace Load (0.3ms)[0m  [1mSELECT "places".* FROM "places" WHERE "places"."id" = 45 LIMIT 1[0m
  [1m[35m (1.1ms)[0m  SELECT COUNT(*) FROM "route_indices" WHERE (url = 'xrv227xrv-240xrv-239xrv-272xrv-22xrv219xrv-220xrv-21xrv-221xrv-238xrv-235xrv-234xrv-233')
  [1m[36mPlaceType Load (0.2ms)[0m  [1mselect * from place_types where name='Hut'[0m
  [1m[35mSQL (0.4ms)[0m  INSERT INTO "route_indices" ("created_at", "endplace_id", "isDest", "startplace_id", "updated_at", "url") VALUES ($1, $2, $3, $4, $5, $6) RETURNING "id"  [["created_at", Mon, 27 Oct 2014 10:08:17 NZDT +13:00], ["endplace_id", 45], ["isDest", true], ["startplace_id", 769], ["updated_at", Mon, 27 Oct 2014 10:08:17 NZDT +13:00], ["url", "xrv227xrv-240xrv-239xrv-272xrv-22xrv219xrv-220xrv-21xrv-221xrv-238xrv-235xrv-234xrv-233"]]
  [1m[36mPlace Load (0.3ms)[0m  [1mSELECT "places".* FROM "places" WHERE "places"."id" = 207 LIMIT 1[0m
  [1m[35m (1.1ms)[0m  SELECT COUNT(*) FROM "route_indices" WHERE (url = 'xrv227xrv-240xrv-239xrv-272xrv-22xrv219xrv-220xrv-21xrv-221xrv-222xrv-223xrv-237xrv-235')
  [1m[36mPlaceType Load (0.2ms)[0m  [1mselect * from place_types where name='Hut'[0m
  [1m[35mSQL (0.4ms)[0m  INSERT INTO "route_indices" ("created_at", "endplace_id", "isDest", "startplace_id", "updated_at", "url") VALUES ($1, $2, $3, $4, $5, $6) RETURNING "id"  [["created_at", Mon, 27 Oct 2014 10:08:17 NZDT +13:00], ["endplace_id", 207], ["isDest", true], ["startplace_id", 769], ["updated_at", Mon, 27 Oct 2014 10:08:17 NZDT +13:00], ["url", "xrv227xrv-240xrv-239xrv-272xrv-22xrv219xrv-220xrv-21xrv-221xrv-222xrv-223xrv-237xrv-235"]]
  [1m[36mPlace Load (0.3ms)[0m  [1mSELECT "places".* FROM "places" WHERE "places"."id" = 1121 LIMIT 1[0m
  [1m[35m (1.1ms)[0m  SELECT COUNT(*) FROM "route_indices" WHERE (url = 'xrv227xrv-240xrv-239xrv-272xrv-22xrv219xrv231xrv233xrv234xrv235xrv238xrv221xrv21')
  [1m[36mPlaceType Load (0.2ms)[0m  [1mselect * from place_types where name='Junction'[0m
  [1m[35mSQL (0.4ms)[0m  INSERT INTO "route_indices" ("created_at", "endplace_id", "isDest", "startplace_id", "updated_at", "url") VALUES ($1, $2, $3, $4, $5, $6) RETURNING "id"  [["created_at", Mon, 27 Oct 2014 10:08:17 NZDT +13:00], ["endplace_id", 1121], ["isDest", false], ["startplace_id", 769], ["updated_at", Mon, 27 Oct 2014 10:08:17 NZDT +13:00], ["url", "xrv227xrv-240xrv-239xrv-272xrv-22xrv219xrv231xrv233xrv234xrv235xrv238xrv221xrv21"]]
  [1m[36mPlace Load (0.3ms)[0m  [1mSELECT "places".* FROM "places" WHERE "places"."id" = 1124 LIMIT 1[0m
  [1m[35m (1.2ms)[0m  SELECT COUNT(*) FROM "route_indices" WHERE (url = 'xrv227xrv-240xrv-239xrv-272xrv-22xrv219xrv231xrv233xrv234xrv235xrv238xrv-222xrv-223')
  [1m[36mPlaceType Load (0.2ms)[0m  [1mselect * from place_types where name='Junction'[0m
  [1m[35mSQL (0.4ms)[0m  INSERT INTO "route_indices" ("created_at", "endplace_id", "isDest", "startplace_id", "updated_at", "url") VALUES ($1, $2, $3, $4, $5, $6) RETURNING "id"  [["created_at", Mon, 27 Oct 2014 10:08:17 NZDT +13:00], ["endplace_id", 1124], ["isDest", false], ["startplace_id", 769], ["updated_at", Mon, 27 Oct 2014 10:08:17 NZDT +13:00], ["url", "xrv227xrv-240xrv-239xrv-272xrv-22xrv219xrv231xrv233xrv234xrv235xrv238xrv-222xrv-223"]]
  [1m[36mPlace Load (0.3ms)[0m  [1mSELECT "places".* FROM "places" WHERE "places"."id" = 1132 LIMIT 1[0m
  [1m[35m (1.1ms)[0m  SELECT COUNT(*) FROM "route_indices" WHERE (url = 'xrv227xrv-240xrv-239xrv-272xrv-22xrv219xrv-220xrv-21xrv-221xrv-238xrv-235xrv-243xrv-242xrv-241')
  [1m[36mPlaceType Load (0.2ms)[0m  [1mselect * from place_types where name='Campsite'[0m
  [1m[35mSQL (0.4ms)[0m  INSERT INTO "route_indices" ("created_at", "endplace_id", "isDest", "startplace_id", "updated_at", "url") VALUES ($1, $2, $3, $4, $5, $6) RETURNING "id"  [["created_at", Mon, 27 Oct 2014 10:08:17 NZDT +13:00], ["endplace_id", 1132], ["isDest", true], ["startplace_id", 769], ["updated_at", Mon, 27 Oct 2014 10:08:17 NZDT +13:00], ["url", "xrv227xrv-240xrv-239xrv-272xrv-22xrv219xrv-220xrv-21xrv-221xrv-238xrv-235xrv-243xrv-242xrv-241"]]
  [1m[36mPlace Load (0.3ms)[0m  [1mSELECT "places".* FROM "places" WHERE "places"."id" = 650 LIMIT 1[0m
  [1m[35m (1.2ms)[0m  SELECT COUNT(*) FROM "route_indices" WHERE (url = 'xrv227xrv-240xrv-239xrv-272xrv-22xrv219xrv-220xrv-21xrv-221xrv-222xrv-223xrv-237xrv-235xrv-234')
  [1m[36mPlaceType Load (0.2ms)[0m  [1mselect * from place_types where name='Hut'[0m
  [1m[35mSQL (0.4ms)[0m  INSERT INTO "route_indices" ("created_at", "endplace_id", "isDest", "startplace_id", "updated_at", "url") VALUES ($1, $2, $3, $4, $5, $6) RETURNING "id"  [["created_at", Mon, 27 Oct 2014 10:08:18 NZDT +13:00], ["endplace_id", 650], ["isDest", true], ["startplace_id", 769], ["updated_at", Mon, 27 Oct 2014 10:08:18 NZDT +13:00], ["url", "xrv227xrv-240xrv-239xrv-272xrv-22xrv219xrv-220xrv-21xrv-221xrv-222xrv-223xrv-237xrv-235xrv-234"]]
  [1m[36mPlace Load (0.3ms)[0m  [1mSELECT "places".* FROM "places" WHERE "places"."id" = 343 LIMIT 1[0m
  [1m[35m (1.2ms)[0m  SELECT COUNT(*) FROM "route_indices" WHERE (url = 'xrv227xrv-240xrv-239xrv-272xrv-22xrv-218xrv-217xrv-216xrv-214xrv-213xrv-211xrv-210xrv-209xrv-208')
  [1m[36mPlaceType Load (0.2ms)[0m  [1mselect * from place_types where name='Hut'[0m
  [1m[35mSQL (0.4ms)[0m  INSERT INTO "route_indices" ("created_at", "endplace_id", "isDest", "startplace_id", "updated_at", "url") VALUES ($1, $2, $3, $4, $5, $6) RETURNING "id"  [["created_at", Mon, 27 Oct 2014 10:08:18 NZDT +13:00], ["endplace_id", 343], ["isDest", true], ["startplace_id", 769], ["updated_at", Mon, 27 Oct 2014 10:08:18 NZDT +13:00], ["url", "xrv227xrv-240xrv-239xrv-272xrv-22xrv-218xrv-217xrv-216xrv-214xrv-213xrv-211xrv-210xrv-209xrv-208"]]
  [1m[36mPlace Load (0.3ms)[0m  [1mSELECT "places".* FROM "places" WHERE "places"."id" = 45 LIMIT 1[0m
  [1m[35m (1.2ms)[0m  SELECT COUNT(*) FROM "route_indices" WHERE (url = 'xrv227xrv-240xrv-239xrv-272xrv-22xrv219xrv-220xrv-21xrv-221xrv-222xrv-223xrv-237xrv-235xrv-234xrv-233')
  [1m[36mPlaceType Load (0.2ms)[0m  [1mselect * from place_types where name='Hut'[0m
  [1m[35mSQL (0.4ms)[0m  INSERT INTO "route_indices" ("created_at", "endplace_id", "isDest", "startplace_id", "updated_at", "url") VALUES ($1, $2, $3, $4, $5, $6) RETURNING "id"  [["created_at", Mon, 27 Oct 2014 10:08:18 NZDT +13:00], ["endplace_id", 45], ["isDest", true], ["startplace_id", 769], ["updated_at", Mon, 27 Oct 2014 10:08:18 NZDT +13:00], ["url", "xrv227xrv-240xrv-239xrv-272xrv-22xrv219xrv-220xrv-21xrv-221xrv-222xrv-223xrv-237xrv-235xrv-234xrv-233"]]
  [1m[36mPlace Load (0.3ms)[0m  [1mSELECT "places".* FROM "places" WHERE "places"."id" = 1114 LIMIT 1[0m
  [1m[35m (1.2ms)[0m  SELECT COUNT(*) FROM "route_indices" WHERE (url = 'xrv227xrv-240xrv-239xrv-272xrv-22xrv-218xrv-217xrv-216xrv-214xrv-213xrv-211xrv-210xrv-209xrv-208xrv-207')
  [1m[36mPlaceType Load (0.2ms)[0m  [1mselect * from place_types where name='Hut'[0m
  [1m[35mSQL (0.4ms)[0m  INSERT INTO "route_indices" ("created_at", "endplace_id", "isDest", "startplace_id", "updated_at", "url") VALUES ($1, $2, $3, $4, $5, $6) RETURNING "id"  [["created_at", Mon, 27 Oct 2014 10:08:18 NZDT +13:00], ["endplace_id", 1114], ["isDest", true], ["startplace_id", 769], ["updated_at", Mon, 27 Oct 2014 10:08:18 NZDT +13:00], ["url", "xrv227xrv-240xrv-239xrv-272xrv-22xrv-218xrv-217xrv-216xrv-214xrv-213xrv-211xrv-210xrv-209xrv-208xrv-207"]]
  [1m[36mPlace Load (0.3ms)[0m  [1mSELECT "places".* FROM "places" WHERE "places"."id" = 1121 LIMIT 1[0m
  [1m[35m (1.1ms)[0m  SELECT COUNT(*) FROM "route_indices" WHERE (url = 'xrv227xrv-240xrv-239xrv-272xrv-22xrv219xrv231xrv233xrv234xrv235xrv237xrv223xrv222xrv221xrv21')
  [1m[36mPlaceType Load (0.2ms)[0m  [1mselect * from place_types where name='Junction'[0m
  [1m[35mSQL (0.4ms)[0m  INSERT INTO "route_indices" ("created_at", "endplace_id", "isDest", "startplace_id", "updated_at", "url") VALUES ($1, $2, $3, $4, $5, $6) RETURNING "id"  [["created_at", Mon, 27 Oct 2014 10:08:18 NZDT +13:00], ["endplace_id", 1121], ["isDest", false], ["startplace_id", 769], ["updated_at", Mon, 27 Oct 2014 10:08:18 NZDT +13:00], ["url", "xrv227xrv-240xrv-239xrv-272xrv-22xrv219xrv231xrv233xrv234xrv235xrv237xrv223xrv222xrv221xrv21"]]
  [1m[36mPlace Load (0.3ms)[0m  [1mSELECT "places".* FROM "places" WHERE "places"."id" = 1132 LIMIT 1[0m
  [1m[35m (1.1ms)[0m  SELECT COUNT(*) FROM "route_indices" WHERE (url = 'xrv227xrv-240xrv-239xrv-272xrv-22xrv219xrv-220xrv-21xrv-221xrv-222xrv-223xrv-237xrv-235xrv-243xrv-242xrv-241')
  [1m[36mPlaceType Load (0.2ms)[0m  [1mselect * from place_types where name='Campsite'[0m
  [1m[35mSQL (0.5ms)[0m  INSERT INTO "route_indices" ("created_at", "endplace_id", "isDest", "startplace_id", "updated_at", "url") VALUES ($1, $2, $3, $4, $5, $6) RETURNING "id"  [["created_at", Mon, 27 Oct 2014 10:08:18 NZDT +13:00], ["endplace_id", 1132], ["isDest", true], ["startplace_id", 769], ["updated_at", Mon, 27 Oct 2014 10:08:18 NZDT +13:00], ["url", "xrv227xrv-240xrv-239xrv-272xrv-22xrv219xrv-220xrv-21xrv-221xrv-222xrv-223xrv-237xrv-235xrv-243xrv-242xrv-241"]]
  [1m[36mPlace Load (0.3ms)[0m  [1mSELECT "places".* FROM "places" WHERE "places"."id" = 1125 LIMIT 1[0m
  [1m[35mPlaceType Load (0.2ms)[0m  select name, "isDest" from place_types
  [1m[36mRoute Load (0.4ms)[0m  [1mSELECT "routes".* FROM "routes" WHERE "routes"."id" = 223 LIMIT 1[0m
  [1m[35mPlace Load (0.2ms)[0m  SELECT "places".* FROM "places" WHERE "places"."id" = $1 LIMIT 1  [["id", 1123]]
  [1m[36mPlace Load (0.2ms)[0m  [1mSELECT "places".* FROM "places" WHERE "places"."id" = $1 LIMIT 1[0m  [["id", 1124]]
  [1m[35mRoute Load (0.3ms)[0m  SELECT "routes".* FROM "routes" WHERE "routes"."id" = 224 LIMIT 1
  [1m[36mCACHE (0.0ms)[0m  [1mSELECT "places".* FROM "places" WHERE "places"."id" = $1 LIMIT 1[0m  [["id", 1124]]
  [1m[35mPlace Load (0.2ms)[0m  SELECT "places".* FROM "places" WHERE "places"."id" = $1 LIMIT 1  [["id", 974]]
  [1m[36mRoute Load (0.3ms)[0m  [1mSELECT "routes".* FROM "routes" WHERE "routes"."id" = 272 LIMIT 1[0m
  [1m[35mCACHE (0.0ms)[0m  SELECT "places".* FROM "places" WHERE "places"."id" = $1 LIMIT 1  [["id", 974]]
  [1m[36mPlace Load (0.2ms)[0m  [1mSELECT "places".* FROM "places" WHERE "places"."id" = $1 LIMIT 1[0m  [["id", 471]]
  [1m[35mPlace Load (0.3ms)[0m  SELECT "places".* FROM "places" WHERE "places"."id" = 471 LIMIT 1
  [1m[36mCACHE (0.0ms)[0m  [1mSELECT "places".* FROM "places" WHERE "places"."id" = 471 LIMIT 1[0m
  [1m[35mRoute Load (0.3ms)[0m  select * from routes where startplace_id = 471
  [1m[36mRoute Load (0.3ms)[0m  [1mselect * from routes where endplace_id = 471[0m
  [1m[35mCACHE (0.0ms)[0m  SELECT "places".* FROM "places" WHERE "places"."id" = $1 LIMIT 1  [["id", 471]]
  [1m[36mPlace Load (0.2ms)[0m  [1mSELECT "places".* FROM "places" WHERE "places"."id" = $1 LIMIT 1[0m  [["id", 1119]]
  [1m[35mCACHE (0.0ms)[0m  SELECT "places".* FROM "places" WHERE "places"."id" = $1 LIMIT 1  [["id", 974]]
  [1m[36mPlace Load (0.3ms)[0m  [1mSELECT "places".* FROM "places" WHERE "places"."id" = 1119 LIMIT 1[0m
  [1m[35mRoute Load (0.3ms)[0m  select * from routes where startplace_id = 1119
  [1m[36mRoute Load (0.3ms)[0m  [1mselect * from routes where endplace_id = 1119[0m
  [1m[35mCACHE (0.0ms)[0m  SELECT "places".* FROM "places" WHERE "places"."id" = $1 LIMIT 1  [["id", 1119]]
  [1m[36mPlace Load (0.2ms)[0m  [1mSELECT "places".* FROM "places" WHERE "places"."id" = $1 LIMIT 1[0m  [["id", 1120]]
  [1m[35mPlace Load (0.2ms)[0m  SELECT "places".* FROM "places" WHERE "places"."id" = $1 LIMIT 1  [["id", 976]]
  [1m[36mCACHE (0.0ms)[0m  [1mSELECT "places".* FROM "places" WHERE "places"."id" = $1 LIMIT 1[0m  [["id", 471]]
  [1m[35mPlace Load (0.3ms)[0m  SELECT "places".* FROM "places" WHERE "places"."id" = 976 LIMIT 1
  [1m[36mRoute Load (0.3ms)[0m  [1mselect * from routes where startplace_id = 976[0m
  [1m[35mRoute Load (0.3ms)[0m  select * from routes where endplace_id = 976
  [1m[36mCACHE (0.0ms)[0m  [1mSELECT "places".* FROM "places" WHERE "places"."id" = $1 LIMIT 1[0m  [["id", 976]]
  [1m[35mPlace Load (0.2ms)[0m  SELECT "places".* FROM "places" WHERE "places"."id" = $1 LIMIT 1  [["id", 1121]]
  [1m[36mCACHE (0.0ms)[0m  [1mSELECT "places".* FROM "places" WHERE "places"."id" = $1 LIMIT 1[0m  [["id", 976]]
  [1m[35mCACHE (0.0ms)[0m  SELECT "places".* FROM "places" WHERE "places"."id" = $1 LIMIT 1  [["id", 1119]]
  [1m[36mPlace Load (0.3ms)[0m  [1mSELECT "places".* FROM "places" WHERE "places"."id" = $1 LIMIT 1[0m  [["id", 45]]
  [1m[35mPlace Load (0.3ms)[0m  SELECT "places".* FROM "places" WHERE "places"."id" = 1120 LIMIT 1
  [1m[36mRoute Load (0.3ms)[0m  [1mselect * from routes where startplace_id = 1120[0m
  [1m[35mRoute Load (0.3ms)[0m  select * from routes where endplace_id = 1120
  [1m[36mCACHE (0.0ms)[0m  [1mSELECT "places".* FROM "places" WHERE "places"."id" = $1 LIMIT 1[0m  [["id", 1120]]
  [1m[35mPlace Load (0.2ms)[0m  SELECT "places".* FROM "places" WHERE "places"."id" = $1 LIMIT 1  [["id", 1118]]
  [1m[36mCACHE (0.0ms)[0m  [1mSELECT "places".* FROM "places" WHERE "places"."id" = $1 LIMIT 1[0m  [["id", 1119]]
  [1m[35mPlace Load (0.3ms)[0m  SELECT "places".* FROM "places" WHERE "places"."id" = 45 LIMIT 1
  [1m[36mRoute Load (0.3ms)[0m  [1mselect * from routes where startplace_id = 45[0m
  [1m[35mRoute Load (0.3ms)[0m  select * from routes where endplace_id = 45
  [1m[36mCACHE (0.0ms)[0m  [1mSELECT "places".* FROM "places" WHERE "places"."id" = $1 LIMIT 1[0m  [["id", 45]]
  [1m[35mCACHE (0.0ms)[0m  SELECT "places".* FROM "places" WHERE "places"."id" = $1 LIMIT 1  [["id", 976]]
  [1m[36mPlace Load (0.2ms)[0m  [1mSELECT "places".* FROM "places" WHERE "places"."id" = $1 LIMIT 1[0m  [["id", 650]]
  [1m[35mPlace Load (0.3ms)[0m  SELECT "places".* FROM "places" WHERE "places"."id" = 1121 LIMIT 1
  [1m[36mRoute Load (0.3ms)[0m  [1mselect * from routes where startplace_id = 1121[0m
  [1m[35mRoute Load (0.3ms)[0m  select * from routes where endplace_id = 1121
  [1m[36mCACHE (0.0ms)[0m  [1mSELECT "places".* FROM "places" WHERE "places"."id" = $1 LIMIT 1[0m  [["id", 1121]]
  [1m[35mPlace Load (0.2ms)[0m  SELECT "places".* FROM "places" WHERE "places"."id" = $1 LIMIT 1  [["id", 1122]]
  [1m[36mCACHE (0.0ms)[0m  [1mSELECT "places".* FROM "places" WHERE "places"."id" = $1 LIMIT 1[0m  [["id", 976]]
  [1m[35mPlace Load (0.3ms)[0m  SELECT "places".* FROM "places" WHERE "places"."id" = 1118 LIMIT 1
  [1m[36mRoute Load (0.3ms)[0m  [1mselect * from routes where startplace_id = 1118[0m
  [1m[35mRoute Load (0.3ms)[0m  select * from routes where endplace_id = 1118
  [1m[36mCACHE (0.0ms)[0m  [1mSELECT "places".* FROM "places" WHERE "places"."id" = $1 LIMIT 1[0m  [["id", 1118]]
  [1m[35mPlace Load (0.2ms)[0m  SELECT "places".* FROM "places" WHERE "places"."id" = $1 LIMIT 1  [["id", 1117]]
  [1m[36mPlace Load (0.2ms)[0m  [1mSELECT "places".* FROM "places" WHERE "places"."id" = $1 LIMIT 1[0m  [["id", 1134]]
  [1m[35mCACHE (0.0ms)[0m  SELECT "places".* FROM "places" WHERE "places"."id" = $1 LIMIT 1  [["id", 1120]]
  [1m[36mPlace Load (0.3ms)[0m  [1mSELECT "places".* FROM "places" WHERE "places"."id" = 650 LIMIT 1[0m
  [1m[35mRoute Load (0.3ms)[0m  select * from routes where startplace_id = 650
  [1m[36mRoute Load (0.3ms)[0m  [1mselect * from routes where endplace_id = 650[0m
  [1m[35mCACHE (0.0ms)[0m  SELECT "places".* FROM "places" WHERE "places"."id" = $1 LIMIT 1  [["id", 650]]
  [1m[36mCACHE (0.0ms)[0m  [1mSELECT "places".* FROM "places" WHERE "places"."id" = $1 LIMIT 1[0m  [["id", 45]]
  [1m[35mPlace Load (0.2ms)[0m  SELECT "places".* FROM "places" WHERE "places"."id" = $1 LIMIT 1  [["id", 207]]
  [1m[36mPlace Load (0.3ms)[0m  [1mSELECT "places".* FROM "places" WHERE "places"."id" = 1122 LIMIT 1[0m
  [1m[35mRoute Load (0.3ms)[0m  select * from routes where startplace_id = 1122
  [1m[36mRoute Load (0.3ms)[0m  [1mselect * from routes where endplace_id = 1122[0m
  [1m[35mCACHE (0.0ms)[0m  SELECT "places".* FROM "places" WHERE "places"."id" = $1 LIMIT 1  [["id", 1122]]
  [1m[36mPlace Load (0.2ms)[0m  [1mSELECT "places".* FROM "places" WHERE "places"."id" = $1 LIMIT 1[0m  [["id", 975]]
  [1m[35mCACHE (0.0ms)[0m  SELECT "places".* FROM "places" WHERE "places"."id" = $1 LIMIT 1  [["id", 1121]]
  [1m[36mPlace Load (0.3ms)[0m  [1mSELECT "places".* FROM "places" WHERE "places"."id" = 1134 LIMIT 1[0m
  [1m[35mRoute Load (0.3ms)[0m  select * from routes where startplace_id = 1134
  [1m[36mRoute Load (0.3ms)[0m  [1mselect * from routes where endplace_id = 1134[0m
  [1m[35mCACHE (0.0ms)[0m  SELECT "places".* FROM "places" WHERE "places"."id" = $1 LIMIT 1  [["id", 1134]]
  [1m[36mCACHE (0.0ms)[0m  [1mSELECT "places".* FROM "places" WHERE "places"."id" = $1 LIMIT 1[0m  [["id", 1118]]
  [1m[35mPlace Load (0.2ms)[0m  SELECT "places".* FROM "places" WHERE "places"."id" = $1 LIMIT 1  [["id", 1135]]
  [1m[36mPlace Load (0.3ms)[0m  [1mSELECT "places".* FROM "places" WHERE "places"."id" = 1117 LIMIT 1[0m
  [1m[35mRoute Load (0.3ms)[0m  select * from routes where startplace_id = 1117
  [1m[36mRoute Load (0.3ms)[0m  [1mselect * from routes where endplace_id = 1117[0m
  [1m[35mCACHE (0.0ms)[0m  SELECT "places".* FROM "places" WHERE "places"."id" = $1 LIMIT 1  [["id", 1117]]
  [1m[36mPlace Load (0.5ms)[0m  [1mSELECT "places".* FROM "places" WHERE "places"."id" = $1 LIMIT 1[0m  [["id", 58]]
  [1m[35mCACHE (0.0ms)[0m  SELECT "places".* FROM "places" WHERE "places"."id" = $1 LIMIT 1  [["id", 1118]]
  [1m[36mPlace Load (0.2ms)[0m  [1mSELECT "places".* FROM "places" WHERE "places"."id" = $1 LIMIT 1[0m  [["id", 258]]
  [1m[35mPlace Load (0.4ms)[0m  SELECT "places".* FROM "places" WHERE "places"."id" = 207 LIMIT 1
  [1m[36mRoute Load (0.3ms)[0m  [1mselect * from routes where startplace_id = 207[0m
  [1m[35mRoute Load (0.4ms)[0m  select * from routes where endplace_id = 207
  [1m[36mCACHE (0.0ms)[0m  [1mSELECT "places".* FROM "places" WHERE "places"."id" = $1 LIMIT 1[0m  [["id", 207]]
  [1m[35mCACHE (0.0ms)[0m  SELECT "places".* FROM "places" WHERE "places"."id" = $1 LIMIT 1  [["id", 650]]
  [1m[36mCACHE (0.0ms)[0m  [1mSELECT "places".* FROM "places" WHERE "places"."id" = $1 LIMIT 1[0m  [["id", 207]]
  [1m[35mPlace Load (0.2ms)[0m  SELECT "places".* FROM "places" WHERE "places"."id" = $1 LIMIT 1  [["id", 1133]]
  [1m[36mPlace Load (0.2ms)[0m  [1mSELECT "places".* FROM "places" WHERE "places"."id" = $1 LIMIT 1[0m  [["id", 1129]]
  [1m[35mPlace Load (0.3ms)[0m  SELECT "places".* FROM "places" WHERE "places"."id" = 975 LIMIT 1
  [1m[36mRoute Load (0.3ms)[0m  [1mselect * from routes where startplace_id = 975[0m
  [1m[35mRoute Load (0.3ms)[0m  select * from routes where endplace_id = 975
  [1m[36mCACHE (0.0ms)[0m  [1mSELECT "places".* FROM "places" WHERE "places"."id" = $1 LIMIT 1[0m  [["id", 975]]
  [1m[35mCACHE (0.0ms)[0m  SELECT "places".* FROM "places" WHERE "places"."id" = $1 LIMIT 1  [["id", 1129]]
  [1m[36mCACHE (0.0ms)[0m  [1mSELECT "places".* FROM "places" WHERE "places"."id" = $1 LIMIT 1[0m  [["id", 975]]
  [1m[35mCACHE (0.0ms)[0m  SELECT "places".* FROM "places" WHERE "places"."id" = $1 LIMIT 1  [["id", 1123]]
  [1m[36mCACHE (0.0ms)[0m  [1mSELECT "places".* FROM "places" WHERE "places"."id" = $1 LIMIT 1[0m  [["id", 1122]]
  [1m[35mPlace Load (0.3ms)[0m  SELECT "places".* FROM "places" WHERE "places"."id" = 1135 LIMIT 1
  [1m[36mRoute Load (0.3ms)[0m  [1mselect * from routes where startplace_id = 1135[0m
  [1m[35mRoute Load (0.3ms)[0m  select * from routes where endplace_id = 1135
  [1m[36mCACHE (0.0ms)[0m  [1mSELECT "places".* FROM "places" WHERE "places"."id" = $1 LIMIT 1[0m  [["id", 1135]]
  [1m[35mCACHE (0.0ms)[0m  SELECT "places".* FROM "places" WHERE "places"."id" = $1 LIMIT 1  [["id", 1134]]
  [1m[36mPlace Load (0.2ms)[0m  [1mSELECT "places".* FROM "places" WHERE "places"."id" = $1 LIMIT 1[0m  [["id", 271]]
  [1m[35mPlace Load (0.3ms)[0m  SELECT "places".* FROM "places" WHERE "places"."id" = 258 LIMIT 1
  [1m[36mRoute Load (0.3ms)[0m  [1mselect * from routes where startplace_id = 258[0m
  [1m[35mRoute Load (0.3ms)[0m  select * from routes where endplace_id = 258
  [1m[36mCACHE (0.0ms)[0m  [1mSELECT "places".* FROM "places" WHERE "places"."id" = $1 LIMIT 1[0m  [["id", 258]]
  [1m[35mCACHE (0.0ms)[0m  SELECT "places".* FROM "places" WHERE "places"."id" = $1 LIMIT 1  [["id", 1117]]
  [1m[36mPlace Load (0.3ms)[0m  [1mSELECT "places".* FROM "places" WHERE "places"."id" = 58 LIMIT 1[0m
  [1m[35mRoute Load (0.3ms)[0m  select * from routes where startplace_id = 58
  [1m[36mRoute Load (0.3ms)[0m  [1mselect * from routes where endplace_id = 58[0m
  [1m[35mCACHE (0.0ms)[0m  SELECT "places".* FROM "places" WHERE "places"."id" = $1 LIMIT 1  [["id", 58]]
  [1m[36mPlace Load (0.2ms)[0m  [1mSELECT "places".* FROM "places" WHERE "places"."id" = $1 LIMIT 1[0m  [["id", 1116]]
  [1m[35mCACHE (0.0ms)[0m  SELECT "places".* FROM "places" WHERE "places"."id" = $1 LIMIT 1  [["id", 1117]]
  [1m[36mPlace Load (0.3ms)[0m  [1mSELECT "places".* FROM "places" WHERE "places"."id" = 1129 LIMIT 1[0m
  [1m[35mRoute Load (0.5ms)[0m  select * from routes where startplace_id = 1129
  [1m[36mRoute Load (0.4ms)[0m  [1mselect * from routes where endplace_id = 1129[0m
  [1m[35mCACHE (0.0ms)[0m  SELECT "places".* FROM "places" WHERE "places"."id" = $1 LIMIT 1  [["id", 1129]]
  [1m[36mCACHE (0.0ms)[0m  [1mSELECT "places".* FROM "places" WHERE "places"."id" = $1 LIMIT 1[0m  [["id", 207]]
  [1m[35mCACHE (0.0ms)[0m  SELECT "places".* FROM "places" WHERE "places"."id" = $1 LIMIT 1  [["id", 1124]]
  [1m[36mCACHE (0.0ms)[0m  [1mSELECT "places".* FROM "places" WHERE "places"."id" = $1 LIMIT 1[0m  [["id", 975]]
  [1m[35mPlace Load (0.3ms)[0m  SELECT "places".* FROM "places" WHERE "places"."id" = 1133 LIMIT 1
  [1m[36mRoute Load (0.3ms)[0m  [1mselect * from routes where startplace_id = 1133[0m
  [1m[35mRoute Load (0.3ms)[0m  select * from routes where endplace_id = 1133
  [1m[36mCACHE (0.0ms)[0m  [1mSELECT "places".* FROM "places" WHERE "places"."id" = $1 LIMIT 1[0m  [["id", 1133]]
  [1m[35mPlace Load (0.3ms)[0m  SELECT "places".* FROM "places" WHERE "places"."id" = $1 LIMIT 1  [["id", 1131]]
  [1m[36mCACHE (0.0ms)[0m  [1mSELECT "places".* FROM "places" WHERE "places"."id" = $1 LIMIT 1[0m  [["id", 207]]
  [1m[35mCACHE (0.0ms)[0m  SELECT "places".* FROM "places" WHERE "places"."id" = 1129 LIMIT 1
  [1m[36mCACHE (0.0ms)[0m  [1mselect * from routes where startplace_id = 1129[0m
  [1m[35mCACHE (0.0ms)[0m  select * from routes where endplace_id = 1129
  [1m[36mCACHE (0.0ms)[0m  [1mSELECT "places".* FROM "places" WHERE "places"."id" = $1 LIMIT 1[0m  [["id", 1129]]
  [1m[35mCACHE (0.0ms)[0m  SELECT "places".* FROM "places" WHERE "places"."id" = $1 LIMIT 1  [["id", 207]]
  [1m[36mCACHE (0.0ms)[0m  [1mSELECT "places".* FROM "places" WHERE "places"."id" = $1 LIMIT 1[0m  [["id", 1124]]
  [1m[35mCACHE (0.0ms)[0m  SELECT "places".* FROM "places" WHERE "places"."id" = $1 LIMIT 1  [["id", 975]]
  [1m[36mPlace Load (0.3ms)[0m  [1mSELECT "places".* FROM "places" WHERE "places"."id" = 1123 LIMIT 1[0m
  [1m[35mRoute Load (0.4ms)[0m  select * from routes where startplace_id = 1123
  [1m[36mRoute Load (0.3ms)[0m  [1mselect * from routes where endplace_id = 1123[0m
  [1m[35mCACHE (0.0ms)[0m  SELECT "places".* FROM "places" WHERE "places"."id" = $1 LIMIT 1  [["id", 1123]]
  [1m[36mCACHE (0.0ms)[0m  [1mSELECT "places".* FROM "places" WHERE "places"."id" = $1 LIMIT 1[0m  [["id", 1124]]
  [1m[35mCACHE (0.0ms)[0m  SELECT "places".* FROM "places" WHERE "places"."id" = $1 LIMIT 1  [["id", 975]]
  [1m[36mPlace Load (0.2ms)[0m  [1mSELECT "places".* FROM "places" WHERE "places"."id" = $1 LIMIT 1[0m  [["id", 1125]]
  [1m[35mPlace Load (0.3ms)[0m  SELECT "places".* FROM "places" WHERE "places"."id" = 271 LIMIT 1
  [1m[36mRoute Load (0.3ms)[0m  [1mselect * from routes where startplace_id = 271[0m
  [1m[35mRoute Load (0.3ms)[0m  select * from routes where endplace_id = 271
  [1m[36mCACHE (0.0ms)[0m  [1mSELECT "places".* FROM "places" WHERE "places"."id" = $1 LIMIT 1[0m  [["id", 271]]
  [1m[35mCACHE (0.0ms)[0m  SELECT "places".* FROM "places" WHERE "places"."id" = $1 LIMIT 1  [["id", 1135]]
  [1m[36mPlace Load (0.3ms)[0m  [1mSELECT "places".* FROM "places" WHERE "places"."id" = 1116 LIMIT 1[0m
  [1m[35mRoute Load (0.3ms)[0m  select * from routes where startplace_id = 1116
  [1m[36mRoute Load (0.3ms)[0m  [1mselect * from routes where endplace_id = 1116[0m
  [1m[35mCACHE (0.0ms)[0m  SELECT "places".* FROM "places" WHERE "places"."id" = $1 LIMIT 1  [["id", 1116]]
  [1m[36mPlace Load (0.2ms)[0m  [1mSELECT "places".* FROM "places" WHERE "places"."id" = $1 LIMIT 1[0m  [["id", 827]]
  [1m[35mPlace Load (0.2ms)[0m  SELECT "places".* FROM "places" WHERE "places"."id" = $1 LIMIT 1  [["id", 528]]
  [1m[36mCACHE (0.0ms)[0m  [1mSELECT "places".* FROM "places" WHERE "places"."id" = $1 LIMIT 1[0m  [["id", 58]]
  [1m[35mCACHE (0.0ms)[0m  SELECT "places".* FROM "places" WHERE "places"."id" = 975 LIMIT 1
  [1m[36mCACHE (0.0ms)[0m  [1mselect * from routes where startplace_id = 975[0m
  [1m[35mCACHE (0.0ms)[0m  select * from routes where endplace_id = 975
  [1m[36mCACHE (0.0ms)[0m  [1mSELECT "places".* FROM "places" WHERE "places"."id" = $1 LIMIT 1[0m  [["id", 975]]
  [1m[35mCACHE (0.0ms)[0m  SELECT "places".* FROM "places" WHERE "places"."id" = $1 LIMIT 1  [["id", 1129]]
  [1m[36mCACHE (0.0ms)[0m  [1mSELECT "places".* FROM "places" WHERE "places"."id" = $1 LIMIT 1[0m  [["id", 975]]
  [1m[35mCACHE (0.0ms)[0m  SELECT "places".* FROM "places" WHERE "places"."id" = $1 LIMIT 1  [["id", 1123]]
  [1m[36mCACHE (0.0ms)[0m  [1mSELECT "places".* FROM "places" WHERE "places"."id" = $1 LIMIT 1[0m  [["id", 1122]]
  [1m[35mPlace Load (0.4ms)[0m  SELECT "places".* FROM "places" WHERE "places"."id" = 1131 LIMIT 1
  [1m[36mRoute Load (0.3ms)[0m  [1mselect * from routes where startplace_id = 1131[0m
  [1m[35mRoute Load (0.3ms)[0m  select * from routes where endplace_id = 1131
  [1m[36mCACHE (0.0ms)[0m  [1mSELECT "places".* FROM "places" WHERE "places"."id" = $1 LIMIT 1[0m  [["id", 1131]]
  [1m[35mPlace Load (0.2ms)[0m  SELECT "places".* FROM "places" WHERE "places"."id" = $1 LIMIT 1  [["id", 1132]]
  [1m[36mCACHE (0.0ms)[0m  [1mSELECT "places".* FROM "places" WHERE "places"."id" = $1 LIMIT 1[0m  [["id", 1133]]
  [1m[35mCACHE (0.0ms)[0m  SELECT "places".* FROM "places" WHERE "places"."id" = 207 LIMIT 1
  [1m[36mCACHE (0.0ms)[0m  [1mselect * from routes where startplace_id = 207[0m
  [1m[35mCACHE (0.0ms)[0m  select * from routes where endplace_id = 207
  [1m[36mCACHE (0.0ms)[0m  [1mSELECT "places".* FROM "places" WHERE "places"."id" = $1 LIMIT 1[0m  [["id", 207]]
  [1m[35mCACHE (0.0ms)[0m  SELECT "places".* FROM "places" WHERE "places"."id" = $1 LIMIT 1  [["id", 650]]
  [1m[36mCACHE (0.0ms)[0m  [1mSELECT "places".* FROM "places" WHERE "places"."id" = $1 LIMIT 1[0m  [["id", 207]]
  [1m[35mCACHE (0.0ms)[0m  SELECT "places".* FROM "places" WHERE "places"."id" = $1 LIMIT 1  [["id", 1133]]
  [1m[36mCACHE (0.0ms)[0m  [1mSELECT "places".* FROM "places" WHERE "places"."id" = $1 LIMIT 1[0m  [["id", 1129]]
  [1m[35mPlace Load (0.3ms)[0m  SELECT "places".* FROM "places" WHERE "places"."id" = 528 LIMIT 1
  [1m[36mRoute Load (0.3ms)[0m  [1mselect * from routes where startplace_id = 528[0m
  [1m[35mRoute Load (0.3ms)[0m  select * from routes where endplace_id = 528
  [1m[36mCACHE (0.0ms)[0m  [1mSELECT "places".* FROM "places" WHERE "places"."id" = $1 LIMIT 1[0m  [["id", 528]]
  [1m[35mCACHE (0.0ms)[0m  SELECT "places".* FROM "places" WHERE "places"."id" = $1 LIMIT 1  [["id", 1116]]
  [1m[36mPlace Load (0.3ms)[0m  [1mSELECT "places".* FROM "places" WHERE "places"."id" = 827 LIMIT 1[0m
  [1m[35mRoute Load (0.3ms)[0m  select * from routes where startplace_id = 827
  [1m[36mRoute Load (0.3ms)[0m  [1mselect * from routes where endplace_id = 827[0m
  [1m[35mCACHE (0.0ms)[0m  SELECT "places".* FROM "places" WHERE "places"."id" = $1 LIMIT 1  [["id", 827]]
  [1m[36mPlace Load (0.2ms)[0m  [1mSELECT "places".* FROM "places" WHERE "places"."id" = $1 LIMIT 1[0m  [["id", 397]]
  [1m[35mCACHE (0.0ms)[0m  SELECT "places".* FROM "places" WHERE "places"."id" = $1 LIMIT 1  [["id", 1116]]
  [1m[36mCACHE (0.0ms)[0m  [1mSELECT "places".* FROM "places" WHERE "places"."id" = 1122 LIMIT 1[0m
  [1m[35mCACHE (0.0ms)[0m  select * from routes where startplace_id = 1122
  [1m[36mCACHE (0.0ms)[0m  [1mselect * from routes where endplace_id = 1122[0m
  [1m[35mCACHE (0.0ms)[0m  SELECT "places".* FROM "places" WHERE "places"."id" = $1 LIMIT 1  [["id", 1122]]
  [1m[36mCACHE (0.0ms)[0m  [1mSELECT "places".* FROM "places" WHERE "places"."id" = $1 LIMIT 1[0m  [["id", 975]]
  [1m[35mCACHE (0.0ms)[0m  SELECT "places".* FROM "places" WHERE "places"."id" = $1 LIMIT 1  [["id", 1121]]
  [1m[36mCACHE (0.0ms)[0m  [1mSELECT "places".* FROM "places" WHERE "places"."id" = 1123 LIMIT 1[0m
  [1m[35mCACHE (0.0ms)[0m  select * from routes where startplace_id = 1123
  [1m[36mCACHE (0.0ms)[0m  [1mselect * from routes where endplace_id = 1123[0m
  [1m[35mCACHE (0.0ms)[0m  SELECT "places".* FROM "places" WHERE "places"."id" = $1 LIMIT 1  [["id", 1123]]
  [1m[36mCACHE (0.0ms)[0m  [1mSELECT "places".* FROM "places" WHERE "places"."id" = $1 LIMIT 1[0m  [["id", 1124]]
  [1m[35mCACHE (0.0ms)[0m  SELECT "places".* FROM "places" WHERE "places"."id" = $1 LIMIT 1  [["id", 975]]
  [1m[36mCACHE (0.0ms)[0m  [1mSELECT "places".* FROM "places" WHERE "places"."id" = $1 LIMIT 1[0m  [["id", 1125]]
  [1m[35mPlace Load (0.3ms)[0m  SELECT "places".* FROM "places" WHERE "places"."id" = 1132 LIMIT 1
  [1m[36mRoute Load (0.3ms)[0m  [1mselect * from routes where startplace_id = 1132[0m
  [1m[35mRoute Load (0.2ms)[0m  select * from routes where endplace_id = 1132
  [1m[36mCACHE (0.0ms)[0m  [1mSELECT "places".* FROM "places" WHERE "places"."id" = $1 LIMIT 1[0m  [["id", 1131]]
  [1m[35mCACHE (0.0ms)[0m  SELECT "places".* FROM "places" WHERE "places"."id" = 650 LIMIT 1
  [1m[36mCACHE (0.0ms)[0m  [1mselect * from routes where startplace_id = 650[0m
  [1m[35mCACHE (0.0ms)[0m  select * from routes where endplace_id = 650
  [1m[36mCACHE (0.0ms)[0m  [1mSELECT "places".* FROM "places" WHERE "places"."id" = $1 LIMIT 1[0m  [["id", 650]]
  [1m[35mCACHE (0.0ms)[0m  SELECT "places".* FROM "places" WHERE "places"."id" = $1 LIMIT 1  [["id", 45]]
  [1m[36mCACHE (0.0ms)[0m  [1mSELECT "places".* FROM "places" WHERE "places"."id" = $1 LIMIT 1[0m  [["id", 207]]
  [1m[35mCACHE (0.0ms)[0m  SELECT "places".* FROM "places" WHERE "places"."id" = 1133 LIMIT 1
  [1m[36mCACHE (0.0ms)[0m  [1mselect * from routes where startplace_id = 1133[0m
  [1m[35mCACHE (0.0ms)[0m  select * from routes where endplace_id = 1133
  [1m[36mCACHE (0.0ms)[0m  [1mSELECT "places".* FROM "places" WHERE "places"."id" = $1 LIMIT 1[0m  [["id", 1133]]
  [1m[35mCACHE (0.0ms)[0m  SELECT "places".* FROM "places" WHERE "places"."id" = $1 LIMIT 1  [["id", 1131]]
  [1m[36mCACHE (0.0ms)[0m  [1mSELECT "places".* FROM "places" WHERE "places"."id" = $1 LIMIT 1[0m  [["id", 207]]
  [1m[35mPlace Load (0.3ms)[0m  SELECT "places".* FROM "places" WHERE "places"."id" = 397 LIMIT 1
  [1m[36mRoute Load (0.3ms)[0m  [1mselect * from routes where startplace_id = 397[0m
  [1m[35mRoute Load (0.3ms)[0m  select * from routes where endplace_id = 397
  [1m[36mCACHE (0.0ms)[0m  [1mSELECT "places".* FROM "places" WHERE "places"."id" = $1 LIMIT 1[0m  [["id", 397]]
  [1m[35mPlace Load (0.2ms)[0m  SELECT "places".* FROM "places" WHERE "places"."id" = $1 LIMIT 1  [["id", 1115]]
  [1m[36mCACHE (0.0ms)[0m  [1mSELECT "places".* FROM "places" WHERE "places"."id" = $1 LIMIT 1[0m  [["id", 827]]
  [1m[35mCACHE (0.0ms)[0m  SELECT "places".* FROM "places" WHERE "places"."id" = 1121 LIMIT 1
  [1m[36mCACHE (0.0ms)[0m  [1mselect * from routes where startplace_id = 1121[0m
  [1m[35mCACHE (0.0ms)[0m  select * from routes where endplace_id = 1121
  [1m[36mCACHE (0.0ms)[0m  [1mSELECT "places".* FROM "places" WHERE "places"."id" = $1 LIMIT 1[0m  [["id", 1121]]
  [1m[35mCACHE (0.0ms)[0m  SELECT "places".* FROM "places" WHERE "places"."id" = $1 LIMIT 1  [["id", 1122]]
  [1m[36mCACHE (0.0ms)[0m  [1mSELECT "places".* FROM "places" WHERE "places"."id" = $1 LIMIT 1[0m  [["id", 976]]
  [1m[35mCACHE (0.0ms)[0m  SELECT "places".* FROM "places" WHERE "places"."id" = 45 LIMIT 1
  [1m[36mCACHE (0.0ms)[0m  [1mselect * from routes where startplace_id = 45[0m
  [1m[35mCACHE (0.0ms)[0m  select * from routes where endplace_id = 45
  [1m[36mCACHE (0.0ms)[0m  [1mSELECT "places".* FROM "places" WHERE "places"."id" = $1 LIMIT 1[0m  [["id", 45]]
  [1m[35mCACHE (0.0ms)[0m  SELECT "places".* FROM "places" WHERE "places"."id" = $1 LIMIT 1  [["id", 976]]
  [1m[36mCACHE (0.0ms)[0m  [1mSELECT "places".* FROM "places" WHERE "places"."id" = $1 LIMIT 1[0m  [["id", 650]]
  [1m[35mCACHE (0.0ms)[0m  SELECT "places".* FROM "places" WHERE "places"."id" = 1131 LIMIT 1
  [1m[36mCACHE (0.0ms)[0m  [1mselect * from routes where startplace_id = 1131[0m
  [1m[35mCACHE (0.0ms)[0m  select * from routes where endplace_id = 1131
  [1m[36mCACHE (0.0ms)[0m  [1mSELECT "places".* FROM "places" WHERE "places"."id" = $1 LIMIT 1[0m  [["id", 1131]]
  [1m[35mCACHE (0.0ms)[0m  SELECT "places".* FROM "places" WHERE "places"."id" = $1 LIMIT 1  [["id", 1132]]
  [1m[36mCACHE (0.0ms)[0m  [1mSELECT "places".* FROM "places" WHERE "places"."id" = $1 LIMIT 1[0m  [["id", 1133]]
  [1m[35mPlace Load (0.3ms)[0m  SELECT "places".* FROM "places" WHERE "places"."id" = 1115 LIMIT 1
  [1m[36mRoute Load (0.3ms)[0m  [1mselect * from routes where startplace_id = 1115[0m
  [1m[35mRoute Load (0.3ms)[0m  select * from routes where endplace_id = 1115
  [1m[36mCACHE (0.0ms)[0m  [1mSELECT "places".* FROM "places" WHERE "places"."id" = $1 LIMIT 1[0m  [["id", 1115]]
  [1m[35mPlace Load (0.2ms)[0m  SELECT "places".* FROM "places" WHERE "places"."id" = $1 LIMIT 1  [["id", 343]]
  [1m[36mCACHE (0.0ms)[0m  [1mSELECT "places".* FROM "places" WHERE "places"."id" = $1 LIMIT 1[0m  [["id", 397]]
  [1m[35mCACHE (0.0ms)[0m  SELECT "places".* FROM "places" WHERE "places"."id" = 1132 LIMIT 1
  [1m[36mCACHE (0.0ms)[0m  [1mselect * from routes where startplace_id = 1132[0m
  [1m[35mCACHE (0.0ms)[0m  select * from routes where endplace_id = 1132
  [1m[36mCACHE (0.0ms)[0m  [1mSELECT "places".* FROM "places" WHERE "places"."id" = $1 LIMIT 1[0m  [["id", 1131]]
  [1m[35mPlace Load (0.3ms)[0m  SELECT "places".* FROM "places" WHERE "places"."id" = 343 LIMIT 1
  [1m[36mRoute Load (0.3ms)[0m  [1mselect * from routes where startplace_id = 343[0m
  [1m[35mRoute Load (0.3ms)[0m  select * from routes where endplace_id = 343
  [1m[36mCACHE (0.0ms)[0m  [1mSELECT "places".* FROM "places" WHERE "places"."id" = $1 LIMIT 1[0m  [["id", 343]]
  [1m[35mPlace Load (0.2ms)[0m  SELECT "places".* FROM "places" WHERE "places"."id" = $1 LIMIT 1  [["id", 1114]]
  [1m[36mCACHE (0.0ms)[0m  [1mSELECT "places".* FROM "places" WHERE "places"."id" = $1 LIMIT 1[0m  [["id", 1115]]
  [1m[35mPlace Load (0.3ms)[0m  SELECT "places".* FROM "places" WHERE "places"."id" = 1114 LIMIT 1
  [1m[36mRoute Load (0.3ms)[0m  [1mselect * from routes where startplace_id = 1114[0m
  [1m[35mRoute Load (0.3ms)[0m  select * from routes where endplace_id = 1114
  [1m[36mCACHE (0.0ms)[0m  [1mSELECT "places".* FROM "places" WHERE "places"."id" = $1 LIMIT 1[0m  [["id", 1114]]
  [1m[35mPlace Load (0.2ms)[0m  SELECT "places".* FROM "places" WHERE "places"."id" = $1 LIMIT 1  [["id", 1113]]
  [1m[36mCACHE (0.0ms)[0m  [1mSELECT "places".* FROM "places" WHERE "places"."id" = $1 LIMIT 1[0m  [["id", 343]]
BNewroutes
1125
{:place=>471, :route=>[-272, -224, -223], :url=>"xrv-225xrv-223xrv-224xrv-272"}
{:place=>976, :route=>[219, -22, -272, -224, -223], :url=>"xrv-225xrv-223xrv-224xrv-272xrv-22xrv219"}
{:place=>45, :route=>[231, 219, -22, -272, -224, -223], :url=>"xrv-225xrv-223xrv-224xrv-272xrv-22xrv219xrv231"}
{:place=>650, :route=>[233, 231, 219, -22, -272, -224, -223], :url=>"xrv-225xrv-223xrv-224xrv-272xrv-22xrv219xrv231xrv233"}
{:place=>207, :route=>[234, 233, 231, 219, -22, -272, -224, -223], :url=>"xrv-225xrv-223xrv-224xrv-272xrv-22xrv219xrv231xrv233xrv234"}
{:place=>258, :route=>[215, -216, -217, -218, -22, -272, -224, -223], :url=>"xrv-225xrv-223xrv-224xrv-272xrv-22xrv-218xrv-217xrv-216xrv215"}
{:place=>58, :route=>[-214, -216, -217, -218, -22, -272, -224, -223], :url=>"xrv-225xrv-223xrv-224xrv-272xrv-22xrv-218xrv-217xrv-216xrv-214"}
{:place=>271, :route=>[246, 245, 244, -217, -218, -22, -272, -224, -223], :url=>"xrv-225xrv-223xrv-224xrv-272xrv-22xrv-218xrv-217xrv244xrv245xrv246"}
{:place=>207, :route=>[-235, -238, -221, -21, -220, 219, -22, -272, -224, -223], :url=>"xrv-225xrv-223xrv-224xrv-272xrv-22xrv219xrv-220xrv-21xrv-221xrv-238xrv-235"}
{:place=>1123, :route=>[-222, -221, -21, -220, 219, -22, -272, -224, -223], :url=>"xrv-225xrv-223xrv-224xrv-272xrv-22xrv219xrv-220xrv-21xrv-221xrv-222"}
{:place=>528, :route=>[212, -213, -214, -216, -217, -218, -22, -272, -224, -223], :url=>"xrv-225xrv-223xrv-224xrv-272xrv-22xrv-218xrv-217xrv-216xrv-214xrv-213xrv212"}
{:place=>827, :route=>[-211, -213, -214, -216, -217, -218, -22, -272, -224, -223], :url=>"xrv-225xrv-223xrv-224xrv-272xrv-22xrv-218xrv-217xrv-216xrv-214xrv-213xrv-211"}
{:place=>1132, :route=>[-241, -242, -243, 234, 233, 231, 219, -22, -272, -224, -223], :url=>"xrv-225xrv-223xrv-224xrv-272xrv-22xrv219xrv231xrv233xrv234xrv-243xrv-242xrv-241"}
{:place=>650, :route=>[-234, -235, -238, -221, -21, -220, 219, -22, -272, -224, -223], :url=>"xrv-225xrv-223xrv-224xrv-272xrv-22xrv219xrv-220xrv-21xrv-221xrv-238xrv-235xrv-234"}
{:place=>397, :route=>[-210, -211, -213, -214, -216, -217, -218, -22, -272, -224, -223], :url=>"xrv-225xrv-223xrv-224xrv-272xrv-22xrv-218xrv-217xrv-216xrv-214xrv-213xrv-211xrv-210"}
{:place=>1123, :route=>[-222, 238, 235, 234, 233, 231, 219, -22, -272, -224, -223], :url=>"xrv-225xrv-223xrv-224xrv-272xrv-22xrv219xrv231xrv233xrv234xrv235xrv238xrv-222"}
{:place=>45, :route=>[-233, -234, -235, -238, -221, -21, -220, 219, -22, -272, -224, -223], :url=>"xrv-225xrv-223xrv-224xrv-272xrv-22xrv219xrv-220xrv-21xrv-221xrv-238xrv-235xrv-234xrv-233"}
{:place=>1121, :route=>[21, 221, 238, 235, 234, 233, 231, 219, -22, -272, -224, -223], :url=>"xrv-225xrv-223xrv-224xrv-272xrv-22xrv219xrv231xrv233xrv234xrv235xrv238xrv221xrv21"}
{:place=>1132, :route=>[-241, -242, -243, -235, -238, -221, -21, -220, 219, -22, -272, -224, -223], :url=>"xrv-225xrv-223xrv-224xrv-272xrv-22xrv219xrv-220xrv-21xrv-221xrv-238xrv-235xrv-243xrv-242xrv-241"}
{:place=>343, :route=>[-208, -209, -210, -211, -213, -214, -216, -217, -218, -22, -272, -224, -223], :url=>"xrv-225xrv-223xrv-224xrv-272xrv-22xrv-218xrv-217xrv-216xrv-214xrv-213xrv-211xrv-210xrv-209xrv-208"}
{:place=>1114, :route=>[-207, -208, -209, -210, -211, -213, -214, -216, -217, -218, -22, -272, -224, -223], :url=>"xrv-225xrv-223xrv-224xrv-272xrv-22xrv-218xrv-217xrv-216xrv-214xrv-213xrv-211xrv-210xrv-209xrv-208xrv-207"}
  [1m[35mCACHE (0.0ms)[0m  SELECT "places".* FROM "places" WHERE "places"."id" = 471 LIMIT 1
  [1m[36m (1.4ms)[0m  [1mSELECT COUNT(*) FROM "route_indices" WHERE (url = 'xrv-225xrv-223xrv-224xrv-272')[0m
  [1m[35mPlaceType Load (0.2ms)[0m  select * from place_types where name='Hut'
  [1m[36mSQL (0.6ms)[0m  [1mINSERT INTO "route_indices" ("created_at", "endplace_id", "isDest", "startplace_id", "updated_at", "url") VALUES ($1, $2, $3, $4, $5, $6) RETURNING "id"[0m  [["created_at", Mon, 27 Oct 2014 10:08:18 NZDT +13:00], ["endplace_id", 471], ["isDest", true], ["startplace_id", 1125], ["updated_at", Mon, 27 Oct 2014 10:08:18 NZDT +13:00], ["url", "xrv-225xrv-223xrv-224xrv-272"]]
  [1m[35mPlace Load (0.3ms)[0m  SELECT "places".* FROM "places" WHERE "places"."id" = 976 LIMIT 1
  [1m[36m (1.1ms)[0m  [1mSELECT COUNT(*) FROM "route_indices" WHERE (url = 'xrv-225xrv-223xrv-224xrv-272xrv-22xrv219')[0m
  [1m[35mPlaceType Load (0.2ms)[0m  select * from place_types where name='Summit'
  [1m[36mSQL (0.4ms)[0m  [1mINSERT INTO "route_indices" ("created_at", "endplace_id", "isDest", "startplace_id", "updated_at", "url") VALUES ($1, $2, $3, $4, $5, $6) RETURNING "id"[0m  [["created_at", Mon, 27 Oct 2014 10:08:18 NZDT +13:00], ["endplace_id", 976], ["isDest", true], ["startplace_id", 1125], ["updated_at", Mon, 27 Oct 2014 10:08:18 NZDT +13:00], ["url", "xrv-225xrv-223xrv-224xrv-272xrv-22xrv219"]]
  [1m[35mPlace Load (0.3ms)[0m  SELECT "places".* FROM "places" WHERE "places"."id" = 45 LIMIT 1
  [1m[36m (1.1ms)[0m  [1mSELECT COUNT(*) FROM "route_indices" WHERE (url = 'xrv-225xrv-223xrv-224xrv-272xrv-22xrv219xrv231')[0m
  [1m[35mPlaceType Load (0.2ms)[0m  select * from place_types where name='Hut'
  [1m[36mSQL (0.4ms)[0m  [1mINSERT INTO "route_indices" ("created_at", "endplace_id", "isDest", "startplace_id", "updated_at", "url") VALUES ($1, $2, $3, $4, $5, $6) RETURNING "id"[0m  [["created_at", Mon, 27 Oct 2014 10:08:18 NZDT +13:00], ["endplace_id", 45], ["isDest", true], ["startplace_id", 1125], ["updated_at", Mon, 27 Oct 2014 10:08:18 NZDT +13:00], ["url", "xrv-225xrv-223xrv-224xrv-272xrv-22xrv219xrv231"]]
  [1m[35mPlace Load (0.3ms)[0m  SELECT "places".* FROM "places" WHERE "places"."id" = 650 LIMIT 1
  [1m[36m (1.2ms)[0m  [1mSELECT COUNT(*) FROM "route_indices" WHERE (url = 'xrv-225xrv-223xrv-224xrv-272xrv-22xrv219xrv231xrv233')[0m
  [1m[35mPlaceType Load (0.2ms)[0m  select * from place_types where name='Hut'
  [1m[36mSQL (0.4ms)[0m  [1mINSERT INTO "route_indices" ("created_at", "endplace_id", "isDest", "startplace_id", "updated_at", "url") VALUES ($1, $2, $3, $4, $5, $6) RETURNING "id"[0m  [["created_at", Mon, 27 Oct 2014 10:08:18 NZDT +13:00], ["endplace_id", 650], ["isDest", true], ["startplace_id", 1125], ["updated_at", Mon, 27 Oct 2014 10:08:18 NZDT +13:00], ["url", "xrv-225xrv-223xrv-224xrv-272xrv-22xrv219xrv231xrv233"]]
  [1m[35mPlace Load (0.4ms)[0m  SELECT "places".* FROM "places" WHERE "places"."id" = 207 LIMIT 1
  [1m[36m (1.2ms)[0m  [1mSELECT COUNT(*) FROM "route_indices" WHERE (url = 'xrv-225xrv-223xrv-224xrv-272xrv-22xrv219xrv231xrv233xrv234')[0m
  [1m[35mPlaceType Load (0.2ms)[0m  select * from place_types where name='Hut'
  [1m[36mSQL (0.4ms)[0m  [1mINSERT INTO "route_indices" ("created_at", "endplace_id", "isDest", "startplace_id", "updated_at", "url") VALUES ($1, $2, $3, $4, $5, $6) RETURNING "id"[0m  [["created_at", Mon, 27 Oct 2014 10:08:18 NZDT +13:00], ["endplace_id", 207], ["isDest", true], ["startplace_id", 1125], ["updated_at", Mon, 27 Oct 2014 10:08:18 NZDT +13:00], ["url", "xrv-225xrv-223xrv-224xrv-272xrv-22xrv219xrv231xrv233xrv234"]]
  [1m[35mPlace Load (0.3ms)[0m  SELECT "places".* FROM "places" WHERE "places"."id" = 258 LIMIT 1
  [1m[36m (1.1ms)[0m  [1mSELECT COUNT(*) FROM "route_indices" WHERE (url = 'xrv-225xrv-223xrv-224xrv-272xrv-22xrv-218xrv-217xrv-216xrv215')[0m
  [1m[35mPlaceType Load (0.2ms)[0m  select * from place_types where name='Hut'
  [1m[36mSQL (0.4ms)[0m  [1mINSERT INTO "route_indices" ("created_at", "endplace_id", "isDest", "startplace_id", "updated_at", "url") VALUES ($1, $2, $3, $4, $5, $6) RETURNING "id"[0m  [["created_at", Mon, 27 Oct 2014 10:08:18 NZDT +13:00], ["endplace_id", 258], ["isDest", true], ["startplace_id", 1125], ["updated_at", Mon, 27 Oct 2014 10:08:18 NZDT +13:00], ["url", "xrv-225xrv-223xrv-224xrv-272xrv-22xrv-218xrv-217xrv-216xrv215"]]
  [1m[35mPlace Load (0.3ms)[0m  SELECT "places".* FROM "places" WHERE "places"."id" = 58 LIMIT 1
  [1m[36m (1.1ms)[0m  [1mSELECT COUNT(*) FROM "route_indices" WHERE (url = 'xrv-225xrv-223xrv-224xrv-272xrv-22xrv-218xrv-217xrv-216xrv-214')[0m
  [1m[35mPlaceType Load (0.2ms)[0m  select * from place_types where name='Hut'
  [1m[36mSQL (0.4ms)[0m  [1mINSERT INTO "route_indices" ("created_at", "endplace_id", "isDest", "startplace_id", "updated_at", "url") VALUES ($1, $2, $3, $4, $5, $6) RETURNING "id"[0m  [["created_at", Mon, 27 Oct 2014 10:08:18 NZDT +13:00], ["endplace_id", 58], ["isDest", true], ["startplace_id", 1125], ["updated_at", Mon, 27 Oct 2014 10:08:18 NZDT +13:00], ["url", "xrv-225xrv-223xrv-224xrv-272xrv-22xrv-218xrv-217xrv-216xrv-214"]]
  [1m[35mPlace Load (0.3ms)[0m  SELECT "places".* FROM "places" WHERE "places"."id" = 271 LIMIT 1
  [1m[36m (1.1ms)[0m  [1mSELECT COUNT(*) FROM "route_indices" WHERE (url = 'xrv-225xrv-223xrv-224xrv-272xrv-22xrv-218xrv-217xrv244xrv245xrv246')[0m
  [1m[35mPlaceType Load (0.2ms)[0m  select * from place_types where name='Hut'
  [1m[36mSQL (0.4ms)[0m  [1mINSERT INTO "route_indices" ("created_at", "endplace_id", "isDest", "startplace_id", "updated_at", "url") VALUES ($1, $2, $3, $4, $5, $6) RETURNING "id"[0m  [["created_at", Mon, 27 Oct 2014 10:08:18 NZDT +13:00], ["endplace_id", 271], ["isDest", true], ["startplace_id", 1125], ["updated_at", Mon, 27 Oct 2014 10:08:18 NZDT +13:00], ["url", "xrv-225xrv-223xrv-224xrv-272xrv-22xrv-218xrv-217xrv244xrv245xrv246"]]
  [1m[35mPlace Load (0.3ms)[0m  SELECT "places".* FROM "places" WHERE "places"."id" = 207 LIMIT 1
  [1m[36m (1.1ms)[0m  [1mSELECT COUNT(*) FROM "route_indices" WHERE (url = 'xrv-225xrv-223xrv-224xrv-272xrv-22xrv219xrv-220xrv-21xrv-221xrv-238xrv-235')[0m
  [1m[35mPlaceType Load (0.2ms)[0m  select * from place_types where name='Hut'
  [1m[36mSQL (0.4ms)[0m  [1mINSERT INTO "route_indices" ("created_at", "endplace_id", "isDest", "startplace_id", "updated_at", "url") VALUES ($1, $2, $3, $4, $5, $6) RETURNING "id"[0m  [["created_at", Mon, 27 Oct 2014 10:08:18 NZDT +13:00], ["endplace_id", 207], ["isDest", true], ["startplace_id", 1125], ["updated_at", Mon, 27 Oct 2014 10:08:18 NZDT +13:00], ["url", "xrv-225xrv-223xrv-224xrv-272xrv-22xrv219xrv-220xrv-21xrv-221xrv-238xrv-235"]]
  [1m[35mPlace Load (0.3ms)[0m  SELECT "places".* FROM "places" WHERE "places"."id" = 1123 LIMIT 1
  [1m[36m (1.1ms)[0m  [1mSELECT COUNT(*) FROM "route_indices" WHERE (url = 'xrv-225xrv-223xrv-224xrv-272xrv-22xrv219xrv-220xrv-21xrv-221xrv-222')[0m
  [1m[35mPlaceType Load (0.2ms)[0m  select * from place_types where name='Junction'
  [1m[36mSQL (0.4ms)[0m  [1mINSERT INTO "route_indices" ("created_at", "endplace_id", "isDest", "startplace_id", "updated_at", "url") VALUES ($1, $2, $3, $4, $5, $6) RETURNING "id"[0m  [["created_at", Mon, 27 Oct 2014 10:08:18 NZDT +13:00], ["endplace_id", 1123], ["isDest", false], ["startplace_id", 1125], ["updated_at", Mon, 27 Oct 2014 10:08:18 NZDT +13:00], ["url", "xrv-225xrv-223xrv-224xrv-272xrv-22xrv219xrv-220xrv-21xrv-221xrv-222"]]
  [1m[35mPlace Load (0.3ms)[0m  SELECT "places".* FROM "places" WHERE "places"."id" = 528 LIMIT 1
  [1m[36m (1.2ms)[0m  [1mSELECT COUNT(*) FROM "route_indices" WHERE (url = 'xrv-225xrv-223xrv-224xrv-272xrv-22xrv-218xrv-217xrv-216xrv-214xrv-213xrv212')[0m
  [1m[35mPlaceType Load (0.2ms)[0m  select * from place_types where name='Hut'
  [1m[36mSQL (0.4ms)[0m  [1mINSERT INTO "route_indices" ("created_at", "endplace_id", "isDest", "startplace_id", "updated_at", "url") VALUES ($1, $2, $3, $4, $5, $6) RETURNING "id"[0m  [["created_at", Mon, 27 Oct 2014 10:08:18 NZDT +13:00], ["endplace_id", 528], ["isDest", true], ["startplace_id", 1125], ["updated_at", Mon, 27 Oct 2014 10:08:18 NZDT +13:00], ["url", "xrv-225xrv-223xrv-224xrv-272xrv-22xrv-218xrv-217xrv-216xrv-214xrv-213xrv212"]]
  [1m[35mPlace Load (0.3ms)[0m  SELECT "places".* FROM "places" WHERE "places"."id" = 827 LIMIT 1
  [1m[36m (1.2ms)[0m  [1mSELECT COUNT(*) FROM "route_indices" WHERE (url = 'xrv-225xrv-223xrv-224xrv-272xrv-22xrv-218xrv-217xrv-216xrv-214xrv-213xrv-211')[0m
  [1m[35mPlaceType Load (0.2ms)[0m  select * from place_types where name='Hut'
  [1m[36mSQL (0.4ms)[0m  [1mINSERT INTO "route_indices" ("created_at", "endplace_id", "isDest", "startplace_id", "updated_at", "url") VALUES ($1, $2, $3, $4, $5, $6) RETURNING "id"[0m  [["created_at", Mon, 27 Oct 2014 10:08:18 NZDT +13:00], ["endplace_id", 827], ["isDest", true], ["startplace_id", 1125], ["updated_at", Mon, 27 Oct 2014 10:08:18 NZDT +13:00], ["url", "xrv-225xrv-223xrv-224xrv-272xrv-22xrv-218xrv-217xrv-216xrv-214xrv-213xrv-211"]]
  [1m[35mPlace Load (0.3ms)[0m  SELECT "places".* FROM "places" WHERE "places"."id" = 1132 LIMIT 1
  [1m[36m (1.2ms)[0m  [1mSELECT COUNT(*) FROM "route_indices" WHERE (url = 'xrv-225xrv-223xrv-224xrv-272xrv-22xrv219xrv231xrv233xrv234xrv-243xrv-242xrv-241')[0m
  [1m[35mPlaceType Load (0.2ms)[0m  select * from place_types where name='Campsite'
  [1m[36mSQL (0.4ms)[0m  [1mINSERT INTO "route_indices" ("created_at", "endplace_id", "isDest", "startplace_id", "updated_at", "url") VALUES ($1, $2, $3, $4, $5, $6) RETURNING "id"[0m  [["created_at", Mon, 27 Oct 2014 10:08:18 NZDT +13:00], ["endplace_id", 1132], ["isDest", true], ["startplace_id", 1125], ["updated_at", Mon, 27 Oct 2014 10:08:18 NZDT +13:00], ["url", "xrv-225xrv-223xrv-224xrv-272xrv-22xrv219xrv231xrv233xrv234xrv-243xrv-242xrv-241"]]
  [1m[35mPlace Load (0.3ms)[0m  SELECT "places".* FROM "places" WHERE "places"."id" = 650 LIMIT 1
  [1m[36m (1.2ms)[0m  [1mSELECT COUNT(*) FROM "route_indices" WHERE (url = 'xrv-225xrv-223xrv-224xrv-272xrv-22xrv219xrv-220xrv-21xrv-221xrv-238xrv-235xrv-234')[0m
  [1m[35mPlaceType Load (0.2ms)[0m  select * from place_types where name='Hut'
  [1m[36mSQL (0.4ms)[0m  [1mINSERT INTO "route_indices" ("created_at", "endplace_id", "isDest", "startplace_id", "updated_at", "url") VALUES ($1, $2, $3, $4, $5, $6) RETURNING "id"[0m  [["created_at", Mon, 27 Oct 2014 10:08:18 NZDT +13:00], ["endplace_id", 650], ["isDest", true], ["startplace_id", 1125], ["updated_at", Mon, 27 Oct 2014 10:08:18 NZDT +13:00], ["url", "xrv-225xrv-223xrv-224xrv-272xrv-22xrv219xrv-220xrv-21xrv-221xrv-238xrv-235xrv-234"]]
  [1m[35mPlace Load (0.3ms)[0m  SELECT "places".* FROM "places" WHERE "places"."id" = 397 LIMIT 1
  [1m[36m (1.2ms)[0m  [1mSELECT COUNT(*) FROM "route_indices" WHERE (url = 'xrv-225xrv-223xrv-224xrv-272xrv-22xrv-218xrv-217xrv-216xrv-214xrv-213xrv-211xrv-210')[0m
  [1m[35mPlaceType Load (0.2ms)[0m  select * from place_types where name='Hut'
  [1m[36mSQL (0.4ms)[0m  [1mINSERT INTO "route_indices" ("created_at", "endplace_id", "isDest", "startplace_id", "updated_at", "url") VALUES ($1, $2, $3, $4, $5, $6) RETURNING "id"[0m  [["created_at", Mon, 27 Oct 2014 10:08:18 NZDT +13:00], ["endplace_id", 397], ["isDest", true], ["startplace_id", 1125], ["updated_at", Mon, 27 Oct 2014 10:08:18 NZDT +13:00], ["url", "xrv-225xrv-223xrv-224xrv-272xrv-22xrv-218xrv-217xrv-216xrv-214xrv-213xrv-211xrv-210"]]
  [1m[35mPlace Load (0.3ms)[0m  SELECT "places".* FROM "places" WHERE "places"."id" = 1123 LIMIT 1
  [1m[36m (1.2ms)[0m  [1mSELECT COUNT(*) FROM "route_indices" WHERE (url = 'xrv-225xrv-223xrv-224xrv-272xrv-22xrv219xrv231xrv233xrv234xrv235xrv238xrv-222')[0m
  [1m[35mPlaceType Load (0.2ms)[0m  select * from place_types where name='Junction'
  [1m[36mSQL (0.4ms)[0m  [1mINSERT INTO "route_indices" ("created_at", "endplace_id", "isDest", "startplace_id", "updated_at", "url") VALUES ($1, $2, $3, $4, $5, $6) RETURNING "id"[0m  [["created_at", Mon, 27 Oct 2014 10:08:18 NZDT +13:00], ["endplace_id", 1123], ["isDest", false], ["startplace_id", 1125], ["updated_at", Mon, 27 Oct 2014 10:08:18 NZDT +13:00], ["url", "xrv-225xrv-223xrv-224xrv-272xrv-22xrv219xrv231xrv233xrv234xrv235xrv238xrv-222"]]
  [1m[35mPlace Load (0.3ms)[0m  SELECT "places".* FROM "places" WHERE "places"."id" = 45 LIMIT 1
  [1m[36m (1.1ms)[0m  [1mSELECT COUNT(*) FROM "route_indices" WHERE (url = 'xrv-225xrv-223xrv-224xrv-272xrv-22xrv219xrv-220xrv-21xrv-221xrv-238xrv-235xrv-234xrv-233')[0m
  [1m[35mPlaceType Load (0.2ms)[0m  select * from place_types where name='Hut'
  [1m[36mSQL (0.4ms)[0m  [1mINSERT INTO "route_indices" ("created_at", "endplace_id", "isDest", "startplace_id", "updated_at", "url") VALUES ($1, $2, $3, $4, $5, $6) RETURNING "id"[0m  [["created_at", Mon, 27 Oct 2014 10:08:18 NZDT +13:00], ["endplace_id", 45], ["isDest", true], ["startplace_id", 1125], ["updated_at", Mon, 27 Oct 2014 10:08:18 NZDT +13:00], ["url", "xrv-225xrv-223xrv-224xrv-272xrv-22xrv219xrv-220xrv-21xrv-221xrv-238xrv-235xrv-234xrv-233"]]
  [1m[35mPlace Load (0.3ms)[0m  SELECT "places".* FROM "places" WHERE "places"."id" = 1121 LIMIT 1
  [1m[36m (1.1ms)[0m  [1mSELECT COUNT(*) FROM "route_indices" WHERE (url = 'xrv-225xrv-223xrv-224xrv-272xrv-22xrv219xrv231xrv233xrv234xrv235xrv238xrv221xrv21')[0m
  [1m[35mPlaceType Load (0.2ms)[0m  select * from place_types where name='Junction'
  [1m[36mSQL (0.4ms)[0m  [1mINSERT INTO "route_indices" ("created_at", "endplace_id", "isDest", "startplace_id", "updated_at", "url") VALUES ($1, $2, $3, $4, $5, $6) RETURNING "id"[0m  [["created_at", Mon, 27 Oct 2014 10:08:18 NZDT +13:00], ["endplace_id", 1121], ["isDest", false], ["startplace_id", 1125], ["updated_at", Mon, 27 Oct 2014 10:08:18 NZDT +13:00], ["url", "xrv-225xrv-223xrv-224xrv-272xrv-22xrv219xrv231xrv233xrv234xrv235xrv238xrv221xrv21"]]
  [1m[35mPlace Load (0.3ms)[0m  SELECT "places".* FROM "places" WHERE "places"."id" = 1132 LIMIT 1
  [1m[36m (1.1ms)[0m  [1mSELECT COUNT(*) FROM "route_indices" WHERE (url = 'xrv-225xrv-223xrv-224xrv-272xrv-22xrv219xrv-220xrv-21xrv-221xrv-238xrv-235xrv-243xrv-242xrv-241')[0m
  [1m[35mPlaceType Load (0.2ms)[0m  select * from place_types where name='Campsite'
  [1m[36mSQL (0.4ms)[0m  [1mINSERT INTO "route_indices" ("created_at", "endplace_id", "isDest", "startplace_id", "updated_at", "url") VALUES ($1, $2, $3, $4, $5, $6) RETURNING "id"[0m  [["created_at", Mon, 27 Oct 2014 10:08:18 NZDT +13:00], ["endplace_id", 1132], ["isDest", true], ["startplace_id", 1125], ["updated_at", Mon, 27 Oct 2014 10:08:18 NZDT +13:00], ["url", "xrv-225xrv-223xrv-224xrv-272xrv-22xrv219xrv-220xrv-21xrv-221xrv-238xrv-235xrv-243xrv-242xrv-241"]]
  [1m[35mPlace Load (0.3ms)[0m  SELECT "places".* FROM "places" WHERE "places"."id" = 343 LIMIT 1
  [1m[36m (1.2ms)[0m  [1mSELECT COUNT(*) FROM "route_indices" WHERE (url = 'xrv-225xrv-223xrv-224xrv-272xrv-22xrv-218xrv-217xrv-216xrv-214xrv-213xrv-211xrv-210xrv-209xrv-208')[0m
  [1m[35mPlaceType Load (0.2ms)[0m  select * from place_types where name='Hut'
  [1m[36mSQL (0.5ms)[0m  [1mINSERT INTO "route_indices" ("created_at", "endplace_id", "isDest", "startplace_id", "updated_at", "url") VALUES ($1, $2, $3, $4, $5, $6) RETURNING "id"[0m  [["created_at", Mon, 27 Oct 2014 10:08:18 NZDT +13:00], ["endplace_id", 343], ["isDest", true], ["startplace_id", 1125], ["updated_at", Mon, 27 Oct 2014 10:08:18 NZDT +13:00], ["url", "xrv-225xrv-223xrv-224xrv-272xrv-22xrv-218xrv-217xrv-216xrv-214xrv-213xrv-211xrv-210xrv-209xrv-208"]]
  [1m[35mPlace Load (0.3ms)[0m  SELECT "places".* FROM "places" WHERE "places"."id" = 1114 LIMIT 1
  [1m[36m (1.1ms)[0m  [1mSELECT COUNT(*) FROM "route_indices" WHERE (url = 'xrv-225xrv-223xrv-224xrv-272xrv-22xrv-218xrv-217xrv-216xrv-214xrv-213xrv-211xrv-210xrv-209xrv-208xrv-207')[0m
  [1m[35mPlaceType Load (0.2ms)[0m  select * from place_types where name='Hut'
  [1m[36mSQL (0.4ms)[0m  [1mINSERT INTO "route_indices" ("created_at", "endplace_id", "isDest", "startplace_id", "updated_at", "url") VALUES ($1, $2, $3, $4, $5, $6) RETURNING "id"[0m  [["created_at", Mon, 27 Oct 2014 10:08:18 NZDT +13:00], ["endplace_id", 1114], ["isDest", true], ["startplace_id", 1125], ["updated_at", Mon, 27 Oct 2014 10:08:18 NZDT +13:00], ["url", "xrv-225xrv-223xrv-224xrv-272xrv-22xrv-218xrv-217xrv-216xrv-214xrv-213xrv-211xrv-210xrv-209xrv-208xrv-207"]]
  [1m[35mPlace Load (0.3ms)[0m  SELECT "places".* FROM "places" WHERE "places"."id" = 207 LIMIT 1
  [1m[36mPlaceType Load (0.2ms)[0m  [1mselect name, "isDest" from place_types[0m
  [1m[35mRoute Load (42.2ms)[0m  SELECT "routes".* FROM "routes" WHERE "routes"."id" = 237 LIMIT 1
  [1m[36mRoute Load (0.7ms)[0m  [1mSELECT "routes".* FROM "routes" WHERE "routes"."id" = 224 LIMIT 1[0m
  [1m[35mPlace Load (0.3ms)[0m  SELECT "places".* FROM "places" WHERE "places"."id" = $1 LIMIT 1  [["id", 1124]]
  [1m[36mPlace Load (0.3ms)[0m  [1mSELECT "places".* FROM "places" WHERE "places"."id" = $1 LIMIT 1[0m  [["id", 974]]
  [1m[35mRoute Load (0.3ms)[0m  SELECT "routes".* FROM "routes" WHERE "routes"."id" = 272 LIMIT 1
  [1m[36mCACHE (0.0ms)[0m  [1mSELECT "places".* FROM "places" WHERE "places"."id" = $1 LIMIT 1[0m  [["id", 974]]
  [1m[35mPlace Load (0.2ms)[0m  SELECT "places".* FROM "places" WHERE "places"."id" = $1 LIMIT 1  [["id", 471]]
  [1m[36mPlace Load (0.3ms)[0m  [1mSELECT "places".* FROM "places" WHERE "places"."id" = 471 LIMIT 1[0m
  [1m[35mCACHE (0.0ms)[0m  SELECT "places".* FROM "places" WHERE "places"."id" = 471 LIMIT 1
  [1m[36mRoute Load (0.3ms)[0m  [1mselect * from routes where startplace_id = 471[0m
  [1m[35mRoute Load (0.3ms)[0m  select * from routes where endplace_id = 471
  [1m[36mCACHE (0.0ms)[0m  [1mSELECT "places".* FROM "places" WHERE "places"."id" = $1 LIMIT 1[0m  [["id", 471]]
  [1m[35mPlace Load (0.2ms)[0m  SELECT "places".* FROM "places" WHERE "places"."id" = $1 LIMIT 1  [["id", 1119]]
  [1m[36mCACHE (0.0ms)[0m  [1mSELECT "places".* FROM "places" WHERE "places"."id" = $1 LIMIT 1[0m  [["id", 974]]
  [1m[35mPlace Load (0.3ms)[0m  SELECT "places".* FROM "places" WHERE "places"."id" = 1119 LIMIT 1
  [1m[36mRoute Load (0.3ms)[0m  [1mselect * from routes where startplace_id = 1119[0m
  [1m[35mRoute Load (0.3ms)[0m  select * from routes where endplace_id = 1119
  [1m[36mCACHE (0.0ms)[0m  [1mSELECT "places".* FROM "places" WHERE "places"."id" = $1 LIMIT 1[0m  [["id", 1119]]
  [1m[35mPlace Load (0.3ms)[0m  SELECT "places".* FROM "places" WHERE "places"."id" = $1 LIMIT 1  [["id", 1120]]
  [1m[36mPlace Load (0.3ms)[0m  [1mSELECT "places".* FROM "places" WHERE "places"."id" = $1 LIMIT 1[0m  [["id", 976]]
  [1m[35mCACHE (0.0ms)[0m  SELECT "places".* FROM "places" WHERE "places"."id" = $1 LIMIT 1  [["id", 471]]
  [1m[36mPlace Load (0.3ms)[0m  [1mSELECT "places".* FROM "places" WHERE "places"."id" = 976 LIMIT 1[0m
  [1m[35mRoute Load (0.3ms)[0m  select * from routes where startplace_id = 976
  [1m[36mRoute Load (0.3ms)[0m  [1mselect * from routes where endplace_id = 976[0m
  [1m[35mCACHE (0.0ms)[0m  SELECT "places".* FROM "places" WHERE "places"."id" = $1 LIMIT 1  [["id", 976]]
  [1m[36mPlace Load (0.2ms)[0m  [1mSELECT "places".* FROM "places" WHERE "places"."id" = $1 LIMIT 1[0m  [["id", 1121]]
  [1m[35mCACHE (0.0ms)[0m  SELECT "places".* FROM "places" WHERE "places"."id" = $1 LIMIT 1  [["id", 976]]
  [1m[36mCACHE (0.0ms)[0m  [1mSELECT "places".* FROM "places" WHERE "places"."id" = $1 LIMIT 1[0m  [["id", 1119]]
  [1m[35mPlace Load (0.2ms)[0m  SELECT "places".* FROM "places" WHERE "places"."id" = $1 LIMIT 1  [["id", 45]]
  [1m[36mPlace Load (0.3ms)[0m  [1mSELECT "places".* FROM "places" WHERE "places"."id" = 1120 LIMIT 1[0m
  [1m[35mRoute Load (0.3ms)[0m  select * from routes where startplace_id = 1120
  [1m[36mRoute Load (0.3ms)[0m  [1mselect * from routes where endplace_id = 1120[0m
  [1m[35mCACHE (0.0ms)[0m  SELECT "places".* FROM "places" WHERE "places"."id" = $1 LIMIT 1  [["id", 1120]]
  [1m[36mPlace Load (0.3ms)[0m  [1mSELECT "places".* FROM "places" WHERE "places"."id" = $1 LIMIT 1[0m  [["id", 1118]]
  [1m[35mCACHE (0.0ms)[0m  SELECT "places".* FROM "places" WHERE "places"."id" = $1 LIMIT 1  [["id", 1119]]
  [1m[36mPlace Load (0.3ms)[0m  [1mSELECT "places".* FROM "places" WHERE "places"."id" = 45 LIMIT 1[0m
  [1m[35mRoute Load (0.3ms)[0m  select * from routes where startplace_id = 45
  [1m[36mRoute Load (0.3ms)[0m  [1mselect * from routes where endplace_id = 45[0m
  [1m[35mCACHE (0.0ms)[0m  SELECT "places".* FROM "places" WHERE "places"."id" = $1 LIMIT 1  [["id", 45]]
  [1m[36mCACHE (0.0ms)[0m  [1mSELECT "places".* FROM "places" WHERE "places"."id" = $1 LIMIT 1[0m  [["id", 976]]
  [1m[35mPlace Load (0.2ms)[0m  SELECT "places".* FROM "places" WHERE "places"."id" = $1 LIMIT 1  [["id", 650]]
  [1m[36mPlace Load (0.3ms)[0m  [1mSELECT "places".* FROM "places" WHERE "places"."id" = 1121 LIMIT 1[0m
  [1m[35mRoute Load (0.3ms)[0m  select * from routes where startplace_id = 1121
  [1m[36mRoute Load (0.3ms)[0m  [1mselect * from routes where endplace_id = 1121[0m
  [1m[35mCACHE (0.0ms)[0m  SELECT "places".* FROM "places" WHERE "places"."id" = $1 LIMIT 1  [["id", 1121]]
  [1m[36mPlace Load (0.3ms)[0m  [1mSELECT "places".* FROM "places" WHERE "places"."id" = $1 LIMIT 1[0m  [["id", 1122]]
  [1m[35mCACHE (0.0ms)[0m  SELECT "places".* FROM "places" WHERE "places"."id" = $1 LIMIT 1  [["id", 976]]
  [1m[36mPlace Load (0.3ms)[0m  [1mSELECT "places".* FROM "places" WHERE "places"."id" = 1118 LIMIT 1[0m
  [1m[35mRoute Load (0.3ms)[0m  select * from routes where startplace_id = 1118
  [1m[36mRoute Load (0.3ms)[0m  [1mselect * from routes where endplace_id = 1118[0m
  [1m[35mCACHE (0.0ms)[0m  SELECT "places".* FROM "places" WHERE "places"."id" = $1 LIMIT 1  [["id", 1118]]
  [1m[36mPlace Load (0.2ms)[0m  [1mSELECT "places".* FROM "places" WHERE "places"."id" = $1 LIMIT 1[0m  [["id", 1117]]
  [1m[35mPlace Load (0.3ms)[0m  SELECT "places".* FROM "places" WHERE "places"."id" = $1 LIMIT 1  [["id", 1134]]
  [1m[36mCACHE (0.0ms)[0m  [1mSELECT "places".* FROM "places" WHERE "places"."id" = $1 LIMIT 1[0m  [["id", 1120]]
  [1m[35mPlace Load (0.3ms)[0m  SELECT "places".* FROM "places" WHERE "places"."id" = 650 LIMIT 1
  [1m[36mRoute Load (0.4ms)[0m  [1mselect * from routes where startplace_id = 650[0m
  [1m[35mRoute Load (0.3ms)[0m  select * from routes where endplace_id = 650
  [1m[36mCACHE (0.0ms)[0m  [1mSELECT "places".* FROM "places" WHERE "places"."id" = $1 LIMIT 1[0m  [["id", 650]]
  [1m[35mCACHE (0.0ms)[0m  SELECT "places".* FROM "places" WHERE "places"."id" = $1 LIMIT 1  [["id", 45]]
  [1m[36mPlace Load (0.3ms)[0m  [1mSELECT "places".* FROM "places" WHERE "places"."id" = $1 LIMIT 1[0m  [["id", 207]]
  [1m[35mPlace Load (0.3ms)[0m  SELECT "places".* FROM "places" WHERE "places"."id" = 1122 LIMIT 1
  [1m[36mRoute Load (0.3ms)[0m  [1mselect * from routes where startplace_id = 1122[0m
  [1m[35mRoute Load (0.3ms)[0m  select * from routes where endplace_id = 1122
  [1m[36mCACHE (0.0ms)[0m  [1mSELECT "places".* FROM "places" WHERE "places"."id" = $1 LIMIT 1[0m  [["id", 1122]]
  [1m[35mPlace Load (0.2ms)[0m  SELECT "places".* FROM "places" WHERE "places"."id" = $1 LIMIT 1  [["id", 975]]
  [1m[36mCACHE (0.0ms)[0m  [1mSELECT "places".* FROM "places" WHERE "places"."id" = $1 LIMIT 1[0m  [["id", 1121]]
  [1m[35mPlace Load (0.3ms)[0m  SELECT "places".* FROM "places" WHERE "places"."id" = 1134 LIMIT 1
  [1m[36mRoute Load (0.3ms)[0m  [1mselect * from routes where startplace_id = 1134[0m
  [1m[35mRoute Load (0.3ms)[0m  select * from routes where endplace_id = 1134
  [1m[36mCACHE (0.0ms)[0m  [1mSELECT "places".* FROM "places" WHERE "places"."id" = $1 LIMIT 1[0m  [["id", 1134]]
  [1m[35mCACHE (0.0ms)[0m  SELECT "places".* FROM "places" WHERE "places"."id" = $1 LIMIT 1  [["id", 1118]]
  [1m[36mPlace Load (0.2ms)[0m  [1mSELECT "places".* FROM "places" WHERE "places"."id" = $1 LIMIT 1[0m  [["id", 1135]]
  [1m[35mPlace Load (0.3ms)[0m  SELECT "places".* FROM "places" WHERE "places"."id" = 1117 LIMIT 1
  [1m[36mRoute Load (0.3ms)[0m  [1mselect * from routes where startplace_id = 1117[0m
  [1m[35mRoute Load (0.3ms)[0m  select * from routes where endplace_id = 1117
  [1m[36mCACHE (0.0ms)[0m  [1mSELECT "places".* FROM "places" WHERE "places"."id" = $1 LIMIT 1[0m  [["id", 1117]]
  [1m[35mPlace Load (0.2ms)[0m  SELECT "places".* FROM "places" WHERE "places"."id" = $1 LIMIT 1  [["id", 58]]
  [1m[36mCACHE (0.0ms)[0m  [1mSELECT "places".* FROM "places" WHERE "places"."id" = $1 LIMIT 1[0m  [["id", 1118]]
  [1m[35mPlace Load (0.2ms)[0m  SELECT "places".* FROM "places" WHERE "places"."id" = $1 LIMIT 1  [["id", 258]]
  [1m[36mPlace Load (0.3ms)[0m  [1mSELECT "places".* FROM "places" WHERE "places"."id" = 975 LIMIT 1[0m
  [1m[35mRoute Load (0.3ms)[0m  select * from routes where startplace_id = 975
  [1m[36mRoute Load (0.3ms)[0m  [1mselect * from routes where endplace_id = 975[0m
  [1m[35mCACHE (0.0ms)[0m  SELECT "places".* FROM "places" WHERE "places"."id" = $1 LIMIT 1  [["id", 975]]
  [1m[36mPlace Load (0.2ms)[0m  [1mSELECT "places".* FROM "places" WHERE "places"."id" = $1 LIMIT 1[0m  [["id", 1129]]
  [1m[35mCACHE (0.0ms)[0m  SELECT "places".* FROM "places" WHERE "places"."id" = $1 LIMIT 1  [["id", 975]]
  [1m[36mPlace Load (0.2ms)[0m  [1mSELECT "places".* FROM "places" WHERE "places"."id" = $1 LIMIT 1[0m  [["id", 1123]]
  [1m[35mCACHE (0.0ms)[0m  SELECT "places".* FROM "places" WHERE "places"."id" = $1 LIMIT 1  [["id", 1122]]
  [1m[36mPlace Load (0.3ms)[0m  [1mSELECT "places".* FROM "places" WHERE "places"."id" = 1135 LIMIT 1[0m
  [1m[35mRoute Load (0.3ms)[0m  select * from routes where startplace_id = 1135
  [1m[36mRoute Load (0.3ms)[0m  [1mselect * from routes where endplace_id = 1135[0m
  [1m[35mCACHE (0.0ms)[0m  SELECT "places".* FROM "places" WHERE "places"."id" = $1 LIMIT 1  [["id", 1135]]
  [1m[36mCACHE (0.0ms)[0m  [1mSELECT "places".* FROM "places" WHERE "places"."id" = $1 LIMIT 1[0m  [["id", 1134]]
  [1m[35mPlace Load (0.2ms)[0m  SELECT "places".* FROM "places" WHERE "places"."id" = $1 LIMIT 1  [["id", 271]]
  [1m[36mPlace Load (0.3ms)[0m  [1mSELECT "places".* FROM "places" WHERE "places"."id" = 258 LIMIT 1[0m
  [1m[35mRoute Load (0.2ms)[0m  select * from routes where startplace_id = 258
  [1m[36mRoute Load (0.3ms)[0m  [1mselect * from routes where endplace_id = 258[0m
  [1m[35mCACHE (0.0ms)[0m  SELECT "places".* FROM "places" WHERE "places"."id" = $1 LIMIT 1  [["id", 258]]
  [1m[36mCACHE (0.0ms)[0m  [1mSELECT "places".* FROM "places" WHERE "places"."id" = $1 LIMIT 1[0m  [["id", 1117]]
  [1m[35mPlace Load (0.3ms)[0m  SELECT "places".* FROM "places" WHERE "places"."id" = 58 LIMIT 1
  [1m[36mRoute Load (0.3ms)[0m  [1mselect * from routes where startplace_id = 58[0m
  [1m[35mRoute Load (0.3ms)[0m  select * from routes where endplace_id = 58
  [1m[36mCACHE (0.0ms)[0m  [1mSELECT "places".* FROM "places" WHERE "places"."id" = $1 LIMIT 1[0m  [["id", 58]]
  [1m[35mPlace Load (0.2ms)[0m  SELECT "places".* FROM "places" WHERE "places"."id" = $1 LIMIT 1  [["id", 1116]]
  [1m[36mCACHE (0.0ms)[0m  [1mSELECT "places".* FROM "places" WHERE "places"."id" = $1 LIMIT 1[0m  [["id", 1117]]
  [1m[35mPlace Load (0.3ms)[0m  SELECT "places".* FROM "places" WHERE "places"."id" = 1129 LIMIT 1
  [1m[36mRoute Load (0.3ms)[0m  [1mselect * from routes where startplace_id = 1129[0m
  [1m[35mRoute Load (0.3ms)[0m  select * from routes where endplace_id = 1129
  [1m[36mCACHE (0.0ms)[0m  [1mSELECT "places".* FROM "places" WHERE "places"."id" = $1 LIMIT 1[0m  [["id", 1129]]
  [1m[35mCACHE (0.0ms)[0m  SELECT "places".* FROM "places" WHERE "places"."id" = $1 LIMIT 1  [["id", 207]]
  [1m[36mCACHE (0.0ms)[0m  [1mSELECT "places".* FROM "places" WHERE "places"."id" = $1 LIMIT 1[0m  [["id", 1124]]
  [1m[35mCACHE (0.1ms)[0m  SELECT "places".* FROM "places" WHERE "places"."id" = $1 LIMIT 1  [["id", 975]]
  [1m[36mPlace Load (0.3ms)[0m  [1mSELECT "places".* FROM "places" WHERE "places"."id" = 1123 LIMIT 1[0m
  [1m[35mRoute Load (0.3ms)[0m  select * from routes where startplace_id = 1123
  [1m[36mRoute Load (0.3ms)[0m  [1mselect * from routes where endplace_id = 1123[0m
  [1m[35mCACHE (0.0ms)[0m  SELECT "places".* FROM "places" WHERE "places"."id" = $1 LIMIT 1  [["id", 1123]]
  [1m[36mCACHE (0.0ms)[0m  [1mSELECT "places".* FROM "places" WHERE "places"."id" = $1 LIMIT 1[0m  [["id", 1124]]
  [1m[35mCACHE (0.0ms)[0m  SELECT "places".* FROM "places" WHERE "places"."id" = $1 LIMIT 1  [["id", 975]]
  [1m[36mPlace Load (0.2ms)[0m  [1mSELECT "places".* FROM "places" WHERE "places"."id" = $1 LIMIT 1[0m  [["id", 1125]]
  [1m[35mPlace Load (0.3ms)[0m  SELECT "places".* FROM "places" WHERE "places"."id" = 271 LIMIT 1
  [1m[36mRoute Load (0.2ms)[0m  [1mselect * from routes where startplace_id = 271[0m
  [1m[35mRoute Load (0.3ms)[0m  select * from routes where endplace_id = 271
  [1m[36mCACHE (0.0ms)[0m  [1mSELECT "places".* FROM "places" WHERE "places"."id" = $1 LIMIT 1[0m  [["id", 271]]
  [1m[35mCACHE (0.0ms)[0m  SELECT "places".* FROM "places" WHERE "places"."id" = $1 LIMIT 1  [["id", 1135]]
  [1m[36mPlace Load (0.3ms)[0m  [1mSELECT "places".* FROM "places" WHERE "places"."id" = 1116 LIMIT 1[0m
  [1m[35mRoute Load (0.4ms)[0m  select * from routes where startplace_id = 1116
  [1m[36mRoute Load (0.3ms)[0m  [1mselect * from routes where endplace_id = 1116[0m
  [1m[35mCACHE (0.0ms)[0m  SELECT "places".* FROM "places" WHERE "places"."id" = $1 LIMIT 1  [["id", 1116]]
  [1m[36mPlace Load (0.3ms)[0m  [1mSELECT "places".* FROM "places" WHERE "places"."id" = $1 LIMIT 1[0m  [["id", 827]]
  [1m[35mPlace Load (0.2ms)[0m  SELECT "places".* FROM "places" WHERE "places"."id" = $1 LIMIT 1  [["id", 528]]
  [1m[36mCACHE (0.0ms)[0m  [1mSELECT "places".* FROM "places" WHERE "places"."id" = $1 LIMIT 1[0m  [["id", 58]]
  [1m[35mPlace Load (0.3ms)[0m  SELECT "places".* FROM "places" WHERE "places"."id" = 1125 LIMIT 1
  [1m[36mRoute Load (0.3ms)[0m  [1mselect * from routes where startplace_id = 1125[0m
  [1m[35mRoute Load (0.3ms)[0m  select * from routes where endplace_id = 1125
  [1m[36mCACHE (0.0ms)[0m  [1mSELECT "places".* FROM "places" WHERE "places"."id" = $1 LIMIT 1[0m  [["id", 1125]]
  [1m[35mCACHE (0.0ms)[0m  SELECT "places".* FROM "places" WHERE "places"."id" = $1 LIMIT 1  [["id", 1123]]
  [1m[36mPlace Load (0.2ms)[0m  [1mSELECT "places".* FROM "places" WHERE "places"."id" = $1 LIMIT 1[0m  [["id", 769]]
  [1m[35mPlace Load (0.3ms)[0m  SELECT "places".* FROM "places" WHERE "places"."id" = 528 LIMIT 1
  [1m[36mRoute Load (0.2ms)[0m  [1mselect * from routes where startplace_id = 528[0m
  [1m[35mRoute Load (0.3ms)[0m  select * from routes where endplace_id = 528
  [1m[36mCACHE (0.0ms)[0m  [1mSELECT "places".* FROM "places" WHERE "places"."id" = $1 LIMIT 1[0m  [["id", 528]]
  [1m[35mCACHE (0.0ms)[0m  SELECT "places".* FROM "places" WHERE "places"."id" = $1 LIMIT 1  [["id", 1116]]
  [1m[36mPlace Load (0.3ms)[0m  [1mSELECT "places".* FROM "places" WHERE "places"."id" = 827 LIMIT 1[0m
  [1m[35mRoute Load (0.3ms)[0m  select * from routes where startplace_id = 827
  [1m[36mRoute Load (0.3ms)[0m  [1mselect * from routes where endplace_id = 827[0m
  [1m[35mCACHE (0.0ms)[0m  SELECT "places".* FROM "places" WHERE "places"."id" = $1 LIMIT 1  [["id", 827]]
  [1m[36mPlace Load (0.2ms)[0m  [1mSELECT "places".* FROM "places" WHERE "places"."id" = $1 LIMIT 1[0m  [["id", 397]]
  [1m[35mCACHE (0.0ms)[0m  SELECT "places".* FROM "places" WHERE "places"."id" = $1 LIMIT 1  [["id", 1116]]
  [1m[36mPlace Load (0.3ms)[0m  [1mSELECT "places".* FROM "places" WHERE "places"."id" = 769 LIMIT 1[0m
  [1m[35mRoute Load (0.3ms)[0m  select * from routes where startplace_id = 769
  [1m[36mRoute Load (0.3ms)[0m  [1mselect * from routes where endplace_id = 769[0m
  [1m[35mCACHE (0.0ms)[0m  SELECT "places".* FROM "places" WHERE "places"."id" = $1 LIMIT 1  [["id", 769]]
  [1m[36mCACHE (0.0ms)[0m  [1mSELECT "places".* FROM "places" WHERE "places"."id" = $1 LIMIT 1[0m  [["id", 1125]]
  [1m[35mPlace Load (0.5ms)[0m  SELECT "places".* FROM "places" WHERE "places"."id" = $1 LIMIT 1  [["id", 1126]]
  [1m[36mPlace Load (0.5ms)[0m  [1mSELECT "places".* FROM "places" WHERE "places"."id" = 397 LIMIT 1[0m
  [1m[35mRoute Load (0.4ms)[0m  select * from routes where startplace_id = 397
  [1m[36mRoute Load (0.4ms)[0m  [1mselect * from routes where endplace_id = 397[0m
  [1m[35mCACHE (0.0ms)[0m  SELECT "places".* FROM "places" WHERE "places"."id" = $1 LIMIT 1  [["id", 397]]
  [1m[36mPlace Load (0.2ms)[0m  [1mSELECT "places".* FROM "places" WHERE "places"."id" = $1 LIMIT 1[0m  [["id", 1115]]
  [1m[35mCACHE (0.0ms)[0m  SELECT "places".* FROM "places" WHERE "places"."id" = $1 LIMIT 1  [["id", 827]]
  [1m[36mPlace Load (0.3ms)[0m  [1mSELECT "places".* FROM "places" WHERE "places"."id" = 1126 LIMIT 1[0m
  [1m[35mRoute Load (0.3ms)[0m  select * from routes where startplace_id = 1126
  [1m[36mRoute Load (0.3ms)[0m  [1mselect * from routes where endplace_id = 1126[0m
  [1m[35mCACHE (0.0ms)[0m  SELECT "places".* FROM "places" WHERE "places"."id" = $1 LIMIT 1  [["id", 1126]]
  [1m[36mPlace Load (0.2ms)[0m  [1mSELECT "places".* FROM "places" WHERE "places"."id" = $1 LIMIT 1[0m  [["id", 1130]]
  [1m[35mCACHE (0.0ms)[0m  SELECT "places".* FROM "places" WHERE "places"."id" = $1 LIMIT 1  [["id", 1126]]
  [1m[36mCACHE (0.0ms)[0m  [1mSELECT "places".* FROM "places" WHERE "places"."id" = $1 LIMIT 1[0m  [["id", 769]]
  [1m[35mPlace Load (0.2ms)[0m  SELECT "places".* FROM "places" WHERE "places"."id" = $1 LIMIT 1  [["id", 1127]]
  [1m[36mPlace Load (0.3ms)[0m  [1mSELECT "places".* FROM "places" WHERE "places"."id" = 1115 LIMIT 1[0m
  [1m[35mRoute Load (0.3ms)[0m  select * from routes where startplace_id = 1115
  [1m[36mRoute Load (0.3ms)[0m  [1mselect * from routes where endplace_id = 1115[0m
  [1m[35mCACHE (0.0ms)[0m  SELECT "places".* FROM "places" WHERE "places"."id" = $1 LIMIT 1  [["id", 1115]]
  [1m[36mPlace Load (0.2ms)[0m  [1mSELECT "places".* FROM "places" WHERE "places"."id" = $1 LIMIT 1[0m  [["id", 343]]
  [1m[35mCACHE (0.0ms)[0m  SELECT "places".* FROM "places" WHERE "places"."id" = $1 LIMIT 1  [["id", 397]]
  [1m[36mPlace Load (0.3ms)[0m  [1mSELECT "places".* FROM "places" WHERE "places"."id" = 1127 LIMIT 1[0m
  [1m[35mRoute Load (0.3ms)[0m  select * from routes where startplace_id = 1127
  [1m[36mRoute Load (0.3ms)[0m  [1mselect * from routes where endplace_id = 1127[0m
  [1m[35mCACHE (0.0ms)[0m  SELECT "places".* FROM "places" WHERE "places"."id" = $1 LIMIT 1  [["id", 1127]]
  [1m[36mCACHE (0.0ms)[0m  [1mSELECT "places".* FROM "places" WHERE "places"."id" = $1 LIMIT 1[0m  [["id", 1126]]
  [1m[35mPlace Load (0.2ms)[0m  SELECT "places".* FROM "places" WHERE "places"."id" = $1 LIMIT 1  [["id", 419]]
  [1m[36mPlace Load (0.3ms)[0m  [1mSELECT "places".* FROM "places" WHERE "places"."id" = 1130 LIMIT 1[0m
  [1m[35mRoute Load (0.3ms)[0m  select * from routes where startplace_id = 1130
  [1m[36mRoute Load (0.3ms)[0m  [1mselect * from routes where endplace_id = 1130[0m
  [1m[35mCACHE (0.0ms)[0m  SELECT "places".* FROM "places" WHERE "places"."id" = $1 LIMIT 1  [["id", 1130]]
  [1m[36mCACHE (0.0ms)[0m  [1mSELECT "places".* FROM "places" WHERE "places"."id" = $1 LIMIT 1[0m  [["id", 974]]
  [1m[35mCACHE (0.0ms)[0m  SELECT "places".* FROM "places" WHERE "places"."id" = $1 LIMIT 1  [["id", 1126]]
  [1m[36mPlace Load (0.3ms)[0m  [1mSELECT "places".* FROM "places" WHERE "places"."id" = 343 LIMIT 1[0m
  [1m[35mRoute Load (0.3ms)[0m  select * from routes where startplace_id = 343
  [1m[36mRoute Load (0.3ms)[0m  [1mselect * from routes where endplace_id = 343[0m
  [1m[35mCACHE (0.0ms)[0m  SELECT "places".* FROM "places" WHERE "places"."id" = $1 LIMIT 1  [["id", 343]]
  [1m[36mPlace Load (0.2ms)[0m  [1mSELECT "places".* FROM "places" WHERE "places"."id" = $1 LIMIT 1[0m  [["id", 1114]]
  [1m[35mCACHE (0.0ms)[0m  SELECT "places".* FROM "places" WHERE "places"."id" = $1 LIMIT 1  [["id", 1115]]
  [1m[36mPlace Load (0.3ms)[0m  [1mSELECT "places".* FROM "places" WHERE "places"."id" = 419 LIMIT 1[0m
  [1m[35mRoute Load (0.3ms)[0m  select * from routes where startplace_id = 419
  [1m[36mRoute Load (0.3ms)[0m  [1mselect * from routes where endplace_id = 419[0m
  [1m[35mCACHE (0.0ms)[0m  SELECT "places".* FROM "places" WHERE "places"."id" = $1 LIMIT 1  [["id", 419]]
  [1m[36mCACHE (0.0ms)[0m  [1mSELECT "places".* FROM "places" WHERE "places"."id" = $1 LIMIT 1[0m  [["id", 1127]]
  [1m[35mPlace Load (0.2ms)[0m  SELECT "places".* FROM "places" WHERE "places"."id" = $1 LIMIT 1  [["id", 1128]]
  [1m[36mPlace Load (0.3ms)[0m  [1mSELECT "places".* FROM "places" WHERE "places"."id" = 1114 LIMIT 1[0m
  [1m[35mRoute Load (0.3ms)[0m  select * from routes where startplace_id = 1114
  [1m[36mRoute Load (0.3ms)[0m  [1mselect * from routes where endplace_id = 1114[0m
  [1m[35mCACHE (0.0ms)[0m  SELECT "places".* FROM "places" WHERE "places"."id" = $1 LIMIT 1  [["id", 1114]]
  [1m[36mPlace Load (0.2ms)[0m  [1mSELECT "places".* FROM "places" WHERE "places"."id" = $1 LIMIT 1[0m  [["id", 1113]]
  [1m[35mCACHE (0.0ms)[0m  SELECT "places".* FROM "places" WHERE "places"."id" = $1 LIMIT 1  [["id", 343]]
BNewroutes
207
{:place=>471, :route=>[-272, -224, 237], :url=>"xrv235xrv237xrv-224xrv-272"}
{:place=>976, :route=>[219, -22, -272, -224, 237], :url=>"xrv235xrv237xrv-224xrv-272xrv-22xrv219"}
{:place=>45, :route=>[231, 219, -22, -272, -224, 237], :url=>"xrv235xrv237xrv-224xrv-272xrv-22xrv219xrv231"}
{:place=>650, :route=>[233, 231, 219, -22, -272, -224, 237], :url=>"xrv235xrv237xrv-224xrv-272xrv-22xrv219xrv231xrv233"}
{:place=>258, :route=>[215, -216, -217, -218, -22, -272, -224, 237], :url=>"xrv235xrv237xrv-224xrv-272xrv-22xrv-218xrv-217xrv-216xrv215"}
{:place=>58, :route=>[-214, -216, -217, -218, -22, -272, -224, 237], :url=>"xrv235xrv237xrv-224xrv-272xrv-22xrv-218xrv-217xrv-216xrv-214"}
{:place=>271, :route=>[246, 245, 244, -217, -218, -22, -272, -224, 237], :url=>"xrv235xrv237xrv-224xrv-272xrv-22xrv-218xrv-217xrv244xrv245xrv246"}
{:place=>1129, :route=>[-238, -221, -21, -220, 219, -22, -272, -224, 237], :url=>"xrv235xrv237xrv-224xrv-272xrv-22xrv219xrv-220xrv-21xrv-221xrv-238"}
{:place=>1125, :route=>[225, -222, -221, -21, -220, 219, -22, -272, -224, 237], :url=>"xrv235xrv237xrv-224xrv-272xrv-22xrv219xrv-220xrv-21xrv-221xrv-222xrv225"}
{:place=>528, :route=>[212, -213, -214, -216, -217, -218, -22, -272, -224, 237], :url=>"xrv235xrv237xrv-224xrv-272xrv-22xrv-218xrv-217xrv-216xrv-214xrv-213xrv212"}
{:place=>827, :route=>[-211, -213, -214, -216, -217, -218, -22, -272, -224, 237], :url=>"xrv235xrv237xrv-224xrv-272xrv-22xrv-218xrv-217xrv-216xrv-214xrv-213xrv-211"}
{:place=>769, :route=>[226, 225, -222, -221, -21, -220, 219, -22, -272, -224, 237], :url=>"xrv235xrv237xrv-224xrv-272xrv-22xrv219xrv-220xrv-21xrv-221xrv-222xrv225xrv226"}
{:place=>397, :route=>[-210, -211, -213, -214, -216, -217, -218, -22, -272, -224, 237], :url=>"xrv235xrv237xrv-224xrv-272xrv-22xrv-218xrv-217xrv-216xrv-214xrv-213xrv-211xrv-210"}
{:place=>343, :route=>[-208, -209, -210, -211, -213, -214, -216, -217, -218, -22, -272, -224, 237], :url=>"xrv235xrv237xrv-224xrv-272xrv-22xrv-218xrv-217xrv-216xrv-214xrv-213xrv-211xrv-210xrv-209xrv-208"}
{:place=>419, :route=>[229, 228, 227, 226, 225, -222, -221, -21, -220, 219, -22, -272, -224, 237], :url=>"xrv235xrv237xrv-224xrv-272xrv-22xrv219xrv-220xrv-21xrv-221xrv-222xrv225xrv226xrv227xrv228xrv229"}
{:place=>1130, :route=>[-240, 227, 226, 225, -222, -221, -21, -220, 219, -22, -272, -224, 237], :url=>"xrv235xrv237xrv-224xrv-272xrv-22xrv219xrv-220xrv-21xrv-221xrv-222xrv225xrv226xrv227xrv-240"}
{:place=>1114, :route=>[-207, -208, -209, -210, -211, -213, -214, -216, -217, -218, -22, -272, -224, 237], :url=>"xrv235xrv237xrv-224xrv-272xrv-22xrv-218xrv-217xrv-216xrv-214xrv-213xrv-211xrv-210xrv-209xrv-208xrv-207"}
{:place=>1128, :route=>[230, 229, 228, 227, 226, 225, -222, -221, -21, -220, 219, -22, -272, -224, 237], :url=>"xrv235xrv237xrv-224xrv-272xrv-22xrv219xrv-220xrv-21xrv-221xrv-222xrv225xrv226xrv227xrv228xrv229xrv230"}
  [1m[36mCACHE (0.0ms)[0m  [1mSELECT "places".* FROM "places" WHERE "places"."id" = 471 LIMIT 1[0m
  [1m[35m (1.4ms)[0m  SELECT COUNT(*) FROM "route_indices" WHERE (url = 'xrv235xrv237xrv-224xrv-272')
  [1m[36mPlaceType Load (0.2ms)[0m  [1mselect * from place_types where name='Hut'[0m
  [1m[35mSQL (0.6ms)[0m  INSERT INTO "route_indices" ("created_at", "endplace_id", "isDest", "startplace_id", "updated_at", "url") VALUES ($1, $2, $3, $4, $5, $6) RETURNING "id"  [["created_at", Mon, 27 Oct 2014 10:08:18 NZDT +13:00], ["endplace_id", 471], ["isDest", true], ["startplace_id", 207], ["updated_at", Mon, 27 Oct 2014 10:08:18 NZDT +13:00], ["url", "xrv235xrv237xrv-224xrv-272"]]
  [1m[36mPlace Load (0.3ms)[0m  [1mSELECT "places".* FROM "places" WHERE "places"."id" = 976 LIMIT 1[0m
  [1m[35m (1.2ms)[0m  SELECT COUNT(*) FROM "route_indices" WHERE (url = 'xrv235xrv237xrv-224xrv-272xrv-22xrv219')
  [1m[36mPlaceType Load (0.2ms)[0m  [1mselect * from place_types where name='Summit'[0m
  [1m[35mSQL (0.4ms)[0m  INSERT INTO "route_indices" ("created_at", "endplace_id", "isDest", "startplace_id", "updated_at", "url") VALUES ($1, $2, $3, $4, $5, $6) RETURNING "id"  [["created_at", Mon, 27 Oct 2014 10:08:18 NZDT +13:00], ["endplace_id", 976], ["isDest", true], ["startplace_id", 207], ["updated_at", Mon, 27 Oct 2014 10:08:18 NZDT +13:00], ["url", "xrv235xrv237xrv-224xrv-272xrv-22xrv219"]]
  [1m[36mPlace Load (0.3ms)[0m  [1mSELECT "places".* FROM "places" WHERE "places"."id" = 45 LIMIT 1[0m
  [1m[35m (1.1ms)[0m  SELECT COUNT(*) FROM "route_indices" WHERE (url = 'xrv235xrv237xrv-224xrv-272xrv-22xrv219xrv231')
  [1m[36mPlaceType Load (0.2ms)[0m  [1mselect * from place_types where name='Hut'[0m
  [1m[35mSQL (0.4ms)[0m  INSERT INTO "route_indices" ("created_at", "endplace_id", "isDest", "startplace_id", "updated_at", "url") VALUES ($1, $2, $3, $4, $5, $6) RETURNING "id"  [["created_at", Mon, 27 Oct 2014 10:08:18 NZDT +13:00], ["endplace_id", 45], ["isDest", true], ["startplace_id", 207], ["updated_at", Mon, 27 Oct 2014 10:08:18 NZDT +13:00], ["url", "xrv235xrv237xrv-224xrv-272xrv-22xrv219xrv231"]]
  [1m[36mPlace Load (0.3ms)[0m  [1mSELECT "places".* FROM "places" WHERE "places"."id" = 650 LIMIT 1[0m
  [1m[35m (1.1ms)[0m  SELECT COUNT(*) FROM "route_indices" WHERE (url = 'xrv235xrv237xrv-224xrv-272xrv-22xrv219xrv231xrv233')
  [1m[36mPlaceType Load (0.2ms)[0m  [1mselect * from place_types where name='Hut'[0m
  [1m[35mSQL (0.4ms)[0m  INSERT INTO "route_indices" ("created_at", "endplace_id", "isDest", "startplace_id", "updated_at", "url") VALUES ($1, $2, $3, $4, $5, $6) RETURNING "id"  [["created_at", Mon, 27 Oct 2014 10:08:18 NZDT +13:00], ["endplace_id", 650], ["isDest", true], ["startplace_id", 207], ["updated_at", Mon, 27 Oct 2014 10:08:18 NZDT +13:00], ["url", "xrv235xrv237xrv-224xrv-272xrv-22xrv219xrv231xrv233"]]
  [1m[36mPlace Load (0.3ms)[0m  [1mSELECT "places".* FROM "places" WHERE "places"."id" = 258 LIMIT 1[0m
  [1m[35m (1.1ms)[0m  SELECT COUNT(*) FROM "route_indices" WHERE (url = 'xrv235xrv237xrv-224xrv-272xrv-22xrv-218xrv-217xrv-216xrv215')
  [1m[36mPlaceType Load (0.2ms)[0m  [1mselect * from place_types where name='Hut'[0m
  [1m[35mSQL (0.4ms)[0m  INSERT INTO "route_indices" ("created_at", "endplace_id", "isDest", "startplace_id", "updated_at", "url") VALUES ($1, $2, $3, $4, $5, $6) RETURNING "id"  [["created_at", Mon, 27 Oct 2014 10:08:18 NZDT +13:00], ["endplace_id", 258], ["isDest", true], ["startplace_id", 207], ["updated_at", Mon, 27 Oct 2014 10:08:18 NZDT +13:00], ["url", "xrv235xrv237xrv-224xrv-272xrv-22xrv-218xrv-217xrv-216xrv215"]]
  [1m[36mPlace Load (0.3ms)[0m  [1mSELECT "places".* FROM "places" WHERE "places"."id" = 58 LIMIT 1[0m
  [1m[35m (1.1ms)[0m  SELECT COUNT(*) FROM "route_indices" WHERE (url = 'xrv235xrv237xrv-224xrv-272xrv-22xrv-218xrv-217xrv-216xrv-214')
  [1m[36mPlaceType Load (0.2ms)[0m  [1mselect * from place_types where name='Hut'[0m
  [1m[35mSQL (0.4ms)[0m  INSERT INTO "route_indices" ("created_at", "endplace_id", "isDest", "startplace_id", "updated_at", "url") VALUES ($1, $2, $3, $4, $5, $6) RETURNING "id"  [["created_at", Mon, 27 Oct 2014 10:08:18 NZDT +13:00], ["endplace_id", 58], ["isDest", true], ["startplace_id", 207], ["updated_at", Mon, 27 Oct 2014 10:08:18 NZDT +13:00], ["url", "xrv235xrv237xrv-224xrv-272xrv-22xrv-218xrv-217xrv-216xrv-214"]]
  [1m[36mPlace Load (0.3ms)[0m  [1mSELECT "places".* FROM "places" WHERE "places"."id" = 271 LIMIT 1[0m
  [1m[35m (1.2ms)[0m  SELECT COUNT(*) FROM "route_indices" WHERE (url = 'xrv235xrv237xrv-224xrv-272xrv-22xrv-218xrv-217xrv244xrv245xrv246')
  [1m[36mPlaceType Load (0.2ms)[0m  [1mselect * from place_types where name='Hut'[0m
  [1m[35mSQL (0.4ms)[0m  INSERT INTO "route_indices" ("created_at", "endplace_id", "isDest", "startplace_id", "updated_at", "url") VALUES ($1, $2, $3, $4, $5, $6) RETURNING "id"  [["created_at", Mon, 27 Oct 2014 10:08:18 NZDT +13:00], ["endplace_id", 271], ["isDest", true], ["startplace_id", 207], ["updated_at", Mon, 27 Oct 2014 10:08:18 NZDT +13:00], ["url", "xrv235xrv237xrv-224xrv-272xrv-22xrv-218xrv-217xrv244xrv245xrv246"]]
  [1m[36mPlace Load (0.3ms)[0m  [1mSELECT "places".* FROM "places" WHERE "places"."id" = 1129 LIMIT 1[0m
  [1m[35m (1.2ms)[0m  SELECT COUNT(*) FROM "route_indices" WHERE (url = 'xrv235xrv237xrv-224xrv-272xrv-22xrv219xrv-220xrv-21xrv-221xrv-238')
  [1m[36mPlaceType Load (0.2ms)[0m  [1mselect * from place_types where name='Junction'[0m
  [1m[35mSQL (0.4ms)[0m  INSERT INTO "route_indices" ("created_at", "endplace_id", "isDest", "startplace_id", "updated_at", "url") VALUES ($1, $2, $3, $4, $5, $6) RETURNING "id"  [["created_at", Mon, 27 Oct 2014 10:08:18 NZDT +13:00], ["endplace_id", 1129], ["isDest", false], ["startplace_id", 207], ["updated_at", Mon, 27 Oct 2014 10:08:18 NZDT +13:00], ["url", "xrv235xrv237xrv-224xrv-272xrv-22xrv219xrv-220xrv-21xrv-221xrv-238"]]
  [1m[36mPlace Load (0.3ms)[0m  [1mSELECT "places".* FROM "places" WHERE "places"."id" = 1125 LIMIT 1[0m
  [1m[35m (1.1ms)[0m  SELECT COUNT(*) FROM "route_indices" WHERE (url = 'xrv235xrv237xrv-224xrv-272xrv-22xrv219xrv-220xrv-21xrv-221xrv-222xrv225')
  [1m[36mPlaceType Load (0.2ms)[0m  [1mselect * from place_types where name='Campsite'[0m
  [1m[35mSQL (0.4ms)[0m  INSERT INTO "route_indices" ("created_at", "endplace_id", "isDest", "startplace_id", "updated_at", "url") VALUES ($1, $2, $3, $4, $5, $6) RETURNING "id"  [["created_at", Mon, 27 Oct 2014 10:08:18 NZDT +13:00], ["endplace_id", 1125], ["isDest", true], ["startplace_id", 207], ["updated_at", Mon, 27 Oct 2014 10:08:18 NZDT +13:00], ["url", "xrv235xrv237xrv-224xrv-272xrv-22xrv219xrv-220xrv-21xrv-221xrv-222xrv225"]]
  [1m[36mPlace Load (0.3ms)[0m  [1mSELECT "places".* FROM "places" WHERE "places"."id" = 528 LIMIT 1[0m
  [1m[35m (1.1ms)[0m  SELECT COUNT(*) FROM "route_indices" WHERE (url = 'xrv235xrv237xrv-224xrv-272xrv-22xrv-218xrv-217xrv-216xrv-214xrv-213xrv212')
  [1m[36mPlaceType Load (0.3ms)[0m  [1mselect * from place_types where name='Hut'[0m
  [1m[35mSQL (0.4ms)[0m  INSERT INTO "route_indices" ("created_at", "endplace_id", "isDest", "startplace_id", "updated_at", "url") VALUES ($1, $2, $3, $4, $5, $6) RETURNING "id"  [["created_at", Mon, 27 Oct 2014 10:08:18 NZDT +13:00], ["endplace_id", 528], ["isDest", true], ["startplace_id", 207], ["updated_at", Mon, 27 Oct 2014 10:08:18 NZDT +13:00], ["url", "xrv235xrv237xrv-224xrv-272xrv-22xrv-218xrv-217xrv-216xrv-214xrv-213xrv212"]]
  [1m[36mPlace Load (0.3ms)[0m  [1mSELECT "places".* FROM "places" WHERE "places"."id" = 827 LIMIT 1[0m
  [1m[35m (1.2ms)[0m  SELECT COUNT(*) FROM "route_indices" WHERE (url = 'xrv235xrv237xrv-224xrv-272xrv-22xrv-218xrv-217xrv-216xrv-214xrv-213xrv-211')
  [1m[36mPlaceType Load (0.2ms)[0m  [1mselect * from place_types where name='Hut'[0m
  [1m[35mSQL (0.4ms)[0m  INSERT INTO "route_indices" ("created_at", "endplace_id", "isDest", "startplace_id", "updated_at", "url") VALUES ($1, $2, $3, $4, $5, $6) RETURNING "id"  [["created_at", Mon, 27 Oct 2014 10:08:18 NZDT +13:00], ["endplace_id", 827], ["isDest", true], ["startplace_id", 207], ["updated_at", Mon, 27 Oct 2014 10:08:18 NZDT +13:00], ["url", "xrv235xrv237xrv-224xrv-272xrv-22xrv-218xrv-217xrv-216xrv-214xrv-213xrv-211"]]
  [1m[36mPlace Load (0.3ms)[0m  [1mSELECT "places".* FROM "places" WHERE "places"."id" = 769 LIMIT 1[0m
  [1m[35m (1.1ms)[0m  SELECT COUNT(*) FROM "route_indices" WHERE (url = 'xrv235xrv237xrv-224xrv-272xrv-22xrv219xrv-220xrv-21xrv-221xrv-222xrv225xrv226')
  [1m[36mPlaceType Load (0.2ms)[0m  [1mselect * from place_types where name='Hut'[0m
  [1m[35mSQL (0.4ms)[0m  INSERT INTO "route_indices" ("created_at", "endplace_id", "isDest", "startplace_id", "updated_at", "url") VALUES ($1, $2, $3, $4, $5, $6) RETURNING "id"  [["created_at", Mon, 27 Oct 2014 10:08:18 NZDT +13:00], ["endplace_id", 769], ["isDest", true], ["startplace_id", 207], ["updated_at", Mon, 27 Oct 2014 10:08:18 NZDT +13:00], ["url", "xrv235xrv237xrv-224xrv-272xrv-22xrv219xrv-220xrv-21xrv-221xrv-222xrv225xrv226"]]
  [1m[36mPlace Load (0.3ms)[0m  [1mSELECT "places".* FROM "places" WHERE "places"."id" = 397 LIMIT 1[0m
  [1m[35m (1.1ms)[0m  SELECT COUNT(*) FROM "route_indices" WHERE (url = 'xrv235xrv237xrv-224xrv-272xrv-22xrv-218xrv-217xrv-216xrv-214xrv-213xrv-211xrv-210')
  [1m[36mPlaceType Load (0.2ms)[0m  [1mselect * from place_types where name='Hut'[0m
  [1m[35mSQL (0.4ms)[0m  INSERT INTO "route_indices" ("created_at", "endplace_id", "isDest", "startplace_id", "updated_at", "url") VALUES ($1, $2, $3, $4, $5, $6) RETURNING "id"  [["created_at", Mon, 27 Oct 2014 10:08:18 NZDT +13:00], ["endplace_id", 397], ["isDest", true], ["startplace_id", 207], ["updated_at", Mon, 27 Oct 2014 10:08:18 NZDT +13:00], ["url", "xrv235xrv237xrv-224xrv-272xrv-22xrv-218xrv-217xrv-216xrv-214xrv-213xrv-211xrv-210"]]
  [1m[36mPlace Load (0.3ms)[0m  [1mSELECT "places".* FROM "places" WHERE "places"."id" = 343 LIMIT 1[0m
  [1m[35m (1.1ms)[0m  SELECT COUNT(*) FROM "route_indices" WHERE (url = 'xrv235xrv237xrv-224xrv-272xrv-22xrv-218xrv-217xrv-216xrv-214xrv-213xrv-211xrv-210xrv-209xrv-208')
  [1m[36mPlaceType Load (0.2ms)[0m  [1mselect * from place_types where name='Hut'[0m
  [1m[35mSQL (0.4ms)[0m  INSERT INTO "route_indices" ("created_at", "endplace_id", "isDest", "startplace_id", "updated_at", "url") VALUES ($1, $2, $3, $4, $5, $6) RETURNING "id"  [["created_at", Mon, 27 Oct 2014 10:08:18 NZDT +13:00], ["endplace_id", 343], ["isDest", true], ["startplace_id", 207], ["updated_at", Mon, 27 Oct 2014 10:08:18 NZDT +13:00], ["url", "xrv235xrv237xrv-224xrv-272xrv-22xrv-218xrv-217xrv-216xrv-214xrv-213xrv-211xrv-210xrv-209xrv-208"]]
  [1m[36mPlace Load (0.3ms)[0m  [1mSELECT "places".* FROM "places" WHERE "places"."id" = 419 LIMIT 1[0m
  [1m[35m (1.2ms)[0m  SELECT COUNT(*) FROM "route_indices" WHERE (url = 'xrv235xrv237xrv-224xrv-272xrv-22xrv219xrv-220xrv-21xrv-221xrv-222xrv225xrv226xrv227xrv228xrv229')
  [1m[36mPlaceType Load (0.2ms)[0m  [1mselect * from place_types where name='Hut'[0m
  [1m[35mSQL (0.4ms)[0m  INSERT INTO "route_indices" ("created_at", "endplace_id", "isDest", "startplace_id", "updated_at", "url") VALUES ($1, $2, $3, $4, $5, $6) RETURNING "id"  [["created_at", Mon, 27 Oct 2014 10:08:18 NZDT +13:00], ["endplace_id", 419], ["isDest", true], ["startplace_id", 207], ["updated_at", Mon, 27 Oct 2014 10:08:18 NZDT +13:00], ["url", "xrv235xrv237xrv-224xrv-272xrv-22xrv219xrv-220xrv-21xrv-221xrv-222xrv225xrv226xrv227xrv228xrv229"]]
  [1m[36mPlace Load (0.3ms)[0m  [1mSELECT "places".* FROM "places" WHERE "places"."id" = 1130 LIMIT 1[0m
  [1m[35m (1.1ms)[0m  SELECT COUNT(*) FROM "route_indices" WHERE (url = 'xrv235xrv237xrv-224xrv-272xrv-22xrv219xrv-220xrv-21xrv-221xrv-222xrv225xrv226xrv227xrv-240')
  [1m[36mPlaceType Load (0.2ms)[0m  [1mselect * from place_types where name='Junction'[0m
  [1m[35mSQL (0.4ms)[0m  INSERT INTO "route_indices" ("created_at", "endplace_id", "isDest", "startplace_id", "updated_at", "url") VALUES ($1, $2, $3, $4, $5, $6) RETURNING "id"  [["created_at", Mon, 27 Oct 2014 10:08:18 NZDT +13:00], ["endplace_id", 1130], ["isDest", false], ["startplace_id", 207], ["updated_at", Mon, 27 Oct 2014 10:08:18 NZDT +13:00], ["url", "xrv235xrv237xrv-224xrv-272xrv-22xrv219xrv-220xrv-21xrv-221xrv-222xrv225xrv226xrv227xrv-240"]]
  [1m[36mPlace Load (0.3ms)[0m  [1mSELECT "places".* FROM "places" WHERE "places"."id" = 1114 LIMIT 1[0m
  [1m[35m (1.2ms)[0m  SELECT COUNT(*) FROM "route_indices" WHERE (url = 'xrv235xrv237xrv-224xrv-272xrv-22xrv-218xrv-217xrv-216xrv-214xrv-213xrv-211xrv-210xrv-209xrv-208xrv-207')
  [1m[36mPlaceType Load (0.2ms)[0m  [1mselect * from place_types where name='Hut'[0m
  [1m[35mSQL (0.4ms)[0m  INSERT INTO "route_indices" ("created_at", "endplace_id", "isDest", "startplace_id", "updated_at", "url") VALUES ($1, $2, $3, $4, $5, $6) RETURNING "id"  [["created_at", Mon, 27 Oct 2014 10:08:18 NZDT +13:00], ["endplace_id", 1114], ["isDest", true], ["startplace_id", 207], ["updated_at", Mon, 27 Oct 2014 10:08:18 NZDT +13:00], ["url", "xrv235xrv237xrv-224xrv-272xrv-22xrv-218xrv-217xrv-216xrv-214xrv-213xrv-211xrv-210xrv-209xrv-208xrv-207"]]
  [1m[36mPlace Load (0.3ms)[0m  [1mSELECT "places".* FROM "places" WHERE "places"."id" = 1128 LIMIT 1[0m
  [1m[35m (1.1ms)[0m  SELECT COUNT(*) FROM "route_indices" WHERE (url = 'xrv235xrv237xrv-224xrv-272xrv-22xrv219xrv-220xrv-21xrv-221xrv-222xrv225xrv226xrv227xrv228xrv229xrv230')
  [1m[36mPlaceType Load (0.2ms)[0m  [1mselect * from place_types where name='Roadend'[0m
  [1m[35mSQL (0.4ms)[0m  INSERT INTO "route_indices" ("created_at", "endplace_id", "isDest", "startplace_id", "updated_at", "url") VALUES ($1, $2, $3, $4, $5, $6) RETURNING "id"  [["created_at", Mon, 27 Oct 2014 10:08:18 NZDT +13:00], ["endplace_id", 1128], ["isDest", true], ["startplace_id", 207], ["updated_at", Mon, 27 Oct 2014 10:08:18 NZDT +13:00], ["url", "xrv235xrv237xrv-224xrv-272xrv-22xrv219xrv-220xrv-21xrv-221xrv-222xrv225xrv226xrv227xrv228xrv229xrv230"]]
  [1m[36mPlace Load (0.3ms)[0m  [1mSELECT "places".* FROM "places" WHERE "places"."id" = 419 LIMIT 1[0m
  [1m[35mPlaceType Load (0.2ms)[0m  select name, "isDest" from place_types
  [1m[36mRoute Load (0.4ms)[0m  [1mSELECT "routes".* FROM "routes" WHERE "routes"."id" = 228 LIMIT 1[0m
  [1m[35mPlace Load (0.2ms)[0m  SELECT "places".* FROM "places" WHERE "places"."id" = $1 LIMIT 1  [["id", 1127]]
  [1m[36mPlace Load (0.2ms)[0m  [1mSELECT "places".* FROM "places" WHERE "places"."id" = $1 LIMIT 1[0m  [["id", 1126]]
  [1m[35mRoute Load (0.3ms)[0m  SELECT "routes".* FROM "routes" WHERE "routes"."id" = 240 LIMIT 1
  [1m[36mCACHE (0.0ms)[0m  [1mSELECT "places".* FROM "places" WHERE "places"."id" = $1 LIMIT 1[0m  [["id", 1126]]
  [1m[35mPlace Load (0.2ms)[0m  SELECT "places".* FROM "places" WHERE "places"."id" = $1 LIMIT 1  [["id", 1130]]
  [1m[36mRoute Load (0.3ms)[0m  [1mSELECT "routes".* FROM "routes" WHERE "routes"."id" = 239 LIMIT 1[0m
  [1m[35mCACHE (0.0ms)[0m  SELECT "places".* FROM "places" WHERE "places"."id" = $1 LIMIT 1  [["id", 1130]]
  [1m[36mPlace Load (0.2ms)[0m  [1mSELECT "places".* FROM "places" WHERE "places"."id" = $1 LIMIT 1[0m  [["id", 974]]
  [1m[35mRoute Load (0.3ms)[0m  SELECT "routes".* FROM "routes" WHERE "routes"."id" = 272 LIMIT 1
  [1m[36mCACHE (0.0ms)[0m  [1mSELECT "places".* FROM "places" WHERE "places"."id" = $1 LIMIT 1[0m  [["id", 974]]
  [1m[35mPlace Load (0.2ms)[0m  SELECT "places".* FROM "places" WHERE "places"."id" = $1 LIMIT 1  [["id", 471]]
  [1m[36mPlace Load (0.3ms)[0m  [1mSELECT "places".* FROM "places" WHERE "places"."id" = 471 LIMIT 1[0m
  [1m[35mCACHE (0.0ms)[0m  SELECT "places".* FROM "places" WHERE "places"."id" = 471 LIMIT 1
  [1m[36mRoute Load (0.3ms)[0m  [1mselect * from routes where startplace_id = 471[0m
  [1m[35mRoute Load (0.3ms)[0m  select * from routes where endplace_id = 471
  [1m[36mCACHE (0.0ms)[0m  [1mSELECT "places".* FROM "places" WHERE "places"."id" = $1 LIMIT 1[0m  [["id", 471]]
  [1m[35mPlace Load (0.2ms)[0m  SELECT "places".* FROM "places" WHERE "places"."id" = $1 LIMIT 1  [["id", 1119]]
  [1m[36mCACHE (0.0ms)[0m  [1mSELECT "places".* FROM "places" WHERE "places"."id" = $1 LIMIT 1[0m  [["id", 974]]
  [1m[35mPlace Load (0.3ms)[0m  SELECT "places".* FROM "places" WHERE "places"."id" = 1119 LIMIT 1
  [1m[36mRoute Load (0.3ms)[0m  [1mselect * from routes where startplace_id = 1119[0m
  [1m[35mRoute Load (0.3ms)[0m  select * from routes where endplace_id = 1119
  [1m[36mCACHE (0.0ms)[0m  [1mSELECT "places".* FROM "places" WHERE "places"."id" = $1 LIMIT 1[0m  [["id", 1119]]
  [1m[35mPlace Load (0.2ms)[0m  SELECT "places".* FROM "places" WHERE "places"."id" = $1 LIMIT 1  [["id", 1120]]
  [1m[36mPlace Load (0.2ms)[0m  [1mSELECT "places".* FROM "places" WHERE "places"."id" = $1 LIMIT 1[0m  [["id", 976]]
  [1m[35mCACHE (0.0ms)[0m  SELECT "places".* FROM "places" WHERE "places"."id" = $1 LIMIT 1  [["id", 471]]
  [1m[36mPlace Load (0.3ms)[0m  [1mSELECT "places".* FROM "places" WHERE "places"."id" = 976 LIMIT 1[0m
  [1m[35mRoute Load (0.3ms)[0m  select * from routes where startplace_id = 976
  [1m[36mRoute Load (0.3ms)[0m  [1mselect * from routes where endplace_id = 976[0m
  [1m[35mCACHE (0.0ms)[0m  SELECT "places".* FROM "places" WHERE "places"."id" = $1 LIMIT 1  [["id", 976]]
  [1m[36mPlace Load (0.2ms)[0m  [1mSELECT "places".* FROM "places" WHERE "places"."id" = $1 LIMIT 1[0m  [["id", 1121]]
  [1m[35mCACHE (0.0ms)[0m  SELECT "places".* FROM "places" WHERE "places"."id" = $1 LIMIT 1  [["id", 976]]
  [1m[36mCACHE (0.0ms)[0m  [1mSELECT "places".* FROM "places" WHERE "places"."id" = $1 LIMIT 1[0m  [["id", 1119]]
  [1m[35mPlace Load (0.2ms)[0m  SELECT "places".* FROM "places" WHERE "places"."id" = $1 LIMIT 1  [["id", 45]]
  [1m[36mPlace Load (0.3ms)[0m  [1mSELECT "places".* FROM "places" WHERE "places"."id" = 1120 LIMIT 1[0m
  [1m[35mRoute Load (0.3ms)[0m  select * from routes where startplace_id = 1120
  [1m[36mRoute Load (0.3ms)[0m  [1mselect * from routes where endplace_id = 1120[0m
  [1m[35mCACHE (0.0ms)[0m  SELECT "places".* FROM "places" WHERE "places"."id" = $1 LIMIT 1  [["id", 1120]]
  [1m[36mPlace Load (0.2ms)[0m  [1mSELECT "places".* FROM "places" WHERE "places"."id" = $1 LIMIT 1[0m  [["id", 1118]]
  [1m[35mCACHE (0.0ms)[0m  SELECT "places".* FROM "places" WHERE "places"."id" = $1 LIMIT 1  [["id", 1119]]
  [1m[36mPlace Load (0.3ms)[0m  [1mSELECT "places".* FROM "places" WHERE "places"."id" = 45 LIMIT 1[0m
  [1m[35mRoute Load (0.3ms)[0m  select * from routes where startplace_id = 45
  [1m[36mRoute Load (0.3ms)[0m  [1mselect * from routes where endplace_id = 45[0m
  [1m[35mCACHE (0.0ms)[0m  SELECT "places".* FROM "places" WHERE "places"."id" = $1 LIMIT 1  [["id", 45]]
  [1m[36mCACHE (0.0ms)[0m  [1mSELECT "places".* FROM "places" WHERE "places"."id" = $1 LIMIT 1[0m  [["id", 976]]
  [1m[35mPlace Load (0.2ms)[0m  SELECT "places".* FROM "places" WHERE "places"."id" = $1 LIMIT 1  [["id", 650]]
  [1m[36mPlace Load (0.3ms)[0m  [1mSELECT "places".* FROM "places" WHERE "places"."id" = 1121 LIMIT 1[0m
  [1m[35mRoute Load (0.3ms)[0m  select * from routes where startplace_id = 1121
  [1m[36mRoute Load (0.3ms)[0m  [1mselect * from routes where endplace_id = 1121[0m
  [1m[35mCACHE (0.0ms)[0m  SELECT "places".* FROM "places" WHERE "places"."id" = $1 LIMIT 1  [["id", 1121]]
  [1m[36mPlace Load (0.2ms)[0m  [1mSELECT "places".* FROM "places" WHERE "places"."id" = $1 LIMIT 1[0m  [["id", 1122]]
  [1m[35mCACHE (0.0ms)[0m  SELECT "places".* FROM "places" WHERE "places"."id" = $1 LIMIT 1  [["id", 976]]
  [1m[36mPlace Load (0.3ms)[0m  [1mSELECT "places".* FROM "places" WHERE "places"."id" = 1118 LIMIT 1[0m
  [1m[35mRoute Load (0.3ms)[0m  select * from routes where startplace_id = 1118
  [1m[36mRoute Load (0.3ms)[0m  [1mselect * from routes where endplace_id = 1118[0m
  [1m[35mCACHE (0.0ms)[0m  SELECT "places".* FROM "places" WHERE "places"."id" = $1 LIMIT 1  [["id", 1118]]
  [1m[36mPlace Load (0.2ms)[0m  [1mSELECT "places".* FROM "places" WHERE "places"."id" = $1 LIMIT 1[0m  [["id", 1117]]
  [1m[35mPlace Load (0.2ms)[0m  SELECT "places".* FROM "places" WHERE "places"."id" = $1 LIMIT 1  [["id", 1134]]
  [1m[36mCACHE (0.0ms)[0m  [1mSELECT "places".* FROM "places" WHERE "places"."id" = $1 LIMIT 1[0m  [["id", 1120]]
  [1m[35mPlace Load (0.3ms)[0m  SELECT "places".* FROM "places" WHERE "places"."id" = 650 LIMIT 1
  [1m[36mRoute Load (0.3ms)[0m  [1mselect * from routes where startplace_id = 650[0m
  [1m[35mRoute Load (0.3ms)[0m  select * from routes where endplace_id = 650
  [1m[36mCACHE (0.0ms)[0m  [1mSELECT "places".* FROM "places" WHERE "places"."id" = $1 LIMIT 1[0m  [["id", 650]]
  [1m[35mCACHE (0.0ms)[0m  SELECT "places".* FROM "places" WHERE "places"."id" = $1 LIMIT 1  [["id", 45]]
  [1m[36mPlace Load (0.3ms)[0m  [1mSELECT "places".* FROM "places" WHERE "places"."id" = $1 LIMIT 1[0m  [["id", 207]]
  [1m[35mPlace Load (0.3ms)[0m  SELECT "places".* FROM "places" WHERE "places"."id" = 1122 LIMIT 1
  [1m[36mRoute Load (0.3ms)[0m  [1mselect * from routes where startplace_id = 1122[0m
  [1m[35mRoute Load (0.3ms)[0m  select * from routes where endplace_id = 1122
  [1m[36mCACHE (0.0ms)[0m  [1mSELECT "places".* FROM "places" WHERE "places"."id" = $1 LIMIT 1[0m  [["id", 1122]]
  [1m[35mPlace Load (0.2ms)[0m  SELECT "places".* FROM "places" WHERE "places"."id" = $1 LIMIT 1  [["id", 975]]
  [1m[36mCACHE (0.0ms)[0m  [1mSELECT "places".* FROM "places" WHERE "places"."id" = $1 LIMIT 1[0m  [["id", 1121]]
  [1m[35mPlace Load (0.3ms)[0m  SELECT "places".* FROM "places" WHERE "places"."id" = 1134 LIMIT 1
  [1m[36mRoute Load (0.3ms)[0m  [1mselect * from routes where startplace_id = 1134[0m
  [1m[35mRoute Load (0.3ms)[0m  select * from routes where endplace_id = 1134
  [1m[36mCACHE (0.0ms)[0m  [1mSELECT "places".* FROM "places" WHERE "places"."id" = $1 LIMIT 1[0m  [["id", 1134]]
  [1m[35mCACHE (0.0ms)[0m  SELECT "places".* FROM "places" WHERE "places"."id" = $1 LIMIT 1  [["id", 1118]]
  [1m[36mPlace Load (0.2ms)[0m  [1mSELECT "places".* FROM "places" WHERE "places"."id" = $1 LIMIT 1[0m  [["id", 1135]]
  [1m[35mPlace Load (0.3ms)[0m  SELECT "places".* FROM "places" WHERE "places"."id" = 1117 LIMIT 1
  [1m[36mRoute Load (0.3ms)[0m  [1mselect * from routes where startplace_id = 1117[0m
  [1m[35mRoute Load (0.3ms)[0m  select * from routes where endplace_id = 1117
  [1m[36mCACHE (0.0ms)[0m  [1mSELECT "places".* FROM "places" WHERE "places"."id" = $1 LIMIT 1[0m  [["id", 1117]]
  [1m[35mPlace Load (0.2ms)[0m  SELECT "places".* FROM "places" WHERE "places"."id" = $1 LIMIT 1  [["id", 58]]
  [1m[36mCACHE (0.0ms)[0m  [1mSELECT "places".* FROM "places" WHERE "places"."id" = $1 LIMIT 1[0m  [["id", 1118]]
  [1m[35mPlace Load (0.2ms)[0m  SELECT "places".* FROM "places" WHERE "places"."id" = $1 LIMIT 1  [["id", 258]]
  [1m[36mPlace Load (0.3ms)[0m  [1mSELECT "places".* FROM "places" WHERE "places"."id" = 207 LIMIT 1[0m
  [1m[35mRoute Load (0.3ms)[0m  select * from routes where startplace_id = 207
  [1m[36mRoute Load (0.3ms)[0m  [1mselect * from routes where endplace_id = 207[0m
  [1m[35mCACHE (0.0ms)[0m  SELECT "places".* FROM "places" WHERE "places"."id" = $1 LIMIT 1  [["id", 207]]
  [1m[36mCACHE (0.0ms)[0m  [1mSELECT "places".* FROM "places" WHERE "places"."id" = $1 LIMIT 1[0m  [["id", 650]]
  [1m[35mCACHE (0.0ms)[0m  SELECT "places".* FROM "places" WHERE "places"."id" = $1 LIMIT 1  [["id", 207]]
  [1m[36mPlace Load (0.2ms)[0m  [1mSELECT "places".* FROM "places" WHERE "places"."id" = $1 LIMIT 1[0m  [["id", 1133]]
  [1m[35mPlace Load (0.2ms)[0m  SELECT "places".* FROM "places" WHERE "places"."id" = $1 LIMIT 1  [["id", 1129]]
  [1m[36mPlace Load (0.3ms)[0m  [1mSELECT "places".* FROM "places" WHERE "places"."id" = 975 LIMIT 1[0m
  [1m[35mRoute Load (0.3ms)[0m  select * from routes where startplace_id = 975
  [1m[36mRoute Load (0.3ms)[0m  [1mselect * from routes where endplace_id = 975[0m
  [1m[35mCACHE (0.0ms)[0m  SELECT "places".* FROM "places" WHERE "places"."id" = $1 LIMIT 1  [["id", 975]]
  [1m[36mCACHE (0.0ms)[0m  [1mSELECT "places".* FROM "places" WHERE "places"."id" = $1 LIMIT 1[0m  [["id", 1129]]
  [1m[35mCACHE (0.0ms)[0m  SELECT "places".* FROM "places" WHERE "places"."id" = $1 LIMIT 1  [["id", 975]]
  [1m[36mPlace Load (0.2ms)[0m  [1mSELECT "places".* FROM "places" WHERE "places"."id" = $1 LIMIT 1[0m  [["id", 1123]]
  [1m[35mCACHE (0.0ms)[0m  SELECT "places".* FROM "places" WHERE "places"."id" = $1 LIMIT 1  [["id", 1122]]
  [1m[36mPlace Load (0.3ms)[0m  [1mSELECT "places".* FROM "places" WHERE "places"."id" = 1135 LIMIT 1[0m
  [1m[35mRoute Load (0.3ms)[0m  select * from routes where startplace_id = 1135
  [1m[36mRoute Load (0.3ms)[0m  [1mselect * from routes where endplace_id = 1135[0m
  [1m[35mCACHE (0.0ms)[0m  SELECT "places".* FROM "places" WHERE "places"."id" = $1 LIMIT 1  [["id", 1135]]
  [1m[36mCACHE (0.0ms)[0m  [1mSELECT "places".* FROM "places" WHERE "places"."id" = $1 LIMIT 1[0m  [["id", 1134]]
  [1m[35mPlace Load (0.2ms)[0m  SELECT "places".* FROM "places" WHERE "places"."id" = $1 LIMIT 1  [["id", 271]]
  [1m[36mPlace Load (0.3ms)[0m  [1mSELECT "places".* FROM "places" WHERE "places"."id" = 258 LIMIT 1[0m
  [1m[35mRoute Load (0.3ms)[0m  select * from routes where startplace_id = 258
  [1m[36mRoute Load (0.3ms)[0m  [1mselect * from routes where endplace_id = 258[0m
  [1m[35mCACHE (0.0ms)[0m  SELECT "places".* FROM "places" WHERE "places"."id" = $1 LIMIT 1  [["id", 258]]
  [1m[36mCACHE (0.0ms)[0m  [1mSELECT "places".* FROM "places" WHERE "places"."id" = $1 LIMIT 1[0m  [["id", 1117]]
  [1m[35mPlace Load (0.3ms)[0m  SELECT "places".* FROM "places" WHERE "places"."id" = 58 LIMIT 1
  [1m[36mRoute Load (0.3ms)[0m  [1mselect * from routes where startplace_id = 58[0m
  [1m[35mRoute Load (0.3ms)[0m  select * from routes where endplace_id = 58
  [1m[36mCACHE (0.0ms)[0m  [1mSELECT "places".* FROM "places" WHERE "places"."id" = $1 LIMIT 1[0m  [["id", 58]]
  [1m[35mPlace Load (0.2ms)[0m  SELECT "places".* FROM "places" WHERE "places"."id" = $1 LIMIT 1  [["id", 1116]]
  [1m[36mCACHE (0.0ms)[0m  [1mSELECT "places".* FROM "places" WHERE "places"."id" = $1 LIMIT 1[0m  [["id", 1117]]
  [1m[35mPlace Load (0.3ms)[0m  SELECT "places".* FROM "places" WHERE "places"."id" = 1129 LIMIT 1
  [1m[36mRoute Load (0.3ms)[0m  [1mselect * from routes where startplace_id = 1129[0m
  [1m[35mRoute Load (0.3ms)[0m  select * from routes where endplace_id = 1129
  [1m[36mCACHE (0.0ms)[0m  [1mSELECT "places".* FROM "places" WHERE "places"."id" = $1 LIMIT 1[0m  [["id", 1129]]
  [1m[35mCACHE (0.0ms)[0m  SELECT "places".* FROM "places" WHERE "places"."id" = $1 LIMIT 1  [["id", 207]]
  [1m[36mPlace Load (0.2ms)[0m  [1mSELECT "places".* FROM "places" WHERE "places"."id" = $1 LIMIT 1[0m  [["id", 1124]]
  [1m[35mCACHE (0.0ms)[0m  SELECT "places".* FROM "places" WHERE "places"."id" = $1 LIMIT 1  [["id", 975]]
  [1m[36mPlace Load (0.3ms)[0m  [1mSELECT "places".* FROM "places" WHERE "places"."id" = 1133 LIMIT 1[0m
  [1m[35mRoute Load (0.3ms)[0m  select * from routes where startplace_id = 1133
  [1m[36mRoute Load (0.3ms)[0m  [1mselect * from routes where endplace_id = 1133[0m
  [1m[35mCACHE (0.0ms)[0m  SELECT "places".* FROM "places" WHERE "places"."id" = $1 LIMIT 1  [["id", 1133]]
  [1m[36mPlace Load (0.4ms)[0m  [1mSELECT "places".* FROM "places" WHERE "places"."id" = $1 LIMIT 1[0m  [["id", 1131]]
  [1m[35mCACHE (0.0ms)[0m  SELECT "places".* FROM "places" WHERE "places"."id" = $1 LIMIT 1  [["id", 207]]
  [1m[36mCACHE (0.0ms)[0m  [1mSELECT "places".* FROM "places" WHERE "places"."id" = 1129 LIMIT 1[0m
  [1m[35mCACHE (0.0ms)[0m  select * from routes where startplace_id = 1129
  [1m[36mCACHE (0.0ms)[0m  [1mselect * from routes where endplace_id = 1129[0m
  [1m[35mCACHE (0.0ms)[0m  SELECT "places".* FROM "places" WHERE "places"."id" = $1 LIMIT 1  [["id", 1129]]
  [1m[36mCACHE (0.0ms)[0m  [1mSELECT "places".* FROM "places" WHERE "places"."id" = $1 LIMIT 1[0m  [["id", 207]]
  [1m[35mCACHE (0.0ms)[0m  SELECT "places".* FROM "places" WHERE "places"."id" = $1 LIMIT 1  [["id", 1124]]
  [1m[36mCACHE (0.0ms)[0m  [1mSELECT "places".* FROM "places" WHERE "places"."id" = $1 LIMIT 1[0m  [["id", 975]]
  [1m[35mPlace Load (0.4ms)[0m  SELECT "places".* FROM "places" WHERE "places"."id" = 1123 LIMIT 1
  [1m[36mRoute Load (0.4ms)[0m  [1mselect * from routes where startplace_id = 1123[0m
  [1m[35mRoute Load (0.3ms)[0m  select * from routes where endplace_id = 1123
  [1m[36mCACHE (0.0ms)[0m  [1mSELECT "places".* FROM "places" WHERE "places"."id" = $1 LIMIT 1[0m  [["id", 1123]]
  [1m[35mCACHE (0.0ms)[0m  SELECT "places".* FROM "places" WHERE "places"."id" = $1 LIMIT 1  [["id", 1124]]
  [1m[36mCACHE (0.0ms)[0m  [1mSELECT "places".* FROM "places" WHERE "places"."id" = $1 LIMIT 1[0m  [["id", 975]]
  [1m[35mPlace Load (0.2ms)[0m  SELECT "places".* FROM "places" WHERE "places"."id" = $1 LIMIT 1  [["id", 1125]]
  [1m[36mPlace Load (0.3ms)[0m  [1mSELECT "places".* FROM "places" WHERE "places"."id" = 271 LIMIT 1[0m
  [1m[35mRoute Load (0.3ms)[0m  select * from routes where startplace_id = 271
  [1m[36mRoute Load (0.3ms)[0m  [1mselect * from routes where endplace_id = 271[0m
  [1m[35mCACHE (0.0ms)[0m  SELECT "places".* FROM "places" WHERE "places"."id" = $1 LIMIT 1  [["id", 271]]
  [1m[36mCACHE (0.0ms)[0m  [1mSELECT "places".* FROM "places" WHERE "places"."id" = $1 LIMIT 1[0m  [["id", 1135]]
  [1m[35mPlace Load (0.3ms)[0m  SELECT "places".* FROM "places" WHERE "places"."id" = 1116 LIMIT 1
  [1m[36mRoute Load (0.3ms)[0m  [1mselect * from routes where startplace_id = 1116[0m
  [1m[35mRoute Load (0.3ms)[0m  select * from routes where endplace_id = 1116
  [1m[36mCACHE (0.0ms)[0m  [1mSELECT "places".* FROM "places" WHERE "places"."id" = $1 LIMIT 1[0m  [["id", 1116]]
  [1m[35mPlace Load (0.2ms)[0m  SELECT "places".* FROM "places" WHERE "places"."id" = $1 LIMIT 1  [["id", 827]]
  [1m[36mPlace Load (0.3ms)[0m  [1mSELECT "places".* FROM "places" WHERE "places"."id" = $1 LIMIT 1[0m  [["id", 528]]
  [1m[35mCACHE (0.0ms)[0m  SELECT "places".* FROM "places" WHERE "places"."id" = $1 LIMIT 1  [["id", 58]]
  [1m[36mPlace Load (0.3ms)[0m  [1mSELECT "places".* FROM "places" WHERE "places"."id" = 1124 LIMIT 1[0m
  [1m[35mRoute Load (0.3ms)[0m  select * from routes where startplace_id = 1124
  [1m[36mRoute Load (0.4ms)[0m  [1mselect * from routes where endplace_id = 1124[0m
  [1m[35mCACHE (0.0ms)[0m  SELECT "places".* FROM "places" WHERE "places"."id" = $1 LIMIT 1  [["id", 1124]]
  [1m[36mCACHE (0.0ms)[0m  [1mSELECT "places".* FROM "places" WHERE "places"."id" = $1 LIMIT 1[0m  [["id", 1129]]
  [1m[35mCACHE (0.0ms)[0m  SELECT "places".* FROM "places" WHERE "places"."id" = $1 LIMIT 1  [["id", 1124]]
  [1m[36mCACHE (0.0ms)[0m  [1mSELECT "places".* FROM "places" WHERE "places"."id" = $1 LIMIT 1[0m  [["id", 974]]
  [1m[35mCACHE (0.0ms)[0m  SELECT "places".* FROM "places" WHERE "places"."id" = $1 LIMIT 1  [["id", 1123]]
  [1m[36mCACHE (0.0ms)[0m  [1mSELECT "places".* FROM "places" WHERE "places"."id" = 975 LIMIT 1[0m
  [1m[35mCACHE (0.0ms)[0m  select * from routes where startplace_id = 975
  [1m[36mCACHE (0.0ms)[0m  [1mselect * from routes where endplace_id = 975[0m
  [1m[35mCACHE (0.0ms)[0m  SELECT "places".* FROM "places" WHERE "places"."id" = $1 LIMIT 1  [["id", 975]]
  [1m[36mCACHE (0.0ms)[0m  [1mSELECT "places".* FROM "places" WHERE "places"."id" = $1 LIMIT 1[0m  [["id", 1129]]
  [1m[35mCACHE (0.0ms)[0m  SELECT "places".* FROM "places" WHERE "places"."id" = $1 LIMIT 1  [["id", 975]]
  [1m[36mCACHE (0.0ms)[0m  [1mSELECT "places".* FROM "places" WHERE "places"."id" = $1 LIMIT 1[0m  [["id", 1123]]
  [1m[35mCACHE (0.0ms)[0m  SELECT "places".* FROM "places" WHERE "places"."id" = $1 LIMIT 1  [["id", 1122]]
  [1m[36mPlace Load (0.3ms)[0m  [1mSELECT "places".* FROM "places" WHERE "places"."id" = 1131 LIMIT 1[0m
  [1m[35mRoute Load (0.3ms)[0m  select * from routes where startplace_id = 1131
  [1m[36mRoute Load (0.3ms)[0m  [1mselect * from routes where endplace_id = 1131[0m
  [1m[35mCACHE (0.0ms)[0m  SELECT "places".* FROM "places" WHERE "places"."id" = $1 LIMIT 1  [["id", 1131]]
  [1m[36mPlace Load (0.2ms)[0m  [1mSELECT "places".* FROM "places" WHERE "places"."id" = $1 LIMIT 1[0m  [["id", 1132]]
  [1m[35mCACHE (0.1ms)[0m  SELECT "places".* FROM "places" WHERE "places"."id" = $1 LIMIT 1  [["id", 1133]]
  [1m[36mCACHE (0.0ms)[0m  [1mSELECT "places".* FROM "places" WHERE "places"."id" = 1124 LIMIT 1[0m
  [1m[35mCACHE (0.0ms)[0m  select * from routes where startplace_id = 1124
  [1m[36mCACHE (0.0ms)[0m  [1mselect * from routes where endplace_id = 1124[0m
  [1m[35mCACHE (0.0ms)[0m  SELECT "places".* FROM "places" WHERE "places"."id" = $1 LIMIT 1  [["id", 1124]]
  [1m[36mCACHE (0.0ms)[0m  [1mSELECT "places".* FROM "places" WHERE "places"."id" = $1 LIMIT 1[0m  [["id", 1129]]
  [1m[35mCACHE (0.0ms)[0m  SELECT "places".* FROM "places" WHERE "places"."id" = $1 LIMIT 1  [["id", 1124]]
  [1m[36mCACHE (0.0ms)[0m  [1mSELECT "places".* FROM "places" WHERE "places"."id" = $1 LIMIT 1[0m  [["id", 974]]
  [1m[35mCACHE (0.0ms)[0m  SELECT "places".* FROM "places" WHERE "places"."id" = $1 LIMIT 1  [["id", 1123]]
  [1m[36mCACHE (0.0ms)[0m  [1mSELECT "places".* FROM "places" WHERE "places"."id" = 207 LIMIT 1[0m
  [1m[35mCACHE (0.0ms)[0m  select * from routes where startplace_id = 207
  [1m[36mCACHE (0.0ms)[0m  [1mselect * from routes where endplace_id = 207[0m
  [1m[35mCACHE (0.0ms)[0m  SELECT "places".* FROM "places" WHERE "places"."id" = $1 LIMIT 1  [["id", 207]]
  [1m[36mCACHE (0.0ms)[0m  [1mSELECT "places".* FROM "places" WHERE "places"."id" = $1 LIMIT 1[0m  [["id", 650]]
  [1m[35mCACHE (0.0ms)[0m  SELECT "places".* FROM "places" WHERE "places"."id" = $1 LIMIT 1  [["id", 207]]
  [1m[36mCACHE (0.0ms)[0m  [1mSELECT "places".* FROM "places" WHERE "places"."id" = $1 LIMIT 1[0m  [["id", 1133]]
  [1m[35mCACHE (0.0ms)[0m  SELECT "places".* FROM "places" WHERE "places"."id" = $1 LIMIT 1  [["id", 1129]]
  [1m[36mPlace Load (0.3ms)[0m  [1mSELECT "places".* FROM "places" WHERE "places"."id" = 1125 LIMIT 1[0m
  [1m[35mRoute Load (0.3ms)[0m  select * from routes where startplace_id = 1125
  [1m[36mRoute Load (0.3ms)[0m  [1mselect * from routes where endplace_id = 1125[0m
  [1m[35mCACHE (0.0ms)[0m  SELECT "places".* FROM "places" WHERE "places"."id" = $1 LIMIT 1  [["id", 1125]]
  [1m[36mCACHE (0.0ms)[0m  [1mSELECT "places".* FROM "places" WHERE "places"."id" = $1 LIMIT 1[0m  [["id", 1123]]
  [1m[35mPlace Load (0.2ms)[0m  SELECT "places".* FROM "places" WHERE "places"."id" = $1 LIMIT 1  [["id", 769]]
  [1m[36mCACHE (0.0ms)[0m  [1mSELECT "places".* FROM "places" WHERE "places"."id" = 1124 LIMIT 1[0m
  [1m[35mCACHE (0.0ms)[0m  select * from routes where startplace_id = 1124
  [1m[36mCACHE (0.0ms)[0m  [1mselect * from routes where endplace_id = 1124[0m
  [1m[35mCACHE (0.0ms)[0m  SELECT "places".* FROM "places" WHERE "places"."id" = $1 LIMIT 1  [["id", 1124]]
  [1m[36mCACHE (0.0ms)[0m  [1mSELECT "places".* FROM "places" WHERE "places"."id" = $1 LIMIT 1[0m  [["id", 1129]]
  [1m[35mCACHE (0.0ms)[0m  SELECT "places".* FROM "places" WHERE "places"."id" = $1 LIMIT 1  [["id", 1124]]
  [1m[36mCACHE (0.0ms)[0m  [1mSELECT "places".* FROM "places" WHERE "places"."id" = $1 LIMIT 1[0m  [["id", 974]]
  [1m[35mCACHE (0.0ms)[0m  SELECT "places".* FROM "places" WHERE "places"."id" = $1 LIMIT 1  [["id", 1123]]
  [1m[36mPlace Load (0.3ms)[0m  [1mSELECT "places".* FROM "places" WHERE "places"."id" = 528 LIMIT 1[0m
  [1m[35mRoute Load (0.3ms)[0m  select * from routes where startplace_id = 528
  [1m[36mRoute Load (0.3ms)[0m  [1mselect * from routes where endplace_id = 528[0m
  [1m[35mCACHE (0.0ms)[0m  SELECT "places".* FROM "places" WHERE "places"."id" = $1 LIMIT 1  [["id", 528]]
  [1m[36mCACHE (0.0ms)[0m  [1mSELECT "places".* FROM "places" WHERE "places"."id" = $1 LIMIT 1[0m  [["id", 1116]]
  [1m[35mPlace Load (0.3ms)[0m  SELECT "places".* FROM "places" WHERE "places"."id" = 827 LIMIT 1
  [1m[36mRoute Load (0.3ms)[0m  [1mselect * from routes where startplace_id = 827[0m
  [1m[35mRoute Load (0.3ms)[0m  select * from routes where endplace_id = 827
  [1m[36mCACHE (0.0ms)[0m  [1mSELECT "places".* FROM "places" WHERE "places"."id" = $1 LIMIT 1[0m  [["id", 827]]
  [1m[35mPlace Load (0.2ms)[0m  SELECT "places".* FROM "places" WHERE "places"."id" = $1 LIMIT 1  [["id", 397]]
  [1m[36mCACHE (0.0ms)[0m  [1mSELECT "places".* FROM "places" WHERE "places"."id" = $1 LIMIT 1[0m  [["id", 1116]]
  [1m[35mCACHE (0.1ms)[0m  SELECT "places".* FROM "places" WHERE "places"."id" = 1123 LIMIT 1
  [1m[36mCACHE (0.0ms)[0m  [1mselect * from routes where startplace_id = 1123[0m
  [1m[35mCACHE (0.0ms)[0m  select * from routes where endplace_id = 1123
  [1m[36mCACHE (0.0ms)[0m  [1mSELECT "places".* FROM "places" WHERE "places"."id" = $1 LIMIT 1[0m  [["id", 1123]]
  [1m[35mCACHE (0.0ms)[0m  SELECT "places".* FROM "places" WHERE "places"."id" = $1 LIMIT 1  [["id", 1124]]
  [1m[36mCACHE (0.0ms)[0m  [1mSELECT "places".* FROM "places" WHERE "places"."id" = $1 LIMIT 1[0m  [["id", 975]]
  [1m[35mCACHE (0.0ms)[0m  SELECT "places".* FROM "places" WHERE "places"."id" = $1 LIMIT 1  [["id", 1125]]
  [1m[36mCACHE (0.0ms)[0m  [1mSELECT "places".* FROM "places" WHERE "places"."id" = 1122 LIMIT 1[0m
  [1m[35mCACHE (0.0ms)[0m  select * from routes where startplace_id = 1122
  [1m[36mCACHE (0.0ms)[0m  [1mselect * from routes where endplace_id = 1122[0m
  [1m[35mCACHE (0.0ms)[0m  SELECT "places".* FROM "places" WHERE "places"."id" = $1 LIMIT 1  [["id", 1122]]
  [1m[36mCACHE (0.0ms)[0m  [1mSELECT "places".* FROM "places" WHERE "places"."id" = $1 LIMIT 1[0m  [["id", 975]]
  [1m[35mCACHE (0.0ms)[0m  SELECT "places".* FROM "places" WHERE "places"."id" = $1 LIMIT 1  [["id", 1121]]
  [1m[36mCACHE (0.0ms)[0m  [1mSELECT "places".* FROM "places" WHERE "places"."id" = 1123 LIMIT 1[0m
  [1m[35mCACHE (0.0ms)[0m  select * from routes where startplace_id = 1123
  [1m[36mCACHE (0.0ms)[0m  [1mselect * from routes where endplace_id = 1123[0m
  [1m[35mCACHE (0.0ms)[0m  SELECT "places".* FROM "places" WHERE "places"."id" = $1 LIMIT 1  [["id", 1123]]
  [1m[36mCACHE (0.0ms)[0m  [1mSELECT "places".* FROM "places" WHERE "places"."id" = $1 LIMIT 1[0m  [["id", 1124]]
  [1m[35mCACHE (0.0ms)[0m  SELECT "places".* FROM "places" WHERE "places"."id" = $1 LIMIT 1  [["id", 975]]
  [1m[36mCACHE (0.0ms)[0m  [1mSELECT "places".* FROM "places" WHERE "places"."id" = $1 LIMIT 1[0m  [["id", 1125]]
  [1m[35mPlace Load (0.3ms)[0m  SELECT "places".* FROM "places" WHERE "places"."id" = 1132 LIMIT 1
  [1m[36mRoute Load (0.3ms)[0m  [1mselect * from routes where startplace_id = 1132[0m
  [1m[35mRoute Load (0.3ms)[0m  select * from routes where endplace_id = 1132
  [1m[36mCACHE (0.0ms)[0m  [1mSELECT "places".* FROM "places" WHERE "places"."id" = $1 LIMIT 1[0m  [["id", 1131]]
  [1m[35mCACHE (0.0ms)[0m  SELECT "places".* FROM "places" WHERE "places"."id" = 1123 LIMIT 1
  [1m[36mCACHE (0.0ms)[0m  [1mselect * from routes where startplace_id = 1123[0m
  [1m[35mCACHE (0.0ms)[0m  select * from routes where endplace_id = 1123
  [1m[36mCACHE (0.0ms)[0m  [1mSELECT "places".* FROM "places" WHERE "places"."id" = $1 LIMIT 1[0m  [["id", 1123]]
  [1m[35mCACHE (0.0ms)[0m  SELECT "places".* FROM "places" WHERE "places"."id" = $1 LIMIT 1  [["id", 1124]]
  [1m[36mCACHE (0.0ms)[0m  [1mSELECT "places".* FROM "places" WHERE "places"."id" = $1 LIMIT 1[0m  [["id", 975]]
  [1m[35mCACHE (0.0ms)[0m  SELECT "places".* FROM "places" WHERE "places"."id" = $1 LIMIT 1  [["id", 1125]]
  [1m[36mCACHE (0.0ms)[0m  [1mSELECT "places".* FROM "places" WHERE "places"."id" = 650 LIMIT 1[0m
  [1m[35mCACHE (0.0ms)[0m  select * from routes where startplace_id = 650
  [1m[36mCACHE (0.0ms)[0m  [1mselect * from routes where endplace_id = 650[0m
  [1m[35mCACHE (0.0ms)[0m  SELECT "places".* FROM "places" WHERE "places"."id" = $1 LIMIT 1  [["id", 650]]
  [1m[36mCACHE (0.0ms)[0m  [1mSELECT "places".* FROM "places" WHERE "places"."id" = $1 LIMIT 1[0m  [["id", 45]]
  [1m[35mCACHE (0.0ms)[0m  SELECT "places".* FROM "places" WHERE "places"."id" = $1 LIMIT 1  [["id", 207]]
  [1m[36mCACHE (0.0ms)[0m  [1mSELECT "places".* FROM "places" WHERE "places"."id" = 1133 LIMIT 1[0m
  [1m[35mCACHE (0.0ms)[0m  select * from routes where startplace_id = 1133
  [1m[36mCACHE (0.0ms)[0m  [1mselect * from routes where endplace_id = 1133[0m
  [1m[35mCACHE (0.0ms)[0m  SELECT "places".* FROM "places" WHERE "places"."id" = $1 LIMIT 1  [["id", 1133]]
  [1m[36mCACHE (0.0ms)[0m  [1mSELECT "places".* FROM "places" WHERE "places"."id" = $1 LIMIT 1[0m  [["id", 1131]]
  [1m[35mCACHE (0.0ms)[0m  SELECT "places".* FROM "places" WHERE "places"."id" = $1 LIMIT 1  [["id", 207]]
  [1m[36mPlace Load (0.5ms)[0m  [1mSELECT "places".* FROM "places" WHERE "places"."id" = 769 LIMIT 1[0m
  [1m[35mRoute Load (0.3ms)[0m  select * from routes where startplace_id = 769
  [1m[36mRoute Load (54.8ms)[0m  [1mselect * from routes where endplace_id = 769[0m
  [1m[35mCACHE (0.0ms)[0m  SELECT "places".* FROM "places" WHERE "places"."id" = $1 LIMIT 1  [["id", 769]]
  [1m[36mCACHE (0.0ms)[0m  [1mSELECT "places".* FROM "places" WHERE "places"."id" = $1 LIMIT 1[0m  [["id", 1125]]
  [1m[35mCACHE (0.0ms)[0m  SELECT "places".* FROM "places" WHERE "places"."id" = $1 LIMIT 1  [["id", 1126]]
  [1m[36mCACHE (0.0ms)[0m  [1mSELECT "places".* FROM "places" WHERE "places"."id" = 1129 LIMIT 1[0m
  [1m[35mCACHE (0.0ms)[0m  select * from routes where startplace_id = 1129
  [1m[36mCACHE (0.0ms)[0m  [1mselect * from routes where endplace_id = 1129[0m
  [1m[35mCACHE (0.0ms)[0m  SELECT "places".* FROM "places" WHERE "places"."id" = $1 LIMIT 1  [["id", 1129]]
  [1m[36mCACHE (0.0ms)[0m  [1mSELECT "places".* FROM "places" WHERE "places"."id" = $1 LIMIT 1[0m  [["id", 207]]
  [1m[35mCACHE (0.0ms)[0m  SELECT "places".* FROM "places" WHERE "places"."id" = $1 LIMIT 1  [["id", 1124]]
  [1m[36mCACHE (0.0ms)[0m  [1mSELECT "places".* FROM "places" WHERE "places"."id" = $1 LIMIT 1[0m  [["id", 975]]
  [1m[35mPlace Load (0.3ms)[0m  SELECT "places".* FROM "places" WHERE "places"."id" = 397 LIMIT 1
  [1m[36mRoute Load (0.3ms)[0m  [1mselect * from routes where startplace_id = 397[0m
  [1m[35mRoute Load (0.3ms)[0m  select * from routes where endplace_id = 397
  [1m[36mCACHE (0.0ms)[0m  [1mSELECT "places".* FROM "places" WHERE "places"."id" = $1 LIMIT 1[0m  [["id", 397]]
  [1m[35mPlace Load (0.3ms)[0m  SELECT "places".* FROM "places" WHERE "places"."id" = $1 LIMIT 1  [["id", 1115]]
  [1m[36mCACHE (0.0ms)[0m  [1mSELECT "places".* FROM "places" WHERE "places"."id" = $1 LIMIT 1[0m  [["id", 827]]
  [1m[35mCACHE (0.0ms)[0m  SELECT "places".* FROM "places" WHERE "places"."id" = 975 LIMIT 1
  [1m[36mCACHE (0.0ms)[0m  [1mselect * from routes where startplace_id = 975[0m
  [1m[35mCACHE (0.0ms)[0m  select * from routes where endplace_id = 975
  [1m[36mCACHE (0.0ms)[0m  [1mSELECT "places".* FROM "places" WHERE "places"."id" = $1 LIMIT 1[0m  [["id", 975]]
  [1m[35mCACHE (0.0ms)[0m  SELECT "places".* FROM "places" WHERE "places"."id" = $1 LIMIT 1  [["id", 1129]]
  [1m[36mCACHE (0.0ms)[0m  [1mSELECT "places".* FROM "places" WHERE "places"."id" = $1 LIMIT 1[0m  [["id", 975]]
  [1m[35mCACHE (0.0ms)[0m  SELECT "places".* FROM "places" WHERE "places"."id" = $1 LIMIT 1  [["id", 1123]]
  [1m[36mCACHE (0.0ms)[0m  [1mSELECT "places".* FROM "places" WHERE "places"."id" = $1 LIMIT 1[0m  [["id", 1122]]
  [1m[35mCACHE (0.0ms)[0m  SELECT "places".* FROM "places" WHERE "places"."id" = 1125 LIMIT 1
  [1m[36mCACHE (0.0ms)[0m  [1mselect * from routes where startplace_id = 1125[0m
  [1m[35mCACHE (0.0ms)[0m  select * from routes where endplace_id = 1125
  [1m[36mCACHE (0.0ms)[0m  [1mSELECT "places".* FROM "places" WHERE "places"."id" = $1 LIMIT 1[0m  [["id", 1125]]
  [1m[35mCACHE (0.0ms)[0m  SELECT "places".* FROM "places" WHERE "places"."id" = $1 LIMIT 1  [["id", 1123]]
  [1m[36mCACHE (0.0ms)[0m  [1mSELECT "places".* FROM "places" WHERE "places"."id" = $1 LIMIT 1[0m  [["id", 769]]
  [1m[35mCACHE (0.0ms)[0m  SELECT "places".* FROM "places" WHERE "places"."id" = 1121 LIMIT 1
  [1m[36mCACHE (0.0ms)[0m  [1mselect * from routes where startplace_id = 1121[0m
  [1m[35mCACHE (0.0ms)[0m  select * from routes where endplace_id = 1121
  [1m[36mCACHE (0.0ms)[0m  [1mSELECT "places".* FROM "places" WHERE "places"."id" = $1 LIMIT 1[0m  [["id", 1121]]
  [1m[35mCACHE (0.0ms)[0m  SELECT "places".* FROM "places" WHERE "places"."id" = $1 LIMIT 1  [["id", 1122]]
  [1m[36mCACHE (0.0ms)[0m  [1mSELECT "places".* FROM "places" WHERE "places"."id" = $1 LIMIT 1[0m  [["id", 976]]
  [1m[35mCACHE (0.0ms)[0m  SELECT "places".* FROM "places" WHERE "places"."id" = 1125 LIMIT 1
  [1m[36mCACHE (0.0ms)[0m  [1mselect * from routes where startplace_id = 1125[0m
  [1m[35mCACHE (0.0ms)[0m  select * from routes where endplace_id = 1125
  [1m[36mCACHE (0.0ms)[0m  [1mSELECT "places".* FROM "places" WHERE "places"."id" = $1 LIMIT 1[0m  [["id", 1125]]
  [1m[35mCACHE (0.0ms)[0m  SELECT "places".* FROM "places" WHERE "places"."id" = $1 LIMIT 1  [["id", 1123]]
  [1m[36mCACHE (0.0ms)[0m  [1mSELECT "places".* FROM "places" WHERE "places"."id" = $1 LIMIT 1[0m  [["id", 769]]
  [1m[35mCACHE (0.0ms)[0m  SELECT "places".* FROM "places" WHERE "places"."id" = 1124 LIMIT 1
  [1m[36mCACHE (0.0ms)[0m  [1mselect * from routes where startplace_id = 1124[0m
  [1m[35mCACHE (0.0ms)[0m  select * from routes where endplace_id = 1124
  [1m[36mCACHE (0.0ms)[0m  [1mSELECT "places".* FROM "places" WHERE "places"."id" = $1 LIMIT 1[0m  [["id", 1124]]
  [1m[35mCACHE (0.0ms)[0m  SELECT "places".* FROM "places" WHERE "places"."id" = $1 LIMIT 1  [["id", 1129]]
  [1m[36mCACHE (0.0ms)[0m  [1mSELECT "places".* FROM "places" WHERE "places"."id" = $1 LIMIT 1[0m  [["id", 1124]]
  [1m[35mCACHE (0.0ms)[0m  SELECT "places".* FROM "places" WHERE "places"."id" = $1 LIMIT 1  [["id", 974]]
  [1m[36mCACHE (0.0ms)[0m  [1mSELECT "places".* FROM "places" WHERE "places"."id" = $1 LIMIT 1[0m  [["id", 1123]]
  [1m[35mCACHE (0.0ms)[0m  SELECT "places".* FROM "places" WHERE "places"."id" = 1125 LIMIT 1
  [1m[36mCACHE (0.0ms)[0m  [1mselect * from routes where startplace_id = 1125[0m
  [1m[35mCACHE (0.0ms)[0m  select * from routes where endplace_id = 1125
  [1m[36mCACHE (0.0ms)[0m  [1mSELECT "places".* FROM "places" WHERE "places"."id" = $1 LIMIT 1[0m  [["id", 1125]]
  [1m[35mCACHE (0.0ms)[0m  SELECT "places".* FROM "places" WHERE "places"."id" = $1 LIMIT 1  [["id", 1123]]
  [1m[36mCACHE (0.0ms)[0m  [1mSELECT "places".* FROM "places" WHERE "places"."id" = $1 LIMIT 1[0m  [["id", 769]]
  [1m[35mCACHE (0.0ms)[0m  SELECT "places".* FROM "places" WHERE "places"."id" = 45 LIMIT 1
  [1m[36mCACHE (0.0ms)[0m  [1mselect * from routes where startplace_id = 45[0m
  [1m[35mCACHE (0.0ms)[0m  select * from routes where endplace_id = 45
  [1m[36mCACHE (0.0ms)[0m  [1mSELECT "places".* FROM "places" WHERE "places"."id" = $1 LIMIT 1[0m  [["id", 45]]
  [1m[35mCACHE (0.0ms)[0m  SELECT "places".* FROM "places" WHERE "places"."id" = $1 LIMIT 1  [["id", 976]]
  [1m[36mCACHE (0.0ms)[0m  [1mSELECT "places".* FROM "places" WHERE "places"."id" = $1 LIMIT 1[0m  [["id", 650]]
  [1m[35mCACHE (0.0ms)[0m  SELECT "places".* FROM "places" WHERE "places"."id" = 1131 LIMIT 1
  [1m[36mCACHE (0.0ms)[0m  [1mselect * from routes where startplace_id = 1131[0m
  [1m[35mCACHE (0.0ms)[0m  select * from routes where endplace_id = 1131
  [1m[36mCACHE (0.0ms)[0m  [1mSELECT "places".* FROM "places" WHERE "places"."id" = $1 LIMIT 1[0m  [["id", 1131]]
  [1m[35mCACHE (0.0ms)[0m  SELECT "places".* FROM "places" WHERE "places"."id" = $1 LIMIT 1  [["id", 1132]]
  [1m[36mCACHE (0.0ms)[0m  [1mSELECT "places".* FROM "places" WHERE "places"."id" = $1 LIMIT 1[0m  [["id", 1133]]
  [1m[35mCACHE (0.0ms)[0m  SELECT "places".* FROM "places" WHERE "places"."id" = 207 LIMIT 1
  [1m[36mCACHE (0.0ms)[0m  [1mselect * from routes where startplace_id = 207[0m
  [1m[35mCACHE (0.0ms)[0m  select * from routes where endplace_id = 207
  [1m[36mCACHE (0.0ms)[0m  [1mSELECT "places".* FROM "places" WHERE "places"."id" = $1 LIMIT 1[0m  [["id", 207]]
  [1m[35mCACHE (0.0ms)[0m  SELECT "places".* FROM "places" WHERE "places"."id" = $1 LIMIT 1  [["id", 650]]
  [1m[36mCACHE (0.0ms)[0m  [1mSELECT "places".* FROM "places" WHERE "places"."id" = $1 LIMIT 1[0m  [["id", 207]]
  [1m[35mCACHE (0.0ms)[0m  SELECT "places".* FROM "places" WHERE "places"."id" = $1 LIMIT 1  [["id", 1133]]
  [1m[36mCACHE (0.0ms)[0m  [1mSELECT "places".* FROM "places" WHERE "places"."id" = $1 LIMIT 1[0m  [["id", 1129]]
  [1m[35mPlace Load (0.5ms)[0m  SELECT "places".* FROM "places" WHERE "places"."id" = 1115 LIMIT 1
  [1m[36mRoute Load (0.3ms)[0m  [1mselect * from routes where startplace_id = 1115[0m
  [1m[35mRoute Load (0.3ms)[0m  select * from routes where endplace_id = 1115
  [1m[36mCACHE (0.0ms)[0m  [1mSELECT "places".* FROM "places" WHERE "places"."id" = $1 LIMIT 1[0m  [["id", 1115]]
  [1m[35mPlace Load (0.2ms)[0m  SELECT "places".* FROM "places" WHERE "places"."id" = $1 LIMIT 1  [["id", 343]]
  [1m[36mCACHE (0.0ms)[0m  [1mSELECT "places".* FROM "places" WHERE "places"."id" = $1 LIMIT 1[0m  [["id", 397]]
  [1m[35mCACHE (0.0ms)[0m  SELECT "places".* FROM "places" WHERE "places"."id" = 1122 LIMIT 1
  [1m[36mCACHE (0.0ms)[0m  [1mselect * from routes where startplace_id = 1122[0m
  [1m[35mCACHE (0.0ms)[0m  select * from routes where endplace_id = 1122
  [1m[36mCACHE (0.0ms)[0m  [1mSELECT "places".* FROM "places" WHERE "places"."id" = $1 LIMIT 1[0m  [["id", 1122]]
  [1m[35mCACHE (0.0ms)[0m  SELECT "places".* FROM "places" WHERE "places"."id" = $1 LIMIT 1  [["id", 975]]
  [1m[36mCACHE (0.0ms)[0m  [1mSELECT "places".* FROM "places" WHERE "places"."id" = $1 LIMIT 1[0m  [["id", 1121]]
  [1m[35mCACHE (0.0ms)[0m  SELECT "places".* FROM "places" WHERE "places"."id" = 769 LIMIT 1
  [1m[36mCACHE (0.0ms)[0m  [1mselect * from routes where startplace_id = 769[0m
  [1m[35mCACHE (0.0ms)[0m  select * from routes where endplace_id = 769
  [1m[36mCACHE (0.0ms)[0m  [1mSELECT "places".* FROM "places" WHERE "places"."id" = $1 LIMIT 1[0m  [["id", 769]]
  [1m[35mCACHE (0.0ms)[0m  SELECT "places".* FROM "places" WHERE "places"."id" = $1 LIMIT 1  [["id", 1125]]
  [1m[36mCACHE (0.0ms)[0m  [1mSELECT "places".* FROM "places" WHERE "places"."id" = $1 LIMIT 1[0m  [["id", 1126]]
  [1m[35mCACHE (0.0ms)[0m  SELECT "places".* FROM "places" WHERE "places"."id" = 769 LIMIT 1
  [1m[36mCACHE (0.0ms)[0m  [1mselect * from routes where startplace_id = 769[0m
  [1m[35mCACHE (0.0ms)[0m  select * from routes where endplace_id = 769
  [1m[36mCACHE (0.0ms)[0m  [1mSELECT "places".* FROM "places" WHERE "places"."id" = $1 LIMIT 1[0m  [["id", 769]]
  [1m[35mCACHE (0.0ms)[0m  SELECT "places".* FROM "places" WHERE "places"."id" = $1 LIMIT 1  [["id", 1125]]
  [1m[36mCACHE (0.0ms)[0m  [1mSELECT "places".* FROM "places" WHERE "places"."id" = $1 LIMIT 1[0m  [["id", 1126]]
  [1m[35mCACHE (0.0ms)[0m  SELECT "places".* FROM "places" WHERE "places"."id" = 769 LIMIT 1
  [1m[36mCACHE (0.0ms)[0m  [1mselect * from routes where startplace_id = 769[0m
  [1m[35mCACHE (0.0ms)[0m  select * from routes where endplace_id = 769
  [1m[36mCACHE (0.0ms)[0m  [1mSELECT "places".* FROM "places" WHERE "places"."id" = $1 LIMIT 1[0m  [["id", 769]]
  [1m[35mCACHE (0.0ms)[0m  SELECT "places".* FROM "places" WHERE "places"."id" = $1 LIMIT 1  [["id", 1125]]
  [1m[36mCACHE (0.0ms)[0m  [1mSELECT "places".* FROM "places" WHERE "places"."id" = $1 LIMIT 1[0m  [["id", 1126]]
  [1m[35mCACHE (0.0ms)[0m  SELECT "places".* FROM "places" WHERE "places"."id" = 1132 LIMIT 1
  [1m[36mCACHE (0.0ms)[0m  [1mselect * from routes where startplace_id = 1132[0m
  [1m[35mCACHE (0.0ms)[0m  select * from routes where endplace_id = 1132
  [1m[36mCACHE (0.0ms)[0m  [1mSELECT "places".* FROM "places" WHERE "places"."id" = $1 LIMIT 1[0m  [["id", 1131]]
  [1m[35mCACHE (0.0ms)[0m  SELECT "places".* FROM "places" WHERE "places"."id" = 650 LIMIT 1
  [1m[36mCACHE (0.0ms)[0m  [1mselect * from routes where startplace_id = 650[0m
  [1m[35mCACHE (0.0ms)[0m  select * from routes where endplace_id = 650
  [1m[36mCACHE (0.0ms)[0m  [1mSELECT "places".* FROM "places" WHERE "places"."id" = $1 LIMIT 1[0m  [["id", 650]]
  [1m[35mCACHE (0.0ms)[0m  SELECT "places".* FROM "places" WHERE "places"."id" = $1 LIMIT 1  [["id", 45]]
  [1m[36mCACHE (0.0ms)[0m  [1mSELECT "places".* FROM "places" WHERE "places"."id" = $1 LIMIT 1[0m  [["id", 207]]
  [1m[35mCACHE (0.0ms)[0m  SELECT "places".* FROM "places" WHERE "places"."id" = 1133 LIMIT 1
  [1m[36mCACHE (0.0ms)[0m  [1mselect * from routes where startplace_id = 1133[0m
  [1m[35mCACHE (0.0ms)[0m  select * from routes where endplace_id = 1133
  [1m[36mCACHE (0.0ms)[0m  [1mSELECT "places".* FROM "places" WHERE "places"."id" = $1 LIMIT 1[0m  [["id", 1133]]
  [1m[35mCACHE (0.0ms)[0m  SELECT "places".* FROM "places" WHERE "places"."id" = $1 LIMIT 1  [["id", 1131]]
  [1m[36mCACHE (0.0ms)[0m  [1mSELECT "places".* FROM "places" WHERE "places"."id" = $1 LIMIT 1[0m  [["id", 207]]
  [1m[35mPlace Load (0.4ms)[0m  SELECT "places".* FROM "places" WHERE "places"."id" = 343 LIMIT 1
  [1m[36mRoute Load (0.3ms)[0m  [1mselect * from routes where startplace_id = 343[0m
  [1m[35mRoute Load (0.3ms)[0m  select * from routes where endplace_id = 343
  [1m[36mCACHE (0.0ms)[0m  [1mSELECT "places".* FROM "places" WHERE "places"."id" = $1 LIMIT 1[0m  [["id", 343]]
  [1m[35mPlace Load (0.2ms)[0m  SELECT "places".* FROM "places" WHERE "places"."id" = $1 LIMIT 1  [["id", 1114]]
  [1m[36mCACHE (0.0ms)[0m  [1mSELECT "places".* FROM "places" WHERE "places"."id" = $1 LIMIT 1[0m  [["id", 1115]]
BNewroutes
419
{:place=>471, :route=>[-272, -239, -240, -228], :url=>"xrv-229xrv-228xrv-240xrv-239xrv-272"}
{:place=>976, :route=>[219, -22, -272, -239, -240, -228], :url=>"xrv-229xrv-228xrv-240xrv-239xrv-272xrv-22xrv219"}
{:place=>45, :route=>[231, 219, -22, -272, -239, -240, -228], :url=>"xrv-229xrv-228xrv-240xrv-239xrv-272xrv-22xrv219xrv231"}
{:place=>650, :route=>[233, 231, 219, -22, -272, -239, -240, -228], :url=>"xrv-229xrv-228xrv-240xrv-239xrv-272xrv-22xrv219xrv231xrv233"}
{:place=>207, :route=>[234, 233, 231, 219, -22, -272, -239, -240, -228], :url=>"xrv-229xrv-228xrv-240xrv-239xrv-272xrv-22xrv219xrv231xrv233xrv234"}
{:place=>258, :route=>[215, -216, -217, -218, -22, -272, -239, -240, -228], :url=>"xrv-229xrv-228xrv-240xrv-239xrv-272xrv-22xrv-218xrv-217xrv-216xrv215"}
{:place=>58, :route=>[-214, -216, -217, -218, -22, -272, -239, -240, -228], :url=>"xrv-229xrv-228xrv-240xrv-239xrv-272xrv-22xrv-218xrv-217xrv-216xrv-214"}
{:place=>271, :route=>[246, 245, 244, -217, -218, -22, -272, -239, -240, -228], :url=>"xrv-229xrv-228xrv-240xrv-239xrv-272xrv-22xrv-218xrv-217xrv244xrv245xrv246"}
{:place=>207, :route=>[-235, -238, -221, -21, -220, 219, -22, -272, -239, -240, -228], :url=>"xrv-229xrv-228xrv-240xrv-239xrv-272xrv-22xrv219xrv-220xrv-21xrv-221xrv-238xrv-235"}
{:place=>1125, :route=>[225, -222, -221, -21, -220, 219, -22, -272, -239, -240, -228], :url=>"xrv-229xrv-228xrv-240xrv-239xrv-272xrv-22xrv219xrv-220xrv-21xrv-221xrv-222xrv225"}
{:place=>528, :route=>[212, -213, -214, -216, -217, -218, -22, -272, -239, -240, -228], :url=>"xrv-229xrv-228xrv-240xrv-239xrv-272xrv-22xrv-218xrv-217xrv-216xrv-214xrv-213xrv212"}
{:place=>827, :route=>[-211, -213, -214, -216, -217, -218, -22, -272, -239, -240, -228], :url=>"xrv-229xrv-228xrv-240xrv-239xrv-272xrv-22xrv-218xrv-217xrv-216xrv-214xrv-213xrv-211"}
{:place=>1132, :route=>[-241, -242, -243, 234, 233, 231, 219, -22, -272, -239, -240, -228], :url=>"xrv-229xrv-228xrv-240xrv-239xrv-272xrv-22xrv219xrv231xrv233xrv234xrv-243xrv-242xrv-241"}
{:place=>650, :route=>[-234, -235, -238, -221, -21, -220, 219, -22, -272, -239, -240, -228], :url=>"xrv-229xrv-228xrv-240xrv-239xrv-272xrv-22xrv219xrv-220xrv-21xrv-221xrv-238xrv-235xrv-234"}
{:place=>769, :route=>[226, 225, -222, -221, -21, -220, 219, -22, -272, -239, -240, -228], :url=>"xrv-229xrv-228xrv-240xrv-239xrv-272xrv-22xrv219xrv-220xrv-21xrv-221xrv-222xrv225xrv226"}
{:place=>397, :route=>[-210, -211, -213, -214, -216, -217, -218, -22, -272, -239, -240, -228], :url=>"xrv-229xrv-228xrv-240xrv-239xrv-272xrv-22xrv-218xrv-217xrv-216xrv-214xrv-213xrv-211xrv-210"}
{:place=>1125, :route=>[225, 223, 237, 235, 234, 233, 231, 219, -22, -272, -239, -240, -228], :url=>"xrv-229xrv-228xrv-240xrv-239xrv-272xrv-22xrv219xrv231xrv233xrv234xrv235xrv237xrv223xrv225"}
{:place=>1125, :route=>[225, -222, 238, 235, 234, 233, 231, 219, -22, -272, -239, -240, -228], :url=>"xrv-229xrv-228xrv-240xrv-239xrv-272xrv-22xrv219xrv231xrv233xrv234xrv235xrv238xrv-222xrv225"}
{:place=>1125, :route=>[225, 223, 237, -238, -221, -21, -220, 219, -22, -272, -239, -240, -228], :url=>"xrv-229xrv-228xrv-240xrv-239xrv-272xrv-22xrv219xrv-220xrv-21xrv-221xrv-238xrv237xrv223xrv225"}
{:place=>45, :route=>[-233, -234, -235, -238, -221, -21, -220, 219, -22, -272, -239, -240, -228], :url=>"xrv-229xrv-228xrv-240xrv-239xrv-272xrv-22xrv219xrv-220xrv-21xrv-221xrv-238xrv-235xrv-234xrv-233"}
{:place=>207, :route=>[-235, -237, -223, -222, -221, -21, -220, 219, -22, -272, -239, -240, -228], :url=>"xrv-229xrv-228xrv-240xrv-239xrv-272xrv-22xrv219xrv-220xrv-21xrv-221xrv-222xrv-223xrv-237xrv-235"}
{:place=>769, :route=>[226, 225, 223, 237, 235, 234, 233, 231, 219, -22, -272, -239, -240, -228], :url=>"xrv-229xrv-228xrv-240xrv-239xrv-272xrv-22xrv219xrv231xrv233xrv234xrv235xrv237xrv223xrv225xrv226"}
{:place=>1121, :route=>[21, 221, 238, 235, 234, 233, 231, 219, -22, -272, -239, -240, -228], :url=>"xrv-229xrv-228xrv-240xrv-239xrv-272xrv-22xrv219xrv231xrv233xrv234xrv235xrv238xrv221xrv21"}
{:place=>769, :route=>[226, 225, -222, 238, 235, 234, 233, 231, 219, -22, -272, -239, -240, -228], :url=>"xrv-229xrv-228xrv-240xrv-239xrv-272xrv-22xrv219xrv231xrv233xrv234xrv235xrv238xrv-222xrv225xrv226"}
{:place=>1124, :route=>[-223, -222, 238, 235, 234, 233, 231, 219, -22, -272, -239, -240, -228], :url=>"xrv-229xrv-228xrv-240xrv-239xrv-272xrv-22xrv219xrv231xrv233xrv234xrv235xrv238xrv-222xrv-223"}
{:place=>769, :route=>[226, 225, 223, 237, -238, -221, -21, -220, 219, -22, -272, -239, -240, -228], :url=>"xrv-229xrv-228xrv-240xrv-239xrv-272xrv-22xrv219xrv-220xrv-21xrv-221xrv-238xrv237xrv223xrv225xrv226"}
{:place=>1132, :route=>[-241, -242, -243, -235, -238, -221, -21, -220, 219, -22, -272, -239, -240, -228], :url=>"xrv-229xrv-228xrv-240xrv-239xrv-272xrv-22xrv219xrv-220xrv-21xrv-221xrv-238xrv-235xrv-243xrv-242xrv-241"}
{:place=>650, :route=>[-234, -235, -237, -223, -222, -221, -21, -220, 219, -22, -272, -239, -240, -228], :url=>"xrv-229xrv-228xrv-240xrv-239xrv-272xrv-22xrv219xrv-220xrv-21xrv-221xrv-222xrv-223xrv-237xrv-235xrv-234"}
{:place=>343, :route=>[-208, -209, -210, -211, -213, -214, -216, -217, -218, -22, -272, -239, -240, -228], :url=>"xrv-229xrv-228xrv-240xrv-239xrv-272xrv-22xrv-218xrv-217xrv-216xrv-214xrv-213xrv-211xrv-210xrv-209xrv-208"}
{:place=>45, :route=>[-233, -234, -235, -237, -223, -222, -221, -21, -220, 219, -22, -272, -239, -240, -228], :url=>"xrv-229xrv-228xrv-240xrv-239xrv-272xrv-22xrv219xrv-220xrv-21xrv-221xrv-222xrv-223xrv-237xrv-235xrv-234xrv-233"}
{:place=>1114, :route=>[-207, -208, -209, -210, -211, -213, -214, -216, -217, -218, -22, -272, -239, -240, -228], :url=>"xrv-229xrv-228xrv-240xrv-239xrv-272xrv-22xrv-218xrv-217xrv-216xrv-214xrv-213xrv-211xrv-210xrv-209xrv-208xrv-207"}
  [1m[35mCACHE (0.0ms)[0m  SELECT "places".* FROM "places" WHERE "places"."id" = 471 LIMIT 1
  [1m[36m (1.3ms)[0m  [1mSELECT COUNT(*) FROM "route_indices" WHERE (url = 'xrv-229xrv-228xrv-240xrv-239xrv-272')[0m
  [1m[35mPlaceType Load (0.2ms)[0m  select * from place_types where name='Hut'
  [1m[36mSQL (0.6ms)[0m  [1mINSERT INTO "route_indices" ("created_at", "endplace_id", "isDest", "startplace_id", "updated_at", "url") VALUES ($1, $2, $3, $4, $5, $6) RETURNING "id"[0m  [["created_at", Mon, 27 Oct 2014 10:08:19 NZDT +13:00], ["endplace_id", 471], ["isDest", true], ["startplace_id", 419], ["updated_at", Mon, 27 Oct 2014 10:08:19 NZDT +13:00], ["url", "xrv-229xrv-228xrv-240xrv-239xrv-272"]]
  [1m[35mPlace Load (0.3ms)[0m  SELECT "places".* FROM "places" WHERE "places"."id" = 976 LIMIT 1
  [1m[36m (1.2ms)[0m  [1mSELECT COUNT(*) FROM "route_indices" WHERE (url = 'xrv-229xrv-228xrv-240xrv-239xrv-272xrv-22xrv219')[0m
  [1m[35mPlaceType Load (0.2ms)[0m  select * from place_types where name='Summit'
  [1m[36mSQL (0.4ms)[0m  [1mINSERT INTO "route_indices" ("created_at", "endplace_id", "isDest", "startplace_id", "updated_at", "url") VALUES ($1, $2, $3, $4, $5, $6) RETURNING "id"[0m  [["created_at", Mon, 27 Oct 2014 10:08:19 NZDT +13:00], ["endplace_id", 976], ["isDest", true], ["startplace_id", 419], ["updated_at", Mon, 27 Oct 2014 10:08:19 NZDT +13:00], ["url", "xrv-229xrv-228xrv-240xrv-239xrv-272xrv-22xrv219"]]
  [1m[35mPlace Load (0.4ms)[0m  SELECT "places".* FROM "places" WHERE "places"."id" = 45 LIMIT 1
  [1m[36m (1.2ms)[0m  [1mSELECT COUNT(*) FROM "route_indices" WHERE (url = 'xrv-229xrv-228xrv-240xrv-239xrv-272xrv-22xrv219xrv231')[0m
  [1m[35mPlaceType Load (0.2ms)[0m  select * from place_types where name='Hut'
  [1m[36mSQL (0.4ms)[0m  [1mINSERT INTO "route_indices" ("created_at", "endplace_id", "isDest", "startplace_id", "updated_at", "url") VALUES ($1, $2, $3, $4, $5, $6) RETURNING "id"[0m  [["created_at", Mon, 27 Oct 2014 10:08:19 NZDT +13:00], ["endplace_id", 45], ["isDest", true], ["startplace_id", 419], ["updated_at", Mon, 27 Oct 2014 10:08:19 NZDT +13:00], ["url", "xrv-229xrv-228xrv-240xrv-239xrv-272xrv-22xrv219xrv231"]]
  [1m[35mPlace Load (0.3ms)[0m  SELECT "places".* FROM "places" WHERE "places"."id" = 650 LIMIT 1
  [1m[36m (1.2ms)[0m  [1mSELECT COUNT(*) FROM "route_indices" WHERE (url = 'xrv-229xrv-228xrv-240xrv-239xrv-272xrv-22xrv219xrv231xrv233')[0m
  [1m[35mPlaceType Load (0.2ms)[0m  select * from place_types where name='Hut'
  [1m[36mSQL (0.4ms)[0m  [1mINSERT INTO "route_indices" ("created_at", "endplace_id", "isDest", "startplace_id", "updated_at", "url") VALUES ($1, $2, $3, $4, $5, $6) RETURNING "id"[0m  [["created_at", Mon, 27 Oct 2014 10:08:19 NZDT +13:00], ["endplace_id", 650], ["isDest", true], ["startplace_id", 419], ["updated_at", Mon, 27 Oct 2014 10:08:19 NZDT +13:00], ["url", "xrv-229xrv-228xrv-240xrv-239xrv-272xrv-22xrv219xrv231xrv233"]]
  [1m[35mPlace Load (0.3ms)[0m  SELECT "places".* FROM "places" WHERE "places"."id" = 207 LIMIT 1
  [1m[36m (1.1ms)[0m  [1mSELECT COUNT(*) FROM "route_indices" WHERE (url = 'xrv-229xrv-228xrv-240xrv-239xrv-272xrv-22xrv219xrv231xrv233xrv234')[0m
  [1m[35mPlaceType Load (0.2ms)[0m  select * from place_types where name='Hut'
  [1m[36mSQL (0.4ms)[0m  [1mINSERT INTO "route_indices" ("created_at", "endplace_id", "isDest", "startplace_id", "updated_at", "url") VALUES ($1, $2, $3, $4, $5, $6) RETURNING "id"[0m  [["created_at", Mon, 27 Oct 2014 10:08:19 NZDT +13:00], ["endplace_id", 207], ["isDest", true], ["startplace_id", 419], ["updated_at", Mon, 27 Oct 2014 10:08:19 NZDT +13:00], ["url", "xrv-229xrv-228xrv-240xrv-239xrv-272xrv-22xrv219xrv231xrv233xrv234"]]
  [1m[35mPlace Load (0.3ms)[0m  SELECT "places".* FROM "places" WHERE "places"."id" = 258 LIMIT 1
  [1m[36m (1.1ms)[0m  [1mSELECT COUNT(*) FROM "route_indices" WHERE (url = 'xrv-229xrv-228xrv-240xrv-239xrv-272xrv-22xrv-218xrv-217xrv-216xrv215')[0m
  [1m[35mPlaceType Load (0.2ms)[0m  select * from place_types where name='Hut'
  [1m[36mSQL (0.4ms)[0m  [1mINSERT INTO "route_indices" ("created_at", "endplace_id", "isDest", "startplace_id", "updated_at", "url") VALUES ($1, $2, $3, $4, $5, $6) RETURNING "id"[0m  [["created_at", Mon, 27 Oct 2014 10:08:19 NZDT +13:00], ["endplace_id", 258], ["isDest", true], ["startplace_id", 419], ["updated_at", Mon, 27 Oct 2014 10:08:19 NZDT +13:00], ["url", "xrv-229xrv-228xrv-240xrv-239xrv-272xrv-22xrv-218xrv-217xrv-216xrv215"]]
  [1m[35mPlace Load (0.3ms)[0m  SELECT "places".* FROM "places" WHERE "places"."id" = 58 LIMIT 1
  [1m[36m (1.1ms)[0m  [1mSELECT COUNT(*) FROM "route_indices" WHERE (url = 'xrv-229xrv-228xrv-240xrv-239xrv-272xrv-22xrv-218xrv-217xrv-216xrv-214')[0m
  [1m[35mPlaceType Load (0.2ms)[0m  select * from place_types where name='Hut'
  [1m[36mSQL (0.4ms)[0m  [1mINSERT INTO "route_indices" ("created_at", "endplace_id", "isDest", "startplace_id", "updated_at", "url") VALUES ($1, $2, $3, $4, $5, $6) RETURNING "id"[0m  [["created_at", Mon, 27 Oct 2014 10:08:19 NZDT +13:00], ["endplace_id", 58], ["isDest", true], ["startplace_id", 419], ["updated_at", Mon, 27 Oct 2014 10:08:19 NZDT +13:00], ["url", "xrv-229xrv-228xrv-240xrv-239xrv-272xrv-22xrv-218xrv-217xrv-216xrv-214"]]
  [1m[35mPlace Load (0.3ms)[0m  SELECT "places".* FROM "places" WHERE "places"."id" = 271 LIMIT 1
  [1m[36m (1.1ms)[0m  [1mSELECT COUNT(*) FROM "route_indices" WHERE (url = 'xrv-229xrv-228xrv-240xrv-239xrv-272xrv-22xrv-218xrv-217xrv244xrv245xrv246')[0m
  [1m[35mPlaceType Load (0.2ms)[0m  select * from place_types where name='Hut'
  [1m[36mSQL (0.4ms)[0m  [1mINSERT INTO "route_indices" ("created_at", "endplace_id", "isDest", "startplace_id", "updated_at", "url") VALUES ($1, $2, $3, $4, $5, $6) RETURNING "id"[0m  [["created_at", Mon, 27 Oct 2014 10:08:19 NZDT +13:00], ["endplace_id", 271], ["isDest", true], ["startplace_id", 419], ["updated_at", Mon, 27 Oct 2014 10:08:19 NZDT +13:00], ["url", "xrv-229xrv-228xrv-240xrv-239xrv-272xrv-22xrv-218xrv-217xrv244xrv245xrv246"]]
  [1m[35mPlace Load (0.3ms)[0m  SELECT "places".* FROM "places" WHERE "places"."id" = 207 LIMIT 1
  [1m[36m (1.2ms)[0m  [1mSELECT COUNT(*) FROM "route_indices" WHERE (url = 'xrv-229xrv-228xrv-240xrv-239xrv-272xrv-22xrv219xrv-220xrv-21xrv-221xrv-238xrv-235')[0m
  [1m[35mPlaceType Load (0.2ms)[0m  select * from place_types where name='Hut'
  [1m[36mSQL (0.4ms)[0m  [1mINSERT INTO "route_indices" ("created_at", "endplace_id", "isDest", "startplace_id", "updated_at", "url") VALUES ($1, $2, $3, $4, $5, $6) RETURNING "id"[0m  [["created_at", Mon, 27 Oct 2014 10:08:19 NZDT +13:00], ["endplace_id", 207], ["isDest", true], ["startplace_id", 419], ["updated_at", Mon, 27 Oct 2014 10:08:19 NZDT +13:00], ["url", "xrv-229xrv-228xrv-240xrv-239xrv-272xrv-22xrv219xrv-220xrv-21xrv-221xrv-238xrv-235"]]
  [1m[35mPlace Load (0.3ms)[0m  SELECT "places".* FROM "places" WHERE "places"."id" = 1125 LIMIT 1
  [1m[36m (1.1ms)[0m  [1mSELECT COUNT(*) FROM "route_indices" WHERE (url = 'xrv-229xrv-228xrv-240xrv-239xrv-272xrv-22xrv219xrv-220xrv-21xrv-221xrv-222xrv225')[0m
  [1m[35mPlaceType Load (0.2ms)[0m  select * from place_types where name='Campsite'
  [1m[36mSQL (0.4ms)[0m  [1mINSERT INTO "route_indices" ("created_at", "endplace_id", "isDest", "startplace_id", "updated_at", "url") VALUES ($1, $2, $3, $4, $5, $6) RETURNING "id"[0m  [["created_at", Mon, 27 Oct 2014 10:08:19 NZDT +13:00], ["endplace_id", 1125], ["isDest", true], ["startplace_id", 419], ["updated_at", Mon, 27 Oct 2014 10:08:19 NZDT +13:00], ["url", "xrv-229xrv-228xrv-240xrv-239xrv-272xrv-22xrv219xrv-220xrv-21xrv-221xrv-222xrv225"]]
  [1m[35mPlace Load (0.3ms)[0m  SELECT "places".* FROM "places" WHERE "places"."id" = 528 LIMIT 1
  [1m[36m (1.1ms)[0m  [1mSELECT COUNT(*) FROM "route_indices" WHERE (url = 'xrv-229xrv-228xrv-240xrv-239xrv-272xrv-22xrv-218xrv-217xrv-216xrv-214xrv-213xrv212')[0m
  [1m[35mPlaceType Load (0.2ms)[0m  select * from place_types where name='Hut'
  [1m[36mSQL (0.4ms)[0m  [1mINSERT INTO "route_indices" ("created_at", "endplace_id", "isDest", "startplace_id", "updated_at", "url") VALUES ($1, $2, $3, $4, $5, $6) RETURNING "id"[0m  [["created_at", Mon, 27 Oct 2014 10:08:19 NZDT +13:00], ["endplace_id", 528], ["isDest", true], ["startplace_id", 419], ["updated_at", Mon, 27 Oct 2014 10:08:19 NZDT +13:00], ["url", "xrv-229xrv-228xrv-240xrv-239xrv-272xrv-22xrv-218xrv-217xrv-216xrv-214xrv-213xrv212"]]
  [1m[35mPlace Load (0.3ms)[0m  SELECT "places".* FROM "places" WHERE "places"."id" = 827 LIMIT 1
  [1m[36m (1.1ms)[0m  [1mSELECT COUNT(*) FROM "route_indices" WHERE (url = 'xrv-229xrv-228xrv-240xrv-239xrv-272xrv-22xrv-218xrv-217xrv-216xrv-214xrv-213xrv-211')[0m
  [1m[35mPlaceType Load (0.2ms)[0m  select * from place_types where name='Hut'
  [1m[36mSQL (0.4ms)[0m  [1mINSERT INTO "route_indices" ("created_at", "endplace_id", "isDest", "startplace_id", "updated_at", "url") VALUES ($1, $2, $3, $4, $5, $6) RETURNING "id"[0m  [["created_at", Mon, 27 Oct 2014 10:08:19 NZDT +13:00], ["endplace_id", 827], ["isDest", true], ["startplace_id", 419], ["updated_at", Mon, 27 Oct 2014 10:08:19 NZDT +13:00], ["url", "xrv-229xrv-228xrv-240xrv-239xrv-272xrv-22xrv-218xrv-217xrv-216xrv-214xrv-213xrv-211"]]
  [1m[35mPlace Load (0.3ms)[0m  SELECT "places".* FROM "places" WHERE "places"."id" = 1132 LIMIT 1
  [1m[36m (1.2ms)[0m  [1mSELECT COUNT(*) FROM "route_indices" WHERE (url = 'xrv-229xrv-228xrv-240xrv-239xrv-272xrv-22xrv219xrv231xrv233xrv234xrv-243xrv-242xrv-241')[0m
  [1m[35mPlaceType Load (0.2ms)[0m  select * from place_types where name='Campsite'
  [1m[36mSQL (0.4ms)[0m  [1mINSERT INTO "route_indices" ("created_at", "endplace_id", "isDest", "startplace_id", "updated_at", "url") VALUES ($1, $2, $3, $4, $5, $6) RETURNING "id"[0m  [["created_at", Mon, 27 Oct 2014 10:08:19 NZDT +13:00], ["endplace_id", 1132], ["isDest", true], ["startplace_id", 419], ["updated_at", Mon, 27 Oct 2014 10:08:19 NZDT +13:00], ["url", "xrv-229xrv-228xrv-240xrv-239xrv-272xrv-22xrv219xrv231xrv233xrv234xrv-243xrv-242xrv-241"]]
  [1m[35mPlace Load (0.3ms)[0m  SELECT "places".* FROM "places" WHERE "places"."id" = 650 LIMIT 1
  [1m[36m (1.1ms)[0m  [1mSELECT COUNT(*) FROM "route_indices" WHERE (url = 'xrv-229xrv-228xrv-240xrv-239xrv-272xrv-22xrv219xrv-220xrv-21xrv-221xrv-238xrv-235xrv-234')[0m
  [1m[35mPlaceType Load (0.2ms)[0m  select * from place_types where name='Hut'
  [1m[36mSQL (0.4ms)[0m  [1mINSERT INTO "route_indices" ("created_at", "endplace_id", "isDest", "startplace_id", "updated_at", "url") VALUES ($1, $2, $3, $4, $5, $6) RETURNING "id"[0m  [["created_at", Mon, 27 Oct 2014 10:08:19 NZDT +13:00], ["endplace_id", 650], ["isDest", true], ["startplace_id", 419], ["updated_at", Mon, 27 Oct 2014 10:08:19 NZDT +13:00], ["url", "xrv-229xrv-228xrv-240xrv-239xrv-272xrv-22xrv219xrv-220xrv-21xrv-221xrv-238xrv-235xrv-234"]]
  [1m[35mPlace Load (0.3ms)[0m  SELECT "places".* FROM "places" WHERE "places"."id" = 769 LIMIT 1
  [1m[36m (1.1ms)[0m  [1mSELECT COUNT(*) FROM "route_indices" WHERE (url = 'xrv-229xrv-228xrv-240xrv-239xrv-272xrv-22xrv219xrv-220xrv-21xrv-221xrv-222xrv225xrv226')[0m
  [1m[35mPlaceType Load (0.2ms)[0m  select * from place_types where name='Hut'
  [1m[36mSQL (0.4ms)[0m  [1mINSERT INTO "route_indices" ("created_at", "endplace_id", "isDest", "startplace_id", "updated_at", "url") VALUES ($1, $2, $3, $4, $5, $6) RETURNING "id"[0m  [["created_at", Mon, 27 Oct 2014 10:08:19 NZDT +13:00], ["endplace_id", 769], ["isDest", true], ["startplace_id", 419], ["updated_at", Mon, 27 Oct 2014 10:08:19 NZDT +13:00], ["url", "xrv-229xrv-228xrv-240xrv-239xrv-272xrv-22xrv219xrv-220xrv-21xrv-221xrv-222xrv225xrv226"]]
  [1m[35mPlace Load (0.3ms)[0m  SELECT "places".* FROM "places" WHERE "places"."id" = 397 LIMIT 1
  [1m[36m (1.1ms)[0m  [1mSELECT COUNT(*) FROM "route_indices" WHERE (url = 'xrv-229xrv-228xrv-240xrv-239xrv-272xrv-22xrv-218xrv-217xrv-216xrv-214xrv-213xrv-211xrv-210')[0m
  [1m[35mPlaceType Load (0.2ms)[0m  select * from place_types where name='Hut'
  [1m[36mSQL (0.4ms)[0m  [1mINSERT INTO "route_indices" ("created_at", "endplace_id", "isDest", "startplace_id", "updated_at", "url") VALUES ($1, $2, $3, $4, $5, $6) RETURNING "id"[0m  [["created_at", Mon, 27 Oct 2014 10:08:19 NZDT +13:00], ["endplace_id", 397], ["isDest", true], ["startplace_id", 419], ["updated_at", Mon, 27 Oct 2014 10:08:19 NZDT +13:00], ["url", "xrv-229xrv-228xrv-240xrv-239xrv-272xrv-22xrv-218xrv-217xrv-216xrv-214xrv-213xrv-211xrv-210"]]
  [1m[35mPlace Load (0.3ms)[0m  SELECT "places".* FROM "places" WHERE "places"."id" = 1125 LIMIT 1
  [1m[36m (1.1ms)[0m  [1mSELECT COUNT(*) FROM "route_indices" WHERE (url = 'xrv-229xrv-228xrv-240xrv-239xrv-272xrv-22xrv219xrv231xrv233xrv234xrv235xrv237xrv223xrv225')[0m
  [1m[35mPlaceType Load (0.2ms)[0m  select * from place_types where name='Campsite'
  [1m[36mSQL (0.4ms)[0m  [1mINSERT INTO "route_indices" ("created_at", "endplace_id", "isDest", "startplace_id", "updated_at", "url") VALUES ($1, $2, $3, $4, $5, $6) RETURNING "id"[0m  [["created_at", Mon, 27 Oct 2014 10:08:19 NZDT +13:00], ["endplace_id", 1125], ["isDest", true], ["startplace_id", 419], ["updated_at", Mon, 27 Oct 2014 10:08:19 NZDT +13:00], ["url", "xrv-229xrv-228xrv-240xrv-239xrv-272xrv-22xrv219xrv231xrv233xrv234xrv235xrv237xrv223xrv225"]]
  [1m[35mPlace Load (0.3ms)[0m  SELECT "places".* FROM "places" WHERE "places"."id" = 1125 LIMIT 1
  [1m[36m (1.2ms)[0m  [1mSELECT COUNT(*) FROM "route_indices" WHERE (url = 'xrv-229xrv-228xrv-240xrv-239xrv-272xrv-22xrv219xrv231xrv233xrv234xrv235xrv238xrv-222xrv225')[0m
  [1m[35mPlaceType Load (0.2ms)[0m  select * from place_types where name='Campsite'
  [1m[36mSQL (0.5ms)[0m  [1mINSERT INTO "route_indices" ("created_at", "endplace_id", "isDest", "startplace_id", "updated_at", "url") VALUES ($1, $2, $3, $4, $5, $6) RETURNING "id"[0m  [["created_at", Mon, 27 Oct 2014 10:08:19 NZDT +13:00], ["endplace_id", 1125], ["isDest", true], ["startplace_id", 419], ["updated_at", Mon, 27 Oct 2014 10:08:19 NZDT +13:00], ["url", "xrv-229xrv-228xrv-240xrv-239xrv-272xrv-22xrv219xrv231xrv233xrv234xrv235xrv238xrv-222xrv225"]]
  [1m[35mPlace Load (0.3ms)[0m  SELECT "places".* FROM "places" WHERE "places"."id" = 1125 LIMIT 1
  [1m[36m (1.2ms)[0m  [1mSELECT COUNT(*) FROM "route_indices" WHERE (url = 'xrv-229xrv-228xrv-240xrv-239xrv-272xrv-22xrv219xrv-220xrv-21xrv-221xrv-238xrv237xrv223xrv225')[0m
  [1m[35mPlaceType Load (0.2ms)[0m  select * from place_types where name='Campsite'
  [1m[36mSQL (0.4ms)[0m  [1mINSERT INTO "route_indices" ("created_at", "endplace_id", "isDest", "startplace_id", "updated_at", "url") VALUES ($1, $2, $3, $4, $5, $6) RETURNING "id"[0m  [["created_at", Mon, 27 Oct 2014 10:08:19 NZDT +13:00], ["endplace_id", 1125], ["isDest", true], ["startplace_id", 419], ["updated_at", Mon, 27 Oct 2014 10:08:19 NZDT +13:00], ["url", "xrv-229xrv-228xrv-240xrv-239xrv-272xrv-22xrv219xrv-220xrv-21xrv-221xrv-238xrv237xrv223xrv225"]]
  [1m[35mPlace Load (0.3ms)[0m  SELECT "places".* FROM "places" WHERE "places"."id" = 45 LIMIT 1
  [1m[36m (1.2ms)[0m  [1mSELECT COUNT(*) FROM "route_indices" WHERE (url = 'xrv-229xrv-228xrv-240xrv-239xrv-272xrv-22xrv219xrv-220xrv-21xrv-221xrv-238xrv-235xrv-234xrv-233')[0m
  [1m[35mPlaceType Load (0.2ms)[0m  select * from place_types where name='Hut'
  [1m[36mSQL (0.4ms)[0m  [1mINSERT INTO "route_indices" ("created_at", "endplace_id", "isDest", "startplace_id", "updated_at", "url") VALUES ($1, $2, $3, $4, $5, $6) RETURNING "id"[0m  [["created_at", Mon, 27 Oct 2014 10:08:19 NZDT +13:00], ["endplace_id", 45], ["isDest", true], ["startplace_id", 419], ["updated_at", Mon, 27 Oct 2014 10:08:19 NZDT +13:00], ["url", "xrv-229xrv-228xrv-240xrv-239xrv-272xrv-22xrv219xrv-220xrv-21xrv-221xrv-238xrv-235xrv-234xrv-233"]]
  [1m[35mPlace Load (0.3ms)[0m  SELECT "places".* FROM "places" WHERE "places"."id" = 207 LIMIT 1
  [1m[36m (1.1ms)[0m  [1mSELECT COUNT(*) FROM "route_indices" WHERE (url = 'xrv-229xrv-228xrv-240xrv-239xrv-272xrv-22xrv219xrv-220xrv-21xrv-221xrv-222xrv-223xrv-237xrv-235')[0m
  [1m[35mPlaceType Load (0.2ms)[0m  select * from place_types where name='Hut'
  [1m[36mSQL (0.4ms)[0m  [1mINSERT INTO "route_indices" ("created_at", "endplace_id", "isDest", "startplace_id", "updated_at", "url") VALUES ($1, $2, $3, $4, $5, $6) RETURNING "id"[0m  [["created_at", Mon, 27 Oct 2014 10:08:19 NZDT +13:00], ["endplace_id", 207], ["isDest", true], ["startplace_id", 419], ["updated_at", Mon, 27 Oct 2014 10:08:19 NZDT +13:00], ["url", "xrv-229xrv-228xrv-240xrv-239xrv-272xrv-22xrv219xrv-220xrv-21xrv-221xrv-222xrv-223xrv-237xrv-235"]]
  [1m[35mPlace Load (0.3ms)[0m  SELECT "places".* FROM "places" WHERE "places"."id" = 769 LIMIT 1
  [1m[36m (1.2ms)[0m  [1mSELECT COUNT(*) FROM "route_indices" WHERE (url = 'xrv-229xrv-228xrv-240xrv-239xrv-272xrv-22xrv219xrv231xrv233xrv234xrv235xrv237xrv223xrv225xrv226')[0m
  [1m[35mPlaceType Load (0.2ms)[0m  select * from place_types where name='Hut'
  [1m[36mSQL (0.4ms)[0m  [1mINSERT INTO "route_indices" ("created_at", "endplace_id", "isDest", "startplace_id", "updated_at", "url") VALUES ($1, $2, $3, $4, $5, $6) RETURNING "id"[0m  [["created_at", Mon, 27 Oct 2014 10:08:19 NZDT +13:00], ["endplace_id", 769], ["isDest", true], ["startplace_id", 419], ["updated_at", Mon, 27 Oct 2014 10:08:19 NZDT +13:00], ["url", "xrv-229xrv-228xrv-240xrv-239xrv-272xrv-22xrv219xrv231xrv233xrv234xrv235xrv237xrv223xrv225xrv226"]]
  [1m[35mPlace Load (0.3ms)[0m  SELECT "places".* FROM "places" WHERE "places"."id" = 1121 LIMIT 1
  [1m[36m (1.2ms)[0m  [1mSELECT COUNT(*) FROM "route_indices" WHERE (url = 'xrv-229xrv-228xrv-240xrv-239xrv-272xrv-22xrv219xrv231xrv233xrv234xrv235xrv238xrv221xrv21')[0m
  [1m[35mPlaceType Load (0.2ms)[0m  select * from place_types where name='Junction'
  [1m[36mSQL (0.4ms)[0m  [1mINSERT INTO "route_indices" ("created_at", "endplace_id", "isDest", "startplace_id", "updated_at", "url") VALUES ($1, $2, $3, $4, $5, $6) RETURNING "id"[0m  [["created_at", Mon, 27 Oct 2014 10:08:19 NZDT +13:00], ["endplace_id", 1121], ["isDest", false], ["startplace_id", 419], ["updated_at", Mon, 27 Oct 2014 10:08:19 NZDT +13:00], ["url", "xrv-229xrv-228xrv-240xrv-239xrv-272xrv-22xrv219xrv231xrv233xrv234xrv235xrv238xrv221xrv21"]]
  [1m[35mPlace Load (0.3ms)[0m  SELECT "places".* FROM "places" WHERE "places"."id" = 769 LIMIT 1
  [1m[36m (1.1ms)[0m  [1mSELECT COUNT(*) FROM "route_indices" WHERE (url = 'xrv-229xrv-228xrv-240xrv-239xrv-272xrv-22xrv219xrv231xrv233xrv234xrv235xrv238xrv-222xrv225xrv226')[0m
  [1m[35mPlaceType Load (0.2ms)[0m  select * from place_types where name='Hut'
  [1m[36mSQL (0.4ms)[0m  [1mINSERT INTO "route_indices" ("created_at", "endplace_id", "isDest", "startplace_id", "updated_at", "url") VALUES ($1, $2, $3, $4, $5, $6) RETURNING "id"[0m  [["created_at", Mon, 27 Oct 2014 10:08:19 NZDT +13:00], ["endplace_id", 769], ["isDest", true], ["startplace_id", 419], ["updated_at", Mon, 27 Oct 2014 10:08:19 NZDT +13:00], ["url", "xrv-229xrv-228xrv-240xrv-239xrv-272xrv-22xrv219xrv231xrv233xrv234xrv235xrv238xrv-222xrv225xrv226"]]
  [1m[35mPlace Load (0.3ms)[0m  SELECT "places".* FROM "places" WHERE "places"."id" = 1124 LIMIT 1
  [1m[36m (1.2ms)[0m  [1mSELECT COUNT(*) FROM "route_indices" WHERE (url = 'xrv-229xrv-228xrv-240xrv-239xrv-272xrv-22xrv219xrv231xrv233xrv234xrv235xrv238xrv-222xrv-223')[0m
  [1m[35mPlaceType Load (0.2ms)[0m  select * from place_types where name='Junction'
  [1m[36mSQL (0.4ms)[0m  [1mINSERT INTO "route_indices" ("created_at", "endplace_id", "isDest", "startplace_id", "updated_at", "url") VALUES ($1, $2, $3, $4, $5, $6) RETURNING "id"[0m  [["created_at", Mon, 27 Oct 2014 10:08:19 NZDT +13:00], ["endplace_id", 1124], ["isDest", false], ["startplace_id", 419], ["updated_at", Mon, 27 Oct 2014 10:08:19 NZDT +13:00], ["url", "xrv-229xrv-228xrv-240xrv-239xrv-272xrv-22xrv219xrv231xrv233xrv234xrv235xrv238xrv-222xrv-223"]]
  [1m[35mPlace Load (0.3ms)[0m  SELECT "places".* FROM "places" WHERE "places"."id" = 769 LIMIT 1
  [1m[36m (1.2ms)[0m  [1mSELECT COUNT(*) FROM "route_indices" WHERE (url = 'xrv-229xrv-228xrv-240xrv-239xrv-272xrv-22xrv219xrv-220xrv-21xrv-221xrv-238xrv237xrv223xrv225xrv226')[0m
  [1m[35mPlaceType Load (0.2ms)[0m  select * from place_types where name='Hut'
  [1m[36mSQL (0.4ms)[0m  [1mINSERT INTO "route_indices" ("created_at", "endplace_id", "isDest", "startplace_id", "updated_at", "url") VALUES ($1, $2, $3, $4, $5, $6) RETURNING "id"[0m  [["created_at", Mon, 27 Oct 2014 10:08:19 NZDT +13:00], ["endplace_id", 769], ["isDest", true], ["startplace_id", 419], ["updated_at", Mon, 27 Oct 2014 10:08:19 NZDT +13:00], ["url", "xrv-229xrv-228xrv-240xrv-239xrv-272xrv-22xrv219xrv-220xrv-21xrv-221xrv-238xrv237xrv223xrv225xrv226"]]
  [1m[35mPlace Load (0.3ms)[0m  SELECT "places".* FROM "places" WHERE "places"."id" = 1132 LIMIT 1
  [1m[36m (1.1ms)[0m  [1mSELECT COUNT(*) FROM "route_indices" WHERE (url = 'xrv-229xrv-228xrv-240xrv-239xrv-272xrv-22xrv219xrv-220xrv-21xrv-221xrv-238xrv-235xrv-243xrv-242xrv-241')[0m
  [1m[35mPlaceType Load (0.2ms)[0m  select * from place_types where name='Campsite'
  [1m[36mSQL (0.4ms)[0m  [1mINSERT INTO "route_indices" ("created_at", "endplace_id", "isDest", "startplace_id", "updated_at", "url") VALUES ($1, $2, $3, $4, $5, $6) RETURNING "id"[0m  [["created_at", Mon, 27 Oct 2014 10:08:19 NZDT +13:00], ["endplace_id", 1132], ["isDest", true], ["startplace_id", 419], ["updated_at", Mon, 27 Oct 2014 10:08:19 NZDT +13:00], ["url", "xrv-229xrv-228xrv-240xrv-239xrv-272xrv-22xrv219xrv-220xrv-21xrv-221xrv-238xrv-235xrv-243xrv-242xrv-241"]]
  [1m[35mPlace Load (0.3ms)[0m  SELECT "places".* FROM "places" WHERE "places"."id" = 650 LIMIT 1
  [1m[36m (1.1ms)[0m  [1mSELECT COUNT(*) FROM "route_indices" WHERE (url = 'xrv-229xrv-228xrv-240xrv-239xrv-272xrv-22xrv219xrv-220xrv-21xrv-221xrv-222xrv-223xrv-237xrv-235xrv-234')[0m
  [1m[35mPlaceType Load (0.2ms)[0m  select * from place_types where name='Hut'
  [1m[36mSQL (0.4ms)[0m  [1mINSERT INTO "route_indices" ("created_at", "endplace_id", "isDest", "startplace_id", "updated_at", "url") VALUES ($1, $2, $3, $4, $5, $6) RETURNING "id"[0m  [["created_at", Mon, 27 Oct 2014 10:08:19 NZDT +13:00], ["endplace_id", 650], ["isDest", true], ["startplace_id", 419], ["updated_at", Mon, 27 Oct 2014 10:08:19 NZDT +13:00], ["url", "xrv-229xrv-228xrv-240xrv-239xrv-272xrv-22xrv219xrv-220xrv-21xrv-221xrv-222xrv-223xrv-237xrv-235xrv-234"]]
  [1m[35mPlace Load (0.3ms)[0m  SELECT "places".* FROM "places" WHERE "places"."id" = 343 LIMIT 1
  [1m[36m (1.1ms)[0m  [1mSELECT COUNT(*) FROM "route_indices" WHERE (url = 'xrv-229xrv-228xrv-240xrv-239xrv-272xrv-22xrv-218xrv-217xrv-216xrv-214xrv-213xrv-211xrv-210xrv-209xrv-208')[0m
  [1m[35mPlaceType Load (0.2ms)[0m  select * from place_types where name='Hut'
  [1m[36mSQL (0.4ms)[0m  [1mINSERT INTO "route_indices" ("created_at", "endplace_id", "isDest", "startplace_id", "updated_at", "url") VALUES ($1, $2, $3, $4, $5, $6) RETURNING "id"[0m  [["created_at", Mon, 27 Oct 2014 10:08:19 NZDT +13:00], ["endplace_id", 343], ["isDest", true], ["startplace_id", 419], ["updated_at", Mon, 27 Oct 2014 10:08:19 NZDT +13:00], ["url", "xrv-229xrv-228xrv-240xrv-239xrv-272xrv-22xrv-218xrv-217xrv-216xrv-214xrv-213xrv-211xrv-210xrv-209xrv-208"]]
  [1m[35mPlace Load (0.3ms)[0m  SELECT "places".* FROM "places" WHERE "places"."id" = 45 LIMIT 1
  [1m[36m (1.1ms)[0m  [1mSELECT COUNT(*) FROM "route_indices" WHERE (url = 'xrv-229xrv-228xrv-240xrv-239xrv-272xrv-22xrv219xrv-220xrv-21xrv-221xrv-222xrv-223xrv-237xrv-235xrv-234xrv-233')[0m
  [1m[35mPlaceType Load (0.2ms)[0m  select * from place_types where name='Hut'
  [1m[36mSQL (0.4ms)[0m  [1mINSERT INTO "route_indices" ("created_at", "endplace_id", "isDest", "startplace_id", "updated_at", "url") VALUES ($1, $2, $3, $4, $5, $6) RETURNING "id"[0m  [["created_at", Mon, 27 Oct 2014 10:08:19 NZDT +13:00], ["endplace_id", 45], ["isDest", true], ["startplace_id", 419], ["updated_at", Mon, 27 Oct 2014 10:08:19 NZDT +13:00], ["url", "xrv-229xrv-228xrv-240xrv-239xrv-272xrv-22xrv219xrv-220xrv-21xrv-221xrv-222xrv-223xrv-237xrv-235xrv-234xrv-233"]]
  [1m[35mPlace Load (0.3ms)[0m  SELECT "places".* FROM "places" WHERE "places"."id" = 1114 LIMIT 1
  [1m[36m (1.1ms)[0m  [1mSELECT COUNT(*) FROM "route_indices" WHERE (url = 'xrv-229xrv-228xrv-240xrv-239xrv-272xrv-22xrv-218xrv-217xrv-216xrv-214xrv-213xrv-211xrv-210xrv-209xrv-208xrv-207')[0m
  [1m[35mPlaceType Load (0.2ms)[0m  select * from place_types where name='Hut'
  [1m[36mSQL (0.4ms)[0m  [1mINSERT INTO "route_indices" ("created_at", "endplace_id", "isDest", "startplace_id", "updated_at", "url") VALUES ($1, $2, $3, $4, $5, $6) RETURNING "id"[0m  [["created_at", Mon, 27 Oct 2014 10:08:19 NZDT +13:00], ["endplace_id", 1114], ["isDest", true], ["startplace_id", 419], ["updated_at", Mon, 27 Oct 2014 10:08:19 NZDT +13:00], ["url", "xrv-229xrv-228xrv-240xrv-239xrv-272xrv-22xrv-218xrv-217xrv-216xrv-214xrv-213xrv-211xrv-210xrv-209xrv-208xrv-207"]]
  [1m[35mPlace Load (0.3ms)[0m  SELECT "places".* FROM "places" WHERE "places"."id" = 1125 LIMIT 1
  [1m[36mPlaceType Load (0.2ms)[0m  [1mselect name, "isDest" from place_types[0m
  [1m[35mRoute Load (0.3ms)[0m  SELECT "routes".* FROM "routes" WHERE "routes"."id" = 227 LIMIT 1
  [1m[36mRoute Load (0.3ms)[0m  [1mSELECT "routes".* FROM "routes" WHERE "routes"."id" = 240 LIMIT 1[0m
  [1m[35mPlace Load (0.2ms)[0m  SELECT "places".* FROM "places" WHERE "places"."id" = $1 LIMIT 1  [["id", 1126]]
  [1m[36mPlace Load (0.2ms)[0m  [1mSELECT "places".* FROM "places" WHERE "places"."id" = $1 LIMIT 1[0m  [["id", 1130]]
  [1m[35mRoute Load (0.4ms)[0m  SELECT "routes".* FROM "routes" WHERE "routes"."id" = 239 LIMIT 1
  [1m[36mCACHE (0.0ms)[0m  [1mSELECT "places".* FROM "places" WHERE "places"."id" = $1 LIMIT 1[0m  [["id", 1130]]
  [1m[35mPlace Load (0.2ms)[0m  SELECT "places".* FROM "places" WHERE "places"."id" = $1 LIMIT 1  [["id", 974]]
  [1m[36mRoute Load (0.5ms)[0m  [1mSELECT "routes".* FROM "routes" WHERE "routes"."id" = 272 LIMIT 1[0m
  [1m[35mCACHE (0.0ms)[0m  SELECT "places".* FROM "places" WHERE "places"."id" = $1 LIMIT 1  [["id", 974]]
  [1m[36mPlace Load (0.2ms)[0m  [1mSELECT "places".* FROM "places" WHERE "places"."id" = $1 LIMIT 1[0m  [["id", 471]]
  [1m[35mPlace Load (0.3ms)[0m  SELECT "places".* FROM "places" WHERE "places"."id" = 471 LIMIT 1
  [1m[36mCACHE (0.0ms)[0m  [1mSELECT "places".* FROM "places" WHERE "places"."id" = 471 LIMIT 1[0m
  [1m[35mRoute Load (0.3ms)[0m  select * from routes where startplace_id = 471
  [1m[36mRoute Load (0.3ms)[0m  [1mselect * from routes where endplace_id = 471[0m
  [1m[35mCACHE (0.0ms)[0m  SELECT "places".* FROM "places" WHERE "places"."id" = $1 LIMIT 1  [["id", 471]]
  [1m[36mPlace Load (0.2ms)[0m  [1mSELECT "places".* FROM "places" WHERE "places"."id" = $1 LIMIT 1[0m  [["id", 1119]]
  [1m[35mCACHE (0.0ms)[0m  SELECT "places".* FROM "places" WHERE "places"."id" = $1 LIMIT 1  [["id", 974]]
  [1m[36mPlace Load (0.3ms)[0m  [1mSELECT "places".* FROM "places" WHERE "places"."id" = 1119 LIMIT 1[0m
  [1m[35mRoute Load (0.3ms)[0m  select * from routes where startplace_id = 1119
  [1m[36mRoute Load (0.3ms)[0m  [1mselect * from routes where endplace_id = 1119[0m
  [1m[35mCACHE (0.0ms)[0m  SELECT "places".* FROM "places" WHERE "places"."id" = $1 LIMIT 1  [["id", 1119]]
  [1m[36mPlace Load (0.5ms)[0m  [1mSELECT "places".* FROM "places" WHERE "places"."id" = $1 LIMIT 1[0m  [["id", 1120]]
  [1m[35mPlace Load (0.2ms)[0m  SELECT "places".* FROM "places" WHERE "places"."id" = $1 LIMIT 1  [["id", 976]]
  [1m[36mCACHE (0.0ms)[0m  [1mSELECT "places".* FROM "places" WHERE "places"."id" = $1 LIMIT 1[0m  [["id", 471]]
  [1m[35mPlace Load (0.4ms)[0m  SELECT "places".* FROM "places" WHERE "places"."id" = 976 LIMIT 1
  [1m[36mRoute Load (0.3ms)[0m  [1mselect * from routes where startplace_id = 976[0m
  [1m[35mRoute Load (0.3ms)[0m  select * from routes where endplace_id = 976
  [1m[36mCACHE (0.0ms)[0m  [1mSELECT "places".* FROM "places" WHERE "places"."id" = $1 LIMIT 1[0m  [["id", 976]]
  [1m[35mPlace Load (0.2ms)[0m  SELECT "places".* FROM "places" WHERE "places"."id" = $1 LIMIT 1  [["id", 1121]]
  [1m[36mCACHE (0.0ms)[0m  [1mSELECT "places".* FROM "places" WHERE "places"."id" = $1 LIMIT 1[0m  [["id", 976]]
  [1m[35mCACHE (0.0ms)[0m  SELECT "places".* FROM "places" WHERE "places"."id" = $1 LIMIT 1  [["id", 1119]]
  [1m[36mPlace Load (0.3ms)[0m  [1mSELECT "places".* FROM "places" WHERE "places"."id" = $1 LIMIT 1[0m  [["id", 45]]
  [1m[35mPlace Load (0.3ms)[0m  SELECT "places".* FROM "places" WHERE "places"."id" = 1120 LIMIT 1
  [1m[36mRoute Load (0.3ms)[0m  [1mselect * from routes where startplace_id = 1120[0m
  [1m[35mRoute Load (0.3ms)[0m  select * from routes where endplace_id = 1120
  [1m[36mCACHE (0.0ms)[0m  [1mSELECT "places".* FROM "places" WHERE "places"."id" = $1 LIMIT 1[0m  [["id", 1120]]
  [1m[35mPlace Load (0.2ms)[0m  SELECT "places".* FROM "places" WHERE "places"."id" = $1 LIMIT 1  [["id", 1118]]
  [1m[36mCACHE (0.0ms)[0m  [1mSELECT "places".* FROM "places" WHERE "places"."id" = $1 LIMIT 1[0m  [["id", 1119]]
  [1m[35mPlace Load (0.3ms)[0m  SELECT "places".* FROM "places" WHERE "places"."id" = 45 LIMIT 1
  [1m[36mRoute Load (0.4ms)[0m  [1mselect * from routes where startplace_id = 45[0m
  [1m[35mRoute Load (0.3ms)[0m  select * from routes where endplace_id = 45
  [1m[36mCACHE (0.0ms)[0m  [1mSELECT "places".* FROM "places" WHERE "places"."id" = $1 LIMIT 1[0m  [["id", 45]]
  [1m[35mCACHE (0.0ms)[0m  SELECT "places".* FROM "places" WHERE "places"."id" = $1 LIMIT 1  [["id", 976]]
  [1m[36mPlace Load (0.2ms)[0m  [1mSELECT "places".* FROM "places" WHERE "places"."id" = $1 LIMIT 1[0m  [["id", 650]]
  [1m[35mPlace Load (0.3ms)[0m  SELECT "places".* FROM "places" WHERE "places"."id" = 1121 LIMIT 1
  [1m[36mRoute Load (0.3ms)[0m  [1mselect * from routes where startplace_id = 1121[0m
  [1m[35mRoute Load (0.3ms)[0m  select * from routes where endplace_id = 1121
  [1m[36mCACHE (0.0ms)[0m  [1mSELECT "places".* FROM "places" WHERE "places"."id" = $1 LIMIT 1[0m  [["id", 1121]]
  [1m[35mPlace Load (0.3ms)[0m  SELECT "places".* FROM "places" WHERE "places"."id" = $1 LIMIT 1  [["id", 1122]]
  [1m[36mCACHE (0.0ms)[0m  [1mSELECT "places".* FROM "places" WHERE "places"."id" = $1 LIMIT 1[0m  [["id", 976]]
  [1m[35mPlace Load (0.3ms)[0m  SELECT "places".* FROM "places" WHERE "places"."id" = 1118 LIMIT 1
  [1m[36mRoute Load (0.3ms)[0m  [1mselect * from routes where startplace_id = 1118[0m
  [1m[35mRoute Load (0.3ms)[0m  select * from routes where endplace_id = 1118
  [1m[36mCACHE (0.0ms)[0m  [1mSELECT "places".* FROM "places" WHERE "places"."id" = $1 LIMIT 1[0m  [["id", 1118]]
  [1m[35mPlace Load (0.3ms)[0m  SELECT "places".* FROM "places" WHERE "places"."id" = $1 LIMIT 1  [["id", 1117]]
  [1m[36mPlace Load (0.2ms)[0m  [1mSELECT "places".* FROM "places" WHERE "places"."id" = $1 LIMIT 1[0m  [["id", 1134]]
  [1m[35mCACHE (0.0ms)[0m  SELECT "places".* FROM "places" WHERE "places"."id" = $1 LIMIT 1  [["id", 1120]]
  [1m[36mPlace Load (0.3ms)[0m  [1mSELECT "places".* FROM "places" WHERE "places"."id" = 650 LIMIT 1[0m
  [1m[35mRoute Load (0.3ms)[0m  select * from routes where startplace_id = 650
  [1m[36mRoute Load (0.3ms)[0m  [1mselect * from routes where endplace_id = 650[0m
  [1m[35mCACHE (0.0ms)[0m  SELECT "places".* FROM "places" WHERE "places"."id" = $1 LIMIT 1  [["id", 650]]
  [1m[36mCACHE (0.0ms)[0m  [1mSELECT "places".* FROM "places" WHERE "places"."id" = $1 LIMIT 1[0m  [["id", 45]]
  [1m[35mPlace Load (0.3ms)[0m  SELECT "places".* FROM "places" WHERE "places"."id" = $1 LIMIT 1  [["id", 207]]
  [1m[36mPlace Load (0.3ms)[0m  [1mSELECT "places".* FROM "places" WHERE "places"."id" = 1122 LIMIT 1[0m
  [1m[35mRoute Load (0.3ms)[0m  select * from routes where startplace_id = 1122
  [1m[36mRoute Load (0.3ms)[0m  [1mselect * from routes where endplace_id = 1122[0m
  [1m[35mCACHE (0.0ms)[0m  SELECT "places".* FROM "places" WHERE "places"."id" = $1 LIMIT 1  [["id", 1122]]
  [1m[36mPlace Load (0.2ms)[0m  [1mSELECT "places".* FROM "places" WHERE "places"."id" = $1 LIMIT 1[0m  [["id", 975]]
  [1m[35mCACHE (0.0ms)[0m  SELECT "places".* FROM "places" WHERE "places"."id" = $1 LIMIT 1  [["id", 1121]]
  [1m[36mPlace Load (0.3ms)[0m  [1mSELECT "places".* FROM "places" WHERE "places"."id" = 1134 LIMIT 1[0m
  [1m[35mRoute Load (0.3ms)[0m  select * from routes where startplace_id = 1134
  [1m[36mRoute Load (0.3ms)[0m  [1mselect * from routes where endplace_id = 1134[0m
  [1m[35mCACHE (0.0ms)[0m  SELECT "places".* FROM "places" WHERE "places"."id" = $1 LIMIT 1  [["id", 1134]]
  [1m[36mCACHE (0.0ms)[0m  [1mSELECT "places".* FROM "places" WHERE "places"."id" = $1 LIMIT 1[0m  [["id", 1118]]
  [1m[35mPlace Load (0.2ms)[0m  SELECT "places".* FROM "places" WHERE "places"."id" = $1 LIMIT 1  [["id", 1135]]
  [1m[36mPlace Load (0.3ms)[0m  [1mSELECT "places".* FROM "places" WHERE "places"."id" = 1117 LIMIT 1[0m
  [1m[35mRoute Load (0.3ms)[0m  select * from routes where startplace_id = 1117
  [1m[36mRoute Load (0.3ms)[0m  [1mselect * from routes where endplace_id = 1117[0m
  [1m[35mCACHE (0.0ms)[0m  SELECT "places".* FROM "places" WHERE "places"."id" = $1 LIMIT 1  [["id", 1117]]
  [1m[36mPlace Load (0.3ms)[0m  [1mSELECT "places".* FROM "places" WHERE "places"."id" = $1 LIMIT 1[0m  [["id", 58]]
  [1m[35mCACHE (0.0ms)[0m  SELECT "places".* FROM "places" WHERE "places"."id" = $1 LIMIT 1  [["id", 1118]]
  [1m[36mPlace Load (0.3ms)[0m  [1mSELECT "places".* FROM "places" WHERE "places"."id" = $1 LIMIT 1[0m  [["id", 258]]
  [1m[35mPlace Load (0.3ms)[0m  SELECT "places".* FROM "places" WHERE "places"."id" = 207 LIMIT 1
  [1m[36mRoute Load (0.3ms)[0m  [1mselect * from routes where startplace_id = 207[0m
  [1m[35mRoute Load (0.4ms)[0m  select * from routes where endplace_id = 207
  [1m[36mCACHE (0.0ms)[0m  [1mSELECT "places".* FROM "places" WHERE "places"."id" = $1 LIMIT 1[0m  [["id", 207]]
  [1m[35mCACHE (0.0ms)[0m  SELECT "places".* FROM "places" WHERE "places"."id" = $1 LIMIT 1  [["id", 650]]
  [1m[36mCACHE (0.0ms)[0m  [1mSELECT "places".* FROM "places" WHERE "places"."id" = $1 LIMIT 1[0m  [["id", 207]]
  [1m[35mPlace Load (0.3ms)[0m  SELECT "places".* FROM "places" WHERE "places"."id" = $1 LIMIT 1  [["id", 1133]]
  [1m[36mPlace Load (0.2ms)[0m  [1mSELECT "places".* FROM "places" WHERE "places"."id" = $1 LIMIT 1[0m  [["id", 1129]]
  [1m[35mPlace Load (0.3ms)[0m  SELECT "places".* FROM "places" WHERE "places"."id" = 975 LIMIT 1
  [1m[36mRoute Load (0.3ms)[0m  [1mselect * from routes where startplace_id = 975[0m
  [1m[35mRoute Load (0.3ms)[0m  select * from routes where endplace_id = 975
  [1m[36mCACHE (0.0ms)[0m  [1mSELECT "places".* FROM "places" WHERE "places"."id" = $1 LIMIT 1[0m  [["id", 975]]
  [1m[35mCACHE (0.0ms)[0m  SELECT "places".* FROM "places" WHERE "places"."id" = $1 LIMIT 1  [["id", 1129]]
  [1m[36mCACHE (0.0ms)[0m  [1mSELECT "places".* FROM "places" WHERE "places"."id" = $1 LIMIT 1[0m  [["id", 975]]
  [1m[35mPlace Load (0.2ms)[0m  SELECT "places".* FROM "places" WHERE "places"."id" = $1 LIMIT 1  [["id", 1123]]
  [1m[36mCACHE (0.0ms)[0m  [1mSELECT "places".* FROM "places" WHERE "places"."id" = $1 LIMIT 1[0m  [["id", 1122]]
  [1m[35mPlace Load (0.3ms)[0m  SELECT "places".* FROM "places" WHERE "places"."id" = 1135 LIMIT 1
  [1m[36mRoute Load (0.3ms)[0m  [1mselect * from routes where startplace_id = 1135[0m
  [1m[35mRoute Load (0.3ms)[0m  select * from routes where endplace_id = 1135
  [1m[36mCACHE (0.0ms)[0m  [1mSELECT "places".* FROM "places" WHERE "places"."id" = $1 LIMIT 1[0m  [["id", 1135]]
  [1m[35mCACHE (0.0ms)[0m  SELECT "places".* FROM "places" WHERE "places"."id" = $1 LIMIT 1  [["id", 1134]]
  [1m[36mPlace Load (0.2ms)[0m  [1mSELECT "places".* FROM "places" WHERE "places"."id" = $1 LIMIT 1[0m  [["id", 271]]
  [1m[35mPlace Load (0.3ms)[0m  SELECT "places".* FROM "places" WHERE "places"."id" = 258 LIMIT 1
  [1m[36mRoute Load (0.3ms)[0m  [1mselect * from routes where startplace_id = 258[0m
  [1m[35mRoute Load (0.3ms)[0m  select * from routes where endplace_id = 258
  [1m[36mCACHE (0.0ms)[0m  [1mSELECT "places".* FROM "places" WHERE "places"."id" = $1 LIMIT 1[0m  [["id", 258]]
  [1m[35mCACHE (0.0ms)[0m  SELECT "places".* FROM "places" WHERE "places"."id" = $1 LIMIT 1  [["id", 1117]]
  [1m[36mPlace Load (0.3ms)[0m  [1mSELECT "places".* FROM "places" WHERE "places"."id" = 58 LIMIT 1[0m
  [1m[35mRoute Load (0.3ms)[0m  select * from routes where startplace_id = 58
  [1m[36mRoute Load (0.3ms)[0m  [1mselect * from routes where endplace_id = 58[0m
  [1m[35mCACHE (0.0ms)[0m  SELECT "places".* FROM "places" WHERE "places"."id" = $1 LIMIT 1  [["id", 58]]
  [1m[36mPlace Load (0.3ms)[0m  [1mSELECT "places".* FROM "places" WHERE "places"."id" = $1 LIMIT 1[0m  [["id", 1116]]
  [1m[35mCACHE (0.0ms)[0m  SELECT "places".* FROM "places" WHERE "places"."id" = $1 LIMIT 1  [["id", 1117]]
  [1m[36mPlace Load (0.3ms)[0m  [1mSELECT "places".* FROM "places" WHERE "places"."id" = 1129 LIMIT 1[0m
  [1m[35mRoute Load (0.3ms)[0m  select * from routes where startplace_id = 1129
  [1m[36mRoute Load (0.3ms)[0m  [1mselect * from routes where endplace_id = 1129[0m
  [1m[35mCACHE (0.0ms)[0m  SELECT "places".* FROM "places" WHERE "places"."id" = $1 LIMIT 1  [["id", 1129]]
  [1m[36mCACHE (0.0ms)[0m  [1mSELECT "places".* FROM "places" WHERE "places"."id" = $1 LIMIT 1[0m  [["id", 207]]
  [1m[35mPlace Load (0.2ms)[0m  SELECT "places".* FROM "places" WHERE "places"."id" = $1 LIMIT 1  [["id", 1124]]
  [1m[36mCACHE (0.0ms)[0m  [1mSELECT "places".* FROM "places" WHERE "places"."id" = $1 LIMIT 1[0m  [["id", 975]]
  [1m[35mPlace Load (0.3ms)[0m  SELECT "places".* FROM "places" WHERE "places"."id" = 1133 LIMIT 1
  [1m[36mRoute Load (0.3ms)[0m  [1mselect * from routes where startplace_id = 1133[0m
  [1m[35mRoute Load (0.3ms)[0m  select * from routes where endplace_id = 1133
  [1m[36mCACHE (0.0ms)[0m  [1mSELECT "places".* FROM "places" WHERE "places"."id" = $1 LIMIT 1[0m  [["id", 1133]]
  [1m[35mPlace Load (0.3ms)[0m  SELECT "places".* FROM "places" WHERE "places"."id" = $1 LIMIT 1  [["id", 1131]]
  [1m[36mCACHE (0.0ms)[0m  [1mSELECT "places".* FROM "places" WHERE "places"."id" = $1 LIMIT 1[0m  [["id", 207]]
  [1m[35mCACHE (0.0ms)[0m  SELECT "places".* FROM "places" WHERE "places"."id" = 1129 LIMIT 1
  [1m[36mCACHE (0.0ms)[0m  [1mselect * from routes where startplace_id = 1129[0m
  [1m[35mCACHE (0.0ms)[0m  select * from routes where endplace_id = 1129
  [1m[36mCACHE (0.0ms)[0m  [1mSELECT "places".* FROM "places" WHERE "places"."id" = $1 LIMIT 1[0m  [["id", 1129]]
  [1m[35mCACHE (0.0ms)[0m  SELECT "places".* FROM "places" WHERE "places"."id" = $1 LIMIT 1  [["id", 207]]
  [1m[36mCACHE (0.0ms)[0m  [1mSELECT "places".* FROM "places" WHERE "places"."id" = $1 LIMIT 1[0m  [["id", 1124]]
  [1m[35mCACHE (0.0ms)[0m  SELECT "places".* FROM "places" WHERE "places"."id" = $1 LIMIT 1  [["id", 975]]
  [1m[36mPlace Load (0.3ms)[0m  [1mSELECT "places".* FROM "places" WHERE "places"."id" = 1123 LIMIT 1[0m
  [1m[35mRoute Load (0.3ms)[0m  select * from routes where startplace_id = 1123
  [1m[36mRoute Load (0.3ms)[0m  [1mselect * from routes where endplace_id = 1123[0m
  [1m[35mCACHE (0.0ms)[0m  SELECT "places".* FROM "places" WHERE "places"."id" = $1 LIMIT 1  [["id", 1123]]
  [1m[36mCACHE (0.0ms)[0m  [1mSELECT "places".* FROM "places" WHERE "places"."id" = $1 LIMIT 1[0m  [["id", 1124]]
  [1m[35mCACHE (0.0ms)[0m  SELECT "places".* FROM "places" WHERE "places"."id" = $1 LIMIT 1  [["id", 975]]
  [1m[36mPlace Load (0.2ms)[0m  [1mSELECT "places".* FROM "places" WHERE "places"."id" = $1 LIMIT 1[0m  [["id", 1125]]
  [1m[35mPlace Load (0.3ms)[0m  SELECT "places".* FROM "places" WHERE "places"."id" = 271 LIMIT 1
  [1m[36mRoute Load (0.3ms)[0m  [1mselect * from routes where startplace_id = 271[0m
  [1m[35mRoute Load (0.3ms)[0m  select * from routes where endplace_id = 271
  [1m[36mCACHE (0.0ms)[0m  [1mSELECT "places".* FROM "places" WHERE "places"."id" = $1 LIMIT 1[0m  [["id", 271]]
  [1m[35mCACHE (0.0ms)[0m  SELECT "places".* FROM "places" WHERE "places"."id" = $1 LIMIT 1  [["id", 1135]]
  [1m[36mPlace Load (0.3ms)[0m  [1mSELECT "places".* FROM "places" WHERE "places"."id" = 1116 LIMIT 1[0m
  [1m[35mRoute Load (0.4ms)[0m  select * from routes where startplace_id = 1116
  [1m[36mRoute Load (0.3ms)[0m  [1mselect * from routes where endplace_id = 1116[0m
  [1m[35mCACHE (0.0ms)[0m  SELECT "places".* FROM "places" WHERE "places"."id" = $1 LIMIT 1  [["id", 1116]]
  [1m[36mPlace Load (0.2ms)[0m  [1mSELECT "places".* FROM "places" WHERE "places"."id" = $1 LIMIT 1[0m  [["id", 827]]
  [1m[35mPlace Load (0.2ms)[0m  SELECT "places".* FROM "places" WHERE "places"."id" = $1 LIMIT 1  [["id", 528]]
  [1m[36mCACHE (0.0ms)[0m  [1mSELECT "places".* FROM "places" WHERE "places"."id" = $1 LIMIT 1[0m  [["id", 58]]
  [1m[35mPlace Load (0.3ms)[0m  SELECT "places".* FROM "places" WHERE "places"."id" = 1124 LIMIT 1
  [1m[36mRoute Load (0.3ms)[0m  [1mselect * from routes where startplace_id = 1124[0m
  [1m[35mRoute Load (0.3ms)[0m  select * from routes where endplace_id = 1124
  [1m[36mCACHE (0.0ms)[0m  [1mSELECT "places".* FROM "places" WHERE "places"."id" = $1 LIMIT 1[0m  [["id", 1124]]
  [1m[35mCACHE (0.0ms)[0m  SELECT "places".* FROM "places" WHERE "places"."id" = $1 LIMIT 1  [["id", 1129]]
  [1m[36mCACHE (0.0ms)[0m  [1mSELECT "places".* FROM "places" WHERE "places"."id" = $1 LIMIT 1[0m  [["id", 1124]]
  [1m[35mCACHE (0.0ms)[0m  SELECT "places".* FROM "places" WHERE "places"."id" = $1 LIMIT 1  [["id", 974]]
  [1m[36mCACHE (0.0ms)[0m  [1mSELECT "places".* FROM "places" WHERE "places"."id" = $1 LIMIT 1[0m  [["id", 1123]]
  [1m[35mCACHE (0.0ms)[0m  SELECT "places".* FROM "places" WHERE "places"."id" = 975 LIMIT 1
  [1m[36mCACHE (0.0ms)[0m  [1mselect * from routes where startplace_id = 975[0m
  [1m[35mCACHE (0.0ms)[0m  select * from routes where endplace_id = 975
  [1m[36mCACHE (0.0ms)[0m  [1mSELECT "places".* FROM "places" WHERE "places"."id" = $1 LIMIT 1[0m  [["id", 975]]
  [1m[35mCACHE (0.0ms)[0m  SELECT "places".* FROM "places" WHERE "places"."id" = $1 LIMIT 1  [["id", 1129]]
  [1m[36mCACHE (0.0ms)[0m  [1mSELECT "places".* FROM "places" WHERE "places"."id" = $1 LIMIT 1[0m  [["id", 975]]
  [1m[35mCACHE (0.0ms)[0m  SELECT "places".* FROM "places" WHERE "places"."id" = $1 LIMIT 1  [["id", 1123]]
  [1m[36mCACHE (0.0ms)[0m  [1mSELECT "places".* FROM "places" WHERE "places"."id" = $1 LIMIT 1[0m  [["id", 1122]]
  [1m[35mPlace Load (0.3ms)[0m  SELECT "places".* FROM "places" WHERE "places"."id" = 1131 LIMIT 1
  [1m[36mRoute Load (4.0ms)[0m  [1mselect * from routes where startplace_id = 1131[0m
  [1m[35mRoute Load (0.5ms)[0m  select * from routes where endplace_id = 1131
  [1m[36mCACHE (0.0ms)[0m  [1mSELECT "places".* FROM "places" WHERE "places"."id" = $1 LIMIT 1[0m  [["id", 1131]]
  [1m[35mPlace Load (0.3ms)[0m  SELECT "places".* FROM "places" WHERE "places"."id" = $1 LIMIT 1  [["id", 1132]]
  [1m[36mCACHE (0.0ms)[0m  [1mSELECT "places".* FROM "places" WHERE "places"."id" = $1 LIMIT 1[0m  [["id", 1133]]
  [1m[35mCACHE (0.0ms)[0m  SELECT "places".* FROM "places" WHERE "places"."id" = 1124 LIMIT 1
  [1m[36mCACHE (0.0ms)[0m  [1mselect * from routes where startplace_id = 1124[0m
  [1m[35mCACHE (0.0ms)[0m  select * from routes where endplace_id = 1124
  [1m[36mCACHE (0.0ms)[0m  [1mSELECT "places".* FROM "places" WHERE "places"."id" = $1 LIMIT 1[0m  [["id", 1124]]
  [1m[35mCACHE (0.0ms)[0m  SELECT "places".* FROM "places" WHERE "places"."id" = $1 LIMIT 1  [["id", 1129]]
  [1m[36mCACHE (0.0ms)[0m  [1mSELECT "places".* FROM "places" WHERE "places"."id" = $1 LIMIT 1[0m  [["id", 1124]]
  [1m[35mCACHE (0.0ms)[0m  SELECT "places".* FROM "places" WHERE "places"."id" = $1 LIMIT 1  [["id", 974]]
  [1m[36mCACHE (0.0ms)[0m  [1mSELECT "places".* FROM "places" WHERE "places"."id" = $1 LIMIT 1[0m  [["id", 1123]]
  [1m[35mCACHE (0.0ms)[0m  SELECT "places".* FROM "places" WHERE "places"."id" = 207 LIMIT 1
  [1m[36mCACHE (0.0ms)[0m  [1mselect * from routes where startplace_id = 207[0m
  [1m[35mCACHE (0.0ms)[0m  select * from routes where endplace_id = 207
  [1m[36mCACHE (0.0ms)[0m  [1mSELECT "places".* FROM "places" WHERE "places"."id" = $1 LIMIT 1[0m  [["id", 207]]
  [1m[35mCACHE (0.0ms)[0m  SELECT "places".* FROM "places" WHERE "places"."id" = $1 LIMIT 1  [["id", 650]]
  [1m[36mCACHE (0.0ms)[0m  [1mSELECT "places".* FROM "places" WHERE "places"."id" = $1 LIMIT 1[0m  [["id", 207]]
  [1m[35mCACHE (0.0ms)[0m  SELECT "places".* FROM "places" WHERE "places"."id" = $1 LIMIT 1  [["id", 1133]]
  [1m[36mCACHE (0.0ms)[0m  [1mSELECT "places".* FROM "places" WHERE "places"."id" = $1 LIMIT 1[0m  [["id", 1129]]
  [1m[35mCACHE (0.0ms)[0m  SELECT "places".* FROM "places" WHERE "places"."id" = 1124 LIMIT 1
  [1m[36mCACHE (0.0ms)[0m  [1mselect * from routes where startplace_id = 1124[0m
  [1m[35mCACHE (0.0ms)[0m  select * from routes where endplace_id = 1124
  [1m[36mCACHE (0.0ms)[0m  [1mSELECT "places".* FROM "places" WHERE "places"."id" = $1 LIMIT 1[0m  [["id", 1124]]
  [1m[35mCACHE (0.0ms)[0m  SELECT "places".* FROM "places" WHERE "places"."id" = $1 LIMIT 1  [["id", 1129]]
  [1m[36mCACHE (0.0ms)[0m  [1mSELECT "places".* FROM "places" WHERE "places"."id" = $1 LIMIT 1[0m  [["id", 1124]]
  [1m[35mCACHE (0.0ms)[0m  SELECT "places".* FROM "places" WHERE "places"."id" = $1 LIMIT 1  [["id", 974]]
  [1m[36mCACHE (0.0ms)[0m  [1mSELECT "places".* FROM "places" WHERE "places"."id" = $1 LIMIT 1[0m  [["id", 1123]]
  [1m[35mPlace Load (0.4ms)[0m  SELECT "places".* FROM "places" WHERE "places"."id" = 528 LIMIT 1
  [1m[36mRoute Load (0.3ms)[0m  [1mselect * from routes where startplace_id = 528[0m
  [1m[35mRoute Load (0.3ms)[0m  select * from routes where endplace_id = 528
  [1m[36mCACHE (0.0ms)[0m  [1mSELECT "places".* FROM "places" WHERE "places"."id" = $1 LIMIT 1[0m  [["id", 528]]
  [1m[35mCACHE (0.0ms)[0m  SELECT "places".* FROM "places" WHERE "places"."id" = $1 LIMIT 1  [["id", 1116]]
  [1m[36mPlace Load (0.3ms)[0m  [1mSELECT "places".* FROM "places" WHERE "places"."id" = 827 LIMIT 1[0m
  [1m[35mRoute Load (0.3ms)[0m  select * from routes where startplace_id = 827
  [1m[36mRoute Load (0.3ms)[0m  [1mselect * from routes where endplace_id = 827[0m
  [1m[35mCACHE (0.0ms)[0m  SELECT "places".* FROM "places" WHERE "places"."id" = $1 LIMIT 1  [["id", 827]]
  [1m[36mPlace Load (0.2ms)[0m  [1mSELECT "places".* FROM "places" WHERE "places"."id" = $1 LIMIT 1[0m  [["id", 397]]
  [1m[35mCACHE (0.0ms)[0m  SELECT "places".* FROM "places" WHERE "places"."id" = $1 LIMIT 1  [["id", 1116]]
  [1m[36mCACHE (0.0ms)[0m  [1mSELECT "places".* FROM "places" WHERE "places"."id" = 1123 LIMIT 1[0m
  [1m[35mCACHE (0.0ms)[0m  select * from routes where startplace_id = 1123
  [1m[36mCACHE (0.0ms)[0m  [1mselect * from routes where endplace_id = 1123[0m
  [1m[35mCACHE (0.0ms)[0m  SELECT "places".* FROM "places" WHERE "places"."id" = $1 LIMIT 1  [["id", 1123]]
  [1m[36mCACHE (0.0ms)[0m  [1mSELECT "places".* FROM "places" WHERE "places"."id" = $1 LIMIT 1[0m  [["id", 1124]]
  [1m[35mCACHE (0.0ms)[0m  SELECT "places".* FROM "places" WHERE "places"."id" = $1 LIMIT 1  [["id", 975]]
  [1m[36mCACHE (0.0ms)[0m  [1mSELECT "places".* FROM "places" WHERE "places"."id" = $1 LIMIT 1[0m  [["id", 1125]]
  [1m[35mCACHE (0.0ms)[0m  SELECT "places".* FROM "places" WHERE "places"."id" = 1122 LIMIT 1
  [1m[36mCACHE (0.0ms)[0m  [1mselect * from routes where startplace_id = 1122[0m
  [1m[35mCACHE (0.0ms)[0m  select * from routes where endplace_id = 1122
  [1m[36mCACHE (0.0ms)[0m  [1mSELECT "places".* FROM "places" WHERE "places"."id" = $1 LIMIT 1[0m  [["id", 1122]]
  [1m[35mCACHE (0.0ms)[0m  SELECT "places".* FROM "places" WHERE "places"."id" = $1 LIMIT 1  [["id", 975]]
  [1m[36mCACHE (0.0ms)[0m  [1mSELECT "places".* FROM "places" WHERE "places"."id" = $1 LIMIT 1[0m  [["id", 1121]]
  [1m[35mCACHE (0.0ms)[0m  SELECT "places".* FROM "places" WHERE "places"."id" = 1123 LIMIT 1
  [1m[36mCACHE (0.0ms)[0m  [1mselect * from routes where startplace_id = 1123[0m
  [1m[35mCACHE (0.0ms)[0m  select * from routes where endplace_id = 1123
  [1m[36mCACHE (0.0ms)[0m  [1mSELECT "places".* FROM "places" WHERE "places"."id" = $1 LIMIT 1[0m  [["id", 1123]]
  [1m[35mCACHE (0.0ms)[0m  SELECT "places".* FROM "places" WHERE "places"."id" = $1 LIMIT 1  [["id", 1124]]
  [1m[36mCACHE (0.0ms)[0m  [1mSELECT "places".* FROM "places" WHERE "places"."id" = $1 LIMIT 1[0m  [["id", 975]]
  [1m[35mCACHE (0.0ms)[0m  SELECT "places".* FROM "places" WHERE "places"."id" = $1 LIMIT 1  [["id", 1125]]
  [1m[36mPlace Load (0.3ms)[0m  [1mSELECT "places".* FROM "places" WHERE "places"."id" = 1132 LIMIT 1[0m
  [1m[35mRoute Load (0.3ms)[0m  select * from routes where startplace_id = 1132
  [1m[36mRoute Load (0.2ms)[0m  [1mselect * from routes where endplace_id = 1132[0m
  [1m[35mCACHE (0.0ms)[0m  SELECT "places".* FROM "places" WHERE "places"."id" = $1 LIMIT 1  [["id", 1131]]
  [1m[36mCACHE (0.0ms)[0m  [1mSELECT "places".* FROM "places" WHERE "places"."id" = 1123 LIMIT 1[0m
  [1m[35mCACHE (0.0ms)[0m  select * from routes where startplace_id = 1123
  [1m[36mCACHE (0.0ms)[0m  [1mselect * from routes where endplace_id = 1123[0m
  [1m[35mCACHE (0.0ms)[0m  SELECT "places".* FROM "places" WHERE "places"."id" = $1 LIMIT 1  [["id", 1123]]
  [1m[36mCACHE (0.0ms)[0m  [1mSELECT "places".* FROM "places" WHERE "places"."id" = $1 LIMIT 1[0m  [["id", 1124]]
  [1m[35mCACHE (0.0ms)[0m  SELECT "places".* FROM "places" WHERE "places"."id" = $1 LIMIT 1  [["id", 975]]
  [1m[36mCACHE (0.0ms)[0m  [1mSELECT "places".* FROM "places" WHERE "places"."id" = $1 LIMIT 1[0m  [["id", 1125]]
  [1m[35mCACHE (0.0ms)[0m  SELECT "places".* FROM "places" WHERE "places"."id" = 650 LIMIT 1
  [1m[36mCACHE (0.0ms)[0m  [1mselect * from routes where startplace_id = 650[0m
  [1m[35mCACHE (0.0ms)[0m  select * from routes where endplace_id = 650
  [1m[36mCACHE (0.0ms)[0m  [1mSELECT "places".* FROM "places" WHERE "places"."id" = $1 LIMIT 1[0m  [["id", 650]]
  [1m[35mCACHE (0.0ms)[0m  SELECT "places".* FROM "places" WHERE "places"."id" = $1 LIMIT 1  [["id", 45]]
  [1m[36mCACHE (0.0ms)[0m  [1mSELECT "places".* FROM "places" WHERE "places"."id" = $1 LIMIT 1[0m  [["id", 207]]
  [1m[35mCACHE (0.0ms)[0m  SELECT "places".* FROM "places" WHERE "places"."id" = 1133 LIMIT 1
  [1m[36mCACHE (0.0ms)[0m  [1mselect * from routes where startplace_id = 1133[0m
  [1m[35mCACHE (0.0ms)[0m  select * from routes where endplace_id = 1133
  [1m[36mCACHE (0.0ms)[0m  [1mSELECT "places".* FROM "places" WHERE "places"."id" = $1 LIMIT 1[0m  [["id", 1133]]
  [1m[35mCACHE (0.0ms)[0m  SELECT "places".* FROM "places" WHERE "places"."id" = $1 LIMIT 1  [["id", 1131]]
  [1m[36mCACHE (0.0ms)[0m  [1mSELECT "places".* FROM "places" WHERE "places"."id" = $1 LIMIT 1[0m  [["id", 207]]
  [1m[35mCACHE (0.0ms)[0m  SELECT "places".* FROM "places" WHERE "places"."id" = 1129 LIMIT 1
  [1m[36mCACHE (0.0ms)[0m  [1mselect * from routes where startplace_id = 1129[0m
  [1m[35mCACHE (0.0ms)[0m  select * from routes where endplace_id = 1129
  [1m[36mCACHE (0.0ms)[0m  [1mSELECT "places".* FROM "places" WHERE "places"."id" = $1 LIMIT 1[0m  [["id", 1129]]
  [1m[35mCACHE (0.0ms)[0m  SELECT "places".* FROM "places" WHERE "places"."id" = $1 LIMIT 1  [["id", 207]]
  [1m[36mCACHE (0.0ms)[0m  [1mSELECT "places".* FROM "places" WHERE "places"."id" = $1 LIMIT 1[0m  [["id", 1124]]
  [1m[35mCACHE (0.0ms)[0m  SELECT "places".* FROM "places" WHERE "places"."id" = $1 LIMIT 1  [["id", 975]]
  [1m[36mPlace Load (0.3ms)[0m  [1mSELECT "places".* FROM "places" WHERE "places"."id" = 397 LIMIT 1[0m
  [1m[35mRoute Load (0.3ms)[0m  select * from routes where startplace_id = 397
  [1m[36mRoute Load (0.3ms)[0m  [1mselect * from routes where endplace_id = 397[0m
  [1m[35mCACHE (0.0ms)[0m  SELECT "places".* FROM "places" WHERE "places"."id" = $1 LIMIT 1  [["id", 397]]
  [1m[36mPlace Load (0.2ms)[0m  [1mSELECT "places".* FROM "places" WHERE "places"."id" = $1 LIMIT 1[0m  [["id", 1115]]
  [1m[35mCACHE (0.0ms)[0m  SELECT "places".* FROM "places" WHERE "places"."id" = $1 LIMIT 1  [["id", 827]]
  [1m[36mCACHE (0.0ms)[0m  [1mSELECT "places".* FROM "places" WHERE "places"."id" = 975 LIMIT 1[0m
  [1m[35mCACHE (0.0ms)[0m  select * from routes where startplace_id = 975
  [1m[36mCACHE (0.0ms)[0m  [1mselect * from routes where endplace_id = 975[0m
  [1m[35mCACHE (0.0ms)[0m  SELECT "places".* FROM "places" WHERE "places"."id" = $1 LIMIT 1  [["id", 975]]
  [1m[36mCACHE (0.0ms)[0m  [1mSELECT "places".* FROM "places" WHERE "places"."id" = $1 LIMIT 1[0m  [["id", 1129]]
  [1m[35mCACHE (0.0ms)[0m  SELECT "places".* FROM "places" WHERE "places"."id" = $1 LIMIT 1  [["id", 975]]
  [1m[36mCACHE (0.0ms)[0m  [1mSELECT "places".* FROM "places" WHERE "places"."id" = $1 LIMIT 1[0m  [["id", 1123]]
  [1m[35mCACHE (0.0ms)[0m  SELECT "places".* FROM "places" WHERE "places"."id" = $1 LIMIT 1  [["id", 1122]]
  [1m[36mCACHE (0.0ms)[0m  [1mSELECT "places".* FROM "places" WHERE "places"."id" = 1121 LIMIT 1[0m
  [1m[35mCACHE (0.0ms)[0m  select * from routes where startplace_id = 1121
  [1m[36mCACHE (0.0ms)[0m  [1mselect * from routes where endplace_id = 1121[0m
  [1m[35mCACHE (0.0ms)[0m  SELECT "places".* FROM "places" WHERE "places"."id" = $1 LIMIT 1  [["id", 1121]]
  [1m[36mCACHE (0.0ms)[0m  [1mSELECT "places".* FROM "places" WHERE "places"."id" = $1 LIMIT 1[0m  [["id", 1122]]
  [1m[35mCACHE (0.0ms)[0m  SELECT "places".* FROM "places" WHERE "places"."id" = $1 LIMIT 1  [["id", 976]]
  [1m[36mCACHE (0.0ms)[0m  [1mSELECT "places".* FROM "places" WHERE "places"."id" = 1124 LIMIT 1[0m
  [1m[35mCACHE (0.0ms)[0m  select * from routes where startplace_id = 1124
  [1m[36mCACHE (0.0ms)[0m  [1mselect * from routes where endplace_id = 1124[0m
  [1m[35mCACHE (0.0ms)[0m  SELECT "places".* FROM "places" WHERE "places"."id" = $1 LIMIT 1  [["id", 1124]]
  [1m[36mCACHE (0.0ms)[0m  [1mSELECT "places".* FROM "places" WHERE "places"."id" = $1 LIMIT 1[0m  [["id", 1129]]
  [1m[35mCACHE (0.0ms)[0m  SELECT "places".* FROM "places" WHERE "places"."id" = $1 LIMIT 1  [["id", 1124]]
  [1m[36mCACHE (0.0ms)[0m  [1mSELECT "places".* FROM "places" WHERE "places"."id" = $1 LIMIT 1[0m  [["id", 974]]
  [1m[35mCACHE (0.0ms)[0m  SELECT "places".* FROM "places" WHERE "places"."id" = $1 LIMIT 1  [["id", 1123]]
  [1m[36mCACHE (0.0ms)[0m  [1mSELECT "places".* FROM "places" WHERE "places"."id" = 45 LIMIT 1[0m
  [1m[35mCACHE (0.0ms)[0m  select * from routes where startplace_id = 45
  [1m[36mCACHE (0.0ms)[0m  [1mselect * from routes where endplace_id = 45[0m
  [1m[35mCACHE (0.0ms)[0m  SELECT "places".* FROM "places" WHERE "places"."id" = $1 LIMIT 1  [["id", 45]]
  [1m[36mCACHE (0.0ms)[0m  [1mSELECT "places".* FROM "places" WHERE "places"."id" = $1 LIMIT 1[0m  [["id", 976]]
  [1m[35mCACHE (0.0ms)[0m  SELECT "places".* FROM "places" WHERE "places"."id" = $1 LIMIT 1  [["id", 650]]
  [1m[36mCACHE (0.0ms)[0m  [1mSELECT "places".* FROM "places" WHERE "places"."id" = 1131 LIMIT 1[0m
  [1m[35mCACHE (0.0ms)[0m  select * from routes where startplace_id = 1131
  [1m[36mCACHE (0.0ms)[0m  [1mselect * from routes where endplace_id = 1131[0m
  [1m[35mCACHE (0.0ms)[0m  SELECT "places".* FROM "places" WHERE "places"."id" = $1 LIMIT 1  [["id", 1131]]
  [1m[36mCACHE (0.0ms)[0m  [1mSELECT "places".* FROM "places" WHERE "places"."id" = $1 LIMIT 1[0m  [["id", 1132]]
  [1m[35mCACHE (0.0ms)[0m  SELECT "places".* FROM "places" WHERE "places"."id" = $1 LIMIT 1  [["id", 1133]]
  [1m[36mCACHE (0.0ms)[0m  [1mSELECT "places".* FROM "places" WHERE "places"."id" = 207 LIMIT 1[0m
  [1m[35mCACHE (0.0ms)[0m  select * from routes where startplace_id = 207
  [1m[36mCACHE (0.0ms)[0m  [1mselect * from routes where endplace_id = 207[0m
  [1m[35mCACHE (0.0ms)[0m  SELECT "places".* FROM "places" WHERE "places"."id" = $1 LIMIT 1  [["id", 207]]
  [1m[36mCACHE (0.0ms)[0m  [1mSELECT "places".* FROM "places" WHERE "places"."id" = $1 LIMIT 1[0m  [["id", 650]]
  [1m[35mCACHE (0.0ms)[0m  SELECT "places".* FROM "places" WHERE "places"."id" = $1 LIMIT 1  [["id", 207]]
  [1m[36mCACHE (0.0ms)[0m  [1mSELECT "places".* FROM "places" WHERE "places"."id" = $1 LIMIT 1[0m  [["id", 1133]]
  [1m[35mCACHE (0.0ms)[0m  SELECT "places".* FROM "places" WHERE "places"."id" = $1 LIMIT 1  [["id", 1129]]
  [1m[36mPlace Load (0.5ms)[0m  [1mSELECT "places".* FROM "places" WHERE "places"."id" = 1115 LIMIT 1[0m
  [1m[35mRoute Load (0.3ms)[0m  select * from routes where startplace_id = 1115
  [1m[36mRoute Load (0.3ms)[0m  [1mselect * from routes where endplace_id = 1115[0m
  [1m[35mCACHE (0.0ms)[0m  SELECT "places".* FROM "places" WHERE "places"."id" = $1 LIMIT 1  [["id", 1115]]
  [1m[36mPlace Load (0.2ms)[0m  [1mSELECT "places".* FROM "places" WHERE "places"."id" = $1 LIMIT 1[0m  [["id", 343]]
  [1m[35mCACHE (0.0ms)[0m  SELECT "places".* FROM "places" WHERE "places"."id" = $1 LIMIT 1  [["id", 397]]
  [1m[36mCACHE (0.0ms)[0m  [1mSELECT "places".* FROM "places" WHERE "places"."id" = 1122 LIMIT 1[0m
  [1m[35mCACHE (0.0ms)[0m  select * from routes where startplace_id = 1122
  [1m[36mCACHE (0.0ms)[0m  [1mselect * from routes where endplace_id = 1122[0m
  [1m[35mCACHE (0.0ms)[0m  SELECT "places".* FROM "places" WHERE "places"."id" = $1 LIMIT 1  [["id", 1122]]
  [1m[36mCACHE (0.0ms)[0m  [1mSELECT "places".* FROM "places" WHERE "places"."id" = $1 LIMIT 1[0m  [["id", 975]]
  [1m[35mCACHE (0.0ms)[0m  SELECT "places".* FROM "places" WHERE "places"."id" = $1 LIMIT 1  [["id", 1121]]
  [1m[36mCACHE (0.0ms)[0m  [1mSELECT "places".* FROM "places" WHERE "places"."id" = 1132 LIMIT 1[0m
  [1m[35mCACHE (0.0ms)[0m  select * from routes where startplace_id = 1132
  [1m[36mCACHE (0.0ms)[0m  [1mselect * from routes where endplace_id = 1132[0m
  [1m[35mCACHE (0.0ms)[0m  SELECT "places".* FROM "places" WHERE "places"."id" = $1 LIMIT 1  [["id", 1131]]
  [1m[36mCACHE (0.0ms)[0m  [1mSELECT "places".* FROM "places" WHERE "places"."id" = 650 LIMIT 1[0m
  [1m[35mCACHE (0.0ms)[0m  select * from routes where startplace_id = 650
  [1m[36mCACHE (0.0ms)[0m  [1mselect * from routes where endplace_id = 650[0m
  [1m[35mCACHE (0.0ms)[0m  SELECT "places".* FROM "places" WHERE "places"."id" = $1 LIMIT 1  [["id", 650]]
  [1m[36mCACHE (0.0ms)[0m  [1mSELECT "places".* FROM "places" WHERE "places"."id" = $1 LIMIT 1[0m  [["id", 45]]
  [1m[35mCACHE (0.0ms)[0m  SELECT "places".* FROM "places" WHERE "places"."id" = $1 LIMIT 1  [["id", 207]]
  [1m[36mCACHE (0.0ms)[0m  [1mSELECT "places".* FROM "places" WHERE "places"."id" = 1133 LIMIT 1[0m
  [1m[35mCACHE (0.0ms)[0m  select * from routes where startplace_id = 1133
  [1m[36mCACHE (0.0ms)[0m  [1mselect * from routes where endplace_id = 1133[0m
  [1m[35mCACHE (0.0ms)[0m  SELECT "places".* FROM "places" WHERE "places"."id" = $1 LIMIT 1  [["id", 1133]]
  [1m[36mCACHE (0.0ms)[0m  [1mSELECT "places".* FROM "places" WHERE "places"."id" = $1 LIMIT 1[0m  [["id", 1131]]
  [1m[35mCACHE (0.0ms)[0m  SELECT "places".* FROM "places" WHERE "places"."id" = $1 LIMIT 1  [["id", 207]]
  [1m[36mPlace Load (0.3ms)[0m  [1mSELECT "places".* FROM "places" WHERE "places"."id" = 343 LIMIT 1[0m
  [1m[35mRoute Load (0.3ms)[0m  select * from routes where startplace_id = 343
  [1m[36mRoute Load (0.3ms)[0m  [1mselect * from routes where endplace_id = 343[0m
  [1m[35mCACHE (0.0ms)[0m  SELECT "places".* FROM "places" WHERE "places"."id" = $1 LIMIT 1  [["id", 343]]
  [1m[36mPlace Load (0.2ms)[0m  [1mSELECT "places".* FROM "places" WHERE "places"."id" = $1 LIMIT 1[0m  [["id", 1114]]
  [1m[35mCACHE (0.0ms)[0m  SELECT "places".* FROM "places" WHERE "places"."id" = $1 LIMIT 1  [["id", 1115]]
BNewroutes
1125
{:place=>471, :route=>[-272, -239, -240, 227], :url=>"xrv226xrv227xrv-240xrv-239xrv-272"}
{:place=>976, :route=>[219, -22, -272, -239, -240, 227], :url=>"xrv226xrv227xrv-240xrv-239xrv-272xrv-22xrv219"}
{:place=>45, :route=>[231, 219, -22, -272, -239, -240, 227], :url=>"xrv226xrv227xrv-240xrv-239xrv-272xrv-22xrv219xrv231"}
{:place=>650, :route=>[233, 231, 219, -22, -272, -239, -240, 227], :url=>"xrv226xrv227xrv-240xrv-239xrv-272xrv-22xrv219xrv231xrv233"}
{:place=>207, :route=>[234, 233, 231, 219, -22, -272, -239, -240, 227], :url=>"xrv226xrv227xrv-240xrv-239xrv-272xrv-22xrv219xrv231xrv233xrv234"}
{:place=>258, :route=>[215, -216, -217, -218, -22, -272, -239, -240, 227], :url=>"xrv226xrv227xrv-240xrv-239xrv-272xrv-22xrv-218xrv-217xrv-216xrv215"}
{:place=>58, :route=>[-214, -216, -217, -218, -22, -272, -239, -240, 227], :url=>"xrv226xrv227xrv-240xrv-239xrv-272xrv-22xrv-218xrv-217xrv-216xrv-214"}
{:place=>271, :route=>[246, 245, 244, -217, -218, -22, -272, -239, -240, 227], :url=>"xrv226xrv227xrv-240xrv-239xrv-272xrv-22xrv-218xrv-217xrv244xrv245xrv246"}
{:place=>207, :route=>[-235, -238, -221, -21, -220, 219, -22, -272, -239, -240, 227], :url=>"xrv226xrv227xrv-240xrv-239xrv-272xrv-22xrv219xrv-220xrv-21xrv-221xrv-238xrv-235"}
{:place=>528, :route=>[212, -213, -214, -216, -217, -218, -22, -272, -239, -240, 227], :url=>"xrv226xrv227xrv-240xrv-239xrv-272xrv-22xrv-218xrv-217xrv-216xrv-214xrv-213xrv212"}
{:place=>827, :route=>[-211, -213, -214, -216, -217, -218, -22, -272, -239, -240, 227], :url=>"xrv226xrv227xrv-240xrv-239xrv-272xrv-22xrv-218xrv-217xrv-216xrv-214xrv-213xrv-211"}
{:place=>1132, :route=>[-241, -242, -243, 234, 233, 231, 219, -22, -272, -239, -240, 227], :url=>"xrv226xrv227xrv-240xrv-239xrv-272xrv-22xrv219xrv231xrv233xrv234xrv-243xrv-242xrv-241"}
{:place=>650, :route=>[-234, -235, -238, -221, -21, -220, 219, -22, -272, -239, -240, 227], :url=>"xrv226xrv227xrv-240xrv-239xrv-272xrv-22xrv219xrv-220xrv-21xrv-221xrv-238xrv-235xrv-234"}
{:place=>397, :route=>[-210, -211, -213, -214, -216, -217, -218, -22, -272, -239, -240, 227], :url=>"xrv226xrv227xrv-240xrv-239xrv-272xrv-22xrv-218xrv-217xrv-216xrv-214xrv-213xrv-211xrv-210"}
{:place=>1123, :route=>[223, 237, -238, -221, -21, -220, 219, -22, -272, -239, -240, 227], :url=>"xrv226xrv227xrv-240xrv-239xrv-272xrv-22xrv219xrv-220xrv-21xrv-221xrv-238xrv237xrv223"}
{:place=>45, :route=>[-233, -234, -235, -238, -221, -21, -220, 219, -22, -272, -239, -240, 227], :url=>"xrv226xrv227xrv-240xrv-239xrv-272xrv-22xrv219xrv-220xrv-21xrv-221xrv-238xrv-235xrv-234xrv-233"}
{:place=>207, :route=>[-235, -237, -223, -222, -221, -21, -220, 219, -22, -272, -239, -240, 227], :url=>"xrv226xrv227xrv-240xrv-239xrv-272xrv-22xrv219xrv-220xrv-21xrv-221xrv-222xrv-223xrv-237xrv-235"}
{:place=>1121, :route=>[21, 221, 238, 235, 234, 233, 231, 219, -22, -272, -239, -240, 227], :url=>"xrv226xrv227xrv-240xrv-239xrv-272xrv-22xrv219xrv231xrv233xrv234xrv235xrv238xrv221xrv21"}
{:place=>1124, :route=>[-223, -222, 238, 235, 234, 233, 231, 219, -22, -272, -239, -240, 227], :url=>"xrv226xrv227xrv-240xrv-239xrv-272xrv-22xrv219xrv231xrv233xrv234xrv235xrv238xrv-222xrv-223"}
{:place=>1132, :route=>[-241, -242, -243, -235, -238, -221, -21, -220, 219, -22, -272, -239, -240, 227], :url=>"xrv226xrv227xrv-240xrv-239xrv-272xrv-22xrv219xrv-220xrv-21xrv-221xrv-238xrv-235xrv-243xrv-242xrv-241"}
{:place=>650, :route=>[-234, -235, -237, -223, -222, -221, -21, -220, 219, -22, -272, -239, -240, 227], :url=>"xrv226xrv227xrv-240xrv-239xrv-272xrv-22xrv219xrv-220xrv-21xrv-221xrv-222xrv-223xrv-237xrv-235xrv-234"}
{:place=>343, :route=>[-208, -209, -210, -211, -213, -214, -216, -217, -218, -22, -272, -239, -240, 227], :url=>"xrv226xrv227xrv-240xrv-239xrv-272xrv-22xrv-218xrv-217xrv-216xrv-214xrv-213xrv-211xrv-210xrv-209xrv-208"}
{:place=>45, :route=>[-233, -234, -235, -237, -223, -222, -221, -21, -220, 219, -22, -272, -239, -240, 227], :url=>"xrv226xrv227xrv-240xrv-239xrv-272xrv-22xrv219xrv-220xrv-21xrv-221xrv-222xrv-223xrv-237xrv-235xrv-234xrv-233"}
{:place=>1114, :route=>[-207, -208, -209, -210, -211, -213, -214, -216, -217, -218, -22, -272, -239, -240, 227], :url=>"xrv226xrv227xrv-240xrv-239xrv-272xrv-22xrv-218xrv-217xrv-216xrv-214xrv-213xrv-211xrv-210xrv-209xrv-208xrv-207"}
  [1m[36mCACHE (0.0ms)[0m  [1mSELECT "places".* FROM "places" WHERE "places"."id" = 471 LIMIT 1[0m
  [1m[35m (1.6ms)[0m  SELECT COUNT(*) FROM "route_indices" WHERE (url = 'xrv226xrv227xrv-240xrv-239xrv-272')
  [1m[36mPlaceType Load (0.3ms)[0m  [1mselect * from place_types where name='Hut'[0m
  [1m[35mSQL (0.6ms)[0m  INSERT INTO "route_indices" ("created_at", "endplace_id", "isDest", "startplace_id", "updated_at", "url") VALUES ($1, $2, $3, $4, $5, $6) RETURNING "id"  [["created_at", Mon, 27 Oct 2014 10:08:19 NZDT +13:00], ["endplace_id", 471], ["isDest", true], ["startplace_id", 1125], ["updated_at", Mon, 27 Oct 2014 10:08:19 NZDT +13:00], ["url", "xrv226xrv227xrv-240xrv-239xrv-272"]]
  [1m[36mPlace Load (0.3ms)[0m  [1mSELECT "places".* FROM "places" WHERE "places"."id" = 976 LIMIT 1[0m
  [1m[35m (1.3ms)[0m  SELECT COUNT(*) FROM "route_indices" WHERE (url = 'xrv226xrv227xrv-240xrv-239xrv-272xrv-22xrv219')
  [1m[36mPlaceType Load (0.2ms)[0m  [1mselect * from place_types where name='Summit'[0m
  [1m[35mSQL (0.4ms)[0m  INSERT INTO "route_indices" ("created_at", "endplace_id", "isDest", "startplace_id", "updated_at", "url") VALUES ($1, $2, $3, $4, $5, $6) RETURNING "id"  [["created_at", Mon, 27 Oct 2014 10:08:19 NZDT +13:00], ["endplace_id", 976], ["isDest", true], ["startplace_id", 1125], ["updated_at", Mon, 27 Oct 2014 10:08:19 NZDT +13:00], ["url", "xrv226xrv227xrv-240xrv-239xrv-272xrv-22xrv219"]]
  [1m[36mPlace Load (0.3ms)[0m  [1mSELECT "places".* FROM "places" WHERE "places"."id" = 45 LIMIT 1[0m
  [1m[35m (1.3ms)[0m  SELECT COUNT(*) FROM "route_indices" WHERE (url = 'xrv226xrv227xrv-240xrv-239xrv-272xrv-22xrv219xrv231')
  [1m[36mPlaceType Load (0.2ms)[0m  [1mselect * from place_types where name='Hut'[0m
  [1m[35mSQL (0.4ms)[0m  INSERT INTO "route_indices" ("created_at", "endplace_id", "isDest", "startplace_id", "updated_at", "url") VALUES ($1, $2, $3, $4, $5, $6) RETURNING "id"  [["created_at", Mon, 27 Oct 2014 10:08:19 NZDT +13:00], ["endplace_id", 45], ["isDest", true], ["startplace_id", 1125], ["updated_at", Mon, 27 Oct 2014 10:08:19 NZDT +13:00], ["url", "xrv226xrv227xrv-240xrv-239xrv-272xrv-22xrv219xrv231"]]
  [1m[36mPlace Load (0.3ms)[0m  [1mSELECT "places".* FROM "places" WHERE "places"."id" = 650 LIMIT 1[0m
  [1m[35m (1.1ms)[0m  SELECT COUNT(*) FROM "route_indices" WHERE (url = 'xrv226xrv227xrv-240xrv-239xrv-272xrv-22xrv219xrv231xrv233')
  [1m[36mPlaceType Load (0.2ms)[0m  [1mselect * from place_types where name='Hut'[0m
  [1m[35mSQL (0.4ms)[0m  INSERT INTO "route_indices" ("created_at", "endplace_id", "isDest", "startplace_id", "updated_at", "url") VALUES ($1, $2, $3, $4, $5, $6) RETURNING "id"  [["created_at", Mon, 27 Oct 2014 10:08:19 NZDT +13:00], ["endplace_id", 650], ["isDest", true], ["startplace_id", 1125], ["updated_at", Mon, 27 Oct 2014 10:08:19 NZDT +13:00], ["url", "xrv226xrv227xrv-240xrv-239xrv-272xrv-22xrv219xrv231xrv233"]]
  [1m[36mPlace Load (0.3ms)[0m  [1mSELECT "places".* FROM "places" WHERE "places"."id" = 207 LIMIT 1[0m
  [1m[35m (1.1ms)[0m  SELECT COUNT(*) FROM "route_indices" WHERE (url = 'xrv226xrv227xrv-240xrv-239xrv-272xrv-22xrv219xrv231xrv233xrv234')
  [1m[36mPlaceType Load (0.2ms)[0m  [1mselect * from place_types where name='Hut'[0m
  [1m[35mSQL (0.4ms)[0m  INSERT INTO "route_indices" ("created_at", "endplace_id", "isDest", "startplace_id", "updated_at", "url") VALUES ($1, $2, $3, $4, $5, $6) RETURNING "id"  [["created_at", Mon, 27 Oct 2014 10:08:19 NZDT +13:00], ["endplace_id", 207], ["isDest", true], ["startplace_id", 1125], ["updated_at", Mon, 27 Oct 2014 10:08:19 NZDT +13:00], ["url", "xrv226xrv227xrv-240xrv-239xrv-272xrv-22xrv219xrv231xrv233xrv234"]]
  [1m[36mPlace Load (0.3ms)[0m  [1mSELECT "places".* FROM "places" WHERE "places"."id" = 258 LIMIT 1[0m
  [1m[35m (1.1ms)[0m  SELECT COUNT(*) FROM "route_indices" WHERE (url = 'xrv226xrv227xrv-240xrv-239xrv-272xrv-22xrv-218xrv-217xrv-216xrv215')
  [1m[36mPlaceType Load (0.2ms)[0m  [1mselect * from place_types where name='Hut'[0m
  [1m[35mSQL (0.4ms)[0m  INSERT INTO "route_indices" ("created_at", "endplace_id", "isDest", "startplace_id", "updated_at", "url") VALUES ($1, $2, $3, $4, $5, $6) RETURNING "id"  [["created_at", Mon, 27 Oct 2014 10:08:19 NZDT +13:00], ["endplace_id", 258], ["isDest", true], ["startplace_id", 1125], ["updated_at", Mon, 27 Oct 2014 10:08:19 NZDT +13:00], ["url", "xrv226xrv227xrv-240xrv-239xrv-272xrv-22xrv-218xrv-217xrv-216xrv215"]]
  [1m[36mPlace Load (0.3ms)[0m  [1mSELECT "places".* FROM "places" WHERE "places"."id" = 58 LIMIT 1[0m
  [1m[35m (1.1ms)[0m  SELECT COUNT(*) FROM "route_indices" WHERE (url = 'xrv226xrv227xrv-240xrv-239xrv-272xrv-22xrv-218xrv-217xrv-216xrv-214')
  [1m[36mPlaceType Load (0.2ms)[0m  [1mselect * from place_types where name='Hut'[0m
  [1m[35mSQL (0.4ms)[0m  INSERT INTO "route_indices" ("created_at", "endplace_id", "isDest", "startplace_id", "updated_at", "url") VALUES ($1, $2, $3, $4, $5, $6) RETURNING "id"  [["created_at", Mon, 27 Oct 2014 10:08:19 NZDT +13:00], ["endplace_id", 58], ["isDest", true], ["startplace_id", 1125], ["updated_at", Mon, 27 Oct 2014 10:08:19 NZDT +13:00], ["url", "xrv226xrv227xrv-240xrv-239xrv-272xrv-22xrv-218xrv-217xrv-216xrv-214"]]
  [1m[36mPlace Load (0.3ms)[0m  [1mSELECT "places".* FROM "places" WHERE "places"."id" = 271 LIMIT 1[0m
  [1m[35m (1.1ms)[0m  SELECT COUNT(*) FROM "route_indices" WHERE (url = 'xrv226xrv227xrv-240xrv-239xrv-272xrv-22xrv-218xrv-217xrv244xrv245xrv246')
  [1m[36mPlaceType Load (0.2ms)[0m  [1mselect * from place_types where name='Hut'[0m
  [1m[35mSQL (0.4ms)[0m  INSERT INTO "route_indices" ("created_at", "endplace_id", "isDest", "startplace_id", "updated_at", "url") VALUES ($1, $2, $3, $4, $5, $6) RETURNING "id"  [["created_at", Mon, 27 Oct 2014 10:08:19 NZDT +13:00], ["endplace_id", 271], ["isDest", true], ["startplace_id", 1125], ["updated_at", Mon, 27 Oct 2014 10:08:19 NZDT +13:00], ["url", "xrv226xrv227xrv-240xrv-239xrv-272xrv-22xrv-218xrv-217xrv244xrv245xrv246"]]
  [1m[36mPlace Load (0.3ms)[0m  [1mSELECT "places".* FROM "places" WHERE "places"."id" = 207 LIMIT 1[0m
  [1m[35m (1.2ms)[0m  SELECT COUNT(*) FROM "route_indices" WHERE (url = 'xrv226xrv227xrv-240xrv-239xrv-272xrv-22xrv219xrv-220xrv-21xrv-221xrv-238xrv-235')
  [1m[36mPlaceType Load (0.3ms)[0m  [1mselect * from place_types where name='Hut'[0m
  [1m[35mSQL (0.4ms)[0m  INSERT INTO "route_indices" ("created_at", "endplace_id", "isDest", "startplace_id", "updated_at", "url") VALUES ($1, $2, $3, $4, $5, $6) RETURNING "id"  [["created_at", Mon, 27 Oct 2014 10:08:19 NZDT +13:00], ["endplace_id", 207], ["isDest", true], ["startplace_id", 1125], ["updated_at", Mon, 27 Oct 2014 10:08:19 NZDT +13:00], ["url", "xrv226xrv227xrv-240xrv-239xrv-272xrv-22xrv219xrv-220xrv-21xrv-221xrv-238xrv-235"]]
  [1m[36mPlace Load (0.3ms)[0m  [1mSELECT "places".* FROM "places" WHERE "places"."id" = 528 LIMIT 1[0m
  [1m[35m (1.1ms)[0m  SELECT COUNT(*) FROM "route_indices" WHERE (url = 'xrv226xrv227xrv-240xrv-239xrv-272xrv-22xrv-218xrv-217xrv-216xrv-214xrv-213xrv212')
  [1m[36mPlaceType Load (0.3ms)[0m  [1mselect * from place_types where name='Hut'[0m
  [1m[35mSQL (0.4ms)[0m  INSERT INTO "route_indices" ("created_at", "endplace_id", "isDest", "startplace_id", "updated_at", "url") VALUES ($1, $2, $3, $4, $5, $6) RETURNING "id"  [["created_at", Mon, 27 Oct 2014 10:08:19 NZDT +13:00], ["endplace_id", 528], ["isDest", true], ["startplace_id", 1125], ["updated_at", Mon, 27 Oct 2014 10:08:19 NZDT +13:00], ["url", "xrv226xrv227xrv-240xrv-239xrv-272xrv-22xrv-218xrv-217xrv-216xrv-214xrv-213xrv212"]]
  [1m[36mPlace Load (0.3ms)[0m  [1mSELECT "places".* FROM "places" WHERE "places"."id" = 827 LIMIT 1[0m
  [1m[35m (1.1ms)[0m  SELECT COUNT(*) FROM "route_indices" WHERE (url = 'xrv226xrv227xrv-240xrv-239xrv-272xrv-22xrv-218xrv-217xrv-216xrv-214xrv-213xrv-211')
  [1m[36mPlaceType Load (0.2ms)[0m  [1mselect * from place_types where name='Hut'[0m
  [1m[35mSQL (0.4ms)[0m  INSERT INTO "route_indices" ("created_at", "endplace_id", "isDest", "startplace_id", "updated_at", "url") VALUES ($1, $2, $3, $4, $5, $6) RETURNING "id"  [["created_at", Mon, 27 Oct 2014 10:08:19 NZDT +13:00], ["endplace_id", 827], ["isDest", true], ["startplace_id", 1125], ["updated_at", Mon, 27 Oct 2014 10:08:19 NZDT +13:00], ["url", "xrv226xrv227xrv-240xrv-239xrv-272xrv-22xrv-218xrv-217xrv-216xrv-214xrv-213xrv-211"]]
  [1m[36mPlace Load (0.3ms)[0m  [1mSELECT "places".* FROM "places" WHERE "places"."id" = 1132 LIMIT 1[0m
  [1m[35m (1.1ms)[0m  SELECT COUNT(*) FROM "route_indices" WHERE (url = 'xrv226xrv227xrv-240xrv-239xrv-272xrv-22xrv219xrv231xrv233xrv234xrv-243xrv-242xrv-241')
  [1m[36mPlaceType Load (0.2ms)[0m  [1mselect * from place_types where name='Campsite'[0m
  [1m[35mSQL (0.4ms)[0m  INSERT INTO "route_indices" ("created_at", "endplace_id", "isDest", "startplace_id", "updated_at", "url") VALUES ($1, $2, $3, $4, $5, $6) RETURNING "id"  [["created_at", Mon, 27 Oct 2014 10:08:19 NZDT +13:00], ["endplace_id", 1132], ["isDest", true], ["startplace_id", 1125], ["updated_at", Mon, 27 Oct 2014 10:08:19 NZDT +13:00], ["url", "xrv226xrv227xrv-240xrv-239xrv-272xrv-22xrv219xrv231xrv233xrv234xrv-243xrv-242xrv-241"]]
  [1m[36mPlace Load (0.3ms)[0m  [1mSELECT "places".* FROM "places" WHERE "places"."id" = 650 LIMIT 1[0m
  [1m[35m (1.2ms)[0m  SELECT COUNT(*) FROM "route_indices" WHERE (url = 'xrv226xrv227xrv-240xrv-239xrv-272xrv-22xrv219xrv-220xrv-21xrv-221xrv-238xrv-235xrv-234')
  [1m[36mPlaceType Load (0.2ms)[0m  [1mselect * from place_types where name='Hut'[0m
  [1m[35mSQL (0.4ms)[0m  INSERT INTO "route_indices" ("created_at", "endplace_id", "isDest", "startplace_id", "updated_at", "url") VALUES ($1, $2, $3, $4, $5, $6) RETURNING "id"  [["created_at", Mon, 27 Oct 2014 10:08:19 NZDT +13:00], ["endplace_id", 650], ["isDest", true], ["startplace_id", 1125], ["updated_at", Mon, 27 Oct 2014 10:08:19 NZDT +13:00], ["url", "xrv226xrv227xrv-240xrv-239xrv-272xrv-22xrv219xrv-220xrv-21xrv-221xrv-238xrv-235xrv-234"]]
  [1m[36mPlace Load (0.3ms)[0m  [1mSELECT "places".* FROM "places" WHERE "places"."id" = 397 LIMIT 1[0m
  [1m[35m (1.1ms)[0m  SELECT COUNT(*) FROM "route_indices" WHERE (url = 'xrv226xrv227xrv-240xrv-239xrv-272xrv-22xrv-218xrv-217xrv-216xrv-214xrv-213xrv-211xrv-210')
  [1m[36mPlaceType Load (0.2ms)[0m  [1mselect * from place_types where name='Hut'[0m
  [1m[35mSQL (0.5ms)[0m  INSERT INTO "route_indices" ("created_at", "endplace_id", "isDest", "startplace_id", "updated_at", "url") VALUES ($1, $2, $3, $4, $5, $6) RETURNING "id"  [["created_at", Mon, 27 Oct 2014 10:08:19 NZDT +13:00], ["endplace_id", 397], ["isDest", true], ["startplace_id", 1125], ["updated_at", Mon, 27 Oct 2014 10:08:19 NZDT +13:00], ["url", "xrv226xrv227xrv-240xrv-239xrv-272xrv-22xrv-218xrv-217xrv-216xrv-214xrv-213xrv-211xrv-210"]]
  [1m[36mPlace Load (0.3ms)[0m  [1mSELECT "places".* FROM "places" WHERE "places"."id" = 1123 LIMIT 1[0m
  [1m[35m (1.1ms)[0m  SELECT COUNT(*) FROM "route_indices" WHERE (url = 'xrv226xrv227xrv-240xrv-239xrv-272xrv-22xrv219xrv-220xrv-21xrv-221xrv-238xrv237xrv223')
  [1m[36mPlaceType Load (0.2ms)[0m  [1mselect * from place_types where name='Junction'[0m
  [1m[35mSQL (0.4ms)[0m  INSERT INTO "route_indices" ("created_at", "endplace_id", "isDest", "startplace_id", "updated_at", "url") VALUES ($1, $2, $3, $4, $5, $6) RETURNING "id"  [["created_at", Mon, 27 Oct 2014 10:08:19 NZDT +13:00], ["endplace_id", 1123], ["isDest", false], ["startplace_id", 1125], ["updated_at", Mon, 27 Oct 2014 10:08:19 NZDT +13:00], ["url", "xrv226xrv227xrv-240xrv-239xrv-272xrv-22xrv219xrv-220xrv-21xrv-221xrv-238xrv237xrv223"]]
  [1m[36mPlace Load (0.3ms)[0m  [1mSELECT "places".* FROM "places" WHERE "places"."id" = 45 LIMIT 1[0m
  [1m[35m (1.1ms)[0m  SELECT COUNT(*) FROM "route_indices" WHERE (url = 'xrv226xrv227xrv-240xrv-239xrv-272xrv-22xrv219xrv-220xrv-21xrv-221xrv-238xrv-235xrv-234xrv-233')
  [1m[36mPlaceType Load (0.2ms)[0m  [1mselect * from place_types where name='Hut'[0m
  [1m[35mSQL (0.4ms)[0m  INSERT INTO "route_indices" ("created_at", "endplace_id", "isDest", "startplace_id", "updated_at", "url") VALUES ($1, $2, $3, $4, $5, $6) RETURNING "id"  [["created_at", Mon, 27 Oct 2014 10:08:19 NZDT +13:00], ["endplace_id", 45], ["isDest", true], ["startplace_id", 1125], ["updated_at", Mon, 27 Oct 2014 10:08:19 NZDT +13:00], ["url", "xrv226xrv227xrv-240xrv-239xrv-272xrv-22xrv219xrv-220xrv-21xrv-221xrv-238xrv-235xrv-234xrv-233"]]
  [1m[36mPlace Load (0.3ms)[0m  [1mSELECT "places".* FROM "places" WHERE "places"."id" = 207 LIMIT 1[0m
  [1m[35m (1.1ms)[0m  SELECT COUNT(*) FROM "route_indices" WHERE (url = 'xrv226xrv227xrv-240xrv-239xrv-272xrv-22xrv219xrv-220xrv-21xrv-221xrv-222xrv-223xrv-237xrv-235')
  [1m[36mPlaceType Load (0.2ms)[0m  [1mselect * from place_types where name='Hut'[0m
  [1m[35mSQL (0.4ms)[0m  INSERT INTO "route_indices" ("created_at", "endplace_id", "isDest", "startplace_id", "updated_at", "url") VALUES ($1, $2, $3, $4, $5, $6) RETURNING "id"  [["created_at", Mon, 27 Oct 2014 10:08:19 NZDT +13:00], ["endplace_id", 207], ["isDest", true], ["startplace_id", 1125], ["updated_at", Mon, 27 Oct 2014 10:08:19 NZDT +13:00], ["url", "xrv226xrv227xrv-240xrv-239xrv-272xrv-22xrv219xrv-220xrv-21xrv-221xrv-222xrv-223xrv-237xrv-235"]]
  [1m[36mPlace Load (0.3ms)[0m  [1mSELECT "places".* FROM "places" WHERE "places"."id" = 1121 LIMIT 1[0m
  [1m[35m (1.2ms)[0m  SELECT COUNT(*) FROM "route_indices" WHERE (url = 'xrv226xrv227xrv-240xrv-239xrv-272xrv-22xrv219xrv231xrv233xrv234xrv235xrv238xrv221xrv21')
  [1m[36mPlaceType Load (0.2ms)[0m  [1mselect * from place_types where name='Junction'[0m
  [1m[35mSQL (0.4ms)[0m  INSERT INTO "route_indices" ("created_at", "endplace_id", "isDest", "startplace_id", "updated_at", "url") VALUES ($1, $2, $3, $4, $5, $6) RETURNING "id"  [["created_at", Mon, 27 Oct 2014 10:08:19 NZDT +13:00], ["endplace_id", 1121], ["isDest", false], ["startplace_id", 1125], ["updated_at", Mon, 27 Oct 2014 10:08:19 NZDT +13:00], ["url", "xrv226xrv227xrv-240xrv-239xrv-272xrv-22xrv219xrv231xrv233xrv234xrv235xrv238xrv221xrv21"]]
  [1m[36mPlace Load (0.3ms)[0m  [1mSELECT "places".* FROM "places" WHERE "places"."id" = 1124 LIMIT 1[0m
  [1m[35m (1.1ms)[0m  SELECT COUNT(*) FROM "route_indices" WHERE (url = 'xrv226xrv227xrv-240xrv-239xrv-272xrv-22xrv219xrv231xrv233xrv234xrv235xrv238xrv-222xrv-223')
  [1m[36mPlaceType Load (0.2ms)[0m  [1mselect * from place_types where name='Junction'[0m
  [1m[35mSQL (0.4ms)[0m  INSERT INTO "route_indices" ("created_at", "endplace_id", "isDest", "startplace_id", "updated_at", "url") VALUES ($1, $2, $3, $4, $5, $6) RETURNING "id"  [["created_at", Mon, 27 Oct 2014 10:08:19 NZDT +13:00], ["endplace_id", 1124], ["isDest", false], ["startplace_id", 1125], ["updated_at", Mon, 27 Oct 2014 10:08:19 NZDT +13:00], ["url", "xrv226xrv227xrv-240xrv-239xrv-272xrv-22xrv219xrv231xrv233xrv234xrv235xrv238xrv-222xrv-223"]]
  [1m[36mPlace Load (0.3ms)[0m  [1mSELECT "places".* FROM "places" WHERE "places"."id" = 1132 LIMIT 1[0m
  [1m[35m (1.2ms)[0m  SELECT COUNT(*) FROM "route_indices" WHERE (url = 'xrv226xrv227xrv-240xrv-239xrv-272xrv-22xrv219xrv-220xrv-21xrv-221xrv-238xrv-235xrv-243xrv-242xrv-241')
  [1m[36mPlaceType Load (0.2ms)[0m  [1mselect * from place_types where name='Campsite'[0m
  [1m[35mSQL (0.4ms)[0m  INSERT INTO "route_indices" ("created_at", "endplace_id", "isDest", "startplace_id", "updated_at", "url") VALUES ($1, $2, $3, $4, $5, $6) RETURNING "id"  [["created_at", Mon, 27 Oct 2014 10:08:19 NZDT +13:00], ["endplace_id", 1132], ["isDest", true], ["startplace_id", 1125], ["updated_at", Mon, 27 Oct 2014 10:08:19 NZDT +13:00], ["url", "xrv226xrv227xrv-240xrv-239xrv-272xrv-22xrv219xrv-220xrv-21xrv-221xrv-238xrv-235xrv-243xrv-242xrv-241"]]
  [1m[36mPlace Load (0.3ms)[0m  [1mSELECT "places".* FROM "places" WHERE "places"."id" = 650 LIMIT 1[0m
  [1m[35m (1.2ms)[0m  SELECT COUNT(*) FROM "route_indices" WHERE (url = 'xrv226xrv227xrv-240xrv-239xrv-272xrv-22xrv219xrv-220xrv-21xrv-221xrv-222xrv-223xrv-237xrv-235xrv-234')
  [1m[36mPlaceType Load (0.2ms)[0m  [1mselect * from place_types where name='Hut'[0m
  [1m[35mSQL (0.4ms)[0m  INSERT INTO "route_indices" ("created_at", "endplace_id", "isDest", "startplace_id", "updated_at", "url") VALUES ($1, $2, $3, $4, $5, $6) RETURNING "id"  [["created_at", Mon, 27 Oct 2014 10:08:19 NZDT +13:00], ["endplace_id", 650], ["isDest", true], ["startplace_id", 1125], ["updated_at", Mon, 27 Oct 2014 10:08:19 NZDT +13:00], ["url", "xrv226xrv227xrv-240xrv-239xrv-272xrv-22xrv219xrv-220xrv-21xrv-221xrv-222xrv-223xrv-237xrv-235xrv-234"]]
  [1m[36mPlace Load (0.3ms)[0m  [1mSELECT "places".* FROM "places" WHERE "places"."id" = 343 LIMIT 1[0m
  [1m[35m (1.1ms)[0m  SELECT COUNT(*) FROM "route_indices" WHERE (url = 'xrv226xrv227xrv-240xrv-239xrv-272xrv-22xrv-218xrv-217xrv-216xrv-214xrv-213xrv-211xrv-210xrv-209xrv-208')
  [1m[36mPlaceType Load (0.2ms)[0m  [1mselect * from place_types where name='Hut'[0m
  [1m[35mSQL (0.4ms)[0m  INSERT INTO "route_indices" ("created_at", "endplace_id", "isDest", "startplace_id", "updated_at", "url") VALUES ($1, $2, $3, $4, $5, $6) RETURNING "id"  [["created_at", Mon, 27 Oct 2014 10:08:19 NZDT +13:00], ["endplace_id", 343], ["isDest", true], ["startplace_id", 1125], ["updated_at", Mon, 27 Oct 2014 10:08:19 NZDT +13:00], ["url", "xrv226xrv227xrv-240xrv-239xrv-272xrv-22xrv-218xrv-217xrv-216xrv-214xrv-213xrv-211xrv-210xrv-209xrv-208"]]
  [1m[36mPlace Load (0.3ms)[0m  [1mSELECT "places".* FROM "places" WHERE "places"."id" = 45 LIMIT 1[0m
  [1m[35m (1.7ms)[0m  SELECT COUNT(*) FROM "route_indices" WHERE (url = 'xrv226xrv227xrv-240xrv-239xrv-272xrv-22xrv219xrv-220xrv-21xrv-221xrv-222xrv-223xrv-237xrv-235xrv-234xrv-233')
  [1m[36mPlaceType Load (0.3ms)[0m  [1mselect * from place_types where name='Hut'[0m
  [1m[35mSQL (0.8ms)[0m  INSERT INTO "route_indices" ("created_at", "endplace_id", "isDest", "startplace_id", "updated_at", "url") VALUES ($1, $2, $3, $4, $5, $6) RETURNING "id"  [["created_at", Mon, 27 Oct 2014 10:08:19 NZDT +13:00], ["endplace_id", 45], ["isDest", true], ["startplace_id", 1125], ["updated_at", Mon, 27 Oct 2014 10:08:19 NZDT +13:00], ["url", "xrv226xrv227xrv-240xrv-239xrv-272xrv-22xrv219xrv-220xrv-21xrv-221xrv-222xrv-223xrv-237xrv-235xrv-234xrv-233"]]
  [1m[36mPlace Load (0.3ms)[0m  [1mSELECT "places".* FROM "places" WHERE "places"."id" = 1114 LIMIT 1[0m
  [1m[35m (1.2ms)[0m  SELECT COUNT(*) FROM "route_indices" WHERE (url = 'xrv226xrv227xrv-240xrv-239xrv-272xrv-22xrv-218xrv-217xrv-216xrv-214xrv-213xrv-211xrv-210xrv-209xrv-208xrv-207')
  [1m[36mPlaceType Load (0.2ms)[0m  [1mselect * from place_types where name='Hut'[0m
  [1m[35mSQL (0.4ms)[0m  INSERT INTO "route_indices" ("created_at", "endplace_id", "isDest", "startplace_id", "updated_at", "url") VALUES ($1, $2, $3, $4, $5, $6) RETURNING "id"  [["created_at", Mon, 27 Oct 2014 10:08:19 NZDT +13:00], ["endplace_id", 1114], ["isDest", true], ["startplace_id", 1125], ["updated_at", Mon, 27 Oct 2014 10:08:19 NZDT +13:00], ["url", "xrv226xrv227xrv-240xrv-239xrv-272xrv-22xrv-218xrv-217xrv-216xrv-214xrv-213xrv-211xrv-210xrv-209xrv-208xrv-207"]]
  [1m[36mPlace Load (0.3ms)[0m  [1mSELECT "places".* FROM "places" WHERE "places"."id" = 769 LIMIT 1[0m
  [1m[35mPlaceType Load (0.2ms)[0m  select name, "isDest" from place_types
  [1m[36mRoute Load (0.4ms)[0m  [1mSELECT "routes".* FROM "routes" WHERE "routes"."id" = 225 LIMIT 1[0m
  [1m[35mPlace Load (0.3ms)[0m  SELECT "places".* FROM "places" WHERE "places"."id" = $1 LIMIT 1  [["id", 1125]]
  [1m[36mPlace Load (0.2ms)[0m  [1mSELECT "places".* FROM "places" WHERE "places"."id" = $1 LIMIT 1[0m  [["id", 1123]]
  [1m[35mRoute Load (0.3ms)[0m  SELECT "routes".* FROM "routes" WHERE "routes"."id" = 223 LIMIT 1
  [1m[36mCACHE (0.0ms)[0m  [1mSELECT "places".* FROM "places" WHERE "places"."id" = $1 LIMIT 1[0m  [["id", 1123]]
  [1m[35mPlace Load (0.3ms)[0m  SELECT "places".* FROM "places" WHERE "places"."id" = $1 LIMIT 1  [["id", 1124]]
  [1m[36mRoute Load (0.3ms)[0m  [1mSELECT "routes".* FROM "routes" WHERE "routes"."id" = 224 LIMIT 1[0m
  [1m[35mCACHE (0.0ms)[0m  SELECT "places".* FROM "places" WHERE "places"."id" = $1 LIMIT 1  [["id", 1124]]
  [1m[36mPlace Load (0.3ms)[0m  [1mSELECT "places".* FROM "places" WHERE "places"."id" = $1 LIMIT 1[0m  [["id", 974]]
  [1m[35mRoute Load (0.3ms)[0m  SELECT "routes".* FROM "routes" WHERE "routes"."id" = 272 LIMIT 1
  [1m[36mCACHE (0.0ms)[0m  [1mSELECT "places".* FROM "places" WHERE "places"."id" = $1 LIMIT 1[0m  [["id", 974]]
  [1m[35mPlace Load (0.3ms)[0m  SELECT "places".* FROM "places" WHERE "places"."id" = $1 LIMIT 1  [["id", 471]]
  [1m[36mPlace Load (0.3ms)[0m  [1mSELECT "places".* FROM "places" WHERE "places"."id" = 471 LIMIT 1[0m
  [1m[35mCACHE (0.0ms)[0m  SELECT "places".* FROM "places" WHERE "places"."id" = 471 LIMIT 1
  [1m[36mRoute Load (0.3ms)[0m  [1mselect * from routes where startplace_id = 471[0m
  [1m[35mRoute Load (0.3ms)[0m  select * from routes where endplace_id = 471
  [1m[36mCACHE (0.0ms)[0m  [1mSELECT "places".* FROM "places" WHERE "places"."id" = $1 LIMIT 1[0m  [["id", 471]]
  [1m[35mPlace Load (0.3ms)[0m  SELECT "places".* FROM "places" WHERE "places"."id" = $1 LIMIT 1  [["id", 1119]]
  [1m[36mCACHE (0.0ms)[0m  [1mSELECT "places".* FROM "places" WHERE "places"."id" = $1 LIMIT 1[0m  [["id", 974]]
  [1m[35mPlace Load (0.3ms)[0m  SELECT "places".* FROM "places" WHERE "places"."id" = 1119 LIMIT 1
  [1m[36mRoute Load (0.4ms)[0m  [1mselect * from routes where startplace_id = 1119[0m
  [1m[35mRoute Load (0.3ms)[0m  select * from routes where endplace_id = 1119
  [1m[36mCACHE (0.0ms)[0m  [1mSELECT "places".* FROM "places" WHERE "places"."id" = $1 LIMIT 1[0m  [["id", 1119]]
  [1m[35mPlace Load (0.3ms)[0m  SELECT "places".* FROM "places" WHERE "places"."id" = $1 LIMIT 1  [["id", 1120]]
  [1m[36mPlace Load (0.3ms)[0m  [1mSELECT "places".* FROM "places" WHERE "places"."id" = $1 LIMIT 1[0m  [["id", 976]]
  [1m[35mCACHE (0.0ms)[0m  SELECT "places".* FROM "places" WHERE "places"."id" = $1 LIMIT 1  [["id", 471]]
  [1m[36mPlace Load (0.3ms)[0m  [1mSELECT "places".* FROM "places" WHERE "places"."id" = 976 LIMIT 1[0m
  [1m[35mRoute Load (0.3ms)[0m  select * from routes where startplace_id = 976
  [1m[36mRoute Load (0.3ms)[0m  [1mselect * from routes where endplace_id = 976[0m
  [1m[35mCACHE (0.0ms)[0m  SELECT "places".* FROM "places" WHERE "places"."id" = $1 LIMIT 1  [["id", 976]]
  [1m[36mPlace Load (0.2ms)[0m  [1mSELECT "places".* FROM "places" WHERE "places"."id" = $1 LIMIT 1[0m  [["id", 1121]]
  [1m[35mCACHE (0.0ms)[0m  SELECT "places".* FROM "places" WHERE "places"."id" = $1 LIMIT 1  [["id", 976]]
  [1m[36mCACHE (0.0ms)[0m  [1mSELECT "places".* FROM "places" WHERE "places"."id" = $1 LIMIT 1[0m  [["id", 1119]]
  [1m[35mPlace Load (0.3ms)[0m  SELECT "places".* FROM "places" WHERE "places"."id" = $1 LIMIT 1  [["id", 45]]
  [1m[36mPlace Load (0.3ms)[0m  [1mSELECT "places".* FROM "places" WHERE "places"."id" = 1120 LIMIT 1[0m
  [1m[35mRoute Load (0.3ms)[0m  select * from routes where startplace_id = 1120
  [1m[36mRoute Load (0.3ms)[0m  [1mselect * from routes where endplace_id = 1120[0m
  [1m[35mCACHE (0.0ms)[0m  SELECT "places".* FROM "places" WHERE "places"."id" = $1 LIMIT 1  [["id", 1120]]
  [1m[36mPlace Load (0.3ms)[0m  [1mSELECT "places".* FROM "places" WHERE "places"."id" = $1 LIMIT 1[0m  [["id", 1118]]
  [1m[35mCACHE (0.0ms)[0m  SELECT "places".* FROM "places" WHERE "places"."id" = $1 LIMIT 1  [["id", 1119]]
  [1m[36mPlace Load (0.3ms)[0m  [1mSELECT "places".* FROM "places" WHERE "places"."id" = 45 LIMIT 1[0m
  [1m[35mRoute Load (0.3ms)[0m  select * from routes where startplace_id = 45
  [1m[36mRoute Load (0.3ms)[0m  [1mselect * from routes where endplace_id = 45[0m
  [1m[35mCACHE (0.0ms)[0m  SELECT "places".* FROM "places" WHERE "places"."id" = $1 LIMIT 1  [["id", 45]]
  [1m[36mCACHE (0.0ms)[0m  [1mSELECT "places".* FROM "places" WHERE "places"."id" = $1 LIMIT 1[0m  [["id", 976]]
  [1m[35mPlace Load (0.3ms)[0m  SELECT "places".* FROM "places" WHERE "places"."id" = $1 LIMIT 1  [["id", 650]]
  [1m[36mPlace Load (0.3ms)[0m  [1mSELECT "places".* FROM "places" WHERE "places"."id" = 1121 LIMIT 1[0m
  [1m[35mRoute Load (0.3ms)[0m  select * from routes where startplace_id = 1121
  [1m[36mRoute Load (0.3ms)[0m  [1mselect * from routes where endplace_id = 1121[0m
  [1m[35mCACHE (0.0ms)[0m  SELECT "places".* FROM "places" WHERE "places"."id" = $1 LIMIT 1  [["id", 1121]]
  [1m[36mPlace Load (0.3ms)[0m  [1mSELECT "places".* FROM "places" WHERE "places"."id" = $1 LIMIT 1[0m  [["id", 1122]]
  [1m[35mCACHE (0.0ms)[0m  SELECT "places".* FROM "places" WHERE "places"."id" = $1 LIMIT 1  [["id", 976]]
  [1m[36mPlace Load (0.3ms)[0m  [1mSELECT "places".* FROM "places" WHERE "places"."id" = 1118 LIMIT 1[0m
  [1m[35mRoute Load (0.3ms)[0m  select * from routes where startplace_id = 1118
  [1m[36mRoute Load (0.3ms)[0m  [1mselect * from routes where endplace_id = 1118[0m
  [1m[35mCACHE (0.0ms)[0m  SELECT "places".* FROM "places" WHERE "places"."id" = $1 LIMIT 1  [["id", 1118]]
  [1m[36mPlace Load (0.3ms)[0m  [1mSELECT "places".* FROM "places" WHERE "places"."id" = $1 LIMIT 1[0m  [["id", 1117]]
  [1m[35mPlace Load (0.2ms)[0m  SELECT "places".* FROM "places" WHERE "places"."id" = $1 LIMIT 1  [["id", 1134]]
  [1m[36mCACHE (0.0ms)[0m  [1mSELECT "places".* FROM "places" WHERE "places"."id" = $1 LIMIT 1[0m  [["id", 1120]]
  [1m[35mPlace Load (0.3ms)[0m  SELECT "places".* FROM "places" WHERE "places"."id" = 650 LIMIT 1
  [1m[36mRoute Load (0.3ms)[0m  [1mselect * from routes where startplace_id = 650[0m
  [1m[35mRoute Load (0.3ms)[0m  select * from routes where endplace_id = 650
  [1m[36mCACHE (0.0ms)[0m  [1mSELECT "places".* FROM "places" WHERE "places"."id" = $1 LIMIT 1[0m  [["id", 650]]
  [1m[35mCACHE (0.0ms)[0m  SELECT "places".* FROM "places" WHERE "places"."id" = $1 LIMIT 1  [["id", 45]]
  [1m[36mPlace Load (0.2ms)[0m  [1mSELECT "places".* FROM "places" WHERE "places"."id" = $1 LIMIT 1[0m  [["id", 207]]
  [1m[35mPlace Load (0.3ms)[0m  SELECT "places".* FROM "places" WHERE "places"."id" = 1122 LIMIT 1
  [1m[36mRoute Load (0.3ms)[0m  [1mselect * from routes where startplace_id = 1122[0m
  [1m[35mRoute Load (0.3ms)[0m  select * from routes where endplace_id = 1122
  [1m[36mCACHE (0.0ms)[0m  [1mSELECT "places".* FROM "places" WHERE "places"."id" = $1 LIMIT 1[0m  [["id", 1122]]
  [1m[35mPlace Load (0.2ms)[0m  SELECT "places".* FROM "places" WHERE "places"."id" = $1 LIMIT 1  [["id", 975]]
  [1m[36mCACHE (0.0ms)[0m  [1mSELECT "places".* FROM "places" WHERE "places"."id" = $1 LIMIT 1[0m  [["id", 1121]]
  [1m[35mPlace Load (0.3ms)[0m  SELECT "places".* FROM "places" WHERE "places"."id" = 1134 LIMIT 1
  [1m[36mRoute Load (0.3ms)[0m  [1mselect * from routes where startplace_id = 1134[0m
  [1m[35mRoute Load (0.3ms)[0m  select * from routes where endplace_id = 1134
  [1m[36mCACHE (0.0ms)[0m  [1mSELECT "places".* FROM "places" WHERE "places"."id" = $1 LIMIT 1[0m  [["id", 1134]]
  [1m[35mCACHE (0.0ms)[0m  SELECT "places".* FROM "places" WHERE "places"."id" = $1 LIMIT 1  [["id", 1118]]
  [1m[36mPlace Load (0.2ms)[0m  [1mSELECT "places".* FROM "places" WHERE "places"."id" = $1 LIMIT 1[0m  [["id", 1135]]
  [1m[35mPlace Load (0.3ms)[0m  SELECT "places".* FROM "places" WHERE "places"."id" = 1117 LIMIT 1
  [1m[36mRoute Load (0.3ms)[0m  [1mselect * from routes where startplace_id = 1117[0m
  [1m[35mRoute Load (0.3ms)[0m  select * from routes where endplace_id = 1117
  [1m[36mCACHE (0.0ms)[0m  [1mSELECT "places".* FROM "places" WHERE "places"."id" = $1 LIMIT 1[0m  [["id", 1117]]
  [1m[35mPlace Load (0.2ms)[0m  SELECT "places".* FROM "places" WHERE "places"."id" = $1 LIMIT 1  [["id", 58]]
  [1m[36mCACHE (0.1ms)[0m  [1mSELECT "places".* FROM "places" WHERE "places"."id" = $1 LIMIT 1[0m  [["id", 1118]]
  [1m[35mPlace Load (0.2ms)[0m  SELECT "places".* FROM "places" WHERE "places"."id" = $1 LIMIT 1  [["id", 258]]
  [1m[36mPlace Load (0.3ms)[0m  [1mSELECT "places".* FROM "places" WHERE "places"."id" = 207 LIMIT 1[0m
  [1m[35mRoute Load (0.3ms)[0m  select * from routes where startplace_id = 207
  [1m[36mRoute Load (0.3ms)[0m  [1mselect * from routes where endplace_id = 207[0m
  [1m[35mCACHE (0.0ms)[0m  SELECT "places".* FROM "places" WHERE "places"."id" = $1 LIMIT 1  [["id", 207]]
  [1m[36mCACHE (0.0ms)[0m  [1mSELECT "places".* FROM "places" WHERE "places"."id" = $1 LIMIT 1[0m  [["id", 650]]
  [1m[35mCACHE (0.1ms)[0m  SELECT "places".* FROM "places" WHERE "places"."id" = $1 LIMIT 1  [["id", 207]]
  [1m[36mPlace Load (0.3ms)[0m  [1mSELECT "places".* FROM "places" WHERE "places"."id" = $1 LIMIT 1[0m  [["id", 1133]]
  [1m[35mPlace Load (0.2ms)[0m  SELECT "places".* FROM "places" WHERE "places"."id" = $1 LIMIT 1  [["id", 1129]]
  [1m[36mPlace Load (0.3ms)[0m  [1mSELECT "places".* FROM "places" WHERE "places"."id" = 975 LIMIT 1[0m
  [1m[35mRoute Load (0.3ms)[0m  select * from routes where startplace_id = 975
  [1m[36mRoute Load (0.3ms)[0m  [1mselect * from routes where endplace_id = 975[0m
  [1m[35mCACHE (0.0ms)[0m  SELECT "places".* FROM "places" WHERE "places"."id" = $1 LIMIT 1  [["id", 975]]
  [1m[36mCACHE (0.0ms)[0m  [1mSELECT "places".* FROM "places" WHERE "places"."id" = $1 LIMIT 1[0m  [["id", 1129]]
  [1m[35mCACHE (0.0ms)[0m  SELECT "places".* FROM "places" WHERE "places"."id" = $1 LIMIT 1  [["id", 975]]
  [1m[36mCACHE (0.0ms)[0m  [1mSELECT "places".* FROM "places" WHERE "places"."id" = $1 LIMIT 1[0m  [["id", 1123]]
  [1m[35mCACHE (0.0ms)[0m  SELECT "places".* FROM "places" WHERE "places"."id" = $1 LIMIT 1  [["id", 1122]]
  [1m[36mPlace Load (0.3ms)[0m  [1mSELECT "places".* FROM "places" WHERE "places"."id" = 1135 LIMIT 1[0m
  [1m[35mRoute Load (0.3ms)[0m  select * from routes where startplace_id = 1135
  [1m[36mRoute Load (0.3ms)[0m  [1mselect * from routes where endplace_id = 1135[0m
  [1m[35mCACHE (0.0ms)[0m  SELECT "places".* FROM "places" WHERE "places"."id" = $1 LIMIT 1  [["id", 1135]]
  [1m[36mCACHE (0.0ms)[0m  [1mSELECT "places".* FROM "places" WHERE "places"."id" = $1 LIMIT 1[0m  [["id", 1134]]
  [1m[35mPlace Load (0.2ms)[0m  SELECT "places".* FROM "places" WHERE "places"."id" = $1 LIMIT 1  [["id", 271]]
  [1m[36mPlace Load (0.3ms)[0m  [1mSELECT "places".* FROM "places" WHERE "places"."id" = 258 LIMIT 1[0m
  [1m[35mRoute Load (0.2ms)[0m  select * from routes where startplace_id = 258
  [1m[36mRoute Load (0.3ms)[0m  [1mselect * from routes where endplace_id = 258[0m
  [1m[35mCACHE (0.0ms)[0m  SELECT "places".* FROM "places" WHERE "places"."id" = $1 LIMIT 1  [["id", 258]]
  [1m[36mCACHE (0.0ms)[0m  [1mSELECT "places".* FROM "places" WHERE "places"."id" = $1 LIMIT 1[0m  [["id", 1117]]
  [1m[35mPlace Load (0.3ms)[0m  SELECT "places".* FROM "places" WHERE "places"."id" = 58 LIMIT 1
  [1m[36mRoute Load (0.3ms)[0m  [1mselect * from routes where startplace_id = 58[0m
  [1m[35mRoute Load (0.3ms)[0m  select * from routes where endplace_id = 58
  [1m[36mCACHE (0.0ms)[0m  [1mSELECT "places".* FROM "places" WHERE "places"."id" = $1 LIMIT 1[0m  [["id", 58]]
  [1m[35mPlace Load (0.2ms)[0m  SELECT "places".* FROM "places" WHERE "places"."id" = $1 LIMIT 1  [["id", 1116]]
  [1m[36mCACHE (0.0ms)[0m  [1mSELECT "places".* FROM "places" WHERE "places"."id" = $1 LIMIT 1[0m  [["id", 1117]]
  [1m[35mPlace Load (0.3ms)[0m  SELECT "places".* FROM "places" WHERE "places"."id" = 1129 LIMIT 1
  [1m[36mRoute Load (0.3ms)[0m  [1mselect * from routes where startplace_id = 1129[0m
  [1m[35mRoute Load (0.3ms)[0m  select * from routes where endplace_id = 1129
  [1m[36mCACHE (0.0ms)[0m  [1mSELECT "places".* FROM "places" WHERE "places"."id" = $1 LIMIT 1[0m  [["id", 1129]]
  [1m[35mCACHE (0.0ms)[0m  SELECT "places".* FROM "places" WHERE "places"."id" = $1 LIMIT 1  [["id", 207]]
  [1m[36mCACHE (0.0ms)[0m  [1mSELECT "places".* FROM "places" WHERE "places"."id" = $1 LIMIT 1[0m  [["id", 1124]]
  [1m[35mCACHE (0.0ms)[0m  SELECT "places".* FROM "places" WHERE "places"."id" = $1 LIMIT 1  [["id", 975]]
  [1m[36mPlace Load (0.3ms)[0m  [1mSELECT "places".* FROM "places" WHERE "places"."id" = 1133 LIMIT 1[0m
  [1m[35mRoute Load (0.3ms)[0m  select * from routes where startplace_id = 1133
  [1m[36mRoute Load (0.3ms)[0m  [1mselect * from routes where endplace_id = 1133[0m
  [1m[35mCACHE (0.0ms)[0m  SELECT "places".* FROM "places" WHERE "places"."id" = $1 LIMIT 1  [["id", 1133]]
  [1m[36mPlace Load (0.2ms)[0m  [1mSELECT "places".* FROM "places" WHERE "places"."id" = $1 LIMIT 1[0m  [["id", 1131]]
  [1m[35mCACHE (0.0ms)[0m  SELECT "places".* FROM "places" WHERE "places"."id" = $1 LIMIT 1  [["id", 207]]
  [1m[36mCACHE (0.0ms)[0m  [1mSELECT "places".* FROM "places" WHERE "places"."id" = 1129 LIMIT 1[0m
  [1m[35mCACHE (0.0ms)[0m  select * from routes where startplace_id = 1129
  [1m[36mCACHE (0.0ms)[0m  [1mselect * from routes where endplace_id = 1129[0m
  [1m[35mCACHE (0.0ms)[0m  SELECT "places".* FROM "places" WHERE "places"."id" = $1 LIMIT 1  [["id", 1129]]
  [1m[36mCACHE (0.0ms)[0m  [1mSELECT "places".* FROM "places" WHERE "places"."id" = $1 LIMIT 1[0m  [["id", 207]]
  [1m[35mCACHE (0.0ms)[0m  SELECT "places".* FROM "places" WHERE "places"."id" = $1 LIMIT 1  [["id", 1124]]
  [1m[36mCACHE (0.0ms)[0m  [1mSELECT "places".* FROM "places" WHERE "places"."id" = $1 LIMIT 1[0m  [["id", 975]]
  [1m[35mPlace Load (0.3ms)[0m  SELECT "places".* FROM "places" WHERE "places"."id" = 271 LIMIT 1
  [1m[36mRoute Load (51.0ms)[0m  [1mselect * from routes where startplace_id = 271[0m
  [1m[35mRoute Load (4.4ms)[0m  select * from routes where endplace_id = 271
  [1m[36mCACHE (0.0ms)[0m  [1mSELECT "places".* FROM "places" WHERE "places"."id" = $1 LIMIT 1[0m  [["id", 271]]
  [1m[35mCACHE (0.0ms)[0m  SELECT "places".* FROM "places" WHERE "places"."id" = $1 LIMIT 1  [["id", 1135]]
  [1m[36mPlace Load (0.4ms)[0m  [1mSELECT "places".* FROM "places" WHERE "places"."id" = 1116 LIMIT 1[0m
  [1m[35mRoute Load (0.4ms)[0m  select * from routes where startplace_id = 1116
  [1m[36mRoute Load (0.3ms)[0m  [1mselect * from routes where endplace_id = 1116[0m
  [1m[35mCACHE (0.0ms)[0m  SELECT "places".* FROM "places" WHERE "places"."id" = $1 LIMIT 1  [["id", 1116]]
  [1m[36mPlace Load (0.3ms)[0m  [1mSELECT "places".* FROM "places" WHERE "places"."id" = $1 LIMIT 1[0m  [["id", 827]]
  [1m[35mPlace Load (0.2ms)[0m  SELECT "places".* FROM "places" WHERE "places"."id" = $1 LIMIT 1  [["id", 528]]
  [1m[36mCACHE (0.0ms)[0m  [1mSELECT "places".* FROM "places" WHERE "places"."id" = $1 LIMIT 1[0m  [["id", 58]]
  [1m[35mCACHE (0.0ms)[0m  SELECT "places".* FROM "places" WHERE "places"."id" = 975 LIMIT 1
  [1m[36mCACHE (0.0ms)[0m  [1mselect * from routes where startplace_id = 975[0m
  [1m[35mCACHE (0.0ms)[0m  select * from routes where endplace_id = 975
  [1m[36mCACHE (0.0ms)[0m  [1mSELECT "places".* FROM "places" WHERE "places"."id" = $1 LIMIT 1[0m  [["id", 975]]
  [1m[35mCACHE (0.0ms)[0m  SELECT "places".* FROM "places" WHERE "places"."id" = $1 LIMIT 1  [["id", 1129]]
  [1m[36mCACHE (0.0ms)[0m  [1mSELECT "places".* FROM "places" WHERE "places"."id" = $1 LIMIT 1[0m  [["id", 975]]
  [1m[35mCACHE (0.0ms)[0m  SELECT "places".* FROM "places" WHERE "places"."id" = $1 LIMIT 1  [["id", 1123]]
  [1m[36mCACHE (0.0ms)[0m  [1mSELECT "places".* FROM "places" WHERE "places"."id" = $1 LIMIT 1[0m  [["id", 1122]]
  [1m[35mPlace Load (0.3ms)[0m  SELECT "places".* FROM "places" WHERE "places"."id" = 1131 LIMIT 1
  [1m[36mRoute Load (0.3ms)[0m  [1mselect * from routes where startplace_id = 1131[0m
  [1m[35mRoute Load (0.3ms)[0m  select * from routes where endplace_id = 1131
  [1m[36mCACHE (0.0ms)[0m  [1mSELECT "places".* FROM "places" WHERE "places"."id" = $1 LIMIT 1[0m  [["id", 1131]]
  [1m[35mPlace Load (0.2ms)[0m  SELECT "places".* FROM "places" WHERE "places"."id" = $1 LIMIT 1  [["id", 1132]]
  [1m[36mCACHE (0.0ms)[0m  [1mSELECT "places".* FROM "places" WHERE "places"."id" = $1 LIMIT 1[0m  [["id", 1133]]
  [1m[35mCACHE (0.0ms)[0m  SELECT "places".* FROM "places" WHERE "places"."id" = 207 LIMIT 1
  [1m[36mCACHE (0.0ms)[0m  [1mselect * from routes where startplace_id = 207[0m
  [1m[35mCACHE (0.0ms)[0m  select * from routes where endplace_id = 207
  [1m[36mCACHE (0.0ms)[0m  [1mSELECT "places".* FROM "places" WHERE "places"."id" = $1 LIMIT 1[0m  [["id", 207]]
  [1m[35mCACHE (0.0ms)[0m  SELECT "places".* FROM "places" WHERE "places"."id" = $1 LIMIT 1  [["id", 650]]
  [1m[36mCACHE (0.0ms)[0m  [1mSELECT "places".* FROM "places" WHERE "places"."id" = $1 LIMIT 1[0m  [["id", 207]]
  [1m[35mCACHE (0.0ms)[0m  SELECT "places".* FROM "places" WHERE "places"."id" = $1 LIMIT 1  [["id", 1133]]
  [1m[36mCACHE (0.0ms)[0m  [1mSELECT "places".* FROM "places" WHERE "places"."id" = $1 LIMIT 1[0m  [["id", 1129]]
  [1m[35mPlace Load (0.3ms)[0m  SELECT "places".* FROM "places" WHERE "places"."id" = 528 LIMIT 1
  [1m[36mRoute Load (0.3ms)[0m  [1mselect * from routes where startplace_id = 528[0m
  [1m[35mRoute Load (0.3ms)[0m  select * from routes where endplace_id = 528
  [1m[36mCACHE (0.0ms)[0m  [1mSELECT "places".* FROM "places" WHERE "places"."id" = $1 LIMIT 1[0m  [["id", 528]]
  [1m[35mCACHE (0.0ms)[0m  SELECT "places".* FROM "places" WHERE "places"."id" = $1 LIMIT 1  [["id", 1116]]
  [1m[36mPlace Load (0.3ms)[0m  [1mSELECT "places".* FROM "places" WHERE "places"."id" = 827 LIMIT 1[0m
  [1m[35mRoute Load (0.3ms)[0m  select * from routes where startplace_id = 827
  [1m[36mRoute Load (0.3ms)[0m  [1mselect * from routes where endplace_id = 827[0m
  [1m[35mCACHE (0.0ms)[0m  SELECT "places".* FROM "places" WHERE "places"."id" = $1 LIMIT 1  [["id", 827]]
  [1m[36mPlace Load (0.2ms)[0m  [1mSELECT "places".* FROM "places" WHERE "places"."id" = $1 LIMIT 1[0m  [["id", 397]]
  [1m[35mCACHE (0.0ms)[0m  SELECT "places".* FROM "places" WHERE "places"."id" = $1 LIMIT 1  [["id", 1116]]
  [1m[36mCACHE (0.0ms)[0m  [1mSELECT "places".* FROM "places" WHERE "places"."id" = 1122 LIMIT 1[0m
  [1m[35mCACHE (0.0ms)[0m  select * from routes where startplace_id = 1122
  [1m[36mCACHE (0.0ms)[0m  [1mselect * from routes where endplace_id = 1122[0m
  [1m[35mCACHE (0.0ms)[0m  SELECT "places".* FROM "places" WHERE "places"."id" = $1 LIMIT 1  [["id", 1122]]
  [1m[36mCACHE (0.0ms)[0m  [1mSELECT "places".* FROM "places" WHERE "places"."id" = $1 LIMIT 1[0m  [["id", 975]]
  [1m[35mCACHE (0.0ms)[0m  SELECT "places".* FROM "places" WHERE "places"."id" = $1 LIMIT 1  [["id", 1121]]
  [1m[36mPlace Load (0.3ms)[0m  [1mSELECT "places".* FROM "places" WHERE "places"."id" = 1132 LIMIT 1[0m
  [1m[35mRoute Load (0.3ms)[0m  select * from routes where startplace_id = 1132
  [1m[36mRoute Load (0.2ms)[0m  [1mselect * from routes where endplace_id = 1132[0m
  [1m[35mCACHE (0.0ms)[0m  SELECT "places".* FROM "places" WHERE "places"."id" = $1 LIMIT 1  [["id", 1131]]
  [1m[36mCACHE (0.0ms)[0m  [1mSELECT "places".* FROM "places" WHERE "places"."id" = 650 LIMIT 1[0m
  [1m[35mCACHE (0.0ms)[0m  select * from routes where startplace_id = 650
  [1m[36mCACHE (0.0ms)[0m  [1mselect * from routes where endplace_id = 650[0m
  [1m[35mCACHE (0.0ms)[0m  SELECT "places".* FROM "places" WHERE "places"."id" = $1 LIMIT 1  [["id", 650]]
  [1m[36mCACHE (0.0ms)[0m  [1mSELECT "places".* FROM "places" WHERE "places"."id" = $1 LIMIT 1[0m  [["id", 45]]
  [1m[35mCACHE (0.0ms)[0m  SELECT "places".* FROM "places" WHERE "places"."id" = $1 LIMIT 1  [["id", 207]]
  [1m[36mCACHE (0.0ms)[0m  [1mSELECT "places".* FROM "places" WHERE "places"."id" = 1133 LIMIT 1[0m
  [1m[35mCACHE (0.0ms)[0m  select * from routes where startplace_id = 1133
  [1m[36mCACHE (0.0ms)[0m  [1mselect * from routes where endplace_id = 1133[0m
  [1m[35mCACHE (0.0ms)[0m  SELECT "places".* FROM "places" WHERE "places"."id" = $1 LIMIT 1  [["id", 1133]]
  [1m[36mCACHE (0.0ms)[0m  [1mSELECT "places".* FROM "places" WHERE "places"."id" = $1 LIMIT 1[0m  [["id", 1131]]
  [1m[35mCACHE (0.0ms)[0m  SELECT "places".* FROM "places" WHERE "places"."id" = $1 LIMIT 1  [["id", 207]]
  [1m[36mPlace Load (0.3ms)[0m  [1mSELECT "places".* FROM "places" WHERE "places"."id" = 397 LIMIT 1[0m
  [1m[35mRoute Load (0.3ms)[0m  select * from routes where startplace_id = 397
  [1m[36mRoute Load (0.3ms)[0m  [1mselect * from routes where endplace_id = 397[0m
  [1m[35mCACHE (0.0ms)[0m  SELECT "places".* FROM "places" WHERE "places"."id" = $1 LIMIT 1  [["id", 397]]
  [1m[36mPlace Load (0.2ms)[0m  [1mSELECT "places".* FROM "places" WHERE "places"."id" = $1 LIMIT 1[0m  [["id", 1115]]
  [1m[35mCACHE (0.0ms)[0m  SELECT "places".* FROM "places" WHERE "places"."id" = $1 LIMIT 1  [["id", 827]]
  [1m[36mCACHE (0.0ms)[0m  [1mSELECT "places".* FROM "places" WHERE "places"."id" = 1121 LIMIT 1[0m
  [1m[35mCACHE (0.0ms)[0m  select * from routes where startplace_id = 1121
  [1m[36mCACHE (0.0ms)[0m  [1mselect * from routes where endplace_id = 1121[0m
  [1m[35mCACHE (0.0ms)[0m  SELECT "places".* FROM "places" WHERE "places"."id" = $1 LIMIT 1  [["id", 1121]]
  [1m[36mCACHE (0.0ms)[0m  [1mSELECT "places".* FROM "places" WHERE "places"."id" = $1 LIMIT 1[0m  [["id", 1122]]
  [1m[35mCACHE (0.0ms)[0m  SELECT "places".* FROM "places" WHERE "places"."id" = $1 LIMIT 1  [["id", 976]]
  [1m[36mCACHE (0.0ms)[0m  [1mSELECT "places".* FROM "places" WHERE "places"."id" = 45 LIMIT 1[0m
  [1m[35mCACHE (0.0ms)[0m  select * from routes where startplace_id = 45
  [1m[36mCACHE (0.0ms)[0m  [1mselect * from routes where endplace_id = 45[0m
  [1m[35mCACHE (0.0ms)[0m  SELECT "places".* FROM "places" WHERE "places"."id" = $1 LIMIT 1  [["id", 45]]
  [1m[36mCACHE (0.0ms)[0m  [1mSELECT "places".* FROM "places" WHERE "places"."id" = $1 LIMIT 1[0m  [["id", 976]]
  [1m[35mCACHE (0.0ms)[0m  SELECT "places".* FROM "places" WHERE "places"."id" = $1 LIMIT 1  [["id", 650]]
  [1m[36mCACHE (0.0ms)[0m  [1mSELECT "places".* FROM "places" WHERE "places"."id" = 1131 LIMIT 1[0m
  [1m[35mCACHE (0.0ms)[0m  select * from routes where startplace_id = 1131
  [1m[36mCACHE (0.0ms)[0m  [1mselect * from routes where endplace_id = 1131[0m
  [1m[35mCACHE (0.0ms)[0m  SELECT "places".* FROM "places" WHERE "places"."id" = $1 LIMIT 1  [["id", 1131]]
  [1m[36mCACHE (0.0ms)[0m  [1mSELECT "places".* FROM "places" WHERE "places"."id" = $1 LIMIT 1[0m  [["id", 1132]]
  [1m[35mCACHE (0.0ms)[0m  SELECT "places".* FROM "places" WHERE "places"."id" = $1 LIMIT 1  [["id", 1133]]
